Command line invocation:
    /Applications/Xcode.app/Contents/Developer/usr/bin/xcodebuild -project PlanItApp.xcodeproj -scheme PlanItApp -destination "platform=iOS Simulator,name=iPhone 16,OS=18.5" clean build

Resolve Package Graph


Resolved source packages:
  InteropForGoogle: https://github.com/google/interop-ios-for-google-sdks.git @ 101.0.0
  GoogleSignIn: https://github.com/google/GoogleSignIn-iOS @ 8.0.0
  GoogleDataTransport: https://github.com/google/GoogleDataTransport.git @ 10.1.0
  nanopb: https://github.com/firebase/nanopb.git @ 2.30910.0
  GTMAppAuth: https://github.com/google/GTMAppAuth.git @ 4.1.1
  leveldb: https://github.com/firebase/leveldb.git @ 1.22.5
  AppCheck: https://github.com/google/app-check.git @ 11.2.0
  GoogleAdsOnDeviceConversion: https://github.com/googleads/google-ads-on-device-conversion-ios-sdk @ 2.1.0
  abseil: https://github.com/google/abseil-cpp-binary.git @ 1.2024072200.0
  AppAuth: https://github.com/openid/AppAuth-iOS.git @ 1.7.6
  GoogleUtilities: https://github.com/google/GoogleUtilities.git @ 8.1.0
  GoogleAppMeasurement: https://github.com/google/GoogleAppMeasurement.git @ 11.15.0
  GTMSessionFetcher: https://github.com/google/gtm-session-fetcher.git @ 3.5.0
  Firebase: https://github.com/firebase/firebase-ios-sdk.git @ 11.15.0
  gRPC: https://github.com/google/grpc-binary.git @ 1.69.0
  Promises: https://github.com/google/promises.git @ 2.4.0
  SwiftProtobuf: https://github.com/apple/swift-protobuf.git @ 1.30.0

--- xcodebuild: WARNING: Using the first of multiple matching destinations:
{ platform:iOS Simulator, arch:arm64, id:93DA626F-6DE1-4FF8-A4F3-64799BBCF675, OS:18.5, name:iPhone 16 }
{ platform:iOS Simulator, arch:x86_64, id:93DA626F-6DE1-4FF8-A4F3-64799BBCF675, OS:18.5, name:iPhone 16 }
ComputePackagePrebuildTargetDependencyGraph

CreateBuildRequest

SendProjectDescription

CreateBuildOperation

** CLEAN SUCCEEDED **

--- xcodebuild: WARNING: Using the first of multiple matching destinations:
{ platform:iOS Simulator, arch:arm64, id:93DA626F-6DE1-4FF8-A4F3-64799BBCF675, OS:18.5, name:iPhone 16 }
{ platform:iOS Simulator, arch:x86_64, id:93DA626F-6DE1-4FF8-A4F3-64799BBCF675, OS:18.5, name:iPhone 16 }
ComputePackagePrebuildTargetDependencyGraph

Prepare packages

CreateBuildRequest

SendProjectDescription

CreateBuildOperation

ComputeTargetDependencyGraph
note: Building targets in dependency order
note: Target dependency graph (78 targets)
    Target 'PlanItApp' in project 'PlanItApp'
        ➜ Explicit dependency on target 'FirebaseAuth' in project 'Firebase'
        ➜ Explicit dependency on target 'FirebaseFirestore' in project 'Firebase'
        ➜ Explicit dependency on target 'GoogleSignIn' in project 'GoogleSignIn'
    Target 'GoogleSignIn' in project 'GoogleSignIn'
        ➜ Explicit dependency on target 'GoogleSignIn' in project 'GoogleSignIn'
        ➜ Explicit dependency on target 'GoogleSignIn_GoogleSignIn' in project 'GoogleSignIn'
        ➜ Explicit dependency on target 'AppAuth' in project 'AppAuth'
        ➜ Explicit dependency on target 'AppCheckCore' in project 'AppCheck'
        ➜ Explicit dependency on target 'GTMAppAuth' in project 'GTMAppAuth'
        ➜ Explicit dependency on target 'GTMSessionFetcherCore' in project 'GTMSessionFetcher'
    Target 'GoogleSignIn' in project 'GoogleSignIn'
        ➜ Explicit dependency on target 'GoogleSignIn_GoogleSignIn' in project 'GoogleSignIn'
        ➜ Explicit dependency on target 'AppAuth' in project 'AppAuth'
        ➜ Explicit dependency on target 'AppCheckCore' in project 'AppCheck'
        ➜ Explicit dependency on target 'GTMAppAuth' in project 'GTMAppAuth'
        ➜ Explicit dependency on target 'GTMSessionFetcherCore' in project 'GTMSessionFetcher'
    Target 'GTMAppAuth' in project 'GTMAppAuth'
        ➜ Explicit dependency on target 'GTMAppAuth' in project 'GTMAppAuth'
        ➜ Explicit dependency on target 'GTMAppAuth_GTMAppAuth' in project 'GTMAppAuth'
        ➜ Explicit dependency on target 'GTMSessionFetcherCore' in project 'GTMSessionFetcher'
        ➜ Explicit dependency on target 'AppAuthCore' in project 'AppAuth'
    Target 'GTMAppAuth' in project 'GTMAppAuth'
        ➜ Explicit dependency on target 'GTMAppAuth_GTMAppAuth' in project 'GTMAppAuth'
        ➜ Explicit dependency on target 'GTMSessionFetcherCore' in project 'GTMSessionFetcher'
        ➜ Explicit dependency on target 'AppAuthCore' in project 'AppAuth'
    Target 'AppAuthCore' in project 'AppAuth'
        ➜ Explicit dependency on target 'AppAuthCore' in project 'AppAuth'
        ➜ Explicit dependency on target 'AppAuth_AppAuthCore' in project 'AppAuth'
    Target 'GTMAppAuth_GTMAppAuth' in project 'GTMAppAuth' (no dependencies)
    Target 'AppCheckCore' in project 'AppCheck'
        ➜ Explicit dependency on target 'AppCheckCore' in project 'AppCheck'
        ➜ Explicit dependency on target 'FBLPromises' in project 'Promises'
        ➜ Explicit dependency on target 'GULEnvironment' in project 'GoogleUtilities'
        ➜ Explicit dependency on target 'GULUserDefaults' in project 'GoogleUtilities'
    Target 'AppCheckCore' in project 'AppCheck'
        ➜ Explicit dependency on target 'FBLPromises' in project 'Promises'
        ➜ Explicit dependency on target 'GULEnvironment' in project 'GoogleUtilities'
        ➜ Explicit dependency on target 'GULUserDefaults' in project 'GoogleUtilities'
    Target 'GULUserDefaults' in project 'GoogleUtilities'
        ➜ Explicit dependency on target 'GoogleUtilities-UserDefaults' in project 'GoogleUtilities'
        ➜ Explicit dependency on target 'GoogleUtilities_GoogleUtilities-UserDefaults' in project 'GoogleUtilities'
        ➜ Explicit dependency on target 'third-party-IsAppEncrypted' in project 'GoogleUtilities'
        ➜ Explicit dependency on target 'GoogleUtilities-Environment' in project 'GoogleUtilities'
        ➜ Explicit dependency on target 'GoogleUtilities-Logger' in project 'GoogleUtilities'
    Target 'GoogleUtilities-UserDefaults' in project 'GoogleUtilities'
        ➜ Explicit dependency on target 'GoogleUtilities_GoogleUtilities-UserDefaults' in project 'GoogleUtilities'
        ➜ Explicit dependency on target 'third-party-IsAppEncrypted' in project 'GoogleUtilities'
        ➜ Explicit dependency on target 'GoogleUtilities-Environment' in project 'GoogleUtilities'
        ➜ Explicit dependency on target 'GoogleUtilities-Logger' in project 'GoogleUtilities'
    Target 'GoogleUtilities_GoogleUtilities-UserDefaults' in project 'GoogleUtilities' (no dependencies)
    Target 'FBLPromises' in project 'Promises'
        ➜ Explicit dependency on target 'FBLPromises' in project 'Promises'
        ➜ Explicit dependency on target 'Promises_FBLPromises' in project 'Promises'
    Target 'FBLPromises' in project 'Promises'
        ➜ Explicit dependency on target 'Promises_FBLPromises' in project 'Promises'
    Target 'Promises_FBLPromises' in project 'Promises' (no dependencies)
    Target 'AppAuth' in project 'AppAuth'
        ➜ Explicit dependency on target 'AppAuth' in project 'AppAuth'
        ➜ Explicit dependency on target 'AppAuth_AppAuth' in project 'AppAuth'
        ➜ Explicit dependency on target 'AppAuthCore' in project 'AppAuth'
    Target 'AppAuth' in project 'AppAuth'
        ➜ Explicit dependency on target 'AppAuth_AppAuth' in project 'AppAuth'
        ➜ Explicit dependency on target 'AppAuthCore' in project 'AppAuth'
    Target 'AppAuthCore' in project 'AppAuth'
        ➜ Explicit dependency on target 'AppAuth_AppAuthCore' in project 'AppAuth'
    Target 'AppAuth_AppAuthCore' in project 'AppAuth' (no dependencies)
    Target 'AppAuth_AppAuth' in project 'AppAuth' (no dependencies)
    Target 'GoogleSignIn_GoogleSignIn' in project 'GoogleSignIn' (no dependencies)
    Target 'FirebaseFirestore' in project 'Firebase'
        ➜ Explicit dependency on target 'FirebaseFirestoreTarget' in project 'Firebase'
        ➜ Explicit dependency on target 'FirebaseFirestoreInternalWrapper' in project 'Firebase'
        ➜ Explicit dependency on target 'FirebaseAppCheckInterop' in project 'Firebase'
        ➜ Explicit dependency on target 'Firebase' in project 'Firebase'
        ➜ Explicit dependency on target 'FirebaseCoreInternal' in project 'Firebase'
        ➜ Explicit dependency on target 'FirebaseCore' in project 'Firebase'
        ➜ Explicit dependency on target 'FirebaseCoreExtension' in project 'Firebase'
        ➜ Explicit dependency on target 'FirebaseSharedSwift' in project 'Firebase'
        ➜ Explicit dependency on target 'FirebaseFirestore' in project 'Firebase'
        ➜ Explicit dependency on target 'GULNSData' in project 'GoogleUtilities'
        ➜ Explicit dependency on target 'GULEnvironment' in project 'GoogleUtilities'
        ➜ Explicit dependency on target 'GULLogger' in project 'GoogleUtilities'
        ➜ Explicit dependency on target 'abseil' in project 'abseil'
        ➜ Explicit dependency on target 'gRPC-C++' in project 'gRPC'
        ➜ Explicit dependency on target 'nanopb' in project 'nanopb'
        ➜ Explicit dependency on target 'leveldb' in project 'leveldb'
    Target 'FirebaseFirestoreTarget' in project 'Firebase'
        ➜ Explicit dependency on target 'FirebaseFirestoreInternalWrapper' in project 'Firebase'
        ➜ Explicit dependency on target 'FirebaseAppCheckInterop' in project 'Firebase'
        ➜ Explicit dependency on target 'Firebase' in project 'Firebase'
        ➜ Explicit dependency on target 'FirebaseCoreInternal' in project 'Firebase'
        ➜ Explicit dependency on target 'FirebaseCore' in project 'Firebase'
        ➜ Explicit dependency on target 'FirebaseCoreExtension' in project 'Firebase'
        ➜ Explicit dependency on target 'FirebaseSharedSwift' in project 'Firebase'
        ➜ Explicit dependency on target 'FirebaseFirestore' in project 'Firebase'
        ➜ Explicit dependency on target 'GULNSData' in project 'GoogleUtilities'
        ➜ Explicit dependency on target 'GULEnvironment' in project 'GoogleUtilities'
        ➜ Explicit dependency on target 'GULLogger' in project 'GoogleUtilities'
        ➜ Explicit dependency on target 'abseil' in project 'abseil'
        ➜ Explicit dependency on target 'gRPC-C++' in project 'gRPC'
        ➜ Explicit dependency on target 'nanopb' in project 'nanopb'
        ➜ Explicit dependency on target 'leveldb' in project 'leveldb'
    Target 'FirebaseFirestore' in project 'Firebase'
        ➜ Explicit dependency on target 'Firebase_FirebaseFirestore' in project 'Firebase'
        ➜ Explicit dependency on target 'FirebaseFirestoreInternalWrapper' in project 'Firebase'
        ➜ Explicit dependency on target 'FirebaseAppCheckInterop' in project 'Firebase'
        ➜ Explicit dependency on target 'Firebase' in project 'Firebase'
        ➜ Explicit dependency on target 'FirebaseCoreInternal' in project 'Firebase'
        ➜ Explicit dependency on target 'FirebaseCore' in project 'Firebase'
        ➜ Explicit dependency on target 'FirebaseCoreExtension' in project 'Firebase'
        ➜ Explicit dependency on target 'FirebaseSharedSwift' in project 'Firebase'
        ➜ Explicit dependency on target 'GULNSData' in project 'GoogleUtilities'
        ➜ Explicit dependency on target 'GULEnvironment' in project 'GoogleUtilities'
        ➜ Explicit dependency on target 'GULLogger' in project 'GoogleUtilities'
        ➜ Explicit dependency on target 'abseil' in project 'abseil'
        ➜ Explicit dependency on target 'gRPC-C++' in project 'gRPC'
        ➜ Explicit dependency on target 'nanopb' in project 'nanopb'
        ➜ Explicit dependency on target 'leveldb' in project 'leveldb'
    Target 'leveldb' in project 'leveldb'
        ➜ Explicit dependency on target 'leveldb' in project 'leveldb'
        ➜ Explicit dependency on target 'leveldb_leveldb' in project 'leveldb'
    Target 'leveldb' in project 'leveldb'
        ➜ Explicit dependency on target 'leveldb_leveldb' in project 'leveldb'
    Target 'leveldb_leveldb' in project 'leveldb' (no dependencies)
    Target 'nanopb' in project 'nanopb'
        ➜ Explicit dependency on target 'nanopb' in project 'nanopb'
        ➜ Explicit dependency on target 'nanopb_nanopb' in project 'nanopb'
    Target 'nanopb' in project 'nanopb'
        ➜ Explicit dependency on target 'nanopb_nanopb' in project 'nanopb'
    Target 'nanopb_nanopb' in project 'nanopb' (no dependencies)
    Target 'gRPC-C++' in project 'gRPC'
        ➜ Explicit dependency on target 'grpcppWrapper' in project 'gRPC'
        ➜ Explicit dependency on target 'gRPC_grpcppWrapper' in project 'gRPC'
        ➜ Explicit dependency on target 'grpcWrapper' in project 'gRPC'
        ➜ Explicit dependency on target 'opensslWrapper' in project 'gRPC'
        ➜ Explicit dependency on target 'abseil' in project 'abseil'
    Target 'grpcppWrapper' in project 'gRPC'
        ➜ Explicit dependency on target 'gRPC_grpcppWrapper' in project 'gRPC'
        ➜ Explicit dependency on target 'grpcWrapper' in project 'gRPC'
        ➜ Explicit dependency on target 'opensslWrapper' in project 'gRPC'
        ➜ Explicit dependency on target 'abseil' in project 'abseil'
    Target 'opensslWrapper' in project 'gRPC'
        ➜ Explicit dependency on target 'gRPC_opensslWrapper' in project 'gRPC'
    Target 'gRPC_opensslWrapper' in project 'gRPC' (no dependencies)
    Target 'grpcWrapper' in project 'gRPC'
        ➜ Explicit dependency on target 'gRPC_grpcWrapper' in project 'gRPC'
    Target 'gRPC_grpcWrapper' in project 'gRPC' (no dependencies)
    Target 'gRPC_grpcppWrapper' in project 'gRPC' (no dependencies)
    Target 'abseil' in project 'abseil'
        ➜ Explicit dependency on target 'abslWrapper' in project 'abseil'
        ➜ Explicit dependency on target 'abseil_abslWrapper' in project 'abseil'
    Target 'abslWrapper' in project 'abseil'
        ➜ Explicit dependency on target 'abseil_abslWrapper' in project 'abseil'
    Target 'abseil_abslWrapper' in project 'abseil' (no dependencies)
    Target 'Firebase_FirebaseFirestore' in project 'Firebase' (no dependencies)
    Target 'FirebaseSharedSwift' in project 'Firebase' (no dependencies)
    Target 'FirebaseFirestoreInternalWrapper' in project 'Firebase' (no dependencies)
    Target 'FirebaseAuth' in project 'Firebase'
        ➜ Explicit dependency on target 'FirebaseAuth' in project 'Firebase'
        ➜ Explicit dependency on target 'Firebase_FirebaseAuth' in project 'Firebase'
        ➜ Explicit dependency on target 'FirebaseAppCheckInterop' in project 'Firebase'
        ➜ Explicit dependency on target 'FirebaseAuthInterop' in project 'Firebase'
        ➜ Explicit dependency on target 'FirebaseAuthInternal' in project 'Firebase'
        ➜ Explicit dependency on target 'Firebase' in project 'Firebase'
        ➜ Explicit dependency on target 'FirebaseCoreInternal' in project 'Firebase'
        ➜ Explicit dependency on target 'FirebaseCore' in project 'Firebase'
        ➜ Explicit dependency on target 'FirebaseCoreExtension' in project 'Firebase'
        ➜ Explicit dependency on target 'RecaptchaInterop' in project 'InteropForGoogle'
        ➜ Explicit dependency on target 'GULNSData' in project 'GoogleUtilities'
        ➜ Explicit dependency on target 'GULEnvironment' in project 'GoogleUtilities'
        ➜ Explicit dependency on target 'GULLogger' in project 'GoogleUtilities'
        ➜ Explicit dependency on target 'GULAppDelegateSwizzler' in project 'GoogleUtilities'
        ➜ Explicit dependency on target 'GTMSessionFetcherCore' in project 'GTMSessionFetcher'
    Target 'FirebaseAuth' in project 'Firebase'
        ➜ Explicit dependency on target 'Firebase_FirebaseAuth' in project 'Firebase'
        ➜ Explicit dependency on target 'FirebaseAppCheckInterop' in project 'Firebase'
        ➜ Explicit dependency on target 'FirebaseAuthInterop' in project 'Firebase'
        ➜ Explicit dependency on target 'FirebaseAuthInternal' in project 'Firebase'
        ➜ Explicit dependency on target 'Firebase' in project 'Firebase'
        ➜ Explicit dependency on target 'FirebaseCoreInternal' in project 'Firebase'
        ➜ Explicit dependency on target 'FirebaseCore' in project 'Firebase'
        ➜ Explicit dependency on target 'FirebaseCoreExtension' in project 'Firebase'
        ➜ Explicit dependency on target 'RecaptchaInterop' in project 'InteropForGoogle'
        ➜ Explicit dependency on target 'GULNSData' in project 'GoogleUtilities'
        ➜ Explicit dependency on target 'GULEnvironment' in project 'GoogleUtilities'
        ➜ Explicit dependency on target 'GULLogger' in project 'GoogleUtilities'
        ➜ Explicit dependency on target 'GULAppDelegateSwizzler' in project 'GoogleUtilities'
        ➜ Explicit dependency on target 'GTMSessionFetcherCore' in project 'GTMSessionFetcher'
    Target 'GTMSessionFetcherCore' in project 'GTMSessionFetcher'
        ➜ Explicit dependency on target 'GTMSessionFetcherCore' in project 'GTMSessionFetcher'
        ➜ Explicit dependency on target 'GTMSessionFetcher_GTMSessionFetcherCore' in project 'GTMSessionFetcher'
    Target 'GTMSessionFetcherCore' in project 'GTMSessionFetcher'
        ➜ Explicit dependency on target 'GTMSessionFetcher_GTMSessionFetcherCore' in project 'GTMSessionFetcher'
    Target 'GTMSessionFetcher_GTMSessionFetcherCore' in project 'GTMSessionFetcher' (no dependencies)
    Target 'GULAppDelegateSwizzler' in project 'GoogleUtilities'
        ➜ Explicit dependency on target 'GoogleUtilities-AppDelegateSwizzler' in project 'GoogleUtilities'
        ➜ Explicit dependency on target 'GoogleUtilities_GoogleUtilities-AppDelegateSwizzler' in project 'GoogleUtilities'
        ➜ Explicit dependency on target 'third-party-IsAppEncrypted' in project 'GoogleUtilities'
        ➜ Explicit dependency on target 'GoogleUtilities-Environment' in project 'GoogleUtilities'
        ➜ Explicit dependency on target 'GoogleUtilities-Logger' in project 'GoogleUtilities'
        ➜ Explicit dependency on target 'GoogleUtilities-NSData' in project 'GoogleUtilities'
        ➜ Explicit dependency on target 'GoogleUtilities-Reachability' in project 'GoogleUtilities'
        ➜ Explicit dependency on target 'GoogleUtilities-Network' in project 'GoogleUtilities'
    Target 'GoogleUtilities-AppDelegateSwizzler' in project 'GoogleUtilities'
        ➜ Explicit dependency on target 'GoogleUtilities_GoogleUtilities-AppDelegateSwizzler' in project 'GoogleUtilities'
        ➜ Explicit dependency on target 'third-party-IsAppEncrypted' in project 'GoogleUtilities'
        ➜ Explicit dependency on target 'GoogleUtilities-Environment' in project 'GoogleUtilities'
        ➜ Explicit dependency on target 'GoogleUtilities-Logger' in project 'GoogleUtilities'
        ➜ Explicit dependency on target 'GoogleUtilities-NSData' in project 'GoogleUtilities'
        ➜ Explicit dependency on target 'GoogleUtilities-Reachability' in project 'GoogleUtilities'
        ➜ Explicit dependency on target 'GoogleUtilities-Network' in project 'GoogleUtilities'
    Target 'GoogleUtilities-Network' in project 'GoogleUtilities'
        ➜ Explicit dependency on target 'GoogleUtilities_GoogleUtilities-Network' in project 'GoogleUtilities'
        ➜ Explicit dependency on target 'third-party-IsAppEncrypted' in project 'GoogleUtilities'
        ➜ Explicit dependency on target 'GoogleUtilities-Environment' in project 'GoogleUtilities'
        ➜ Explicit dependency on target 'GoogleUtilities-Logger' in project 'GoogleUtilities'
        ➜ Explicit dependency on target 'GoogleUtilities-NSData' in project 'GoogleUtilities'
        ➜ Explicit dependency on target 'GoogleUtilities-Reachability' in project 'GoogleUtilities'
    Target 'GoogleUtilities_GoogleUtilities-Network' in project 'GoogleUtilities' (no dependencies)
    Target 'GoogleUtilities-Reachability' in project 'GoogleUtilities'
        ➜ Explicit dependency on target 'GoogleUtilities_GoogleUtilities-Reachability' in project 'GoogleUtilities'
        ➜ Explicit dependency on target 'third-party-IsAppEncrypted' in project 'GoogleUtilities'
        ➜ Explicit dependency on target 'GoogleUtilities-Environment' in project 'GoogleUtilities'
        ➜ Explicit dependency on target 'GoogleUtilities-Logger' in project 'GoogleUtilities'
    Target 'GoogleUtilities_GoogleUtilities-Reachability' in project 'GoogleUtilities' (no dependencies)
    Target 'GoogleUtilities_GoogleUtilities-AppDelegateSwizzler' in project 'GoogleUtilities' (no dependencies)
    Target 'FirebaseCoreExtension' in project 'Firebase'
        ➜ Explicit dependency on target 'Firebase_FirebaseCoreExtension' in project 'Firebase'
    Target 'Firebase_FirebaseCoreExtension' in project 'Firebase' (no dependencies)
    Target 'FirebaseCore' in project 'Firebase'
        ➜ Explicit dependency on target 'Firebase_FirebaseCore' in project 'Firebase'
        ➜ Explicit dependency on target 'Firebase' in project 'Firebase'
        ➜ Explicit dependency on target 'FirebaseCoreInternal' in project 'Firebase'
        ➜ Explicit dependency on target 'GULNSData' in project 'GoogleUtilities'
        ➜ Explicit dependency on target 'GULEnvironment' in project 'GoogleUtilities'
        ➜ Explicit dependency on target 'GULLogger' in project 'GoogleUtilities'
    Target 'GULLogger' in project 'GoogleUtilities'
        ➜ Explicit dependency on target 'GoogleUtilities-Logger' in project 'GoogleUtilities'
        ➜ Explicit dependency on target 'GoogleUtilities_GoogleUtilities-Logger' in project 'GoogleUtilities'
        ➜ Explicit dependency on target 'third-party-IsAppEncrypted' in project 'GoogleUtilities'
        ➜ Explicit dependency on target 'GoogleUtilities-Environment' in project 'GoogleUtilities'
    Target 'GoogleUtilities-Logger' in project 'GoogleUtilities'
        ➜ Explicit dependency on target 'GoogleUtilities_GoogleUtilities-Logger' in project 'GoogleUtilities'
        ➜ Explicit dependency on target 'third-party-IsAppEncrypted' in project 'GoogleUtilities'
        ➜ Explicit dependency on target 'GoogleUtilities-Environment' in project 'GoogleUtilities'
    Target 'GoogleUtilities_GoogleUtilities-Logger' in project 'GoogleUtilities' (no dependencies)
    Target 'GULEnvironment' in project 'GoogleUtilities'
        ➜ Explicit dependency on target 'GoogleUtilities-Environment' in project 'GoogleUtilities'
        ➜ Explicit dependency on target 'GoogleUtilities_GoogleUtilities-Environment' in project 'GoogleUtilities'
        ➜ Explicit dependency on target 'third-party-IsAppEncrypted' in project 'GoogleUtilities'
    Target 'GoogleUtilities-Environment' in project 'GoogleUtilities'
        ➜ Explicit dependency on target 'GoogleUtilities_GoogleUtilities-Environment' in project 'GoogleUtilities'
        ➜ Explicit dependency on target 'third-party-IsAppEncrypted' in project 'GoogleUtilities'
    Target 'third-party-IsAppEncrypted' in project 'GoogleUtilities' (no dependencies)
    Target 'GoogleUtilities_GoogleUtilities-Environment' in project 'GoogleUtilities' (no dependencies)
    Target 'Firebase_FirebaseCore' in project 'Firebase' (no dependencies)
    Target 'FirebaseCoreInternal' in project 'Firebase'
        ➜ Explicit dependency on target 'Firebase_FirebaseCoreInternal' in project 'Firebase'
        ➜ Explicit dependency on target 'GULNSData' in project 'GoogleUtilities'
    Target 'GULNSData' in project 'GoogleUtilities'
        ➜ Explicit dependency on target 'GoogleUtilities-NSData' in project 'GoogleUtilities'
        ➜ Explicit dependency on target 'GoogleUtilities_GoogleUtilities-NSData' in project 'GoogleUtilities'
    Target 'GoogleUtilities-NSData' in project 'GoogleUtilities'
        ➜ Explicit dependency on target 'GoogleUtilities_GoogleUtilities-NSData' in project 'GoogleUtilities'
    Target 'GoogleUtilities_GoogleUtilities-NSData' in project 'GoogleUtilities' (no dependencies)
    Target 'Firebase_FirebaseCoreInternal' in project 'Firebase' (no dependencies)
    Target 'Firebase' in project 'Firebase' (no dependencies)
    Target 'FirebaseAuthInternal' in project 'Firebase'
        ➜ Explicit dependency on target 'RecaptchaInterop' in project 'InteropForGoogle'
    Target 'RecaptchaInterop' in project 'InteropForGoogle'
        ➜ Explicit dependency on target 'RecaptchaInterop' in project 'InteropForGoogle'
    Target 'RecaptchaInterop' in project 'InteropForGoogle' (no dependencies)
    Target 'FirebaseAuthInterop' in project 'Firebase' (no dependencies)
    Target 'FirebaseAppCheckInterop' in project 'Firebase' (no dependencies)
    Target 'Firebase_FirebaseAuth' in project 'Firebase' (no dependencies)

GatherProvisioningInputs

CreateBuildDescription

ExecuteExternalTool /Applications/Xcode.app/Contents/Developer/Toolchains/XcodeDefault.xctoolchain/usr/bin/clang -v -E -dM -arch arm64 -isysroot /Applications/Xcode.app/Contents/Developer/Platforms/iPhoneSimulator.platform/Developer/SDKs/iPhoneSimulator18.5.sdk -x objective-c -c /dev/null

ExecuteExternalTool /Applications/Xcode.app/Contents/Developer/Toolchains/XcodeDefault.xctoolchain/usr/bin/swiftc --version

ExecuteExternalTool /Applications/Xcode.app/Contents/Developer/Toolchains/XcodeDefault.xctoolchain/usr/bin/clang -v -E -dM -isysroot /Applications/Xcode.app/Contents/Developer/Platforms/iPhoneSimulator.platform/Developer/SDKs/iPhoneSimulator18.5.sdk -x c -c /dev/null

ExecuteExternalTool /Applications/Xcode.app/Contents/Developer/usr/bin/momc --dry-run --action generate --swift-version 5.0 --sdkroot /Applications/Xcode.app/Contents/Developer/Platforms/iPhoneSimulator.platform/Developer/SDKs/iPhoneSimulator18.5.sdk --iphonesimulator-deployment-target 17.0 --module PlanItApp /Users/aleks/Desktop/PlanItApp/PlanItApp/PlanIt.xcdatamodeld /Users/aleks/Library/Developer/Xcode/DerivedData/PlanItApp-gkehojshtcbfvhersqwajfujohau/Build/Intermediates.noindex/PlanItApp.build/Debug-iphonesimulator/PlanItApp.build/DerivedSources/CoreDataGenerated/PlanIt

ExecuteExternalTool /Applications/Xcode.app/Contents/Developer/usr/bin/actool --print-asset-tag-combinations --output-format xml1 /Users/aleks/Desktop/PlanItApp/PlanItApp/Assets.xcassets

ExecuteExternalTool /Applications/Xcode.app/Contents/Developer/usr/bin/actool --version --output-format xml1

ExecuteExternalTool /Applications/Xcode.app/Contents/Developer/Toolchains/XcodeDefault.xctoolchain/usr/bin/ld -version_details

ExecuteExternalTool /Applications/Xcode.app/Contents/Developer/Toolchains/XcodeDefault.xctoolchain/usr/bin/clang -v -E -dM -arch arm64 -isysroot /Applications/Xcode.app/Contents/Developer/Platforms/iPhoneSimulator.platform/Developer/SDKs/iPhoneSimulator18.5.sdk -x c -c /dev/null

ExecuteExternalTool /Applications/Xcode.app/Contents/Developer/Toolchains/XcodeDefault.xctoolchain/usr/bin/clang -v -E -dM -arch arm64 -isysroot /Applications/Xcode.app/Contents/Developer/Platforms/iPhoneSimulator.platform/Developer/SDKs/iPhoneSimulator18.5.sdk -x c++ -c /dev/null

Build description signature: 41e0def1c5ac3ee305e2454d2fba91d1
Build description path: /Users/aleks/Library/Developer/Xcode/DerivedData/PlanItApp-gkehojshtcbfvhersqwajfujohau/Build/Intermediates.noindex/XCBuildData/41e0def1c5ac3ee305e2454d2fba91d1.xcbuilddata
ClangStatCache /Applications/Xcode.app/Contents/Developer/Toolchains/XcodeDefault.xctoolchain/usr/bin/clang-stat-cache /Applications/Xcode.app/Contents/Developer/Platforms/iPhoneSimulator.platform/Developer/SDKs/iPhoneSimulator18.5.sdk /Users/aleks/Library/Developer/Xcode/DerivedData/SDKStatCaches.noindex/iphonesimulator18.5-22F76-d5fc8ad4295d2ef488fb7d0f804ce0c4.sdkstatcache
    cd /Users/aleks/Desktop/PlanItApp/PlanItApp.xcodeproj
    /Applications/Xcode.app/Contents/Developer/Toolchains/XcodeDefault.xctoolchain/usr/bin/clang-stat-cache /Applications/Xcode.app/Contents/Developer/Platforms/iPhoneSimulator.platform/Developer/SDKs/iPhoneSimulator18.5.sdk -o /Users/aleks/Library/Developer/Xcode/DerivedData/SDKStatCaches.noindex/iphonesimulator18.5-22F76-d5fc8ad4295d2ef488fb7d0f804ce0c4.sdkstatcache

CreateBuildDirectory /Users/aleks/Library/Developer/Xcode/DerivedData/PlanItApp-gkehojshtcbfvhersqwajfujohau/Build/Intermediates.noindex
    cd /Users/aleks/Desktop/PlanItApp/PlanItApp.xcodeproj
    builtin-create-build-directory /Users/aleks/Library/Developer/Xcode/DerivedData/PlanItApp-gkehojshtcbfvhersqwajfujohau/Build/Intermediates.noindex

CreateBuildDirectory /Users/aleks/Library/Developer/Xcode/DerivedData/PlanItApp-gkehojshtcbfvhersqwajfujohau/Build/Products
    cd /Users/aleks/Desktop/PlanItApp/PlanItApp.xcodeproj
    builtin-create-build-directory /Users/aleks/Library/Developer/Xcode/DerivedData/PlanItApp-gkehojshtcbfvhersqwajfujohau/Build/Products

CreateBuildDirectory /Users/aleks/Library/Developer/Xcode/DerivedData/PlanItApp-gkehojshtcbfvhersqwajfujohau/Build/Products/Debug-iphonesimulator
    cd /Users/aleks/Desktop/PlanItApp/PlanItApp.xcodeproj
    builtin-create-build-directory /Users/aleks/Library/Developer/Xcode/DerivedData/PlanItApp-gkehojshtcbfvhersqwajfujohau/Build/Products/Debug-iphonesimulator

CreateBuildDirectory /Users/aleks/Library/Developer/Xcode/DerivedData/PlanItApp-gkehojshtcbfvhersqwajfujohau/Build/Intermediates.noindex/EagerLinkingTBDs/Debug-iphonesimulator
    cd /Users/aleks/Desktop/PlanItApp/PlanItApp.xcodeproj
    builtin-create-build-directory /Users/aleks/Library/Developer/Xcode/DerivedData/PlanItApp-gkehojshtcbfvhersqwajfujohau/Build/Intermediates.noindex/EagerLinkingTBDs/Debug-iphonesimulator

WriteAuxiliaryFile /Users/aleks/Library/Developer/Xcode/DerivedData/PlanItApp-gkehojshtcbfvhersqwajfujohau/Build/Intermediates.noindex/PlanItApp.build/Debug-iphonesimulator/PlanItApp-f8ebfe90b189d4827f3c1d7946f1573a-VFS-iphonesimulator/all-product-headers.yaml
    cd /Users/aleks/Desktop/PlanItApp/PlanItApp.xcodeproj
    write-file /Users/aleks/Library/Developer/Xcode/DerivedData/PlanItApp-gkehojshtcbfvhersqwajfujohau/Build/Intermediates.noindex/PlanItApp.build/Debug-iphonesimulator/PlanItApp-f8ebfe90b189d4827f3c1d7946f1573a-VFS-iphonesimulator/all-product-headers.yaml

CreateBuildDirectory /Users/aleks/Library/Developer/Xcode/DerivedData/PlanItApp-gkehojshtcbfvhersqwajfujohau/Build/Products/Debug-iphonesimulator/PackageFrameworks
    cd /Users/aleks/Desktop/PlanItApp/PlanItApp.xcodeproj
    builtin-create-build-directory /Users/aleks/Library/Developer/Xcode/DerivedData/PlanItApp-gkehojshtcbfvhersqwajfujohau/Build/Products/Debug-iphonesimulator/PackageFrameworks

MkDir /Users/aleks/Library/Developer/Xcode/DerivedData/PlanItApp-gkehojshtcbfvhersqwajfujohau/Build/Products/Debug-iphonesimulator/gRPC_opensslWrapper.bundle (in target 'gRPC_opensslWrapper' from project 'gRPC')
    cd /Users/aleks/Library/Developer/Xcode/DerivedData/PlanItApp-gkehojshtcbfvhersqwajfujohau/SourcePackages/checkouts/grpc-binary
    /bin/mkdir -p /Users/aleks/Library/Developer/Xcode/DerivedData/PlanItApp-gkehojshtcbfvhersqwajfujohau/Build/Products/Debug-iphonesimulator/gRPC_opensslWrapper.bundle

WriteAuxiliaryFile /Users/aleks/Library/Developer/Xcode/DerivedData/PlanItApp-gkehojshtcbfvhersqwajfujohau/Build/Intermediates.noindex/gRPC.build/Debug-iphonesimulator/gRPC_grpcWrapper.build/gRPC_grpcWrapper.DependencyStaticMetadataFileList (in target 'gRPC_grpcWrapper' from project 'gRPC')
    cd /Users/aleks/Library/Developer/Xcode/DerivedData/PlanItApp-gkehojshtcbfvhersqwajfujohau/SourcePackages/checkouts/grpc-binary
    write-file /Users/aleks/Library/Developer/Xcode/DerivedData/PlanItApp-gkehojshtcbfvhersqwajfujohau/Build/Intermediates.noindex/gRPC.build/Debug-iphonesimulator/gRPC_grpcWrapper.build/gRPC_grpcWrapper.DependencyStaticMetadataFileList

WriteAuxiliaryFile /Users/aleks/Library/Developer/Xcode/DerivedData/PlanItApp-gkehojshtcbfvhersqwajfujohau/Build/Intermediates.noindex/gRPC.build/Debug-iphonesimulator/gRPC_opensslWrapper.build/gRPC_opensslWrapper.DependencyMetadataFileList (in target 'gRPC_opensslWrapper' from project 'gRPC')
    cd /Users/aleks/Library/Developer/Xcode/DerivedData/PlanItApp-gkehojshtcbfvhersqwajfujohau/SourcePackages/checkouts/grpc-binary
    write-file /Users/aleks/Library/Developer/Xcode/DerivedData/PlanItApp-gkehojshtcbfvhersqwajfujohau/Build/Intermediates.noindex/gRPC.build/Debug-iphonesimulator/gRPC_opensslWrapper.build/gRPC_opensslWrapper.DependencyMetadataFileList

WriteAuxiliaryFile /Users/aleks/Library/Developer/Xcode/DerivedData/PlanItApp-gkehojshtcbfvhersqwajfujohau/Build/Intermediates.noindex/gRPC.build/Debug-iphonesimulator/gRPC_grpcWrapper.build/gRPC_grpcWrapper.DependencyMetadataFileList (in target 'gRPC_grpcWrapper' from project 'gRPC')
    cd /Users/aleks/Library/Developer/Xcode/DerivedData/PlanItApp-gkehojshtcbfvhersqwajfujohau/SourcePackages/checkouts/grpc-binary
    write-file /Users/aleks/Library/Developer/Xcode/DerivedData/PlanItApp-gkehojshtcbfvhersqwajfujohau/Build/Intermediates.noindex/gRPC.build/Debug-iphonesimulator/gRPC_grpcWrapper.build/gRPC_grpcWrapper.DependencyMetadataFileList

WriteAuxiliaryFile /Users/aleks/Library/Developer/Xcode/DerivedData/PlanItApp-gkehojshtcbfvhersqwajfujohau/Build/Intermediates.noindex/gRPC.build/Debug-iphonesimulator/gRPC_opensslWrapper.build/gRPC_opensslWrapper.DependencyStaticMetadataFileList (in target 'gRPC_opensslWrapper' from project 'gRPC')
    cd /Users/aleks/Library/Developer/Xcode/DerivedData/PlanItApp-gkehojshtcbfvhersqwajfujohau/SourcePackages/checkouts/grpc-binary
    write-file /Users/aleks/Library/Developer/Xcode/DerivedData/PlanItApp-gkehojshtcbfvhersqwajfujohau/Build/Intermediates.noindex/gRPC.build/Debug-iphonesimulator/gRPC_opensslWrapper.build/gRPC_opensslWrapper.DependencyStaticMetadataFileList

WriteAuxiliaryFile /Users/aleks/Library/Developer/Xcode/DerivedData/PlanItApp-gkehojshtcbfvhersqwajfujohau/Build/Intermediates.noindex/gRPC.build/Debug-iphonesimulator/gRPC_opensslWrapper.build/empty-gRPC_opensslWrapper.plist (in target 'gRPC_opensslWrapper' from project 'gRPC')
    cd /Users/aleks/Library/Developer/Xcode/DerivedData/PlanItApp-gkehojshtcbfvhersqwajfujohau/SourcePackages/checkouts/grpc-binary
    write-file /Users/aleks/Library/Developer/Xcode/DerivedData/PlanItApp-gkehojshtcbfvhersqwajfujohau/Build/Intermediates.noindex/gRPC.build/Debug-iphonesimulator/gRPC_opensslWrapper.build/empty-gRPC_opensslWrapper.plist

WriteAuxiliaryFile /Users/aleks/Library/Developer/Xcode/DerivedData/PlanItApp-gkehojshtcbfvhersqwajfujohau/Build/Intermediates.noindex/gRPC.build/Debug-iphonesimulator/gRPC_grpcWrapper.build/empty-gRPC_grpcWrapper.plist (in target 'gRPC_grpcWrapper' from project 'gRPC')
    cd /Users/aleks/Library/Developer/Xcode/DerivedData/PlanItApp-gkehojshtcbfvhersqwajfujohau/SourcePackages/checkouts/grpc-binary
    write-file /Users/aleks/Library/Developer/Xcode/DerivedData/PlanItApp-gkehojshtcbfvhersqwajfujohau/Build/Intermediates.noindex/gRPC.build/Debug-iphonesimulator/gRPC_grpcWrapper.build/empty-gRPC_grpcWrapper.plist

WriteAuxiliaryFile /Users/aleks/Library/Developer/Xcode/DerivedData/PlanItApp-gkehojshtcbfvhersqwajfujohau/Build/Intermediates.noindex/nanopb.build/Debug-iphonesimulator/nanopb_nanopb.build/nanopb_nanopb.DependencyStaticMetadataFileList (in target 'nanopb_nanopb' from project 'nanopb')
    cd /Users/aleks/Library/Developer/Xcode/DerivedData/PlanItApp-gkehojshtcbfvhersqwajfujohau/SourcePackages/checkouts/nanopb
    write-file /Users/aleks/Library/Developer/Xcode/DerivedData/PlanItApp-gkehojshtcbfvhersqwajfujohau/Build/Intermediates.noindex/nanopb.build/Debug-iphonesimulator/nanopb_nanopb.build/nanopb_nanopb.DependencyStaticMetadataFileList

WriteAuxiliaryFile /Users/aleks/Library/Developer/Xcode/DerivedData/PlanItApp-gkehojshtcbfvhersqwajfujohau/Build/Intermediates.noindex/GoogleUtilities.build/Debug-iphonesimulator/third-party-IsAppEncrypted.build/third-party-IsAppEncrypted.modulemap (in target 'third-party-IsAppEncrypted' from project 'GoogleUtilities')
    cd /Users/aleks/Library/Developer/Xcode/DerivedData/PlanItApp-gkehojshtcbfvhersqwajfujohau/SourcePackages/checkouts/GoogleUtilities
    write-file /Users/aleks/Library/Developer/Xcode/DerivedData/PlanItApp-gkehojshtcbfvhersqwajfujohau/Build/Intermediates.noindex/GoogleUtilities.build/Debug-iphonesimulator/third-party-IsAppEncrypted.build/third-party-IsAppEncrypted.modulemap

WriteAuxiliaryFile /Users/aleks/Library/Developer/Xcode/DerivedData/PlanItApp-gkehojshtcbfvhersqwajfujohau/Build/Intermediates.noindex/GoogleUtilities.build/Debug-iphonesimulator/third-party-IsAppEncrypted.build/third-party-IsAppEncrypted.DependencyStaticMetadataFileList (in target 'third-party-IsAppEncrypted' from project 'GoogleUtilities')
    cd /Users/aleks/Library/Developer/Xcode/DerivedData/PlanItApp-gkehojshtcbfvhersqwajfujohau/SourcePackages/checkouts/GoogleUtilities
    write-file /Users/aleks/Library/Developer/Xcode/DerivedData/PlanItApp-gkehojshtcbfvhersqwajfujohau/Build/Intermediates.noindex/GoogleUtilities.build/Debug-iphonesimulator/third-party-IsAppEncrypted.build/third-party-IsAppEncrypted.DependencyStaticMetadataFileList

WriteAuxiliaryFile /Users/aleks/Library/Developer/Xcode/DerivedData/PlanItApp-gkehojshtcbfvhersqwajfujohau/Build/Intermediates.noindex/GoogleUtilities.build/Debug-iphonesimulator/third-party-IsAppEncrypted.build/third-party-IsAppEncrypted.DependencyMetadataFileList (in target 'third-party-IsAppEncrypted' from project 'GoogleUtilities')
    cd /Users/aleks/Library/Developer/Xcode/DerivedData/PlanItApp-gkehojshtcbfvhersqwajfujohau/SourcePackages/checkouts/GoogleUtilities
    write-file /Users/aleks/Library/Developer/Xcode/DerivedData/PlanItApp-gkehojshtcbfvhersqwajfujohau/Build/Intermediates.noindex/GoogleUtilities.build/Debug-iphonesimulator/third-party-IsAppEncrypted.build/third-party-IsAppEncrypted.DependencyMetadataFileList

WriteAuxiliaryFile /Users/aleks/Library/Developer/Xcode/DerivedData/PlanItApp-gkehojshtcbfvhersqwajfujohau/Build/Intermediates.noindex/GoogleUtilities.build/Debug-iphonesimulator/third-party-IsAppEncrypted.build/Objects-normal/arm64/third-party-IsAppEncrypted.LinkFileList (in target 'third-party-IsAppEncrypted' from project 'GoogleUtilities')
    cd /Users/aleks/Library/Developer/Xcode/DerivedData/PlanItApp-gkehojshtcbfvhersqwajfujohau/SourcePackages/checkouts/GoogleUtilities
    write-file /Users/aleks/Library/Developer/Xcode/DerivedData/PlanItApp-gkehojshtcbfvhersqwajfujohau/Build/Intermediates.noindex/GoogleUtilities.build/Debug-iphonesimulator/third-party-IsAppEncrypted.build/Objects-normal/arm64/third-party-IsAppEncrypted.LinkFileList

WriteAuxiliaryFile /Users/aleks/Library/Developer/Xcode/DerivedData/PlanItApp-gkehojshtcbfvhersqwajfujohau/Build/Intermediates.noindex/GoogleUtilities.build/Debug-iphonesimulator/third-party-IsAppEncrypted.build/Objects-normal/arm64/e6072d4f65d7061329687fe24e3d63a7-common-args.resp (in target 'third-party-IsAppEncrypted' from project 'GoogleUtilities')
    cd /Users/aleks/Library/Developer/Xcode/DerivedData/PlanItApp-gkehojshtcbfvhersqwajfujohau/SourcePackages/checkouts/GoogleUtilities
    write-file /Users/aleks/Library/Developer/Xcode/DerivedData/PlanItApp-gkehojshtcbfvhersqwajfujohau/Build/Intermediates.noindex/GoogleUtilities.build/Debug-iphonesimulator/third-party-IsAppEncrypted.build/Objects-normal/arm64/e6072d4f65d7061329687fe24e3d63a7-common-args.resp
-target arm64-apple-ios12.0-simulator '-std=c99' -fobjc-arc -fmodules -gmodules '-fmodules-cache-path=/Users/aleks/Library/Developer/Xcode/DerivedData/ModuleCache.noindex' '-fmodule-name=third_party_IsAppEncrypted' -fpascal-strings -O0 -DSWIFT_PACKAGE '-DDEBUG=1' '-DOBJC_OLD_DISPATCH_PROTOTYPES=1' -isysroot /Applications/Xcode.app/Contents/Developer/Platforms/iPhoneSimulator.platform/Developer/SDKs/iPhoneSimulator18.5.sdk -g '-fobjc-abi-version=2' -fobjc-legacy-dispatch -fprofile-instr-generate -fcoverage-mapping -I/Users/aleks/Library/Developer/Xcode/DerivedData/PlanItApp-gkehojshtcbfvhersqwajfujohau/Build/Products/Debug-iphonesimulator/include -I/Users/aleks/Library/Developer/Xcode/DerivedData/PlanItApp-gkehojshtcbfvhersqwajfujohau/SourcePackages/checkouts/GoogleUtilities/third_party/IsAppEncrypted/Public -I/Users/aleks/Library/Developer/Xcode/DerivedData/PlanItApp-gkehojshtcbfvhersqwajfujohau/SourcePackages/checkouts/GoogleUtilities -I/Users/aleks/Library/Developer/Xcode/DerivedData/PlanItApp-gkehojshtcbfvhersqwajfujohau/Build/Intermediates.noindex/GoogleUtilities.build/Debug-iphonesimulator/third-party-IsAppEncrypted.build/DerivedSources-normal/arm64 -I/Users/aleks/Library/Developer/Xcode/DerivedData/PlanItApp-gkehojshtcbfvhersqwajfujohau/Build/Intermediates.noindex/GoogleUtilities.build/Debug-iphonesimulator/third-party-IsAppEncrypted.build/DerivedSources/arm64 -I/Users/aleks/Library/Developer/Xcode/DerivedData/PlanItApp-gkehojshtcbfvhersqwajfujohau/Build/Intermediates.noindex/GoogleUtilities.build/Debug-iphonesimulator/third-party-IsAppEncrypted.build/DerivedSources -F/Users/aleks/Library/Developer/Xcode/DerivedData/PlanItApp-gkehojshtcbfvhersqwajfujohau/Build/Products/Debug-iphonesimulator -iframework /Applications/Xcode.app/Contents/Developer/Platforms/iPhoneSimulator.platform/Developer/Library/Frameworks -iframework /Applications/Xcode.app/Contents/Developer/Platforms/iPhoneSimulator.platform/Developer/SDKs/iPhoneSimulator18.5.sdk/Developer/Library/Frameworks -DXcode

WriteAuxiliaryFile /Users/aleks/Library/Developer/Xcode/DerivedData/PlanItApp-gkehojshtcbfvhersqwajfujohau/Build/Intermediates.noindex/nanopb.build/Debug-iphonesimulator/nanopb_nanopb.build/nanopb_nanopb.DependencyMetadataFileList (in target 'nanopb_nanopb' from project 'nanopb')
    cd /Users/aleks/Library/Developer/Xcode/DerivedData/PlanItApp-gkehojshtcbfvhersqwajfujohau/SourcePackages/checkouts/nanopb
    write-file /Users/aleks/Library/Developer/Xcode/DerivedData/PlanItApp-gkehojshtcbfvhersqwajfujohau/Build/Intermediates.noindex/nanopb.build/Debug-iphonesimulator/nanopb_nanopb.build/nanopb_nanopb.DependencyMetadataFileList

WriteAuxiliaryFile /Users/aleks/Library/Developer/Xcode/DerivedData/PlanItApp-gkehojshtcbfvhersqwajfujohau/Build/Intermediates.noindex/nanopb.build/Debug-iphonesimulator/nanopb_nanopb.build/empty-nanopb_nanopb.plist (in target 'nanopb_nanopb' from project 'nanopb')
    cd /Users/aleks/Library/Developer/Xcode/DerivedData/PlanItApp-gkehojshtcbfvhersqwajfujohau/SourcePackages/checkouts/nanopb
    write-file /Users/aleks/Library/Developer/Xcode/DerivedData/PlanItApp-gkehojshtcbfvhersqwajfujohau/Build/Intermediates.noindex/nanopb.build/Debug-iphonesimulator/nanopb_nanopb.build/empty-nanopb_nanopb.plist

WriteAuxiliaryFile /Users/aleks/Library/Developer/Xcode/DerivedData/PlanItApp-gkehojshtcbfvhersqwajfujohau/Build/Intermediates.noindex/nanopb.build/Debug-iphonesimulator/nanopb.build/nanopb.DependencyStaticMetadataFileList (in target 'nanopb' from project 'nanopb')
    cd /Users/aleks/Library/Developer/Xcode/DerivedData/PlanItApp-gkehojshtcbfvhersqwajfujohau/SourcePackages/checkouts/nanopb
    write-file /Users/aleks/Library/Developer/Xcode/DerivedData/PlanItApp-gkehojshtcbfvhersqwajfujohau/Build/Intermediates.noindex/nanopb.build/Debug-iphonesimulator/nanopb.build/nanopb.DependencyStaticMetadataFileList

WriteAuxiliaryFile /Users/aleks/Library/Developer/Xcode/DerivedData/PlanItApp-gkehojshtcbfvhersqwajfujohau/Build/Intermediates.noindex/nanopb.build/Debug-iphonesimulator/nanopb.build/nanopb.modulemap (in target 'nanopb' from project 'nanopb')
    cd /Users/aleks/Library/Developer/Xcode/DerivedData/PlanItApp-gkehojshtcbfvhersqwajfujohau/SourcePackages/checkouts/nanopb
    write-file /Users/aleks/Library/Developer/Xcode/DerivedData/PlanItApp-gkehojshtcbfvhersqwajfujohau/Build/Intermediates.noindex/nanopb.build/Debug-iphonesimulator/nanopb.build/nanopb.modulemap

WriteAuxiliaryFile /Users/aleks/Library/Developer/Xcode/DerivedData/PlanItApp-gkehojshtcbfvhersqwajfujohau/Build/Intermediates.noindex/nanopb.build/Debug-iphonesimulator/nanopb.build/nanopb.DependencyMetadataFileList (in target 'nanopb' from project 'nanopb')
    cd /Users/aleks/Library/Developer/Xcode/DerivedData/PlanItApp-gkehojshtcbfvhersqwajfujohau/SourcePackages/checkouts/nanopb
    write-file /Users/aleks/Library/Developer/Xcode/DerivedData/PlanItApp-gkehojshtcbfvhersqwajfujohau/Build/Intermediates.noindex/nanopb.build/Debug-iphonesimulator/nanopb.build/nanopb.DependencyMetadataFileList

WriteAuxiliaryFile /Users/aleks/Library/Developer/Xcode/DerivedData/PlanItApp-gkehojshtcbfvhersqwajfujohau/Build/Intermediates.noindex/nanopb.build/Debug-iphonesimulator/nanopb.build/Objects-normal/arm64/e6072d4f65d7061329687fe24e3d63a7-common-args.resp (in target 'nanopb' from project 'nanopb')
    cd /Users/aleks/Library/Developer/Xcode/DerivedData/PlanItApp-gkehojshtcbfvhersqwajfujohau/SourcePackages/checkouts/nanopb
    write-file /Users/aleks/Library/Developer/Xcode/DerivedData/PlanItApp-gkehojshtcbfvhersqwajfujohau/Build/Intermediates.noindex/nanopb.build/Debug-iphonesimulator/nanopb.build/Objects-normal/arm64/e6072d4f65d7061329687fe24e3d63a7-common-args.resp
-target arm64-apple-ios12.0-simulator -fobjc-arc -fmodules -gmodules '-fmodules-cache-path=/Users/aleks/Library/Developer/Xcode/DerivedData/ModuleCache.noindex' '-fmodule-name=nanopb' -fpascal-strings -O0 -DSWIFT_PACKAGE '-DDEBUG=1' '-DPB_FIELD_32BIT=1' '-DPB_NO_PACKED_STRUCTS=1' '-DPB_ENABLE_MALLOC=1' '-DOBJC_OLD_DISPATCH_PROTOTYPES=1' -isysroot /Applications/Xcode.app/Contents/Developer/Platforms/iPhoneSimulator.platform/Developer/SDKs/iPhoneSimulator18.5.sdk -g '-fobjc-abi-version=2' -fobjc-legacy-dispatch -fprofile-instr-generate -fcoverage-mapping -I/Users/aleks/Library/Developer/Xcode/DerivedData/PlanItApp-gkehojshtcbfvhersqwajfujohau/Build/Products/Debug-iphonesimulator/include -I/Users/aleks/Library/Developer/Xcode/DerivedData/PlanItApp-gkehojshtcbfvhersqwajfujohau/SourcePackages/checkouts/nanopb/spm_headers -I/Users/aleks/Library/Developer/Xcode/DerivedData/PlanItApp-gkehojshtcbfvhersqwajfujohau/Build/Intermediates.noindex/nanopb.build/Debug-iphonesimulator/nanopb.build/DerivedSources-normal/arm64 -I/Users/aleks/Library/Developer/Xcode/DerivedData/PlanItApp-gkehojshtcbfvhersqwajfujohau/Build/Intermediates.noindex/nanopb.build/Debug-iphonesimulator/nanopb.build/DerivedSources/arm64 -I/Users/aleks/Library/Developer/Xcode/DerivedData/PlanItApp-gkehojshtcbfvhersqwajfujohau/Build/Intermediates.noindex/nanopb.build/Debug-iphonesimulator/nanopb.build/DerivedSources -F/Users/aleks/Library/Developer/Xcode/DerivedData/PlanItApp-gkehojshtcbfvhersqwajfujohau/Build/Products/Debug-iphonesimulator -iframework /Applications/Xcode.app/Contents/Developer/Platforms/iPhoneSimulator.platform/Developer/Library/Frameworks -iframework /Applications/Xcode.app/Contents/Developer/Platforms/iPhoneSimulator.platform/Developer/SDKs/iPhoneSimulator18.5.sdk/Developer/Library/Frameworks -DXcode

WriteAuxiliaryFile /Users/aleks/Library/Developer/Xcode/DerivedData/PlanItApp-gkehojshtcbfvhersqwajfujohau/Build/Intermediates.noindex/nanopb.build/Debug-iphonesimulator/nanopb.build/Objects-normal/arm64/nanopb.LinkFileList (in target 'nanopb' from project 'nanopb')
    cd /Users/aleks/Library/Developer/Xcode/DerivedData/PlanItApp-gkehojshtcbfvhersqwajfujohau/SourcePackages/checkouts/nanopb
    write-file /Users/aleks/Library/Developer/Xcode/DerivedData/PlanItApp-gkehojshtcbfvhersqwajfujohau/Build/Intermediates.noindex/nanopb.build/Debug-iphonesimulator/nanopb.build/Objects-normal/arm64/nanopb.LinkFileList

WriteAuxiliaryFile /Users/aleks/Library/Developer/Xcode/DerivedData/PlanItApp-gkehojshtcbfvhersqwajfujohau/Build/Intermediates.noindex/nanopb.build/Debug-iphonesimulator/nanopb.build/Objects-normal/arm64/7187679823f38a2a940e0043cdf9d637-common-args.resp (in target 'nanopb' from project 'nanopb')
    cd /Users/aleks/Library/Developer/Xcode/DerivedData/PlanItApp-gkehojshtcbfvhersqwajfujohau/SourcePackages/checkouts/nanopb
    write-file /Users/aleks/Library/Developer/Xcode/DerivedData/PlanItApp-gkehojshtcbfvhersqwajfujohau/Build/Intermediates.noindex/nanopb.build/Debug-iphonesimulator/nanopb.build/Objects-normal/arm64/7187679823f38a2a940e0043cdf9d637-common-args.resp
-target arm64-apple-ios12.0-simulator -fmodules -gmodules '-fmodules-cache-path=/Users/aleks/Library/Developer/Xcode/DerivedData/ModuleCache.noindex' '-fmodule-name=nanopb' -fpascal-strings -O0 -DSWIFT_PACKAGE '-DDEBUG=1' '-DPB_FIELD_32BIT=1' '-DPB_NO_PACKED_STRUCTS=1' '-DPB_ENABLE_MALLOC=1' -isysroot /Applications/Xcode.app/Contents/Developer/Platforms/iPhoneSimulator.platform/Developer/SDKs/iPhoneSimulator18.5.sdk -g -fprofile-instr-generate -fcoverage-mapping -I/Users/aleks/Library/Developer/Xcode/DerivedData/PlanItApp-gkehojshtcbfvhersqwajfujohau/Build/Products/Debug-iphonesimulator/include -I/Users/aleks/Library/Developer/Xcode/DerivedData/PlanItApp-gkehojshtcbfvhersqwajfujohau/SourcePackages/checkouts/nanopb/spm_headers -I/Users/aleks/Library/Developer/Xcode/DerivedData/PlanItApp-gkehojshtcbfvhersqwajfujohau/Build/Intermediates.noindex/nanopb.build/Debug-iphonesimulator/nanopb.build/DerivedSources-normal/arm64 -I/Users/aleks/Library/Developer/Xcode/DerivedData/PlanItApp-gkehojshtcbfvhersqwajfujohau/Build/Intermediates.noindex/nanopb.build/Debug-iphonesimulator/nanopb.build/DerivedSources/arm64 -I/Users/aleks/Library/Developer/Xcode/DerivedData/PlanItApp-gkehojshtcbfvhersqwajfujohau/Build/Intermediates.noindex/nanopb.build/Debug-iphonesimulator/nanopb.build/DerivedSources -F/Users/aleks/Library/Developer/Xcode/DerivedData/PlanItApp-gkehojshtcbfvhersqwajfujohau/Build/Products/Debug-iphonesimulator -iframework /Applications/Xcode.app/Contents/Developer/Platforms/iPhoneSimulator.platform/Developer/Library/Frameworks -iframework /Applications/Xcode.app/Contents/Developer/Platforms/iPhoneSimulator.platform/Developer/SDKs/iPhoneSimulator18.5.sdk/Developer/Library/Frameworks -DXcode

WriteAuxiliaryFile /Users/aleks/Library/Developer/Xcode/DerivedData/PlanItApp-gkehojshtcbfvhersqwajfujohau/Build/Intermediates.noindex/nanopb.build/Debug-iphonesimulator/nanopb.build/DerivedSources/resource_bundle_accessor.h (in target 'nanopb' from project 'nanopb')
    cd /Users/aleks/Library/Developer/Xcode/DerivedData/PlanItApp-gkehojshtcbfvhersqwajfujohau/SourcePackages/checkouts/nanopb
    write-file /Users/aleks/Library/Developer/Xcode/DerivedData/PlanItApp-gkehojshtcbfvhersqwajfujohau/Build/Intermediates.noindex/nanopb.build/Debug-iphonesimulator/nanopb.build/DerivedSources/resource_bundle_accessor.h

WriteAuxiliaryFile /Users/aleks/Library/Developer/Xcode/DerivedData/PlanItApp-gkehojshtcbfvhersqwajfujohau/Build/Intermediates.noindex/nanopb.build/Debug-iphonesimulator/nanopb.build/DerivedSources/resource_bundle_accessor.m (in target 'nanopb' from project 'nanopb')
    cd /Users/aleks/Library/Developer/Xcode/DerivedData/PlanItApp-gkehojshtcbfvhersqwajfujohau/SourcePackages/checkouts/nanopb
    write-file /Users/aleks/Library/Developer/Xcode/DerivedData/PlanItApp-gkehojshtcbfvhersqwajfujohau/Build/Intermediates.noindex/nanopb.build/Debug-iphonesimulator/nanopb.build/DerivedSources/resource_bundle_accessor.m

WriteAuxiliaryFile /Users/aleks/Library/Developer/Xcode/DerivedData/PlanItApp-gkehojshtcbfvhersqwajfujohau/Build/Intermediates.noindex/leveldb.build/Debug-iphonesimulator/leveldb_leveldb.build/leveldb_leveldb.DependencyStaticMetadataFileList (in target 'leveldb_leveldb' from project 'leveldb')
    cd /Users/aleks/Library/Developer/Xcode/DerivedData/PlanItApp-gkehojshtcbfvhersqwajfujohau/SourcePackages/checkouts/leveldb
    write-file /Users/aleks/Library/Developer/Xcode/DerivedData/PlanItApp-gkehojshtcbfvhersqwajfujohau/Build/Intermediates.noindex/leveldb.build/Debug-iphonesimulator/leveldb_leveldb.build/leveldb_leveldb.DependencyStaticMetadataFileList

WriteAuxiliaryFile /Users/aleks/Library/Developer/Xcode/DerivedData/PlanItApp-gkehojshtcbfvhersqwajfujohau/Build/Intermediates.noindex/leveldb.build/Debug-iphonesimulator/leveldb_leveldb.build/leveldb_leveldb.DependencyMetadataFileList (in target 'leveldb_leveldb' from project 'leveldb')
    cd /Users/aleks/Library/Developer/Xcode/DerivedData/PlanItApp-gkehojshtcbfvhersqwajfujohau/SourcePackages/checkouts/leveldb
    write-file /Users/aleks/Library/Developer/Xcode/DerivedData/PlanItApp-gkehojshtcbfvhersqwajfujohau/Build/Intermediates.noindex/leveldb.build/Debug-iphonesimulator/leveldb_leveldb.build/leveldb_leveldb.DependencyMetadataFileList

WriteAuxiliaryFile /Users/aleks/Library/Developer/Xcode/DerivedData/PlanItApp-gkehojshtcbfvhersqwajfujohau/Build/Intermediates.noindex/leveldb.build/Debug-iphonesimulator/leveldb_leveldb.build/empty-leveldb_leveldb.plist (in target 'leveldb_leveldb' from project 'leveldb')
    cd /Users/aleks/Library/Developer/Xcode/DerivedData/PlanItApp-gkehojshtcbfvhersqwajfujohau/SourcePackages/checkouts/leveldb
    write-file /Users/aleks/Library/Developer/Xcode/DerivedData/PlanItApp-gkehojshtcbfvhersqwajfujohau/Build/Intermediates.noindex/leveldb.build/Debug-iphonesimulator/leveldb_leveldb.build/empty-leveldb_leveldb.plist

WriteAuxiliaryFile /Users/aleks/Library/Developer/Xcode/DerivedData/PlanItApp-gkehojshtcbfvhersqwajfujohau/Build/Intermediates.noindex/leveldb.build/Debug-iphonesimulator/leveldb.build/leveldb.modulemap (in target 'leveldb' from project 'leveldb')
    cd /Users/aleks/Library/Developer/Xcode/DerivedData/PlanItApp-gkehojshtcbfvhersqwajfujohau/SourcePackages/checkouts/leveldb
    write-file /Users/aleks/Library/Developer/Xcode/DerivedData/PlanItApp-gkehojshtcbfvhersqwajfujohau/Build/Intermediates.noindex/leveldb.build/Debug-iphonesimulator/leveldb.build/leveldb.modulemap

WriteAuxiliaryFile /Users/aleks/Library/Developer/Xcode/DerivedData/PlanItApp-gkehojshtcbfvhersqwajfujohau/Build/Intermediates.noindex/leveldb.build/Debug-iphonesimulator/leveldb.build/leveldb.DependencyStaticMetadataFileList (in target 'leveldb' from project 'leveldb')
    cd /Users/aleks/Library/Developer/Xcode/DerivedData/PlanItApp-gkehojshtcbfvhersqwajfujohau/SourcePackages/checkouts/leveldb
    write-file /Users/aleks/Library/Developer/Xcode/DerivedData/PlanItApp-gkehojshtcbfvhersqwajfujohau/Build/Intermediates.noindex/leveldb.build/Debug-iphonesimulator/leveldb.build/leveldb.DependencyStaticMetadataFileList

WriteAuxiliaryFile /Users/aleks/Library/Developer/Xcode/DerivedData/PlanItApp-gkehojshtcbfvhersqwajfujohau/Build/Intermediates.noindex/leveldb.build/Debug-iphonesimulator/leveldb.build/leveldb.DependencyMetadataFileList (in target 'leveldb' from project 'leveldb')
    cd /Users/aleks/Library/Developer/Xcode/DerivedData/PlanItApp-gkehojshtcbfvhersqwajfujohau/SourcePackages/checkouts/leveldb
    write-file /Users/aleks/Library/Developer/Xcode/DerivedData/PlanItApp-gkehojshtcbfvhersqwajfujohau/Build/Intermediates.noindex/leveldb.build/Debug-iphonesimulator/leveldb.build/leveldb.DependencyMetadataFileList

WriteAuxiliaryFile /Users/aleks/Library/Developer/Xcode/DerivedData/PlanItApp-gkehojshtcbfvhersqwajfujohau/Build/Intermediates.noindex/leveldb.build/Debug-iphonesimulator/leveldb.build/Objects-normal/arm64/leveldb.LinkFileList (in target 'leveldb' from project 'leveldb')
    cd /Users/aleks/Library/Developer/Xcode/DerivedData/PlanItApp-gkehojshtcbfvhersqwajfujohau/SourcePackages/checkouts/leveldb
    write-file /Users/aleks/Library/Developer/Xcode/DerivedData/PlanItApp-gkehojshtcbfvhersqwajfujohau/Build/Intermediates.noindex/leveldb.build/Debug-iphonesimulator/leveldb.build/Objects-normal/arm64/leveldb.LinkFileList

WriteAuxiliaryFile /Users/aleks/Library/Developer/Xcode/DerivedData/PlanItApp-gkehojshtcbfvhersqwajfujohau/Build/Intermediates.noindex/leveldb.build/Debug-iphonesimulator/leveldb.build/Objects-normal/arm64/e6072d4f65d7061329687fe24e3d63a7-common-args.resp (in target 'leveldb' from project 'leveldb')
    cd /Users/aleks/Library/Developer/Xcode/DerivedData/PlanItApp-gkehojshtcbfvhersqwajfujohau/SourcePackages/checkouts/leveldb
    write-file /Users/aleks/Library/Developer/Xcode/DerivedData/PlanItApp-gkehojshtcbfvhersqwajfujohau/Build/Intermediates.noindex/leveldb.build/Debug-iphonesimulator/leveldb.build/Objects-normal/arm64/e6072d4f65d7061329687fe24e3d63a7-common-args.resp
-target arm64-apple-ios12.0-simulator -fobjc-arc -fmodules -gmodules '-fmodules-cache-path=/Users/aleks/Library/Developer/Xcode/DerivedData/ModuleCache.noindex' '-fmodule-name=leveldb' -fpascal-strings -O0 -DSWIFT_PACKAGE '-DDEBUG=1' '-DLEVELDB_IS_BIG_ENDIAN=0' '-DLEVELDB_PLATFORM_POSIX=1' '-DHAVE_FULLFSYNC=1' '-DOBJC_OLD_DISPATCH_PROTOTYPES=1' -isysroot /Applications/Xcode.app/Contents/Developer/Platforms/iPhoneSimulator.platform/Developer/SDKs/iPhoneSimulator18.5.sdk -g '-fobjc-abi-version=2' -fobjc-legacy-dispatch -fprofile-instr-generate -fcoverage-mapping -I/Users/aleks/Library/Developer/Xcode/DerivedData/PlanItApp-gkehojshtcbfvhersqwajfujohau/Build/Products/Debug-iphonesimulator/include -I/Users/aleks/Library/Developer/Xcode/DerivedData/PlanItApp-gkehojshtcbfvhersqwajfujohau/SourcePackages/checkouts/leveldb/include -I/Users/aleks/Library/Developer/Xcode/DerivedData/PlanItApp-gkehojshtcbfvhersqwajfujohau/SourcePackages/checkouts/leveldb -I/Users/aleks/Library/Developer/Xcode/DerivedData/PlanItApp-gkehojshtcbfvhersqwajfujohau/SourcePackages/checkouts/leveldb/include -I/Users/aleks/Library/Developer/Xcode/DerivedData/PlanItApp-gkehojshtcbfvhersqwajfujohau/Build/Intermediates.noindex/leveldb.build/Debug-iphonesimulator/leveldb.build/DerivedSources-normal/arm64 -I/Users/aleks/Library/Developer/Xcode/DerivedData/PlanItApp-gkehojshtcbfvhersqwajfujohau/Build/Intermediates.noindex/leveldb.build/Debug-iphonesimulator/leveldb.build/DerivedSources/arm64 -I/Users/aleks/Library/Developer/Xcode/DerivedData/PlanItApp-gkehojshtcbfvhersqwajfujohau/Build/Intermediates.noindex/leveldb.build/Debug-iphonesimulator/leveldb.build/DerivedSources -F/Users/aleks/Library/Developer/Xcode/DerivedData/PlanItApp-gkehojshtcbfvhersqwajfujohau/Build/Products/Debug-iphonesimulator -iframework /Applications/Xcode.app/Contents/Developer/Platforms/iPhoneSimulator.platform/Developer/Library/Frameworks -iframework /Applications/Xcode.app/Contents/Developer/Platforms/iPhoneSimulator.platform/Developer/SDKs/iPhoneSimulator18.5.sdk/Developer/Library/Frameworks -DXcode

WriteAuxiliaryFile /Users/aleks/Library/Developer/Xcode/DerivedData/PlanItApp-gkehojshtcbfvhersqwajfujohau/Build/Intermediates.noindex/leveldb.build/Debug-iphonesimulator/leveldb.build/Objects-normal/arm64/82b82416624d2658e5098eb0a28c15c5-common-args.resp (in target 'leveldb' from project 'leveldb')
    cd /Users/aleks/Library/Developer/Xcode/DerivedData/PlanItApp-gkehojshtcbfvhersqwajfujohau/SourcePackages/checkouts/leveldb
    write-file /Users/aleks/Library/Developer/Xcode/DerivedData/PlanItApp-gkehojshtcbfvhersqwajfujohau/Build/Intermediates.noindex/leveldb.build/Debug-iphonesimulator/leveldb.build/Objects-normal/arm64/82b82416624d2658e5098eb0a28c15c5-common-args.resp
-target arm64-apple-ios12.0-simulator '-std=gnu++14' -fmodules -fno-cxx-modules -gmodules '-fmodules-cache-path=/Users/aleks/Library/Developer/Xcode/DerivedData/ModuleCache.noindex' '-fmodule-name=leveldb' '-D_LIBCPP_HARDENING_MODE=_LIBCPP_HARDENING_MODE_DEBUG' -fpascal-strings -O0 -DSWIFT_PACKAGE '-DDEBUG=1' '-DLEVELDB_IS_BIG_ENDIAN=0' '-DLEVELDB_PLATFORM_POSIX=1' '-DHAVE_FULLFSYNC=1' -isysroot /Applications/Xcode.app/Contents/Developer/Platforms/iPhoneSimulator.platform/Developer/SDKs/iPhoneSimulator18.5.sdk -g -fvisibility-inlines-hidden -fprofile-instr-generate -fcoverage-mapping -I/Users/aleks/Library/Developer/Xcode/DerivedData/PlanItApp-gkehojshtcbfvhersqwajfujohau/Build/Products/Debug-iphonesimulator/include -I/Users/aleks/Library/Developer/Xcode/DerivedData/PlanItApp-gkehojshtcbfvhersqwajfujohau/SourcePackages/checkouts/leveldb/include -I/Users/aleks/Library/Developer/Xcode/DerivedData/PlanItApp-gkehojshtcbfvhersqwajfujohau/SourcePackages/checkouts/leveldb -I/Users/aleks/Library/Developer/Xcode/DerivedData/PlanItApp-gkehojshtcbfvhersqwajfujohau/SourcePackages/checkouts/leveldb/include -I/Users/aleks/Library/Developer/Xcode/DerivedData/PlanItApp-gkehojshtcbfvhersqwajfujohau/Build/Intermediates.noindex/leveldb.build/Debug-iphonesimulator/leveldb.build/DerivedSources-normal/arm64 -I/Users/aleks/Library/Developer/Xcode/DerivedData/PlanItApp-gkehojshtcbfvhersqwajfujohau/Build/Intermediates.noindex/leveldb.build/Debug-iphonesimulator/leveldb.build/DerivedSources/arm64 -I/Users/aleks/Library/Developer/Xcode/DerivedData/PlanItApp-gkehojshtcbfvhersqwajfujohau/Build/Intermediates.noindex/leveldb.build/Debug-iphonesimulator/leveldb.build/DerivedSources -F/Users/aleks/Library/Developer/Xcode/DerivedData/PlanItApp-gkehojshtcbfvhersqwajfujohau/Build/Products/Debug-iphonesimulator -iframework /Applications/Xcode.app/Contents/Developer/Platforms/iPhoneSimulator.platform/Developer/Library/Frameworks -iframework /Applications/Xcode.app/Contents/Developer/Platforms/iPhoneSimulator.platform/Developer/SDKs/iPhoneSimulator18.5.sdk/Developer/Library/Frameworks -DXcode

WriteAuxiliaryFile /Users/aleks/Library/Developer/Xcode/DerivedData/PlanItApp-gkehojshtcbfvhersqwajfujohau/Build/Intermediates.noindex/leveldb.build/Debug-iphonesimulator/leveldb.build/DerivedSources/resource_bundle_accessor.m (in target 'leveldb' from project 'leveldb')
    cd /Users/aleks/Library/Developer/Xcode/DerivedData/PlanItApp-gkehojshtcbfvhersqwajfujohau/SourcePackages/checkouts/leveldb
    write-file /Users/aleks/Library/Developer/Xcode/DerivedData/PlanItApp-gkehojshtcbfvhersqwajfujohau/Build/Intermediates.noindex/leveldb.build/Debug-iphonesimulator/leveldb.build/DerivedSources/resource_bundle_accessor.m

WriteAuxiliaryFile /Users/aleks/Library/Developer/Xcode/DerivedData/PlanItApp-gkehojshtcbfvhersqwajfujohau/Build/Intermediates.noindex/leveldb.build/Debug-iphonesimulator/leveldb.build/DerivedSources/resource_bundle_accessor.h (in target 'leveldb' from project 'leveldb')
    cd /Users/aleks/Library/Developer/Xcode/DerivedData/PlanItApp-gkehojshtcbfvhersqwajfujohau/SourcePackages/checkouts/leveldb
    write-file /Users/aleks/Library/Developer/Xcode/DerivedData/PlanItApp-gkehojshtcbfvhersqwajfujohau/Build/Intermediates.noindex/leveldb.build/Debug-iphonesimulator/leveldb.build/DerivedSources/resource_bundle_accessor.h

WriteAuxiliaryFile /Users/aleks/Library/Developer/Xcode/DerivedData/PlanItApp-gkehojshtcbfvhersqwajfujohau/Build/Intermediates.noindex/gRPC.build/Debug-iphonesimulator/gRPC_grpcppWrapper.build/gRPC_grpcppWrapper.DependencyStaticMetadataFileList (in target 'gRPC_grpcppWrapper' from project 'gRPC')
    cd /Users/aleks/Library/Developer/Xcode/DerivedData/PlanItApp-gkehojshtcbfvhersqwajfujohau/SourcePackages/checkouts/grpc-binary
    write-file /Users/aleks/Library/Developer/Xcode/DerivedData/PlanItApp-gkehojshtcbfvhersqwajfujohau/Build/Intermediates.noindex/gRPC.build/Debug-iphonesimulator/gRPC_grpcppWrapper.build/gRPC_grpcppWrapper.DependencyStaticMetadataFileList

WriteAuxiliaryFile /Users/aleks/Library/Developer/Xcode/DerivedData/PlanItApp-gkehojshtcbfvhersqwajfujohau/Build/Intermediates.noindex/gRPC.build/Debug-iphonesimulator/gRPC_grpcppWrapper.build/gRPC_grpcppWrapper.DependencyMetadataFileList (in target 'gRPC_grpcppWrapper' from project 'gRPC')
    cd /Users/aleks/Library/Developer/Xcode/DerivedData/PlanItApp-gkehojshtcbfvhersqwajfujohau/SourcePackages/checkouts/grpc-binary
    write-file /Users/aleks/Library/Developer/Xcode/DerivedData/PlanItApp-gkehojshtcbfvhersqwajfujohau/Build/Intermediates.noindex/gRPC.build/Debug-iphonesimulator/gRPC_grpcppWrapper.build/gRPC_grpcppWrapper.DependencyMetadataFileList

WriteAuxiliaryFile /Users/aleks/Library/Developer/Xcode/DerivedData/PlanItApp-gkehojshtcbfvhersqwajfujohau/Build/Intermediates.noindex/gRPC.build/Debug-iphonesimulator/gRPC_grpcppWrapper.build/empty-gRPC_grpcppWrapper.plist (in target 'gRPC_grpcppWrapper' from project 'gRPC')
    cd /Users/aleks/Library/Developer/Xcode/DerivedData/PlanItApp-gkehojshtcbfvhersqwajfujohau/SourcePackages/checkouts/grpc-binary
    write-file /Users/aleks/Library/Developer/Xcode/DerivedData/PlanItApp-gkehojshtcbfvhersqwajfujohau/Build/Intermediates.noindex/gRPC.build/Debug-iphonesimulator/gRPC_grpcppWrapper.build/empty-gRPC_grpcppWrapper.plist

WriteAuxiliaryFile /Users/aleks/Library/Developer/Xcode/DerivedData/PlanItApp-gkehojshtcbfvhersqwajfujohau/Build/Intermediates.noindex/abseil.build/Debug-iphonesimulator/abseil_abslWrapper.build/empty-abseil_abslWrapper.plist (in target 'abseil_abslWrapper' from project 'abseil')
    cd /Users/aleks/Library/Developer/Xcode/DerivedData/PlanItApp-gkehojshtcbfvhersqwajfujohau/SourcePackages/checkouts/abseil-cpp-binary
    write-file /Users/aleks/Library/Developer/Xcode/DerivedData/PlanItApp-gkehojshtcbfvhersqwajfujohau/Build/Intermediates.noindex/abseil.build/Debug-iphonesimulator/abseil_abslWrapper.build/empty-abseil_abslWrapper.plist

WriteAuxiliaryFile /Users/aleks/Library/Developer/Xcode/DerivedData/PlanItApp-gkehojshtcbfvhersqwajfujohau/Build/Intermediates.noindex/abseil.build/Debug-iphonesimulator/abseil_abslWrapper.build/abseil_abslWrapper.DependencyStaticMetadataFileList (in target 'abseil_abslWrapper' from project 'abseil')
    cd /Users/aleks/Library/Developer/Xcode/DerivedData/PlanItApp-gkehojshtcbfvhersqwajfujohau/SourcePackages/checkouts/abseil-cpp-binary
    write-file /Users/aleks/Library/Developer/Xcode/DerivedData/PlanItApp-gkehojshtcbfvhersqwajfujohau/Build/Intermediates.noindex/abseil.build/Debug-iphonesimulator/abseil_abslWrapper.build/abseil_abslWrapper.DependencyStaticMetadataFileList

WriteAuxiliaryFile /Users/aleks/Library/Developer/Xcode/DerivedData/PlanItApp-gkehojshtcbfvhersqwajfujohau/Build/Intermediates.noindex/abseil.build/Debug-iphonesimulator/abseil_abslWrapper.build/abseil_abslWrapper.DependencyMetadataFileList (in target 'abseil_abslWrapper' from project 'abseil')
    cd /Users/aleks/Library/Developer/Xcode/DerivedData/PlanItApp-gkehojshtcbfvhersqwajfujohau/SourcePackages/checkouts/abseil-cpp-binary
    write-file /Users/aleks/Library/Developer/Xcode/DerivedData/PlanItApp-gkehojshtcbfvhersqwajfujohau/Build/Intermediates.noindex/abseil.build/Debug-iphonesimulator/abseil_abslWrapper.build/abseil_abslWrapper.DependencyMetadataFileList

WriteAuxiliaryFile /Users/aleks/Library/Developer/Xcode/DerivedData/PlanItApp-gkehojshtcbfvhersqwajfujohau/Build/Intermediates.noindex/InteropForGoogle.build/Debug-iphonesimulator/RecaptchaInterop.build/RecaptchaInterop.modulemap (in target 'RecaptchaInterop' from project 'InteropForGoogle')
    cd /Users/aleks/Library/Developer/Xcode/DerivedData/PlanItApp-gkehojshtcbfvhersqwajfujohau/SourcePackages/checkouts/interop-ios-for-google-sdks
    write-file /Users/aleks/Library/Developer/Xcode/DerivedData/PlanItApp-gkehojshtcbfvhersqwajfujohau/Build/Intermediates.noindex/InteropForGoogle.build/Debug-iphonesimulator/RecaptchaInterop.build/RecaptchaInterop.modulemap

WriteAuxiliaryFile /Users/aleks/Library/Developer/Xcode/DerivedData/PlanItApp-gkehojshtcbfvhersqwajfujohau/Build/Intermediates.noindex/InteropForGoogle.build/Debug-iphonesimulator/RecaptchaInterop.build/RecaptchaInterop.DependencyStaticMetadataFileList (in target 'RecaptchaInterop' from project 'InteropForGoogle')
    cd /Users/aleks/Library/Developer/Xcode/DerivedData/PlanItApp-gkehojshtcbfvhersqwajfujohau/SourcePackages/checkouts/interop-ios-for-google-sdks
    write-file /Users/aleks/Library/Developer/Xcode/DerivedData/PlanItApp-gkehojshtcbfvhersqwajfujohau/Build/Intermediates.noindex/InteropForGoogle.build/Debug-iphonesimulator/RecaptchaInterop.build/RecaptchaInterop.DependencyStaticMetadataFileList

WriteAuxiliaryFile /Users/aleks/Library/Developer/Xcode/DerivedData/PlanItApp-gkehojshtcbfvhersqwajfujohau/Build/Intermediates.noindex/InteropForGoogle.build/Debug-iphonesimulator/RecaptchaInterop.build/RecaptchaInterop.DependencyMetadataFileList (in target 'RecaptchaInterop' from project 'InteropForGoogle')
    cd /Users/aleks/Library/Developer/Xcode/DerivedData/PlanItApp-gkehojshtcbfvhersqwajfujohau/SourcePackages/checkouts/interop-ios-for-google-sdks
    write-file /Users/aleks/Library/Developer/Xcode/DerivedData/PlanItApp-gkehojshtcbfvhersqwajfujohau/Build/Intermediates.noindex/InteropForGoogle.build/Debug-iphonesimulator/RecaptchaInterop.build/RecaptchaInterop.DependencyMetadataFileList

WriteAuxiliaryFile /Users/aleks/Library/Developer/Xcode/DerivedData/PlanItApp-gkehojshtcbfvhersqwajfujohau/Build/Intermediates.noindex/InteropForGoogle.build/Debug-iphonesimulator/RecaptchaInterop.build/Objects-normal/arm64/RecaptchaInterop.LinkFileList (in target 'RecaptchaInterop' from project 'InteropForGoogle')
    cd /Users/aleks/Library/Developer/Xcode/DerivedData/PlanItApp-gkehojshtcbfvhersqwajfujohau/SourcePackages/checkouts/interop-ios-for-google-sdks
    write-file /Users/aleks/Library/Developer/Xcode/DerivedData/PlanItApp-gkehojshtcbfvhersqwajfujohau/Build/Intermediates.noindex/InteropForGoogle.build/Debug-iphonesimulator/RecaptchaInterop.build/Objects-normal/arm64/RecaptchaInterop.LinkFileList

WriteAuxiliaryFile /Users/aleks/Library/Developer/Xcode/DerivedData/PlanItApp-gkehojshtcbfvhersqwajfujohau/Build/Intermediates.noindex/InteropForGoogle.build/Debug-iphonesimulator/RecaptchaInterop.build/Objects-normal/arm64/e6072d4f65d7061329687fe24e3d63a7-common-args.resp (in target 'RecaptchaInterop' from project 'InteropForGoogle')
    cd /Users/aleks/Library/Developer/Xcode/DerivedData/PlanItApp-gkehojshtcbfvhersqwajfujohau/SourcePackages/checkouts/interop-ios-for-google-sdks
    write-file /Users/aleks/Library/Developer/Xcode/DerivedData/PlanItApp-gkehojshtcbfvhersqwajfujohau/Build/Intermediates.noindex/InteropForGoogle.build/Debug-iphonesimulator/RecaptchaInterop.build/Objects-normal/arm64/e6072d4f65d7061329687fe24e3d63a7-common-args.resp
-target arm64-apple-ios12.0-simulator -fobjc-arc -fmodules -gmodules '-fmodules-cache-path=/Users/aleks/Library/Developer/Xcode/DerivedData/ModuleCache.noindex' '-fmodule-name=RecaptchaInterop' -fpascal-strings -O0 -DSWIFT_PACKAGE '-DDEBUG=1' '-DOBJC_OLD_DISPATCH_PROTOTYPES=1' -isysroot /Applications/Xcode.app/Contents/Developer/Platforms/iPhoneSimulator.platform/Developer/SDKs/iPhoneSimulator18.5.sdk -g '-fobjc-abi-version=2' -fobjc-legacy-dispatch -fprofile-instr-generate -fcoverage-mapping -I/Users/aleks/Library/Developer/Xcode/DerivedData/PlanItApp-gkehojshtcbfvhersqwajfujohau/Build/Products/Debug-iphonesimulator/include -I/Users/aleks/Library/Developer/Xcode/DerivedData/PlanItApp-gkehojshtcbfvhersqwajfujohau/SourcePackages/checkouts/interop-ios-for-google-sdks/RecaptchaEnterprise/RecaptchaInterop/Public -I/Users/aleks/Library/Developer/Xcode/DerivedData/PlanItApp-gkehojshtcbfvhersqwajfujohau/Build/Intermediates.noindex/InteropForGoogle.build/Debug-iphonesimulator/RecaptchaInterop.build/DerivedSources-normal/arm64 -I/Users/aleks/Library/Developer/Xcode/DerivedData/PlanItApp-gkehojshtcbfvhersqwajfujohau/Build/Intermediates.noindex/InteropForGoogle.build/Debug-iphonesimulator/RecaptchaInterop.build/DerivedSources/arm64 -I/Users/aleks/Library/Developer/Xcode/DerivedData/PlanItApp-gkehojshtcbfvhersqwajfujohau/Build/Intermediates.noindex/InteropForGoogle.build/Debug-iphonesimulator/RecaptchaInterop.build/DerivedSources -F/Users/aleks/Library/Developer/Xcode/DerivedData/PlanItApp-gkehojshtcbfvhersqwajfujohau/Build/Products/Debug-iphonesimulator -iframework /Applications/Xcode.app/Contents/Developer/Platforms/iPhoneSimulator.platform/Developer/Library/Frameworks -iframework /Applications/Xcode.app/Contents/Developer/Platforms/iPhoneSimulator.platform/Developer/SDKs/iPhoneSimulator18.5.sdk/Developer/Library/Frameworks -DXcode

WriteAuxiliaryFile /Users/aleks/Library/Developer/Xcode/DerivedData/PlanItApp-gkehojshtcbfvhersqwajfujohau/Build/Intermediates.noindex/Promises.build/Debug-iphonesimulator/Promises_FBLPromises.build/empty-Promises_FBLPromises.plist (in target 'Promises_FBLPromises' from project 'Promises')
    cd /Users/aleks/Library/Developer/Xcode/DerivedData/PlanItApp-gkehojshtcbfvhersqwajfujohau/SourcePackages/checkouts/promises
    write-file /Users/aleks/Library/Developer/Xcode/DerivedData/PlanItApp-gkehojshtcbfvhersqwajfujohau/Build/Intermediates.noindex/Promises.build/Debug-iphonesimulator/Promises_FBLPromises.build/empty-Promises_FBLPromises.plist

WriteAuxiliaryFile /Users/aleks/Library/Developer/Xcode/DerivedData/PlanItApp-gkehojshtcbfvhersqwajfujohau/Build/Intermediates.noindex/Promises.build/Debug-iphonesimulator/Promises_FBLPromises.build/Promises_FBLPromises.DependencyStaticMetadataFileList (in target 'Promises_FBLPromises' from project 'Promises')
    cd /Users/aleks/Library/Developer/Xcode/DerivedData/PlanItApp-gkehojshtcbfvhersqwajfujohau/SourcePackages/checkouts/promises
    write-file /Users/aleks/Library/Developer/Xcode/DerivedData/PlanItApp-gkehojshtcbfvhersqwajfujohau/Build/Intermediates.noindex/Promises.build/Debug-iphonesimulator/Promises_FBLPromises.build/Promises_FBLPromises.DependencyStaticMetadataFileList

WriteAuxiliaryFile /Users/aleks/Library/Developer/Xcode/DerivedData/PlanItApp-gkehojshtcbfvhersqwajfujohau/Build/Intermediates.noindex/Promises.build/Debug-iphonesimulator/Promises_FBLPromises.build/Promises_FBLPromises.DependencyMetadataFileList (in target 'Promises_FBLPromises' from project 'Promises')
    cd /Users/aleks/Library/Developer/Xcode/DerivedData/PlanItApp-gkehojshtcbfvhersqwajfujohau/SourcePackages/checkouts/promises
    write-file /Users/aleks/Library/Developer/Xcode/DerivedData/PlanItApp-gkehojshtcbfvhersqwajfujohau/Build/Intermediates.noindex/Promises.build/Debug-iphonesimulator/Promises_FBLPromises.build/Promises_FBLPromises.DependencyMetadataFileList

WriteAuxiliaryFile /Users/aleks/Library/Developer/Xcode/DerivedData/PlanItApp-gkehojshtcbfvhersqwajfujohau/Build/Intermediates.noindex/GoogleUtilities.build/Debug-iphonesimulator/GoogleUtilities_GoogleUtilities-UserDefaults.build/empty-GoogleUtilities_GoogleUtilities-UserDefaults.plist (in target 'GoogleUtilities_GoogleUtilities-UserDefaults' from project 'GoogleUtilities')
    cd /Users/aleks/Library/Developer/Xcode/DerivedData/PlanItApp-gkehojshtcbfvhersqwajfujohau/SourcePackages/checkouts/GoogleUtilities
    write-file /Users/aleks/Library/Developer/Xcode/DerivedData/PlanItApp-gkehojshtcbfvhersqwajfujohau/Build/Intermediates.noindex/GoogleUtilities.build/Debug-iphonesimulator/GoogleUtilities_GoogleUtilities-UserDefaults.build/empty-GoogleUtilities_GoogleUtilities-UserDefaults.plist

WriteAuxiliaryFile /Users/aleks/Library/Developer/Xcode/DerivedData/PlanItApp-gkehojshtcbfvhersqwajfujohau/Build/Intermediates.noindex/GoogleUtilities.build/Debug-iphonesimulator/GoogleUtilities_GoogleUtilities-UserDefaults.build/GoogleUtilities_GoogleUtilities-UserDefaults.DependencyStaticMetadataFileList (in target 'GoogleUtilities_GoogleUtilities-UserDefaults' from project 'GoogleUtilities')
    cd /Users/aleks/Library/Developer/Xcode/DerivedData/PlanItApp-gkehojshtcbfvhersqwajfujohau/SourcePackages/checkouts/GoogleUtilities
    write-file /Users/aleks/Library/Developer/Xcode/DerivedData/PlanItApp-gkehojshtcbfvhersqwajfujohau/Build/Intermediates.noindex/GoogleUtilities.build/Debug-iphonesimulator/GoogleUtilities_GoogleUtilities-UserDefaults.build/GoogleUtilities_GoogleUtilities-UserDefaults.DependencyStaticMetadataFileList

WriteAuxiliaryFile /Users/aleks/Library/Developer/Xcode/DerivedData/PlanItApp-gkehojshtcbfvhersqwajfujohau/Build/Intermediates.noindex/GoogleUtilities.build/Debug-iphonesimulator/GoogleUtilities_GoogleUtilities-UserDefaults.build/GoogleUtilities_GoogleUtilities-UserDefaults.DependencyMetadataFileList (in target 'GoogleUtilities_GoogleUtilities-UserDefaults' from project 'GoogleUtilities')
    cd /Users/aleks/Library/Developer/Xcode/DerivedData/PlanItApp-gkehojshtcbfvhersqwajfujohau/SourcePackages/checkouts/GoogleUtilities
    write-file /Users/aleks/Library/Developer/Xcode/DerivedData/PlanItApp-gkehojshtcbfvhersqwajfujohau/Build/Intermediates.noindex/GoogleUtilities.build/Debug-iphonesimulator/GoogleUtilities_GoogleUtilities-UserDefaults.build/GoogleUtilities_GoogleUtilities-UserDefaults.DependencyMetadataFileList

WriteAuxiliaryFile /Users/aleks/Library/Developer/Xcode/DerivedData/PlanItApp-gkehojshtcbfvhersqwajfujohau/Build/Intermediates.noindex/GoogleUtilities.build/Debug-iphonesimulator/GoogleUtilities_GoogleUtilities-Reachability.build/empty-GoogleUtilities_GoogleUtilities-Reachability.plist (in target 'GoogleUtilities_GoogleUtilities-Reachability' from project 'GoogleUtilities')
    cd /Users/aleks/Library/Developer/Xcode/DerivedData/PlanItApp-gkehojshtcbfvhersqwajfujohau/SourcePackages/checkouts/GoogleUtilities
    write-file /Users/aleks/Library/Developer/Xcode/DerivedData/PlanItApp-gkehojshtcbfvhersqwajfujohau/Build/Intermediates.noindex/GoogleUtilities.build/Debug-iphonesimulator/GoogleUtilities_GoogleUtilities-Reachability.build/empty-GoogleUtilities_GoogleUtilities-Reachability.plist

WriteAuxiliaryFile /Users/aleks/Library/Developer/Xcode/DerivedData/PlanItApp-gkehojshtcbfvhersqwajfujohau/Build/Intermediates.noindex/GoogleUtilities.build/Debug-iphonesimulator/GoogleUtilities_GoogleUtilities-Reachability.build/GoogleUtilities_GoogleUtilities-Reachability.DependencyStaticMetadataFileList (in target 'GoogleUtilities_GoogleUtilities-Reachability' from project 'GoogleUtilities')
    cd /Users/aleks/Library/Developer/Xcode/DerivedData/PlanItApp-gkehojshtcbfvhersqwajfujohau/SourcePackages/checkouts/GoogleUtilities
    write-file /Users/aleks/Library/Developer/Xcode/DerivedData/PlanItApp-gkehojshtcbfvhersqwajfujohau/Build/Intermediates.noindex/GoogleUtilities.build/Debug-iphonesimulator/GoogleUtilities_GoogleUtilities-Reachability.build/GoogleUtilities_GoogleUtilities-Reachability.DependencyStaticMetadataFileList

WriteAuxiliaryFile /Users/aleks/Library/Developer/Xcode/DerivedData/PlanItApp-gkehojshtcbfvhersqwajfujohau/Build/Intermediates.noindex/GoogleUtilities.build/Debug-iphonesimulator/GoogleUtilities_GoogleUtilities-Reachability.build/GoogleUtilities_GoogleUtilities-Reachability.DependencyMetadataFileList (in target 'GoogleUtilities_GoogleUtilities-Reachability' from project 'GoogleUtilities')
    cd /Users/aleks/Library/Developer/Xcode/DerivedData/PlanItApp-gkehojshtcbfvhersqwajfujohau/SourcePackages/checkouts/GoogleUtilities
    write-file /Users/aleks/Library/Developer/Xcode/DerivedData/PlanItApp-gkehojshtcbfvhersqwajfujohau/Build/Intermediates.noindex/GoogleUtilities.build/Debug-iphonesimulator/GoogleUtilities_GoogleUtilities-Reachability.build/GoogleUtilities_GoogleUtilities-Reachability.DependencyMetadataFileList

WriteAuxiliaryFile /Users/aleks/Library/Developer/Xcode/DerivedData/PlanItApp-gkehojshtcbfvhersqwajfujohau/Build/Intermediates.noindex/GoogleUtilities.build/Debug-iphonesimulator/GoogleUtilities_GoogleUtilities-Network.build/empty-GoogleUtilities_GoogleUtilities-Network.plist (in target 'GoogleUtilities_GoogleUtilities-Network' from project 'GoogleUtilities')
    cd /Users/aleks/Library/Developer/Xcode/DerivedData/PlanItApp-gkehojshtcbfvhersqwajfujohau/SourcePackages/checkouts/GoogleUtilities
    write-file /Users/aleks/Library/Developer/Xcode/DerivedData/PlanItApp-gkehojshtcbfvhersqwajfujohau/Build/Intermediates.noindex/GoogleUtilities.build/Debug-iphonesimulator/GoogleUtilities_GoogleUtilities-Network.build/empty-GoogleUtilities_GoogleUtilities-Network.plist

WriteAuxiliaryFile /Users/aleks/Library/Developer/Xcode/DerivedData/PlanItApp-gkehojshtcbfvhersqwajfujohau/Build/Intermediates.noindex/GoogleUtilities.build/Debug-iphonesimulator/GoogleUtilities_GoogleUtilities-Network.build/GoogleUtilities_GoogleUtilities-Network.DependencyStaticMetadataFileList (in target 'GoogleUtilities_GoogleUtilities-Network' from project 'GoogleUtilities')
    cd /Users/aleks/Library/Developer/Xcode/DerivedData/PlanItApp-gkehojshtcbfvhersqwajfujohau/SourcePackages/checkouts/GoogleUtilities
    write-file /Users/aleks/Library/Developer/Xcode/DerivedData/PlanItApp-gkehojshtcbfvhersqwajfujohau/Build/Intermediates.noindex/GoogleUtilities.build/Debug-iphonesimulator/GoogleUtilities_GoogleUtilities-Network.build/GoogleUtilities_GoogleUtilities-Network.DependencyStaticMetadataFileList

WriteAuxiliaryFile /Users/aleks/Library/Developer/Xcode/DerivedData/PlanItApp-gkehojshtcbfvhersqwajfujohau/Build/Intermediates.noindex/GoogleUtilities.build/Debug-iphonesimulator/GoogleUtilities_GoogleUtilities-Network.build/GoogleUtilities_GoogleUtilities-Network.DependencyMetadataFileList (in target 'GoogleUtilities_GoogleUtilities-Network' from project 'GoogleUtilities')
    cd /Users/aleks/Library/Developer/Xcode/DerivedData/PlanItApp-gkehojshtcbfvhersqwajfujohau/SourcePackages/checkouts/GoogleUtilities
    write-file /Users/aleks/Library/Developer/Xcode/DerivedData/PlanItApp-gkehojshtcbfvhersqwajfujohau/Build/Intermediates.noindex/GoogleUtilities.build/Debug-iphonesimulator/GoogleUtilities_GoogleUtilities-Network.build/GoogleUtilities_GoogleUtilities-Network.DependencyMetadataFileList

WriteAuxiliaryFile /Users/aleks/Library/Developer/Xcode/DerivedData/PlanItApp-gkehojshtcbfvhersqwajfujohau/Build/Intermediates.noindex/GoogleUtilities.build/Debug-iphonesimulator/GoogleUtilities_GoogleUtilities-NSData.build/empty-GoogleUtilities_GoogleUtilities-NSData.plist (in target 'GoogleUtilities_GoogleUtilities-NSData' from project 'GoogleUtilities')
    cd /Users/aleks/Library/Developer/Xcode/DerivedData/PlanItApp-gkehojshtcbfvhersqwajfujohau/SourcePackages/checkouts/GoogleUtilities
    write-file /Users/aleks/Library/Developer/Xcode/DerivedData/PlanItApp-gkehojshtcbfvhersqwajfujohau/Build/Intermediates.noindex/GoogleUtilities.build/Debug-iphonesimulator/GoogleUtilities_GoogleUtilities-NSData.build/empty-GoogleUtilities_GoogleUtilities-NSData.plist

WriteAuxiliaryFile /Users/aleks/Library/Developer/Xcode/DerivedData/PlanItApp-gkehojshtcbfvhersqwajfujohau/Build/Intermediates.noindex/GoogleUtilities.build/Debug-iphonesimulator/GoogleUtilities_GoogleUtilities-NSData.build/GoogleUtilities_GoogleUtilities-NSData.DependencyStaticMetadataFileList (in target 'GoogleUtilities_GoogleUtilities-NSData' from project 'GoogleUtilities')
    cd /Users/aleks/Library/Developer/Xcode/DerivedData/PlanItApp-gkehojshtcbfvhersqwajfujohau/SourcePackages/checkouts/GoogleUtilities
    write-file /Users/aleks/Library/Developer/Xcode/DerivedData/PlanItApp-gkehojshtcbfvhersqwajfujohau/Build/Intermediates.noindex/GoogleUtilities.build/Debug-iphonesimulator/GoogleUtilities_GoogleUtilities-NSData.build/GoogleUtilities_GoogleUtilities-NSData.DependencyStaticMetadataFileList

WriteAuxiliaryFile /Users/aleks/Library/Developer/Xcode/DerivedData/PlanItApp-gkehojshtcbfvhersqwajfujohau/Build/Intermediates.noindex/GoogleUtilities.build/Debug-iphonesimulator/GoogleUtilities_GoogleUtilities-NSData.build/GoogleUtilities_GoogleUtilities-NSData.DependencyMetadataFileList (in target 'GoogleUtilities_GoogleUtilities-NSData' from project 'GoogleUtilities')
    cd /Users/aleks/Library/Developer/Xcode/DerivedData/PlanItApp-gkehojshtcbfvhersqwajfujohau/SourcePackages/checkouts/GoogleUtilities
    write-file /Users/aleks/Library/Developer/Xcode/DerivedData/PlanItApp-gkehojshtcbfvhersqwajfujohau/Build/Intermediates.noindex/GoogleUtilities.build/Debug-iphonesimulator/GoogleUtilities_GoogleUtilities-NSData.build/GoogleUtilities_GoogleUtilities-NSData.DependencyMetadataFileList

WriteAuxiliaryFile /Users/aleks/Library/Developer/Xcode/DerivedData/PlanItApp-gkehojshtcbfvhersqwajfujohau/Build/Intermediates.noindex/GoogleUtilities.build/Debug-iphonesimulator/GoogleUtilities_GoogleUtilities-Logger.build/empty-GoogleUtilities_GoogleUtilities-Logger.plist (in target 'GoogleUtilities_GoogleUtilities-Logger' from project 'GoogleUtilities')
    cd /Users/aleks/Library/Developer/Xcode/DerivedData/PlanItApp-gkehojshtcbfvhersqwajfujohau/SourcePackages/checkouts/GoogleUtilities
    write-file /Users/aleks/Library/Developer/Xcode/DerivedData/PlanItApp-gkehojshtcbfvhersqwajfujohau/Build/Intermediates.noindex/GoogleUtilities.build/Debug-iphonesimulator/GoogleUtilities_GoogleUtilities-Logger.build/empty-GoogleUtilities_GoogleUtilities-Logger.plist

WriteAuxiliaryFile /Users/aleks/Library/Developer/Xcode/DerivedData/PlanItApp-gkehojshtcbfvhersqwajfujohau/Build/Intermediates.noindex/GoogleUtilities.build/Debug-iphonesimulator/GoogleUtilities_GoogleUtilities-Logger.build/GoogleUtilities_GoogleUtilities-Logger.DependencyStaticMetadataFileList (in target 'GoogleUtilities_GoogleUtilities-Logger' from project 'GoogleUtilities')
    cd /Users/aleks/Library/Developer/Xcode/DerivedData/PlanItApp-gkehojshtcbfvhersqwajfujohau/SourcePackages/checkouts/GoogleUtilities
    write-file /Users/aleks/Library/Developer/Xcode/DerivedData/PlanItApp-gkehojshtcbfvhersqwajfujohau/Build/Intermediates.noindex/GoogleUtilities.build/Debug-iphonesimulator/GoogleUtilities_GoogleUtilities-Logger.build/GoogleUtilities_GoogleUtilities-Logger.DependencyStaticMetadataFileList

WriteAuxiliaryFile /Users/aleks/Library/Developer/Xcode/DerivedData/PlanItApp-gkehojshtcbfvhersqwajfujohau/Build/Intermediates.noindex/GoogleUtilities.build/Debug-iphonesimulator/GoogleUtilities_GoogleUtilities-Logger.build/GoogleUtilities_GoogleUtilities-Logger.DependencyMetadataFileList (in target 'GoogleUtilities_GoogleUtilities-Logger' from project 'GoogleUtilities')
    cd /Users/aleks/Library/Developer/Xcode/DerivedData/PlanItApp-gkehojshtcbfvhersqwajfujohau/SourcePackages/checkouts/GoogleUtilities
    write-file /Users/aleks/Library/Developer/Xcode/DerivedData/PlanItApp-gkehojshtcbfvhersqwajfujohau/Build/Intermediates.noindex/GoogleUtilities.build/Debug-iphonesimulator/GoogleUtilities_GoogleUtilities-Logger.build/GoogleUtilities_GoogleUtilities-Logger.DependencyMetadataFileList

WriteAuxiliaryFile /Users/aleks/Library/Developer/Xcode/DerivedData/PlanItApp-gkehojshtcbfvhersqwajfujohau/Build/Intermediates.noindex/GoogleUtilities.build/Debug-iphonesimulator/GoogleUtilities_GoogleUtilities-Environment.build/empty-GoogleUtilities_GoogleUtilities-Environment.plist (in target 'GoogleUtilities_GoogleUtilities-Environment' from project 'GoogleUtilities')
    cd /Users/aleks/Library/Developer/Xcode/DerivedData/PlanItApp-gkehojshtcbfvhersqwajfujohau/SourcePackages/checkouts/GoogleUtilities
    write-file /Users/aleks/Library/Developer/Xcode/DerivedData/PlanItApp-gkehojshtcbfvhersqwajfujohau/Build/Intermediates.noindex/GoogleUtilities.build/Debug-iphonesimulator/GoogleUtilities_GoogleUtilities-Environment.build/empty-GoogleUtilities_GoogleUtilities-Environment.plist

WriteAuxiliaryFile /Users/aleks/Library/Developer/Xcode/DerivedData/PlanItApp-gkehojshtcbfvhersqwajfujohau/Build/Intermediates.noindex/GoogleUtilities.build/Debug-iphonesimulator/GoogleUtilities_GoogleUtilities-Environment.build/GoogleUtilities_GoogleUtilities-Environment.DependencyStaticMetadataFileList (in target 'GoogleUtilities_GoogleUtilities-Environment' from project 'GoogleUtilities')
    cd /Users/aleks/Library/Developer/Xcode/DerivedData/PlanItApp-gkehojshtcbfvhersqwajfujohau/SourcePackages/checkouts/GoogleUtilities
    write-file /Users/aleks/Library/Developer/Xcode/DerivedData/PlanItApp-gkehojshtcbfvhersqwajfujohau/Build/Intermediates.noindex/GoogleUtilities.build/Debug-iphonesimulator/GoogleUtilities_GoogleUtilities-Environment.build/GoogleUtilities_GoogleUtilities-Environment.DependencyStaticMetadataFileList

WriteAuxiliaryFile /Users/aleks/Library/Developer/Xcode/DerivedData/PlanItApp-gkehojshtcbfvhersqwajfujohau/Build/Intermediates.noindex/GoogleUtilities.build/Debug-iphonesimulator/GoogleUtilities_GoogleUtilities-Environment.build/GoogleUtilities_GoogleUtilities-Environment.DependencyMetadataFileList (in target 'GoogleUtilities_GoogleUtilities-Environment' from project 'GoogleUtilities')
    cd /Users/aleks/Library/Developer/Xcode/DerivedData/PlanItApp-gkehojshtcbfvhersqwajfujohau/SourcePackages/checkouts/GoogleUtilities
    write-file /Users/aleks/Library/Developer/Xcode/DerivedData/PlanItApp-gkehojshtcbfvhersqwajfujohau/Build/Intermediates.noindex/GoogleUtilities.build/Debug-iphonesimulator/GoogleUtilities_GoogleUtilities-Environment.build/GoogleUtilities_GoogleUtilities-Environment.DependencyMetadataFileList

Copy /Users/aleks/Library/Developer/Xcode/DerivedData/PlanItApp-gkehojshtcbfvhersqwajfujohau/Build/Intermediates.noindex/GeneratedModuleMaps-iphonesimulator/third-party-IsAppEncrypted.modulemap /Users/aleks/Library/Developer/Xcode/DerivedData/PlanItApp-gkehojshtcbfvhersqwajfujohau/Build/Intermediates.noindex/GoogleUtilities.build/Debug-iphonesimulator/third-party-IsAppEncrypted.build/third-party-IsAppEncrypted.modulemap (in target 'third-party-IsAppEncrypted' from project 'GoogleUtilities')
    cd /Users/aleks/Library/Developer/Xcode/DerivedData/PlanItApp-gkehojshtcbfvhersqwajfujohau/SourcePackages/checkouts/GoogleUtilities
    builtin-copy -exclude .DS_Store -exclude CVS -exclude .svn -exclude .git -exclude .hg -resolve-src-symlinks /Users/aleks/Library/Developer/Xcode/DerivedData/PlanItApp-gkehojshtcbfvhersqwajfujohau/Build/Intermediates.noindex/GoogleUtilities.build/Debug-iphonesimulator/third-party-IsAppEncrypted.build/third-party-IsAppEncrypted.modulemap /Users/aleks/Library/Developer/Xcode/DerivedData/PlanItApp-gkehojshtcbfvhersqwajfujohau/Build/Intermediates.noindex/GeneratedModuleMaps-iphonesimulator

WriteAuxiliaryFile /Users/aleks/Library/Developer/Xcode/DerivedData/PlanItApp-gkehojshtcbfvhersqwajfujohau/Build/Intermediates.noindex/GoogleUtilities.build/Debug-iphonesimulator/GoogleUtilities_GoogleUtilities-AppDelegateSwizzler.build/empty-GoogleUtilities_GoogleUtilities-AppDelegateSwizzler.plist (in target 'GoogleUtilities_GoogleUtilities-AppDelegateSwizzler' from project 'GoogleUtilities')
    cd /Users/aleks/Library/Developer/Xcode/DerivedData/PlanItApp-gkehojshtcbfvhersqwajfujohau/SourcePackages/checkouts/GoogleUtilities
    write-file /Users/aleks/Library/Developer/Xcode/DerivedData/PlanItApp-gkehojshtcbfvhersqwajfujohau/Build/Intermediates.noindex/GoogleUtilities.build/Debug-iphonesimulator/GoogleUtilities_GoogleUtilities-AppDelegateSwizzler.build/empty-GoogleUtilities_GoogleUtilities-AppDelegateSwizzler.plist

WriteAuxiliaryFile /Users/aleks/Library/Developer/Xcode/DerivedData/PlanItApp-gkehojshtcbfvhersqwajfujohau/Build/Intermediates.noindex/GoogleUtilities.build/Debug-iphonesimulator/GoogleUtilities_GoogleUtilities-AppDelegateSwizzler.build/GoogleUtilities_GoogleUtilities-AppDelegateSwizzler.DependencyStaticMetadataFileList (in target 'GoogleUtilities_GoogleUtilities-AppDelegateSwizzler' from project 'GoogleUtilities')
    cd /Users/aleks/Library/Developer/Xcode/DerivedData/PlanItApp-gkehojshtcbfvhersqwajfujohau/SourcePackages/checkouts/GoogleUtilities
    write-file /Users/aleks/Library/Developer/Xcode/DerivedData/PlanItApp-gkehojshtcbfvhersqwajfujohau/Build/Intermediates.noindex/GoogleUtilities.build/Debug-iphonesimulator/GoogleUtilities_GoogleUtilities-AppDelegateSwizzler.build/GoogleUtilities_GoogleUtilities-AppDelegateSwizzler.DependencyStaticMetadataFileList

WriteAuxiliaryFile /Users/aleks/Library/Developer/Xcode/DerivedData/PlanItApp-gkehojshtcbfvhersqwajfujohau/Build/Intermediates.noindex/GoogleUtilities.build/Debug-iphonesimulator/GoogleUtilities_GoogleUtilities-AppDelegateSwizzler.build/GoogleUtilities_GoogleUtilities-AppDelegateSwizzler.DependencyMetadataFileList (in target 'GoogleUtilities_GoogleUtilities-AppDelegateSwizzler' from project 'GoogleUtilities')
    cd /Users/aleks/Library/Developer/Xcode/DerivedData/PlanItApp-gkehojshtcbfvhersqwajfujohau/SourcePackages/checkouts/GoogleUtilities
    write-file /Users/aleks/Library/Developer/Xcode/DerivedData/PlanItApp-gkehojshtcbfvhersqwajfujohau/Build/Intermediates.noindex/GoogleUtilities.build/Debug-iphonesimulator/GoogleUtilities_GoogleUtilities-AppDelegateSwizzler.build/GoogleUtilities_GoogleUtilities-AppDelegateSwizzler.DependencyMetadataFileList

WriteAuxiliaryFile /Users/aleks/Library/Developer/Xcode/DerivedData/PlanItApp-gkehojshtcbfvhersqwajfujohau/Build/Intermediates.noindex/GoogleUtilities.build/Debug-iphonesimulator/GoogleUtilities-UserDefaults.build/Objects-normal/arm64/GoogleUtilities-UserDefaults.LinkFileList (in target 'GoogleUtilities-UserDefaults' from project 'GoogleUtilities')
    cd /Users/aleks/Library/Developer/Xcode/DerivedData/PlanItApp-gkehojshtcbfvhersqwajfujohau/SourcePackages/checkouts/GoogleUtilities
    write-file /Users/aleks/Library/Developer/Xcode/DerivedData/PlanItApp-gkehojshtcbfvhersqwajfujohau/Build/Intermediates.noindex/GoogleUtilities.build/Debug-iphonesimulator/GoogleUtilities-UserDefaults.build/Objects-normal/arm64/GoogleUtilities-UserDefaults.LinkFileList

WriteAuxiliaryFile /Users/aleks/Library/Developer/Xcode/DerivedData/PlanItApp-gkehojshtcbfvhersqwajfujohau/Build/Intermediates.noindex/GoogleUtilities.build/Debug-iphonesimulator/GoogleUtilities-UserDefaults.build/Objects-normal/arm64/e6072d4f65d7061329687fe24e3d63a7-common-args.resp (in target 'GoogleUtilities-UserDefaults' from project 'GoogleUtilities')
    cd /Users/aleks/Library/Developer/Xcode/DerivedData/PlanItApp-gkehojshtcbfvhersqwajfujohau/SourcePackages/checkouts/GoogleUtilities
    write-file /Users/aleks/Library/Developer/Xcode/DerivedData/PlanItApp-gkehojshtcbfvhersqwajfujohau/Build/Intermediates.noindex/GoogleUtilities.build/Debug-iphonesimulator/GoogleUtilities-UserDefaults.build/Objects-normal/arm64/e6072d4f65d7061329687fe24e3d63a7-common-args.resp
-target arm64-apple-ios12.0-simulator '-std=c99' -fobjc-arc -fmodules -gmodules '-fmodules-cache-path=/Users/aleks/Library/Developer/Xcode/DerivedData/ModuleCache.noindex' '-fmodule-name=GoogleUtilities_UserDefaults' -fpascal-strings -O0 -DSWIFT_PACKAGE '-DDEBUG=1' '-DOBJC_OLD_DISPATCH_PROTOTYPES=1' -isysroot /Applications/Xcode.app/Contents/Developer/Platforms/iPhoneSimulator.platform/Developer/SDKs/iPhoneSimulator18.5.sdk -g '-fobjc-abi-version=2' -fobjc-legacy-dispatch -fprofile-instr-generate -fcoverage-mapping -I/Users/aleks/Library/Developer/Xcode/DerivedData/PlanItApp-gkehojshtcbfvhersqwajfujohau/SourcePackages/checkouts/GoogleUtilities/GoogleUtilities/Logger/Public -I/Users/aleks/Library/Developer/Xcode/DerivedData/PlanItApp-gkehojshtcbfvhersqwajfujohau/SourcePackages/checkouts/GoogleUtilities/GoogleUtilities/Environment/Public -I/Users/aleks/Library/Developer/Xcode/DerivedData/PlanItApp-gkehojshtcbfvhersqwajfujohau/SourcePackages/checkouts/GoogleUtilities/third_party/IsAppEncrypted/Public -I/Users/aleks/Library/Developer/Xcode/DerivedData/PlanItApp-gkehojshtcbfvhersqwajfujohau/Build/Products/Debug-iphonesimulator/include -I/Users/aleks/Library/Developer/Xcode/DerivedData/PlanItApp-gkehojshtcbfvhersqwajfujohau/SourcePackages/checkouts/GoogleUtilities/GoogleUtilities/UserDefaults/Public -I/Users/aleks/Library/Developer/Xcode/DerivedData/PlanItApp-gkehojshtcbfvhersqwajfujohau/SourcePackages/checkouts/GoogleUtilities -I/Users/aleks/Library/Developer/Xcode/DerivedData/PlanItApp-gkehojshtcbfvhersqwajfujohau/Build/Intermediates.noindex/GoogleUtilities.build/Debug-iphonesimulator/GoogleUtilities-UserDefaults.build/DerivedSources-normal/arm64 -I/Users/aleks/Library/Developer/Xcode/DerivedData/PlanItApp-gkehojshtcbfvhersqwajfujohau/Build/Intermediates.noindex/GoogleUtilities.build/Debug-iphonesimulator/GoogleUtilities-UserDefaults.build/DerivedSources/arm64 -I/Users/aleks/Library/Developer/Xcode/DerivedData/PlanItApp-gkehojshtcbfvhersqwajfujohau/Build/Intermediates.noindex/GoogleUtilities.build/Debug-iphonesimulator/GoogleUtilities-UserDefaults.build/DerivedSources -F/Users/aleks/Library/Developer/Xcode/DerivedData/PlanItApp-gkehojshtcbfvhersqwajfujohau/Build/Products/Debug-iphonesimulator/PackageFrameworks -F/Users/aleks/Library/Developer/Xcode/DerivedData/PlanItApp-gkehojshtcbfvhersqwajfujohau/Build/Products/Debug-iphonesimulator/PackageFrameworks -F/Users/aleks/Library/Developer/Xcode/DerivedData/PlanItApp-gkehojshtcbfvhersqwajfujohau/Build/Products/Debug-iphonesimulator/PackageFrameworks -F/Users/aleks/Library/Developer/Xcode/DerivedData/PlanItApp-gkehojshtcbfvhersqwajfujohau/Build/Products/Debug-iphonesimulator -iframework /Applications/Xcode.app/Contents/Developer/Platforms/iPhoneSimulator.platform/Developer/Library/Frameworks -iframework /Applications/Xcode.app/Contents/Developer/Platforms/iPhoneSimulator.platform/Developer/SDKs/iPhoneSimulator18.5.sdk/Developer/Library/Frameworks '-fmodule-map-file=/Users/aleks/Library/Developer/Xcode/DerivedData/PlanItApp-gkehojshtcbfvhersqwajfujohau/Build/Intermediates.noindex/GeneratedModuleMaps-iphonesimulator/GoogleUtilities-Logger.modulemap' '-fmodule-map-file=/Users/aleks/Library/Developer/Xcode/DerivedData/PlanItApp-gkehojshtcbfvhersqwajfujohau/Build/Intermediates.noindex/GeneratedModuleMaps-iphonesimulator/GoogleUtilities-Environment.modulemap' '-fmodule-map-file=/Users/aleks/Library/Developer/Xcode/DerivedData/PlanItApp-gkehojshtcbfvhersqwajfujohau/Build/Intermediates.noindex/GeneratedModuleMaps-iphonesimulator/third-party-IsAppEncrypted.modulemap' -DXcode

WriteAuxiliaryFile /Users/aleks/Library/Developer/Xcode/DerivedData/PlanItApp-gkehojshtcbfvhersqwajfujohau/Build/Intermediates.noindex/GoogleUtilities.build/Debug-iphonesimulator/GoogleUtilities-UserDefaults.build/GoogleUtilities-UserDefaults.modulemap (in target 'GoogleUtilities-UserDefaults' from project 'GoogleUtilities')
    cd /Users/aleks/Library/Developer/Xcode/DerivedData/PlanItApp-gkehojshtcbfvhersqwajfujohau/SourcePackages/checkouts/GoogleUtilities
    write-file /Users/aleks/Library/Developer/Xcode/DerivedData/PlanItApp-gkehojshtcbfvhersqwajfujohau/Build/Intermediates.noindex/GoogleUtilities.build/Debug-iphonesimulator/GoogleUtilities-UserDefaults.build/GoogleUtilities-UserDefaults.modulemap

WriteAuxiliaryFile /Users/aleks/Library/Developer/Xcode/DerivedData/PlanItApp-gkehojshtcbfvhersqwajfujohau/Build/Intermediates.noindex/GoogleUtilities.build/Debug-iphonesimulator/GoogleUtilities-UserDefaults.build/GoogleUtilities-UserDefaults.DependencyStaticMetadataFileList (in target 'GoogleUtilities-UserDefaults' from project 'GoogleUtilities')
    cd /Users/aleks/Library/Developer/Xcode/DerivedData/PlanItApp-gkehojshtcbfvhersqwajfujohau/SourcePackages/checkouts/GoogleUtilities
    write-file /Users/aleks/Library/Developer/Xcode/DerivedData/PlanItApp-gkehojshtcbfvhersqwajfujohau/Build/Intermediates.noindex/GoogleUtilities.build/Debug-iphonesimulator/GoogleUtilities-UserDefaults.build/GoogleUtilities-UserDefaults.DependencyStaticMetadataFileList

WriteAuxiliaryFile /Users/aleks/Library/Developer/Xcode/DerivedData/PlanItApp-gkehojshtcbfvhersqwajfujohau/Build/Intermediates.noindex/GoogleUtilities.build/Debug-iphonesimulator/GoogleUtilities-UserDefaults.build/GoogleUtilities-UserDefaults.DependencyMetadataFileList (in target 'GoogleUtilities-UserDefaults' from project 'GoogleUtilities')
    cd /Users/aleks/Library/Developer/Xcode/DerivedData/PlanItApp-gkehojshtcbfvhersqwajfujohau/SourcePackages/checkouts/GoogleUtilities
    write-file /Users/aleks/Library/Developer/Xcode/DerivedData/PlanItApp-gkehojshtcbfvhersqwajfujohau/Build/Intermediates.noindex/GoogleUtilities.build/Debug-iphonesimulator/GoogleUtilities-UserDefaults.build/GoogleUtilities-UserDefaults.DependencyMetadataFileList

WriteAuxiliaryFile /Users/aleks/Library/Developer/Xcode/DerivedData/PlanItApp-gkehojshtcbfvhersqwajfujohau/Build/Intermediates.noindex/GoogleUtilities.build/Debug-iphonesimulator/GoogleUtilities-UserDefaults.build/DerivedSources/resource_bundle_accessor.m (in target 'GoogleUtilities-UserDefaults' from project 'GoogleUtilities')
    cd /Users/aleks/Library/Developer/Xcode/DerivedData/PlanItApp-gkehojshtcbfvhersqwajfujohau/SourcePackages/checkouts/GoogleUtilities
    write-file /Users/aleks/Library/Developer/Xcode/DerivedData/PlanItApp-gkehojshtcbfvhersqwajfujohau/Build/Intermediates.noindex/GoogleUtilities.build/Debug-iphonesimulator/GoogleUtilities-UserDefaults.build/DerivedSources/resource_bundle_accessor.m

WriteAuxiliaryFile /Users/aleks/Library/Developer/Xcode/DerivedData/PlanItApp-gkehojshtcbfvhersqwajfujohau/Build/Intermediates.noindex/GoogleUtilities.build/Debug-iphonesimulator/GoogleUtilities-UserDefaults.build/DerivedSources/resource_bundle_accessor.h (in target 'GoogleUtilities-UserDefaults' from project 'GoogleUtilities')
    cd /Users/aleks/Library/Developer/Xcode/DerivedData/PlanItApp-gkehojshtcbfvhersqwajfujohau/SourcePackages/checkouts/GoogleUtilities
    write-file /Users/aleks/Library/Developer/Xcode/DerivedData/PlanItApp-gkehojshtcbfvhersqwajfujohau/Build/Intermediates.noindex/GoogleUtilities.build/Debug-iphonesimulator/GoogleUtilities-UserDefaults.build/DerivedSources/resource_bundle_accessor.h

WriteAuxiliaryFile /Users/aleks/Library/Developer/Xcode/DerivedData/PlanItApp-gkehojshtcbfvhersqwajfujohau/Build/Intermediates.noindex/GoogleUtilities.build/Debug-iphonesimulator/GoogleUtilities-Reachability.build/Objects-normal/arm64/GoogleUtilities-Reachability.LinkFileList (in target 'GoogleUtilities-Reachability' from project 'GoogleUtilities')
    cd /Users/aleks/Library/Developer/Xcode/DerivedData/PlanItApp-gkehojshtcbfvhersqwajfujohau/SourcePackages/checkouts/GoogleUtilities
    write-file /Users/aleks/Library/Developer/Xcode/DerivedData/PlanItApp-gkehojshtcbfvhersqwajfujohau/Build/Intermediates.noindex/GoogleUtilities.build/Debug-iphonesimulator/GoogleUtilities-Reachability.build/Objects-normal/arm64/GoogleUtilities-Reachability.LinkFileList

WriteAuxiliaryFile /Users/aleks/Library/Developer/Xcode/DerivedData/PlanItApp-gkehojshtcbfvhersqwajfujohau/Build/Intermediates.noindex/GoogleUtilities.build/Debug-iphonesimulator/GoogleUtilities-Reachability.build/Objects-normal/arm64/e6072d4f65d7061329687fe24e3d63a7-common-args.resp (in target 'GoogleUtilities-Reachability' from project 'GoogleUtilities')
    cd /Users/aleks/Library/Developer/Xcode/DerivedData/PlanItApp-gkehojshtcbfvhersqwajfujohau/SourcePackages/checkouts/GoogleUtilities
    write-file /Users/aleks/Library/Developer/Xcode/DerivedData/PlanItApp-gkehojshtcbfvhersqwajfujohau/Build/Intermediates.noindex/GoogleUtilities.build/Debug-iphonesimulator/GoogleUtilities-Reachability.build/Objects-normal/arm64/e6072d4f65d7061329687fe24e3d63a7-common-args.resp
-target arm64-apple-ios12.0-simulator '-std=c99' -fobjc-arc -fmodules -gmodules '-fmodules-cache-path=/Users/aleks/Library/Developer/Xcode/DerivedData/ModuleCache.noindex' '-fmodule-name=GoogleUtilities_Reachability' -fpascal-strings -O0 -DSWIFT_PACKAGE '-DDEBUG=1' '-DOBJC_OLD_DISPATCH_PROTOTYPES=1' -isysroot /Applications/Xcode.app/Contents/Developer/Platforms/iPhoneSimulator.platform/Developer/SDKs/iPhoneSimulator18.5.sdk -g '-fobjc-abi-version=2' -fobjc-legacy-dispatch -fprofile-instr-generate -fcoverage-mapping -I/Users/aleks/Library/Developer/Xcode/DerivedData/PlanItApp-gkehojshtcbfvhersqwajfujohau/SourcePackages/checkouts/GoogleUtilities/GoogleUtilities/Logger/Public -I/Users/aleks/Library/Developer/Xcode/DerivedData/PlanItApp-gkehojshtcbfvhersqwajfujohau/SourcePackages/checkouts/GoogleUtilities/GoogleUtilities/Environment/Public -I/Users/aleks/Library/Developer/Xcode/DerivedData/PlanItApp-gkehojshtcbfvhersqwajfujohau/SourcePackages/checkouts/GoogleUtilities/third_party/IsAppEncrypted/Public -I/Users/aleks/Library/Developer/Xcode/DerivedData/PlanItApp-gkehojshtcbfvhersqwajfujohau/Build/Products/Debug-iphonesimulator/include -I/Users/aleks/Library/Developer/Xcode/DerivedData/PlanItApp-gkehojshtcbfvhersqwajfujohau/SourcePackages/checkouts/GoogleUtilities/GoogleUtilities/Reachability/Public -I/Users/aleks/Library/Developer/Xcode/DerivedData/PlanItApp-gkehojshtcbfvhersqwajfujohau/SourcePackages/checkouts/GoogleUtilities -I/Users/aleks/Library/Developer/Xcode/DerivedData/PlanItApp-gkehojshtcbfvhersqwajfujohau/Build/Intermediates.noindex/GoogleUtilities.build/Debug-iphonesimulator/GoogleUtilities-Reachability.build/DerivedSources-normal/arm64 -I/Users/aleks/Library/Developer/Xcode/DerivedData/PlanItApp-gkehojshtcbfvhersqwajfujohau/Build/Intermediates.noindex/GoogleUtilities.build/Debug-iphonesimulator/GoogleUtilities-Reachability.build/DerivedSources/arm64 -I/Users/aleks/Library/Developer/Xcode/DerivedData/PlanItApp-gkehojshtcbfvhersqwajfujohau/Build/Intermediates.noindex/GoogleUtilities.build/Debug-iphonesimulator/GoogleUtilities-Reachability.build/DerivedSources -F/Users/aleks/Library/Developer/Xcode/DerivedData/PlanItApp-gkehojshtcbfvhersqwajfujohau/Build/Products/Debug-iphonesimulator/PackageFrameworks -F/Users/aleks/Library/Developer/Xcode/DerivedData/PlanItApp-gkehojshtcbfvhersqwajfujohau/Build/Products/Debug-iphonesimulator/PackageFrameworks -F/Users/aleks/Library/Developer/Xcode/DerivedData/PlanItApp-gkehojshtcbfvhersqwajfujohau/Build/Products/Debug-iphonesimulator/PackageFrameworks -F/Users/aleks/Library/Developer/Xcode/DerivedData/PlanItApp-gkehojshtcbfvhersqwajfujohau/Build/Products/Debug-iphonesimulator -iframework /Applications/Xcode.app/Contents/Developer/Platforms/iPhoneSimulator.platform/Developer/Library/Frameworks -iframework /Applications/Xcode.app/Contents/Developer/Platforms/iPhoneSimulator.platform/Developer/SDKs/iPhoneSimulator18.5.sdk/Developer/Library/Frameworks '-fmodule-map-file=/Users/aleks/Library/Developer/Xcode/DerivedData/PlanItApp-gkehojshtcbfvhersqwajfujohau/Build/Intermediates.noindex/GeneratedModuleMaps-iphonesimulator/GoogleUtilities-Logger.modulemap' '-fmodule-map-file=/Users/aleks/Library/Developer/Xcode/DerivedData/PlanItApp-gkehojshtcbfvhersqwajfujohau/Build/Intermediates.noindex/GeneratedModuleMaps-iphonesimulator/GoogleUtilities-Environment.modulemap' '-fmodule-map-file=/Users/aleks/Library/Developer/Xcode/DerivedData/PlanItApp-gkehojshtcbfvhersqwajfujohau/Build/Intermediates.noindex/GeneratedModuleMaps-iphonesimulator/third-party-IsAppEncrypted.modulemap' -DXcode

WriteAuxiliaryFile /Users/aleks/Library/Developer/Xcode/DerivedData/PlanItApp-gkehojshtcbfvhersqwajfujohau/Build/Intermediates.noindex/GoogleUtilities.build/Debug-iphonesimulator/GoogleUtilities-Reachability.build/GoogleUtilities-Reachability.modulemap (in target 'GoogleUtilities-Reachability' from project 'GoogleUtilities')
    cd /Users/aleks/Library/Developer/Xcode/DerivedData/PlanItApp-gkehojshtcbfvhersqwajfujohau/SourcePackages/checkouts/GoogleUtilities
    write-file /Users/aleks/Library/Developer/Xcode/DerivedData/PlanItApp-gkehojshtcbfvhersqwajfujohau/Build/Intermediates.noindex/GoogleUtilities.build/Debug-iphonesimulator/GoogleUtilities-Reachability.build/GoogleUtilities-Reachability.modulemap

WriteAuxiliaryFile /Users/aleks/Library/Developer/Xcode/DerivedData/PlanItApp-gkehojshtcbfvhersqwajfujohau/Build/Intermediates.noindex/GoogleUtilities.build/Debug-iphonesimulator/GoogleUtilities-Reachability.build/GoogleUtilities-Reachability.DependencyStaticMetadataFileList (in target 'GoogleUtilities-Reachability' from project 'GoogleUtilities')
    cd /Users/aleks/Library/Developer/Xcode/DerivedData/PlanItApp-gkehojshtcbfvhersqwajfujohau/SourcePackages/checkouts/GoogleUtilities
    write-file /Users/aleks/Library/Developer/Xcode/DerivedData/PlanItApp-gkehojshtcbfvhersqwajfujohau/Build/Intermediates.noindex/GoogleUtilities.build/Debug-iphonesimulator/GoogleUtilities-Reachability.build/GoogleUtilities-Reachability.DependencyStaticMetadataFileList

WriteAuxiliaryFile /Users/aleks/Library/Developer/Xcode/DerivedData/PlanItApp-gkehojshtcbfvhersqwajfujohau/Build/Intermediates.noindex/GoogleUtilities.build/Debug-iphonesimulator/GoogleUtilities-Reachability.build/GoogleUtilities-Reachability.DependencyMetadataFileList (in target 'GoogleUtilities-Reachability' from project 'GoogleUtilities')
    cd /Users/aleks/Library/Developer/Xcode/DerivedData/PlanItApp-gkehojshtcbfvhersqwajfujohau/SourcePackages/checkouts/GoogleUtilities
    write-file /Users/aleks/Library/Developer/Xcode/DerivedData/PlanItApp-gkehojshtcbfvhersqwajfujohau/Build/Intermediates.noindex/GoogleUtilities.build/Debug-iphonesimulator/GoogleUtilities-Reachability.build/GoogleUtilities-Reachability.DependencyMetadataFileList

WriteAuxiliaryFile /Users/aleks/Library/Developer/Xcode/DerivedData/PlanItApp-gkehojshtcbfvhersqwajfujohau/Build/Intermediates.noindex/GoogleUtilities.build/Debug-iphonesimulator/GoogleUtilities-Reachability.build/DerivedSources/resource_bundle_accessor.m (in target 'GoogleUtilities-Reachability' from project 'GoogleUtilities')
    cd /Users/aleks/Library/Developer/Xcode/DerivedData/PlanItApp-gkehojshtcbfvhersqwajfujohau/SourcePackages/checkouts/GoogleUtilities
    write-file /Users/aleks/Library/Developer/Xcode/DerivedData/PlanItApp-gkehojshtcbfvhersqwajfujohau/Build/Intermediates.noindex/GoogleUtilities.build/Debug-iphonesimulator/GoogleUtilities-Reachability.build/DerivedSources/resource_bundle_accessor.m

WriteAuxiliaryFile /Users/aleks/Library/Developer/Xcode/DerivedData/PlanItApp-gkehojshtcbfvhersqwajfujohau/Build/Intermediates.noindex/GoogleUtilities.build/Debug-iphonesimulator/GoogleUtilities-Reachability.build/DerivedSources/resource_bundle_accessor.h (in target 'GoogleUtilities-Reachability' from project 'GoogleUtilities')
    cd /Users/aleks/Library/Developer/Xcode/DerivedData/PlanItApp-gkehojshtcbfvhersqwajfujohau/SourcePackages/checkouts/GoogleUtilities
    write-file /Users/aleks/Library/Developer/Xcode/DerivedData/PlanItApp-gkehojshtcbfvhersqwajfujohau/Build/Intermediates.noindex/GoogleUtilities.build/Debug-iphonesimulator/GoogleUtilities-Reachability.build/DerivedSources/resource_bundle_accessor.h

WriteAuxiliaryFile /Users/aleks/Library/Developer/Xcode/DerivedData/PlanItApp-gkehojshtcbfvhersqwajfujohau/Build/Intermediates.noindex/GoogleUtilities.build/Debug-iphonesimulator/GoogleUtilities-Network.build/Objects-normal/arm64/e6072d4f65d7061329687fe24e3d63a7-common-args.resp (in target 'GoogleUtilities-Network' from project 'GoogleUtilities')
    cd /Users/aleks/Library/Developer/Xcode/DerivedData/PlanItApp-gkehojshtcbfvhersqwajfujohau/SourcePackages/checkouts/GoogleUtilities
    write-file /Users/aleks/Library/Developer/Xcode/DerivedData/PlanItApp-gkehojshtcbfvhersqwajfujohau/Build/Intermediates.noindex/GoogleUtilities.build/Debug-iphonesimulator/GoogleUtilities-Network.build/Objects-normal/arm64/e6072d4f65d7061329687fe24e3d63a7-common-args.resp
-target arm64-apple-ios12.0-simulator '-std=c99' -fobjc-arc -fmodules -gmodules '-fmodules-cache-path=/Users/aleks/Library/Developer/Xcode/DerivedData/ModuleCache.noindex' '-fmodule-name=GoogleUtilities_Network' -fpascal-strings -O0 -DSWIFT_PACKAGE '-DDEBUG=1' '-DOBJC_OLD_DISPATCH_PROTOTYPES=1' -isysroot /Applications/Xcode.app/Contents/Developer/Platforms/iPhoneSimulator.platform/Developer/SDKs/iPhoneSimulator18.5.sdk -g '-fobjc-abi-version=2' -fobjc-legacy-dispatch -fprofile-instr-generate -fcoverage-mapping -I/Users/aleks/Library/Developer/Xcode/DerivedData/PlanItApp-gkehojshtcbfvhersqwajfujohau/SourcePackages/checkouts/GoogleUtilities/GoogleUtilities/Reachability/Public -I/Users/aleks/Library/Developer/Xcode/DerivedData/PlanItApp-gkehojshtcbfvhersqwajfujohau/SourcePackages/checkouts/GoogleUtilities/GoogleUtilities/NSData+zlib/Public -I/Users/aleks/Library/Developer/Xcode/DerivedData/PlanItApp-gkehojshtcbfvhersqwajfujohau/SourcePackages/checkouts/GoogleUtilities/GoogleUtilities/Logger/Public -I/Users/aleks/Library/Developer/Xcode/DerivedData/PlanItApp-gkehojshtcbfvhersqwajfujohau/SourcePackages/checkouts/GoogleUtilities/GoogleUtilities/Environment/Public -I/Users/aleks/Library/Developer/Xcode/DerivedData/PlanItApp-gkehojshtcbfvhersqwajfujohau/SourcePackages/checkouts/GoogleUtilities/third_party/IsAppEncrypted/Public -I/Users/aleks/Library/Developer/Xcode/DerivedData/PlanItApp-gkehojshtcbfvhersqwajfujohau/Build/Products/Debug-iphonesimulator/include -I/Users/aleks/Library/Developer/Xcode/DerivedData/PlanItApp-gkehojshtcbfvhersqwajfujohau/SourcePackages/checkouts/GoogleUtilities/GoogleUtilities/Network/Public -I/Users/aleks/Library/Developer/Xcode/DerivedData/PlanItApp-gkehojshtcbfvhersqwajfujohau/SourcePackages/checkouts/GoogleUtilities -I/Users/aleks/Library/Developer/Xcode/DerivedData/PlanItApp-gkehojshtcbfvhersqwajfujohau/Build/Intermediates.noindex/GoogleUtilities.build/Debug-iphonesimulator/GoogleUtilities-Network.build/DerivedSources-normal/arm64 -I/Users/aleks/Library/Developer/Xcode/DerivedData/PlanItApp-gkehojshtcbfvhersqwajfujohau/Build/Intermediates.noindex/GoogleUtilities.build/Debug-iphonesimulator/GoogleUtilities-Network.build/DerivedSources/arm64 -I/Users/aleks/Library/Developer/Xcode/DerivedData/PlanItApp-gkehojshtcbfvhersqwajfujohau/Build/Intermediates.noindex/GoogleUtilities.build/Debug-iphonesimulator/GoogleUtilities-Network.build/DerivedSources -F/Users/aleks/Library/Developer/Xcode/DerivedData/PlanItApp-gkehojshtcbfvhersqwajfujohau/Build/Products/Debug-iphonesimulator/PackageFrameworks -F/Users/aleks/Library/Developer/Xcode/DerivedData/PlanItApp-gkehojshtcbfvhersqwajfujohau/Build/Products/Debug-iphonesimulator/PackageFrameworks -F/Users/aleks/Library/Developer/Xcode/DerivedData/PlanItApp-gkehojshtcbfvhersqwajfujohau/Build/Products/Debug-iphonesimulator/PackageFrameworks -F/Users/aleks/Library/Developer/Xcode/DerivedData/PlanItApp-gkehojshtcbfvhersqwajfujohau/Build/Products/Debug-iphonesimulator/PackageFrameworks -F/Users/aleks/Library/Developer/Xcode/DerivedData/PlanItApp-gkehojshtcbfvhersqwajfujohau/Build/Products/Debug-iphonesimulator/PackageFrameworks -F/Users/aleks/Library/Developer/Xcode/DerivedData/PlanItApp-gkehojshtcbfvhersqwajfujohau/Build/Products/Debug-iphonesimulator -iframework /Applications/Xcode.app/Contents/Developer/Platforms/iPhoneSimulator.platform/Developer/Library/Frameworks -iframework /Applications/Xcode.app/Contents/Developer/Platforms/iPhoneSimulator.platform/Developer/SDKs/iPhoneSimulator18.5.sdk/Developer/Library/Frameworks '-fmodule-map-file=/Users/aleks/Library/Developer/Xcode/DerivedData/PlanItApp-gkehojshtcbfvhersqwajfujohau/Build/Intermediates.noindex/GeneratedModuleMaps-iphonesimulator/GoogleUtilities-Reachability.modulemap' '-fmodule-map-file=/Users/aleks/Library/Developer/Xcode/DerivedData/PlanItApp-gkehojshtcbfvhersqwajfujohau/Build/Intermediates.noindex/GeneratedModuleMaps-iphonesimulator/GoogleUtilities-NSData.modulemap' '-fmodule-map-file=/Users/aleks/Library/Developer/Xcode/DerivedData/PlanItApp-gkehojshtcbfvhersqwajfujohau/Build/Intermediates.noindex/GeneratedModuleMaps-iphonesimulator/GoogleUtilities-Logger.modulemap' '-fmodule-map-file=/Users/aleks/Library/Developer/Xcode/DerivedData/PlanItApp-gkehojshtcbfvhersqwajfujohau/Build/Intermediates.noindex/GeneratedModuleMaps-iphonesimulator/GoogleUtilities-Environment.modulemap' '-fmodule-map-file=/Users/aleks/Library/Developer/Xcode/DerivedData/PlanItApp-gkehojshtcbfvhersqwajfujohau/Build/Intermediates.noindex/GeneratedModuleMaps-iphonesimulator/third-party-IsAppEncrypted.modulemap' -DXcode

WriteAuxiliaryFile /Users/aleks/Library/Developer/Xcode/DerivedData/PlanItApp-gkehojshtcbfvhersqwajfujohau/Build/Intermediates.noindex/GoogleUtilities.build/Debug-iphonesimulator/GoogleUtilities-Network.build/Objects-normal/arm64/GoogleUtilities-Network.LinkFileList (in target 'GoogleUtilities-Network' from project 'GoogleUtilities')
    cd /Users/aleks/Library/Developer/Xcode/DerivedData/PlanItApp-gkehojshtcbfvhersqwajfujohau/SourcePackages/checkouts/GoogleUtilities
    write-file /Users/aleks/Library/Developer/Xcode/DerivedData/PlanItApp-gkehojshtcbfvhersqwajfujohau/Build/Intermediates.noindex/GoogleUtilities.build/Debug-iphonesimulator/GoogleUtilities-Network.build/Objects-normal/arm64/GoogleUtilities-Network.LinkFileList

WriteAuxiliaryFile /Users/aleks/Library/Developer/Xcode/DerivedData/PlanItApp-gkehojshtcbfvhersqwajfujohau/Build/Intermediates.noindex/GoogleUtilities.build/Debug-iphonesimulator/GoogleUtilities-Network.build/GoogleUtilities-Network.modulemap (in target 'GoogleUtilities-Network' from project 'GoogleUtilities')
    cd /Users/aleks/Library/Developer/Xcode/DerivedData/PlanItApp-gkehojshtcbfvhersqwajfujohau/SourcePackages/checkouts/GoogleUtilities
    write-file /Users/aleks/Library/Developer/Xcode/DerivedData/PlanItApp-gkehojshtcbfvhersqwajfujohau/Build/Intermediates.noindex/GoogleUtilities.build/Debug-iphonesimulator/GoogleUtilities-Network.build/GoogleUtilities-Network.modulemap

WriteAuxiliaryFile /Users/aleks/Library/Developer/Xcode/DerivedData/PlanItApp-gkehojshtcbfvhersqwajfujohau/Build/Intermediates.noindex/GoogleUtilities.build/Debug-iphonesimulator/GoogleUtilities-Network.build/GoogleUtilities-Network.DependencyStaticMetadataFileList (in target 'GoogleUtilities-Network' from project 'GoogleUtilities')
    cd /Users/aleks/Library/Developer/Xcode/DerivedData/PlanItApp-gkehojshtcbfvhersqwajfujohau/SourcePackages/checkouts/GoogleUtilities
    write-file /Users/aleks/Library/Developer/Xcode/DerivedData/PlanItApp-gkehojshtcbfvhersqwajfujohau/Build/Intermediates.noindex/GoogleUtilities.build/Debug-iphonesimulator/GoogleUtilities-Network.build/GoogleUtilities-Network.DependencyStaticMetadataFileList

WriteAuxiliaryFile /Users/aleks/Library/Developer/Xcode/DerivedData/PlanItApp-gkehojshtcbfvhersqwajfujohau/Build/Intermediates.noindex/GoogleUtilities.build/Debug-iphonesimulator/GoogleUtilities-Network.build/GoogleUtilities-Network.DependencyMetadataFileList (in target 'GoogleUtilities-Network' from project 'GoogleUtilities')
    cd /Users/aleks/Library/Developer/Xcode/DerivedData/PlanItApp-gkehojshtcbfvhersqwajfujohau/SourcePackages/checkouts/GoogleUtilities
    write-file /Users/aleks/Library/Developer/Xcode/DerivedData/PlanItApp-gkehojshtcbfvhersqwajfujohau/Build/Intermediates.noindex/GoogleUtilities.build/Debug-iphonesimulator/GoogleUtilities-Network.build/GoogleUtilities-Network.DependencyMetadataFileList

WriteAuxiliaryFile /Users/aleks/Library/Developer/Xcode/DerivedData/PlanItApp-gkehojshtcbfvhersqwajfujohau/Build/Intermediates.noindex/GoogleUtilities.build/Debug-iphonesimulator/GoogleUtilities-Network.build/DerivedSources/resource_bundle_accessor.m (in target 'GoogleUtilities-Network' from project 'GoogleUtilities')
    cd /Users/aleks/Library/Developer/Xcode/DerivedData/PlanItApp-gkehojshtcbfvhersqwajfujohau/SourcePackages/checkouts/GoogleUtilities
    write-file /Users/aleks/Library/Developer/Xcode/DerivedData/PlanItApp-gkehojshtcbfvhersqwajfujohau/Build/Intermediates.noindex/GoogleUtilities.build/Debug-iphonesimulator/GoogleUtilities-Network.build/DerivedSources/resource_bundle_accessor.m

WriteAuxiliaryFile /Users/aleks/Library/Developer/Xcode/DerivedData/PlanItApp-gkehojshtcbfvhersqwajfujohau/Build/Intermediates.noindex/GoogleUtilities.build/Debug-iphonesimulator/GoogleUtilities-Network.build/DerivedSources/resource_bundle_accessor.h (in target 'GoogleUtilities-Network' from project 'GoogleUtilities')
    cd /Users/aleks/Library/Developer/Xcode/DerivedData/PlanItApp-gkehojshtcbfvhersqwajfujohau/SourcePackages/checkouts/GoogleUtilities
    write-file /Users/aleks/Library/Developer/Xcode/DerivedData/PlanItApp-gkehojshtcbfvhersqwajfujohau/Build/Intermediates.noindex/GoogleUtilities.build/Debug-iphonesimulator/GoogleUtilities-Network.build/DerivedSources/resource_bundle_accessor.h

WriteAuxiliaryFile /Users/aleks/Library/Developer/Xcode/DerivedData/PlanItApp-gkehojshtcbfvhersqwajfujohau/Build/Intermediates.noindex/GoogleUtilities.build/Debug-iphonesimulator/GoogleUtilities-NSData.build/GoogleUtilities-NSData.modulemap (in target 'GoogleUtilities-NSData' from project 'GoogleUtilities')
    cd /Users/aleks/Library/Developer/Xcode/DerivedData/PlanItApp-gkehojshtcbfvhersqwajfujohau/SourcePackages/checkouts/GoogleUtilities
    write-file /Users/aleks/Library/Developer/Xcode/DerivedData/PlanItApp-gkehojshtcbfvhersqwajfujohau/Build/Intermediates.noindex/GoogleUtilities.build/Debug-iphonesimulator/GoogleUtilities-NSData.build/GoogleUtilities-NSData.modulemap

WriteAuxiliaryFile /Users/aleks/Library/Developer/Xcode/DerivedData/PlanItApp-gkehojshtcbfvhersqwajfujohau/Build/Intermediates.noindex/GoogleUtilities.build/Debug-iphonesimulator/GoogleUtilities-NSData.build/Objects-normal/arm64/e6072d4f65d7061329687fe24e3d63a7-common-args.resp (in target 'GoogleUtilities-NSData' from project 'GoogleUtilities')
    cd /Users/aleks/Library/Developer/Xcode/DerivedData/PlanItApp-gkehojshtcbfvhersqwajfujohau/SourcePackages/checkouts/GoogleUtilities
    write-file /Users/aleks/Library/Developer/Xcode/DerivedData/PlanItApp-gkehojshtcbfvhersqwajfujohau/Build/Intermediates.noindex/GoogleUtilities.build/Debug-iphonesimulator/GoogleUtilities-NSData.build/Objects-normal/arm64/e6072d4f65d7061329687fe24e3d63a7-common-args.resp
-target arm64-apple-ios12.0-simulator '-std=c99' -fobjc-arc -fmodules -gmodules '-fmodules-cache-path=/Users/aleks/Library/Developer/Xcode/DerivedData/ModuleCache.noindex' '-fmodule-name=GoogleUtilities_NSData' -fpascal-strings -O0 -DSWIFT_PACKAGE '-DDEBUG=1' '-DOBJC_OLD_DISPATCH_PROTOTYPES=1' -isysroot /Applications/Xcode.app/Contents/Developer/Platforms/iPhoneSimulator.platform/Developer/SDKs/iPhoneSimulator18.5.sdk -g '-fobjc-abi-version=2' -fobjc-legacy-dispatch -fprofile-instr-generate -fcoverage-mapping -I/Users/aleks/Library/Developer/Xcode/DerivedData/PlanItApp-gkehojshtcbfvhersqwajfujohau/Build/Products/Debug-iphonesimulator/include -I/Users/aleks/Library/Developer/Xcode/DerivedData/PlanItApp-gkehojshtcbfvhersqwajfujohau/SourcePackages/checkouts/GoogleUtilities/GoogleUtilities/NSData+zlib/Public -I/Users/aleks/Library/Developer/Xcode/DerivedData/PlanItApp-gkehojshtcbfvhersqwajfujohau/SourcePackages/checkouts/GoogleUtilities -I/Users/aleks/Library/Developer/Xcode/DerivedData/PlanItApp-gkehojshtcbfvhersqwajfujohau/Build/Intermediates.noindex/GoogleUtilities.build/Debug-iphonesimulator/GoogleUtilities-NSData.build/DerivedSources-normal/arm64 -I/Users/aleks/Library/Developer/Xcode/DerivedData/PlanItApp-gkehojshtcbfvhersqwajfujohau/Build/Intermediates.noindex/GoogleUtilities.build/Debug-iphonesimulator/GoogleUtilities-NSData.build/DerivedSources/arm64 -I/Users/aleks/Library/Developer/Xcode/DerivedData/PlanItApp-gkehojshtcbfvhersqwajfujohau/Build/Intermediates.noindex/GoogleUtilities.build/Debug-iphonesimulator/GoogleUtilities-NSData.build/DerivedSources -F/Users/aleks/Library/Developer/Xcode/DerivedData/PlanItApp-gkehojshtcbfvhersqwajfujohau/Build/Products/Debug-iphonesimulator -iframework /Applications/Xcode.app/Contents/Developer/Platforms/iPhoneSimulator.platform/Developer/Library/Frameworks -iframework /Applications/Xcode.app/Contents/Developer/Platforms/iPhoneSimulator.platform/Developer/SDKs/iPhoneSimulator18.5.sdk/Developer/Library/Frameworks -DXcode

WriteAuxiliaryFile /Users/aleks/Library/Developer/Xcode/DerivedData/PlanItApp-gkehojshtcbfvhersqwajfujohau/Build/Intermediates.noindex/GoogleUtilities.build/Debug-iphonesimulator/GoogleUtilities-NSData.build/Objects-normal/arm64/GoogleUtilities-NSData.LinkFileList (in target 'GoogleUtilities-NSData' from project 'GoogleUtilities')
    cd /Users/aleks/Library/Developer/Xcode/DerivedData/PlanItApp-gkehojshtcbfvhersqwajfujohau/SourcePackages/checkouts/GoogleUtilities
    write-file /Users/aleks/Library/Developer/Xcode/DerivedData/PlanItApp-gkehojshtcbfvhersqwajfujohau/Build/Intermediates.noindex/GoogleUtilities.build/Debug-iphonesimulator/GoogleUtilities-NSData.build/Objects-normal/arm64/GoogleUtilities-NSData.LinkFileList

WriteAuxiliaryFile /Users/aleks/Library/Developer/Xcode/DerivedData/PlanItApp-gkehojshtcbfvhersqwajfujohau/Build/Intermediates.noindex/GoogleUtilities.build/Debug-iphonesimulator/GoogleUtilities-NSData.build/GoogleUtilities-NSData.DependencyStaticMetadataFileList (in target 'GoogleUtilities-NSData' from project 'GoogleUtilities')
    cd /Users/aleks/Library/Developer/Xcode/DerivedData/PlanItApp-gkehojshtcbfvhersqwajfujohau/SourcePackages/checkouts/GoogleUtilities
    write-file /Users/aleks/Library/Developer/Xcode/DerivedData/PlanItApp-gkehojshtcbfvhersqwajfujohau/Build/Intermediates.noindex/GoogleUtilities.build/Debug-iphonesimulator/GoogleUtilities-NSData.build/GoogleUtilities-NSData.DependencyStaticMetadataFileList

WriteAuxiliaryFile /Users/aleks/Library/Developer/Xcode/DerivedData/PlanItApp-gkehojshtcbfvhersqwajfujohau/Build/Intermediates.noindex/GoogleUtilities.build/Debug-iphonesimulator/GoogleUtilities-NSData.build/GoogleUtilities-NSData.DependencyMetadataFileList (in target 'GoogleUtilities-NSData' from project 'GoogleUtilities')
    cd /Users/aleks/Library/Developer/Xcode/DerivedData/PlanItApp-gkehojshtcbfvhersqwajfujohau/SourcePackages/checkouts/GoogleUtilities
    write-file /Users/aleks/Library/Developer/Xcode/DerivedData/PlanItApp-gkehojshtcbfvhersqwajfujohau/Build/Intermediates.noindex/GoogleUtilities.build/Debug-iphonesimulator/GoogleUtilities-NSData.build/GoogleUtilities-NSData.DependencyMetadataFileList

WriteAuxiliaryFile /Users/aleks/Library/Developer/Xcode/DerivedData/PlanItApp-gkehojshtcbfvhersqwajfujohau/Build/Intermediates.noindex/GoogleUtilities.build/Debug-iphonesimulator/GoogleUtilities-NSData.build/DerivedSources/resource_bundle_accessor.m (in target 'GoogleUtilities-NSData' from project 'GoogleUtilities')
    cd /Users/aleks/Library/Developer/Xcode/DerivedData/PlanItApp-gkehojshtcbfvhersqwajfujohau/SourcePackages/checkouts/GoogleUtilities
    write-file /Users/aleks/Library/Developer/Xcode/DerivedData/PlanItApp-gkehojshtcbfvhersqwajfujohau/Build/Intermediates.noindex/GoogleUtilities.build/Debug-iphonesimulator/GoogleUtilities-NSData.build/DerivedSources/resource_bundle_accessor.m

WriteAuxiliaryFile /Users/aleks/Library/Developer/Xcode/DerivedData/PlanItApp-gkehojshtcbfvhersqwajfujohau/Build/Intermediates.noindex/GoogleUtilities.build/Debug-iphonesimulator/GoogleUtilities-NSData.build/DerivedSources/resource_bundle_accessor.h (in target 'GoogleUtilities-NSData' from project 'GoogleUtilities')
    cd /Users/aleks/Library/Developer/Xcode/DerivedData/PlanItApp-gkehojshtcbfvhersqwajfujohau/SourcePackages/checkouts/GoogleUtilities
    write-file /Users/aleks/Library/Developer/Xcode/DerivedData/PlanItApp-gkehojshtcbfvhersqwajfujohau/Build/Intermediates.noindex/GoogleUtilities.build/Debug-iphonesimulator/GoogleUtilities-NSData.build/DerivedSources/resource_bundle_accessor.h

WriteAuxiliaryFile /Users/aleks/Library/Developer/Xcode/DerivedData/PlanItApp-gkehojshtcbfvhersqwajfujohau/Build/Intermediates.noindex/GoogleUtilities.build/Debug-iphonesimulator/GoogleUtilities-Logger.build/Objects-normal/arm64/e6072d4f65d7061329687fe24e3d63a7-common-args.resp (in target 'GoogleUtilities-Logger' from project 'GoogleUtilities')
    cd /Users/aleks/Library/Developer/Xcode/DerivedData/PlanItApp-gkehojshtcbfvhersqwajfujohau/SourcePackages/checkouts/GoogleUtilities
    write-file /Users/aleks/Library/Developer/Xcode/DerivedData/PlanItApp-gkehojshtcbfvhersqwajfujohau/Build/Intermediates.noindex/GoogleUtilities.build/Debug-iphonesimulator/GoogleUtilities-Logger.build/Objects-normal/arm64/e6072d4f65d7061329687fe24e3d63a7-common-args.resp
-target arm64-apple-ios12.0-simulator '-std=c99' -fobjc-arc -fmodules -gmodules '-fmodules-cache-path=/Users/aleks/Library/Developer/Xcode/DerivedData/ModuleCache.noindex' '-fmodule-name=GoogleUtilities_Logger' -fpascal-strings -O0 -DSWIFT_PACKAGE '-DDEBUG=1' '-DOBJC_OLD_DISPATCH_PROTOTYPES=1' -isysroot /Applications/Xcode.app/Contents/Developer/Platforms/iPhoneSimulator.platform/Developer/SDKs/iPhoneSimulator18.5.sdk -g '-fobjc-abi-version=2' -fobjc-legacy-dispatch -fprofile-instr-generate -fcoverage-mapping -I/Users/aleks/Library/Developer/Xcode/DerivedData/PlanItApp-gkehojshtcbfvhersqwajfujohau/SourcePackages/checkouts/GoogleUtilities/GoogleUtilities/Environment/Public -I/Users/aleks/Library/Developer/Xcode/DerivedData/PlanItApp-gkehojshtcbfvhersqwajfujohau/SourcePackages/checkouts/GoogleUtilities/third_party/IsAppEncrypted/Public -I/Users/aleks/Library/Developer/Xcode/DerivedData/PlanItApp-gkehojshtcbfvhersqwajfujohau/Build/Products/Debug-iphonesimulator/include -I/Users/aleks/Library/Developer/Xcode/DerivedData/PlanItApp-gkehojshtcbfvhersqwajfujohau/SourcePackages/checkouts/GoogleUtilities/GoogleUtilities/Logger/Public -I/Users/aleks/Library/Developer/Xcode/DerivedData/PlanItApp-gkehojshtcbfvhersqwajfujohau/SourcePackages/checkouts/GoogleUtilities -I/Users/aleks/Library/Developer/Xcode/DerivedData/PlanItApp-gkehojshtcbfvhersqwajfujohau/Build/Intermediates.noindex/GoogleUtilities.build/Debug-iphonesimulator/GoogleUtilities-Logger.build/DerivedSources-normal/arm64 -I/Users/aleks/Library/Developer/Xcode/DerivedData/PlanItApp-gkehojshtcbfvhersqwajfujohau/Build/Intermediates.noindex/GoogleUtilities.build/Debug-iphonesimulator/GoogleUtilities-Logger.build/DerivedSources/arm64 -I/Users/aleks/Library/Developer/Xcode/DerivedData/PlanItApp-gkehojshtcbfvhersqwajfujohau/Build/Intermediates.noindex/GoogleUtilities.build/Debug-iphonesimulator/GoogleUtilities-Logger.build/DerivedSources -F/Users/aleks/Library/Developer/Xcode/DerivedData/PlanItApp-gkehojshtcbfvhersqwajfujohau/Build/Products/Debug-iphonesimulator/PackageFrameworks -F/Users/aleks/Library/Developer/Xcode/DerivedData/PlanItApp-gkehojshtcbfvhersqwajfujohau/Build/Products/Debug-iphonesimulator/PackageFrameworks -F/Users/aleks/Library/Developer/Xcode/DerivedData/PlanItApp-gkehojshtcbfvhersqwajfujohau/Build/Products/Debug-iphonesimulator -iframework /Applications/Xcode.app/Contents/Developer/Platforms/iPhoneSimulator.platform/Developer/Library/Frameworks -iframework /Applications/Xcode.app/Contents/Developer/Platforms/iPhoneSimulator.platform/Developer/SDKs/iPhoneSimulator18.5.sdk/Developer/Library/Frameworks '-fmodule-map-file=/Users/aleks/Library/Developer/Xcode/DerivedData/PlanItApp-gkehojshtcbfvhersqwajfujohau/Build/Intermediates.noindex/GeneratedModuleMaps-iphonesimulator/GoogleUtilities-Environment.modulemap' '-fmodule-map-file=/Users/aleks/Library/Developer/Xcode/DerivedData/PlanItApp-gkehojshtcbfvhersqwajfujohau/Build/Intermediates.noindex/GeneratedModuleMaps-iphonesimulator/third-party-IsAppEncrypted.modulemap' -DXcode

WriteAuxiliaryFile /Users/aleks/Library/Developer/Xcode/DerivedData/PlanItApp-gkehojshtcbfvhersqwajfujohau/Build/Intermediates.noindex/GoogleUtilities.build/Debug-iphonesimulator/GoogleUtilities-Logger.build/Objects-normal/arm64/GoogleUtilities-Logger.LinkFileList (in target 'GoogleUtilities-Logger' from project 'GoogleUtilities')
    cd /Users/aleks/Library/Developer/Xcode/DerivedData/PlanItApp-gkehojshtcbfvhersqwajfujohau/SourcePackages/checkouts/GoogleUtilities
    write-file /Users/aleks/Library/Developer/Xcode/DerivedData/PlanItApp-gkehojshtcbfvhersqwajfujohau/Build/Intermediates.noindex/GoogleUtilities.build/Debug-iphonesimulator/GoogleUtilities-Logger.build/Objects-normal/arm64/GoogleUtilities-Logger.LinkFileList

WriteAuxiliaryFile /Users/aleks/Library/Developer/Xcode/DerivedData/PlanItApp-gkehojshtcbfvhersqwajfujohau/Build/Intermediates.noindex/GoogleUtilities.build/Debug-iphonesimulator/GoogleUtilities-Logger.build/GoogleUtilities-Logger.modulemap (in target 'GoogleUtilities-Logger' from project 'GoogleUtilities')
    cd /Users/aleks/Library/Developer/Xcode/DerivedData/PlanItApp-gkehojshtcbfvhersqwajfujohau/SourcePackages/checkouts/GoogleUtilities
    write-file /Users/aleks/Library/Developer/Xcode/DerivedData/PlanItApp-gkehojshtcbfvhersqwajfujohau/Build/Intermediates.noindex/GoogleUtilities.build/Debug-iphonesimulator/GoogleUtilities-Logger.build/GoogleUtilities-Logger.modulemap

WriteAuxiliaryFile /Users/aleks/Library/Developer/Xcode/DerivedData/PlanItApp-gkehojshtcbfvhersqwajfujohau/Build/Intermediates.noindex/GoogleUtilities.build/Debug-iphonesimulator/GoogleUtilities-Logger.build/GoogleUtilities-Logger.DependencyStaticMetadataFileList (in target 'GoogleUtilities-Logger' from project 'GoogleUtilities')
    cd /Users/aleks/Library/Developer/Xcode/DerivedData/PlanItApp-gkehojshtcbfvhersqwajfujohau/SourcePackages/checkouts/GoogleUtilities
    write-file /Users/aleks/Library/Developer/Xcode/DerivedData/PlanItApp-gkehojshtcbfvhersqwajfujohau/Build/Intermediates.noindex/GoogleUtilities.build/Debug-iphonesimulator/GoogleUtilities-Logger.build/GoogleUtilities-Logger.DependencyStaticMetadataFileList

WriteAuxiliaryFile /Users/aleks/Library/Developer/Xcode/DerivedData/PlanItApp-gkehojshtcbfvhersqwajfujohau/Build/Intermediates.noindex/GoogleUtilities.build/Debug-iphonesimulator/GoogleUtilities-Logger.build/GoogleUtilities-Logger.DependencyMetadataFileList (in target 'GoogleUtilities-Logger' from project 'GoogleUtilities')
    cd /Users/aleks/Library/Developer/Xcode/DerivedData/PlanItApp-gkehojshtcbfvhersqwajfujohau/SourcePackages/checkouts/GoogleUtilities
    write-file /Users/aleks/Library/Developer/Xcode/DerivedData/PlanItApp-gkehojshtcbfvhersqwajfujohau/Build/Intermediates.noindex/GoogleUtilities.build/Debug-iphonesimulator/GoogleUtilities-Logger.build/GoogleUtilities-Logger.DependencyMetadataFileList

WriteAuxiliaryFile /Users/aleks/Library/Developer/Xcode/DerivedData/PlanItApp-gkehojshtcbfvhersqwajfujohau/Build/Intermediates.noindex/GoogleUtilities.build/Debug-iphonesimulator/GoogleUtilities-Logger.build/DerivedSources/resource_bundle_accessor.m (in target 'GoogleUtilities-Logger' from project 'GoogleUtilities')
    cd /Users/aleks/Library/Developer/Xcode/DerivedData/PlanItApp-gkehojshtcbfvhersqwajfujohau/SourcePackages/checkouts/GoogleUtilities
    write-file /Users/aleks/Library/Developer/Xcode/DerivedData/PlanItApp-gkehojshtcbfvhersqwajfujohau/Build/Intermediates.noindex/GoogleUtilities.build/Debug-iphonesimulator/GoogleUtilities-Logger.build/DerivedSources/resource_bundle_accessor.m

WriteAuxiliaryFile /Users/aleks/Library/Developer/Xcode/DerivedData/PlanItApp-gkehojshtcbfvhersqwajfujohau/Build/Intermediates.noindex/GoogleUtilities.build/Debug-iphonesimulator/GoogleUtilities-Logger.build/DerivedSources/resource_bundle_accessor.h (in target 'GoogleUtilities-Logger' from project 'GoogleUtilities')
    cd /Users/aleks/Library/Developer/Xcode/DerivedData/PlanItApp-gkehojshtcbfvhersqwajfujohau/SourcePackages/checkouts/GoogleUtilities
    write-file /Users/aleks/Library/Developer/Xcode/DerivedData/PlanItApp-gkehojshtcbfvhersqwajfujohau/Build/Intermediates.noindex/GoogleUtilities.build/Debug-iphonesimulator/GoogleUtilities-Logger.build/DerivedSources/resource_bundle_accessor.h

WriteAuxiliaryFile /Users/aleks/Library/Developer/Xcode/DerivedData/PlanItApp-gkehojshtcbfvhersqwajfujohau/Build/Intermediates.noindex/GoogleUtilities.build/Debug-iphonesimulator/GoogleUtilities-Environment.build/Objects-normal/arm64/e6072d4f65d7061329687fe24e3d63a7-common-args.resp (in target 'GoogleUtilities-Environment' from project 'GoogleUtilities')
    cd /Users/aleks/Library/Developer/Xcode/DerivedData/PlanItApp-gkehojshtcbfvhersqwajfujohau/SourcePackages/checkouts/GoogleUtilities
    write-file /Users/aleks/Library/Developer/Xcode/DerivedData/PlanItApp-gkehojshtcbfvhersqwajfujohau/Build/Intermediates.noindex/GoogleUtilities.build/Debug-iphonesimulator/GoogleUtilities-Environment.build/Objects-normal/arm64/e6072d4f65d7061329687fe24e3d63a7-common-args.resp
-target arm64-apple-ios12.0-simulator '-std=c99' -fobjc-arc -fmodules -gmodules '-fmodules-cache-path=/Users/aleks/Library/Developer/Xcode/DerivedData/ModuleCache.noindex' '-fmodule-name=GoogleUtilities_Environment' -fpascal-strings -O0 -DSWIFT_PACKAGE '-DDEBUG=1' '-DOBJC_OLD_DISPATCH_PROTOTYPES=1' -isysroot /Applications/Xcode.app/Contents/Developer/Platforms/iPhoneSimulator.platform/Developer/SDKs/iPhoneSimulator18.5.sdk -g '-fobjc-abi-version=2' -fobjc-legacy-dispatch -fprofile-instr-generate -fcoverage-mapping -I/Users/aleks/Library/Developer/Xcode/DerivedData/PlanItApp-gkehojshtcbfvhersqwajfujohau/SourcePackages/checkouts/GoogleUtilities/third_party/IsAppEncrypted/Public -I/Users/aleks/Library/Developer/Xcode/DerivedData/PlanItApp-gkehojshtcbfvhersqwajfujohau/Build/Products/Debug-iphonesimulator/include -I/Users/aleks/Library/Developer/Xcode/DerivedData/PlanItApp-gkehojshtcbfvhersqwajfujohau/SourcePackages/checkouts/GoogleUtilities/GoogleUtilities/Environment/Public -I/Users/aleks/Library/Developer/Xcode/DerivedData/PlanItApp-gkehojshtcbfvhersqwajfujohau/SourcePackages/checkouts/GoogleUtilities -I/Users/aleks/Library/Developer/Xcode/DerivedData/PlanItApp-gkehojshtcbfvhersqwajfujohau/Build/Intermediates.noindex/GoogleUtilities.build/Debug-iphonesimulator/GoogleUtilities-Environment.build/DerivedSources-normal/arm64 -I/Users/aleks/Library/Developer/Xcode/DerivedData/PlanItApp-gkehojshtcbfvhersqwajfujohau/Build/Intermediates.noindex/GoogleUtilities.build/Debug-iphonesimulator/GoogleUtilities-Environment.build/DerivedSources/arm64 -I/Users/aleks/Library/Developer/Xcode/DerivedData/PlanItApp-gkehojshtcbfvhersqwajfujohau/Build/Intermediates.noindex/GoogleUtilities.build/Debug-iphonesimulator/GoogleUtilities-Environment.build/DerivedSources -F/Users/aleks/Library/Developer/Xcode/DerivedData/PlanItApp-gkehojshtcbfvhersqwajfujohau/Build/Products/Debug-iphonesimulator/PackageFrameworks -F/Users/aleks/Library/Developer/Xcode/DerivedData/PlanItApp-gkehojshtcbfvhersqwajfujohau/Build/Products/Debug-iphonesimulator -iframework /Applications/Xcode.app/Contents/Developer/Platforms/iPhoneSimulator.platform/Developer/Library/Frameworks -iframework /Applications/Xcode.app/Contents/Developer/Platforms/iPhoneSimulator.platform/Developer/SDKs/iPhoneSimulator18.5.sdk/Developer/Library/Frameworks '-fmodule-map-file=/Users/aleks/Library/Developer/Xcode/DerivedData/PlanItApp-gkehojshtcbfvhersqwajfujohau/Build/Intermediates.noindex/GeneratedModuleMaps-iphonesimulator/third-party-IsAppEncrypted.modulemap' -DXcode

WriteAuxiliaryFile /Users/aleks/Library/Developer/Xcode/DerivedData/PlanItApp-gkehojshtcbfvhersqwajfujohau/Build/Intermediates.noindex/GoogleUtilities.build/Debug-iphonesimulator/GoogleUtilities-Environment.build/Objects-normal/arm64/GoogleUtilities-Environment.LinkFileList (in target 'GoogleUtilities-Environment' from project 'GoogleUtilities')
    cd /Users/aleks/Library/Developer/Xcode/DerivedData/PlanItApp-gkehojshtcbfvhersqwajfujohau/SourcePackages/checkouts/GoogleUtilities
    write-file /Users/aleks/Library/Developer/Xcode/DerivedData/PlanItApp-gkehojshtcbfvhersqwajfujohau/Build/Intermediates.noindex/GoogleUtilities.build/Debug-iphonesimulator/GoogleUtilities-Environment.build/Objects-normal/arm64/GoogleUtilities-Environment.LinkFileList

WriteAuxiliaryFile /Users/aleks/Library/Developer/Xcode/DerivedData/PlanItApp-gkehojshtcbfvhersqwajfujohau/Build/Intermediates.noindex/GoogleUtilities.build/Debug-iphonesimulator/GoogleUtilities-Environment.build/GoogleUtilities-Environment.modulemap (in target 'GoogleUtilities-Environment' from project 'GoogleUtilities')
    cd /Users/aleks/Library/Developer/Xcode/DerivedData/PlanItApp-gkehojshtcbfvhersqwajfujohau/SourcePackages/checkouts/GoogleUtilities
    write-file /Users/aleks/Library/Developer/Xcode/DerivedData/PlanItApp-gkehojshtcbfvhersqwajfujohau/Build/Intermediates.noindex/GoogleUtilities.build/Debug-iphonesimulator/GoogleUtilities-Environment.build/GoogleUtilities-Environment.modulemap

WriteAuxiliaryFile /Users/aleks/Library/Developer/Xcode/DerivedData/PlanItApp-gkehojshtcbfvhersqwajfujohau/Build/Intermediates.noindex/GoogleUtilities.build/Debug-iphonesimulator/GoogleUtilities-Environment.build/GoogleUtilities-Environment.DependencyStaticMetadataFileList (in target 'GoogleUtilities-Environment' from project 'GoogleUtilities')
    cd /Users/aleks/Library/Developer/Xcode/DerivedData/PlanItApp-gkehojshtcbfvhersqwajfujohau/SourcePackages/checkouts/GoogleUtilities
    write-file /Users/aleks/Library/Developer/Xcode/DerivedData/PlanItApp-gkehojshtcbfvhersqwajfujohau/Build/Intermediates.noindex/GoogleUtilities.build/Debug-iphonesimulator/GoogleUtilities-Environment.build/GoogleUtilities-Environment.DependencyStaticMetadataFileList

WriteAuxiliaryFile /Users/aleks/Library/Developer/Xcode/DerivedData/PlanItApp-gkehojshtcbfvhersqwajfujohau/Build/Intermediates.noindex/GoogleUtilities.build/Debug-iphonesimulator/GoogleUtilities-Environment.build/GoogleUtilities-Environment.DependencyMetadataFileList (in target 'GoogleUtilities-Environment' from project 'GoogleUtilities')
    cd /Users/aleks/Library/Developer/Xcode/DerivedData/PlanItApp-gkehojshtcbfvhersqwajfujohau/SourcePackages/checkouts/GoogleUtilities
    write-file /Users/aleks/Library/Developer/Xcode/DerivedData/PlanItApp-gkehojshtcbfvhersqwajfujohau/Build/Intermediates.noindex/GoogleUtilities.build/Debug-iphonesimulator/GoogleUtilities-Environment.build/GoogleUtilities-Environment.DependencyMetadataFileList

WriteAuxiliaryFile /Users/aleks/Library/Developer/Xcode/DerivedData/PlanItApp-gkehojshtcbfvhersqwajfujohau/Build/Intermediates.noindex/GoogleUtilities.build/Debug-iphonesimulator/GoogleUtilities-Environment.build/DerivedSources/resource_bundle_accessor.m (in target 'GoogleUtilities-Environment' from project 'GoogleUtilities')
    cd /Users/aleks/Library/Developer/Xcode/DerivedData/PlanItApp-gkehojshtcbfvhersqwajfujohau/SourcePackages/checkouts/GoogleUtilities
    write-file /Users/aleks/Library/Developer/Xcode/DerivedData/PlanItApp-gkehojshtcbfvhersqwajfujohau/Build/Intermediates.noindex/GoogleUtilities.build/Debug-iphonesimulator/GoogleUtilities-Environment.build/DerivedSources/resource_bundle_accessor.m

WriteAuxiliaryFile /Users/aleks/Library/Developer/Xcode/DerivedData/PlanItApp-gkehojshtcbfvhersqwajfujohau/Build/Intermediates.noindex/GoogleUtilities.build/Debug-iphonesimulator/GoogleUtilities-Environment.build/DerivedSources/resource_bundle_accessor.h (in target 'GoogleUtilities-Environment' from project 'GoogleUtilities')
    cd /Users/aleks/Library/Developer/Xcode/DerivedData/PlanItApp-gkehojshtcbfvhersqwajfujohau/SourcePackages/checkouts/GoogleUtilities
    write-file /Users/aleks/Library/Developer/Xcode/DerivedData/PlanItApp-gkehojshtcbfvhersqwajfujohau/Build/Intermediates.noindex/GoogleUtilities.build/Debug-iphonesimulator/GoogleUtilities-Environment.build/DerivedSources/resource_bundle_accessor.h

WriteAuxiliaryFile /Users/aleks/Library/Developer/Xcode/DerivedData/PlanItApp-gkehojshtcbfvhersqwajfujohau/Build/Intermediates.noindex/GoogleUtilities.build/Debug-iphonesimulator/GoogleUtilities-AppDelegateSwizzler.build/Objects-normal/arm64/e6072d4f65d7061329687fe24e3d63a7-common-args.resp (in target 'GoogleUtilities-AppDelegateSwizzler' from project 'GoogleUtilities')
    cd /Users/aleks/Library/Developer/Xcode/DerivedData/PlanItApp-gkehojshtcbfvhersqwajfujohau/SourcePackages/checkouts/GoogleUtilities
    write-file /Users/aleks/Library/Developer/Xcode/DerivedData/PlanItApp-gkehojshtcbfvhersqwajfujohau/Build/Intermediates.noindex/GoogleUtilities.build/Debug-iphonesimulator/GoogleUtilities-AppDelegateSwizzler.build/Objects-normal/arm64/e6072d4f65d7061329687fe24e3d63a7-common-args.resp
-target arm64-apple-ios12.0-simulator '-std=c99' -fobjc-arc -fmodules -gmodules '-fmodules-cache-path=/Users/aleks/Library/Developer/Xcode/DerivedData/ModuleCache.noindex' '-fmodule-name=GoogleUtilities_AppDelegateSwizzler' -fpascal-strings -O0 -DSWIFT_PACKAGE '-DDEBUG=1' '-DOBJC_OLD_DISPATCH_PROTOTYPES=1' -isysroot /Applications/Xcode.app/Contents/Developer/Platforms/iPhoneSimulator.platform/Developer/SDKs/iPhoneSimulator18.5.sdk -g '-fobjc-abi-version=2' -fobjc-legacy-dispatch -fprofile-instr-generate -fcoverage-mapping -I/Users/aleks/Library/Developer/Xcode/DerivedData/PlanItApp-gkehojshtcbfvhersqwajfujohau/SourcePackages/checkouts/GoogleUtilities/GoogleUtilities/Network/Public -I/Users/aleks/Library/Developer/Xcode/DerivedData/PlanItApp-gkehojshtcbfvhersqwajfujohau/SourcePackages/checkouts/GoogleUtilities/GoogleUtilities/Reachability/Public -I/Users/aleks/Library/Developer/Xcode/DerivedData/PlanItApp-gkehojshtcbfvhersqwajfujohau/SourcePackages/checkouts/GoogleUtilities/GoogleUtilities/NSData+zlib/Public -I/Users/aleks/Library/Developer/Xcode/DerivedData/PlanItApp-gkehojshtcbfvhersqwajfujohau/SourcePackages/checkouts/GoogleUtilities/GoogleUtilities/Logger/Public -I/Users/aleks/Library/Developer/Xcode/DerivedData/PlanItApp-gkehojshtcbfvhersqwajfujohau/SourcePackages/checkouts/GoogleUtilities/GoogleUtilities/Environment/Public -I/Users/aleks/Library/Developer/Xcode/DerivedData/PlanItApp-gkehojshtcbfvhersqwajfujohau/SourcePackages/checkouts/GoogleUtilities/third_party/IsAppEncrypted/Public -I/Users/aleks/Library/Developer/Xcode/DerivedData/PlanItApp-gkehojshtcbfvhersqwajfujohau/Build/Products/Debug-iphonesimulator/include -I/Users/aleks/Library/Developer/Xcode/DerivedData/PlanItApp-gkehojshtcbfvhersqwajfujohau/SourcePackages/checkouts/GoogleUtilities/GoogleUtilities/AppDelegateSwizzler/Public -I/Users/aleks/Library/Developer/Xcode/DerivedData/PlanItApp-gkehojshtcbfvhersqwajfujohau/SourcePackages/checkouts/GoogleUtilities -I/Users/aleks/Library/Developer/Xcode/DerivedData/PlanItApp-gkehojshtcbfvhersqwajfujohau/Build/Intermediates.noindex/GoogleUtilities.build/Debug-iphonesimulator/GoogleUtilities-AppDelegateSwizzler.build/DerivedSources-normal/arm64 -I/Users/aleks/Library/Developer/Xcode/DerivedData/PlanItApp-gkehojshtcbfvhersqwajfujohau/Build/Intermediates.noindex/GoogleUtilities.build/Debug-iphonesimulator/GoogleUtilities-AppDelegateSwizzler.build/DerivedSources/arm64 -I/Users/aleks/Library/Developer/Xcode/DerivedData/PlanItApp-gkehojshtcbfvhersqwajfujohau/Build/Intermediates.noindex/GoogleUtilities.build/Debug-iphonesimulator/GoogleUtilities-AppDelegateSwizzler.build/DerivedSources -F/Users/aleks/Library/Developer/Xcode/DerivedData/PlanItApp-gkehojshtcbfvhersqwajfujohau/Build/Products/Debug-iphonesimulator/PackageFrameworks -F/Users/aleks/Library/Developer/Xcode/DerivedData/PlanItApp-gkehojshtcbfvhersqwajfujohau/Build/Products/Debug-iphonesimulator/PackageFrameworks -F/Users/aleks/Library/Developer/Xcode/DerivedData/PlanItApp-gkehojshtcbfvhersqwajfujohau/Build/Products/Debug-iphonesimulator/PackageFrameworks -F/Users/aleks/Library/Developer/Xcode/DerivedData/PlanItApp-gkehojshtcbfvhersqwajfujohau/Build/Products/Debug-iphonesimulator/PackageFrameworks -F/Users/aleks/Library/Developer/Xcode/DerivedData/PlanItApp-gkehojshtcbfvhersqwajfujohau/Build/Products/Debug-iphonesimulator/PackageFrameworks -F/Users/aleks/Library/Developer/Xcode/DerivedData/PlanItApp-gkehojshtcbfvhersqwajfujohau/Build/Products/Debug-iphonesimulator/PackageFrameworks -F/Users/aleks/Library/Developer/Xcode/DerivedData/PlanItApp-gkehojshtcbfvhersqwajfujohau/Build/Products/Debug-iphonesimulator -iframework /Applications/Xcode.app/Contents/Developer/Platforms/iPhoneSimulator.platform/Developer/Library/Frameworks -iframework /Applications/Xcode.app/Contents/Developer/Platforms/iPhoneSimulator.platform/Developer/SDKs/iPhoneSimulator18.5.sdk/Developer/Library/Frameworks '-fmodule-map-file=/Users/aleks/Library/Developer/Xcode/DerivedData/PlanItApp-gkehojshtcbfvhersqwajfujohau/Build/Intermediates.noindex/GeneratedModuleMaps-iphonesimulator/GoogleUtilities-Network.modulemap' '-fmodule-map-file=/Users/aleks/Library/Developer/Xcode/DerivedData/PlanItApp-gkehojshtcbfvhersqwajfujohau/Build/Intermediates.noindex/GeneratedModuleMaps-iphonesimulator/GoogleUtilities-Reachability.modulemap' '-fmodule-map-file=/Users/aleks/Library/Developer/Xcode/DerivedData/PlanItApp-gkehojshtcbfvhersqwajfujohau/Build/Intermediates.noindex/GeneratedModuleMaps-iphonesimulator/GoogleUtilities-NSData.modulemap' '-fmodule-map-file=/Users/aleks/Library/Developer/Xcode/DerivedData/PlanItApp-gkehojshtcbfvhersqwajfujohau/Build/Intermediates.noindex/GeneratedModuleMaps-iphonesimulator/GoogleUtilities-Logger.modulemap' '-fmodule-map-file=/Users/aleks/Library/Developer/Xcode/DerivedData/PlanItApp-gkehojshtcbfvhersqwajfujohau/Build/Intermediates.noindex/GeneratedModuleMaps-iphonesimulator/GoogleUtilities-Environment.modulemap' '-fmodule-map-file=/Users/aleks/Library/Developer/Xcode/DerivedData/PlanItApp-gkehojshtcbfvhersqwajfujohau/Build/Intermediates.noindex/GeneratedModuleMaps-iphonesimulator/third-party-IsAppEncrypted.modulemap' -DXcode

WriteAuxiliaryFile /Users/aleks/Library/Developer/Xcode/DerivedData/PlanItApp-gkehojshtcbfvhersqwajfujohau/Build/Intermediates.noindex/GoogleUtilities.build/Debug-iphonesimulator/GoogleUtilities-AppDelegateSwizzler.build/Objects-normal/arm64/GoogleUtilities-AppDelegateSwizzler.LinkFileList (in target 'GoogleUtilities-AppDelegateSwizzler' from project 'GoogleUtilities')
    cd /Users/aleks/Library/Developer/Xcode/DerivedData/PlanItApp-gkehojshtcbfvhersqwajfujohau/SourcePackages/checkouts/GoogleUtilities
    write-file /Users/aleks/Library/Developer/Xcode/DerivedData/PlanItApp-gkehojshtcbfvhersqwajfujohau/Build/Intermediates.noindex/GoogleUtilities.build/Debug-iphonesimulator/GoogleUtilities-AppDelegateSwizzler.build/Objects-normal/arm64/GoogleUtilities-AppDelegateSwizzler.LinkFileList

WriteAuxiliaryFile /Users/aleks/Library/Developer/Xcode/DerivedData/PlanItApp-gkehojshtcbfvhersqwajfujohau/Build/Intermediates.noindex/GoogleUtilities.build/Debug-iphonesimulator/GoogleUtilities-AppDelegateSwizzler.build/GoogleUtilities-AppDelegateSwizzler.modulemap (in target 'GoogleUtilities-AppDelegateSwizzler' from project 'GoogleUtilities')
    cd /Users/aleks/Library/Developer/Xcode/DerivedData/PlanItApp-gkehojshtcbfvhersqwajfujohau/SourcePackages/checkouts/GoogleUtilities
    write-file /Users/aleks/Library/Developer/Xcode/DerivedData/PlanItApp-gkehojshtcbfvhersqwajfujohau/Build/Intermediates.noindex/GoogleUtilities.build/Debug-iphonesimulator/GoogleUtilities-AppDelegateSwizzler.build/GoogleUtilities-AppDelegateSwizzler.modulemap

WriteAuxiliaryFile /Users/aleks/Library/Developer/Xcode/DerivedData/PlanItApp-gkehojshtcbfvhersqwajfujohau/Build/Intermediates.noindex/GoogleUtilities.build/Debug-iphonesimulator/GoogleUtilities-AppDelegateSwizzler.build/GoogleUtilities-AppDelegateSwizzler.DependencyStaticMetadataFileList (in target 'GoogleUtilities-AppDelegateSwizzler' from project 'GoogleUtilities')
    cd /Users/aleks/Library/Developer/Xcode/DerivedData/PlanItApp-gkehojshtcbfvhersqwajfujohau/SourcePackages/checkouts/GoogleUtilities
    write-file /Users/aleks/Library/Developer/Xcode/DerivedData/PlanItApp-gkehojshtcbfvhersqwajfujohau/Build/Intermediates.noindex/GoogleUtilities.build/Debug-iphonesimulator/GoogleUtilities-AppDelegateSwizzler.build/GoogleUtilities-AppDelegateSwizzler.DependencyStaticMetadataFileList

WriteAuxiliaryFile /Users/aleks/Library/Developer/Xcode/DerivedData/PlanItApp-gkehojshtcbfvhersqwajfujohau/Build/Intermediates.noindex/GoogleUtilities.build/Debug-iphonesimulator/GoogleUtilities-AppDelegateSwizzler.build/GoogleUtilities-AppDelegateSwizzler.DependencyMetadataFileList (in target 'GoogleUtilities-AppDelegateSwizzler' from project 'GoogleUtilities')
    cd /Users/aleks/Library/Developer/Xcode/DerivedData/PlanItApp-gkehojshtcbfvhersqwajfujohau/SourcePackages/checkouts/GoogleUtilities
    write-file /Users/aleks/Library/Developer/Xcode/DerivedData/PlanItApp-gkehojshtcbfvhersqwajfujohau/Build/Intermediates.noindex/GoogleUtilities.build/Debug-iphonesimulator/GoogleUtilities-AppDelegateSwizzler.build/GoogleUtilities-AppDelegateSwizzler.DependencyMetadataFileList

WriteAuxiliaryFile /Users/aleks/Library/Developer/Xcode/DerivedData/PlanItApp-gkehojshtcbfvhersqwajfujohau/Build/Intermediates.noindex/GoogleUtilities.build/Debug-iphonesimulator/GoogleUtilities-AppDelegateSwizzler.build/DerivedSources/resource_bundle_accessor.m (in target 'GoogleUtilities-AppDelegateSwizzler' from project 'GoogleUtilities')
    cd /Users/aleks/Library/Developer/Xcode/DerivedData/PlanItApp-gkehojshtcbfvhersqwajfujohau/SourcePackages/checkouts/GoogleUtilities
    write-file /Users/aleks/Library/Developer/Xcode/DerivedData/PlanItApp-gkehojshtcbfvhersqwajfujohau/Build/Intermediates.noindex/GoogleUtilities.build/Debug-iphonesimulator/GoogleUtilities-AppDelegateSwizzler.build/DerivedSources/resource_bundle_accessor.m

WriteAuxiliaryFile /Users/aleks/Library/Developer/Xcode/DerivedData/PlanItApp-gkehojshtcbfvhersqwajfujohau/Build/Intermediates.noindex/GoogleUtilities.build/Debug-iphonesimulator/GoogleUtilities-AppDelegateSwizzler.build/DerivedSources/resource_bundle_accessor.h (in target 'GoogleUtilities-AppDelegateSwizzler' from project 'GoogleUtilities')
    cd /Users/aleks/Library/Developer/Xcode/DerivedData/PlanItApp-gkehojshtcbfvhersqwajfujohau/SourcePackages/checkouts/GoogleUtilities
    write-file /Users/aleks/Library/Developer/Xcode/DerivedData/PlanItApp-gkehojshtcbfvhersqwajfujohau/Build/Intermediates.noindex/GoogleUtilities.build/Debug-iphonesimulator/GoogleUtilities-AppDelegateSwizzler.build/DerivedSources/resource_bundle_accessor.h

WriteAuxiliaryFile /Users/aleks/Library/Developer/Xcode/DerivedData/PlanItApp-gkehojshtcbfvhersqwajfujohau/Build/Intermediates.noindex/GoogleSignIn.build/Debug-iphonesimulator/GoogleSignIn_GoogleSignIn.build/empty-GoogleSignIn_GoogleSignIn.plist (in target 'GoogleSignIn_GoogleSignIn' from project 'GoogleSignIn')
    cd /Users/aleks/Library/Developer/Xcode/DerivedData/PlanItApp-gkehojshtcbfvhersqwajfujohau/SourcePackages/checkouts/GoogleSignIn-iOS
    write-file /Users/aleks/Library/Developer/Xcode/DerivedData/PlanItApp-gkehojshtcbfvhersqwajfujohau/Build/Intermediates.noindex/GoogleSignIn.build/Debug-iphonesimulator/GoogleSignIn_GoogleSignIn.build/empty-GoogleSignIn_GoogleSignIn.plist

WriteAuxiliaryFile /Users/aleks/Library/Developer/Xcode/DerivedData/PlanItApp-gkehojshtcbfvhersqwajfujohau/Build/Intermediates.noindex/GoogleSignIn.build/Debug-iphonesimulator/GoogleSignIn_GoogleSignIn.build/GoogleSignIn_GoogleSignIn.DependencyStaticMetadataFileList (in target 'GoogleSignIn_GoogleSignIn' from project 'GoogleSignIn')
    cd /Users/aleks/Library/Developer/Xcode/DerivedData/PlanItApp-gkehojshtcbfvhersqwajfujohau/SourcePackages/checkouts/GoogleSignIn-iOS
    write-file /Users/aleks/Library/Developer/Xcode/DerivedData/PlanItApp-gkehojshtcbfvhersqwajfujohau/Build/Intermediates.noindex/GoogleSignIn.build/Debug-iphonesimulator/GoogleSignIn_GoogleSignIn.build/GoogleSignIn_GoogleSignIn.DependencyStaticMetadataFileList

WriteAuxiliaryFile /Users/aleks/Library/Developer/Xcode/DerivedData/PlanItApp-gkehojshtcbfvhersqwajfujohau/Build/Intermediates.noindex/GoogleSignIn.build/Debug-iphonesimulator/GoogleSignIn_GoogleSignIn.build/GoogleSignIn_GoogleSignIn.DependencyMetadataFileList (in target 'GoogleSignIn_GoogleSignIn' from project 'GoogleSignIn')
    cd /Users/aleks/Library/Developer/Xcode/DerivedData/PlanItApp-gkehojshtcbfvhersqwajfujohau/SourcePackages/checkouts/GoogleSignIn-iOS
    write-file /Users/aleks/Library/Developer/Xcode/DerivedData/PlanItApp-gkehojshtcbfvhersqwajfujohau/Build/Intermediates.noindex/GoogleSignIn.build/Debug-iphonesimulator/GoogleSignIn_GoogleSignIn.build/GoogleSignIn_GoogleSignIn.DependencyMetadataFileList

WriteAuxiliaryFile /Users/aleks/Library/Developer/Xcode/DerivedData/PlanItApp-gkehojshtcbfvhersqwajfujohau/Build/Intermediates.noindex/GoogleSignIn.build/Debug-iphonesimulator/GoogleSignIn.build/Objects-normal/arm64/e6072d4f65d7061329687fe24e3d63a7-common-args.resp (in target 'GoogleSignIn' from project 'GoogleSignIn')
    cd /Users/aleks/Library/Developer/Xcode/DerivedData/PlanItApp-gkehojshtcbfvhersqwajfujohau/SourcePackages/checkouts/GoogleSignIn-iOS
    write-file /Users/aleks/Library/Developer/Xcode/DerivedData/PlanItApp-gkehojshtcbfvhersqwajfujohau/Build/Intermediates.noindex/GoogleSignIn.build/Debug-iphonesimulator/GoogleSignIn.build/Objects-normal/arm64/e6072d4f65d7061329687fe24e3d63a7-common-args.resp
-target arm64-apple-ios12.0-simulator -fobjc-arc -fmodules -gmodules '-fmodules-cache-path=/Users/aleks/Library/Developer/Xcode/DerivedData/ModuleCache.noindex' '-fmodule-name=GoogleSignIn' -fpascal-strings -O0 -DSWIFT_PACKAGE '-DDEBUG=1' '-DGID_SDK_VERSION=8.0.0' '-DOBJC_OLD_DISPATCH_PROTOTYPES=1' -isysroot /Applications/Xcode.app/Contents/Developer/Platforms/iPhoneSimulator.platform/Developer/SDKs/iPhoneSimulator18.5.sdk -g '-fobjc-abi-version=2' -fobjc-legacy-dispatch -fprofile-instr-generate -fcoverage-mapping -I/Users/aleks/Library/Developer/Xcode/DerivedData/PlanItApp-gkehojshtcbfvhersqwajfujohau/SourcePackages/checkouts/AppAuth-iOS/Sources/AppAuth -I/Users/aleks/Library/Developer/Xcode/DerivedData/PlanItApp-gkehojshtcbfvhersqwajfujohau/SourcePackages/checkouts/promises/Sources/FBLPromises/include -I/Users/aleks/Library/Developer/Xcode/DerivedData/PlanItApp-gkehojshtcbfvhersqwajfujohau/SourcePackages/checkouts/GoogleUtilities/GoogleUtilities/Logger/Public -I/Users/aleks/Library/Developer/Xcode/DerivedData/PlanItApp-gkehojshtcbfvhersqwajfujohau/SourcePackages/checkouts/GoogleUtilities/GoogleUtilities/Environment/Public -I/Users/aleks/Library/Developer/Xcode/DerivedData/PlanItApp-gkehojshtcbfvhersqwajfujohau/SourcePackages/checkouts/GoogleUtilities/third_party/IsAppEncrypted/Public -I/Users/aleks/Library/Developer/Xcode/DerivedData/PlanItApp-gkehojshtcbfvhersqwajfujohau/SourcePackages/checkouts/GoogleUtilities/GoogleUtilities/UserDefaults/Public -I/Users/aleks/Library/Developer/Xcode/DerivedData/PlanItApp-gkehojshtcbfvhersqwajfujohau/SourcePackages/checkouts/app-check/AppCheckCore/Sources/Public -I/Users/aleks/Library/Developer/Xcode/DerivedData/PlanItApp-gkehojshtcbfvhersqwajfujohau/SourcePackages/checkouts/AppAuth-iOS/Sources/AppAuthCore -I/Users/aleks/Library/Developer/Xcode/DerivedData/PlanItApp-gkehojshtcbfvhersqwajfujohau/SourcePackages/checkouts/gtm-session-fetcher/Sources/Core/Public -I/Users/aleks/Library/Developer/Xcode/DerivedData/PlanItApp-gkehojshtcbfvhersqwajfujohau/Build/Products/Debug-iphonesimulator/include -I/Users/aleks/Library/Developer/Xcode/DerivedData/PlanItApp-gkehojshtcbfvhersqwajfujohau/SourcePackages/checkouts/GoogleSignIn-iOS/GoogleSignIn/Sources/Public -I/Users/aleks/Library/Developer/Xcode/DerivedData/PlanItApp-gkehojshtcbfvhersqwajfujohau/SourcePackages/checkouts/GoogleSignIn-iOS -I/Users/aleks/Library/Developer/Xcode/DerivedData/PlanItApp-gkehojshtcbfvhersqwajfujohau/Build/Intermediates.noindex/GoogleSignIn.build/Debug-iphonesimulator/GoogleSignIn.build/DerivedSources-normal/arm64 -I/Users/aleks/Library/Developer/Xcode/DerivedData/PlanItApp-gkehojshtcbfvhersqwajfujohau/Build/Intermediates.noindex/GoogleSignIn.build/Debug-iphonesimulator/GoogleSignIn.build/DerivedSources/arm64 -I/Users/aleks/Library/Developer/Xcode/DerivedData/PlanItApp-gkehojshtcbfvhersqwajfujohau/Build/Intermediates.noindex/GoogleSignIn.build/Debug-iphonesimulator/GoogleSignIn.build/DerivedSources -F/Users/aleks/Library/Developer/Xcode/DerivedData/PlanItApp-gkehojshtcbfvhersqwajfujohau/Build/Products/Debug-iphonesimulator/PackageFrameworks -F/Users/aleks/Library/Developer/Xcode/DerivedData/PlanItApp-gkehojshtcbfvhersqwajfujohau/Build/Products/Debug-iphonesimulator/PackageFrameworks -F/Users/aleks/Library/Developer/Xcode/DerivedData/PlanItApp-gkehojshtcbfvhersqwajfujohau/Build/Products/Debug-iphonesimulator/PackageFrameworks -F/Users/aleks/Library/Developer/Xcode/DerivedData/PlanItApp-gkehojshtcbfvhersqwajfujohau/Build/Products/Debug-iphonesimulator/PackageFrameworks -F/Users/aleks/Library/Developer/Xcode/DerivedData/PlanItApp-gkehojshtcbfvhersqwajfujohau/Build/Products/Debug-iphonesimulator/PackageFrameworks -F/Users/aleks/Library/Developer/Xcode/DerivedData/PlanItApp-gkehojshtcbfvhersqwajfujohau/Build/Products/Debug-iphonesimulator/PackageFrameworks -F/Users/aleks/Library/Developer/Xcode/DerivedData/PlanItApp-gkehojshtcbfvhersqwajfujohau/Build/Products/Debug-iphonesimulator/PackageFrameworks -F/Users/aleks/Library/Developer/Xcode/DerivedData/PlanItApp-gkehojshtcbfvhersqwajfujohau/Build/Products/Debug-iphonesimulator/PackageFrameworks -F/Users/aleks/Library/Developer/Xcode/DerivedData/PlanItApp-gkehojshtcbfvhersqwajfujohau/Build/Products/Debug-iphonesimulator/PackageFrameworks -F/Users/aleks/Library/Developer/Xcode/DerivedData/PlanItApp-gkehojshtcbfvhersqwajfujohau/Build/Products/Debug-iphonesimulator/PackageFrameworks -F/Users/aleks/Library/Developer/Xcode/DerivedData/PlanItApp-gkehojshtcbfvhersqwajfujohau/Build/Products/Debug-iphonesimulator -iframework /Applications/Xcode.app/Contents/Developer/Platforms/iPhoneSimulator.platform/Developer/Library/Frameworks -iframework /Applications/Xcode.app/Contents/Developer/Platforms/iPhoneSimulator.platform/Developer/SDKs/iPhoneSimulator18.5.sdk/Developer/Library/Frameworks '-fmodule-map-file=/Users/aleks/Library/Developer/Xcode/DerivedData/PlanItApp-gkehojshtcbfvhersqwajfujohau/Build/Intermediates.noindex/GeneratedModuleMaps-iphonesimulator/AppAuth.modulemap' '-fmodule-map-file=/Users/aleks/Library/Developer/Xcode/DerivedData/PlanItApp-gkehojshtcbfvhersqwajfujohau/Build/Intermediates.noindex/GeneratedModuleMaps-iphonesimulator/GoogleUtilities-Logger.modulemap' '-fmodule-map-file=/Users/aleks/Library/Developer/Xcode/DerivedData/PlanItApp-gkehojshtcbfvhersqwajfujohau/Build/Intermediates.noindex/GeneratedModuleMaps-iphonesimulator/GoogleUtilities-Environment.modulemap' '-fmodule-map-file=/Users/aleks/Library/Developer/Xcode/DerivedData/PlanItApp-gkehojshtcbfvhersqwajfujohau/Build/Intermediates.noindex/GeneratedModuleMaps-iphonesimulator/third-party-IsAppEncrypted.modulemap' '-fmodule-map-file=/Users/aleks/Library/Developer/Xcode/DerivedData/PlanItApp-gkehojshtcbfvhersqwajfujohau/Build/Intermediates.noindex/GeneratedModuleMaps-iphonesimulator/GoogleUtilities-UserDefaults.modulemap' '-fmodule-map-file=/Users/aleks/Library/Developer/Xcode/DerivedData/PlanItApp-gkehojshtcbfvhersqwajfujohau/Build/Intermediates.noindex/GeneratedModuleMaps-iphonesimulator/AppCheckCore.modulemap' '-fmodule-map-file=/Users/aleks/Library/Developer/Xcode/DerivedData/PlanItApp-gkehojshtcbfvhersqwajfujohau/Build/Intermediates.noindex/GeneratedModuleMaps-iphonesimulator/AppAuthCore.modulemap' '-fmodule-map-file=/Users/aleks/Library/Developer/Xcode/DerivedData/PlanItApp-gkehojshtcbfvhersqwajfujohau/Build/Intermediates.noindex/GeneratedModuleMaps-iphonesimulator/GTMAppAuth.modulemap' '-fmodule-map-file=/Users/aleks/Library/Developer/Xcode/DerivedData/PlanItApp-gkehojshtcbfvhersqwajfujohau/Build/Intermediates.noindex/GeneratedModuleMaps-iphonesimulator/GTMSessionFetcherCore.modulemap' -DXcode

WriteAuxiliaryFile /Users/aleks/Library/Developer/Xcode/DerivedData/PlanItApp-gkehojshtcbfvhersqwajfujohau/Build/Intermediates.noindex/GoogleSignIn.build/Debug-iphonesimulator/GoogleSignIn.build/Objects-normal/arm64/GoogleSignIn.LinkFileList (in target 'GoogleSignIn' from project 'GoogleSignIn')
    cd /Users/aleks/Library/Developer/Xcode/DerivedData/PlanItApp-gkehojshtcbfvhersqwajfujohau/SourcePackages/checkouts/GoogleSignIn-iOS
    write-file /Users/aleks/Library/Developer/Xcode/DerivedData/PlanItApp-gkehojshtcbfvhersqwajfujohau/Build/Intermediates.noindex/GoogleSignIn.build/Debug-iphonesimulator/GoogleSignIn.build/Objects-normal/arm64/GoogleSignIn.LinkFileList

WriteAuxiliaryFile /Users/aleks/Library/Developer/Xcode/DerivedData/PlanItApp-gkehojshtcbfvhersqwajfujohau/Build/Intermediates.noindex/GoogleSignIn.build/Debug-iphonesimulator/GoogleSignIn.build/GoogleSignIn.modulemap (in target 'GoogleSignIn' from project 'GoogleSignIn')
    cd /Users/aleks/Library/Developer/Xcode/DerivedData/PlanItApp-gkehojshtcbfvhersqwajfujohau/SourcePackages/checkouts/GoogleSignIn-iOS
    write-file /Users/aleks/Library/Developer/Xcode/DerivedData/PlanItApp-gkehojshtcbfvhersqwajfujohau/Build/Intermediates.noindex/GoogleSignIn.build/Debug-iphonesimulator/GoogleSignIn.build/GoogleSignIn.modulemap

WriteAuxiliaryFile /Users/aleks/Library/Developer/Xcode/DerivedData/PlanItApp-gkehojshtcbfvhersqwajfujohau/Build/Intermediates.noindex/GoogleSignIn.build/Debug-iphonesimulator/GoogleSignIn.build/GoogleSignIn.DependencyStaticMetadataFileList (in target 'GoogleSignIn' from project 'GoogleSignIn')
    cd /Users/aleks/Library/Developer/Xcode/DerivedData/PlanItApp-gkehojshtcbfvhersqwajfujohau/SourcePackages/checkouts/GoogleSignIn-iOS
    write-file /Users/aleks/Library/Developer/Xcode/DerivedData/PlanItApp-gkehojshtcbfvhersqwajfujohau/Build/Intermediates.noindex/GoogleSignIn.build/Debug-iphonesimulator/GoogleSignIn.build/GoogleSignIn.DependencyStaticMetadataFileList

WriteAuxiliaryFile /Users/aleks/Library/Developer/Xcode/DerivedData/PlanItApp-gkehojshtcbfvhersqwajfujohau/Build/Intermediates.noindex/GoogleSignIn.build/Debug-iphonesimulator/GoogleSignIn.build/GoogleSignIn.DependencyMetadataFileList (in target 'GoogleSignIn' from project 'GoogleSignIn')
    cd /Users/aleks/Library/Developer/Xcode/DerivedData/PlanItApp-gkehojshtcbfvhersqwajfujohau/SourcePackages/checkouts/GoogleSignIn-iOS
    write-file /Users/aleks/Library/Developer/Xcode/DerivedData/PlanItApp-gkehojshtcbfvhersqwajfujohau/Build/Intermediates.noindex/GoogleSignIn.build/Debug-iphonesimulator/GoogleSignIn.build/GoogleSignIn.DependencyMetadataFileList

WriteAuxiliaryFile /Users/aleks/Library/Developer/Xcode/DerivedData/PlanItApp-gkehojshtcbfvhersqwajfujohau/Build/Intermediates.noindex/GoogleSignIn.build/Debug-iphonesimulator/GoogleSignIn.build/DerivedSources/resource_bundle_accessor.m (in target 'GoogleSignIn' from project 'GoogleSignIn')
    cd /Users/aleks/Library/Developer/Xcode/DerivedData/PlanItApp-gkehojshtcbfvhersqwajfujohau/SourcePackages/checkouts/GoogleSignIn-iOS
    write-file /Users/aleks/Library/Developer/Xcode/DerivedData/PlanItApp-gkehojshtcbfvhersqwajfujohau/Build/Intermediates.noindex/GoogleSignIn.build/Debug-iphonesimulator/GoogleSignIn.build/DerivedSources/resource_bundle_accessor.m

WriteAuxiliaryFile /Users/aleks/Library/Developer/Xcode/DerivedData/PlanItApp-gkehojshtcbfvhersqwajfujohau/Build/Intermediates.noindex/GoogleSignIn.build/Debug-iphonesimulator/GoogleSignIn.build/DerivedSources/resource_bundle_accessor.h (in target 'GoogleSignIn' from project 'GoogleSignIn')
    cd /Users/aleks/Library/Developer/Xcode/DerivedData/PlanItApp-gkehojshtcbfvhersqwajfujohau/SourcePackages/checkouts/GoogleSignIn-iOS
    write-file /Users/aleks/Library/Developer/Xcode/DerivedData/PlanItApp-gkehojshtcbfvhersqwajfujohau/Build/Intermediates.noindex/GoogleSignIn.build/Debug-iphonesimulator/GoogleSignIn.build/DerivedSources/resource_bundle_accessor.h

WriteAuxiliaryFile /Users/aleks/Library/Developer/Xcode/DerivedData/PlanItApp-gkehojshtcbfvhersqwajfujohau/Build/Intermediates.noindex/GTMSessionFetcher.build/Debug-iphonesimulator/GTMSessionFetcher_GTMSessionFetcherCore.build/empty-GTMSessionFetcher_GTMSessionFetcherCore.plist (in target 'GTMSessionFetcher_GTMSessionFetcherCore' from project 'GTMSessionFetcher')
    cd /Users/aleks/Library/Developer/Xcode/DerivedData/PlanItApp-gkehojshtcbfvhersqwajfujohau/SourcePackages/checkouts/gtm-session-fetcher
    write-file /Users/aleks/Library/Developer/Xcode/DerivedData/PlanItApp-gkehojshtcbfvhersqwajfujohau/Build/Intermediates.noindex/GTMSessionFetcher.build/Debug-iphonesimulator/GTMSessionFetcher_GTMSessionFetcherCore.build/empty-GTMSessionFetcher_GTMSessionFetcherCore.plist

WriteAuxiliaryFile /Users/aleks/Library/Developer/Xcode/DerivedData/PlanItApp-gkehojshtcbfvhersqwajfujohau/Build/Intermediates.noindex/GTMSessionFetcher.build/Debug-iphonesimulator/GTMSessionFetcher_GTMSessionFetcherCore.build/GTMSessionFetcher_GTMSessionFetcherCore.DependencyStaticMetadataFileList (in target 'GTMSessionFetcher_GTMSessionFetcherCore' from project 'GTMSessionFetcher')
    cd /Users/aleks/Library/Developer/Xcode/DerivedData/PlanItApp-gkehojshtcbfvhersqwajfujohau/SourcePackages/checkouts/gtm-session-fetcher
    write-file /Users/aleks/Library/Developer/Xcode/DerivedData/PlanItApp-gkehojshtcbfvhersqwajfujohau/Build/Intermediates.noindex/GTMSessionFetcher.build/Debug-iphonesimulator/GTMSessionFetcher_GTMSessionFetcherCore.build/GTMSessionFetcher_GTMSessionFetcherCore.DependencyStaticMetadataFileList

WriteAuxiliaryFile /Users/aleks/Library/Developer/Xcode/DerivedData/PlanItApp-gkehojshtcbfvhersqwajfujohau/Build/Intermediates.noindex/GTMSessionFetcher.build/Debug-iphonesimulator/GTMSessionFetcher_GTMSessionFetcherCore.build/GTMSessionFetcher_GTMSessionFetcherCore.DependencyMetadataFileList (in target 'GTMSessionFetcher_GTMSessionFetcherCore' from project 'GTMSessionFetcher')
    cd /Users/aleks/Library/Developer/Xcode/DerivedData/PlanItApp-gkehojshtcbfvhersqwajfujohau/SourcePackages/checkouts/gtm-session-fetcher
    write-file /Users/aleks/Library/Developer/Xcode/DerivedData/PlanItApp-gkehojshtcbfvhersqwajfujohau/Build/Intermediates.noindex/GTMSessionFetcher.build/Debug-iphonesimulator/GTMSessionFetcher_GTMSessionFetcherCore.build/GTMSessionFetcher_GTMSessionFetcherCore.DependencyMetadataFileList

WriteAuxiliaryFile /Users/aleks/Library/Developer/Xcode/DerivedData/PlanItApp-gkehojshtcbfvhersqwajfujohau/Build/Intermediates.noindex/GTMSessionFetcher.build/Debug-iphonesimulator/GTMSessionFetcherCore.build/Objects-normal/arm64/GTMSessionFetcherCore.LinkFileList (in target 'GTMSessionFetcherCore' from project 'GTMSessionFetcher')
    cd /Users/aleks/Library/Developer/Xcode/DerivedData/PlanItApp-gkehojshtcbfvhersqwajfujohau/SourcePackages/checkouts/gtm-session-fetcher
    write-file /Users/aleks/Library/Developer/Xcode/DerivedData/PlanItApp-gkehojshtcbfvhersqwajfujohau/Build/Intermediates.noindex/GTMSessionFetcher.build/Debug-iphonesimulator/GTMSessionFetcherCore.build/Objects-normal/arm64/GTMSessionFetcherCore.LinkFileList

WriteAuxiliaryFile /Users/aleks/Library/Developer/Xcode/DerivedData/PlanItApp-gkehojshtcbfvhersqwajfujohau/Build/Intermediates.noindex/GTMSessionFetcher.build/Debug-iphonesimulator/GTMSessionFetcherCore.build/Objects-normal/arm64/e6072d4f65d7061329687fe24e3d63a7-common-args.resp (in target 'GTMSessionFetcherCore' from project 'GTMSessionFetcher')
    cd /Users/aleks/Library/Developer/Xcode/DerivedData/PlanItApp-gkehojshtcbfvhersqwajfujohau/SourcePackages/checkouts/gtm-session-fetcher
    write-file /Users/aleks/Library/Developer/Xcode/DerivedData/PlanItApp-gkehojshtcbfvhersqwajfujohau/Build/Intermediates.noindex/GTMSessionFetcher.build/Debug-iphonesimulator/GTMSessionFetcherCore.build/Objects-normal/arm64/e6072d4f65d7061329687fe24e3d63a7-common-args.resp
-target arm64-apple-ios12.0-simulator -fobjc-arc -fmodules -gmodules '-fmodules-cache-path=/Users/aleks/Library/Developer/Xcode/DerivedData/ModuleCache.noindex' '-fmodule-name=GTMSessionFetcherCore' -fpascal-strings -O0 -DSWIFT_PACKAGE '-DDEBUG=1' '-DOBJC_OLD_DISPATCH_PROTOTYPES=1' -isysroot /Applications/Xcode.app/Contents/Developer/Platforms/iPhoneSimulator.platform/Developer/SDKs/iPhoneSimulator18.5.sdk -g '-fobjc-abi-version=2' -fobjc-legacy-dispatch -fprofile-instr-generate -fcoverage-mapping -I/Users/aleks/Library/Developer/Xcode/DerivedData/PlanItApp-gkehojshtcbfvhersqwajfujohau/Build/Products/Debug-iphonesimulator/include -I/Users/aleks/Library/Developer/Xcode/DerivedData/PlanItApp-gkehojshtcbfvhersqwajfujohau/SourcePackages/checkouts/gtm-session-fetcher/Sources/Core/Public -I/Users/aleks/Library/Developer/Xcode/DerivedData/PlanItApp-gkehojshtcbfvhersqwajfujohau/Build/Intermediates.noindex/GTMSessionFetcher.build/Debug-iphonesimulator/GTMSessionFetcherCore.build/DerivedSources-normal/arm64 -I/Users/aleks/Library/Developer/Xcode/DerivedData/PlanItApp-gkehojshtcbfvhersqwajfujohau/Build/Intermediates.noindex/GTMSessionFetcher.build/Debug-iphonesimulator/GTMSessionFetcherCore.build/DerivedSources/arm64 -I/Users/aleks/Library/Developer/Xcode/DerivedData/PlanItApp-gkehojshtcbfvhersqwajfujohau/Build/Intermediates.noindex/GTMSessionFetcher.build/Debug-iphonesimulator/GTMSessionFetcherCore.build/DerivedSources -F/Users/aleks/Library/Developer/Xcode/DerivedData/PlanItApp-gkehojshtcbfvhersqwajfujohau/Build/Products/Debug-iphonesimulator -iframework /Applications/Xcode.app/Contents/Developer/Platforms/iPhoneSimulator.platform/Developer/Library/Frameworks -iframework /Applications/Xcode.app/Contents/Developer/Platforms/iPhoneSimulator.platform/Developer/SDKs/iPhoneSimulator18.5.sdk/Developer/Library/Frameworks -DXcode

WriteAuxiliaryFile /Users/aleks/Library/Developer/Xcode/DerivedData/PlanItApp-gkehojshtcbfvhersqwajfujohau/Build/Intermediates.noindex/GTMSessionFetcher.build/Debug-iphonesimulator/GTMSessionFetcherCore.build/GTMSessionFetcherCore.modulemap (in target 'GTMSessionFetcherCore' from project 'GTMSessionFetcher')
    cd /Users/aleks/Library/Developer/Xcode/DerivedData/PlanItApp-gkehojshtcbfvhersqwajfujohau/SourcePackages/checkouts/gtm-session-fetcher
    write-file /Users/aleks/Library/Developer/Xcode/DerivedData/PlanItApp-gkehojshtcbfvhersqwajfujohau/Build/Intermediates.noindex/GTMSessionFetcher.build/Debug-iphonesimulator/GTMSessionFetcherCore.build/GTMSessionFetcherCore.modulemap

WriteAuxiliaryFile /Users/aleks/Library/Developer/Xcode/DerivedData/PlanItApp-gkehojshtcbfvhersqwajfujohau/Build/Intermediates.noindex/GTMSessionFetcher.build/Debug-iphonesimulator/GTMSessionFetcherCore.build/GTMSessionFetcherCore.DependencyStaticMetadataFileList (in target 'GTMSessionFetcherCore' from project 'GTMSessionFetcher')
    cd /Users/aleks/Library/Developer/Xcode/DerivedData/PlanItApp-gkehojshtcbfvhersqwajfujohau/SourcePackages/checkouts/gtm-session-fetcher
    write-file /Users/aleks/Library/Developer/Xcode/DerivedData/PlanItApp-gkehojshtcbfvhersqwajfujohau/Build/Intermediates.noindex/GTMSessionFetcher.build/Debug-iphonesimulator/GTMSessionFetcherCore.build/GTMSessionFetcherCore.DependencyStaticMetadataFileList

WriteAuxiliaryFile /Users/aleks/Library/Developer/Xcode/DerivedData/PlanItApp-gkehojshtcbfvhersqwajfujohau/Build/Intermediates.noindex/GTMSessionFetcher.build/Debug-iphonesimulator/GTMSessionFetcherCore.build/GTMSessionFetcherCore.DependencyMetadataFileList (in target 'GTMSessionFetcherCore' from project 'GTMSessionFetcher')
    cd /Users/aleks/Library/Developer/Xcode/DerivedData/PlanItApp-gkehojshtcbfvhersqwajfujohau/SourcePackages/checkouts/gtm-session-fetcher
    write-file /Users/aleks/Library/Developer/Xcode/DerivedData/PlanItApp-gkehojshtcbfvhersqwajfujohau/Build/Intermediates.noindex/GTMSessionFetcher.build/Debug-iphonesimulator/GTMSessionFetcherCore.build/GTMSessionFetcherCore.DependencyMetadataFileList

WriteAuxiliaryFile /Users/aleks/Library/Developer/Xcode/DerivedData/PlanItApp-gkehojshtcbfvhersqwajfujohau/Build/Intermediates.noindex/GTMSessionFetcher.build/Debug-iphonesimulator/GTMSessionFetcherCore.build/DerivedSources/resource_bundle_accessor.h (in target 'GTMSessionFetcherCore' from project 'GTMSessionFetcher')
    cd /Users/aleks/Library/Developer/Xcode/DerivedData/PlanItApp-gkehojshtcbfvhersqwajfujohau/SourcePackages/checkouts/gtm-session-fetcher
    write-file /Users/aleks/Library/Developer/Xcode/DerivedData/PlanItApp-gkehojshtcbfvhersqwajfujohau/Build/Intermediates.noindex/GTMSessionFetcher.build/Debug-iphonesimulator/GTMSessionFetcherCore.build/DerivedSources/resource_bundle_accessor.h

WriteAuxiliaryFile /Users/aleks/Library/Developer/Xcode/DerivedData/PlanItApp-gkehojshtcbfvhersqwajfujohau/Build/Intermediates.noindex/GTMSessionFetcher.build/Debug-iphonesimulator/GTMSessionFetcherCore.build/DerivedSources/resource_bundle_accessor.m (in target 'GTMSessionFetcherCore' from project 'GTMSessionFetcher')
    cd /Users/aleks/Library/Developer/Xcode/DerivedData/PlanItApp-gkehojshtcbfvhersqwajfujohau/SourcePackages/checkouts/gtm-session-fetcher
    write-file /Users/aleks/Library/Developer/Xcode/DerivedData/PlanItApp-gkehojshtcbfvhersqwajfujohau/Build/Intermediates.noindex/GTMSessionFetcher.build/Debug-iphonesimulator/GTMSessionFetcherCore.build/DerivedSources/resource_bundle_accessor.m

WriteAuxiliaryFile /Users/aleks/Library/Developer/Xcode/DerivedData/PlanItApp-gkehojshtcbfvhersqwajfujohau/Build/Intermediates.noindex/GTMAppAuth.build/Debug-iphonesimulator/GTMAppAuth_GTMAppAuth.build/empty-GTMAppAuth_GTMAppAuth.plist (in target 'GTMAppAuth_GTMAppAuth' from project 'GTMAppAuth')
    cd /Users/aleks/Library/Developer/Xcode/DerivedData/PlanItApp-gkehojshtcbfvhersqwajfujohau/SourcePackages/checkouts/GTMAppAuth
    write-file /Users/aleks/Library/Developer/Xcode/DerivedData/PlanItApp-gkehojshtcbfvhersqwajfujohau/Build/Intermediates.noindex/GTMAppAuth.build/Debug-iphonesimulator/GTMAppAuth_GTMAppAuth.build/empty-GTMAppAuth_GTMAppAuth.plist

WriteAuxiliaryFile /Users/aleks/Library/Developer/Xcode/DerivedData/PlanItApp-gkehojshtcbfvhersqwajfujohau/Build/Intermediates.noindex/GTMAppAuth.build/Debug-iphonesimulator/GTMAppAuth_GTMAppAuth.build/GTMAppAuth_GTMAppAuth.DependencyStaticMetadataFileList (in target 'GTMAppAuth_GTMAppAuth' from project 'GTMAppAuth')
    cd /Users/aleks/Library/Developer/Xcode/DerivedData/PlanItApp-gkehojshtcbfvhersqwajfujohau/SourcePackages/checkouts/GTMAppAuth
    write-file /Users/aleks/Library/Developer/Xcode/DerivedData/PlanItApp-gkehojshtcbfvhersqwajfujohau/Build/Intermediates.noindex/GTMAppAuth.build/Debug-iphonesimulator/GTMAppAuth_GTMAppAuth.build/GTMAppAuth_GTMAppAuth.DependencyStaticMetadataFileList

WriteAuxiliaryFile /Users/aleks/Library/Developer/Xcode/DerivedData/PlanItApp-gkehojshtcbfvhersqwajfujohau/Build/Intermediates.noindex/GTMAppAuth.build/Debug-iphonesimulator/GTMAppAuth_GTMAppAuth.build/GTMAppAuth_GTMAppAuth.DependencyMetadataFileList (in target 'GTMAppAuth_GTMAppAuth' from project 'GTMAppAuth')
    cd /Users/aleks/Library/Developer/Xcode/DerivedData/PlanItApp-gkehojshtcbfvhersqwajfujohau/SourcePackages/checkouts/GTMAppAuth
    write-file /Users/aleks/Library/Developer/Xcode/DerivedData/PlanItApp-gkehojshtcbfvhersqwajfujohau/Build/Intermediates.noindex/GTMAppAuth.build/Debug-iphonesimulator/GTMAppAuth_GTMAppAuth.build/GTMAppAuth_GTMAppAuth.DependencyMetadataFileList

WriteAuxiliaryFile /Users/aleks/Library/Developer/Xcode/DerivedData/PlanItApp-gkehojshtcbfvhersqwajfujohau/Build/Intermediates.noindex/GTMAppAuth.build/Debug-iphonesimulator/GTMAppAuth.build/Objects-normal/arm64/GTMAppAuth_const_extract_protocols.json (in target 'GTMAppAuth' from project 'GTMAppAuth')
    cd /Users/aleks/Library/Developer/Xcode/DerivedData/PlanItApp-gkehojshtcbfvhersqwajfujohau/SourcePackages/checkouts/GTMAppAuth
    write-file /Users/aleks/Library/Developer/Xcode/DerivedData/PlanItApp-gkehojshtcbfvhersqwajfujohau/Build/Intermediates.noindex/GTMAppAuth.build/Debug-iphonesimulator/GTMAppAuth.build/Objects-normal/arm64/GTMAppAuth_const_extract_protocols.json

WriteAuxiliaryFile /Users/aleks/Library/Developer/Xcode/DerivedData/PlanItApp-gkehojshtcbfvhersqwajfujohau/Build/Intermediates.noindex/GTMAppAuth.build/Debug-iphonesimulator/GTMAppAuth.build/Objects-normal/arm64/GTMAppAuth.SwiftFileList (in target 'GTMAppAuth' from project 'GTMAppAuth')
    cd /Users/aleks/Library/Developer/Xcode/DerivedData/PlanItApp-gkehojshtcbfvhersqwajfujohau/SourcePackages/checkouts/GTMAppAuth
    write-file /Users/aleks/Library/Developer/Xcode/DerivedData/PlanItApp-gkehojshtcbfvhersqwajfujohau/Build/Intermediates.noindex/GTMAppAuth.build/Debug-iphonesimulator/GTMAppAuth.build/Objects-normal/arm64/GTMAppAuth.SwiftFileList

WriteAuxiliaryFile /Users/aleks/Library/Developer/Xcode/DerivedData/PlanItApp-gkehojshtcbfvhersqwajfujohau/Build/Intermediates.noindex/GTMAppAuth.build/Debug-iphonesimulator/GTMAppAuth.build/Objects-normal/arm64/GTMAppAuth.SwiftConstValuesFileList (in target 'GTMAppAuth' from project 'GTMAppAuth')
    cd /Users/aleks/Library/Developer/Xcode/DerivedData/PlanItApp-gkehojshtcbfvhersqwajfujohau/SourcePackages/checkouts/GTMAppAuth
    write-file /Users/aleks/Library/Developer/Xcode/DerivedData/PlanItApp-gkehojshtcbfvhersqwajfujohau/Build/Intermediates.noindex/GTMAppAuth.build/Debug-iphonesimulator/GTMAppAuth.build/Objects-normal/arm64/GTMAppAuth.SwiftConstValuesFileList

WriteAuxiliaryFile /Users/aleks/Library/Developer/Xcode/DerivedData/PlanItApp-gkehojshtcbfvhersqwajfujohau/Build/Intermediates.noindex/GTMAppAuth.build/Debug-iphonesimulator/GTMAppAuth.build/Objects-normal/arm64/GTMAppAuth.LinkFileList (in target 'GTMAppAuth' from project 'GTMAppAuth')
    cd /Users/aleks/Library/Developer/Xcode/DerivedData/PlanItApp-gkehojshtcbfvhersqwajfujohau/SourcePackages/checkouts/GTMAppAuth
    write-file /Users/aleks/Library/Developer/Xcode/DerivedData/PlanItApp-gkehojshtcbfvhersqwajfujohau/Build/Intermediates.noindex/GTMAppAuth.build/Debug-iphonesimulator/GTMAppAuth.build/Objects-normal/arm64/GTMAppAuth.LinkFileList

WriteAuxiliaryFile /Users/aleks/Library/Developer/Xcode/DerivedData/PlanItApp-gkehojshtcbfvhersqwajfujohau/Build/Intermediates.noindex/GTMAppAuth.build/Debug-iphonesimulator/GTMAppAuth.build/Objects-normal/arm64/GTMAppAuth-OutputFileMap.json (in target 'GTMAppAuth' from project 'GTMAppAuth')
    cd /Users/aleks/Library/Developer/Xcode/DerivedData/PlanItApp-gkehojshtcbfvhersqwajfujohau/SourcePackages/checkouts/GTMAppAuth
    write-file /Users/aleks/Library/Developer/Xcode/DerivedData/PlanItApp-gkehojshtcbfvhersqwajfujohau/Build/Intermediates.noindex/GTMAppAuth.build/Debug-iphonesimulator/GTMAppAuth.build/Objects-normal/arm64/GTMAppAuth-OutputFileMap.json

WriteAuxiliaryFile /Users/aleks/Library/Developer/Xcode/DerivedData/PlanItApp-gkehojshtcbfvhersqwajfujohau/Build/Intermediates.noindex/GTMAppAuth.build/Debug-iphonesimulator/GTMAppAuth.build/GTMAppAuth.modulemap (in target 'GTMAppAuth' from project 'GTMAppAuth')
    cd /Users/aleks/Library/Developer/Xcode/DerivedData/PlanItApp-gkehojshtcbfvhersqwajfujohau/SourcePackages/checkouts/GTMAppAuth
    write-file /Users/aleks/Library/Developer/Xcode/DerivedData/PlanItApp-gkehojshtcbfvhersqwajfujohau/Build/Intermediates.noindex/GTMAppAuth.build/Debug-iphonesimulator/GTMAppAuth.build/GTMAppAuth.modulemap

WriteAuxiliaryFile /Users/aleks/Library/Developer/Xcode/DerivedData/PlanItApp-gkehojshtcbfvhersqwajfujohau/Build/Intermediates.noindex/GTMAppAuth.build/Debug-iphonesimulator/GTMAppAuth.build/GTMAppAuth.DependencyStaticMetadataFileList (in target 'GTMAppAuth' from project 'GTMAppAuth')
    cd /Users/aleks/Library/Developer/Xcode/DerivedData/PlanItApp-gkehojshtcbfvhersqwajfujohau/SourcePackages/checkouts/GTMAppAuth
    write-file /Users/aleks/Library/Developer/Xcode/DerivedData/PlanItApp-gkehojshtcbfvhersqwajfujohau/Build/Intermediates.noindex/GTMAppAuth.build/Debug-iphonesimulator/GTMAppAuth.build/GTMAppAuth.DependencyStaticMetadataFileList

WriteAuxiliaryFile /Users/aleks/Library/Developer/Xcode/DerivedData/PlanItApp-gkehojshtcbfvhersqwajfujohau/Build/Intermediates.noindex/GTMAppAuth.build/Debug-iphonesimulator/GTMAppAuth.build/GTMAppAuth.DependencyMetadataFileList (in target 'GTMAppAuth' from project 'GTMAppAuth')
    cd /Users/aleks/Library/Developer/Xcode/DerivedData/PlanItApp-gkehojshtcbfvhersqwajfujohau/SourcePackages/checkouts/GTMAppAuth
    write-file /Users/aleks/Library/Developer/Xcode/DerivedData/PlanItApp-gkehojshtcbfvhersqwajfujohau/Build/Intermediates.noindex/GTMAppAuth.build/Debug-iphonesimulator/GTMAppAuth.build/GTMAppAuth.DependencyMetadataFileList

WriteAuxiliaryFile /Users/aleks/Library/Developer/Xcode/DerivedData/PlanItApp-gkehojshtcbfvhersqwajfujohau/Build/Intermediates.noindex/GTMAppAuth.build/Debug-iphonesimulator/GTMAppAuth.build/DerivedSources/resource_bundle_accessor.swift (in target 'GTMAppAuth' from project 'GTMAppAuth')
    cd /Users/aleks/Library/Developer/Xcode/DerivedData/PlanItApp-gkehojshtcbfvhersqwajfujohau/SourcePackages/checkouts/GTMAppAuth
    write-file /Users/aleks/Library/Developer/Xcode/DerivedData/PlanItApp-gkehojshtcbfvhersqwajfujohau/Build/Intermediates.noindex/GTMAppAuth.build/Debug-iphonesimulator/GTMAppAuth.build/DerivedSources/resource_bundle_accessor.swift

WriteAuxiliaryFile /Users/aleks/Library/Developer/Xcode/DerivedData/PlanItApp-gkehojshtcbfvhersqwajfujohau/Build/Intermediates.noindex/Firebase.build/Debug-iphonesimulator/Firebase_FirebaseFirestore.build/Firebase_FirebaseFirestore.DependencyStaticMetadataFileList (in target 'Firebase_FirebaseFirestore' from project 'Firebase')
    cd /Users/aleks/Library/Developer/Xcode/DerivedData/PlanItApp-gkehojshtcbfvhersqwajfujohau/SourcePackages/checkouts/firebase-ios-sdk
    write-file /Users/aleks/Library/Developer/Xcode/DerivedData/PlanItApp-gkehojshtcbfvhersqwajfujohau/Build/Intermediates.noindex/Firebase.build/Debug-iphonesimulator/Firebase_FirebaseFirestore.build/Firebase_FirebaseFirestore.DependencyStaticMetadataFileList

WriteAuxiliaryFile /Users/aleks/Library/Developer/Xcode/DerivedData/PlanItApp-gkehojshtcbfvhersqwajfujohau/Build/Intermediates.noindex/Firebase.build/Debug-iphonesimulator/Firebase_FirebaseFirestore.build/empty-Firebase_FirebaseFirestore.plist (in target 'Firebase_FirebaseFirestore' from project 'Firebase')
    cd /Users/aleks/Library/Developer/Xcode/DerivedData/PlanItApp-gkehojshtcbfvhersqwajfujohau/SourcePackages/checkouts/firebase-ios-sdk
    write-file /Users/aleks/Library/Developer/Xcode/DerivedData/PlanItApp-gkehojshtcbfvhersqwajfujohau/Build/Intermediates.noindex/Firebase.build/Debug-iphonesimulator/Firebase_FirebaseFirestore.build/empty-Firebase_FirebaseFirestore.plist

WriteAuxiliaryFile /Users/aleks/Library/Developer/Xcode/DerivedData/PlanItApp-gkehojshtcbfvhersqwajfujohau/Build/Intermediates.noindex/Firebase.build/Debug-iphonesimulator/Firebase_FirebaseFirestore.build/Firebase_FirebaseFirestore.DependencyMetadataFileList (in target 'Firebase_FirebaseFirestore' from project 'Firebase')
    cd /Users/aleks/Library/Developer/Xcode/DerivedData/PlanItApp-gkehojshtcbfvhersqwajfujohau/SourcePackages/checkouts/firebase-ios-sdk
    write-file /Users/aleks/Library/Developer/Xcode/DerivedData/PlanItApp-gkehojshtcbfvhersqwajfujohau/Build/Intermediates.noindex/Firebase.build/Debug-iphonesimulator/Firebase_FirebaseFirestore.build/Firebase_FirebaseFirestore.DependencyMetadataFileList

WriteAuxiliaryFile /Users/aleks/Library/Developer/Xcode/DerivedData/PlanItApp-gkehojshtcbfvhersqwajfujohau/Build/Intermediates.noindex/Firebase.build/Debug-iphonesimulator/Firebase_FirebaseCoreInternal.build/empty-Firebase_FirebaseCoreInternal.plist (in target 'Firebase_FirebaseCoreInternal' from project 'Firebase')
    cd /Users/aleks/Library/Developer/Xcode/DerivedData/PlanItApp-gkehojshtcbfvhersqwajfujohau/SourcePackages/checkouts/firebase-ios-sdk
    write-file /Users/aleks/Library/Developer/Xcode/DerivedData/PlanItApp-gkehojshtcbfvhersqwajfujohau/Build/Intermediates.noindex/Firebase.build/Debug-iphonesimulator/Firebase_FirebaseCoreInternal.build/empty-Firebase_FirebaseCoreInternal.plist

WriteAuxiliaryFile /Users/aleks/Library/Developer/Xcode/DerivedData/PlanItApp-gkehojshtcbfvhersqwajfujohau/Build/Intermediates.noindex/Firebase.build/Debug-iphonesimulator/Firebase_FirebaseCoreInternal.build/Firebase_FirebaseCoreInternal.DependencyStaticMetadataFileList (in target 'Firebase_FirebaseCoreInternal' from project 'Firebase')
    cd /Users/aleks/Library/Developer/Xcode/DerivedData/PlanItApp-gkehojshtcbfvhersqwajfujohau/SourcePackages/checkouts/firebase-ios-sdk
    write-file /Users/aleks/Library/Developer/Xcode/DerivedData/PlanItApp-gkehojshtcbfvhersqwajfujohau/Build/Intermediates.noindex/Firebase.build/Debug-iphonesimulator/Firebase_FirebaseCoreInternal.build/Firebase_FirebaseCoreInternal.DependencyStaticMetadataFileList

WriteAuxiliaryFile /Users/aleks/Library/Developer/Xcode/DerivedData/PlanItApp-gkehojshtcbfvhersqwajfujohau/Build/Intermediates.noindex/Firebase.build/Debug-iphonesimulator/Firebase_FirebaseCoreInternal.build/Firebase_FirebaseCoreInternal.DependencyMetadataFileList (in target 'Firebase_FirebaseCoreInternal' from project 'Firebase')
    cd /Users/aleks/Library/Developer/Xcode/DerivedData/PlanItApp-gkehojshtcbfvhersqwajfujohau/SourcePackages/checkouts/firebase-ios-sdk
    write-file /Users/aleks/Library/Developer/Xcode/DerivedData/PlanItApp-gkehojshtcbfvhersqwajfujohau/Build/Intermediates.noindex/Firebase.build/Debug-iphonesimulator/Firebase_FirebaseCoreInternal.build/Firebase_FirebaseCoreInternal.DependencyMetadataFileList

WriteAuxiliaryFile /Users/aleks/Library/Developer/Xcode/DerivedData/PlanItApp-gkehojshtcbfvhersqwajfujohau/Build/Intermediates.noindex/Firebase.build/Debug-iphonesimulator/Firebase_FirebaseCoreExtension.build/Firebase_FirebaseCoreExtension.DependencyStaticMetadataFileList (in target 'Firebase_FirebaseCoreExtension' from project 'Firebase')
    cd /Users/aleks/Library/Developer/Xcode/DerivedData/PlanItApp-gkehojshtcbfvhersqwajfujohau/SourcePackages/checkouts/firebase-ios-sdk
    write-file /Users/aleks/Library/Developer/Xcode/DerivedData/PlanItApp-gkehojshtcbfvhersqwajfujohau/Build/Intermediates.noindex/Firebase.build/Debug-iphonesimulator/Firebase_FirebaseCoreExtension.build/Firebase_FirebaseCoreExtension.DependencyStaticMetadataFileList

WriteAuxiliaryFile /Users/aleks/Library/Developer/Xcode/DerivedData/PlanItApp-gkehojshtcbfvhersqwajfujohau/Build/Intermediates.noindex/Firebase.build/Debug-iphonesimulator/Firebase_FirebaseCoreExtension.build/empty-Firebase_FirebaseCoreExtension.plist (in target 'Firebase_FirebaseCoreExtension' from project 'Firebase')
    cd /Users/aleks/Library/Developer/Xcode/DerivedData/PlanItApp-gkehojshtcbfvhersqwajfujohau/SourcePackages/checkouts/firebase-ios-sdk
    write-file /Users/aleks/Library/Developer/Xcode/DerivedData/PlanItApp-gkehojshtcbfvhersqwajfujohau/Build/Intermediates.noindex/Firebase.build/Debug-iphonesimulator/Firebase_FirebaseCoreExtension.build/empty-Firebase_FirebaseCoreExtension.plist

WriteAuxiliaryFile /Users/aleks/Library/Developer/Xcode/DerivedData/PlanItApp-gkehojshtcbfvhersqwajfujohau/Build/Intermediates.noindex/Firebase.build/Debug-iphonesimulator/Firebase_FirebaseCoreExtension.build/Firebase_FirebaseCoreExtension.DependencyMetadataFileList (in target 'Firebase_FirebaseCoreExtension' from project 'Firebase')
    cd /Users/aleks/Library/Developer/Xcode/DerivedData/PlanItApp-gkehojshtcbfvhersqwajfujohau/SourcePackages/checkouts/firebase-ios-sdk
    write-file /Users/aleks/Library/Developer/Xcode/DerivedData/PlanItApp-gkehojshtcbfvhersqwajfujohau/Build/Intermediates.noindex/Firebase.build/Debug-iphonesimulator/Firebase_FirebaseCoreExtension.build/Firebase_FirebaseCoreExtension.DependencyMetadataFileList

WriteAuxiliaryFile /Users/aleks/Library/Developer/Xcode/DerivedData/PlanItApp-gkehojshtcbfvhersqwajfujohau/Build/Intermediates.noindex/Firebase.build/Debug-iphonesimulator/Firebase_FirebaseCore.build/empty-Firebase_FirebaseCore.plist (in target 'Firebase_FirebaseCore' from project 'Firebase')
    cd /Users/aleks/Library/Developer/Xcode/DerivedData/PlanItApp-gkehojshtcbfvhersqwajfujohau/SourcePackages/checkouts/firebase-ios-sdk
    write-file /Users/aleks/Library/Developer/Xcode/DerivedData/PlanItApp-gkehojshtcbfvhersqwajfujohau/Build/Intermediates.noindex/Firebase.build/Debug-iphonesimulator/Firebase_FirebaseCore.build/empty-Firebase_FirebaseCore.plist

WriteAuxiliaryFile /Users/aleks/Library/Developer/Xcode/DerivedData/PlanItApp-gkehojshtcbfvhersqwajfujohau/Build/Intermediates.noindex/Firebase.build/Debug-iphonesimulator/Firebase_FirebaseCore.build/Firebase_FirebaseCore.DependencyStaticMetadataFileList (in target 'Firebase_FirebaseCore' from project 'Firebase')
    cd /Users/aleks/Library/Developer/Xcode/DerivedData/PlanItApp-gkehojshtcbfvhersqwajfujohau/SourcePackages/checkouts/firebase-ios-sdk
    write-file /Users/aleks/Library/Developer/Xcode/DerivedData/PlanItApp-gkehojshtcbfvhersqwajfujohau/Build/Intermediates.noindex/Firebase.build/Debug-iphonesimulator/Firebase_FirebaseCore.build/Firebase_FirebaseCore.DependencyStaticMetadataFileList

WriteAuxiliaryFile /Users/aleks/Library/Developer/Xcode/DerivedData/PlanItApp-gkehojshtcbfvhersqwajfujohau/Build/Intermediates.noindex/Firebase.build/Debug-iphonesimulator/Firebase_FirebaseCore.build/Firebase_FirebaseCore.DependencyMetadataFileList (in target 'Firebase_FirebaseCore' from project 'Firebase')
    cd /Users/aleks/Library/Developer/Xcode/DerivedData/PlanItApp-gkehojshtcbfvhersqwajfujohau/SourcePackages/checkouts/firebase-ios-sdk
    write-file /Users/aleks/Library/Developer/Xcode/DerivedData/PlanItApp-gkehojshtcbfvhersqwajfujohau/Build/Intermediates.noindex/Firebase.build/Debug-iphonesimulator/Firebase_FirebaseCore.build/Firebase_FirebaseCore.DependencyMetadataFileList

WriteAuxiliaryFile /Users/aleks/Library/Developer/Xcode/DerivedData/PlanItApp-gkehojshtcbfvhersqwajfujohau/Build/Intermediates.noindex/Firebase.build/Debug-iphonesimulator/Firebase_FirebaseAuth.build/empty-Firebase_FirebaseAuth.plist (in target 'Firebase_FirebaseAuth' from project 'Firebase')
    cd /Users/aleks/Library/Developer/Xcode/DerivedData/PlanItApp-gkehojshtcbfvhersqwajfujohau/SourcePackages/checkouts/firebase-ios-sdk
    write-file /Users/aleks/Library/Developer/Xcode/DerivedData/PlanItApp-gkehojshtcbfvhersqwajfujohau/Build/Intermediates.noindex/Firebase.build/Debug-iphonesimulator/Firebase_FirebaseAuth.build/empty-Firebase_FirebaseAuth.plist

WriteAuxiliaryFile /Users/aleks/Library/Developer/Xcode/DerivedData/PlanItApp-gkehojshtcbfvhersqwajfujohau/Build/Intermediates.noindex/Firebase.build/Debug-iphonesimulator/Firebase_FirebaseAuth.build/Firebase_FirebaseAuth.DependencyStaticMetadataFileList (in target 'Firebase_FirebaseAuth' from project 'Firebase')
    cd /Users/aleks/Library/Developer/Xcode/DerivedData/PlanItApp-gkehojshtcbfvhersqwajfujohau/SourcePackages/checkouts/firebase-ios-sdk
    write-file /Users/aleks/Library/Developer/Xcode/DerivedData/PlanItApp-gkehojshtcbfvhersqwajfujohau/Build/Intermediates.noindex/Firebase.build/Debug-iphonesimulator/Firebase_FirebaseAuth.build/Firebase_FirebaseAuth.DependencyStaticMetadataFileList

Copy /Users/aleks/Library/Developer/Xcode/DerivedData/PlanItApp-gkehojshtcbfvhersqwajfujohau/Build/Intermediates.noindex/GeneratedModuleMaps-iphonesimulator/nanopb.modulemap /Users/aleks/Library/Developer/Xcode/DerivedData/PlanItApp-gkehojshtcbfvhersqwajfujohau/Build/Intermediates.noindex/nanopb.build/Debug-iphonesimulator/nanopb.build/nanopb.modulemap (in target 'nanopb' from project 'nanopb')
    cd /Users/aleks/Library/Developer/Xcode/DerivedData/PlanItApp-gkehojshtcbfvhersqwajfujohau/SourcePackages/checkouts/nanopb
    builtin-copy -exclude .DS_Store -exclude CVS -exclude .svn -exclude .git -exclude .hg -resolve-src-symlinks /Users/aleks/Library/Developer/Xcode/DerivedData/PlanItApp-gkehojshtcbfvhersqwajfujohau/Build/Intermediates.noindex/nanopb.build/Debug-iphonesimulator/nanopb.build/nanopb.modulemap /Users/aleks/Library/Developer/Xcode/DerivedData/PlanItApp-gkehojshtcbfvhersqwajfujohau/Build/Intermediates.noindex/GeneratedModuleMaps-iphonesimulator

Copy /Users/aleks/Library/Developer/Xcode/DerivedData/PlanItApp-gkehojshtcbfvhersqwajfujohau/Build/Intermediates.noindex/GeneratedModuleMaps-iphonesimulator/leveldb.modulemap /Users/aleks/Library/Developer/Xcode/DerivedData/PlanItApp-gkehojshtcbfvhersqwajfujohau/Build/Intermediates.noindex/leveldb.build/Debug-iphonesimulator/leveldb.build/leveldb.modulemap (in target 'leveldb' from project 'leveldb')
    cd /Users/aleks/Library/Developer/Xcode/DerivedData/PlanItApp-gkehojshtcbfvhersqwajfujohau/SourcePackages/checkouts/leveldb
    builtin-copy -exclude .DS_Store -exclude CVS -exclude .svn -exclude .git -exclude .hg -resolve-src-symlinks /Users/aleks/Library/Developer/Xcode/DerivedData/PlanItApp-gkehojshtcbfvhersqwajfujohau/Build/Intermediates.noindex/leveldb.build/Debug-iphonesimulator/leveldb.build/leveldb.modulemap /Users/aleks/Library/Developer/Xcode/DerivedData/PlanItApp-gkehojshtcbfvhersqwajfujohau/Build/Intermediates.noindex/GeneratedModuleMaps-iphonesimulator

WriteAuxiliaryFile /Users/aleks/Library/Developer/Xcode/DerivedData/PlanItApp-gkehojshtcbfvhersqwajfujohau/Build/Intermediates.noindex/Firebase.build/Debug-iphonesimulator/Firebase_FirebaseAuth.build/Firebase_FirebaseAuth.DependencyMetadataFileList (in target 'Firebase_FirebaseAuth' from project 'Firebase')
    cd /Users/aleks/Library/Developer/Xcode/DerivedData/PlanItApp-gkehojshtcbfvhersqwajfujohau/SourcePackages/checkouts/firebase-ios-sdk
    write-file /Users/aleks/Library/Developer/Xcode/DerivedData/PlanItApp-gkehojshtcbfvhersqwajfujohau/Build/Intermediates.noindex/Firebase.build/Debug-iphonesimulator/Firebase_FirebaseAuth.build/Firebase_FirebaseAuth.DependencyMetadataFileList

WriteAuxiliaryFile /Users/aleks/Library/Developer/Xcode/DerivedData/PlanItApp-gkehojshtcbfvhersqwajfujohau/Build/Intermediates.noindex/Firebase.build/Debug-iphonesimulator/FirebaseSharedSwift.build/Objects-normal/arm64/FirebaseSharedSwift_const_extract_protocols.json (in target 'FirebaseSharedSwift' from project 'Firebase')
    cd /Users/aleks/Library/Developer/Xcode/DerivedData/PlanItApp-gkehojshtcbfvhersqwajfujohau/SourcePackages/checkouts/firebase-ios-sdk
    write-file /Users/aleks/Library/Developer/Xcode/DerivedData/PlanItApp-gkehojshtcbfvhersqwajfujohau/Build/Intermediates.noindex/Firebase.build/Debug-iphonesimulator/FirebaseSharedSwift.build/Objects-normal/arm64/FirebaseSharedSwift_const_extract_protocols.json

WriteAuxiliaryFile /Users/aleks/Library/Developer/Xcode/DerivedData/PlanItApp-gkehojshtcbfvhersqwajfujohau/Build/Intermediates.noindex/Firebase.build/Debug-iphonesimulator/FirebaseSharedSwift.build/Objects-normal/arm64/FirebaseSharedSwift.SwiftFileList (in target 'FirebaseSharedSwift' from project 'Firebase')
    cd /Users/aleks/Library/Developer/Xcode/DerivedData/PlanItApp-gkehojshtcbfvhersqwajfujohau/SourcePackages/checkouts/firebase-ios-sdk
    write-file /Users/aleks/Library/Developer/Xcode/DerivedData/PlanItApp-gkehojshtcbfvhersqwajfujohau/Build/Intermediates.noindex/Firebase.build/Debug-iphonesimulator/FirebaseSharedSwift.build/Objects-normal/arm64/FirebaseSharedSwift.SwiftFileList

WriteAuxiliaryFile /Users/aleks/Library/Developer/Xcode/DerivedData/PlanItApp-gkehojshtcbfvhersqwajfujohau/Build/Intermediates.noindex/Firebase.build/Debug-iphonesimulator/FirebaseSharedSwift.build/Objects-normal/arm64/FirebaseSharedSwift.SwiftConstValuesFileList (in target 'FirebaseSharedSwift' from project 'Firebase')
    cd /Users/aleks/Library/Developer/Xcode/DerivedData/PlanItApp-gkehojshtcbfvhersqwajfujohau/SourcePackages/checkouts/firebase-ios-sdk
    write-file /Users/aleks/Library/Developer/Xcode/DerivedData/PlanItApp-gkehojshtcbfvhersqwajfujohau/Build/Intermediates.noindex/Firebase.build/Debug-iphonesimulator/FirebaseSharedSwift.build/Objects-normal/arm64/FirebaseSharedSwift.SwiftConstValuesFileList

WriteAuxiliaryFile /Users/aleks/Library/Developer/Xcode/DerivedData/PlanItApp-gkehojshtcbfvhersqwajfujohau/Build/Intermediates.noindex/Firebase.build/Debug-iphonesimulator/FirebaseSharedSwift.build/Objects-normal/arm64/FirebaseSharedSwift.LinkFileList (in target 'FirebaseSharedSwift' from project 'Firebase')
    cd /Users/aleks/Library/Developer/Xcode/DerivedData/PlanItApp-gkehojshtcbfvhersqwajfujohau/SourcePackages/checkouts/firebase-ios-sdk
    write-file /Users/aleks/Library/Developer/Xcode/DerivedData/PlanItApp-gkehojshtcbfvhersqwajfujohau/Build/Intermediates.noindex/Firebase.build/Debug-iphonesimulator/FirebaseSharedSwift.build/Objects-normal/arm64/FirebaseSharedSwift.LinkFileList

WriteAuxiliaryFile /Users/aleks/Library/Developer/Xcode/DerivedData/PlanItApp-gkehojshtcbfvhersqwajfujohau/Build/Intermediates.noindex/Firebase.build/Debug-iphonesimulator/FirebaseSharedSwift.build/Objects-normal/arm64/FirebaseSharedSwift-OutputFileMap.json (in target 'FirebaseSharedSwift' from project 'Firebase')
    cd /Users/aleks/Library/Developer/Xcode/DerivedData/PlanItApp-gkehojshtcbfvhersqwajfujohau/SourcePackages/checkouts/firebase-ios-sdk
    write-file /Users/aleks/Library/Developer/Xcode/DerivedData/PlanItApp-gkehojshtcbfvhersqwajfujohau/Build/Intermediates.noindex/Firebase.build/Debug-iphonesimulator/FirebaseSharedSwift.build/Objects-normal/arm64/FirebaseSharedSwift-OutputFileMap.json

WriteAuxiliaryFile /Users/aleks/Library/Developer/Xcode/DerivedData/PlanItApp-gkehojshtcbfvhersqwajfujohau/Build/Intermediates.noindex/Firebase.build/Debug-iphonesimulator/FirebaseSharedSwift.build/FirebaseSharedSwift.modulemap (in target 'FirebaseSharedSwift' from project 'Firebase')
    cd /Users/aleks/Library/Developer/Xcode/DerivedData/PlanItApp-gkehojshtcbfvhersqwajfujohau/SourcePackages/checkouts/firebase-ios-sdk
    write-file /Users/aleks/Library/Developer/Xcode/DerivedData/PlanItApp-gkehojshtcbfvhersqwajfujohau/Build/Intermediates.noindex/Firebase.build/Debug-iphonesimulator/FirebaseSharedSwift.build/FirebaseSharedSwift.modulemap

WriteAuxiliaryFile /Users/aleks/Library/Developer/Xcode/DerivedData/PlanItApp-gkehojshtcbfvhersqwajfujohau/Build/Intermediates.noindex/Firebase.build/Debug-iphonesimulator/FirebaseSharedSwift.build/FirebaseSharedSwift.DependencyStaticMetadataFileList (in target 'FirebaseSharedSwift' from project 'Firebase')
    cd /Users/aleks/Library/Developer/Xcode/DerivedData/PlanItApp-gkehojshtcbfvhersqwajfujohau/SourcePackages/checkouts/firebase-ios-sdk
    write-file /Users/aleks/Library/Developer/Xcode/DerivedData/PlanItApp-gkehojshtcbfvhersqwajfujohau/Build/Intermediates.noindex/Firebase.build/Debug-iphonesimulator/FirebaseSharedSwift.build/FirebaseSharedSwift.DependencyStaticMetadataFileList

WriteAuxiliaryFile /Users/aleks/Library/Developer/Xcode/DerivedData/PlanItApp-gkehojshtcbfvhersqwajfujohau/Build/Intermediates.noindex/Firebase.build/Debug-iphonesimulator/FirebaseSharedSwift.build/FirebaseSharedSwift.DependencyMetadataFileList (in target 'FirebaseSharedSwift' from project 'Firebase')
    cd /Users/aleks/Library/Developer/Xcode/DerivedData/PlanItApp-gkehojshtcbfvhersqwajfujohau/SourcePackages/checkouts/firebase-ios-sdk
    write-file /Users/aleks/Library/Developer/Xcode/DerivedData/PlanItApp-gkehojshtcbfvhersqwajfujohau/Build/Intermediates.noindex/Firebase.build/Debug-iphonesimulator/FirebaseSharedSwift.build/FirebaseSharedSwift.DependencyMetadataFileList

WriteAuxiliaryFile /Users/aleks/Library/Developer/Xcode/DerivedData/PlanItApp-gkehojshtcbfvhersqwajfujohau/Build/Intermediates.noindex/Firebase.build/Debug-iphonesimulator/FirebaseCoreInternal.build/Objects-normal/arm64/FirebaseCoreInternal_const_extract_protocols.json (in target 'FirebaseCoreInternal' from project 'Firebase')
    cd /Users/aleks/Library/Developer/Xcode/DerivedData/PlanItApp-gkehojshtcbfvhersqwajfujohau/SourcePackages/checkouts/firebase-ios-sdk
    write-file /Users/aleks/Library/Developer/Xcode/DerivedData/PlanItApp-gkehojshtcbfvhersqwajfujohau/Build/Intermediates.noindex/Firebase.build/Debug-iphonesimulator/FirebaseCoreInternal.build/Objects-normal/arm64/FirebaseCoreInternal_const_extract_protocols.json

WriteAuxiliaryFile /Users/aleks/Library/Developer/Xcode/DerivedData/PlanItApp-gkehojshtcbfvhersqwajfujohau/Build/Intermediates.noindex/Firebase.build/Debug-iphonesimulator/FirebaseCoreInternal.build/Objects-normal/arm64/FirebaseCoreInternal.SwiftFileList (in target 'FirebaseCoreInternal' from project 'Firebase')
    cd /Users/aleks/Library/Developer/Xcode/DerivedData/PlanItApp-gkehojshtcbfvhersqwajfujohau/SourcePackages/checkouts/firebase-ios-sdk
    write-file /Users/aleks/Library/Developer/Xcode/DerivedData/PlanItApp-gkehojshtcbfvhersqwajfujohau/Build/Intermediates.noindex/Firebase.build/Debug-iphonesimulator/FirebaseCoreInternal.build/Objects-normal/arm64/FirebaseCoreInternal.SwiftFileList

WriteAuxiliaryFile /Users/aleks/Library/Developer/Xcode/DerivedData/PlanItApp-gkehojshtcbfvhersqwajfujohau/Build/Intermediates.noindex/Firebase.build/Debug-iphonesimulator/FirebaseCoreInternal.build/Objects-normal/arm64/FirebaseCoreInternal.SwiftConstValuesFileList (in target 'FirebaseCoreInternal' from project 'Firebase')
    cd /Users/aleks/Library/Developer/Xcode/DerivedData/PlanItApp-gkehojshtcbfvhersqwajfujohau/SourcePackages/checkouts/firebase-ios-sdk
    write-file /Users/aleks/Library/Developer/Xcode/DerivedData/PlanItApp-gkehojshtcbfvhersqwajfujohau/Build/Intermediates.noindex/Firebase.build/Debug-iphonesimulator/FirebaseCoreInternal.build/Objects-normal/arm64/FirebaseCoreInternal.SwiftConstValuesFileList

WriteAuxiliaryFile /Users/aleks/Library/Developer/Xcode/DerivedData/PlanItApp-gkehojshtcbfvhersqwajfujohau/Build/Intermediates.noindex/Firebase.build/Debug-iphonesimulator/FirebaseCoreInternal.build/Objects-normal/arm64/FirebaseCoreInternal.LinkFileList (in target 'FirebaseCoreInternal' from project 'Firebase')
    cd /Users/aleks/Library/Developer/Xcode/DerivedData/PlanItApp-gkehojshtcbfvhersqwajfujohau/SourcePackages/checkouts/firebase-ios-sdk
    write-file /Users/aleks/Library/Developer/Xcode/DerivedData/PlanItApp-gkehojshtcbfvhersqwajfujohau/Build/Intermediates.noindex/Firebase.build/Debug-iphonesimulator/FirebaseCoreInternal.build/Objects-normal/arm64/FirebaseCoreInternal.LinkFileList

WriteAuxiliaryFile /Users/aleks/Library/Developer/Xcode/DerivedData/PlanItApp-gkehojshtcbfvhersqwajfujohau/Build/Intermediates.noindex/Firebase.build/Debug-iphonesimulator/FirebaseCoreInternal.build/Objects-normal/arm64/FirebaseCoreInternal-OutputFileMap.json (in target 'FirebaseCoreInternal' from project 'Firebase')
    cd /Users/aleks/Library/Developer/Xcode/DerivedData/PlanItApp-gkehojshtcbfvhersqwajfujohau/SourcePackages/checkouts/firebase-ios-sdk
    write-file /Users/aleks/Library/Developer/Xcode/DerivedData/PlanItApp-gkehojshtcbfvhersqwajfujohau/Build/Intermediates.noindex/Firebase.build/Debug-iphonesimulator/FirebaseCoreInternal.build/Objects-normal/arm64/FirebaseCoreInternal-OutputFileMap.json

WriteAuxiliaryFile /Users/aleks/Library/Developer/Xcode/DerivedData/PlanItApp-gkehojshtcbfvhersqwajfujohau/Build/Intermediates.noindex/Firebase.build/Debug-iphonesimulator/FirebaseCoreInternal.build/FirebaseCoreInternal.modulemap (in target 'FirebaseCoreInternal' from project 'Firebase')
    cd /Users/aleks/Library/Developer/Xcode/DerivedData/PlanItApp-gkehojshtcbfvhersqwajfujohau/SourcePackages/checkouts/firebase-ios-sdk
    write-file /Users/aleks/Library/Developer/Xcode/DerivedData/PlanItApp-gkehojshtcbfvhersqwajfujohau/Build/Intermediates.noindex/Firebase.build/Debug-iphonesimulator/FirebaseCoreInternal.build/FirebaseCoreInternal.modulemap

WriteAuxiliaryFile /Users/aleks/Library/Developer/Xcode/DerivedData/PlanItApp-gkehojshtcbfvhersqwajfujohau/Build/Intermediates.noindex/Firebase.build/Debug-iphonesimulator/FirebaseCoreInternal.build/FirebaseCoreInternal.DependencyStaticMetadataFileList (in target 'FirebaseCoreInternal' from project 'Firebase')
    cd /Users/aleks/Library/Developer/Xcode/DerivedData/PlanItApp-gkehojshtcbfvhersqwajfujohau/SourcePackages/checkouts/firebase-ios-sdk
    write-file /Users/aleks/Library/Developer/Xcode/DerivedData/PlanItApp-gkehojshtcbfvhersqwajfujohau/Build/Intermediates.noindex/Firebase.build/Debug-iphonesimulator/FirebaseCoreInternal.build/FirebaseCoreInternal.DependencyStaticMetadataFileList

WriteAuxiliaryFile /Users/aleks/Library/Developer/Xcode/DerivedData/PlanItApp-gkehojshtcbfvhersqwajfujohau/Build/Intermediates.noindex/Firebase.build/Debug-iphonesimulator/FirebaseCoreInternal.build/FirebaseCoreInternal.DependencyMetadataFileList (in target 'FirebaseCoreInternal' from project 'Firebase')
    cd /Users/aleks/Library/Developer/Xcode/DerivedData/PlanItApp-gkehojshtcbfvhersqwajfujohau/SourcePackages/checkouts/firebase-ios-sdk
    write-file /Users/aleks/Library/Developer/Xcode/DerivedData/PlanItApp-gkehojshtcbfvhersqwajfujohau/Build/Intermediates.noindex/Firebase.build/Debug-iphonesimulator/FirebaseCoreInternal.build/FirebaseCoreInternal.DependencyMetadataFileList

WriteAuxiliaryFile /Users/aleks/Library/Developer/Xcode/DerivedData/PlanItApp-gkehojshtcbfvhersqwajfujohau/Build/Intermediates.noindex/Firebase.build/Debug-iphonesimulator/FirebaseCoreInternal.build/DerivedSources/resource_bundle_accessor.swift (in target 'FirebaseCoreInternal' from project 'Firebase')
    cd /Users/aleks/Library/Developer/Xcode/DerivedData/PlanItApp-gkehojshtcbfvhersqwajfujohau/SourcePackages/checkouts/firebase-ios-sdk
    write-file /Users/aleks/Library/Developer/Xcode/DerivedData/PlanItApp-gkehojshtcbfvhersqwajfujohau/Build/Intermediates.noindex/Firebase.build/Debug-iphonesimulator/FirebaseCoreInternal.build/DerivedSources/resource_bundle_accessor.swift

WriteAuxiliaryFile /Users/aleks/Library/Developer/Xcode/DerivedData/PlanItApp-gkehojshtcbfvhersqwajfujohau/Build/Intermediates.noindex/Firebase.build/Debug-iphonesimulator/FirebaseCoreExtension.build/Objects-normal/arm64/e6072d4f65d7061329687fe24e3d63a7-common-args.resp (in target 'FirebaseCoreExtension' from project 'Firebase')
    cd /Users/aleks/Library/Developer/Xcode/DerivedData/PlanItApp-gkehojshtcbfvhersqwajfujohau/SourcePackages/checkouts/firebase-ios-sdk
    write-file /Users/aleks/Library/Developer/Xcode/DerivedData/PlanItApp-gkehojshtcbfvhersqwajfujohau/Build/Intermediates.noindex/Firebase.build/Debug-iphonesimulator/FirebaseCoreExtension.build/Objects-normal/arm64/e6072d4f65d7061329687fe24e3d63a7-common-args.resp
-target arm64-apple-ios12.0-simulator -fobjc-arc -fmodules -gmodules '-fmodules-cache-path=/Users/aleks/Library/Developer/Xcode/DerivedData/ModuleCache.noindex' '-fmodule-name=FirebaseCoreExtension' -fpascal-strings -O0 -DSWIFT_PACKAGE '-DDEBUG=1' '-DOBJC_OLD_DISPATCH_PROTOTYPES=1' -isysroot /Applications/Xcode.app/Contents/Developer/Platforms/iPhoneSimulator.platform/Developer/SDKs/iPhoneSimulator18.5.sdk -g '-fobjc-abi-version=2' -fobjc-legacy-dispatch -fprofile-instr-generate -fcoverage-mapping -I/Users/aleks/Library/Developer/Xcode/DerivedData/PlanItApp-gkehojshtcbfvhersqwajfujohau/Build/Products/Debug-iphonesimulator/include -I/Users/aleks/Library/Developer/Xcode/DerivedData/PlanItApp-gkehojshtcbfvhersqwajfujohau/SourcePackages/checkouts/firebase-ios-sdk/FirebaseCore/Extension -I/Users/aleks/Library/Developer/Xcode/DerivedData/PlanItApp-gkehojshtcbfvhersqwajfujohau/SourcePackages/checkouts/firebase-ios-sdk -I/Users/aleks/Library/Developer/Xcode/DerivedData/PlanItApp-gkehojshtcbfvhersqwajfujohau/Build/Intermediates.noindex/Firebase.build/Debug-iphonesimulator/FirebaseCoreExtension.build/DerivedSources-normal/arm64 -I/Users/aleks/Library/Developer/Xcode/DerivedData/PlanItApp-gkehojshtcbfvhersqwajfujohau/Build/Intermediates.noindex/Firebase.build/Debug-iphonesimulator/FirebaseCoreExtension.build/DerivedSources/arm64 -I/Users/aleks/Library/Developer/Xcode/DerivedData/PlanItApp-gkehojshtcbfvhersqwajfujohau/Build/Intermediates.noindex/Firebase.build/Debug-iphonesimulator/FirebaseCoreExtension.build/DerivedSources -F/Users/aleks/Library/Developer/Xcode/DerivedData/PlanItApp-gkehojshtcbfvhersqwajfujohau/Build/Products/Debug-iphonesimulator -iframework /Applications/Xcode.app/Contents/Developer/Platforms/iPhoneSimulator.platform/Developer/Library/Frameworks -iframework /Applications/Xcode.app/Contents/Developer/Platforms/iPhoneSimulator.platform/Developer/SDKs/iPhoneSimulator18.5.sdk/Developer/Library/Frameworks -DXcode

WriteAuxiliaryFile /Users/aleks/Library/Developer/Xcode/DerivedData/PlanItApp-gkehojshtcbfvhersqwajfujohau/Build/Intermediates.noindex/Firebase.build/Debug-iphonesimulator/FirebaseCoreExtension.build/Objects-normal/arm64/FirebaseCoreExtension.LinkFileList (in target 'FirebaseCoreExtension' from project 'Firebase')
    cd /Users/aleks/Library/Developer/Xcode/DerivedData/PlanItApp-gkehojshtcbfvhersqwajfujohau/SourcePackages/checkouts/firebase-ios-sdk
    write-file /Users/aleks/Library/Developer/Xcode/DerivedData/PlanItApp-gkehojshtcbfvhersqwajfujohau/Build/Intermediates.noindex/Firebase.build/Debug-iphonesimulator/FirebaseCoreExtension.build/Objects-normal/arm64/FirebaseCoreExtension.LinkFileList

WriteAuxiliaryFile /Users/aleks/Library/Developer/Xcode/DerivedData/PlanItApp-gkehojshtcbfvhersqwajfujohau/Build/Intermediates.noindex/Firebase.build/Debug-iphonesimulator/FirebaseCoreExtension.build/FirebaseCoreExtension.modulemap (in target 'FirebaseCoreExtension' from project 'Firebase')
    cd /Users/aleks/Library/Developer/Xcode/DerivedData/PlanItApp-gkehojshtcbfvhersqwajfujohau/SourcePackages/checkouts/firebase-ios-sdk
    write-file /Users/aleks/Library/Developer/Xcode/DerivedData/PlanItApp-gkehojshtcbfvhersqwajfujohau/Build/Intermediates.noindex/Firebase.build/Debug-iphonesimulator/FirebaseCoreExtension.build/FirebaseCoreExtension.modulemap

WriteAuxiliaryFile /Users/aleks/Library/Developer/Xcode/DerivedData/PlanItApp-gkehojshtcbfvhersqwajfujohau/Build/Intermediates.noindex/Firebase.build/Debug-iphonesimulator/FirebaseCoreExtension.build/FirebaseCoreExtension.DependencyStaticMetadataFileList (in target 'FirebaseCoreExtension' from project 'Firebase')
    cd /Users/aleks/Library/Developer/Xcode/DerivedData/PlanItApp-gkehojshtcbfvhersqwajfujohau/SourcePackages/checkouts/firebase-ios-sdk
    write-file /Users/aleks/Library/Developer/Xcode/DerivedData/PlanItApp-gkehojshtcbfvhersqwajfujohau/Build/Intermediates.noindex/Firebase.build/Debug-iphonesimulator/FirebaseCoreExtension.build/FirebaseCoreExtension.DependencyStaticMetadataFileList

WriteAuxiliaryFile /Users/aleks/Library/Developer/Xcode/DerivedData/PlanItApp-gkehojshtcbfvhersqwajfujohau/Build/Intermediates.noindex/Firebase.build/Debug-iphonesimulator/FirebaseCoreExtension.build/FirebaseCoreExtension.DependencyMetadataFileList (in target 'FirebaseCoreExtension' from project 'Firebase')
    cd /Users/aleks/Library/Developer/Xcode/DerivedData/PlanItApp-gkehojshtcbfvhersqwajfujohau/SourcePackages/checkouts/firebase-ios-sdk
    write-file /Users/aleks/Library/Developer/Xcode/DerivedData/PlanItApp-gkehojshtcbfvhersqwajfujohau/Build/Intermediates.noindex/Firebase.build/Debug-iphonesimulator/FirebaseCoreExtension.build/FirebaseCoreExtension.DependencyMetadataFileList

WriteAuxiliaryFile /Users/aleks/Library/Developer/Xcode/DerivedData/PlanItApp-gkehojshtcbfvhersqwajfujohau/Build/Intermediates.noindex/Firebase.build/Debug-iphonesimulator/FirebaseCoreExtension.build/DerivedSources/resource_bundle_accessor.m (in target 'FirebaseCoreExtension' from project 'Firebase')
    cd /Users/aleks/Library/Developer/Xcode/DerivedData/PlanItApp-gkehojshtcbfvhersqwajfujohau/SourcePackages/checkouts/firebase-ios-sdk
    write-file /Users/aleks/Library/Developer/Xcode/DerivedData/PlanItApp-gkehojshtcbfvhersqwajfujohau/Build/Intermediates.noindex/Firebase.build/Debug-iphonesimulator/FirebaseCoreExtension.build/DerivedSources/resource_bundle_accessor.m

WriteAuxiliaryFile /Users/aleks/Library/Developer/Xcode/DerivedData/PlanItApp-gkehojshtcbfvhersqwajfujohau/Build/Intermediates.noindex/Firebase.build/Debug-iphonesimulator/FirebaseCoreExtension.build/DerivedSources/resource_bundle_accessor.h (in target 'FirebaseCoreExtension' from project 'Firebase')
    cd /Users/aleks/Library/Developer/Xcode/DerivedData/PlanItApp-gkehojshtcbfvhersqwajfujohau/SourcePackages/checkouts/firebase-ios-sdk
    write-file /Users/aleks/Library/Developer/Xcode/DerivedData/PlanItApp-gkehojshtcbfvhersqwajfujohau/Build/Intermediates.noindex/Firebase.build/Debug-iphonesimulator/FirebaseCoreExtension.build/DerivedSources/resource_bundle_accessor.h

WriteAuxiliaryFile /Users/aleks/Library/Developer/Xcode/DerivedData/PlanItApp-gkehojshtcbfvhersqwajfujohau/Build/Intermediates.noindex/Firebase.build/Debug-iphonesimulator/FirebaseCore.build/Objects-normal/arm64/e6072d4f65d7061329687fe24e3d63a7-common-args.resp (in target 'FirebaseCore' from project 'Firebase')
    cd /Users/aleks/Library/Developer/Xcode/DerivedData/PlanItApp-gkehojshtcbfvhersqwajfujohau/SourcePackages/checkouts/firebase-ios-sdk
    write-file /Users/aleks/Library/Developer/Xcode/DerivedData/PlanItApp-gkehojshtcbfvhersqwajfujohau/Build/Intermediates.noindex/Firebase.build/Debug-iphonesimulator/FirebaseCore.build/Objects-normal/arm64/e6072d4f65d7061329687fe24e3d63a7-common-args.resp
-target arm64-apple-ios12.0-simulator -fobjc-arc -fmodules -gmodules '-fmodules-cache-path=/Users/aleks/Library/Developer/Xcode/DerivedData/ModuleCache.noindex' '-fmodule-name=FirebaseCore' -fpascal-strings -O0 -DSWIFT_PACKAGE '-DDEBUG=1' '-DFirebase_VERSION=11.15.0' '-DOBJC_OLD_DISPATCH_PROTOTYPES=1' -isysroot /Applications/Xcode.app/Contents/Developer/Platforms/iPhoneSimulator.platform/Developer/SDKs/iPhoneSimulator18.5.sdk -g '-fobjc-abi-version=2' -fobjc-legacy-dispatch -fprofile-instr-generate -fcoverage-mapping -I/Users/aleks/Library/Developer/Xcode/DerivedData/PlanItApp-gkehojshtcbfvhersqwajfujohau/SourcePackages/checkouts/GoogleUtilities/GoogleUtilities/NSData+zlib/Public -I/Users/aleks/Library/Developer/Xcode/DerivedData/PlanItApp-gkehojshtcbfvhersqwajfujohau/SourcePackages/checkouts/GoogleUtilities/GoogleUtilities/Environment/Public -I/Users/aleks/Library/Developer/Xcode/DerivedData/PlanItApp-gkehojshtcbfvhersqwajfujohau/SourcePackages/checkouts/GoogleUtilities/third_party/IsAppEncrypted/Public -I/Users/aleks/Library/Developer/Xcode/DerivedData/PlanItApp-gkehojshtcbfvhersqwajfujohau/SourcePackages/checkouts/GoogleUtilities/GoogleUtilities/Logger/Public -I/Users/aleks/Library/Developer/Xcode/DerivedData/PlanItApp-gkehojshtcbfvhersqwajfujohau/SourcePackages/checkouts/firebase-ios-sdk/CoreOnly/Sources -I/Users/aleks/Library/Developer/Xcode/DerivedData/PlanItApp-gkehojshtcbfvhersqwajfujohau/Build/Products/Debug-iphonesimulator/include -I/Users/aleks/Library/Developer/Xcode/DerivedData/PlanItApp-gkehojshtcbfvhersqwajfujohau/SourcePackages/checkouts/firebase-ios-sdk/FirebaseCore/Sources/Public -I/Users/aleks/Library/Developer/Xcode/DerivedData/PlanItApp-gkehojshtcbfvhersqwajfujohau/SourcePackages/checkouts/firebase-ios-sdk -I/Users/aleks/Library/Developer/Xcode/DerivedData/PlanItApp-gkehojshtcbfvhersqwajfujohau/Build/Intermediates.noindex/Firebase.build/Debug-iphonesimulator/FirebaseCore.build/DerivedSources-normal/arm64 -I/Users/aleks/Library/Developer/Xcode/DerivedData/PlanItApp-gkehojshtcbfvhersqwajfujohau/Build/Intermediates.noindex/Firebase.build/Debug-iphonesimulator/FirebaseCore.build/DerivedSources/arm64 -I/Users/aleks/Library/Developer/Xcode/DerivedData/PlanItApp-gkehojshtcbfvhersqwajfujohau/Build/Intermediates.noindex/Firebase.build/Debug-iphonesimulator/FirebaseCore.build/DerivedSources -F/Users/aleks/Library/Developer/Xcode/DerivedData/PlanItApp-gkehojshtcbfvhersqwajfujohau/Build/Products/Debug-iphonesimulator/PackageFrameworks -F/Users/aleks/Library/Developer/Xcode/DerivedData/PlanItApp-gkehojshtcbfvhersqwajfujohau/Build/Products/Debug-iphonesimulator/PackageFrameworks -F/Users/aleks/Library/Developer/Xcode/DerivedData/PlanItApp-gkehojshtcbfvhersqwajfujohau/Build/Products/Debug-iphonesimulator/PackageFrameworks -F/Users/aleks/Library/Developer/Xcode/DerivedData/PlanItApp-gkehojshtcbfvhersqwajfujohau/Build/Products/Debug-iphonesimulator/PackageFrameworks -F/Users/aleks/Library/Developer/Xcode/DerivedData/PlanItApp-gkehojshtcbfvhersqwajfujohau/Build/Products/Debug-iphonesimulator/PackageFrameworks -F/Users/aleks/Library/Developer/Xcode/DerivedData/PlanItApp-gkehojshtcbfvhersqwajfujohau/Build/Products/Debug-iphonesimulator/PackageFrameworks -F/Users/aleks/Library/Developer/Xcode/DerivedData/PlanItApp-gkehojshtcbfvhersqwajfujohau/Build/Products/Debug-iphonesimulator -iframework /Applications/Xcode.app/Contents/Developer/Platforms/iPhoneSimulator.platform/Developer/Library/Frameworks -iframework /Applications/Xcode.app/Contents/Developer/Platforms/iPhoneSimulator.platform/Developer/SDKs/iPhoneSimulator18.5.sdk/Developer/Library/Frameworks '-fmodule-map-file=/Users/aleks/Library/Developer/Xcode/DerivedData/PlanItApp-gkehojshtcbfvhersqwajfujohau/Build/Intermediates.noindex/GeneratedModuleMaps-iphonesimulator/GoogleUtilities-NSData.modulemap' '-fmodule-map-file=/Users/aleks/Library/Developer/Xcode/DerivedData/PlanItApp-gkehojshtcbfvhersqwajfujohau/Build/Intermediates.noindex/GeneratedModuleMaps-iphonesimulator/GoogleUtilities-Environment.modulemap' '-fmodule-map-file=/Users/aleks/Library/Developer/Xcode/DerivedData/PlanItApp-gkehojshtcbfvhersqwajfujohau/Build/Intermediates.noindex/GeneratedModuleMaps-iphonesimulator/third-party-IsAppEncrypted.modulemap' '-fmodule-map-file=/Users/aleks/Library/Developer/Xcode/DerivedData/PlanItApp-gkehojshtcbfvhersqwajfujohau/Build/Intermediates.noindex/GeneratedModuleMaps-iphonesimulator/GoogleUtilities-Logger.modulemap' '-fmodule-map-file=/Users/aleks/Library/Developer/Xcode/DerivedData/PlanItApp-gkehojshtcbfvhersqwajfujohau/Build/Intermediates.noindex/GeneratedModuleMaps-iphonesimulator/FirebaseCoreInternal.modulemap' -DXcode

WriteAuxiliaryFile /Users/aleks/Library/Developer/Xcode/DerivedData/PlanItApp-gkehojshtcbfvhersqwajfujohau/Build/Intermediates.noindex/Firebase.build/Debug-iphonesimulator/FirebaseCore.build/Objects-normal/arm64/FirebaseCore.LinkFileList (in target 'FirebaseCore' from project 'Firebase')
    cd /Users/aleks/Library/Developer/Xcode/DerivedData/PlanItApp-gkehojshtcbfvhersqwajfujohau/SourcePackages/checkouts/firebase-ios-sdk
    write-file /Users/aleks/Library/Developer/Xcode/DerivedData/PlanItApp-gkehojshtcbfvhersqwajfujohau/Build/Intermediates.noindex/Firebase.build/Debug-iphonesimulator/FirebaseCore.build/Objects-normal/arm64/FirebaseCore.LinkFileList

WriteAuxiliaryFile /Users/aleks/Library/Developer/Xcode/DerivedData/PlanItApp-gkehojshtcbfvhersqwajfujohau/Build/Intermediates.noindex/Firebase.build/Debug-iphonesimulator/FirebaseCore.build/FirebaseCore.modulemap (in target 'FirebaseCore' from project 'Firebase')
    cd /Users/aleks/Library/Developer/Xcode/DerivedData/PlanItApp-gkehojshtcbfvhersqwajfujohau/SourcePackages/checkouts/firebase-ios-sdk
    write-file /Users/aleks/Library/Developer/Xcode/DerivedData/PlanItApp-gkehojshtcbfvhersqwajfujohau/Build/Intermediates.noindex/Firebase.build/Debug-iphonesimulator/FirebaseCore.build/FirebaseCore.modulemap

WriteAuxiliaryFile /Users/aleks/Library/Developer/Xcode/DerivedData/PlanItApp-gkehojshtcbfvhersqwajfujohau/Build/Intermediates.noindex/Firebase.build/Debug-iphonesimulator/FirebaseCore.build/FirebaseCore.DependencyStaticMetadataFileList (in target 'FirebaseCore' from project 'Firebase')
    cd /Users/aleks/Library/Developer/Xcode/DerivedData/PlanItApp-gkehojshtcbfvhersqwajfujohau/SourcePackages/checkouts/firebase-ios-sdk
    write-file /Users/aleks/Library/Developer/Xcode/DerivedData/PlanItApp-gkehojshtcbfvhersqwajfujohau/Build/Intermediates.noindex/Firebase.build/Debug-iphonesimulator/FirebaseCore.build/FirebaseCore.DependencyStaticMetadataFileList

WriteAuxiliaryFile /Users/aleks/Library/Developer/Xcode/DerivedData/PlanItApp-gkehojshtcbfvhersqwajfujohau/Build/Intermediates.noindex/Firebase.build/Debug-iphonesimulator/FirebaseCore.build/FirebaseCore.DependencyMetadataFileList (in target 'FirebaseCore' from project 'Firebase')
    cd /Users/aleks/Library/Developer/Xcode/DerivedData/PlanItApp-gkehojshtcbfvhersqwajfujohau/SourcePackages/checkouts/firebase-ios-sdk
    write-file /Users/aleks/Library/Developer/Xcode/DerivedData/PlanItApp-gkehojshtcbfvhersqwajfujohau/Build/Intermediates.noindex/Firebase.build/Debug-iphonesimulator/FirebaseCore.build/FirebaseCore.DependencyMetadataFileList

WriteAuxiliaryFile /Users/aleks/Library/Developer/Xcode/DerivedData/PlanItApp-gkehojshtcbfvhersqwajfujohau/Build/Intermediates.noindex/Firebase.build/Debug-iphonesimulator/FirebaseCore.build/DerivedSources/resource_bundle_accessor.m (in target 'FirebaseCore' from project 'Firebase')
    cd /Users/aleks/Library/Developer/Xcode/DerivedData/PlanItApp-gkehojshtcbfvhersqwajfujohau/SourcePackages/checkouts/firebase-ios-sdk
    write-file /Users/aleks/Library/Developer/Xcode/DerivedData/PlanItApp-gkehojshtcbfvhersqwajfujohau/Build/Intermediates.noindex/Firebase.build/Debug-iphonesimulator/FirebaseCore.build/DerivedSources/resource_bundle_accessor.m

WriteAuxiliaryFile /Users/aleks/Library/Developer/Xcode/DerivedData/PlanItApp-gkehojshtcbfvhersqwajfujohau/Build/Intermediates.noindex/Firebase.build/Debug-iphonesimulator/FirebaseCore.build/DerivedSources/resource_bundle_accessor.h (in target 'FirebaseCore' from project 'Firebase')
    cd /Users/aleks/Library/Developer/Xcode/DerivedData/PlanItApp-gkehojshtcbfvhersqwajfujohau/SourcePackages/checkouts/firebase-ios-sdk
    write-file /Users/aleks/Library/Developer/Xcode/DerivedData/PlanItApp-gkehojshtcbfvhersqwajfujohau/Build/Intermediates.noindex/Firebase.build/Debug-iphonesimulator/FirebaseCore.build/DerivedSources/resource_bundle_accessor.h

WriteAuxiliaryFile /Users/aleks/Library/Developer/Xcode/DerivedData/PlanItApp-gkehojshtcbfvhersqwajfujohau/Build/Intermediates.noindex/Firebase.build/Debug-iphonesimulator/FirebaseAuthInterop.build/Objects-normal/arm64/FirebaseAuthInterop.LinkFileList (in target 'FirebaseAuthInterop' from project 'Firebase')
    cd /Users/aleks/Library/Developer/Xcode/DerivedData/PlanItApp-gkehojshtcbfvhersqwajfujohau/SourcePackages/checkouts/firebase-ios-sdk
    write-file /Users/aleks/Library/Developer/Xcode/DerivedData/PlanItApp-gkehojshtcbfvhersqwajfujohau/Build/Intermediates.noindex/Firebase.build/Debug-iphonesimulator/FirebaseAuthInterop.build/Objects-normal/arm64/FirebaseAuthInterop.LinkFileList

WriteAuxiliaryFile /Users/aleks/Library/Developer/Xcode/DerivedData/PlanItApp-gkehojshtcbfvhersqwajfujohau/Build/Intermediates.noindex/Firebase.build/Debug-iphonesimulator/FirebaseAuthInterop.build/Objects-normal/arm64/e6072d4f65d7061329687fe24e3d63a7-common-args.resp (in target 'FirebaseAuthInterop' from project 'Firebase')
    cd /Users/aleks/Library/Developer/Xcode/DerivedData/PlanItApp-gkehojshtcbfvhersqwajfujohau/SourcePackages/checkouts/firebase-ios-sdk
    write-file /Users/aleks/Library/Developer/Xcode/DerivedData/PlanItApp-gkehojshtcbfvhersqwajfujohau/Build/Intermediates.noindex/Firebase.build/Debug-iphonesimulator/FirebaseAuthInterop.build/Objects-normal/arm64/e6072d4f65d7061329687fe24e3d63a7-common-args.resp
-target arm64-apple-ios12.0-simulator -fobjc-arc -fmodules -gmodules '-fmodules-cache-path=/Users/aleks/Library/Developer/Xcode/DerivedData/ModuleCache.noindex' '-fmodule-name=FirebaseAuthInterop' -fpascal-strings -O0 -DSWIFT_PACKAGE '-DDEBUG=1' '-DOBJC_OLD_DISPATCH_PROTOTYPES=1' -isysroot /Applications/Xcode.app/Contents/Developer/Platforms/iPhoneSimulator.platform/Developer/SDKs/iPhoneSimulator18.5.sdk -g '-fobjc-abi-version=2' -fobjc-legacy-dispatch -fprofile-instr-generate -fcoverage-mapping -I/Users/aleks/Library/Developer/Xcode/DerivedData/PlanItApp-gkehojshtcbfvhersqwajfujohau/Build/Products/Debug-iphonesimulator/include -I/Users/aleks/Library/Developer/Xcode/DerivedData/PlanItApp-gkehojshtcbfvhersqwajfujohau/SourcePackages/checkouts/firebase-ios-sdk/FirebaseAuth/Interop/Public -I/Users/aleks/Library/Developer/Xcode/DerivedData/PlanItApp-gkehojshtcbfvhersqwajfujohau/SourcePackages/checkouts/firebase-ios-sdk -I/Users/aleks/Library/Developer/Xcode/DerivedData/PlanItApp-gkehojshtcbfvhersqwajfujohau/Build/Intermediates.noindex/Firebase.build/Debug-iphonesimulator/FirebaseAuthInterop.build/DerivedSources-normal/arm64 -I/Users/aleks/Library/Developer/Xcode/DerivedData/PlanItApp-gkehojshtcbfvhersqwajfujohau/Build/Intermediates.noindex/Firebase.build/Debug-iphonesimulator/FirebaseAuthInterop.build/DerivedSources/arm64 -I/Users/aleks/Library/Developer/Xcode/DerivedData/PlanItApp-gkehojshtcbfvhersqwajfujohau/Build/Intermediates.noindex/Firebase.build/Debug-iphonesimulator/FirebaseAuthInterop.build/DerivedSources -F/Users/aleks/Library/Developer/Xcode/DerivedData/PlanItApp-gkehojshtcbfvhersqwajfujohau/Build/Products/Debug-iphonesimulator -iframework /Applications/Xcode.app/Contents/Developer/Platforms/iPhoneSimulator.platform/Developer/Library/Frameworks -iframework /Applications/Xcode.app/Contents/Developer/Platforms/iPhoneSimulator.platform/Developer/SDKs/iPhoneSimulator18.5.sdk/Developer/Library/Frameworks -DXcode

WriteAuxiliaryFile /Users/aleks/Library/Developer/Xcode/DerivedData/PlanItApp-gkehojshtcbfvhersqwajfujohau/Build/Intermediates.noindex/Firebase.build/Debug-iphonesimulator/FirebaseAuthInterop.build/FirebaseAuthInterop.modulemap (in target 'FirebaseAuthInterop' from project 'Firebase')
    cd /Users/aleks/Library/Developer/Xcode/DerivedData/PlanItApp-gkehojshtcbfvhersqwajfujohau/SourcePackages/checkouts/firebase-ios-sdk
    write-file /Users/aleks/Library/Developer/Xcode/DerivedData/PlanItApp-gkehojshtcbfvhersqwajfujohau/Build/Intermediates.noindex/Firebase.build/Debug-iphonesimulator/FirebaseAuthInterop.build/FirebaseAuthInterop.modulemap

WriteAuxiliaryFile /Users/aleks/Library/Developer/Xcode/DerivedData/PlanItApp-gkehojshtcbfvhersqwajfujohau/Build/Intermediates.noindex/Firebase.build/Debug-iphonesimulator/FirebaseAuthInterop.build/FirebaseAuthInterop.DependencyStaticMetadataFileList (in target 'FirebaseAuthInterop' from project 'Firebase')
    cd /Users/aleks/Library/Developer/Xcode/DerivedData/PlanItApp-gkehojshtcbfvhersqwajfujohau/SourcePackages/checkouts/firebase-ios-sdk
    write-file /Users/aleks/Library/Developer/Xcode/DerivedData/PlanItApp-gkehojshtcbfvhersqwajfujohau/Build/Intermediates.noindex/Firebase.build/Debug-iphonesimulator/FirebaseAuthInterop.build/FirebaseAuthInterop.DependencyStaticMetadataFileList

Copy /Users/aleks/Library/Developer/Xcode/DerivedData/PlanItApp-gkehojshtcbfvhersqwajfujohau/Build/Intermediates.noindex/GeneratedModuleMaps-iphonesimulator/RecaptchaInterop.modulemap /Users/aleks/Library/Developer/Xcode/DerivedData/PlanItApp-gkehojshtcbfvhersqwajfujohau/Build/Intermediates.noindex/InteropForGoogle.build/Debug-iphonesimulator/RecaptchaInterop.build/RecaptchaInterop.modulemap (in target 'RecaptchaInterop' from project 'InteropForGoogle')
    cd /Users/aleks/Library/Developer/Xcode/DerivedData/PlanItApp-gkehojshtcbfvhersqwajfujohau/SourcePackages/checkouts/interop-ios-for-google-sdks
    builtin-copy -exclude .DS_Store -exclude CVS -exclude .svn -exclude .git -exclude .hg -resolve-src-symlinks /Users/aleks/Library/Developer/Xcode/DerivedData/PlanItApp-gkehojshtcbfvhersqwajfujohau/Build/Intermediates.noindex/InteropForGoogle.build/Debug-iphonesimulator/RecaptchaInterop.build/RecaptchaInterop.modulemap /Users/aleks/Library/Developer/Xcode/DerivedData/PlanItApp-gkehojshtcbfvhersqwajfujohau/Build/Intermediates.noindex/GeneratedModuleMaps-iphonesimulator

WriteAuxiliaryFile /Users/aleks/Library/Developer/Xcode/DerivedData/PlanItApp-gkehojshtcbfvhersqwajfujohau/Build/Intermediates.noindex/Firebase.build/Debug-iphonesimulator/FirebaseAuthInterop.build/FirebaseAuthInterop.DependencyMetadataFileList (in target 'FirebaseAuthInterop' from project 'Firebase')
    cd /Users/aleks/Library/Developer/Xcode/DerivedData/PlanItApp-gkehojshtcbfvhersqwajfujohau/SourcePackages/checkouts/firebase-ios-sdk
    write-file /Users/aleks/Library/Developer/Xcode/DerivedData/PlanItApp-gkehojshtcbfvhersqwajfujohau/Build/Intermediates.noindex/Firebase.build/Debug-iphonesimulator/FirebaseAuthInterop.build/FirebaseAuthInterop.DependencyMetadataFileList

WriteAuxiliaryFile /Users/aleks/Library/Developer/Xcode/DerivedData/PlanItApp-gkehojshtcbfvhersqwajfujohau/Build/Intermediates.noindex/Firebase.build/Debug-iphonesimulator/FirebaseAuthInternal.build/Objects-normal/arm64/e6072d4f65d7061329687fe24e3d63a7-common-args.resp (in target 'FirebaseAuthInternal' from project 'Firebase')
    cd /Users/aleks/Library/Developer/Xcode/DerivedData/PlanItApp-gkehojshtcbfvhersqwajfujohau/SourcePackages/checkouts/firebase-ios-sdk
    write-file /Users/aleks/Library/Developer/Xcode/DerivedData/PlanItApp-gkehojshtcbfvhersqwajfujohau/Build/Intermediates.noindex/Firebase.build/Debug-iphonesimulator/FirebaseAuthInternal.build/Objects-normal/arm64/e6072d4f65d7061329687fe24e3d63a7-common-args.resp
-target arm64-apple-ios12.0-simulator -fobjc-arc -fmodules -gmodules '-fmodules-cache-path=/Users/aleks/Library/Developer/Xcode/DerivedData/ModuleCache.noindex' '-fmodule-name=FirebaseAuthInternal' -fpascal-strings -O0 -DSWIFT_PACKAGE '-DDEBUG=1' '-DOBJC_OLD_DISPATCH_PROTOTYPES=1' -isysroot /Applications/Xcode.app/Contents/Developer/Platforms/iPhoneSimulator.platform/Developer/SDKs/iPhoneSimulator18.5.sdk -g '-fobjc-abi-version=2' -fobjc-legacy-dispatch -fprofile-instr-generate -fcoverage-mapping -I/Users/aleks/Library/Developer/Xcode/DerivedData/PlanItApp-gkehojshtcbfvhersqwajfujohau/SourcePackages/checkouts/interop-ios-for-google-sdks/RecaptchaEnterprise/RecaptchaInterop/Public -I/Users/aleks/Library/Developer/Xcode/DerivedData/PlanItApp-gkehojshtcbfvhersqwajfujohau/Build/Products/Debug-iphonesimulator/include -I/Users/aleks/Library/Developer/Xcode/DerivedData/PlanItApp-gkehojshtcbfvhersqwajfujohau/SourcePackages/checkouts/firebase-ios-sdk/FirebaseAuth/Sources/Public -I/Users/aleks/Library/Developer/Xcode/DerivedData/PlanItApp-gkehojshtcbfvhersqwajfujohau/SourcePackages/checkouts/firebase-ios-sdk -I/Users/aleks/Library/Developer/Xcode/DerivedData/PlanItApp-gkehojshtcbfvhersqwajfujohau/Build/Intermediates.noindex/Firebase.build/Debug-iphonesimulator/FirebaseAuthInternal.build/DerivedSources-normal/arm64 -I/Users/aleks/Library/Developer/Xcode/DerivedData/PlanItApp-gkehojshtcbfvhersqwajfujohau/Build/Intermediates.noindex/Firebase.build/Debug-iphonesimulator/FirebaseAuthInternal.build/DerivedSources/arm64 -I/Users/aleks/Library/Developer/Xcode/DerivedData/PlanItApp-gkehojshtcbfvhersqwajfujohau/Build/Intermediates.noindex/Firebase.build/Debug-iphonesimulator/FirebaseAuthInternal.build/DerivedSources -F/Users/aleks/Library/Developer/Xcode/DerivedData/PlanItApp-gkehojshtcbfvhersqwajfujohau/Build/Products/Debug-iphonesimulator/PackageFrameworks -F/Users/aleks/Library/Developer/Xcode/DerivedData/PlanItApp-gkehojshtcbfvhersqwajfujohau/Build/Products/Debug-iphonesimulator -iframework /Applications/Xcode.app/Contents/Developer/Platforms/iPhoneSimulator.platform/Developer/Library/Frameworks -iframework /Applications/Xcode.app/Contents/Developer/Platforms/iPhoneSimulator.platform/Developer/SDKs/iPhoneSimulator18.5.sdk/Developer/Library/Frameworks '-fmodule-map-file=/Users/aleks/Library/Developer/Xcode/DerivedData/PlanItApp-gkehojshtcbfvhersqwajfujohau/Build/Intermediates.noindex/GeneratedModuleMaps-iphonesimulator/RecaptchaInterop.modulemap' -DXcode

WriteAuxiliaryFile /Users/aleks/Library/Developer/Xcode/DerivedData/PlanItApp-gkehojshtcbfvhersqwajfujohau/Build/Intermediates.noindex/Firebase.build/Debug-iphonesimulator/FirebaseAuthInternal.build/Objects-normal/arm64/FirebaseAuthInternal.LinkFileList (in target 'FirebaseAuthInternal' from project 'Firebase')
    cd /Users/aleks/Library/Developer/Xcode/DerivedData/PlanItApp-gkehojshtcbfvhersqwajfujohau/SourcePackages/checkouts/firebase-ios-sdk
    write-file /Users/aleks/Library/Developer/Xcode/DerivedData/PlanItApp-gkehojshtcbfvhersqwajfujohau/Build/Intermediates.noindex/Firebase.build/Debug-iphonesimulator/FirebaseAuthInternal.build/Objects-normal/arm64/FirebaseAuthInternal.LinkFileList

WriteAuxiliaryFile /Users/aleks/Library/Developer/Xcode/DerivedData/PlanItApp-gkehojshtcbfvhersqwajfujohau/Build/Intermediates.noindex/Firebase.build/Debug-iphonesimulator/FirebaseAuthInternal.build/FirebaseAuthInternal.modulemap (in target 'FirebaseAuthInternal' from project 'Firebase')
    cd /Users/aleks/Library/Developer/Xcode/DerivedData/PlanItApp-gkehojshtcbfvhersqwajfujohau/SourcePackages/checkouts/firebase-ios-sdk
    write-file /Users/aleks/Library/Developer/Xcode/DerivedData/PlanItApp-gkehojshtcbfvhersqwajfujohau/Build/Intermediates.noindex/Firebase.build/Debug-iphonesimulator/FirebaseAuthInternal.build/FirebaseAuthInternal.modulemap

WriteAuxiliaryFile /Users/aleks/Library/Developer/Xcode/DerivedData/PlanItApp-gkehojshtcbfvhersqwajfujohau/Build/Intermediates.noindex/Firebase.build/Debug-iphonesimulator/FirebaseAuthInternal.build/FirebaseAuthInternal.DependencyStaticMetadataFileList (in target 'FirebaseAuthInternal' from project 'Firebase')
    cd /Users/aleks/Library/Developer/Xcode/DerivedData/PlanItApp-gkehojshtcbfvhersqwajfujohau/SourcePackages/checkouts/firebase-ios-sdk
    write-file /Users/aleks/Library/Developer/Xcode/DerivedData/PlanItApp-gkehojshtcbfvhersqwajfujohau/Build/Intermediates.noindex/Firebase.build/Debug-iphonesimulator/FirebaseAuthInternal.build/FirebaseAuthInternal.DependencyStaticMetadataFileList

WriteAuxiliaryFile /Users/aleks/Library/Developer/Xcode/DerivedData/PlanItApp-gkehojshtcbfvhersqwajfujohau/Build/Intermediates.noindex/Firebase.build/Debug-iphonesimulator/FirebaseAuthInternal.build/FirebaseAuthInternal.DependencyMetadataFileList (in target 'FirebaseAuthInternal' from project 'Firebase')
    cd /Users/aleks/Library/Developer/Xcode/DerivedData/PlanItApp-gkehojshtcbfvhersqwajfujohau/SourcePackages/checkouts/firebase-ios-sdk
    write-file /Users/aleks/Library/Developer/Xcode/DerivedData/PlanItApp-gkehojshtcbfvhersqwajfujohau/Build/Intermediates.noindex/Firebase.build/Debug-iphonesimulator/FirebaseAuthInternal.build/FirebaseAuthInternal.DependencyMetadataFileList

WriteAuxiliaryFile /Users/aleks/Library/Developer/Xcode/DerivedData/PlanItApp-gkehojshtcbfvhersqwajfujohau/Build/Intermediates.noindex/Firebase.build/Debug-iphonesimulator/FirebaseAuth.build/Objects-normal/arm64/FirebaseAuth_const_extract_protocols.json (in target 'FirebaseAuth' from project 'Firebase')
    cd /Users/aleks/Library/Developer/Xcode/DerivedData/PlanItApp-gkehojshtcbfvhersqwajfujohau/SourcePackages/checkouts/firebase-ios-sdk
    write-file /Users/aleks/Library/Developer/Xcode/DerivedData/PlanItApp-gkehojshtcbfvhersqwajfujohau/Build/Intermediates.noindex/Firebase.build/Debug-iphonesimulator/FirebaseAuth.build/Objects-normal/arm64/FirebaseAuth_const_extract_protocols.json

WriteAuxiliaryFile /Users/aleks/Library/Developer/Xcode/DerivedData/PlanItApp-gkehojshtcbfvhersqwajfujohau/Build/Intermediates.noindex/Firebase.build/Debug-iphonesimulator/FirebaseAuth.build/Objects-normal/arm64/FirebaseAuth.SwiftFileList (in target 'FirebaseAuth' from project 'Firebase')
    cd /Users/aleks/Library/Developer/Xcode/DerivedData/PlanItApp-gkehojshtcbfvhersqwajfujohau/SourcePackages/checkouts/firebase-ios-sdk
    write-file /Users/aleks/Library/Developer/Xcode/DerivedData/PlanItApp-gkehojshtcbfvhersqwajfujohau/Build/Intermediates.noindex/Firebase.build/Debug-iphonesimulator/FirebaseAuth.build/Objects-normal/arm64/FirebaseAuth.SwiftFileList

WriteAuxiliaryFile /Users/aleks/Library/Developer/Xcode/DerivedData/PlanItApp-gkehojshtcbfvhersqwajfujohau/Build/Intermediates.noindex/Firebase.build/Debug-iphonesimulator/FirebaseAuth.build/Objects-normal/arm64/FirebaseAuth.SwiftConstValuesFileList (in target 'FirebaseAuth' from project 'Firebase')
    cd /Users/aleks/Library/Developer/Xcode/DerivedData/PlanItApp-gkehojshtcbfvhersqwajfujohau/SourcePackages/checkouts/firebase-ios-sdk
    write-file /Users/aleks/Library/Developer/Xcode/DerivedData/PlanItApp-gkehojshtcbfvhersqwajfujohau/Build/Intermediates.noindex/Firebase.build/Debug-iphonesimulator/FirebaseAuth.build/Objects-normal/arm64/FirebaseAuth.SwiftConstValuesFileList

WriteAuxiliaryFile /Users/aleks/Library/Developer/Xcode/DerivedData/PlanItApp-gkehojshtcbfvhersqwajfujohau/Build/Intermediates.noindex/Firebase.build/Debug-iphonesimulator/FirebaseAuth.build/Objects-normal/arm64/FirebaseAuth.LinkFileList (in target 'FirebaseAuth' from project 'Firebase')
    cd /Users/aleks/Library/Developer/Xcode/DerivedData/PlanItApp-gkehojshtcbfvhersqwajfujohau/SourcePackages/checkouts/firebase-ios-sdk
    write-file /Users/aleks/Library/Developer/Xcode/DerivedData/PlanItApp-gkehojshtcbfvhersqwajfujohau/Build/Intermediates.noindex/Firebase.build/Debug-iphonesimulator/FirebaseAuth.build/Objects-normal/arm64/FirebaseAuth.LinkFileList

WriteAuxiliaryFile /Users/aleks/Library/Developer/Xcode/DerivedData/PlanItApp-gkehojshtcbfvhersqwajfujohau/Build/Intermediates.noindex/Firebase.build/Debug-iphonesimulator/FirebaseAuth.build/Objects-normal/arm64/FirebaseAuth-OutputFileMap.json (in target 'FirebaseAuth' from project 'Firebase')
    cd /Users/aleks/Library/Developer/Xcode/DerivedData/PlanItApp-gkehojshtcbfvhersqwajfujohau/SourcePackages/checkouts/firebase-ios-sdk
    write-file /Users/aleks/Library/Developer/Xcode/DerivedData/PlanItApp-gkehojshtcbfvhersqwajfujohau/Build/Intermediates.noindex/Firebase.build/Debug-iphonesimulator/FirebaseAuth.build/Objects-normal/arm64/FirebaseAuth-OutputFileMap.json

WriteAuxiliaryFile /Users/aleks/Library/Developer/Xcode/DerivedData/PlanItApp-gkehojshtcbfvhersqwajfujohau/Build/Intermediates.noindex/Firebase.build/Debug-iphonesimulator/FirebaseAuth.build/FirebaseAuth.modulemap (in target 'FirebaseAuth' from project 'Firebase')
    cd /Users/aleks/Library/Developer/Xcode/DerivedData/PlanItApp-gkehojshtcbfvhersqwajfujohau/SourcePackages/checkouts/firebase-ios-sdk
    write-file /Users/aleks/Library/Developer/Xcode/DerivedData/PlanItApp-gkehojshtcbfvhersqwajfujohau/Build/Intermediates.noindex/Firebase.build/Debug-iphonesimulator/FirebaseAuth.build/FirebaseAuth.modulemap

WriteAuxiliaryFile /Users/aleks/Library/Developer/Xcode/DerivedData/PlanItApp-gkehojshtcbfvhersqwajfujohau/Build/Intermediates.noindex/Firebase.build/Debug-iphonesimulator/FirebaseAuth.build/FirebaseAuth.DependencyStaticMetadataFileList (in target 'FirebaseAuth' from project 'Firebase')
    cd /Users/aleks/Library/Developer/Xcode/DerivedData/PlanItApp-gkehojshtcbfvhersqwajfujohau/SourcePackages/checkouts/firebase-ios-sdk
    write-file /Users/aleks/Library/Developer/Xcode/DerivedData/PlanItApp-gkehojshtcbfvhersqwajfujohau/Build/Intermediates.noindex/Firebase.build/Debug-iphonesimulator/FirebaseAuth.build/FirebaseAuth.DependencyStaticMetadataFileList

WriteAuxiliaryFile /Users/aleks/Library/Developer/Xcode/DerivedData/PlanItApp-gkehojshtcbfvhersqwajfujohau/Build/Intermediates.noindex/Firebase.build/Debug-iphonesimulator/FirebaseAuth.build/FirebaseAuth.DependencyMetadataFileList (in target 'FirebaseAuth' from project 'Firebase')
    cd /Users/aleks/Library/Developer/Xcode/DerivedData/PlanItApp-gkehojshtcbfvhersqwajfujohau/SourcePackages/checkouts/firebase-ios-sdk
    write-file /Users/aleks/Library/Developer/Xcode/DerivedData/PlanItApp-gkehojshtcbfvhersqwajfujohau/Build/Intermediates.noindex/Firebase.build/Debug-iphonesimulator/FirebaseAuth.build/FirebaseAuth.DependencyMetadataFileList

WriteAuxiliaryFile /Users/aleks/Library/Developer/Xcode/DerivedData/PlanItApp-gkehojshtcbfvhersqwajfujohau/Build/Intermediates.noindex/Firebase.build/Debug-iphonesimulator/FirebaseAuth.build/DerivedSources/resource_bundle_accessor.swift (in target 'FirebaseAuth' from project 'Firebase')
    cd /Users/aleks/Library/Developer/Xcode/DerivedData/PlanItApp-gkehojshtcbfvhersqwajfujohau/SourcePackages/checkouts/firebase-ios-sdk
    write-file /Users/aleks/Library/Developer/Xcode/DerivedData/PlanItApp-gkehojshtcbfvhersqwajfujohau/Build/Intermediates.noindex/Firebase.build/Debug-iphonesimulator/FirebaseAuth.build/DerivedSources/resource_bundle_accessor.swift

WriteAuxiliaryFile /Users/aleks/Library/Developer/Xcode/DerivedData/PlanItApp-gkehojshtcbfvhersqwajfujohau/Build/Intermediates.noindex/Firebase.build/Debug-iphonesimulator/FirebaseAppCheckInterop.build/Objects-normal/arm64/e6072d4f65d7061329687fe24e3d63a7-common-args.resp (in target 'FirebaseAppCheckInterop' from project 'Firebase')
    cd /Users/aleks/Library/Developer/Xcode/DerivedData/PlanItApp-gkehojshtcbfvhersqwajfujohau/SourcePackages/checkouts/firebase-ios-sdk
    write-file /Users/aleks/Library/Developer/Xcode/DerivedData/PlanItApp-gkehojshtcbfvhersqwajfujohau/Build/Intermediates.noindex/Firebase.build/Debug-iphonesimulator/FirebaseAppCheckInterop.build/Objects-normal/arm64/e6072d4f65d7061329687fe24e3d63a7-common-args.resp
-target arm64-apple-ios12.0-simulator -fobjc-arc -fmodules -gmodules '-fmodules-cache-path=/Users/aleks/Library/Developer/Xcode/DerivedData/ModuleCache.noindex' '-fmodule-name=FirebaseAppCheckInterop' -fpascal-strings -O0 -DSWIFT_PACKAGE '-DDEBUG=1' '-DOBJC_OLD_DISPATCH_PROTOTYPES=1' -isysroot /Applications/Xcode.app/Contents/Developer/Platforms/iPhoneSimulator.platform/Developer/SDKs/iPhoneSimulator18.5.sdk -g '-fobjc-abi-version=2' -fobjc-legacy-dispatch -fprofile-instr-generate -fcoverage-mapping -I/Users/aleks/Library/Developer/Xcode/DerivedData/PlanItApp-gkehojshtcbfvhersqwajfujohau/Build/Products/Debug-iphonesimulator/include -I/Users/aleks/Library/Developer/Xcode/DerivedData/PlanItApp-gkehojshtcbfvhersqwajfujohau/SourcePackages/checkouts/firebase-ios-sdk/FirebaseAppCheck/Interop/Public -I/Users/aleks/Library/Developer/Xcode/DerivedData/PlanItApp-gkehojshtcbfvhersqwajfujohau/SourcePackages/checkouts/firebase-ios-sdk -I/Users/aleks/Library/Developer/Xcode/DerivedData/PlanItApp-gkehojshtcbfvhersqwajfujohau/Build/Intermediates.noindex/Firebase.build/Debug-iphonesimulator/FirebaseAppCheckInterop.build/DerivedSources-normal/arm64 -I/Users/aleks/Library/Developer/Xcode/DerivedData/PlanItApp-gkehojshtcbfvhersqwajfujohau/Build/Intermediates.noindex/Firebase.build/Debug-iphonesimulator/FirebaseAppCheckInterop.build/DerivedSources/arm64 -I/Users/aleks/Library/Developer/Xcode/DerivedData/PlanItApp-gkehojshtcbfvhersqwajfujohau/Build/Intermediates.noindex/Firebase.build/Debug-iphonesimulator/FirebaseAppCheckInterop.build/DerivedSources -F/Users/aleks/Library/Developer/Xcode/DerivedData/PlanItApp-gkehojshtcbfvhersqwajfujohau/Build/Products/Debug-iphonesimulator -iframework /Applications/Xcode.app/Contents/Developer/Platforms/iPhoneSimulator.platform/Developer/Library/Frameworks -iframework /Applications/Xcode.app/Contents/Developer/Platforms/iPhoneSimulator.platform/Developer/SDKs/iPhoneSimulator18.5.sdk/Developer/Library/Frameworks -DXcode

WriteAuxiliaryFile /Users/aleks/Library/Developer/Xcode/DerivedData/PlanItApp-gkehojshtcbfvhersqwajfujohau/Build/Intermediates.noindex/Firebase.build/Debug-iphonesimulator/FirebaseAppCheckInterop.build/Objects-normal/arm64/FirebaseAppCheckInterop.LinkFileList (in target 'FirebaseAppCheckInterop' from project 'Firebase')
    cd /Users/aleks/Library/Developer/Xcode/DerivedData/PlanItApp-gkehojshtcbfvhersqwajfujohau/SourcePackages/checkouts/firebase-ios-sdk
    write-file /Users/aleks/Library/Developer/Xcode/DerivedData/PlanItApp-gkehojshtcbfvhersqwajfujohau/Build/Intermediates.noindex/Firebase.build/Debug-iphonesimulator/FirebaseAppCheckInterop.build/Objects-normal/arm64/FirebaseAppCheckInterop.LinkFileList

WriteAuxiliaryFile /Users/aleks/Library/Developer/Xcode/DerivedData/PlanItApp-gkehojshtcbfvhersqwajfujohau/Build/Intermediates.noindex/Firebase.build/Debug-iphonesimulator/FirebaseAppCheckInterop.build/FirebaseAppCheckInterop.modulemap (in target 'FirebaseAppCheckInterop' from project 'Firebase')
    cd /Users/aleks/Library/Developer/Xcode/DerivedData/PlanItApp-gkehojshtcbfvhersqwajfujohau/SourcePackages/checkouts/firebase-ios-sdk
    write-file /Users/aleks/Library/Developer/Xcode/DerivedData/PlanItApp-gkehojshtcbfvhersqwajfujohau/Build/Intermediates.noindex/Firebase.build/Debug-iphonesimulator/FirebaseAppCheckInterop.build/FirebaseAppCheckInterop.modulemap

WriteAuxiliaryFile /Users/aleks/Library/Developer/Xcode/DerivedData/PlanItApp-gkehojshtcbfvhersqwajfujohau/Build/Intermediates.noindex/Firebase.build/Debug-iphonesimulator/FirebaseAppCheckInterop.build/FirebaseAppCheckInterop.DependencyStaticMetadataFileList (in target 'FirebaseAppCheckInterop' from project 'Firebase')
    cd /Users/aleks/Library/Developer/Xcode/DerivedData/PlanItApp-gkehojshtcbfvhersqwajfujohau/SourcePackages/checkouts/firebase-ios-sdk
    write-file /Users/aleks/Library/Developer/Xcode/DerivedData/PlanItApp-gkehojshtcbfvhersqwajfujohau/Build/Intermediates.noindex/Firebase.build/Debug-iphonesimulator/FirebaseAppCheckInterop.build/FirebaseAppCheckInterop.DependencyStaticMetadataFileList

WriteAuxiliaryFile /Users/aleks/Library/Developer/Xcode/DerivedData/PlanItApp-gkehojshtcbfvhersqwajfujohau/Build/Intermediates.noindex/Firebase.build/Debug-iphonesimulator/FirebaseAppCheckInterop.build/FirebaseAppCheckInterop.DependencyMetadataFileList (in target 'FirebaseAppCheckInterop' from project 'Firebase')
    cd /Users/aleks/Library/Developer/Xcode/DerivedData/PlanItApp-gkehojshtcbfvhersqwajfujohau/SourcePackages/checkouts/firebase-ios-sdk
    write-file /Users/aleks/Library/Developer/Xcode/DerivedData/PlanItApp-gkehojshtcbfvhersqwajfujohau/Build/Intermediates.noindex/Firebase.build/Debug-iphonesimulator/FirebaseAppCheckInterop.build/FirebaseAppCheckInterop.DependencyMetadataFileList

WriteAuxiliaryFile /Users/aleks/Library/Developer/Xcode/DerivedData/PlanItApp-gkehojshtcbfvhersqwajfujohau/Build/Intermediates.noindex/Firebase.build/Debug-iphonesimulator/Firebase.build/Objects-normal/arm64/e6072d4f65d7061329687fe24e3d63a7-common-args.resp (in target 'Firebase' from project 'Firebase')
    cd /Users/aleks/Library/Developer/Xcode/DerivedData/PlanItApp-gkehojshtcbfvhersqwajfujohau/SourcePackages/checkouts/firebase-ios-sdk
    write-file /Users/aleks/Library/Developer/Xcode/DerivedData/PlanItApp-gkehojshtcbfvhersqwajfujohau/Build/Intermediates.noindex/Firebase.build/Debug-iphonesimulator/Firebase.build/Objects-normal/arm64/e6072d4f65d7061329687fe24e3d63a7-common-args.resp
-target arm64-apple-ios12.0-simulator -fobjc-arc -fmodules -gmodules '-fmodules-cache-path=/Users/aleks/Library/Developer/Xcode/DerivedData/ModuleCache.noindex' '-fmodule-name=Firebase' -fpascal-strings -O0 -DSWIFT_PACKAGE '-DDEBUG=1' '-DOBJC_OLD_DISPATCH_PROTOTYPES=1' -isysroot /Applications/Xcode.app/Contents/Developer/Platforms/iPhoneSimulator.platform/Developer/SDKs/iPhoneSimulator18.5.sdk -g '-fobjc-abi-version=2' -fobjc-legacy-dispatch -fprofile-instr-generate -fcoverage-mapping -I/Users/aleks/Library/Developer/Xcode/DerivedData/PlanItApp-gkehojshtcbfvhersqwajfujohau/Build/Products/Debug-iphonesimulator/include -I/Users/aleks/Library/Developer/Xcode/DerivedData/PlanItApp-gkehojshtcbfvhersqwajfujohau/SourcePackages/checkouts/firebase-ios-sdk/CoreOnly/Sources -I/Users/aleks/Library/Developer/Xcode/DerivedData/PlanItApp-gkehojshtcbfvhersqwajfujohau/Build/Intermediates.noindex/Firebase.build/Debug-iphonesimulator/Firebase.build/DerivedSources-normal/arm64 -I/Users/aleks/Library/Developer/Xcode/DerivedData/PlanItApp-gkehojshtcbfvhersqwajfujohau/Build/Intermediates.noindex/Firebase.build/Debug-iphonesimulator/Firebase.build/DerivedSources/arm64 -I/Users/aleks/Library/Developer/Xcode/DerivedData/PlanItApp-gkehojshtcbfvhersqwajfujohau/Build/Intermediates.noindex/Firebase.build/Debug-iphonesimulator/Firebase.build/DerivedSources -F/Users/aleks/Library/Developer/Xcode/DerivedData/PlanItApp-gkehojshtcbfvhersqwajfujohau/Build/Products/Debug-iphonesimulator -iframework /Applications/Xcode.app/Contents/Developer/Platforms/iPhoneSimulator.platform/Developer/Library/Frameworks -iframework /Applications/Xcode.app/Contents/Developer/Platforms/iPhoneSimulator.platform/Developer/SDKs/iPhoneSimulator18.5.sdk/Developer/Library/Frameworks -DXcode

WriteAuxiliaryFile /Users/aleks/Library/Developer/Xcode/DerivedData/PlanItApp-gkehojshtcbfvhersqwajfujohau/Build/Intermediates.noindex/Firebase.build/Debug-iphonesimulator/Firebase.build/Objects-normal/arm64/Firebase.LinkFileList (in target 'Firebase' from project 'Firebase')
    cd /Users/aleks/Library/Developer/Xcode/DerivedData/PlanItApp-gkehojshtcbfvhersqwajfujohau/SourcePackages/checkouts/firebase-ios-sdk
    write-file /Users/aleks/Library/Developer/Xcode/DerivedData/PlanItApp-gkehojshtcbfvhersqwajfujohau/Build/Intermediates.noindex/Firebase.build/Debug-iphonesimulator/Firebase.build/Objects-normal/arm64/Firebase.LinkFileList

WriteAuxiliaryFile /Users/aleks/Library/Developer/Xcode/DerivedData/PlanItApp-gkehojshtcbfvhersqwajfujohau/Build/Intermediates.noindex/Firebase.build/Debug-iphonesimulator/Firebase.build/Firebase.DependencyStaticMetadataFileList (in target 'Firebase' from project 'Firebase')
    cd /Users/aleks/Library/Developer/Xcode/DerivedData/PlanItApp-gkehojshtcbfvhersqwajfujohau/SourcePackages/checkouts/firebase-ios-sdk
    write-file /Users/aleks/Library/Developer/Xcode/DerivedData/PlanItApp-gkehojshtcbfvhersqwajfujohau/Build/Intermediates.noindex/Firebase.build/Debug-iphonesimulator/Firebase.build/Firebase.DependencyStaticMetadataFileList

WriteAuxiliaryFile /Users/aleks/Library/Developer/Xcode/DerivedData/PlanItApp-gkehojshtcbfvhersqwajfujohau/Build/Intermediates.noindex/Firebase.build/Debug-iphonesimulator/Firebase.build/Firebase.DependencyMetadataFileList (in target 'Firebase' from project 'Firebase')
    cd /Users/aleks/Library/Developer/Xcode/DerivedData/PlanItApp-gkehojshtcbfvhersqwajfujohau/SourcePackages/checkouts/firebase-ios-sdk
    write-file /Users/aleks/Library/Developer/Xcode/DerivedData/PlanItApp-gkehojshtcbfvhersqwajfujohau/Build/Intermediates.noindex/Firebase.build/Debug-iphonesimulator/Firebase.build/Firebase.DependencyMetadataFileList

WriteAuxiliaryFile /Users/aleks/Library/Developer/Xcode/DerivedData/PlanItApp-gkehojshtcbfvhersqwajfujohau/Build/Intermediates.noindex/Promises.build/Debug-iphonesimulator/FBLPromises.build/Objects-normal/arm64/FBLPromises.LinkFileList (in target 'FBLPromises' from project 'Promises')
    cd /Users/aleks/Library/Developer/Xcode/DerivedData/PlanItApp-gkehojshtcbfvhersqwajfujohau/SourcePackages/checkouts/promises
    write-file /Users/aleks/Library/Developer/Xcode/DerivedData/PlanItApp-gkehojshtcbfvhersqwajfujohau/Build/Intermediates.noindex/Promises.build/Debug-iphonesimulator/FBLPromises.build/Objects-normal/arm64/FBLPromises.LinkFileList

WriteAuxiliaryFile /Users/aleks/Library/Developer/Xcode/DerivedData/PlanItApp-gkehojshtcbfvhersqwajfujohau/Build/Intermediates.noindex/Promises.build/Debug-iphonesimulator/FBLPromises.build/Objects-normal/arm64/e6072d4f65d7061329687fe24e3d63a7-common-args.resp (in target 'FBLPromises' from project 'Promises')
    cd /Users/aleks/Library/Developer/Xcode/DerivedData/PlanItApp-gkehojshtcbfvhersqwajfujohau/SourcePackages/checkouts/promises
    write-file /Users/aleks/Library/Developer/Xcode/DerivedData/PlanItApp-gkehojshtcbfvhersqwajfujohau/Build/Intermediates.noindex/Promises.build/Debug-iphonesimulator/FBLPromises.build/Objects-normal/arm64/e6072d4f65d7061329687fe24e3d63a7-common-args.resp
-target arm64-apple-ios12.0-simulator -fobjc-arc -fmodules -gmodules '-fmodules-cache-path=/Users/aleks/Library/Developer/Xcode/DerivedData/ModuleCache.noindex' '-fmodule-name=FBLPromises' -fpascal-strings -O0 -DSWIFT_PACKAGE '-DDEBUG=1' '-DOBJC_OLD_DISPATCH_PROTOTYPES=1' -isysroot /Applications/Xcode.app/Contents/Developer/Platforms/iPhoneSimulator.platform/Developer/SDKs/iPhoneSimulator18.5.sdk -g '-fobjc-abi-version=2' -fobjc-legacy-dispatch -fprofile-instr-generate -fcoverage-mapping -I/Users/aleks/Library/Developer/Xcode/DerivedData/PlanItApp-gkehojshtcbfvhersqwajfujohau/Build/Products/Debug-iphonesimulator/include -I/Users/aleks/Library/Developer/Xcode/DerivedData/PlanItApp-gkehojshtcbfvhersqwajfujohau/SourcePackages/checkouts/promises/Sources/FBLPromises/include -I/Users/aleks/Library/Developer/Xcode/DerivedData/PlanItApp-gkehojshtcbfvhersqwajfujohau/Build/Intermediates.noindex/Promises.build/Debug-iphonesimulator/FBLPromises.build/DerivedSources-normal/arm64 -I/Users/aleks/Library/Developer/Xcode/DerivedData/PlanItApp-gkehojshtcbfvhersqwajfujohau/Build/Intermediates.noindex/Promises.build/Debug-iphonesimulator/FBLPromises.build/DerivedSources/arm64 -I/Users/aleks/Library/Developer/Xcode/DerivedData/PlanItApp-gkehojshtcbfvhersqwajfujohau/Build/Intermediates.noindex/Promises.build/Debug-iphonesimulator/FBLPromises.build/DerivedSources -F/Users/aleks/Library/Developer/Xcode/DerivedData/PlanItApp-gkehojshtcbfvhersqwajfujohau/Build/Products/Debug-iphonesimulator -iframework /Applications/Xcode.app/Contents/Developer/Platforms/iPhoneSimulator.platform/Developer/Library/Frameworks -iframework /Applications/Xcode.app/Contents/Developer/Platforms/iPhoneSimulator.platform/Developer/SDKs/iPhoneSimulator18.5.sdk/Developer/Library/Frameworks -DXcode

WriteAuxiliaryFile /Users/aleks/Library/Developer/Xcode/DerivedData/PlanItApp-gkehojshtcbfvhersqwajfujohau/Build/Intermediates.noindex/Promises.build/Debug-iphonesimulator/FBLPromises.build/FBLPromises.DependencyStaticMetadataFileList (in target 'FBLPromises' from project 'Promises')
    cd /Users/aleks/Library/Developer/Xcode/DerivedData/PlanItApp-gkehojshtcbfvhersqwajfujohau/SourcePackages/checkouts/promises
    write-file /Users/aleks/Library/Developer/Xcode/DerivedData/PlanItApp-gkehojshtcbfvhersqwajfujohau/Build/Intermediates.noindex/Promises.build/Debug-iphonesimulator/FBLPromises.build/FBLPromises.DependencyStaticMetadataFileList

WriteAuxiliaryFile /Users/aleks/Library/Developer/Xcode/DerivedData/PlanItApp-gkehojshtcbfvhersqwajfujohau/Build/Intermediates.noindex/Promises.build/Debug-iphonesimulator/FBLPromises.build/FBLPromises.DependencyMetadataFileList (in target 'FBLPromises' from project 'Promises')
    cd /Users/aleks/Library/Developer/Xcode/DerivedData/PlanItApp-gkehojshtcbfvhersqwajfujohau/SourcePackages/checkouts/promises
    write-file /Users/aleks/Library/Developer/Xcode/DerivedData/PlanItApp-gkehojshtcbfvhersqwajfujohau/Build/Intermediates.noindex/Promises.build/Debug-iphonesimulator/FBLPromises.build/FBLPromises.DependencyMetadataFileList

WriteAuxiliaryFile /Users/aleks/Library/Developer/Xcode/DerivedData/PlanItApp-gkehojshtcbfvhersqwajfujohau/Build/Intermediates.noindex/Promises.build/Debug-iphonesimulator/FBLPromises.build/DerivedSources/resource_bundle_accessor.m (in target 'FBLPromises' from project 'Promises')
    cd /Users/aleks/Library/Developer/Xcode/DerivedData/PlanItApp-gkehojshtcbfvhersqwajfujohau/SourcePackages/checkouts/promises
    write-file /Users/aleks/Library/Developer/Xcode/DerivedData/PlanItApp-gkehojshtcbfvhersqwajfujohau/Build/Intermediates.noindex/Promises.build/Debug-iphonesimulator/FBLPromises.build/DerivedSources/resource_bundle_accessor.m

WriteAuxiliaryFile /Users/aleks/Library/Developer/Xcode/DerivedData/PlanItApp-gkehojshtcbfvhersqwajfujohau/Build/Intermediates.noindex/Promises.build/Debug-iphonesimulator/FBLPromises.build/DerivedSources/resource_bundle_accessor.h (in target 'FBLPromises' from project 'Promises')
    cd /Users/aleks/Library/Developer/Xcode/DerivedData/PlanItApp-gkehojshtcbfvhersqwajfujohau/SourcePackages/checkouts/promises
    write-file /Users/aleks/Library/Developer/Xcode/DerivedData/PlanItApp-gkehojshtcbfvhersqwajfujohau/Build/Intermediates.noindex/Promises.build/Debug-iphonesimulator/FBLPromises.build/DerivedSources/resource_bundle_accessor.h

WriteAuxiliaryFile /Users/aleks/Library/Developer/Xcode/DerivedData/PlanItApp-gkehojshtcbfvhersqwajfujohau/Build/Intermediates.noindex/AppCheck.build/Debug-iphonesimulator/AppCheckCore.build/Objects-normal/arm64/e6072d4f65d7061329687fe24e3d63a7-common-args.resp (in target 'AppCheckCore' from project 'AppCheck')
    cd /Users/aleks/Library/Developer/Xcode/DerivedData/PlanItApp-gkehojshtcbfvhersqwajfujohau/SourcePackages/checkouts/app-check
    write-file /Users/aleks/Library/Developer/Xcode/DerivedData/PlanItApp-gkehojshtcbfvhersqwajfujohau/Build/Intermediates.noindex/AppCheck.build/Debug-iphonesimulator/AppCheckCore.build/Objects-normal/arm64/e6072d4f65d7061329687fe24e3d63a7-common-args.resp
-target arm64-apple-ios12.0-simulator -fobjc-arc -fmodules -gmodules '-fmodules-cache-path=/Users/aleks/Library/Developer/Xcode/DerivedData/ModuleCache.noindex' '-fmodule-name=AppCheckCore' -fpascal-strings -O0 -DSWIFT_PACKAGE '-DDEBUG=1' '-DOBJC_OLD_DISPATCH_PROTOTYPES=1' -isysroot /Applications/Xcode.app/Contents/Developer/Platforms/iPhoneSimulator.platform/Developer/SDKs/iPhoneSimulator18.5.sdk -g '-fobjc-abi-version=2' -fobjc-legacy-dispatch -fprofile-instr-generate -fcoverage-mapping -I/Users/aleks/Library/Developer/Xcode/DerivedData/PlanItApp-gkehojshtcbfvhersqwajfujohau/SourcePackages/checkouts/promises/Sources/FBLPromises/include -I/Users/aleks/Library/Developer/Xcode/DerivedData/PlanItApp-gkehojshtcbfvhersqwajfujohau/SourcePackages/checkouts/GoogleUtilities/GoogleUtilities/Logger/Public -I/Users/aleks/Library/Developer/Xcode/DerivedData/PlanItApp-gkehojshtcbfvhersqwajfujohau/SourcePackages/checkouts/GoogleUtilities/GoogleUtilities/Environment/Public -I/Users/aleks/Library/Developer/Xcode/DerivedData/PlanItApp-gkehojshtcbfvhersqwajfujohau/SourcePackages/checkouts/GoogleUtilities/third_party/IsAppEncrypted/Public -I/Users/aleks/Library/Developer/Xcode/DerivedData/PlanItApp-gkehojshtcbfvhersqwajfujohau/SourcePackages/checkouts/GoogleUtilities/GoogleUtilities/UserDefaults/Public -I/Users/aleks/Library/Developer/Xcode/DerivedData/PlanItApp-gkehojshtcbfvhersqwajfujohau/Build/Products/Debug-iphonesimulator/include -I/Users/aleks/Library/Developer/Xcode/DerivedData/PlanItApp-gkehojshtcbfvhersqwajfujohau/SourcePackages/checkouts/app-check/AppCheckCore/Sources/Public -I/Users/aleks/Library/Developer/Xcode/DerivedData/PlanItApp-gkehojshtcbfvhersqwajfujohau/SourcePackages/checkouts/app-check -I/Users/aleks/Library/Developer/Xcode/DerivedData/PlanItApp-gkehojshtcbfvhersqwajfujohau/Build/Intermediates.noindex/AppCheck.build/Debug-iphonesimulator/AppCheckCore.build/DerivedSources-normal/arm64 -I/Users/aleks/Library/Developer/Xcode/DerivedData/PlanItApp-gkehojshtcbfvhersqwajfujohau/Build/Intermediates.noindex/AppCheck.build/Debug-iphonesimulator/AppCheckCore.build/DerivedSources/arm64 -I/Users/aleks/Library/Developer/Xcode/DerivedData/PlanItApp-gkehojshtcbfvhersqwajfujohau/Build/Intermediates.noindex/AppCheck.build/Debug-iphonesimulator/AppCheckCore.build/DerivedSources -F/Users/aleks/Library/Developer/Xcode/DerivedData/PlanItApp-gkehojshtcbfvhersqwajfujohau/Build/Products/Debug-iphonesimulator/PackageFrameworks -F/Users/aleks/Library/Developer/Xcode/DerivedData/PlanItApp-gkehojshtcbfvhersqwajfujohau/Build/Products/Debug-iphonesimulator/PackageFrameworks -F/Users/aleks/Library/Developer/Xcode/DerivedData/PlanItApp-gkehojshtcbfvhersqwajfujohau/Build/Products/Debug-iphonesimulator/PackageFrameworks -F/Users/aleks/Library/Developer/Xcode/DerivedData/PlanItApp-gkehojshtcbfvhersqwajfujohau/Build/Products/Debug-iphonesimulator/PackageFrameworks -F/Users/aleks/Library/Developer/Xcode/DerivedData/PlanItApp-gkehojshtcbfvhersqwajfujohau/Build/Products/Debug-iphonesimulator/PackageFrameworks -F/Users/aleks/Library/Developer/Xcode/DerivedData/PlanItApp-gkehojshtcbfvhersqwajfujohau/Build/Products/Debug-iphonesimulator -iframework /Applications/Xcode.app/Contents/Developer/Platforms/iPhoneSimulator.platform/Developer/Library/Frameworks -iframework /Applications/Xcode.app/Contents/Developer/Platforms/iPhoneSimulator.platform/Developer/SDKs/iPhoneSimulator18.5.sdk/Developer/Library/Frameworks '-fmodule-map-file=/Users/aleks/Library/Developer/Xcode/DerivedData/PlanItApp-gkehojshtcbfvhersqwajfujohau/Build/Intermediates.noindex/GeneratedModuleMaps-iphonesimulator/GoogleUtilities-Logger.modulemap' '-fmodule-map-file=/Users/aleks/Library/Developer/Xcode/DerivedData/PlanItApp-gkehojshtcbfvhersqwajfujohau/Build/Intermediates.noindex/GeneratedModuleMaps-iphonesimulator/GoogleUtilities-Environment.modulemap' '-fmodule-map-file=/Users/aleks/Library/Developer/Xcode/DerivedData/PlanItApp-gkehojshtcbfvhersqwajfujohau/Build/Intermediates.noindex/GeneratedModuleMaps-iphonesimulator/third-party-IsAppEncrypted.modulemap' '-fmodule-map-file=/Users/aleks/Library/Developer/Xcode/DerivedData/PlanItApp-gkehojshtcbfvhersqwajfujohau/Build/Intermediates.noindex/GeneratedModuleMaps-iphonesimulator/GoogleUtilities-UserDefaults.modulemap' -DXcode

WriteAuxiliaryFile /Users/aleks/Library/Developer/Xcode/DerivedData/PlanItApp-gkehojshtcbfvhersqwajfujohau/Build/Intermediates.noindex/AppCheck.build/Debug-iphonesimulator/AppCheckCore.build/Objects-normal/arm64/AppCheckCore.LinkFileList (in target 'AppCheckCore' from project 'AppCheck')
    cd /Users/aleks/Library/Developer/Xcode/DerivedData/PlanItApp-gkehojshtcbfvhersqwajfujohau/SourcePackages/checkouts/app-check
    write-file /Users/aleks/Library/Developer/Xcode/DerivedData/PlanItApp-gkehojshtcbfvhersqwajfujohau/Build/Intermediates.noindex/AppCheck.build/Debug-iphonesimulator/AppCheckCore.build/Objects-normal/arm64/AppCheckCore.LinkFileList

WriteAuxiliaryFile /Users/aleks/Library/Developer/Xcode/DerivedData/PlanItApp-gkehojshtcbfvhersqwajfujohau/Build/Intermediates.noindex/AppCheck.build/Debug-iphonesimulator/AppCheckCore.build/AppCheckCore.modulemap (in target 'AppCheckCore' from project 'AppCheck')
    cd /Users/aleks/Library/Developer/Xcode/DerivedData/PlanItApp-gkehojshtcbfvhersqwajfujohau/SourcePackages/checkouts/app-check
    write-file /Users/aleks/Library/Developer/Xcode/DerivedData/PlanItApp-gkehojshtcbfvhersqwajfujohau/Build/Intermediates.noindex/AppCheck.build/Debug-iphonesimulator/AppCheckCore.build/AppCheckCore.modulemap

WriteAuxiliaryFile /Users/aleks/Library/Developer/Xcode/DerivedData/PlanItApp-gkehojshtcbfvhersqwajfujohau/Build/Intermediates.noindex/AppCheck.build/Debug-iphonesimulator/AppCheckCore.build/AppCheckCore.DependencyStaticMetadataFileList (in target 'AppCheckCore' from project 'AppCheck')
    cd /Users/aleks/Library/Developer/Xcode/DerivedData/PlanItApp-gkehojshtcbfvhersqwajfujohau/SourcePackages/checkouts/app-check
    write-file /Users/aleks/Library/Developer/Xcode/DerivedData/PlanItApp-gkehojshtcbfvhersqwajfujohau/Build/Intermediates.noindex/AppCheck.build/Debug-iphonesimulator/AppCheckCore.build/AppCheckCore.DependencyStaticMetadataFileList

WriteAuxiliaryFile /Users/aleks/Library/Developer/Xcode/DerivedData/PlanItApp-gkehojshtcbfvhersqwajfujohau/Build/Intermediates.noindex/AppCheck.build/Debug-iphonesimulator/AppCheckCore.build/AppCheckCore.DependencyMetadataFileList (in target 'AppCheckCore' from project 'AppCheck')
    cd /Users/aleks/Library/Developer/Xcode/DerivedData/PlanItApp-gkehojshtcbfvhersqwajfujohau/SourcePackages/checkouts/app-check
    write-file /Users/aleks/Library/Developer/Xcode/DerivedData/PlanItApp-gkehojshtcbfvhersqwajfujohau/Build/Intermediates.noindex/AppCheck.build/Debug-iphonesimulator/AppCheckCore.build/AppCheckCore.DependencyMetadataFileList

WriteAuxiliaryFile /Users/aleks/Library/Developer/Xcode/DerivedData/PlanItApp-gkehojshtcbfvhersqwajfujohau/Build/Intermediates.noindex/AppAuth.build/Debug-iphonesimulator/AppAuth_AppAuthCore.build/empty-AppAuth_AppAuthCore.plist (in target 'AppAuth_AppAuthCore' from project 'AppAuth')
    cd /Users/aleks/Library/Developer/Xcode/DerivedData/PlanItApp-gkehojshtcbfvhersqwajfujohau/SourcePackages/checkouts/AppAuth-iOS
    write-file /Users/aleks/Library/Developer/Xcode/DerivedData/PlanItApp-gkehojshtcbfvhersqwajfujohau/Build/Intermediates.noindex/AppAuth.build/Debug-iphonesimulator/AppAuth_AppAuthCore.build/empty-AppAuth_AppAuthCore.plist

WriteAuxiliaryFile /Users/aleks/Library/Developer/Xcode/DerivedData/PlanItApp-gkehojshtcbfvhersqwajfujohau/Build/Intermediates.noindex/AppAuth.build/Debug-iphonesimulator/AppAuth_AppAuthCore.build/AppAuth_AppAuthCore.DependencyStaticMetadataFileList (in target 'AppAuth_AppAuthCore' from project 'AppAuth')
    cd /Users/aleks/Library/Developer/Xcode/DerivedData/PlanItApp-gkehojshtcbfvhersqwajfujohau/SourcePackages/checkouts/AppAuth-iOS
    write-file /Users/aleks/Library/Developer/Xcode/DerivedData/PlanItApp-gkehojshtcbfvhersqwajfujohau/Build/Intermediates.noindex/AppAuth.build/Debug-iphonesimulator/AppAuth_AppAuthCore.build/AppAuth_AppAuthCore.DependencyStaticMetadataFileList

WriteAuxiliaryFile /Users/aleks/Library/Developer/Xcode/DerivedData/PlanItApp-gkehojshtcbfvhersqwajfujohau/Build/Intermediates.noindex/AppAuth.build/Debug-iphonesimulator/AppAuth_AppAuthCore.build/AppAuth_AppAuthCore.DependencyMetadataFileList (in target 'AppAuth_AppAuthCore' from project 'AppAuth')
    cd /Users/aleks/Library/Developer/Xcode/DerivedData/PlanItApp-gkehojshtcbfvhersqwajfujohau/SourcePackages/checkouts/AppAuth-iOS
    write-file /Users/aleks/Library/Developer/Xcode/DerivedData/PlanItApp-gkehojshtcbfvhersqwajfujohau/Build/Intermediates.noindex/AppAuth.build/Debug-iphonesimulator/AppAuth_AppAuthCore.build/AppAuth_AppAuthCore.DependencyMetadataFileList

WriteAuxiliaryFile /Users/aleks/Library/Developer/Xcode/DerivedData/PlanItApp-gkehojshtcbfvhersqwajfujohau/Build/Intermediates.noindex/AppAuth.build/Debug-iphonesimulator/AppAuth_AppAuth.build/empty-AppAuth_AppAuth.plist (in target 'AppAuth_AppAuth' from project 'AppAuth')
    cd /Users/aleks/Library/Developer/Xcode/DerivedData/PlanItApp-gkehojshtcbfvhersqwajfujohau/SourcePackages/checkouts/AppAuth-iOS
    write-file /Users/aleks/Library/Developer/Xcode/DerivedData/PlanItApp-gkehojshtcbfvhersqwajfujohau/Build/Intermediates.noindex/AppAuth.build/Debug-iphonesimulator/AppAuth_AppAuth.build/empty-AppAuth_AppAuth.plist

WriteAuxiliaryFile /Users/aleks/Library/Developer/Xcode/DerivedData/PlanItApp-gkehojshtcbfvhersqwajfujohau/Build/Intermediates.noindex/AppAuth.build/Debug-iphonesimulator/AppAuth_AppAuth.build/AppAuth_AppAuth.DependencyStaticMetadataFileList (in target 'AppAuth_AppAuth' from project 'AppAuth')
    cd /Users/aleks/Library/Developer/Xcode/DerivedData/PlanItApp-gkehojshtcbfvhersqwajfujohau/SourcePackages/checkouts/AppAuth-iOS
    write-file /Users/aleks/Library/Developer/Xcode/DerivedData/PlanItApp-gkehojshtcbfvhersqwajfujohau/Build/Intermediates.noindex/AppAuth.build/Debug-iphonesimulator/AppAuth_AppAuth.build/AppAuth_AppAuth.DependencyStaticMetadataFileList

WriteAuxiliaryFile /Users/aleks/Library/Developer/Xcode/DerivedData/PlanItApp-gkehojshtcbfvhersqwajfujohau/Build/Intermediates.noindex/AppAuth.build/Debug-iphonesimulator/AppAuth_AppAuth.build/AppAuth_AppAuth.DependencyMetadataFileList (in target 'AppAuth_AppAuth' from project 'AppAuth')
    cd /Users/aleks/Library/Developer/Xcode/DerivedData/PlanItApp-gkehojshtcbfvhersqwajfujohau/SourcePackages/checkouts/AppAuth-iOS
    write-file /Users/aleks/Library/Developer/Xcode/DerivedData/PlanItApp-gkehojshtcbfvhersqwajfujohau/Build/Intermediates.noindex/AppAuth.build/Debug-iphonesimulator/AppAuth_AppAuth.build/AppAuth_AppAuth.DependencyMetadataFileList

WriteAuxiliaryFile /Users/aleks/Library/Developer/Xcode/DerivedData/PlanItApp-gkehojshtcbfvhersqwajfujohau/Build/Intermediates.noindex/AppAuth.build/Debug-iphonesimulator/AppAuthCore.build/Objects-normal/arm64/e6072d4f65d7061329687fe24e3d63a7-common-args.resp (in target 'AppAuthCore' from project 'AppAuth')
    cd /Users/aleks/Library/Developer/Xcode/DerivedData/PlanItApp-gkehojshtcbfvhersqwajfujohau/SourcePackages/checkouts/AppAuth-iOS
    write-file /Users/aleks/Library/Developer/Xcode/DerivedData/PlanItApp-gkehojshtcbfvhersqwajfujohau/Build/Intermediates.noindex/AppAuth.build/Debug-iphonesimulator/AppAuthCore.build/Objects-normal/arm64/e6072d4f65d7061329687fe24e3d63a7-common-args.resp
-target arm64-apple-ios12.0-simulator -fobjc-arc -fmodules -gmodules '-fmodules-cache-path=/Users/aleks/Library/Developer/Xcode/DerivedData/ModuleCache.noindex' '-fmodule-name=AppAuthCore' -fpascal-strings -O0 -DSWIFT_PACKAGE '-DDEBUG=1' '-DOBJC_OLD_DISPATCH_PROTOTYPES=1' -isysroot /Applications/Xcode.app/Contents/Developer/Platforms/iPhoneSimulator.platform/Developer/SDKs/iPhoneSimulator18.5.sdk -g '-fobjc-abi-version=2' -fobjc-legacy-dispatch -fprofile-instr-generate -fcoverage-mapping -I/Users/aleks/Library/Developer/Xcode/DerivedData/PlanItApp-gkehojshtcbfvhersqwajfujohau/Build/Products/Debug-iphonesimulator/include -I/Users/aleks/Library/Developer/Xcode/DerivedData/PlanItApp-gkehojshtcbfvhersqwajfujohau/SourcePackages/checkouts/AppAuth-iOS/Sources/AppAuthCore -I/Users/aleks/Library/Developer/Xcode/DerivedData/PlanItApp-gkehojshtcbfvhersqwajfujohau/Build/Intermediates.noindex/AppAuth.build/Debug-iphonesimulator/AppAuthCore.build/DerivedSources-normal/arm64 -I/Users/aleks/Library/Developer/Xcode/DerivedData/PlanItApp-gkehojshtcbfvhersqwajfujohau/Build/Intermediates.noindex/AppAuth.build/Debug-iphonesimulator/AppAuthCore.build/DerivedSources/arm64 -I/Users/aleks/Library/Developer/Xcode/DerivedData/PlanItApp-gkehojshtcbfvhersqwajfujohau/Build/Intermediates.noindex/AppAuth.build/Debug-iphonesimulator/AppAuthCore.build/DerivedSources -F/Users/aleks/Library/Developer/Xcode/DerivedData/PlanItApp-gkehojshtcbfvhersqwajfujohau/Build/Products/Debug-iphonesimulator -iframework /Applications/Xcode.app/Contents/Developer/Platforms/iPhoneSimulator.platform/Developer/Library/Frameworks -iframework /Applications/Xcode.app/Contents/Developer/Platforms/iPhoneSimulator.platform/Developer/SDKs/iPhoneSimulator18.5.sdk/Developer/Library/Frameworks -DXcode

WriteAuxiliaryFile /Users/aleks/Library/Developer/Xcode/DerivedData/PlanItApp-gkehojshtcbfvhersqwajfujohau/Build/Intermediates.noindex/AppAuth.build/Debug-iphonesimulator/AppAuthCore.build/Objects-normal/arm64/AppAuthCore.LinkFileList (in target 'AppAuthCore' from project 'AppAuth')
    cd /Users/aleks/Library/Developer/Xcode/DerivedData/PlanItApp-gkehojshtcbfvhersqwajfujohau/SourcePackages/checkouts/AppAuth-iOS
    write-file /Users/aleks/Library/Developer/Xcode/DerivedData/PlanItApp-gkehojshtcbfvhersqwajfujohau/Build/Intermediates.noindex/AppAuth.build/Debug-iphonesimulator/AppAuthCore.build/Objects-normal/arm64/AppAuthCore.LinkFileList

WriteAuxiliaryFile /Users/aleks/Library/Developer/Xcode/DerivedData/PlanItApp-gkehojshtcbfvhersqwajfujohau/Build/Intermediates.noindex/AppAuth.build/Debug-iphonesimulator/AppAuthCore.build/DerivedSources/resource_bundle_accessor.m (in target 'AppAuthCore' from project 'AppAuth')
    cd /Users/aleks/Library/Developer/Xcode/DerivedData/PlanItApp-gkehojshtcbfvhersqwajfujohau/SourcePackages/checkouts/AppAuth-iOS
    write-file /Users/aleks/Library/Developer/Xcode/DerivedData/PlanItApp-gkehojshtcbfvhersqwajfujohau/Build/Intermediates.noindex/AppAuth.build/Debug-iphonesimulator/AppAuthCore.build/DerivedSources/resource_bundle_accessor.m

WriteAuxiliaryFile /Users/aleks/Library/Developer/Xcode/DerivedData/PlanItApp-gkehojshtcbfvhersqwajfujohau/Build/Intermediates.noindex/AppAuth.build/Debug-iphonesimulator/AppAuthCore.build/DerivedSources/resource_bundle_accessor.h (in target 'AppAuthCore' from project 'AppAuth')
    cd /Users/aleks/Library/Developer/Xcode/DerivedData/PlanItApp-gkehojshtcbfvhersqwajfujohau/SourcePackages/checkouts/AppAuth-iOS
    write-file /Users/aleks/Library/Developer/Xcode/DerivedData/PlanItApp-gkehojshtcbfvhersqwajfujohau/Build/Intermediates.noindex/AppAuth.build/Debug-iphonesimulator/AppAuthCore.build/DerivedSources/resource_bundle_accessor.h

WriteAuxiliaryFile /Users/aleks/Library/Developer/Xcode/DerivedData/PlanItApp-gkehojshtcbfvhersqwajfujohau/Build/Intermediates.noindex/AppAuth.build/Debug-iphonesimulator/AppAuthCore.build/AppAuthCore.modulemap (in target 'AppAuthCore' from project 'AppAuth')
    cd /Users/aleks/Library/Developer/Xcode/DerivedData/PlanItApp-gkehojshtcbfvhersqwajfujohau/SourcePackages/checkouts/AppAuth-iOS
    write-file /Users/aleks/Library/Developer/Xcode/DerivedData/PlanItApp-gkehojshtcbfvhersqwajfujohau/Build/Intermediates.noindex/AppAuth.build/Debug-iphonesimulator/AppAuthCore.build/AppAuthCore.modulemap

WriteAuxiliaryFile /Users/aleks/Library/Developer/Xcode/DerivedData/PlanItApp-gkehojshtcbfvhersqwajfujohau/Build/Intermediates.noindex/AppAuth.build/Debug-iphonesimulator/AppAuthCore.build/AppAuthCore.DependencyStaticMetadataFileList (in target 'AppAuthCore' from project 'AppAuth')
    cd /Users/aleks/Library/Developer/Xcode/DerivedData/PlanItApp-gkehojshtcbfvhersqwajfujohau/SourcePackages/checkouts/AppAuth-iOS
    write-file /Users/aleks/Library/Developer/Xcode/DerivedData/PlanItApp-gkehojshtcbfvhersqwajfujohau/Build/Intermediates.noindex/AppAuth.build/Debug-iphonesimulator/AppAuthCore.build/AppAuthCore.DependencyStaticMetadataFileList

WriteAuxiliaryFile /Users/aleks/Library/Developer/Xcode/DerivedData/PlanItApp-gkehojshtcbfvhersqwajfujohau/Build/Intermediates.noindex/AppAuth.build/Debug-iphonesimulator/AppAuthCore.build/AppAuthCore.DependencyMetadataFileList (in target 'AppAuthCore' from project 'AppAuth')
    cd /Users/aleks/Library/Developer/Xcode/DerivedData/PlanItApp-gkehojshtcbfvhersqwajfujohau/SourcePackages/checkouts/AppAuth-iOS
    write-file /Users/aleks/Library/Developer/Xcode/DerivedData/PlanItApp-gkehojshtcbfvhersqwajfujohau/Build/Intermediates.noindex/AppAuth.build/Debug-iphonesimulator/AppAuthCore.build/AppAuthCore.DependencyMetadataFileList

WriteAuxiliaryFile /Users/aleks/Library/Developer/Xcode/DerivedData/PlanItApp-gkehojshtcbfvhersqwajfujohau/Build/Intermediates.noindex/AppAuth.build/Debug-iphonesimulator/AppAuth.build/Objects-normal/arm64/e6072d4f65d7061329687fe24e3d63a7-common-args.resp (in target 'AppAuth' from project 'AppAuth')
    cd /Users/aleks/Library/Developer/Xcode/DerivedData/PlanItApp-gkehojshtcbfvhersqwajfujohau/SourcePackages/checkouts/AppAuth-iOS
    write-file /Users/aleks/Library/Developer/Xcode/DerivedData/PlanItApp-gkehojshtcbfvhersqwajfujohau/Build/Intermediates.noindex/AppAuth.build/Debug-iphonesimulator/AppAuth.build/Objects-normal/arm64/e6072d4f65d7061329687fe24e3d63a7-common-args.resp
-target arm64-apple-ios12.0-simulator -fobjc-arc -fmodules -gmodules '-fmodules-cache-path=/Users/aleks/Library/Developer/Xcode/DerivedData/ModuleCache.noindex' '-fmodule-name=AppAuth' -fpascal-strings -O0 -DSWIFT_PACKAGE '-DDEBUG=1' '-DOBJC_OLD_DISPATCH_PROTOTYPES=1' -isysroot /Applications/Xcode.app/Contents/Developer/Platforms/iPhoneSimulator.platform/Developer/SDKs/iPhoneSimulator18.5.sdk -g '-fobjc-abi-version=2' -fobjc-legacy-dispatch -fprofile-instr-generate -fcoverage-mapping -I/Users/aleks/Library/Developer/Xcode/DerivedData/PlanItApp-gkehojshtcbfvhersqwajfujohau/SourcePackages/checkouts/AppAuth-iOS/Sources/AppAuthCore -I/Users/aleks/Library/Developer/Xcode/DerivedData/PlanItApp-gkehojshtcbfvhersqwajfujohau/Build/Products/Debug-iphonesimulator/include -I/Users/aleks/Library/Developer/Xcode/DerivedData/PlanItApp-gkehojshtcbfvhersqwajfujohau/SourcePackages/checkouts/AppAuth-iOS/Sources/AppAuth -I/Users/aleks/Library/Developer/Xcode/DerivedData/PlanItApp-gkehojshtcbfvhersqwajfujohau/SourcePackages/checkouts/AppAuth-iOS/Sources/AppAuth/iOS -I/Users/aleks/Library/Developer/Xcode/DerivedData/PlanItApp-gkehojshtcbfvhersqwajfujohau/SourcePackages/checkouts/AppAuth-iOS/Sources/AppAuth/macOS -I/Users/aleks/Library/Developer/Xcode/DerivedData/PlanItApp-gkehojshtcbfvhersqwajfujohau/SourcePackages/checkouts/AppAuth-iOS/Sources/AppAuth/macOS/LoopbackHTTPServer -I/Users/aleks/Library/Developer/Xcode/DerivedData/PlanItApp-gkehojshtcbfvhersqwajfujohau/Build/Intermediates.noindex/AppAuth.build/Debug-iphonesimulator/AppAuth.build/DerivedSources-normal/arm64 -I/Users/aleks/Library/Developer/Xcode/DerivedData/PlanItApp-gkehojshtcbfvhersqwajfujohau/Build/Intermediates.noindex/AppAuth.build/Debug-iphonesimulator/AppAuth.build/DerivedSources/arm64 -I/Users/aleks/Library/Developer/Xcode/DerivedData/PlanItApp-gkehojshtcbfvhersqwajfujohau/Build/Intermediates.noindex/AppAuth.build/Debug-iphonesimulator/AppAuth.build/DerivedSources -F/Users/aleks/Library/Developer/Xcode/DerivedData/PlanItApp-gkehojshtcbfvhersqwajfujohau/Build/Products/Debug-iphonesimulator/PackageFrameworks -F/Users/aleks/Library/Developer/Xcode/DerivedData/PlanItApp-gkehojshtcbfvhersqwajfujohau/Build/Products/Debug-iphonesimulator -iframework /Applications/Xcode.app/Contents/Developer/Platforms/iPhoneSimulator.platform/Developer/Library/Frameworks -iframework /Applications/Xcode.app/Contents/Developer/Platforms/iPhoneSimulator.platform/Developer/SDKs/iPhoneSimulator18.5.sdk/Developer/Library/Frameworks '-fmodule-map-file=/Users/aleks/Library/Developer/Xcode/DerivedData/PlanItApp-gkehojshtcbfvhersqwajfujohau/Build/Intermediates.noindex/GeneratedModuleMaps-iphonesimulator/AppAuthCore.modulemap' -DXcode

WriteAuxiliaryFile /Users/aleks/Library/Developer/Xcode/DerivedData/PlanItApp-gkehojshtcbfvhersqwajfujohau/Build/Intermediates.noindex/AppAuth.build/Debug-iphonesimulator/AppAuth.build/Objects-normal/arm64/AppAuth.LinkFileList (in target 'AppAuth' from project 'AppAuth')
    cd /Users/aleks/Library/Developer/Xcode/DerivedData/PlanItApp-gkehojshtcbfvhersqwajfujohau/SourcePackages/checkouts/AppAuth-iOS
    write-file /Users/aleks/Library/Developer/Xcode/DerivedData/PlanItApp-gkehojshtcbfvhersqwajfujohau/Build/Intermediates.noindex/AppAuth.build/Debug-iphonesimulator/AppAuth.build/Objects-normal/arm64/AppAuth.LinkFileList

WriteAuxiliaryFile /Users/aleks/Library/Developer/Xcode/DerivedData/PlanItApp-gkehojshtcbfvhersqwajfujohau/Build/Intermediates.noindex/AppAuth.build/Debug-iphonesimulator/AppAuth.build/DerivedSources/resource_bundle_accessor.m (in target 'AppAuth' from project 'AppAuth')
    cd /Users/aleks/Library/Developer/Xcode/DerivedData/PlanItApp-gkehojshtcbfvhersqwajfujohau/SourcePackages/checkouts/AppAuth-iOS
    write-file /Users/aleks/Library/Developer/Xcode/DerivedData/PlanItApp-gkehojshtcbfvhersqwajfujohau/Build/Intermediates.noindex/AppAuth.build/Debug-iphonesimulator/AppAuth.build/DerivedSources/resource_bundle_accessor.m

WriteAuxiliaryFile /Users/aleks/Library/Developer/Xcode/DerivedData/PlanItApp-gkehojshtcbfvhersqwajfujohau/Build/Intermediates.noindex/AppAuth.build/Debug-iphonesimulator/AppAuth.build/DerivedSources/resource_bundle_accessor.h (in target 'AppAuth' from project 'AppAuth')
    cd /Users/aleks/Library/Developer/Xcode/DerivedData/PlanItApp-gkehojshtcbfvhersqwajfujohau/SourcePackages/checkouts/AppAuth-iOS
    write-file /Users/aleks/Library/Developer/Xcode/DerivedData/PlanItApp-gkehojshtcbfvhersqwajfujohau/Build/Intermediates.noindex/AppAuth.build/Debug-iphonesimulator/AppAuth.build/DerivedSources/resource_bundle_accessor.h

WriteAuxiliaryFile /Users/aleks/Library/Developer/Xcode/DerivedData/PlanItApp-gkehojshtcbfvhersqwajfujohau/Build/Intermediates.noindex/AppAuth.build/Debug-iphonesimulator/AppAuth.build/AppAuth.modulemap (in target 'AppAuth' from project 'AppAuth')
    cd /Users/aleks/Library/Developer/Xcode/DerivedData/PlanItApp-gkehojshtcbfvhersqwajfujohau/SourcePackages/checkouts/AppAuth-iOS
    write-file /Users/aleks/Library/Developer/Xcode/DerivedData/PlanItApp-gkehojshtcbfvhersqwajfujohau/Build/Intermediates.noindex/AppAuth.build/Debug-iphonesimulator/AppAuth.build/AppAuth.modulemap

WriteAuxiliaryFile /Users/aleks/Library/Developer/Xcode/DerivedData/PlanItApp-gkehojshtcbfvhersqwajfujohau/Build/Intermediates.noindex/AppAuth.build/Debug-iphonesimulator/AppAuth.build/AppAuth.DependencyStaticMetadataFileList (in target 'AppAuth' from project 'AppAuth')
    cd /Users/aleks/Library/Developer/Xcode/DerivedData/PlanItApp-gkehojshtcbfvhersqwajfujohau/SourcePackages/checkouts/AppAuth-iOS
    write-file /Users/aleks/Library/Developer/Xcode/DerivedData/PlanItApp-gkehojshtcbfvhersqwajfujohau/Build/Intermediates.noindex/AppAuth.build/Debug-iphonesimulator/AppAuth.build/AppAuth.DependencyStaticMetadataFileList

WriteAuxiliaryFile /Users/aleks/Library/Developer/Xcode/DerivedData/PlanItApp-gkehojshtcbfvhersqwajfujohau/Build/Intermediates.noindex/AppAuth.build/Debug-iphonesimulator/AppAuth.build/AppAuth.DependencyMetadataFileList (in target 'AppAuth' from project 'AppAuth')
    cd /Users/aleks/Library/Developer/Xcode/DerivedData/PlanItApp-gkehojshtcbfvhersqwajfujohau/SourcePackages/checkouts/AppAuth-iOS
    write-file /Users/aleks/Library/Developer/Xcode/DerivedData/PlanItApp-gkehojshtcbfvhersqwajfujohau/Build/Intermediates.noindex/AppAuth.build/Debug-iphonesimulator/AppAuth.build/AppAuth.DependencyMetadataFileList

MkDir /Users/aleks/Library/Developer/Xcode/DerivedData/PlanItApp-gkehojshtcbfvhersqwajfujohau/Build/Products/Debug-iphonesimulator/nanopb_nanopb.bundle (in target 'nanopb_nanopb' from project 'nanopb')
    cd /Users/aleks/Library/Developer/Xcode/DerivedData/PlanItApp-gkehojshtcbfvhersqwajfujohau/SourcePackages/checkouts/nanopb
    /bin/mkdir -p /Users/aleks/Library/Developer/Xcode/DerivedData/PlanItApp-gkehojshtcbfvhersqwajfujohau/Build/Products/Debug-iphonesimulator/nanopb_nanopb.bundle

MkDir /Users/aleks/Library/Developer/Xcode/DerivedData/PlanItApp-gkehojshtcbfvhersqwajfujohau/Build/Products/Debug-iphonesimulator/leveldb_leveldb.bundle (in target 'leveldb_leveldb' from project 'leveldb')
    cd /Users/aleks/Library/Developer/Xcode/DerivedData/PlanItApp-gkehojshtcbfvhersqwajfujohau/SourcePackages/checkouts/leveldb
    /bin/mkdir -p /Users/aleks/Library/Developer/Xcode/DerivedData/PlanItApp-gkehojshtcbfvhersqwajfujohau/Build/Products/Debug-iphonesimulator/leveldb_leveldb.bundle

MkDir /Users/aleks/Library/Developer/Xcode/DerivedData/PlanItApp-gkehojshtcbfvhersqwajfujohau/Build/Products/Debug-iphonesimulator/gRPC_grpcppWrapper.bundle (in target 'gRPC_grpcppWrapper' from project 'gRPC')
    cd /Users/aleks/Library/Developer/Xcode/DerivedData/PlanItApp-gkehojshtcbfvhersqwajfujohau/SourcePackages/checkouts/grpc-binary
    /bin/mkdir -p /Users/aleks/Library/Developer/Xcode/DerivedData/PlanItApp-gkehojshtcbfvhersqwajfujohau/Build/Products/Debug-iphonesimulator/gRPC_grpcppWrapper.bundle

MkDir /Users/aleks/Library/Developer/Xcode/DerivedData/PlanItApp-gkehojshtcbfvhersqwajfujohau/Build/Products/Debug-iphonesimulator/gRPC_grpcWrapper.bundle (in target 'gRPC_grpcWrapper' from project 'gRPC')
    cd /Users/aleks/Library/Developer/Xcode/DerivedData/PlanItApp-gkehojshtcbfvhersqwajfujohau/SourcePackages/checkouts/grpc-binary
    /bin/mkdir -p /Users/aleks/Library/Developer/Xcode/DerivedData/PlanItApp-gkehojshtcbfvhersqwajfujohau/Build/Products/Debug-iphonesimulator/gRPC_grpcWrapper.bundle

MkDir /Users/aleks/Library/Developer/Xcode/DerivedData/PlanItApp-gkehojshtcbfvhersqwajfujohau/Build/Products/Debug-iphonesimulator/abseil_abslWrapper.bundle (in target 'abseil_abslWrapper' from project 'abseil')
    cd /Users/aleks/Library/Developer/Xcode/DerivedData/PlanItApp-gkehojshtcbfvhersqwajfujohau/SourcePackages/checkouts/abseil-cpp-binary
    /bin/mkdir -p /Users/aleks/Library/Developer/Xcode/DerivedData/PlanItApp-gkehojshtcbfvhersqwajfujohau/Build/Products/Debug-iphonesimulator/abseil_abslWrapper.bundle

MkDir /Users/aleks/Library/Developer/Xcode/DerivedData/PlanItApp-gkehojshtcbfvhersqwajfujohau/Build/Products/Debug-iphonesimulator/Promises_FBLPromises.bundle (in target 'Promises_FBLPromises' from project 'Promises')
    cd /Users/aleks/Library/Developer/Xcode/DerivedData/PlanItApp-gkehojshtcbfvhersqwajfujohau/SourcePackages/checkouts/promises
    /bin/mkdir -p /Users/aleks/Library/Developer/Xcode/DerivedData/PlanItApp-gkehojshtcbfvhersqwajfujohau/Build/Products/Debug-iphonesimulator/Promises_FBLPromises.bundle

MkDir /Users/aleks/Library/Developer/Xcode/DerivedData/PlanItApp-gkehojshtcbfvhersqwajfujohau/Build/Products/Debug-iphonesimulator/GoogleUtilities_GoogleUtilities-UserDefaults.bundle (in target 'GoogleUtilities_GoogleUtilities-UserDefaults' from project 'GoogleUtilities')
    cd /Users/aleks/Library/Developer/Xcode/DerivedData/PlanItApp-gkehojshtcbfvhersqwajfujohau/SourcePackages/checkouts/GoogleUtilities
    /bin/mkdir -p /Users/aleks/Library/Developer/Xcode/DerivedData/PlanItApp-gkehojshtcbfvhersqwajfujohau/Build/Products/Debug-iphonesimulator/GoogleUtilities_GoogleUtilities-UserDefaults.bundle

MkDir /Users/aleks/Library/Developer/Xcode/DerivedData/PlanItApp-gkehojshtcbfvhersqwajfujohau/Build/Products/Debug-iphonesimulator/GoogleUtilities_GoogleUtilities-Reachability.bundle (in target 'GoogleUtilities_GoogleUtilities-Reachability' from project 'GoogleUtilities')
    cd /Users/aleks/Library/Developer/Xcode/DerivedData/PlanItApp-gkehojshtcbfvhersqwajfujohau/SourcePackages/checkouts/GoogleUtilities
    /bin/mkdir -p /Users/aleks/Library/Developer/Xcode/DerivedData/PlanItApp-gkehojshtcbfvhersqwajfujohau/Build/Products/Debug-iphonesimulator/GoogleUtilities_GoogleUtilities-Reachability.bundle

MkDir /Users/aleks/Library/Developer/Xcode/DerivedData/PlanItApp-gkehojshtcbfvhersqwajfujohau/Build/Products/Debug-iphonesimulator/GoogleUtilities_GoogleUtilities-Network.bundle (in target 'GoogleUtilities_GoogleUtilities-Network' from project 'GoogleUtilities')
    cd /Users/aleks/Library/Developer/Xcode/DerivedData/PlanItApp-gkehojshtcbfvhersqwajfujohau/SourcePackages/checkouts/GoogleUtilities
    /bin/mkdir -p /Users/aleks/Library/Developer/Xcode/DerivedData/PlanItApp-gkehojshtcbfvhersqwajfujohau/Build/Products/Debug-iphonesimulator/GoogleUtilities_GoogleUtilities-Network.bundle

MkDir /Users/aleks/Library/Developer/Xcode/DerivedData/PlanItApp-gkehojshtcbfvhersqwajfujohau/Build/Products/Debug-iphonesimulator/GoogleUtilities_GoogleUtilities-NSData.bundle (in target 'GoogleUtilities_GoogleUtilities-NSData' from project 'GoogleUtilities')
    cd /Users/aleks/Library/Developer/Xcode/DerivedData/PlanItApp-gkehojshtcbfvhersqwajfujohau/SourcePackages/checkouts/GoogleUtilities
    /bin/mkdir -p /Users/aleks/Library/Developer/Xcode/DerivedData/PlanItApp-gkehojshtcbfvhersqwajfujohau/Build/Products/Debug-iphonesimulator/GoogleUtilities_GoogleUtilities-NSData.bundle

MkDir /Users/aleks/Library/Developer/Xcode/DerivedData/PlanItApp-gkehojshtcbfvhersqwajfujohau/Build/Products/Debug-iphonesimulator/GoogleUtilities_GoogleUtilities-Logger.bundle (in target 'GoogleUtilities_GoogleUtilities-Logger' from project 'GoogleUtilities')
    cd /Users/aleks/Library/Developer/Xcode/DerivedData/PlanItApp-gkehojshtcbfvhersqwajfujohau/SourcePackages/checkouts/GoogleUtilities
    /bin/mkdir -p /Users/aleks/Library/Developer/Xcode/DerivedData/PlanItApp-gkehojshtcbfvhersqwajfujohau/Build/Products/Debug-iphonesimulator/GoogleUtilities_GoogleUtilities-Logger.bundle

MkDir /Users/aleks/Library/Developer/Xcode/DerivedData/PlanItApp-gkehojshtcbfvhersqwajfujohau/Build/Products/Debug-iphonesimulator/GoogleUtilities_GoogleUtilities-Environment.bundle (in target 'GoogleUtilities_GoogleUtilities-Environment' from project 'GoogleUtilities')
    cd /Users/aleks/Library/Developer/Xcode/DerivedData/PlanItApp-gkehojshtcbfvhersqwajfujohau/SourcePackages/checkouts/GoogleUtilities
    /bin/mkdir -p /Users/aleks/Library/Developer/Xcode/DerivedData/PlanItApp-gkehojshtcbfvhersqwajfujohau/Build/Products/Debug-iphonesimulator/GoogleUtilities_GoogleUtilities-Environment.bundle

MkDir /Users/aleks/Library/Developer/Xcode/DerivedData/PlanItApp-gkehojshtcbfvhersqwajfujohau/Build/Products/Debug-iphonesimulator/GoogleUtilities_GoogleUtilities-AppDelegateSwizzler.bundle (in target 'GoogleUtilities_GoogleUtilities-AppDelegateSwizzler' from project 'GoogleUtilities')
    cd /Users/aleks/Library/Developer/Xcode/DerivedData/PlanItApp-gkehojshtcbfvhersqwajfujohau/SourcePackages/checkouts/GoogleUtilities
    /bin/mkdir -p /Users/aleks/Library/Developer/Xcode/DerivedData/PlanItApp-gkehojshtcbfvhersqwajfujohau/Build/Products/Debug-iphonesimulator/GoogleUtilities_GoogleUtilities-AppDelegateSwizzler.bundle

MkDir /Users/aleks/Library/Developer/Xcode/DerivedData/PlanItApp-gkehojshtcbfvhersqwajfujohau/Build/Products/Debug-iphonesimulator/GoogleSignIn_GoogleSignIn.bundle (in target 'GoogleSignIn_GoogleSignIn' from project 'GoogleSignIn')
    cd /Users/aleks/Library/Developer/Xcode/DerivedData/PlanItApp-gkehojshtcbfvhersqwajfujohau/SourcePackages/checkouts/GoogleSignIn-iOS
    /bin/mkdir -p /Users/aleks/Library/Developer/Xcode/DerivedData/PlanItApp-gkehojshtcbfvhersqwajfujohau/Build/Products/Debug-iphonesimulator/GoogleSignIn_GoogleSignIn.bundle

MkDir /Users/aleks/Library/Developer/Xcode/DerivedData/PlanItApp-gkehojshtcbfvhersqwajfujohau/Build/Products/Debug-iphonesimulator/GTMSessionFetcher_GTMSessionFetcherCore.bundle (in target 'GTMSessionFetcher_GTMSessionFetcherCore' from project 'GTMSessionFetcher')
    cd /Users/aleks/Library/Developer/Xcode/DerivedData/PlanItApp-gkehojshtcbfvhersqwajfujohau/SourcePackages/checkouts/gtm-session-fetcher
    /bin/mkdir -p /Users/aleks/Library/Developer/Xcode/DerivedData/PlanItApp-gkehojshtcbfvhersqwajfujohau/Build/Products/Debug-iphonesimulator/GTMSessionFetcher_GTMSessionFetcherCore.bundle

MkDir /Users/aleks/Library/Developer/Xcode/DerivedData/PlanItApp-gkehojshtcbfvhersqwajfujohau/Build/Products/Debug-iphonesimulator/GTMAppAuth_GTMAppAuth.bundle (in target 'GTMAppAuth_GTMAppAuth' from project 'GTMAppAuth')
    cd /Users/aleks/Library/Developer/Xcode/DerivedData/PlanItApp-gkehojshtcbfvhersqwajfujohau/SourcePackages/checkouts/GTMAppAuth
    /bin/mkdir -p /Users/aleks/Library/Developer/Xcode/DerivedData/PlanItApp-gkehojshtcbfvhersqwajfujohau/Build/Products/Debug-iphonesimulator/GTMAppAuth_GTMAppAuth.bundle

MkDir /Users/aleks/Library/Developer/Xcode/DerivedData/PlanItApp-gkehojshtcbfvhersqwajfujohau/Build/Products/Debug-iphonesimulator/Firebase_FirebaseFirestore.bundle (in target 'Firebase_FirebaseFirestore' from project 'Firebase')
    cd /Users/aleks/Library/Developer/Xcode/DerivedData/PlanItApp-gkehojshtcbfvhersqwajfujohau/SourcePackages/checkouts/firebase-ios-sdk
    /bin/mkdir -p /Users/aleks/Library/Developer/Xcode/DerivedData/PlanItApp-gkehojshtcbfvhersqwajfujohau/Build/Products/Debug-iphonesimulator/Firebase_FirebaseFirestore.bundle

MkDir /Users/aleks/Library/Developer/Xcode/DerivedData/PlanItApp-gkehojshtcbfvhersqwajfujohau/Build/Products/Debug-iphonesimulator/Firebase_FirebaseCoreInternal.bundle (in target 'Firebase_FirebaseCoreInternal' from project 'Firebase')
    cd /Users/aleks/Library/Developer/Xcode/DerivedData/PlanItApp-gkehojshtcbfvhersqwajfujohau/SourcePackages/checkouts/firebase-ios-sdk
    /bin/mkdir -p /Users/aleks/Library/Developer/Xcode/DerivedData/PlanItApp-gkehojshtcbfvhersqwajfujohau/Build/Products/Debug-iphonesimulator/Firebase_FirebaseCoreInternal.bundle

MkDir /Users/aleks/Library/Developer/Xcode/DerivedData/PlanItApp-gkehojshtcbfvhersqwajfujohau/Build/Products/Debug-iphonesimulator/Firebase_FirebaseCoreExtension.bundle (in target 'Firebase_FirebaseCoreExtension' from project 'Firebase')
    cd /Users/aleks/Library/Developer/Xcode/DerivedData/PlanItApp-gkehojshtcbfvhersqwajfujohau/SourcePackages/checkouts/firebase-ios-sdk
    /bin/mkdir -p /Users/aleks/Library/Developer/Xcode/DerivedData/PlanItApp-gkehojshtcbfvhersqwajfujohau/Build/Products/Debug-iphonesimulator/Firebase_FirebaseCoreExtension.bundle

MkDir /Users/aleks/Library/Developer/Xcode/DerivedData/PlanItApp-gkehojshtcbfvhersqwajfujohau/Build/Products/Debug-iphonesimulator/Firebase_FirebaseCore.bundle (in target 'Firebase_FirebaseCore' from project 'Firebase')
    cd /Users/aleks/Library/Developer/Xcode/DerivedData/PlanItApp-gkehojshtcbfvhersqwajfujohau/SourcePackages/checkouts/firebase-ios-sdk
    /bin/mkdir -p /Users/aleks/Library/Developer/Xcode/DerivedData/PlanItApp-gkehojshtcbfvhersqwajfujohau/Build/Products/Debug-iphonesimulator/Firebase_FirebaseCore.bundle

MkDir /Users/aleks/Library/Developer/Xcode/DerivedData/PlanItApp-gkehojshtcbfvhersqwajfujohau/Build/Products/Debug-iphonesimulator/Firebase_FirebaseAuth.bundle (in target 'Firebase_FirebaseAuth' from project 'Firebase')
    cd /Users/aleks/Library/Developer/Xcode/DerivedData/PlanItApp-gkehojshtcbfvhersqwajfujohau/SourcePackages/checkouts/firebase-ios-sdk
    /bin/mkdir -p /Users/aleks/Library/Developer/Xcode/DerivedData/PlanItApp-gkehojshtcbfvhersqwajfujohau/Build/Products/Debug-iphonesimulator/Firebase_FirebaseAuth.bundle

MkDir /Users/aleks/Library/Developer/Xcode/DerivedData/PlanItApp-gkehojshtcbfvhersqwajfujohau/Build/Products/Debug-iphonesimulator/AppAuth_AppAuthCore.bundle (in target 'AppAuth_AppAuthCore' from project 'AppAuth')
    cd /Users/aleks/Library/Developer/Xcode/DerivedData/PlanItApp-gkehojshtcbfvhersqwajfujohau/SourcePackages/checkouts/AppAuth-iOS
    /bin/mkdir -p /Users/aleks/Library/Developer/Xcode/DerivedData/PlanItApp-gkehojshtcbfvhersqwajfujohau/Build/Products/Debug-iphonesimulator/AppAuth_AppAuthCore.bundle

MkDir /Users/aleks/Library/Developer/Xcode/DerivedData/PlanItApp-gkehojshtcbfvhersqwajfujohau/Build/Products/Debug-iphonesimulator/AppAuth_AppAuth.bundle (in target 'AppAuth_AppAuth' from project 'AppAuth')
    cd /Users/aleks/Library/Developer/Xcode/DerivedData/PlanItApp-gkehojshtcbfvhersqwajfujohau/SourcePackages/checkouts/AppAuth-iOS
    /bin/mkdir -p /Users/aleks/Library/Developer/Xcode/DerivedData/PlanItApp-gkehojshtcbfvhersqwajfujohau/Build/Products/Debug-iphonesimulator/AppAuth_AppAuth.bundle

Copy /Users/aleks/Library/Developer/Xcode/DerivedData/PlanItApp-gkehojshtcbfvhersqwajfujohau/Build/Intermediates.noindex/GeneratedModuleMaps-iphonesimulator/GoogleUtilities-UserDefaults.modulemap /Users/aleks/Library/Developer/Xcode/DerivedData/PlanItApp-gkehojshtcbfvhersqwajfujohau/Build/Intermediates.noindex/GoogleUtilities.build/Debug-iphonesimulator/GoogleUtilities-UserDefaults.build/GoogleUtilities-UserDefaults.modulemap (in target 'GoogleUtilities-UserDefaults' from project 'GoogleUtilities')
    cd /Users/aleks/Library/Developer/Xcode/DerivedData/PlanItApp-gkehojshtcbfvhersqwajfujohau/SourcePackages/checkouts/GoogleUtilities
    builtin-copy -exclude .DS_Store -exclude CVS -exclude .svn -exclude .git -exclude .hg -resolve-src-symlinks /Users/aleks/Library/Developer/Xcode/DerivedData/PlanItApp-gkehojshtcbfvhersqwajfujohau/Build/Intermediates.noindex/GoogleUtilities.build/Debug-iphonesimulator/GoogleUtilities-UserDefaults.build/GoogleUtilities-UserDefaults.modulemap /Users/aleks/Library/Developer/Xcode/DerivedData/PlanItApp-gkehojshtcbfvhersqwajfujohau/Build/Intermediates.noindex/GeneratedModuleMaps-iphonesimulator

Copy /Users/aleks/Library/Developer/Xcode/DerivedData/PlanItApp-gkehojshtcbfvhersqwajfujohau/Build/Intermediates.noindex/GeneratedModuleMaps-iphonesimulator/GoogleUtilities-Network.modulemap /Users/aleks/Library/Developer/Xcode/DerivedData/PlanItApp-gkehojshtcbfvhersqwajfujohau/Build/Intermediates.noindex/GoogleUtilities.build/Debug-iphonesimulator/GoogleUtilities-Network.build/GoogleUtilities-Network.modulemap (in target 'GoogleUtilities-Network' from project 'GoogleUtilities')
    cd /Users/aleks/Library/Developer/Xcode/DerivedData/PlanItApp-gkehojshtcbfvhersqwajfujohau/SourcePackages/checkouts/GoogleUtilities
    builtin-copy -exclude .DS_Store -exclude CVS -exclude .svn -exclude .git -exclude .hg -resolve-src-symlinks /Users/aleks/Library/Developer/Xcode/DerivedData/PlanItApp-gkehojshtcbfvhersqwajfujohau/Build/Intermediates.noindex/GoogleUtilities.build/Debug-iphonesimulator/GoogleUtilities-Network.build/GoogleUtilities-Network.modulemap /Users/aleks/Library/Developer/Xcode/DerivedData/PlanItApp-gkehojshtcbfvhersqwajfujohau/Build/Intermediates.noindex/GeneratedModuleMaps-iphonesimulator

Copy /Users/aleks/Library/Developer/Xcode/DerivedData/PlanItApp-gkehojshtcbfvhersqwajfujohau/Build/Intermediates.noindex/GeneratedModuleMaps-iphonesimulator/GoogleUtilities-Logger.modulemap /Users/aleks/Library/Developer/Xcode/DerivedData/PlanItApp-gkehojshtcbfvhersqwajfujohau/Build/Intermediates.noindex/GoogleUtilities.build/Debug-iphonesimulator/GoogleUtilities-Logger.build/GoogleUtilities-Logger.modulemap (in target 'GoogleUtilities-Logger' from project 'GoogleUtilities')
    cd /Users/aleks/Library/Developer/Xcode/DerivedData/PlanItApp-gkehojshtcbfvhersqwajfujohau/SourcePackages/checkouts/GoogleUtilities
    builtin-copy -exclude .DS_Store -exclude CVS -exclude .svn -exclude .git -exclude .hg -resolve-src-symlinks /Users/aleks/Library/Developer/Xcode/DerivedData/PlanItApp-gkehojshtcbfvhersqwajfujohau/Build/Intermediates.noindex/GoogleUtilities.build/Debug-iphonesimulator/GoogleUtilities-Logger.build/GoogleUtilities-Logger.modulemap /Users/aleks/Library/Developer/Xcode/DerivedData/PlanItApp-gkehojshtcbfvhersqwajfujohau/Build/Intermediates.noindex/GeneratedModuleMaps-iphonesimulator

Copy /Users/aleks/Library/Developer/Xcode/DerivedData/PlanItApp-gkehojshtcbfvhersqwajfujohau/Build/Intermediates.noindex/GeneratedModuleMaps-iphonesimulator/GoogleUtilities-Reachability.modulemap /Users/aleks/Library/Developer/Xcode/DerivedData/PlanItApp-gkehojshtcbfvhersqwajfujohau/Build/Intermediates.noindex/GoogleUtilities.build/Debug-iphonesimulator/GoogleUtilities-Reachability.build/GoogleUtilities-Reachability.modulemap (in target 'GoogleUtilities-Reachability' from project 'GoogleUtilities')
    cd /Users/aleks/Library/Developer/Xcode/DerivedData/PlanItApp-gkehojshtcbfvhersqwajfujohau/SourcePackages/checkouts/GoogleUtilities
    builtin-copy -exclude .DS_Store -exclude CVS -exclude .svn -exclude .git -exclude .hg -resolve-src-symlinks /Users/aleks/Library/Developer/Xcode/DerivedData/PlanItApp-gkehojshtcbfvhersqwajfujohau/Build/Intermediates.noindex/GoogleUtilities.build/Debug-iphonesimulator/GoogleUtilities-Reachability.build/GoogleUtilities-Reachability.modulemap /Users/aleks/Library/Developer/Xcode/DerivedData/PlanItApp-gkehojshtcbfvhersqwajfujohau/Build/Intermediates.noindex/GeneratedModuleMaps-iphonesimulator

Copy /Users/aleks/Library/Developer/Xcode/DerivedData/PlanItApp-gkehojshtcbfvhersqwajfujohau/Build/Intermediates.noindex/GeneratedModuleMaps-iphonesimulator/GoogleUtilities-Environment.modulemap /Users/aleks/Library/Developer/Xcode/DerivedData/PlanItApp-gkehojshtcbfvhersqwajfujohau/Build/Intermediates.noindex/GoogleUtilities.build/Debug-iphonesimulator/GoogleUtilities-Environment.build/GoogleUtilities-Environment.modulemap (in target 'GoogleUtilities-Environment' from project 'GoogleUtilities')
    cd /Users/aleks/Library/Developer/Xcode/DerivedData/PlanItApp-gkehojshtcbfvhersqwajfujohau/SourcePackages/checkouts/GoogleUtilities
    builtin-copy -exclude .DS_Store -exclude CVS -exclude .svn -exclude .git -exclude .hg -resolve-src-symlinks /Users/aleks/Library/Developer/Xcode/DerivedData/PlanItApp-gkehojshtcbfvhersqwajfujohau/Build/Intermediates.noindex/GoogleUtilities.build/Debug-iphonesimulator/GoogleUtilities-Environment.build/GoogleUtilities-Environment.modulemap /Users/aleks/Library/Developer/Xcode/DerivedData/PlanItApp-gkehojshtcbfvhersqwajfujohau/Build/Intermediates.noindex/GeneratedModuleMaps-iphonesimulator

Copy /Users/aleks/Library/Developer/Xcode/DerivedData/PlanItApp-gkehojshtcbfvhersqwajfujohau/Build/Intermediates.noindex/GeneratedModuleMaps-iphonesimulator/GoogleUtilities-AppDelegateSwizzler.modulemap /Users/aleks/Library/Developer/Xcode/DerivedData/PlanItApp-gkehojshtcbfvhersqwajfujohau/Build/Intermediates.noindex/GoogleUtilities.build/Debug-iphonesimulator/GoogleUtilities-AppDelegateSwizzler.build/GoogleUtilities-AppDelegateSwizzler.modulemap (in target 'GoogleUtilities-AppDelegateSwizzler' from project 'GoogleUtilities')
    cd /Users/aleks/Library/Developer/Xcode/DerivedData/PlanItApp-gkehojshtcbfvhersqwajfujohau/SourcePackages/checkouts/GoogleUtilities
    builtin-copy -exclude .DS_Store -exclude CVS -exclude .svn -exclude .git -exclude .hg -resolve-src-symlinks /Users/aleks/Library/Developer/Xcode/DerivedData/PlanItApp-gkehojshtcbfvhersqwajfujohau/Build/Intermediates.noindex/GoogleUtilities.build/Debug-iphonesimulator/GoogleUtilities-AppDelegateSwizzler.build/GoogleUtilities-AppDelegateSwizzler.modulemap /Users/aleks/Library/Developer/Xcode/DerivedData/PlanItApp-gkehojshtcbfvhersqwajfujohau/Build/Intermediates.noindex/GeneratedModuleMaps-iphonesimulator

Copy /Users/aleks/Library/Developer/Xcode/DerivedData/PlanItApp-gkehojshtcbfvhersqwajfujohau/Build/Intermediates.noindex/GeneratedModuleMaps-iphonesimulator/GTMSessionFetcherCore.modulemap /Users/aleks/Library/Developer/Xcode/DerivedData/PlanItApp-gkehojshtcbfvhersqwajfujohau/Build/Intermediates.noindex/GTMSessionFetcher.build/Debug-iphonesimulator/GTMSessionFetcherCore.build/GTMSessionFetcherCore.modulemap (in target 'GTMSessionFetcherCore' from project 'GTMSessionFetcher')
    cd /Users/aleks/Library/Developer/Xcode/DerivedData/PlanItApp-gkehojshtcbfvhersqwajfujohau/SourcePackages/checkouts/gtm-session-fetcher
    builtin-copy -exclude .DS_Store -exclude CVS -exclude .svn -exclude .git -exclude .hg -resolve-src-symlinks /Users/aleks/Library/Developer/Xcode/DerivedData/PlanItApp-gkehojshtcbfvhersqwajfujohau/Build/Intermediates.noindex/GTMSessionFetcher.build/Debug-iphonesimulator/GTMSessionFetcherCore.build/GTMSessionFetcherCore.modulemap /Users/aleks/Library/Developer/Xcode/DerivedData/PlanItApp-gkehojshtcbfvhersqwajfujohau/Build/Intermediates.noindex/GeneratedModuleMaps-iphonesimulator

Copy /Users/aleks/Library/Developer/Xcode/DerivedData/PlanItApp-gkehojshtcbfvhersqwajfujohau/Build/Intermediates.noindex/GeneratedModuleMaps-iphonesimulator/GoogleUtilities-NSData.modulemap /Users/aleks/Library/Developer/Xcode/DerivedData/PlanItApp-gkehojshtcbfvhersqwajfujohau/Build/Intermediates.noindex/GoogleUtilities.build/Debug-iphonesimulator/GoogleUtilities-NSData.build/GoogleUtilities-NSData.modulemap (in target 'GoogleUtilities-NSData' from project 'GoogleUtilities')
    cd /Users/aleks/Library/Developer/Xcode/DerivedData/PlanItApp-gkehojshtcbfvhersqwajfujohau/SourcePackages/checkouts/GoogleUtilities
    builtin-copy -exclude .DS_Store -exclude CVS -exclude .svn -exclude .git -exclude .hg -resolve-src-symlinks /Users/aleks/Library/Developer/Xcode/DerivedData/PlanItApp-gkehojshtcbfvhersqwajfujohau/Build/Intermediates.noindex/GoogleUtilities.build/Debug-iphonesimulator/GoogleUtilities-NSData.build/GoogleUtilities-NSData.modulemap /Users/aleks/Library/Developer/Xcode/DerivedData/PlanItApp-gkehojshtcbfvhersqwajfujohau/Build/Intermediates.noindex/GeneratedModuleMaps-iphonesimulator

Copy /Users/aleks/Library/Developer/Xcode/DerivedData/PlanItApp-gkehojshtcbfvhersqwajfujohau/Build/Intermediates.noindex/GeneratedModuleMaps-iphonesimulator/GoogleSignIn.modulemap /Users/aleks/Library/Developer/Xcode/DerivedData/PlanItApp-gkehojshtcbfvhersqwajfujohau/Build/Intermediates.noindex/GoogleSignIn.build/Debug-iphonesimulator/GoogleSignIn.build/GoogleSignIn.modulemap (in target 'GoogleSignIn' from project 'GoogleSignIn')
    cd /Users/aleks/Library/Developer/Xcode/DerivedData/PlanItApp-gkehojshtcbfvhersqwajfujohau/SourcePackages/checkouts/GoogleSignIn-iOS
    builtin-copy -exclude .DS_Store -exclude CVS -exclude .svn -exclude .git -exclude .hg -resolve-src-symlinks /Users/aleks/Library/Developer/Xcode/DerivedData/PlanItApp-gkehojshtcbfvhersqwajfujohau/Build/Intermediates.noindex/GoogleSignIn.build/Debug-iphonesimulator/GoogleSignIn.build/GoogleSignIn.modulemap /Users/aleks/Library/Developer/Xcode/DerivedData/PlanItApp-gkehojshtcbfvhersqwajfujohau/Build/Intermediates.noindex/GeneratedModuleMaps-iphonesimulator

Copy /Users/aleks/Library/Developer/Xcode/DerivedData/PlanItApp-gkehojshtcbfvhersqwajfujohau/Build/Intermediates.noindex/GeneratedModuleMaps-iphonesimulator/GTMAppAuth.modulemap /Users/aleks/Library/Developer/Xcode/DerivedData/PlanItApp-gkehojshtcbfvhersqwajfujohau/Build/Intermediates.noindex/GTMAppAuth.build/Debug-iphonesimulator/GTMAppAuth.build/GTMAppAuth.modulemap (in target 'GTMAppAuth' from project 'GTMAppAuth')
    cd /Users/aleks/Library/Developer/Xcode/DerivedData/PlanItApp-gkehojshtcbfvhersqwajfujohau/SourcePackages/checkouts/GTMAppAuth
    builtin-copy -exclude .DS_Store -exclude CVS -exclude .svn -exclude .git -exclude .hg -resolve-src-symlinks /Users/aleks/Library/Developer/Xcode/DerivedData/PlanItApp-gkehojshtcbfvhersqwajfujohau/Build/Intermediates.noindex/GTMAppAuth.build/Debug-iphonesimulator/GTMAppAuth.build/GTMAppAuth.modulemap /Users/aleks/Library/Developer/Xcode/DerivedData/PlanItApp-gkehojshtcbfvhersqwajfujohau/Build/Intermediates.noindex/GeneratedModuleMaps-iphonesimulator

Copy /Users/aleks/Library/Developer/Xcode/DerivedData/PlanItApp-gkehojshtcbfvhersqwajfujohau/Build/Intermediates.noindex/GeneratedModuleMaps-iphonesimulator/FirebaseCoreExtension.modulemap /Users/aleks/Library/Developer/Xcode/DerivedData/PlanItApp-gkehojshtcbfvhersqwajfujohau/Build/Intermediates.noindex/Firebase.build/Debug-iphonesimulator/FirebaseCoreExtension.build/FirebaseCoreExtension.modulemap (in target 'FirebaseCoreExtension' from project 'Firebase')
    cd /Users/aleks/Library/Developer/Xcode/DerivedData/PlanItApp-gkehojshtcbfvhersqwajfujohau/SourcePackages/checkouts/firebase-ios-sdk
    builtin-copy -exclude .DS_Store -exclude CVS -exclude .svn -exclude .git -exclude .hg -resolve-src-symlinks /Users/aleks/Library/Developer/Xcode/DerivedData/PlanItApp-gkehojshtcbfvhersqwajfujohau/Build/Intermediates.noindex/Firebase.build/Debug-iphonesimulator/FirebaseCoreExtension.build/FirebaseCoreExtension.modulemap /Users/aleks/Library/Developer/Xcode/DerivedData/PlanItApp-gkehojshtcbfvhersqwajfujohau/Build/Intermediates.noindex/GeneratedModuleMaps-iphonesimulator

Copy /Users/aleks/Library/Developer/Xcode/DerivedData/PlanItApp-gkehojshtcbfvhersqwajfujohau/Build/Intermediates.noindex/GeneratedModuleMaps-iphonesimulator/FirebaseCoreInternal.modulemap /Users/aleks/Library/Developer/Xcode/DerivedData/PlanItApp-gkehojshtcbfvhersqwajfujohau/Build/Intermediates.noindex/Firebase.build/Debug-iphonesimulator/FirebaseCoreInternal.build/FirebaseCoreInternal.modulemap (in target 'FirebaseCoreInternal' from project 'Firebase')
    cd /Users/aleks/Library/Developer/Xcode/DerivedData/PlanItApp-gkehojshtcbfvhersqwajfujohau/SourcePackages/checkouts/firebase-ios-sdk
    builtin-copy -exclude .DS_Store -exclude CVS -exclude .svn -exclude .git -exclude .hg -resolve-src-symlinks /Users/aleks/Library/Developer/Xcode/DerivedData/PlanItApp-gkehojshtcbfvhersqwajfujohau/Build/Intermediates.noindex/Firebase.build/Debug-iphonesimulator/FirebaseCoreInternal.build/FirebaseCoreInternal.modulemap /Users/aleks/Library/Developer/Xcode/DerivedData/PlanItApp-gkehojshtcbfvhersqwajfujohau/Build/Intermediates.noindex/GeneratedModuleMaps-iphonesimulator

Copy /Users/aleks/Library/Developer/Xcode/DerivedData/PlanItApp-gkehojshtcbfvhersqwajfujohau/Build/Intermediates.noindex/GeneratedModuleMaps-iphonesimulator/FirebaseCore.modulemap /Users/aleks/Library/Developer/Xcode/DerivedData/PlanItApp-gkehojshtcbfvhersqwajfujohau/Build/Intermediates.noindex/Firebase.build/Debug-iphonesimulator/FirebaseCore.build/FirebaseCore.modulemap (in target 'FirebaseCore' from project 'Firebase')
    cd /Users/aleks/Library/Developer/Xcode/DerivedData/PlanItApp-gkehojshtcbfvhersqwajfujohau/SourcePackages/checkouts/firebase-ios-sdk
    builtin-copy -exclude .DS_Store -exclude CVS -exclude .svn -exclude .git -exclude .hg -resolve-src-symlinks /Users/aleks/Library/Developer/Xcode/DerivedData/PlanItApp-gkehojshtcbfvhersqwajfujohau/Build/Intermediates.noindex/Firebase.build/Debug-iphonesimulator/FirebaseCore.build/FirebaseCore.modulemap /Users/aleks/Library/Developer/Xcode/DerivedData/PlanItApp-gkehojshtcbfvhersqwajfujohau/Build/Intermediates.noindex/GeneratedModuleMaps-iphonesimulator

Copy /Users/aleks/Library/Developer/Xcode/DerivedData/PlanItApp-gkehojshtcbfvhersqwajfujohau/Build/Intermediates.noindex/GeneratedModuleMaps-iphonesimulator/FirebaseSharedSwift.modulemap /Users/aleks/Library/Developer/Xcode/DerivedData/PlanItApp-gkehojshtcbfvhersqwajfujohau/Build/Intermediates.noindex/Firebase.build/Debug-iphonesimulator/FirebaseSharedSwift.build/FirebaseSharedSwift.modulemap (in target 'FirebaseSharedSwift' from project 'Firebase')
    cd /Users/aleks/Library/Developer/Xcode/DerivedData/PlanItApp-gkehojshtcbfvhersqwajfujohau/SourcePackages/checkouts/firebase-ios-sdk
    builtin-copy -exclude .DS_Store -exclude CVS -exclude .svn -exclude .git -exclude .hg -resolve-src-symlinks /Users/aleks/Library/Developer/Xcode/DerivedData/PlanItApp-gkehojshtcbfvhersqwajfujohau/Build/Intermediates.noindex/Firebase.build/Debug-iphonesimulator/FirebaseSharedSwift.build/FirebaseSharedSwift.modulemap /Users/aleks/Library/Developer/Xcode/DerivedData/PlanItApp-gkehojshtcbfvhersqwajfujohau/Build/Intermediates.noindex/GeneratedModuleMaps-iphonesimulator

Copy /Users/aleks/Library/Developer/Xcode/DerivedData/PlanItApp-gkehojshtcbfvhersqwajfujohau/Build/Intermediates.noindex/GeneratedModuleMaps-iphonesimulator/FirebaseAuthInterop.modulemap /Users/aleks/Library/Developer/Xcode/DerivedData/PlanItApp-gkehojshtcbfvhersqwajfujohau/Build/Intermediates.noindex/Firebase.build/Debug-iphonesimulator/FirebaseAuthInterop.build/FirebaseAuthInterop.modulemap (in target 'FirebaseAuthInterop' from project 'Firebase')
    cd /Users/aleks/Library/Developer/Xcode/DerivedData/PlanItApp-gkehojshtcbfvhersqwajfujohau/SourcePackages/checkouts/firebase-ios-sdk
    builtin-copy -exclude .DS_Store -exclude CVS -exclude .svn -exclude .git -exclude .hg -resolve-src-symlinks /Users/aleks/Library/Developer/Xcode/DerivedData/PlanItApp-gkehojshtcbfvhersqwajfujohau/Build/Intermediates.noindex/Firebase.build/Debug-iphonesimulator/FirebaseAuthInterop.build/FirebaseAuthInterop.modulemap /Users/aleks/Library/Developer/Xcode/DerivedData/PlanItApp-gkehojshtcbfvhersqwajfujohau/Build/Intermediates.noindex/GeneratedModuleMaps-iphonesimulator

Copy /Users/aleks/Library/Developer/Xcode/DerivedData/PlanItApp-gkehojshtcbfvhersqwajfujohau/Build/Intermediates.noindex/GeneratedModuleMaps-iphonesimulator/FirebaseAuthInternal.modulemap /Users/aleks/Library/Developer/Xcode/DerivedData/PlanItApp-gkehojshtcbfvhersqwajfujohau/Build/Intermediates.noindex/Firebase.build/Debug-iphonesimulator/FirebaseAuthInternal.build/FirebaseAuthInternal.modulemap (in target 'FirebaseAuthInternal' from project 'Firebase')
    cd /Users/aleks/Library/Developer/Xcode/DerivedData/PlanItApp-gkehojshtcbfvhersqwajfujohau/SourcePackages/checkouts/firebase-ios-sdk
    builtin-copy -exclude .DS_Store -exclude CVS -exclude .svn -exclude .git -exclude .hg -resolve-src-symlinks /Users/aleks/Library/Developer/Xcode/DerivedData/PlanItApp-gkehojshtcbfvhersqwajfujohau/Build/Intermediates.noindex/Firebase.build/Debug-iphonesimulator/FirebaseAuthInternal.build/FirebaseAuthInternal.modulemap /Users/aleks/Library/Developer/Xcode/DerivedData/PlanItApp-gkehojshtcbfvhersqwajfujohau/Build/Intermediates.noindex/GeneratedModuleMaps-iphonesimulator

Copy /Users/aleks/Library/Developer/Xcode/DerivedData/PlanItApp-gkehojshtcbfvhersqwajfujohau/Build/Intermediates.noindex/GeneratedModuleMaps-iphonesimulator/FirebaseAuth.modulemap /Users/aleks/Library/Developer/Xcode/DerivedData/PlanItApp-gkehojshtcbfvhersqwajfujohau/Build/Intermediates.noindex/Firebase.build/Debug-iphonesimulator/FirebaseAuth.build/FirebaseAuth.modulemap (in target 'FirebaseAuth' from project 'Firebase')
    cd /Users/aleks/Library/Developer/Xcode/DerivedData/PlanItApp-gkehojshtcbfvhersqwajfujohau/SourcePackages/checkouts/firebase-ios-sdk
    builtin-copy -exclude .DS_Store -exclude CVS -exclude .svn -exclude .git -exclude .hg -resolve-src-symlinks /Users/aleks/Library/Developer/Xcode/DerivedData/PlanItApp-gkehojshtcbfvhersqwajfujohau/Build/Intermediates.noindex/Firebase.build/Debug-iphonesimulator/FirebaseAuth.build/FirebaseAuth.modulemap /Users/aleks/Library/Developer/Xcode/DerivedData/PlanItApp-gkehojshtcbfvhersqwajfujohau/Build/Intermediates.noindex/GeneratedModuleMaps-iphonesimulator

Copy /Users/aleks/Library/Developer/Xcode/DerivedData/PlanItApp-gkehojshtcbfvhersqwajfujohau/Build/Intermediates.noindex/GeneratedModuleMaps-iphonesimulator/FirebaseAppCheckInterop.modulemap /Users/aleks/Library/Developer/Xcode/DerivedData/PlanItApp-gkehojshtcbfvhersqwajfujohau/Build/Intermediates.noindex/Firebase.build/Debug-iphonesimulator/FirebaseAppCheckInterop.build/FirebaseAppCheckInterop.modulemap (in target 'FirebaseAppCheckInterop' from project 'Firebase')
    cd /Users/aleks/Library/Developer/Xcode/DerivedData/PlanItApp-gkehojshtcbfvhersqwajfujohau/SourcePackages/checkouts/firebase-ios-sdk
    builtin-copy -exclude .DS_Store -exclude CVS -exclude .svn -exclude .git -exclude .hg -resolve-src-symlinks /Users/aleks/Library/Developer/Xcode/DerivedData/PlanItApp-gkehojshtcbfvhersqwajfujohau/Build/Intermediates.noindex/Firebase.build/Debug-iphonesimulator/FirebaseAppCheckInterop.build/FirebaseAppCheckInterop.modulemap /Users/aleks/Library/Developer/Xcode/DerivedData/PlanItApp-gkehojshtcbfvhersqwajfujohau/Build/Intermediates.noindex/GeneratedModuleMaps-iphonesimulator

Copy /Users/aleks/Library/Developer/Xcode/DerivedData/PlanItApp-gkehojshtcbfvhersqwajfujohau/Build/Intermediates.noindex/GeneratedModuleMaps-iphonesimulator/AppCheckCore.modulemap /Users/aleks/Library/Developer/Xcode/DerivedData/PlanItApp-gkehojshtcbfvhersqwajfujohau/Build/Intermediates.noindex/AppCheck.build/Debug-iphonesimulator/AppCheckCore.build/AppCheckCore.modulemap (in target 'AppCheckCore' from project 'AppCheck')
    cd /Users/aleks/Library/Developer/Xcode/DerivedData/PlanItApp-gkehojshtcbfvhersqwajfujohau/SourcePackages/checkouts/app-check
    builtin-copy -exclude .DS_Store -exclude CVS -exclude .svn -exclude .git -exclude .hg -resolve-src-symlinks /Users/aleks/Library/Developer/Xcode/DerivedData/PlanItApp-gkehojshtcbfvhersqwajfujohau/Build/Intermediates.noindex/AppCheck.build/Debug-iphonesimulator/AppCheckCore.build/AppCheckCore.modulemap /Users/aleks/Library/Developer/Xcode/DerivedData/PlanItApp-gkehojshtcbfvhersqwajfujohau/Build/Intermediates.noindex/GeneratedModuleMaps-iphonesimulator

Copy /Users/aleks/Library/Developer/Xcode/DerivedData/PlanItApp-gkehojshtcbfvhersqwajfujohau/Build/Intermediates.noindex/GeneratedModuleMaps-iphonesimulator/AppAuthCore.modulemap /Users/aleks/Library/Developer/Xcode/DerivedData/PlanItApp-gkehojshtcbfvhersqwajfujohau/Build/Intermediates.noindex/AppAuth.build/Debug-iphonesimulator/AppAuthCore.build/AppAuthCore.modulemap (in target 'AppAuthCore' from project 'AppAuth')
    cd /Users/aleks/Library/Developer/Xcode/DerivedData/PlanItApp-gkehojshtcbfvhersqwajfujohau/SourcePackages/checkouts/AppAuth-iOS
    builtin-copy -exclude .DS_Store -exclude CVS -exclude .svn -exclude .git -exclude .hg -resolve-src-symlinks /Users/aleks/Library/Developer/Xcode/DerivedData/PlanItApp-gkehojshtcbfvhersqwajfujohau/Build/Intermediates.noindex/AppAuth.build/Debug-iphonesimulator/AppAuthCore.build/AppAuthCore.modulemap /Users/aleks/Library/Developer/Xcode/DerivedData/PlanItApp-gkehojshtcbfvhersqwajfujohau/Build/Intermediates.noindex/GeneratedModuleMaps-iphonesimulator

Copy /Users/aleks/Library/Developer/Xcode/DerivedData/PlanItApp-gkehojshtcbfvhersqwajfujohau/Build/Intermediates.noindex/GeneratedModuleMaps-iphonesimulator/AppAuth.modulemap /Users/aleks/Library/Developer/Xcode/DerivedData/PlanItApp-gkehojshtcbfvhersqwajfujohau/Build/Intermediates.noindex/AppAuth.build/Debug-iphonesimulator/AppAuth.build/AppAuth.modulemap (in target 'AppAuth' from project 'AppAuth')
    cd /Users/aleks/Library/Developer/Xcode/DerivedData/PlanItApp-gkehojshtcbfvhersqwajfujohau/SourcePackages/checkouts/AppAuth-iOS
    builtin-copy -exclude .DS_Store -exclude CVS -exclude .svn -exclude .git -exclude .hg -resolve-src-symlinks /Users/aleks/Library/Developer/Xcode/DerivedData/PlanItApp-gkehojshtcbfvhersqwajfujohau/Build/Intermediates.noindex/AppAuth.build/Debug-iphonesimulator/AppAuth.build/AppAuth.modulemap /Users/aleks/Library/Developer/Xcode/DerivedData/PlanItApp-gkehojshtcbfvhersqwajfujohau/Build/Intermediates.noindex/GeneratedModuleMaps-iphonesimulator

ScanDependencies /Users/aleks/Library/Developer/Xcode/DerivedData/PlanItApp-gkehojshtcbfvhersqwajfujohau/Build/Intermediates.noindex/GoogleUtilities.build/Debug-iphonesimulator/third-party-IsAppEncrypted.build/Objects-normal/arm64/IsAppEncrypted.o /Users/aleks/Library/Developer/Xcode/DerivedData/PlanItApp-gkehojshtcbfvhersqwajfujohau/SourcePackages/checkouts/GoogleUtilities/third_party/IsAppEncrypted/IsAppEncrypted.m normal arm64 objective-c com.apple.compilers.llvm.clang.1_0.compiler (in target 'third-party-IsAppEncrypted' from project 'GoogleUtilities')
    cd /Users/aleks/Desktop/PlanItApp/PlanItApp.xcodeproj
    
    Using response file: /Users/aleks/Library/Developer/Xcode/DerivedData/PlanItApp-gkehojshtcbfvhersqwajfujohau/Build/Intermediates.noindex/GoogleUtilities.build/Debug-iphonesimulator/third-party-IsAppEncrypted.build/Objects-normal/arm64/e6072d4f65d7061329687fe24e3d63a7-common-args.resp
    
    builtin-ScanDependencies -o /Users/aleks/Library/Developer/Xcode/DerivedData/PlanItApp-gkehojshtcbfvhersqwajfujohau/Build/Intermediates.noindex/GoogleUtilities.build/Debug-iphonesimulator/third-party-IsAppEncrypted.build/Objects-normal/arm64/IsAppEncrypted.o.scan -- /Applications/Xcode.app/Contents/Developer/Toolchains/XcodeDefault.xctoolchain/usr/bin/clang -x objective-c -ivfsstatcache /Users/aleks/Library/Developer/Xcode/DerivedData/SDKStatCaches.noindex/iphonesimulator18.5-22F76-d5fc8ad4295d2ef488fb7d0f804ce0c4.sdkstatcache -fmessage-length\=0 -fdiagnostics-show-note-include-stack -fmacro-backtrace-limit\=0 -fno-color-diagnostics -fmodules-prune-interval\=86400 -fmodules-prune-after\=345600 -fbuild-session-file\=/Users/aleks/Library/Developer/Xcode/DerivedData/ModuleCache.noindex/Session.modulevalidation -fmodules-validate-once-per-build-session -Wnon-modular-include-in-framework-module -Werror\=non-modular-include-in-framework-module -Wno-trigraphs -Wno-missing-field-initializers -Wno-missing-prototypes -Wno-return-type -Wno-implicit-atomic-properties -Wno-objc-interface-ivars -Wno-arc-repeated-use-of-weak -Wno-missing-braces -Wparentheses -Wswitch -Wno-unused-function -Wno-unused-label -Wno-unused-parameter -Wno-unused-variable -Wunused-value -Wno-empty-body -Wno-uninitialized -Wno-unknown-pragmas -w -Wno-shadow -Wno-four-char-constants -Wno-conversion -Wno-constant-conversion -Wno-int-conversion -Wno-bool-conversion -Wno-enum-conversion -Wno-float-conversion -Wno-non-literal-null-conversion -Wno-objc-literal-conversion -Wshorten-64-to-32 -Wpointer-sign -Wno-newline-eof -Wno-selector -Wno-strict-selector-match -Wno-undeclared-selector -Wno-deprecated-implementations -Wno-implicit-fallthrough -fstrict-aliasing -Wprotocol -Wdeprecated-declarations -Wno-sign-conversion -Wno-infinite-recursion -Wno-comma -Wno-block-capture-autoreleasing -Wno-strict-prototypes -Wno-semicolon-before-method-body -index-store-path /Users/aleks/Library/Developer/Xcode/DerivedData/PlanItApp-gkehojshtcbfvhersqwajfujohau/Index.noindex/DataStore @/Users/aleks/Library/Developer/Xcode/DerivedData/PlanItApp-gkehojshtcbfvhersqwajfujohau/Build/Intermediates.noindex/GoogleUtilities.build/Debug-iphonesimulator/third-party-IsAppEncrypted.build/Objects-normal/arm64/e6072d4f65d7061329687fe24e3d63a7-common-args.resp -MMD -MT dependencies -MF /Users/aleks/Library/Developer/Xcode/DerivedData/PlanItApp-gkehojshtcbfvhersqwajfujohau/Build/Intermediates.noindex/GoogleUtilities.build/Debug-iphonesimulator/third-party-IsAppEncrypted.build/Objects-normal/arm64/IsAppEncrypted.d --serialize-diagnostics /Users/aleks/Library/Developer/Xcode/DerivedData/PlanItApp-gkehojshtcbfvhersqwajfujohau/Build/Intermediates.noindex/GoogleUtilities.build/Debug-iphonesimulator/third-party-IsAppEncrypted.build/Objects-normal/arm64/IsAppEncrypted.dia -c /Users/aleks/Library/Developer/Xcode/DerivedData/PlanItApp-gkehojshtcbfvhersqwajfujohau/SourcePackages/checkouts/GoogleUtilities/third_party/IsAppEncrypted/IsAppEncrypted.m -o /Users/aleks/Library/Developer/Xcode/DerivedData/PlanItApp-gkehojshtcbfvhersqwajfujohau/Build/Intermediates.noindex/GoogleUtilities.build/Debug-iphonesimulator/third-party-IsAppEncrypted.build/Objects-normal/arm64/IsAppEncrypted.o -index-unit-output-path /GoogleUtilities.build/Debug-iphonesimulator/third-party-IsAppEncrypted.build/Objects-normal/arm64/IsAppEncrypted.o

ProcessInfoPlistFile /Users/aleks/Library/Developer/Xcode/DerivedData/PlanItApp-gkehojshtcbfvhersqwajfujohau/Build/Products/Debug-iphonesimulator/gRPC_opensslWrapper.bundle/Info.plist /Users/aleks/Library/Developer/Xcode/DerivedData/PlanItApp-gkehojshtcbfvhersqwajfujohau/Build/Intermediates.noindex/gRPC.build/Debug-iphonesimulator/gRPC_opensslWrapper.build/empty-gRPC_opensslWrapper.plist (in target 'gRPC_opensslWrapper' from project 'gRPC')
    cd /Users/aleks/Library/Developer/Xcode/DerivedData/PlanItApp-gkehojshtcbfvhersqwajfujohau/SourcePackages/checkouts/grpc-binary
    builtin-infoPlistUtility /Users/aleks/Library/Developer/Xcode/DerivedData/PlanItApp-gkehojshtcbfvhersqwajfujohau/Build/Intermediates.noindex/gRPC.build/Debug-iphonesimulator/gRPC_opensslWrapper.build/empty-gRPC_opensslWrapper.plist -producttype com.apple.product-type.bundle -expandbuildsettings -format binary -platform iphonesimulator -o /Users/aleks/Library/Developer/Xcode/DerivedData/PlanItApp-gkehojshtcbfvhersqwajfujohau/Build/Products/Debug-iphonesimulator/gRPC_opensslWrapper.bundle/Info.plist

ScanDependencies /Users/aleks/Library/Developer/Xcode/DerivedData/PlanItApp-gkehojshtcbfvhersqwajfujohau/Build/Intermediates.noindex/Firebase.build/Debug-iphonesimulator/FirebaseAppCheckInterop.build/Objects-normal/arm64/dummy.o /Users/aleks/Library/Developer/Xcode/DerivedData/PlanItApp-gkehojshtcbfvhersqwajfujohau/SourcePackages/checkouts/firebase-ios-sdk/FirebaseAppCheck/Interop/dummy.m normal arm64 objective-c com.apple.compilers.llvm.clang.1_0.compiler (in target 'FirebaseAppCheckInterop' from project 'Firebase')
    cd /Users/aleks/Desktop/PlanItApp/PlanItApp.xcodeproj
    
    Using response file: /Users/aleks/Library/Developer/Xcode/DerivedData/PlanItApp-gkehojshtcbfvhersqwajfujohau/Build/Intermediates.noindex/Firebase.build/Debug-iphonesimulator/FirebaseAppCheckInterop.build/Objects-normal/arm64/e6072d4f65d7061329687fe24e3d63a7-common-args.resp
    
    builtin-ScanDependencies -o /Users/aleks/Library/Developer/Xcode/DerivedData/PlanItApp-gkehojshtcbfvhersqwajfujohau/Build/Intermediates.noindex/Firebase.build/Debug-iphonesimulator/FirebaseAppCheckInterop.build/Objects-normal/arm64/dummy.o.scan -- /Applications/Xcode.app/Contents/Developer/Toolchains/XcodeDefault.xctoolchain/usr/bin/clang -x objective-c -ivfsstatcache /Users/aleks/Library/Developer/Xcode/DerivedData/SDKStatCaches.noindex/iphonesimulator18.5-22F76-d5fc8ad4295d2ef488fb7d0f804ce0c4.sdkstatcache -fmessage-length\=0 -fdiagnostics-show-note-include-stack -fmacro-backtrace-limit\=0 -fno-color-diagnostics -fmodules-prune-interval\=86400 -fmodules-prune-after\=345600 -fbuild-session-file\=/Users/aleks/Library/Developer/Xcode/DerivedData/ModuleCache.noindex/Session.modulevalidation -fmodules-validate-once-per-build-session -Wnon-modular-include-in-framework-module -Werror\=non-modular-include-in-framework-module -Wno-trigraphs -Wno-missing-field-initializers -Wno-missing-prototypes -Wno-return-type -Wno-implicit-atomic-properties -Wno-objc-interface-ivars -Wno-arc-repeated-use-of-weak -Wno-missing-braces -Wparentheses -Wswitch -Wno-unused-function -Wno-unused-label -Wno-unused-parameter -Wno-unused-variable -Wunused-value -Wno-empty-body -Wno-uninitialized -Wno-unknown-pragmas -w -Wno-shadow -Wno-four-char-constants -Wno-conversion -Wno-constant-conversion -Wno-int-conversion -Wno-bool-conversion -Wno-enum-conversion -Wno-float-conversion -Wno-non-literal-null-conversion -Wno-objc-literal-conversion -Wshorten-64-to-32 -Wpointer-sign -Wno-newline-eof -Wno-selector -Wno-strict-selector-match -Wno-undeclared-selector -Wno-deprecated-implementations -Wno-implicit-fallthrough -fstrict-aliasing -Wprotocol -Wdeprecated-declarations -Wno-sign-conversion -Wno-infinite-recursion -Wno-comma -Wno-block-capture-autoreleasing -Wno-strict-prototypes -Wno-semicolon-before-method-body -index-store-path /Users/aleks/Library/Developer/Xcode/DerivedData/PlanItApp-gkehojshtcbfvhersqwajfujohau/Index.noindex/DataStore @/Users/aleks/Library/Developer/Xcode/DerivedData/PlanItApp-gkehojshtcbfvhersqwajfujohau/Build/Intermediates.noindex/Firebase.build/Debug-iphonesimulator/FirebaseAppCheckInterop.build/Objects-normal/arm64/e6072d4f65d7061329687fe24e3d63a7-common-args.resp -MMD -MT dependencies -MF /Users/aleks/Library/Developer/Xcode/DerivedData/PlanItApp-gkehojshtcbfvhersqwajfujohau/Build/Intermediates.noindex/Firebase.build/Debug-iphonesimulator/FirebaseAppCheckInterop.build/Objects-normal/arm64/dummy.d --serialize-diagnostics /Users/aleks/Library/Developer/Xcode/DerivedData/PlanItApp-gkehojshtcbfvhersqwajfujohau/Build/Intermediates.noindex/Firebase.build/Debug-iphonesimulator/FirebaseAppCheckInterop.build/Objects-normal/arm64/dummy.dia -c /Users/aleks/Library/Developer/Xcode/DerivedData/PlanItApp-gkehojshtcbfvhersqwajfujohau/SourcePackages/checkouts/firebase-ios-sdk/FirebaseAppCheck/Interop/dummy.m -o /Users/aleks/Library/Developer/Xcode/DerivedData/PlanItApp-gkehojshtcbfvhersqwajfujohau/Build/Intermediates.noindex/Firebase.build/Debug-iphonesimulator/FirebaseAppCheckInterop.build/Objects-normal/arm64/dummy.o -index-unit-output-path /Firebase.build/Debug-iphonesimulator/FirebaseAppCheckInterop.build/Objects-normal/arm64/dummy.o

ScanDependencies /Users/aleks/Library/Developer/Xcode/DerivedData/PlanItApp-gkehojshtcbfvhersqwajfujohau/Build/Intermediates.noindex/InteropForGoogle.build/Debug-iphonesimulator/RecaptchaInterop.build/Objects-normal/arm64/placeholder.o /Users/aleks/Library/Developer/Xcode/DerivedData/PlanItApp-gkehojshtcbfvhersqwajfujohau/SourcePackages/checkouts/interop-ios-for-google-sdks/RecaptchaEnterprise/RecaptchaInterop/placeholder.m normal arm64 objective-c com.apple.compilers.llvm.clang.1_0.compiler (in target 'RecaptchaInterop' from project 'InteropForGoogle')
    cd /Users/aleks/Desktop/PlanItApp/PlanItApp.xcodeproj
    
    Using response file: /Users/aleks/Library/Developer/Xcode/DerivedData/PlanItApp-gkehojshtcbfvhersqwajfujohau/Build/Intermediates.noindex/InteropForGoogle.build/Debug-iphonesimulator/RecaptchaInterop.build/Objects-normal/arm64/e6072d4f65d7061329687fe24e3d63a7-common-args.resp
    
    builtin-ScanDependencies -o /Users/aleks/Library/Developer/Xcode/DerivedData/PlanItApp-gkehojshtcbfvhersqwajfujohau/Build/Intermediates.noindex/InteropForGoogle.build/Debug-iphonesimulator/RecaptchaInterop.build/Objects-normal/arm64/placeholder.o.scan -- /Applications/Xcode.app/Contents/Developer/Toolchains/XcodeDefault.xctoolchain/usr/bin/clang -x objective-c -ivfsstatcache /Users/aleks/Library/Developer/Xcode/DerivedData/SDKStatCaches.noindex/iphonesimulator18.5-22F76-d5fc8ad4295d2ef488fb7d0f804ce0c4.sdkstatcache -fmessage-length\=0 -fdiagnostics-show-note-include-stack -fmacro-backtrace-limit\=0 -fno-color-diagnostics -fmodules-prune-interval\=86400 -fmodules-prune-after\=345600 -fbuild-session-file\=/Users/aleks/Library/Developer/Xcode/DerivedData/ModuleCache.noindex/Session.modulevalidation -fmodules-validate-once-per-build-session -Wnon-modular-include-in-framework-module -Werror\=non-modular-include-in-framework-module -Wno-trigraphs -Wno-missing-field-initializers -Wno-missing-prototypes -Wno-return-type -Wno-implicit-atomic-properties -Wno-objc-interface-ivars -Wno-arc-repeated-use-of-weak -Wno-missing-braces -Wparentheses -Wswitch -Wno-unused-function -Wno-unused-label -Wno-unused-parameter -Wno-unused-variable -Wunused-value -Wno-empty-body -Wno-uninitialized -Wno-unknown-pragmas -w -Wno-shadow -Wno-four-char-constants -Wno-conversion -Wno-constant-conversion -Wno-int-conversion -Wno-bool-conversion -Wno-enum-conversion -Wno-float-conversion -Wno-non-literal-null-conversion -Wno-objc-literal-conversion -Wshorten-64-to-32 -Wpointer-sign -Wno-newline-eof -Wno-selector -Wno-strict-selector-match -Wno-undeclared-selector -Wno-deprecated-implementations -Wno-implicit-fallthrough -fstrict-aliasing -Wprotocol -Wdeprecated-declarations -Wno-sign-conversion -Wno-infinite-recursion -Wno-comma -Wno-block-capture-autoreleasing -Wno-strict-prototypes -Wno-semicolon-before-method-body -index-store-path /Users/aleks/Library/Developer/Xcode/DerivedData/PlanItApp-gkehojshtcbfvhersqwajfujohau/Index.noindex/DataStore @/Users/aleks/Library/Developer/Xcode/DerivedData/PlanItApp-gkehojshtcbfvhersqwajfujohau/Build/Intermediates.noindex/InteropForGoogle.build/Debug-iphonesimulator/RecaptchaInterop.build/Objects-normal/arm64/e6072d4f65d7061329687fe24e3d63a7-common-args.resp -MMD -MT dependencies -MF /Users/aleks/Library/Developer/Xcode/DerivedData/PlanItApp-gkehojshtcbfvhersqwajfujohau/Build/Intermediates.noindex/InteropForGoogle.build/Debug-iphonesimulator/RecaptchaInterop.build/Objects-normal/arm64/placeholder.d --serialize-diagnostics /Users/aleks/Library/Developer/Xcode/DerivedData/PlanItApp-gkehojshtcbfvhersqwajfujohau/Build/Intermediates.noindex/InteropForGoogle.build/Debug-iphonesimulator/RecaptchaInterop.build/Objects-normal/arm64/placeholder.dia -c /Users/aleks/Library/Developer/Xcode/DerivedData/PlanItApp-gkehojshtcbfvhersqwajfujohau/SourcePackages/checkouts/interop-ios-for-google-sdks/RecaptchaEnterprise/RecaptchaInterop/placeholder.m -o /Users/aleks/Library/Developer/Xcode/DerivedData/PlanItApp-gkehojshtcbfvhersqwajfujohau/Build/Intermediates.noindex/InteropForGoogle.build/Debug-iphonesimulator/RecaptchaInterop.build/Objects-normal/arm64/placeholder.o -index-unit-output-path /InteropForGoogle.build/Debug-iphonesimulator/RecaptchaInterop.build/Objects-normal/arm64/placeholder.o

CpResource /Users/aleks/Library/Developer/Xcode/DerivedData/PlanItApp-gkehojshtcbfvhersqwajfujohau/Build/Products/Debug-iphonesimulator/gRPC_opensslWrapper.bundle/PrivacyInfo.xcprivacy /Users/aleks/Library/Developer/Xcode/DerivedData/PlanItApp-gkehojshtcbfvhersqwajfujohau/SourcePackages/checkouts/grpc-binary/openssl-grpc-Wrapper/Resources/PrivacyInfo.xcprivacy (in target 'gRPC_opensslWrapper' from project 'gRPC')
    cd /Users/aleks/Library/Developer/Xcode/DerivedData/PlanItApp-gkehojshtcbfvhersqwajfujohau/SourcePackages/checkouts/grpc-binary
    builtin-copy -exclude .DS_Store -exclude CVS -exclude .svn -exclude .git -exclude .hg -resolve-src-symlinks /Users/aleks/Library/Developer/Xcode/DerivedData/PlanItApp-gkehojshtcbfvhersqwajfujohau/SourcePackages/checkouts/grpc-binary/openssl-grpc-Wrapper/Resources/PrivacyInfo.xcprivacy /Users/aleks/Library/Developer/Xcode/DerivedData/PlanItApp-gkehojshtcbfvhersqwajfujohau/Build/Products/Debug-iphonesimulator/gRPC_opensslWrapper.bundle

ScanDependencies /Users/aleks/Library/Developer/Xcode/DerivedData/PlanItApp-gkehojshtcbfvhersqwajfujohau/Build/Intermediates.noindex/Firebase.build/Debug-iphonesimulator/FirebaseAuthInterop.build/Objects-normal/arm64/dummy.o /Users/aleks/Library/Developer/Xcode/DerivedData/PlanItApp-gkehojshtcbfvhersqwajfujohau/SourcePackages/checkouts/firebase-ios-sdk/FirebaseAuth/Interop/dummy.m normal arm64 objective-c com.apple.compilers.llvm.clang.1_0.compiler (in target 'FirebaseAuthInterop' from project 'Firebase')
    cd /Users/aleks/Desktop/PlanItApp/PlanItApp.xcodeproj
    
    Using response file: /Users/aleks/Library/Developer/Xcode/DerivedData/PlanItApp-gkehojshtcbfvhersqwajfujohau/Build/Intermediates.noindex/Firebase.build/Debug-iphonesimulator/FirebaseAuthInterop.build/Objects-normal/arm64/e6072d4f65d7061329687fe24e3d63a7-common-args.resp
    
    builtin-ScanDependencies -o /Users/aleks/Library/Developer/Xcode/DerivedData/PlanItApp-gkehojshtcbfvhersqwajfujohau/Build/Intermediates.noindex/Firebase.build/Debug-iphonesimulator/FirebaseAuthInterop.build/Objects-normal/arm64/dummy.o.scan -- /Applications/Xcode.app/Contents/Developer/Toolchains/XcodeDefault.xctoolchain/usr/bin/clang -x objective-c -ivfsstatcache /Users/aleks/Library/Developer/Xcode/DerivedData/SDKStatCaches.noindex/iphonesimulator18.5-22F76-d5fc8ad4295d2ef488fb7d0f804ce0c4.sdkstatcache -fmessage-length\=0 -fdiagnostics-show-note-include-stack -fmacro-backtrace-limit\=0 -fno-color-diagnostics -fmodules-prune-interval\=86400 -fmodules-prune-after\=345600 -fbuild-session-file\=/Users/aleks/Library/Developer/Xcode/DerivedData/ModuleCache.noindex/Session.modulevalidation -fmodules-validate-once-per-build-session -Wnon-modular-include-in-framework-module -Werror\=non-modular-include-in-framework-module -Wno-trigraphs -Wno-missing-field-initializers -Wno-missing-prototypes -Wno-return-type -Wno-implicit-atomic-properties -Wno-objc-interface-ivars -Wno-arc-repeated-use-of-weak -Wno-missing-braces -Wparentheses -Wswitch -Wno-unused-function -Wno-unused-label -Wno-unused-parameter -Wno-unused-variable -Wunused-value -Wno-empty-body -Wno-uninitialized -Wno-unknown-pragmas -w -Wno-shadow -Wno-four-char-constants -Wno-conversion -Wno-constant-conversion -Wno-int-conversion -Wno-bool-conversion -Wno-enum-conversion -Wno-float-conversion -Wno-non-literal-null-conversion -Wno-objc-literal-conversion -Wshorten-64-to-32 -Wpointer-sign -Wno-newline-eof -Wno-selector -Wno-strict-selector-match -Wno-undeclared-selector -Wno-deprecated-implementations -Wno-implicit-fallthrough -fstrict-aliasing -Wprotocol -Wdeprecated-declarations -Wno-sign-conversion -Wno-infinite-recursion -Wno-comma -Wno-block-capture-autoreleasing -Wno-strict-prototypes -Wno-semicolon-before-method-body -index-store-path /Users/aleks/Library/Developer/Xcode/DerivedData/PlanItApp-gkehojshtcbfvhersqwajfujohau/Index.noindex/DataStore @/Users/aleks/Library/Developer/Xcode/DerivedData/PlanItApp-gkehojshtcbfvhersqwajfujohau/Build/Intermediates.noindex/Firebase.build/Debug-iphonesimulator/FirebaseAuthInterop.build/Objects-normal/arm64/e6072d4f65d7061329687fe24e3d63a7-common-args.resp -MMD -MT dependencies -MF /Users/aleks/Library/Developer/Xcode/DerivedData/PlanItApp-gkehojshtcbfvhersqwajfujohau/Build/Intermediates.noindex/Firebase.build/Debug-iphonesimulator/FirebaseAuthInterop.build/Objects-normal/arm64/dummy.d --serialize-diagnostics /Users/aleks/Library/Developer/Xcode/DerivedData/PlanItApp-gkehojshtcbfvhersqwajfujohau/Build/Intermediates.noindex/Firebase.build/Debug-iphonesimulator/FirebaseAuthInterop.build/Objects-normal/arm64/dummy.dia -c /Users/aleks/Library/Developer/Xcode/DerivedData/PlanItApp-gkehojshtcbfvhersqwajfujohau/SourcePackages/checkouts/firebase-ios-sdk/FirebaseAuth/Interop/dummy.m -o /Users/aleks/Library/Developer/Xcode/DerivedData/PlanItApp-gkehojshtcbfvhersqwajfujohau/Build/Intermediates.noindex/Firebase.build/Debug-iphonesimulator/FirebaseAuthInterop.build/Objects-normal/arm64/dummy.o -index-unit-output-path /Firebase.build/Debug-iphonesimulator/FirebaseAuthInterop.build/Objects-normal/arm64/dummy.o

ScanDependencies /Users/aleks/Library/Developer/Xcode/DerivedData/PlanItApp-gkehojshtcbfvhersqwajfujohau/Build/Intermediates.noindex/Firebase.build/Debug-iphonesimulator/Firebase.build/Objects-normal/arm64/dummy.o /Users/aleks/Library/Developer/Xcode/DerivedData/PlanItApp-gkehojshtcbfvhersqwajfujohau/SourcePackages/checkouts/firebase-ios-sdk/CoreOnly/Sources/dummy.m normal arm64 objective-c com.apple.compilers.llvm.clang.1_0.compiler (in target 'Firebase' from project 'Firebase')
    cd /Users/aleks/Desktop/PlanItApp/PlanItApp.xcodeproj
    
    Using response file: /Users/aleks/Library/Developer/Xcode/DerivedData/PlanItApp-gkehojshtcbfvhersqwajfujohau/Build/Intermediates.noindex/Firebase.build/Debug-iphonesimulator/Firebase.build/Objects-normal/arm64/e6072d4f65d7061329687fe24e3d63a7-common-args.resp
    
    builtin-ScanDependencies -o /Users/aleks/Library/Developer/Xcode/DerivedData/PlanItApp-gkehojshtcbfvhersqwajfujohau/Build/Intermediates.noindex/Firebase.build/Debug-iphonesimulator/Firebase.build/Objects-normal/arm64/dummy.o.scan -- /Applications/Xcode.app/Contents/Developer/Toolchains/XcodeDefault.xctoolchain/usr/bin/clang -x objective-c -ivfsstatcache /Users/aleks/Library/Developer/Xcode/DerivedData/SDKStatCaches.noindex/iphonesimulator18.5-22F76-d5fc8ad4295d2ef488fb7d0f804ce0c4.sdkstatcache -fmessage-length\=0 -fdiagnostics-show-note-include-stack -fmacro-backtrace-limit\=0 -fno-color-diagnostics -fmodules-prune-interval\=86400 -fmodules-prune-after\=345600 -fbuild-session-file\=/Users/aleks/Library/Developer/Xcode/DerivedData/ModuleCache.noindex/Session.modulevalidation -fmodules-validate-once-per-build-session -Wnon-modular-include-in-framework-module -Werror\=non-modular-include-in-framework-module -Wno-trigraphs -Wno-missing-field-initializers -Wno-missing-prototypes -Wno-return-type -Wno-implicit-atomic-properties -Wno-objc-interface-ivars -Wno-arc-repeated-use-of-weak -Wno-missing-braces -Wparentheses -Wswitch -Wno-unused-function -Wno-unused-label -Wno-unused-parameter -Wno-unused-variable -Wunused-value -Wno-empty-body -Wno-uninitialized -Wno-unknown-pragmas -w -Wno-shadow -Wno-four-char-constants -Wno-conversion -Wno-constant-conversion -Wno-int-conversion -Wno-bool-conversion -Wno-enum-conversion -Wno-float-conversion -Wno-non-literal-null-conversion -Wno-objc-literal-conversion -Wshorten-64-to-32 -Wpointer-sign -Wno-newline-eof -Wno-selector -Wno-strict-selector-match -Wno-undeclared-selector -Wno-deprecated-implementations -Wno-implicit-fallthrough -fstrict-aliasing -Wprotocol -Wdeprecated-declarations -Wno-sign-conversion -Wno-infinite-recursion -Wno-comma -Wno-block-capture-autoreleasing -Wno-strict-prototypes -Wno-semicolon-before-method-body -index-store-path /Users/aleks/Library/Developer/Xcode/DerivedData/PlanItApp-gkehojshtcbfvhersqwajfujohau/Index.noindex/DataStore @/Users/aleks/Library/Developer/Xcode/DerivedData/PlanItApp-gkehojshtcbfvhersqwajfujohau/Build/Intermediates.noindex/Firebase.build/Debug-iphonesimulator/Firebase.build/Objects-normal/arm64/e6072d4f65d7061329687fe24e3d63a7-common-args.resp -MMD -MT dependencies -MF /Users/aleks/Library/Developer/Xcode/DerivedData/PlanItApp-gkehojshtcbfvhersqwajfujohau/Build/Intermediates.noindex/Firebase.build/Debug-iphonesimulator/Firebase.build/Objects-normal/arm64/dummy.d --serialize-diagnostics /Users/aleks/Library/Developer/Xcode/DerivedData/PlanItApp-gkehojshtcbfvhersqwajfujohau/Build/Intermediates.noindex/Firebase.build/Debug-iphonesimulator/Firebase.build/Objects-normal/arm64/dummy.dia -c /Users/aleks/Library/Developer/Xcode/DerivedData/PlanItApp-gkehojshtcbfvhersqwajfujohau/SourcePackages/checkouts/firebase-ios-sdk/CoreOnly/Sources/dummy.m -o /Users/aleks/Library/Developer/Xcode/DerivedData/PlanItApp-gkehojshtcbfvhersqwajfujohau/Build/Intermediates.noindex/Firebase.build/Debug-iphonesimulator/Firebase.build/Objects-normal/arm64/dummy.o -index-unit-output-path /Firebase.build/Debug-iphonesimulator/Firebase.build/Objects-normal/arm64/dummy.o

SwiftDriver FirebaseSharedSwift normal arm64 com.apple.xcode.tools.swift.compiler (in target 'FirebaseSharedSwift' from project 'Firebase')
    cd /Users/aleks/Desktop/PlanItApp/PlanItApp.xcodeproj
    builtin-SwiftDriver -- /Applications/Xcode.app/Contents/Developer/Toolchains/XcodeDefault.xctoolchain/usr/bin/swiftc -module-name FirebaseSharedSwift -Onone -enforce-exclusivity\=checked @/Users/aleks/Library/Developer/Xcode/DerivedData/PlanItApp-gkehojshtcbfvhersqwajfujohau/Build/Intermediates.noindex/Firebase.build/Debug-iphonesimulator/FirebaseSharedSwift.build/Objects-normal/arm64/FirebaseSharedSwift.SwiftFileList -DSWIFT_PACKAGE -DDEBUG -DXcode -plugin-path /Applications/Xcode.app/Contents/Developer/Toolchains/XcodeDefault.xctoolchain/usr/lib/swift/host/plugins/testing -enable-experimental-feature DebugDescriptionMacro -sdk /Applications/Xcode.app/Contents/Developer/Platforms/iPhoneSimulator.platform/Developer/SDKs/iPhoneSimulator18.5.sdk -target arm64-apple-ios12.0-simulator -g -module-cache-path /Users/aleks/Library/Developer/Xcode/DerivedData/ModuleCache.noindex -Xfrontend -serialize-debugging-options -profile-coverage-mapping -profile-generate -enable-testing -suppress-warnings -index-store-path /Users/aleks/Library/Developer/Xcode/DerivedData/PlanItApp-gkehojshtcbfvhersqwajfujohau/Index.noindex/DataStore -swift-version 5 -I /Users/aleks/Library/Developer/Xcode/DerivedData/PlanItApp-gkehojshtcbfvhersqwajfujohau/Build/Products/Debug-iphonesimulator -I /Applications/Xcode.app/Contents/Developer/Platforms/iPhoneSimulator.platform/Developer/usr/lib -F /Users/aleks/Library/Developer/Xcode/DerivedData/PlanItApp-gkehojshtcbfvhersqwajfujohau/Build/Products/Debug-iphonesimulator -F /Applications/Xcode.app/Contents/Developer/Platforms/iPhoneSimulator.platform/Developer/Library/Frameworks -F /Applications/Xcode.app/Contents/Developer/Platforms/iPhoneSimulator.platform/Developer/SDKs/iPhoneSimulator18.5.sdk/Developer/Library/Frameworks -c -j10 -enable-batch-mode -incremental -Xcc -ivfsstatcache -Xcc /Users/aleks/Library/Developer/Xcode/DerivedData/SDKStatCaches.noindex/iphonesimulator18.5-22F76-d5fc8ad4295d2ef488fb7d0f804ce0c4.sdkstatcache -output-file-map /Users/aleks/Library/Developer/Xcode/DerivedData/PlanItApp-gkehojshtcbfvhersqwajfujohau/Build/Intermediates.noindex/Firebase.build/Debug-iphonesimulator/FirebaseSharedSwift.build/Objects-normal/arm64/FirebaseSharedSwift-OutputFileMap.json -use-frontend-parseable-output -save-temps -no-color-diagnostics -serialize-diagnostics -emit-dependencies -emit-module -emit-module-path /Users/aleks/Library/Developer/Xcode/DerivedData/PlanItApp-gkehojshtcbfvhersqwajfujohau/Build/Intermediates.noindex/Firebase.build/Debug-iphonesimulator/FirebaseSharedSwift.build/Objects-normal/arm64/FirebaseSharedSwift.swiftmodule -validate-clang-modules-once -clang-build-session-file /Users/aleks/Library/Developer/Xcode/DerivedData/ModuleCache.noindex/Session.modulevalidation -package-name firebase_ios_sdk -Xcc -I/Users/aleks/Library/Developer/Xcode/DerivedData/PlanItApp-gkehojshtcbfvhersqwajfujohau/Build/Intermediates.noindex/Firebase.build/Debug-iphonesimulator/FirebaseSharedSwift.build/swift-overrides.hmap -emit-const-values -Xfrontend -const-gather-protocols-file -Xfrontend /Users/aleks/Library/Developer/Xcode/DerivedData/PlanItApp-gkehojshtcbfvhersqwajfujohau/Build/Intermediates.noindex/Firebase.build/Debug-iphonesimulator/FirebaseSharedSwift.build/Objects-normal/arm64/FirebaseSharedSwift_const_extract_protocols.json -Xcc -I/Users/aleks/Library/Developer/Xcode/DerivedData/PlanItApp-gkehojshtcbfvhersqwajfujohau/Build/Products/Debug-iphonesimulator/include -Xcc -I/Users/aleks/Library/Developer/Xcode/DerivedData/PlanItApp-gkehojshtcbfvhersqwajfujohau/Build/Intermediates.noindex/Firebase.build/Debug-iphonesimulator/FirebaseSharedSwift.build/DerivedSources-normal/arm64 -Xcc -I/Users/aleks/Library/Developer/Xcode/DerivedData/PlanItApp-gkehojshtcbfvhersqwajfujohau/Build/Intermediates.noindex/Firebase.build/Debug-iphonesimulator/FirebaseSharedSwift.build/DerivedSources/arm64 -Xcc -I/Users/aleks/Library/Developer/Xcode/DerivedData/PlanItApp-gkehojshtcbfvhersqwajfujohau/Build/Intermediates.noindex/Firebase.build/Debug-iphonesimulator/FirebaseSharedSwift.build/DerivedSources -Xcc -DSWIFT_PACKAGE -Xcc -DDEBUG\=1 -emit-objc-header -emit-objc-header-path /Users/aleks/Library/Developer/Xcode/DerivedData/PlanItApp-gkehojshtcbfvhersqwajfujohau/Build/Intermediates.noindex/Firebase.build/Debug-iphonesimulator/FirebaseSharedSwift.build/Objects-normal/arm64/FirebaseSharedSwift-Swift.h -working-directory /Users/aleks/Desktop/PlanItApp/PlanItApp.xcodeproj -experimental-emit-module-separately -disable-cmo

ProcessInfoPlistFile /Users/aleks/Library/Developer/Xcode/DerivedData/PlanItApp-gkehojshtcbfvhersqwajfujohau/Build/Products/Debug-iphonesimulator/leveldb_leveldb.bundle/Info.plist /Users/aleks/Library/Developer/Xcode/DerivedData/PlanItApp-gkehojshtcbfvhersqwajfujohau/Build/Intermediates.noindex/leveldb.build/Debug-iphonesimulator/leveldb_leveldb.build/empty-leveldb_leveldb.plist (in target 'leveldb_leveldb' from project 'leveldb')
    cd /Users/aleks/Library/Developer/Xcode/DerivedData/PlanItApp-gkehojshtcbfvhersqwajfujohau/SourcePackages/checkouts/leveldb
    builtin-infoPlistUtility /Users/aleks/Library/Developer/Xcode/DerivedData/PlanItApp-gkehojshtcbfvhersqwajfujohau/Build/Intermediates.noindex/leveldb.build/Debug-iphonesimulator/leveldb_leveldb.build/empty-leveldb_leveldb.plist -producttype com.apple.product-type.bundle -expandbuildsettings -format binary -platform iphonesimulator -o /Users/aleks/Library/Developer/Xcode/DerivedData/PlanItApp-gkehojshtcbfvhersqwajfujohau/Build/Products/Debug-iphonesimulator/leveldb_leveldb.bundle/Info.plist

ProcessInfoPlistFile /Users/aleks/Library/Developer/Xcode/DerivedData/PlanItApp-gkehojshtcbfvhersqwajfujohau/Build/Products/Debug-iphonesimulator/nanopb_nanopb.bundle/Info.plist /Users/aleks/Library/Developer/Xcode/DerivedData/PlanItApp-gkehojshtcbfvhersqwajfujohau/Build/Intermediates.noindex/nanopb.build/Debug-iphonesimulator/nanopb_nanopb.build/empty-nanopb_nanopb.plist (in target 'nanopb_nanopb' from project 'nanopb')
    cd /Users/aleks/Library/Developer/Xcode/DerivedData/PlanItApp-gkehojshtcbfvhersqwajfujohau/SourcePackages/checkouts/nanopb
    builtin-infoPlistUtility /Users/aleks/Library/Developer/Xcode/DerivedData/PlanItApp-gkehojshtcbfvhersqwajfujohau/Build/Intermediates.noindex/nanopb.build/Debug-iphonesimulator/nanopb_nanopb.build/empty-nanopb_nanopb.plist -producttype com.apple.product-type.bundle -expandbuildsettings -format binary -platform iphonesimulator -o /Users/aleks/Library/Developer/Xcode/DerivedData/PlanItApp-gkehojshtcbfvhersqwajfujohau/Build/Products/Debug-iphonesimulator/nanopb_nanopb.bundle/Info.plist

CpResource /Users/aleks/Library/Developer/Xcode/DerivedData/PlanItApp-gkehojshtcbfvhersqwajfujohau/Build/Products/Debug-iphonesimulator/leveldb_leveldb.bundle/PrivacyInfo.xcprivacy /Users/aleks/Library/Developer/Xcode/DerivedData/PlanItApp-gkehojshtcbfvhersqwajfujohau/SourcePackages/checkouts/leveldb/Resources/PrivacyInfo.xcprivacy (in target 'leveldb_leveldb' from project 'leveldb')
    cd /Users/aleks/Library/Developer/Xcode/DerivedData/PlanItApp-gkehojshtcbfvhersqwajfujohau/SourcePackages/checkouts/leveldb
    builtin-copy -exclude .DS_Store -exclude CVS -exclude .svn -exclude .git -exclude .hg -resolve-src-symlinks /Users/aleks/Library/Developer/Xcode/DerivedData/PlanItApp-gkehojshtcbfvhersqwajfujohau/SourcePackages/checkouts/leveldb/Resources/PrivacyInfo.xcprivacy /Users/aleks/Library/Developer/Xcode/DerivedData/PlanItApp-gkehojshtcbfvhersqwajfujohau/Build/Products/Debug-iphonesimulator/leveldb_leveldb.bundle

CpResource /Users/aleks/Library/Developer/Xcode/DerivedData/PlanItApp-gkehojshtcbfvhersqwajfujohau/Build/Products/Debug-iphonesimulator/nanopb_nanopb.bundle/PrivacyInfo.xcprivacy /Users/aleks/Library/Developer/Xcode/DerivedData/PlanItApp-gkehojshtcbfvhersqwajfujohau/SourcePackages/checkouts/nanopb/spm_resources/PrivacyInfo.xcprivacy (in target 'nanopb_nanopb' from project 'nanopb')
    cd /Users/aleks/Library/Developer/Xcode/DerivedData/PlanItApp-gkehojshtcbfvhersqwajfujohau/SourcePackages/checkouts/nanopb
    builtin-copy -exclude .DS_Store -exclude CVS -exclude .svn -exclude .git -exclude .hg -resolve-src-symlinks /Users/aleks/Library/Developer/Xcode/DerivedData/PlanItApp-gkehojshtcbfvhersqwajfujohau/SourcePackages/checkouts/nanopb/spm_resources/PrivacyInfo.xcprivacy /Users/aleks/Library/Developer/Xcode/DerivedData/PlanItApp-gkehojshtcbfvhersqwajfujohau/Build/Products/Debug-iphonesimulator/nanopb_nanopb.bundle

ProcessInfoPlistFile /Users/aleks/Library/Developer/Xcode/DerivedData/PlanItApp-gkehojshtcbfvhersqwajfujohau/Build/Products/Debug-iphonesimulator/gRPC_grpcppWrapper.bundle/Info.plist /Users/aleks/Library/Developer/Xcode/DerivedData/PlanItApp-gkehojshtcbfvhersqwajfujohau/Build/Intermediates.noindex/gRPC.build/Debug-iphonesimulator/gRPC_grpcppWrapper.build/empty-gRPC_grpcppWrapper.plist (in target 'gRPC_grpcppWrapper' from project 'gRPC')
    cd /Users/aleks/Library/Developer/Xcode/DerivedData/PlanItApp-gkehojshtcbfvhersqwajfujohau/SourcePackages/checkouts/grpc-binary
    builtin-infoPlistUtility /Users/aleks/Library/Developer/Xcode/DerivedData/PlanItApp-gkehojshtcbfvhersqwajfujohau/Build/Intermediates.noindex/gRPC.build/Debug-iphonesimulator/gRPC_grpcppWrapper.build/empty-gRPC_grpcppWrapper.plist -producttype com.apple.product-type.bundle -expandbuildsettings -format binary -platform iphonesimulator -o /Users/aleks/Library/Developer/Xcode/DerivedData/PlanItApp-gkehojshtcbfvhersqwajfujohau/Build/Products/Debug-iphonesimulator/gRPC_grpcppWrapper.bundle/Info.plist

CpResource /Users/aleks/Library/Developer/Xcode/DerivedData/PlanItApp-gkehojshtcbfvhersqwajfujohau/Build/Products/Debug-iphonesimulator/gRPC_grpcppWrapper.bundle/PrivacyInfo.xcprivacy /Users/aleks/Library/Developer/Xcode/DerivedData/PlanItApp-gkehojshtcbfvhersqwajfujohau/SourcePackages/checkouts/grpc-binary/grpcpp-Wrapper/Resources/PrivacyInfo.xcprivacy (in target 'gRPC_grpcppWrapper' from project 'gRPC')
    cd /Users/aleks/Library/Developer/Xcode/DerivedData/PlanItApp-gkehojshtcbfvhersqwajfujohau/SourcePackages/checkouts/grpc-binary
    builtin-copy -exclude .DS_Store -exclude CVS -exclude .svn -exclude .git -exclude .hg -resolve-src-symlinks /Users/aleks/Library/Developer/Xcode/DerivedData/PlanItApp-gkehojshtcbfvhersqwajfujohau/SourcePackages/checkouts/grpc-binary/grpcpp-Wrapper/Resources/PrivacyInfo.xcprivacy /Users/aleks/Library/Developer/Xcode/DerivedData/PlanItApp-gkehojshtcbfvhersqwajfujohau/Build/Products/Debug-iphonesimulator/gRPC_grpcppWrapper.bundle

ProcessInfoPlistFile /Users/aleks/Library/Developer/Xcode/DerivedData/PlanItApp-gkehojshtcbfvhersqwajfujohau/Build/Products/Debug-iphonesimulator/abseil_abslWrapper.bundle/Info.plist /Users/aleks/Library/Developer/Xcode/DerivedData/PlanItApp-gkehojshtcbfvhersqwajfujohau/Build/Intermediates.noindex/abseil.build/Debug-iphonesimulator/abseil_abslWrapper.build/empty-abseil_abslWrapper.plist (in target 'abseil_abslWrapper' from project 'abseil')
    cd /Users/aleks/Library/Developer/Xcode/DerivedData/PlanItApp-gkehojshtcbfvhersqwajfujohau/SourcePackages/checkouts/abseil-cpp-binary
    builtin-infoPlistUtility /Users/aleks/Library/Developer/Xcode/DerivedData/PlanItApp-gkehojshtcbfvhersqwajfujohau/Build/Intermediates.noindex/abseil.build/Debug-iphonesimulator/abseil_abslWrapper.build/empty-abseil_abslWrapper.plist -producttype com.apple.product-type.bundle -expandbuildsettings -format binary -platform iphonesimulator -o /Users/aleks/Library/Developer/Xcode/DerivedData/PlanItApp-gkehojshtcbfvhersqwajfujohau/Build/Products/Debug-iphonesimulator/abseil_abslWrapper.bundle/Info.plist

ProcessInfoPlistFile /Users/aleks/Library/Developer/Xcode/DerivedData/PlanItApp-gkehojshtcbfvhersqwajfujohau/Build/Products/Debug-iphonesimulator/gRPC_grpcWrapper.bundle/Info.plist /Users/aleks/Library/Developer/Xcode/DerivedData/PlanItApp-gkehojshtcbfvhersqwajfujohau/Build/Intermediates.noindex/gRPC.build/Debug-iphonesimulator/gRPC_grpcWrapper.build/empty-gRPC_grpcWrapper.plist (in target 'gRPC_grpcWrapper' from project 'gRPC')
    cd /Users/aleks/Library/Developer/Xcode/DerivedData/PlanItApp-gkehojshtcbfvhersqwajfujohau/SourcePackages/checkouts/grpc-binary
    builtin-infoPlistUtility /Users/aleks/Library/Developer/Xcode/DerivedData/PlanItApp-gkehojshtcbfvhersqwajfujohau/Build/Intermediates.noindex/gRPC.build/Debug-iphonesimulator/gRPC_grpcWrapper.build/empty-gRPC_grpcWrapper.plist -producttype com.apple.product-type.bundle -expandbuildsettings -format binary -platform iphonesimulator -o /Users/aleks/Library/Developer/Xcode/DerivedData/PlanItApp-gkehojshtcbfvhersqwajfujohau/Build/Products/Debug-iphonesimulator/gRPC_grpcWrapper.bundle/Info.plist

CpResource /Users/aleks/Library/Developer/Xcode/DerivedData/PlanItApp-gkehojshtcbfvhersqwajfujohau/Build/Products/Debug-iphonesimulator/gRPC_grpcWrapper.bundle/PrivacyInfo.xcprivacy /Users/aleks/Library/Developer/Xcode/DerivedData/PlanItApp-gkehojshtcbfvhersqwajfujohau/SourcePackages/checkouts/grpc-binary/grpc-Wrapper/Resources/PrivacyInfo.xcprivacy (in target 'gRPC_grpcWrapper' from project 'gRPC')
    cd /Users/aleks/Library/Developer/Xcode/DerivedData/PlanItApp-gkehojshtcbfvhersqwajfujohau/SourcePackages/checkouts/grpc-binary
    builtin-copy -exclude .DS_Store -exclude CVS -exclude .svn -exclude .git -exclude .hg -resolve-src-symlinks /Users/aleks/Library/Developer/Xcode/DerivedData/PlanItApp-gkehojshtcbfvhersqwajfujohau/SourcePackages/checkouts/grpc-binary/grpc-Wrapper/Resources/PrivacyInfo.xcprivacy /Users/aleks/Library/Developer/Xcode/DerivedData/PlanItApp-gkehojshtcbfvhersqwajfujohau/Build/Products/Debug-iphonesimulator/gRPC_grpcWrapper.bundle

CpResource /Users/aleks/Library/Developer/Xcode/DerivedData/PlanItApp-gkehojshtcbfvhersqwajfujohau/Build/Products/Debug-iphonesimulator/abseil_abslWrapper.bundle/PrivacyInfo.xcprivacy /Users/aleks/Library/Developer/Xcode/DerivedData/PlanItApp-gkehojshtcbfvhersqwajfujohau/SourcePackages/checkouts/abseil-cpp-binary/absl-Wrapper/Resources/PrivacyInfo.xcprivacy (in target 'abseil_abslWrapper' from project 'abseil')
    cd /Users/aleks/Library/Developer/Xcode/DerivedData/PlanItApp-gkehojshtcbfvhersqwajfujohau/SourcePackages/checkouts/abseil-cpp-binary
    builtin-copy -exclude .DS_Store -exclude CVS -exclude .svn -exclude .git -exclude .hg -resolve-src-symlinks /Users/aleks/Library/Developer/Xcode/DerivedData/PlanItApp-gkehojshtcbfvhersqwajfujohau/SourcePackages/checkouts/abseil-cpp-binary/absl-Wrapper/Resources/PrivacyInfo.xcprivacy /Users/aleks/Library/Developer/Xcode/DerivedData/PlanItApp-gkehojshtcbfvhersqwajfujohau/Build/Products/Debug-iphonesimulator/abseil_abslWrapper.bundle

ProcessInfoPlistFile /Users/aleks/Library/Developer/Xcode/DerivedData/PlanItApp-gkehojshtcbfvhersqwajfujohau/Build/Products/Debug-iphonesimulator/Promises_FBLPromises.bundle/Info.plist /Users/aleks/Library/Developer/Xcode/DerivedData/PlanItApp-gkehojshtcbfvhersqwajfujohau/Build/Intermediates.noindex/Promises.build/Debug-iphonesimulator/Promises_FBLPromises.build/empty-Promises_FBLPromises.plist (in target 'Promises_FBLPromises' from project 'Promises')
    cd /Users/aleks/Library/Developer/Xcode/DerivedData/PlanItApp-gkehojshtcbfvhersqwajfujohau/SourcePackages/checkouts/promises
    builtin-infoPlistUtility /Users/aleks/Library/Developer/Xcode/DerivedData/PlanItApp-gkehojshtcbfvhersqwajfujohau/Build/Intermediates.noindex/Promises.build/Debug-iphonesimulator/Promises_FBLPromises.build/empty-Promises_FBLPromises.plist -producttype com.apple.product-type.bundle -expandbuildsettings -format binary -platform iphonesimulator -o /Users/aleks/Library/Developer/Xcode/DerivedData/PlanItApp-gkehojshtcbfvhersqwajfujohau/Build/Products/Debug-iphonesimulator/Promises_FBLPromises.bundle/Info.plist

CpResource /Users/aleks/Library/Developer/Xcode/DerivedData/PlanItApp-gkehojshtcbfvhersqwajfujohau/Build/Products/Debug-iphonesimulator/Promises_FBLPromises.bundle/PrivacyInfo.xcprivacy /Users/aleks/Library/Developer/Xcode/DerivedData/PlanItApp-gkehojshtcbfvhersqwajfujohau/SourcePackages/checkouts/promises/Sources/FBLPromises/Resources/PrivacyInfo.xcprivacy (in target 'Promises_FBLPromises' from project 'Promises')
    cd /Users/aleks/Library/Developer/Xcode/DerivedData/PlanItApp-gkehojshtcbfvhersqwajfujohau/SourcePackages/checkouts/promises
    builtin-copy -exclude .DS_Store -exclude CVS -exclude .svn -exclude .git -exclude .hg -resolve-src-symlinks /Users/aleks/Library/Developer/Xcode/DerivedData/PlanItApp-gkehojshtcbfvhersqwajfujohau/SourcePackages/checkouts/promises/Sources/FBLPromises/Resources/PrivacyInfo.xcprivacy /Users/aleks/Library/Developer/Xcode/DerivedData/PlanItApp-gkehojshtcbfvhersqwajfujohau/Build/Products/Debug-iphonesimulator/Promises_FBLPromises.bundle

ProcessInfoPlistFile /Users/aleks/Library/Developer/Xcode/DerivedData/PlanItApp-gkehojshtcbfvhersqwajfujohau/Build/Products/Debug-iphonesimulator/GoogleUtilities_GoogleUtilities-UserDefaults.bundle/Info.plist /Users/aleks/Library/Developer/Xcode/DerivedData/PlanItApp-gkehojshtcbfvhersqwajfujohau/Build/Intermediates.noindex/GoogleUtilities.build/Debug-iphonesimulator/GoogleUtilities_GoogleUtilities-UserDefaults.build/empty-GoogleUtilities_GoogleUtilities-UserDefaults.plist (in target 'GoogleUtilities_GoogleUtilities-UserDefaults' from project 'GoogleUtilities')
    cd /Users/aleks/Library/Developer/Xcode/DerivedData/PlanItApp-gkehojshtcbfvhersqwajfujohau/SourcePackages/checkouts/GoogleUtilities
    builtin-infoPlistUtility /Users/aleks/Library/Developer/Xcode/DerivedData/PlanItApp-gkehojshtcbfvhersqwajfujohau/Build/Intermediates.noindex/GoogleUtilities.build/Debug-iphonesimulator/GoogleUtilities_GoogleUtilities-UserDefaults.build/empty-GoogleUtilities_GoogleUtilities-UserDefaults.plist -producttype com.apple.product-type.bundle -expandbuildsettings -format binary -platform iphonesimulator -o /Users/aleks/Library/Developer/Xcode/DerivedData/PlanItApp-gkehojshtcbfvhersqwajfujohau/Build/Products/Debug-iphonesimulator/GoogleUtilities_GoogleUtilities-UserDefaults.bundle/Info.plist

CpResource /Users/aleks/Library/Developer/Xcode/DerivedData/PlanItApp-gkehojshtcbfvhersqwajfujohau/Build/Products/Debug-iphonesimulator/GoogleUtilities_GoogleUtilities-UserDefaults.bundle/PrivacyInfo.xcprivacy /Users/aleks/Library/Developer/Xcode/DerivedData/PlanItApp-gkehojshtcbfvhersqwajfujohau/SourcePackages/checkouts/GoogleUtilities/GoogleUtilities/UserDefaults/Resources/PrivacyInfo.xcprivacy (in target 'GoogleUtilities_GoogleUtilities-UserDefaults' from project 'GoogleUtilities')
    cd /Users/aleks/Library/Developer/Xcode/DerivedData/PlanItApp-gkehojshtcbfvhersqwajfujohau/SourcePackages/checkouts/GoogleUtilities
    builtin-copy -exclude .DS_Store -exclude CVS -exclude .svn -exclude .git -exclude .hg -resolve-src-symlinks /Users/aleks/Library/Developer/Xcode/DerivedData/PlanItApp-gkehojshtcbfvhersqwajfujohau/SourcePackages/checkouts/GoogleUtilities/GoogleUtilities/UserDefaults/Resources/PrivacyInfo.xcprivacy /Users/aleks/Library/Developer/Xcode/DerivedData/PlanItApp-gkehojshtcbfvhersqwajfujohau/Build/Products/Debug-iphonesimulator/GoogleUtilities_GoogleUtilities-UserDefaults.bundle

ProcessInfoPlistFile /Users/aleks/Library/Developer/Xcode/DerivedData/PlanItApp-gkehojshtcbfvhersqwajfujohau/Build/Products/Debug-iphonesimulator/GoogleUtilities_GoogleUtilities-Reachability.bundle/Info.plist /Users/aleks/Library/Developer/Xcode/DerivedData/PlanItApp-gkehojshtcbfvhersqwajfujohau/Build/Intermediates.noindex/GoogleUtilities.build/Debug-iphonesimulator/GoogleUtilities_GoogleUtilities-Reachability.build/empty-GoogleUtilities_GoogleUtilities-Reachability.plist (in target 'GoogleUtilities_GoogleUtilities-Reachability' from project 'GoogleUtilities')
    cd /Users/aleks/Library/Developer/Xcode/DerivedData/PlanItApp-gkehojshtcbfvhersqwajfujohau/SourcePackages/checkouts/GoogleUtilities
    builtin-infoPlistUtility /Users/aleks/Library/Developer/Xcode/DerivedData/PlanItApp-gkehojshtcbfvhersqwajfujohau/Build/Intermediates.noindex/GoogleUtilities.build/Debug-iphonesimulator/GoogleUtilities_GoogleUtilities-Reachability.build/empty-GoogleUtilities_GoogleUtilities-Reachability.plist -producttype com.apple.product-type.bundle -expandbuildsettings -format binary -platform iphonesimulator -o /Users/aleks/Library/Developer/Xcode/DerivedData/PlanItApp-gkehojshtcbfvhersqwajfujohau/Build/Products/Debug-iphonesimulator/GoogleUtilities_GoogleUtilities-Reachability.bundle/Info.plist

CpResource /Users/aleks/Library/Developer/Xcode/DerivedData/PlanItApp-gkehojshtcbfvhersqwajfujohau/Build/Products/Debug-iphonesimulator/GoogleUtilities_GoogleUtilities-Reachability.bundle/PrivacyInfo.xcprivacy /Users/aleks/Library/Developer/Xcode/DerivedData/PlanItApp-gkehojshtcbfvhersqwajfujohau/SourcePackages/checkouts/GoogleUtilities/GoogleUtilities/Reachability/Resources/PrivacyInfo.xcprivacy (in target 'GoogleUtilities_GoogleUtilities-Reachability' from project 'GoogleUtilities')
    cd /Users/aleks/Library/Developer/Xcode/DerivedData/PlanItApp-gkehojshtcbfvhersqwajfujohau/SourcePackages/checkouts/GoogleUtilities
    builtin-copy -exclude .DS_Store -exclude CVS -exclude .svn -exclude .git -exclude .hg -resolve-src-symlinks /Users/aleks/Library/Developer/Xcode/DerivedData/PlanItApp-gkehojshtcbfvhersqwajfujohau/SourcePackages/checkouts/GoogleUtilities/GoogleUtilities/Reachability/Resources/PrivacyInfo.xcprivacy /Users/aleks/Library/Developer/Xcode/DerivedData/PlanItApp-gkehojshtcbfvhersqwajfujohau/Build/Products/Debug-iphonesimulator/GoogleUtilities_GoogleUtilities-Reachability.bundle

ProcessInfoPlistFile /Users/aleks/Library/Developer/Xcode/DerivedData/PlanItApp-gkehojshtcbfvhersqwajfujohau/Build/Products/Debug-iphonesimulator/GoogleUtilities_GoogleUtilities-Network.bundle/Info.plist /Users/aleks/Library/Developer/Xcode/DerivedData/PlanItApp-gkehojshtcbfvhersqwajfujohau/Build/Intermediates.noindex/GoogleUtilities.build/Debug-iphonesimulator/GoogleUtilities_GoogleUtilities-Network.build/empty-GoogleUtilities_GoogleUtilities-Network.plist (in target 'GoogleUtilities_GoogleUtilities-Network' from project 'GoogleUtilities')
    cd /Users/aleks/Library/Developer/Xcode/DerivedData/PlanItApp-gkehojshtcbfvhersqwajfujohau/SourcePackages/checkouts/GoogleUtilities
    builtin-infoPlistUtility /Users/aleks/Library/Developer/Xcode/DerivedData/PlanItApp-gkehojshtcbfvhersqwajfujohau/Build/Intermediates.noindex/GoogleUtilities.build/Debug-iphonesimulator/GoogleUtilities_GoogleUtilities-Network.build/empty-GoogleUtilities_GoogleUtilities-Network.plist -producttype com.apple.product-type.bundle -expandbuildsettings -format binary -platform iphonesimulator -o /Users/aleks/Library/Developer/Xcode/DerivedData/PlanItApp-gkehojshtcbfvhersqwajfujohau/Build/Products/Debug-iphonesimulator/GoogleUtilities_GoogleUtilities-Network.bundle/Info.plist

CpResource /Users/aleks/Library/Developer/Xcode/DerivedData/PlanItApp-gkehojshtcbfvhersqwajfujohau/Build/Products/Debug-iphonesimulator/GoogleUtilities_GoogleUtilities-Network.bundle/PrivacyInfo.xcprivacy /Users/aleks/Library/Developer/Xcode/DerivedData/PlanItApp-gkehojshtcbfvhersqwajfujohau/SourcePackages/checkouts/GoogleUtilities/GoogleUtilities/Network/Resources/PrivacyInfo.xcprivacy (in target 'GoogleUtilities_GoogleUtilities-Network' from project 'GoogleUtilities')
    cd /Users/aleks/Library/Developer/Xcode/DerivedData/PlanItApp-gkehojshtcbfvhersqwajfujohau/SourcePackages/checkouts/GoogleUtilities
    builtin-copy -exclude .DS_Store -exclude CVS -exclude .svn -exclude .git -exclude .hg -resolve-src-symlinks /Users/aleks/Library/Developer/Xcode/DerivedData/PlanItApp-gkehojshtcbfvhersqwajfujohau/SourcePackages/checkouts/GoogleUtilities/GoogleUtilities/Network/Resources/PrivacyInfo.xcprivacy /Users/aleks/Library/Developer/Xcode/DerivedData/PlanItApp-gkehojshtcbfvhersqwajfujohau/Build/Products/Debug-iphonesimulator/GoogleUtilities_GoogleUtilities-Network.bundle

ProcessInfoPlistFile /Users/aleks/Library/Developer/Xcode/DerivedData/PlanItApp-gkehojshtcbfvhersqwajfujohau/Build/Products/Debug-iphonesimulator/GoogleUtilities_GoogleUtilities-NSData.bundle/Info.plist /Users/aleks/Library/Developer/Xcode/DerivedData/PlanItApp-gkehojshtcbfvhersqwajfujohau/Build/Intermediates.noindex/GoogleUtilities.build/Debug-iphonesimulator/GoogleUtilities_GoogleUtilities-NSData.build/empty-GoogleUtilities_GoogleUtilities-NSData.plist (in target 'GoogleUtilities_GoogleUtilities-NSData' from project 'GoogleUtilities')
    cd /Users/aleks/Library/Developer/Xcode/DerivedData/PlanItApp-gkehojshtcbfvhersqwajfujohau/SourcePackages/checkouts/GoogleUtilities
    builtin-infoPlistUtility /Users/aleks/Library/Developer/Xcode/DerivedData/PlanItApp-gkehojshtcbfvhersqwajfujohau/Build/Intermediates.noindex/GoogleUtilities.build/Debug-iphonesimulator/GoogleUtilities_GoogleUtilities-NSData.build/empty-GoogleUtilities_GoogleUtilities-NSData.plist -producttype com.apple.product-type.bundle -expandbuildsettings -format binary -platform iphonesimulator -o /Users/aleks/Library/Developer/Xcode/DerivedData/PlanItApp-gkehojshtcbfvhersqwajfujohau/Build/Products/Debug-iphonesimulator/GoogleUtilities_GoogleUtilities-NSData.bundle/Info.plist

CpResource /Users/aleks/Library/Developer/Xcode/DerivedData/PlanItApp-gkehojshtcbfvhersqwajfujohau/Build/Products/Debug-iphonesimulator/GoogleUtilities_GoogleUtilities-NSData.bundle/PrivacyInfo.xcprivacy /Users/aleks/Library/Developer/Xcode/DerivedData/PlanItApp-gkehojshtcbfvhersqwajfujohau/SourcePackages/checkouts/GoogleUtilities/GoogleUtilities/NSData+zlib/Resources/PrivacyInfo.xcprivacy (in target 'GoogleUtilities_GoogleUtilities-NSData' from project 'GoogleUtilities')
    cd /Users/aleks/Library/Developer/Xcode/DerivedData/PlanItApp-gkehojshtcbfvhersqwajfujohau/SourcePackages/checkouts/GoogleUtilities
    builtin-copy -exclude .DS_Store -exclude CVS -exclude .svn -exclude .git -exclude .hg -resolve-src-symlinks /Users/aleks/Library/Developer/Xcode/DerivedData/PlanItApp-gkehojshtcbfvhersqwajfujohau/SourcePackages/checkouts/GoogleUtilities/GoogleUtilities/NSData+zlib/Resources/PrivacyInfo.xcprivacy /Users/aleks/Library/Developer/Xcode/DerivedData/PlanItApp-gkehojshtcbfvhersqwajfujohau/Build/Products/Debug-iphonesimulator/GoogleUtilities_GoogleUtilities-NSData.bundle

ProcessInfoPlistFile /Users/aleks/Library/Developer/Xcode/DerivedData/PlanItApp-gkehojshtcbfvhersqwajfujohau/Build/Products/Debug-iphonesimulator/GoogleUtilities_GoogleUtilities-Logger.bundle/Info.plist /Users/aleks/Library/Developer/Xcode/DerivedData/PlanItApp-gkehojshtcbfvhersqwajfujohau/Build/Intermediates.noindex/GoogleUtilities.build/Debug-iphonesimulator/GoogleUtilities_GoogleUtilities-Logger.build/empty-GoogleUtilities_GoogleUtilities-Logger.plist (in target 'GoogleUtilities_GoogleUtilities-Logger' from project 'GoogleUtilities')
    cd /Users/aleks/Library/Developer/Xcode/DerivedData/PlanItApp-gkehojshtcbfvhersqwajfujohau/SourcePackages/checkouts/GoogleUtilities
    builtin-infoPlistUtility /Users/aleks/Library/Developer/Xcode/DerivedData/PlanItApp-gkehojshtcbfvhersqwajfujohau/Build/Intermediates.noindex/GoogleUtilities.build/Debug-iphonesimulator/GoogleUtilities_GoogleUtilities-Logger.build/empty-GoogleUtilities_GoogleUtilities-Logger.plist -producttype com.apple.product-type.bundle -expandbuildsettings -format binary -platform iphonesimulator -o /Users/aleks/Library/Developer/Xcode/DerivedData/PlanItApp-gkehojshtcbfvhersqwajfujohau/Build/Products/Debug-iphonesimulator/GoogleUtilities_GoogleUtilities-Logger.bundle/Info.plist

CpResource /Users/aleks/Library/Developer/Xcode/DerivedData/PlanItApp-gkehojshtcbfvhersqwajfujohau/Build/Products/Debug-iphonesimulator/GoogleUtilities_GoogleUtilities-Logger.bundle/PrivacyInfo.xcprivacy /Users/aleks/Library/Developer/Xcode/DerivedData/PlanItApp-gkehojshtcbfvhersqwajfujohau/SourcePackages/checkouts/GoogleUtilities/GoogleUtilities/Logger/Resources/PrivacyInfo.xcprivacy (in target 'GoogleUtilities_GoogleUtilities-Logger' from project 'GoogleUtilities')
    cd /Users/aleks/Library/Developer/Xcode/DerivedData/PlanItApp-gkehojshtcbfvhersqwajfujohau/SourcePackages/checkouts/GoogleUtilities
    builtin-copy -exclude .DS_Store -exclude CVS -exclude .svn -exclude .git -exclude .hg -resolve-src-symlinks /Users/aleks/Library/Developer/Xcode/DerivedData/PlanItApp-gkehojshtcbfvhersqwajfujohau/SourcePackages/checkouts/GoogleUtilities/GoogleUtilities/Logger/Resources/PrivacyInfo.xcprivacy /Users/aleks/Library/Developer/Xcode/DerivedData/PlanItApp-gkehojshtcbfvhersqwajfujohau/Build/Products/Debug-iphonesimulator/GoogleUtilities_GoogleUtilities-Logger.bundle

ProcessInfoPlistFile /Users/aleks/Library/Developer/Xcode/DerivedData/PlanItApp-gkehojshtcbfvhersqwajfujohau/Build/Products/Debug-iphonesimulator/GoogleUtilities_GoogleUtilities-Environment.bundle/Info.plist /Users/aleks/Library/Developer/Xcode/DerivedData/PlanItApp-gkehojshtcbfvhersqwajfujohau/Build/Intermediates.noindex/GoogleUtilities.build/Debug-iphonesimulator/GoogleUtilities_GoogleUtilities-Environment.build/empty-GoogleUtilities_GoogleUtilities-Environment.plist (in target 'GoogleUtilities_GoogleUtilities-Environment' from project 'GoogleUtilities')
    cd /Users/aleks/Library/Developer/Xcode/DerivedData/PlanItApp-gkehojshtcbfvhersqwajfujohau/SourcePackages/checkouts/GoogleUtilities
    builtin-infoPlistUtility /Users/aleks/Library/Developer/Xcode/DerivedData/PlanItApp-gkehojshtcbfvhersqwajfujohau/Build/Intermediates.noindex/GoogleUtilities.build/Debug-iphonesimulator/GoogleUtilities_GoogleUtilities-Environment.build/empty-GoogleUtilities_GoogleUtilities-Environment.plist -producttype com.apple.product-type.bundle -expandbuildsettings -format binary -platform iphonesimulator -o /Users/aleks/Library/Developer/Xcode/DerivedData/PlanItApp-gkehojshtcbfvhersqwajfujohau/Build/Products/Debug-iphonesimulator/GoogleUtilities_GoogleUtilities-Environment.bundle/Info.plist

CpResource /Users/aleks/Library/Developer/Xcode/DerivedData/PlanItApp-gkehojshtcbfvhersqwajfujohau/Build/Products/Debug-iphonesimulator/GoogleUtilities_GoogleUtilities-Environment.bundle/PrivacyInfo.xcprivacy /Users/aleks/Library/Developer/Xcode/DerivedData/PlanItApp-gkehojshtcbfvhersqwajfujohau/SourcePackages/checkouts/GoogleUtilities/GoogleUtilities/Environment/Resources/PrivacyInfo.xcprivacy (in target 'GoogleUtilities_GoogleUtilities-Environment' from project 'GoogleUtilities')
    cd /Users/aleks/Library/Developer/Xcode/DerivedData/PlanItApp-gkehojshtcbfvhersqwajfujohau/SourcePackages/checkouts/GoogleUtilities
    builtin-copy -exclude .DS_Store -exclude CVS -exclude .svn -exclude .git -exclude .hg -resolve-src-symlinks /Users/aleks/Library/Developer/Xcode/DerivedData/PlanItApp-gkehojshtcbfvhersqwajfujohau/SourcePackages/checkouts/GoogleUtilities/GoogleUtilities/Environment/Resources/PrivacyInfo.xcprivacy /Users/aleks/Library/Developer/Xcode/DerivedData/PlanItApp-gkehojshtcbfvhersqwajfujohau/Build/Products/Debug-iphonesimulator/GoogleUtilities_GoogleUtilities-Environment.bundle

ProcessInfoPlistFile /Users/aleks/Library/Developer/Xcode/DerivedData/PlanItApp-gkehojshtcbfvhersqwajfujohau/Build/Products/Debug-iphonesimulator/GoogleUtilities_GoogleUtilities-AppDelegateSwizzler.bundle/Info.plist /Users/aleks/Library/Developer/Xcode/DerivedData/PlanItApp-gkehojshtcbfvhersqwajfujohau/Build/Intermediates.noindex/GoogleUtilities.build/Debug-iphonesimulator/GoogleUtilities_GoogleUtilities-AppDelegateSwizzler.build/empty-GoogleUtilities_GoogleUtilities-AppDelegateSwizzler.plist (in target 'GoogleUtilities_GoogleUtilities-AppDelegateSwizzler' from project 'GoogleUtilities')
    cd /Users/aleks/Library/Developer/Xcode/DerivedData/PlanItApp-gkehojshtcbfvhersqwajfujohau/SourcePackages/checkouts/GoogleUtilities
    builtin-infoPlistUtility /Users/aleks/Library/Developer/Xcode/DerivedData/PlanItApp-gkehojshtcbfvhersqwajfujohau/Build/Intermediates.noindex/GoogleUtilities.build/Debug-iphonesimulator/GoogleUtilities_GoogleUtilities-AppDelegateSwizzler.build/empty-GoogleUtilities_GoogleUtilities-AppDelegateSwizzler.plist -producttype com.apple.product-type.bundle -expandbuildsettings -format binary -platform iphonesimulator -o /Users/aleks/Library/Developer/Xcode/DerivedData/PlanItApp-gkehojshtcbfvhersqwajfujohau/Build/Products/Debug-iphonesimulator/GoogleUtilities_GoogleUtilities-AppDelegateSwizzler.bundle/Info.plist

CpResource /Users/aleks/Library/Developer/Xcode/DerivedData/PlanItApp-gkehojshtcbfvhersqwajfujohau/Build/Products/Debug-iphonesimulator/GoogleUtilities_GoogleUtilities-AppDelegateSwizzler.bundle/PrivacyInfo.xcprivacy /Users/aleks/Library/Developer/Xcode/DerivedData/PlanItApp-gkehojshtcbfvhersqwajfujohau/SourcePackages/checkouts/GoogleUtilities/GoogleUtilities/AppDelegateSwizzler/Resources/PrivacyInfo.xcprivacy (in target 'GoogleUtilities_GoogleUtilities-AppDelegateSwizzler' from project 'GoogleUtilities')
    cd /Users/aleks/Library/Developer/Xcode/DerivedData/PlanItApp-gkehojshtcbfvhersqwajfujohau/SourcePackages/checkouts/GoogleUtilities
    builtin-copy -exclude .DS_Store -exclude CVS -exclude .svn -exclude .git -exclude .hg -resolve-src-symlinks /Users/aleks/Library/Developer/Xcode/DerivedData/PlanItApp-gkehojshtcbfvhersqwajfujohau/SourcePackages/checkouts/GoogleUtilities/GoogleUtilities/AppDelegateSwizzler/Resources/PrivacyInfo.xcprivacy /Users/aleks/Library/Developer/Xcode/DerivedData/PlanItApp-gkehojshtcbfvhersqwajfujohau/Build/Products/Debug-iphonesimulator/GoogleUtilities_GoogleUtilities-AppDelegateSwizzler.bundle

ProcessInfoPlistFile /Users/aleks/Library/Developer/Xcode/DerivedData/PlanItApp-gkehojshtcbfvhersqwajfujohau/Build/Products/Debug-iphonesimulator/GoogleSignIn_GoogleSignIn.bundle/Info.plist /Users/aleks/Library/Developer/Xcode/DerivedData/PlanItApp-gkehojshtcbfvhersqwajfujohau/Build/Intermediates.noindex/GoogleSignIn.build/Debug-iphonesimulator/GoogleSignIn_GoogleSignIn.build/empty-GoogleSignIn_GoogleSignIn.plist (in target 'GoogleSignIn_GoogleSignIn' from project 'GoogleSignIn')
    cd /Users/aleks/Library/Developer/Xcode/DerivedData/PlanItApp-gkehojshtcbfvhersqwajfujohau/SourcePackages/checkouts/GoogleSignIn-iOS
    builtin-infoPlistUtility /Users/aleks/Library/Developer/Xcode/DerivedData/PlanItApp-gkehojshtcbfvhersqwajfujohau/Build/Intermediates.noindex/GoogleSignIn.build/Debug-iphonesimulator/GoogleSignIn_GoogleSignIn.build/empty-GoogleSignIn_GoogleSignIn.plist -producttype com.apple.product-type.bundle -expandbuildsettings -format binary -platform iphonesimulator -o /Users/aleks/Library/Developer/Xcode/DerivedData/PlanItApp-gkehojshtcbfvhersqwajfujohau/Build/Products/Debug-iphonesimulator/GoogleSignIn_GoogleSignIn.bundle/Info.plist

CpResource /Users/aleks/Library/Developer/Xcode/DerivedData/PlanItApp-gkehojshtcbfvhersqwajfujohau/Build/Products/Debug-iphonesimulator/GoogleSignIn_GoogleSignIn.bundle/zh_TW.lproj/GoogleSignIn.strings /Users/aleks/Library/Developer/Xcode/DerivedData/PlanItApp-gkehojshtcbfvhersqwajfujohau/SourcePackages/checkouts/GoogleSignIn-iOS/GoogleSignIn/Sources/Strings/zh_TW.lproj/GoogleSignIn.strings (in target 'GoogleSignIn_GoogleSignIn' from project 'GoogleSignIn')
    cd /Users/aleks/Library/Developer/Xcode/DerivedData/PlanItApp-gkehojshtcbfvhersqwajfujohau/SourcePackages/checkouts/GoogleSignIn-iOS
    builtin-copy -exclude .DS_Store -exclude CVS -exclude .svn -exclude .git -exclude .hg -resolve-src-symlinks /Users/aleks/Library/Developer/Xcode/DerivedData/PlanItApp-gkehojshtcbfvhersqwajfujohau/SourcePackages/checkouts/GoogleSignIn-iOS/GoogleSignIn/Sources/Strings/zh_TW.lproj/GoogleSignIn.strings /Users/aleks/Library/Developer/Xcode/DerivedData/PlanItApp-gkehojshtcbfvhersqwajfujohau/Build/Products/Debug-iphonesimulator/GoogleSignIn_GoogleSignIn.bundle/zh_TW.lproj

CpResource /Users/aleks/Library/Developer/Xcode/DerivedData/PlanItApp-gkehojshtcbfvhersqwajfujohau/Build/Products/Debug-iphonesimulator/GoogleSignIn_GoogleSignIn.bundle/zh_CN.lproj/GoogleSignIn.strings /Users/aleks/Library/Developer/Xcode/DerivedData/PlanItApp-gkehojshtcbfvhersqwajfujohau/SourcePackages/checkouts/GoogleSignIn-iOS/GoogleSignIn/Sources/Strings/zh_CN.lproj/GoogleSignIn.strings (in target 'GoogleSignIn_GoogleSignIn' from project 'GoogleSignIn')
    cd /Users/aleks/Library/Developer/Xcode/DerivedData/PlanItApp-gkehojshtcbfvhersqwajfujohau/SourcePackages/checkouts/GoogleSignIn-iOS
    builtin-copy -exclude .DS_Store -exclude CVS -exclude .svn -exclude .git -exclude .hg -resolve-src-symlinks /Users/aleks/Library/Developer/Xcode/DerivedData/PlanItApp-gkehojshtcbfvhersqwajfujohau/SourcePackages/checkouts/GoogleSignIn-iOS/GoogleSignIn/Sources/Strings/zh_CN.lproj/GoogleSignIn.strings /Users/aleks/Library/Developer/Xcode/DerivedData/PlanItApp-gkehojshtcbfvhersqwajfujohau/Build/Products/Debug-iphonesimulator/GoogleSignIn_GoogleSignIn.bundle/zh_CN.lproj

CpResource /Users/aleks/Library/Developer/Xcode/DerivedData/PlanItApp-gkehojshtcbfvhersqwajfujohau/Build/Products/Debug-iphonesimulator/GoogleSignIn_GoogleSignIn.bundle/vi.lproj/GoogleSignIn.strings /Users/aleks/Library/Developer/Xcode/DerivedData/PlanItApp-gkehojshtcbfvhersqwajfujohau/SourcePackages/checkouts/GoogleSignIn-iOS/GoogleSignIn/Sources/Strings/vi.lproj/GoogleSignIn.strings (in target 'GoogleSignIn_GoogleSignIn' from project 'GoogleSignIn')
    cd /Users/aleks/Library/Developer/Xcode/DerivedData/PlanItApp-gkehojshtcbfvhersqwajfujohau/SourcePackages/checkouts/GoogleSignIn-iOS
    builtin-copy -exclude .DS_Store -exclude CVS -exclude .svn -exclude .git -exclude .hg -resolve-src-symlinks /Users/aleks/Library/Developer/Xcode/DerivedData/PlanItApp-gkehojshtcbfvhersqwajfujohau/SourcePackages/checkouts/GoogleSignIn-iOS/GoogleSignIn/Sources/Strings/vi.lproj/GoogleSignIn.strings /Users/aleks/Library/Developer/Xcode/DerivedData/PlanItApp-gkehojshtcbfvhersqwajfujohau/Build/Products/Debug-iphonesimulator/GoogleSignIn_GoogleSignIn.bundle/vi.lproj

CompileC /Users/aleks/Library/Developer/Xcode/DerivedData/PlanItApp-gkehojshtcbfvhersqwajfujohau/Build/Intermediates.noindex/InteropForGoogle.build/Debug-iphonesimulator/RecaptchaInterop.build/Objects-normal/arm64/placeholder.o /Users/aleks/Library/Developer/Xcode/DerivedData/PlanItApp-gkehojshtcbfvhersqwajfujohau/SourcePackages/checkouts/interop-ios-for-google-sdks/RecaptchaEnterprise/RecaptchaInterop/placeholder.m normal arm64 objective-c com.apple.compilers.llvm.clang.1_0.compiler (in target 'RecaptchaInterop' from project 'InteropForGoogle')
    cd /Users/aleks/Desktop/PlanItApp/PlanItApp.xcodeproj
    
    Using response file: /Users/aleks/Library/Developer/Xcode/DerivedData/PlanItApp-gkehojshtcbfvhersqwajfujohau/Build/Intermediates.noindex/InteropForGoogle.build/Debug-iphonesimulator/RecaptchaInterop.build/Objects-normal/arm64/e6072d4f65d7061329687fe24e3d63a7-common-args.resp
    
    /Applications/Xcode.app/Contents/Developer/Toolchains/XcodeDefault.xctoolchain/usr/bin/clang -x objective-c -ivfsstatcache /Users/aleks/Library/Developer/Xcode/DerivedData/SDKStatCaches.noindex/iphonesimulator18.5-22F76-d5fc8ad4295d2ef488fb7d0f804ce0c4.sdkstatcache -fmessage-length\=0 -fdiagnostics-show-note-include-stack -fmacro-backtrace-limit\=0 -fno-color-diagnostics -fmodules-prune-interval\=86400 -fmodules-prune-after\=345600 -fbuild-session-file\=/Users/aleks/Library/Developer/Xcode/DerivedData/ModuleCache.noindex/Session.modulevalidation -fmodules-validate-once-per-build-session -Wnon-modular-include-in-framework-module -Werror\=non-modular-include-in-framework-module -Wno-trigraphs -Wno-missing-field-initializers -Wno-missing-prototypes -Wno-return-type -Wno-implicit-atomic-properties -Wno-objc-interface-ivars -Wno-arc-repeated-use-of-weak -Wno-missing-braces -Wparentheses -Wswitch -Wno-unused-function -Wno-unused-label -Wno-unused-parameter -Wno-unused-variable -Wunused-value -Wno-empty-body -Wno-uninitialized -Wno-unknown-pragmas -w -Wno-shadow -Wno-four-char-constants -Wno-conversion -Wno-constant-conversion -Wno-int-conversion -Wno-bool-conversion -Wno-enum-conversion -Wno-float-conversion -Wno-non-literal-null-conversion -Wno-objc-literal-conversion -Wshorten-64-to-32 -Wpointer-sign -Wno-newline-eof -Wno-selector -Wno-strict-selector-match -Wno-undeclared-selector -Wno-deprecated-implementations -Wno-implicit-fallthrough -fstrict-aliasing -Wprotocol -Wdeprecated-declarations -Wno-sign-conversion -Wno-infinite-recursion -Wno-comma -Wno-block-capture-autoreleasing -Wno-strict-prototypes -Wno-semicolon-before-method-body -index-store-path /Users/aleks/Library/Developer/Xcode/DerivedData/PlanItApp-gkehojshtcbfvhersqwajfujohau/Index.noindex/DataStore @/Users/aleks/Library/Developer/Xcode/DerivedData/PlanItApp-gkehojshtcbfvhersqwajfujohau/Build/Intermediates.noindex/InteropForGoogle.build/Debug-iphonesimulator/RecaptchaInterop.build/Objects-normal/arm64/e6072d4f65d7061329687fe24e3d63a7-common-args.resp -MMD -MT dependencies -MF /Users/aleks/Library/Developer/Xcode/DerivedData/PlanItApp-gkehojshtcbfvhersqwajfujohau/Build/Intermediates.noindex/InteropForGoogle.build/Debug-iphonesimulator/RecaptchaInterop.build/Objects-normal/arm64/placeholder.d --serialize-diagnostics /Users/aleks/Library/Developer/Xcode/DerivedData/PlanItApp-gkehojshtcbfvhersqwajfujohau/Build/Intermediates.noindex/InteropForGoogle.build/Debug-iphonesimulator/RecaptchaInterop.build/Objects-normal/arm64/placeholder.dia -c /Users/aleks/Library/Developer/Xcode/DerivedData/PlanItApp-gkehojshtcbfvhersqwajfujohau/SourcePackages/checkouts/interop-ios-for-google-sdks/RecaptchaEnterprise/RecaptchaInterop/placeholder.m -o /Users/aleks/Library/Developer/Xcode/DerivedData/PlanItApp-gkehojshtcbfvhersqwajfujohau/Build/Intermediates.noindex/InteropForGoogle.build/Debug-iphonesimulator/RecaptchaInterop.build/Objects-normal/arm64/placeholder.o -index-unit-output-path /InteropForGoogle.build/Debug-iphonesimulator/RecaptchaInterop.build/Objects-normal/arm64/placeholder.o

CompileC /Users/aleks/Library/Developer/Xcode/DerivedData/PlanItApp-gkehojshtcbfvhersqwajfujohau/Build/Intermediates.noindex/Firebase.build/Debug-iphonesimulator/FirebaseAuthInterop.build/Objects-normal/arm64/dummy.o /Users/aleks/Library/Developer/Xcode/DerivedData/PlanItApp-gkehojshtcbfvhersqwajfujohau/SourcePackages/checkouts/firebase-ios-sdk/FirebaseAuth/Interop/dummy.m normal arm64 objective-c com.apple.compilers.llvm.clang.1_0.compiler (in target 'FirebaseAuthInterop' from project 'Firebase')
    cd /Users/aleks/Desktop/PlanItApp/PlanItApp.xcodeproj
    
    Using response file: /Users/aleks/Library/Developer/Xcode/DerivedData/PlanItApp-gkehojshtcbfvhersqwajfujohau/Build/Intermediates.noindex/Firebase.build/Debug-iphonesimulator/FirebaseAuthInterop.build/Objects-normal/arm64/e6072d4f65d7061329687fe24e3d63a7-common-args.resp
    
    /Applications/Xcode.app/Contents/Developer/Toolchains/XcodeDefault.xctoolchain/usr/bin/clang -x objective-c -ivfsstatcache /Users/aleks/Library/Developer/Xcode/DerivedData/SDKStatCaches.noindex/iphonesimulator18.5-22F76-d5fc8ad4295d2ef488fb7d0f804ce0c4.sdkstatcache -fmessage-length\=0 -fdiagnostics-show-note-include-stack -fmacro-backtrace-limit\=0 -fno-color-diagnostics -fmodules-prune-interval\=86400 -fmodules-prune-after\=345600 -fbuild-session-file\=/Users/aleks/Library/Developer/Xcode/DerivedData/ModuleCache.noindex/Session.modulevalidation -fmodules-validate-once-per-build-session -Wnon-modular-include-in-framework-module -Werror\=non-modular-include-in-framework-module -Wno-trigraphs -Wno-missing-field-initializers -Wno-missing-prototypes -Wno-return-type -Wno-implicit-atomic-properties -Wno-objc-interface-ivars -Wno-arc-repeated-use-of-weak -Wno-missing-braces -Wparentheses -Wswitch -Wno-unused-function -Wno-unused-label -Wno-unused-parameter -Wno-unused-variable -Wunused-value -Wno-empty-body -Wno-uninitialized -Wno-unknown-pragmas -w -Wno-shadow -Wno-four-char-constants -Wno-conversion -Wno-constant-conversion -Wno-int-conversion -Wno-bool-conversion -Wno-enum-conversion -Wno-float-conversion -Wno-non-literal-null-conversion -Wno-objc-literal-conversion -Wshorten-64-to-32 -Wpointer-sign -Wno-newline-eof -Wno-selector -Wno-strict-selector-match -Wno-undeclared-selector -Wno-deprecated-implementations -Wno-implicit-fallthrough -fstrict-aliasing -Wprotocol -Wdeprecated-declarations -Wno-sign-conversion -Wno-infinite-recursion -Wno-comma -Wno-block-capture-autoreleasing -Wno-strict-prototypes -Wno-semicolon-before-method-body -index-store-path /Users/aleks/Library/Developer/Xcode/DerivedData/PlanItApp-gkehojshtcbfvhersqwajfujohau/Index.noindex/DataStore @/Users/aleks/Library/Developer/Xcode/DerivedData/PlanItApp-gkehojshtcbfvhersqwajfujohau/Build/Intermediates.noindex/Firebase.build/Debug-iphonesimulator/FirebaseAuthInterop.build/Objects-normal/arm64/e6072d4f65d7061329687fe24e3d63a7-common-args.resp -MMD -MT dependencies -MF /Users/aleks/Library/Developer/Xcode/DerivedData/PlanItApp-gkehojshtcbfvhersqwajfujohau/Build/Intermediates.noindex/Firebase.build/Debug-iphonesimulator/FirebaseAuthInterop.build/Objects-normal/arm64/dummy.d --serialize-diagnostics /Users/aleks/Library/Developer/Xcode/DerivedData/PlanItApp-gkehojshtcbfvhersqwajfujohau/Build/Intermediates.noindex/Firebase.build/Debug-iphonesimulator/FirebaseAuthInterop.build/Objects-normal/arm64/dummy.dia -c /Users/aleks/Library/Developer/Xcode/DerivedData/PlanItApp-gkehojshtcbfvhersqwajfujohau/SourcePackages/checkouts/firebase-ios-sdk/FirebaseAuth/Interop/dummy.m -o /Users/aleks/Library/Developer/Xcode/DerivedData/PlanItApp-gkehojshtcbfvhersqwajfujohau/Build/Intermediates.noindex/Firebase.build/Debug-iphonesimulator/FirebaseAuthInterop.build/Objects-normal/arm64/dummy.o -index-unit-output-path /Firebase.build/Debug-iphonesimulator/FirebaseAuthInterop.build/Objects-normal/arm64/dummy.o

CompileC /Users/aleks/Library/Developer/Xcode/DerivedData/PlanItApp-gkehojshtcbfvhersqwajfujohau/Build/Intermediates.noindex/Firebase.build/Debug-iphonesimulator/FirebaseAppCheckInterop.build/Objects-normal/arm64/dummy.o /Users/aleks/Library/Developer/Xcode/DerivedData/PlanItApp-gkehojshtcbfvhersqwajfujohau/SourcePackages/checkouts/firebase-ios-sdk/FirebaseAppCheck/Interop/dummy.m normal arm64 objective-c com.apple.compilers.llvm.clang.1_0.compiler (in target 'FirebaseAppCheckInterop' from project 'Firebase')
    cd /Users/aleks/Desktop/PlanItApp/PlanItApp.xcodeproj
    
    Using response file: /Users/aleks/Library/Developer/Xcode/DerivedData/PlanItApp-gkehojshtcbfvhersqwajfujohau/Build/Intermediates.noindex/Firebase.build/Debug-iphonesimulator/FirebaseAppCheckInterop.build/Objects-normal/arm64/e6072d4f65d7061329687fe24e3d63a7-common-args.resp
    
    /Applications/Xcode.app/Contents/Developer/Toolchains/XcodeDefault.xctoolchain/usr/bin/clang -x objective-c -ivfsstatcache /Users/aleks/Library/Developer/Xcode/DerivedData/SDKStatCaches.noindex/iphonesimulator18.5-22F76-d5fc8ad4295d2ef488fb7d0f804ce0c4.sdkstatcache -fmessage-length\=0 -fdiagnostics-show-note-include-stack -fmacro-backtrace-limit\=0 -fno-color-diagnostics -fmodules-prune-interval\=86400 -fmodules-prune-after\=345600 -fbuild-session-file\=/Users/aleks/Library/Developer/Xcode/DerivedData/ModuleCache.noindex/Session.modulevalidation -fmodules-validate-once-per-build-session -Wnon-modular-include-in-framework-module -Werror\=non-modular-include-in-framework-module -Wno-trigraphs -Wno-missing-field-initializers -Wno-missing-prototypes -Wno-return-type -Wno-implicit-atomic-properties -Wno-objc-interface-ivars -Wno-arc-repeated-use-of-weak -Wno-missing-braces -Wparentheses -Wswitch -Wno-unused-function -Wno-unused-label -Wno-unused-parameter -Wno-unused-variable -Wunused-value -Wno-empty-body -Wno-uninitialized -Wno-unknown-pragmas -w -Wno-shadow -Wno-four-char-constants -Wno-conversion -Wno-constant-conversion -Wno-int-conversion -Wno-bool-conversion -Wno-enum-conversion -Wno-float-conversion -Wno-non-literal-null-conversion -Wno-objc-literal-conversion -Wshorten-64-to-32 -Wpointer-sign -Wno-newline-eof -Wno-selector -Wno-strict-selector-match -Wno-undeclared-selector -Wno-deprecated-implementations -Wno-implicit-fallthrough -fstrict-aliasing -Wprotocol -Wdeprecated-declarations -Wno-sign-conversion -Wno-infinite-recursion -Wno-comma -Wno-block-capture-autoreleasing -Wno-strict-prototypes -Wno-semicolon-before-method-body -index-store-path /Users/aleks/Library/Developer/Xcode/DerivedData/PlanItApp-gkehojshtcbfvhersqwajfujohau/Index.noindex/DataStore @/Users/aleks/Library/Developer/Xcode/DerivedData/PlanItApp-gkehojshtcbfvhersqwajfujohau/Build/Intermediates.noindex/Firebase.build/Debug-iphonesimulator/FirebaseAppCheckInterop.build/Objects-normal/arm64/e6072d4f65d7061329687fe24e3d63a7-common-args.resp -MMD -MT dependencies -MF /Users/aleks/Library/Developer/Xcode/DerivedData/PlanItApp-gkehojshtcbfvhersqwajfujohau/Build/Intermediates.noindex/Firebase.build/Debug-iphonesimulator/FirebaseAppCheckInterop.build/Objects-normal/arm64/dummy.d --serialize-diagnostics /Users/aleks/Library/Developer/Xcode/DerivedData/PlanItApp-gkehojshtcbfvhersqwajfujohau/Build/Intermediates.noindex/Firebase.build/Debug-iphonesimulator/FirebaseAppCheckInterop.build/Objects-normal/arm64/dummy.dia -c /Users/aleks/Library/Developer/Xcode/DerivedData/PlanItApp-gkehojshtcbfvhersqwajfujohau/SourcePackages/checkouts/firebase-ios-sdk/FirebaseAppCheck/Interop/dummy.m -o /Users/aleks/Library/Developer/Xcode/DerivedData/PlanItApp-gkehojshtcbfvhersqwajfujohau/Build/Intermediates.noindex/Firebase.build/Debug-iphonesimulator/FirebaseAppCheckInterop.build/Objects-normal/arm64/dummy.o -index-unit-output-path /Firebase.build/Debug-iphonesimulator/FirebaseAppCheckInterop.build/Objects-normal/arm64/dummy.o

CompileC /Users/aleks/Library/Developer/Xcode/DerivedData/PlanItApp-gkehojshtcbfvhersqwajfujohau/Build/Intermediates.noindex/Firebase.build/Debug-iphonesimulator/Firebase.build/Objects-normal/arm64/dummy.o /Users/aleks/Library/Developer/Xcode/DerivedData/PlanItApp-gkehojshtcbfvhersqwajfujohau/SourcePackages/checkouts/firebase-ios-sdk/CoreOnly/Sources/dummy.m normal arm64 objective-c com.apple.compilers.llvm.clang.1_0.compiler (in target 'Firebase' from project 'Firebase')
    cd /Users/aleks/Desktop/PlanItApp/PlanItApp.xcodeproj
    
    Using response file: /Users/aleks/Library/Developer/Xcode/DerivedData/PlanItApp-gkehojshtcbfvhersqwajfujohau/Build/Intermediates.noindex/Firebase.build/Debug-iphonesimulator/Firebase.build/Objects-normal/arm64/e6072d4f65d7061329687fe24e3d63a7-common-args.resp
    
    /Applications/Xcode.app/Contents/Developer/Toolchains/XcodeDefault.xctoolchain/usr/bin/clang -x objective-c -ivfsstatcache /Users/aleks/Library/Developer/Xcode/DerivedData/SDKStatCaches.noindex/iphonesimulator18.5-22F76-d5fc8ad4295d2ef488fb7d0f804ce0c4.sdkstatcache -fmessage-length\=0 -fdiagnostics-show-note-include-stack -fmacro-backtrace-limit\=0 -fno-color-diagnostics -fmodules-prune-interval\=86400 -fmodules-prune-after\=345600 -fbuild-session-file\=/Users/aleks/Library/Developer/Xcode/DerivedData/ModuleCache.noindex/Session.modulevalidation -fmodules-validate-once-per-build-session -Wnon-modular-include-in-framework-module -Werror\=non-modular-include-in-framework-module -Wno-trigraphs -Wno-missing-field-initializers -Wno-missing-prototypes -Wno-return-type -Wno-implicit-atomic-properties -Wno-objc-interface-ivars -Wno-arc-repeated-use-of-weak -Wno-missing-braces -Wparentheses -Wswitch -Wno-unused-function -Wno-unused-label -Wno-unused-parameter -Wno-unused-variable -Wunused-value -Wno-empty-body -Wno-uninitialized -Wno-unknown-pragmas -w -Wno-shadow -Wno-four-char-constants -Wno-conversion -Wno-constant-conversion -Wno-int-conversion -Wno-bool-conversion -Wno-enum-conversion -Wno-float-conversion -Wno-non-literal-null-conversion -Wno-objc-literal-conversion -Wshorten-64-to-32 -Wpointer-sign -Wno-newline-eof -Wno-selector -Wno-strict-selector-match -Wno-undeclared-selector -Wno-deprecated-implementations -Wno-implicit-fallthrough -fstrict-aliasing -Wprotocol -Wdeprecated-declarations -Wno-sign-conversion -Wno-infinite-recursion -Wno-comma -Wno-block-capture-autoreleasing -Wno-strict-prototypes -Wno-semicolon-before-method-body -index-store-path /Users/aleks/Library/Developer/Xcode/DerivedData/PlanItApp-gkehojshtcbfvhersqwajfujohau/Index.noindex/DataStore @/Users/aleks/Library/Developer/Xcode/DerivedData/PlanItApp-gkehojshtcbfvhersqwajfujohau/Build/Intermediates.noindex/Firebase.build/Debug-iphonesimulator/Firebase.build/Objects-normal/arm64/e6072d4f65d7061329687fe24e3d63a7-common-args.resp -MMD -MT dependencies -MF /Users/aleks/Library/Developer/Xcode/DerivedData/PlanItApp-gkehojshtcbfvhersqwajfujohau/Build/Intermediates.noindex/Firebase.build/Debug-iphonesimulator/Firebase.build/Objects-normal/arm64/dummy.d --serialize-diagnostics /Users/aleks/Library/Developer/Xcode/DerivedData/PlanItApp-gkehojshtcbfvhersqwajfujohau/Build/Intermediates.noindex/Firebase.build/Debug-iphonesimulator/Firebase.build/Objects-normal/arm64/dummy.dia -c /Users/aleks/Library/Developer/Xcode/DerivedData/PlanItApp-gkehojshtcbfvhersqwajfujohau/SourcePackages/checkouts/firebase-ios-sdk/CoreOnly/Sources/dummy.m -o /Users/aleks/Library/Developer/Xcode/DerivedData/PlanItApp-gkehojshtcbfvhersqwajfujohau/Build/Intermediates.noindex/Firebase.build/Debug-iphonesimulator/Firebase.build/Objects-normal/arm64/dummy.o -index-unit-output-path /Firebase.build/Debug-iphonesimulator/Firebase.build/Objects-normal/arm64/dummy.o

CpResource /Users/aleks/Library/Developer/Xcode/DerivedData/PlanItApp-gkehojshtcbfvhersqwajfujohau/Build/Products/Debug-iphonesimulator/GoogleSignIn_GoogleSignIn.bundle/uk.lproj/GoogleSignIn.strings /Users/aleks/Library/Developer/Xcode/DerivedData/PlanItApp-gkehojshtcbfvhersqwajfujohau/SourcePackages/checkouts/GoogleSignIn-iOS/GoogleSignIn/Sources/Strings/uk.lproj/GoogleSignIn.strings (in target 'GoogleSignIn_GoogleSignIn' from project 'GoogleSignIn')
    cd /Users/aleks/Library/Developer/Xcode/DerivedData/PlanItApp-gkehojshtcbfvhersqwajfujohau/SourcePackages/checkouts/GoogleSignIn-iOS
    builtin-copy -exclude .DS_Store -exclude CVS -exclude .svn -exclude .git -exclude .hg -resolve-src-symlinks /Users/aleks/Library/Developer/Xcode/DerivedData/PlanItApp-gkehojshtcbfvhersqwajfujohau/SourcePackages/checkouts/GoogleSignIn-iOS/GoogleSignIn/Sources/Strings/uk.lproj/GoogleSignIn.strings /Users/aleks/Library/Developer/Xcode/DerivedData/PlanItApp-gkehojshtcbfvhersqwajfujohau/Build/Products/Debug-iphonesimulator/GoogleSignIn_GoogleSignIn.bundle/uk.lproj

CpResource /Users/aleks/Library/Developer/Xcode/DerivedData/PlanItApp-gkehojshtcbfvhersqwajfujohau/Build/Products/Debug-iphonesimulator/GoogleSignIn_GoogleSignIn.bundle/tr.lproj/GoogleSignIn.strings /Users/aleks/Library/Developer/Xcode/DerivedData/PlanItApp-gkehojshtcbfvhersqwajfujohau/SourcePackages/checkouts/GoogleSignIn-iOS/GoogleSignIn/Sources/Strings/tr.lproj/GoogleSignIn.strings (in target 'GoogleSignIn_GoogleSignIn' from project 'GoogleSignIn')
    cd /Users/aleks/Library/Developer/Xcode/DerivedData/PlanItApp-gkehojshtcbfvhersqwajfujohau/SourcePackages/checkouts/GoogleSignIn-iOS
    builtin-copy -exclude .DS_Store -exclude CVS -exclude .svn -exclude .git -exclude .hg -resolve-src-symlinks /Users/aleks/Library/Developer/Xcode/DerivedData/PlanItApp-gkehojshtcbfvhersqwajfujohau/SourcePackages/checkouts/GoogleSignIn-iOS/GoogleSignIn/Sources/Strings/tr.lproj/GoogleSignIn.strings /Users/aleks/Library/Developer/Xcode/DerivedData/PlanItApp-gkehojshtcbfvhersqwajfujohau/Build/Products/Debug-iphonesimulator/GoogleSignIn_GoogleSignIn.bundle/tr.lproj

CpResource /Users/aleks/Library/Developer/Xcode/DerivedData/PlanItApp-gkehojshtcbfvhersqwajfujohau/Build/Products/Debug-iphonesimulator/GoogleSignIn_GoogleSignIn.bundle/th.lproj/GoogleSignIn.strings /Users/aleks/Library/Developer/Xcode/DerivedData/PlanItApp-gkehojshtcbfvhersqwajfujohau/SourcePackages/checkouts/GoogleSignIn-iOS/GoogleSignIn/Sources/Strings/th.lproj/GoogleSignIn.strings (in target 'GoogleSignIn_GoogleSignIn' from project 'GoogleSignIn')
    cd /Users/aleks/Library/Developer/Xcode/DerivedData/PlanItApp-gkehojshtcbfvhersqwajfujohau/SourcePackages/checkouts/GoogleSignIn-iOS
    builtin-copy -exclude .DS_Store -exclude CVS -exclude .svn -exclude .git -exclude .hg -resolve-src-symlinks /Users/aleks/Library/Developer/Xcode/DerivedData/PlanItApp-gkehojshtcbfvhersqwajfujohau/SourcePackages/checkouts/GoogleSignIn-iOS/GoogleSignIn/Sources/Strings/th.lproj/GoogleSignIn.strings /Users/aleks/Library/Developer/Xcode/DerivedData/PlanItApp-gkehojshtcbfvhersqwajfujohau/Build/Products/Debug-iphonesimulator/GoogleSignIn_GoogleSignIn.bundle/th.lproj

CpResource /Users/aleks/Library/Developer/Xcode/DerivedData/PlanItApp-gkehojshtcbfvhersqwajfujohau/Build/Products/Debug-iphonesimulator/GoogleSignIn_GoogleSignIn.bundle/sv.lproj/GoogleSignIn.strings /Users/aleks/Library/Developer/Xcode/DerivedData/PlanItApp-gkehojshtcbfvhersqwajfujohau/SourcePackages/checkouts/GoogleSignIn-iOS/GoogleSignIn/Sources/Strings/sv.lproj/GoogleSignIn.strings (in target 'GoogleSignIn_GoogleSignIn' from project 'GoogleSignIn')
    cd /Users/aleks/Library/Developer/Xcode/DerivedData/PlanItApp-gkehojshtcbfvhersqwajfujohau/SourcePackages/checkouts/GoogleSignIn-iOS
    builtin-copy -exclude .DS_Store -exclude CVS -exclude .svn -exclude .git -exclude .hg -resolve-src-symlinks /Users/aleks/Library/Developer/Xcode/DerivedData/PlanItApp-gkehojshtcbfvhersqwajfujohau/SourcePackages/checkouts/GoogleSignIn-iOS/GoogleSignIn/Sources/Strings/sv.lproj/GoogleSignIn.strings /Users/aleks/Library/Developer/Xcode/DerivedData/PlanItApp-gkehojshtcbfvhersqwajfujohau/Build/Products/Debug-iphonesimulator/GoogleSignIn_GoogleSignIn.bundle/sv.lproj

CpResource /Users/aleks/Library/Developer/Xcode/DerivedData/PlanItApp-gkehojshtcbfvhersqwajfujohau/Build/Products/Debug-iphonesimulator/GoogleSignIn_GoogleSignIn.bundle/sk.lproj/GoogleSignIn.strings /Users/aleks/Library/Developer/Xcode/DerivedData/PlanItApp-gkehojshtcbfvhersqwajfujohau/SourcePackages/checkouts/GoogleSignIn-iOS/GoogleSignIn/Sources/Strings/sk.lproj/GoogleSignIn.strings (in target 'GoogleSignIn_GoogleSignIn' from project 'GoogleSignIn')
    cd /Users/aleks/Library/Developer/Xcode/DerivedData/PlanItApp-gkehojshtcbfvhersqwajfujohau/SourcePackages/checkouts/GoogleSignIn-iOS
    builtin-copy -exclude .DS_Store -exclude CVS -exclude .svn -exclude .git -exclude .hg -resolve-src-symlinks /Users/aleks/Library/Developer/Xcode/DerivedData/PlanItApp-gkehojshtcbfvhersqwajfujohau/SourcePackages/checkouts/GoogleSignIn-iOS/GoogleSignIn/Sources/Strings/sk.lproj/GoogleSignIn.strings /Users/aleks/Library/Developer/Xcode/DerivedData/PlanItApp-gkehojshtcbfvhersqwajfujohau/Build/Products/Debug-iphonesimulator/GoogleSignIn_GoogleSignIn.bundle/sk.lproj

CpResource /Users/aleks/Library/Developer/Xcode/DerivedData/PlanItApp-gkehojshtcbfvhersqwajfujohau/Build/Products/Debug-iphonesimulator/GoogleSignIn_GoogleSignIn.bundle/ru.lproj/GoogleSignIn.strings /Users/aleks/Library/Developer/Xcode/DerivedData/PlanItApp-gkehojshtcbfvhersqwajfujohau/SourcePackages/checkouts/GoogleSignIn-iOS/GoogleSignIn/Sources/Strings/ru.lproj/GoogleSignIn.strings (in target 'GoogleSignIn_GoogleSignIn' from project 'GoogleSignIn')
    cd /Users/aleks/Library/Developer/Xcode/DerivedData/PlanItApp-gkehojshtcbfvhersqwajfujohau/SourcePackages/checkouts/GoogleSignIn-iOS
    builtin-copy -exclude .DS_Store -exclude CVS -exclude .svn -exclude .git -exclude .hg -resolve-src-symlinks /Users/aleks/Library/Developer/Xcode/DerivedData/PlanItApp-gkehojshtcbfvhersqwajfujohau/SourcePackages/checkouts/GoogleSignIn-iOS/GoogleSignIn/Sources/Strings/ru.lproj/GoogleSignIn.strings /Users/aleks/Library/Developer/Xcode/DerivedData/PlanItApp-gkehojshtcbfvhersqwajfujohau/Build/Products/Debug-iphonesimulator/GoogleSignIn_GoogleSignIn.bundle/ru.lproj

CpResource /Users/aleks/Library/Developer/Xcode/DerivedData/PlanItApp-gkehojshtcbfvhersqwajfujohau/Build/Products/Debug-iphonesimulator/GoogleSignIn_GoogleSignIn.bundle/ro.lproj/GoogleSignIn.strings /Users/aleks/Library/Developer/Xcode/DerivedData/PlanItApp-gkehojshtcbfvhersqwajfujohau/SourcePackages/checkouts/GoogleSignIn-iOS/GoogleSignIn/Sources/Strings/ro.lproj/GoogleSignIn.strings (in target 'GoogleSignIn_GoogleSignIn' from project 'GoogleSignIn')
    cd /Users/aleks/Library/Developer/Xcode/DerivedData/PlanItApp-gkehojshtcbfvhersqwajfujohau/SourcePackages/checkouts/GoogleSignIn-iOS
    builtin-copy -exclude .DS_Store -exclude CVS -exclude .svn -exclude .git -exclude .hg -resolve-src-symlinks /Users/aleks/Library/Developer/Xcode/DerivedData/PlanItApp-gkehojshtcbfvhersqwajfujohau/SourcePackages/checkouts/GoogleSignIn-iOS/GoogleSignIn/Sources/Strings/ro.lproj/GoogleSignIn.strings /Users/aleks/Library/Developer/Xcode/DerivedData/PlanItApp-gkehojshtcbfvhersqwajfujohau/Build/Products/Debug-iphonesimulator/GoogleSignIn_GoogleSignIn.bundle/ro.lproj

CpResource /Users/aleks/Library/Developer/Xcode/DerivedData/PlanItApp-gkehojshtcbfvhersqwajfujohau/Build/Products/Debug-iphonesimulator/GoogleSignIn_GoogleSignIn.bundle/pt_PT.lproj/GoogleSignIn.strings /Users/aleks/Library/Developer/Xcode/DerivedData/PlanItApp-gkehojshtcbfvhersqwajfujohau/SourcePackages/checkouts/GoogleSignIn-iOS/GoogleSignIn/Sources/Strings/pt_PT.lproj/GoogleSignIn.strings (in target 'GoogleSignIn_GoogleSignIn' from project 'GoogleSignIn')
    cd /Users/aleks/Library/Developer/Xcode/DerivedData/PlanItApp-gkehojshtcbfvhersqwajfujohau/SourcePackages/checkouts/GoogleSignIn-iOS
    builtin-copy -exclude .DS_Store -exclude CVS -exclude .svn -exclude .git -exclude .hg -resolve-src-symlinks /Users/aleks/Library/Developer/Xcode/DerivedData/PlanItApp-gkehojshtcbfvhersqwajfujohau/SourcePackages/checkouts/GoogleSignIn-iOS/GoogleSignIn/Sources/Strings/pt_PT.lproj/GoogleSignIn.strings /Users/aleks/Library/Developer/Xcode/DerivedData/PlanItApp-gkehojshtcbfvhersqwajfujohau/Build/Products/Debug-iphonesimulator/GoogleSignIn_GoogleSignIn.bundle/pt_PT.lproj

CpResource /Users/aleks/Library/Developer/Xcode/DerivedData/PlanItApp-gkehojshtcbfvhersqwajfujohau/Build/Products/Debug-iphonesimulator/GoogleSignIn_GoogleSignIn.bundle/pt_BR.lproj/GoogleSignIn.strings /Users/aleks/Library/Developer/Xcode/DerivedData/PlanItApp-gkehojshtcbfvhersqwajfujohau/SourcePackages/checkouts/GoogleSignIn-iOS/GoogleSignIn/Sources/Strings/pt_BR.lproj/GoogleSignIn.strings (in target 'GoogleSignIn_GoogleSignIn' from project 'GoogleSignIn')
    cd /Users/aleks/Library/Developer/Xcode/DerivedData/PlanItApp-gkehojshtcbfvhersqwajfujohau/SourcePackages/checkouts/GoogleSignIn-iOS
    builtin-copy -exclude .DS_Store -exclude CVS -exclude .svn -exclude .git -exclude .hg -resolve-src-symlinks /Users/aleks/Library/Developer/Xcode/DerivedData/PlanItApp-gkehojshtcbfvhersqwajfujohau/SourcePackages/checkouts/GoogleSignIn-iOS/GoogleSignIn/Sources/Strings/pt_BR.lproj/GoogleSignIn.strings /Users/aleks/Library/Developer/Xcode/DerivedData/PlanItApp-gkehojshtcbfvhersqwajfujohau/Build/Products/Debug-iphonesimulator/GoogleSignIn_GoogleSignIn.bundle/pt_BR.lproj

CpResource /Users/aleks/Library/Developer/Xcode/DerivedData/PlanItApp-gkehojshtcbfvhersqwajfujohau/Build/Products/Debug-iphonesimulator/GoogleSignIn_GoogleSignIn.bundle/pt.lproj/GoogleSignIn.strings /Users/aleks/Library/Developer/Xcode/DerivedData/PlanItApp-gkehojshtcbfvhersqwajfujohau/SourcePackages/checkouts/GoogleSignIn-iOS/GoogleSignIn/Sources/Strings/pt.lproj/GoogleSignIn.strings (in target 'GoogleSignIn_GoogleSignIn' from project 'GoogleSignIn')
    cd /Users/aleks/Library/Developer/Xcode/DerivedData/PlanItApp-gkehojshtcbfvhersqwajfujohau/SourcePackages/checkouts/GoogleSignIn-iOS
    builtin-copy -exclude .DS_Store -exclude CVS -exclude .svn -exclude .git -exclude .hg -resolve-src-symlinks /Users/aleks/Library/Developer/Xcode/DerivedData/PlanItApp-gkehojshtcbfvhersqwajfujohau/SourcePackages/checkouts/GoogleSignIn-iOS/GoogleSignIn/Sources/Strings/pt.lproj/GoogleSignIn.strings /Users/aleks/Library/Developer/Xcode/DerivedData/PlanItApp-gkehojshtcbfvhersqwajfujohau/Build/Products/Debug-iphonesimulator/GoogleSignIn_GoogleSignIn.bundle/pt.lproj

CpResource /Users/aleks/Library/Developer/Xcode/DerivedData/PlanItApp-gkehojshtcbfvhersqwajfujohau/Build/Products/Debug-iphonesimulator/GoogleSignIn_GoogleSignIn.bundle/pl.lproj/GoogleSignIn.strings /Users/aleks/Library/Developer/Xcode/DerivedData/PlanItApp-gkehojshtcbfvhersqwajfujohau/SourcePackages/checkouts/GoogleSignIn-iOS/GoogleSignIn/Sources/Strings/pl.lproj/GoogleSignIn.strings (in target 'GoogleSignIn_GoogleSignIn' from project 'GoogleSignIn')
    cd /Users/aleks/Library/Developer/Xcode/DerivedData/PlanItApp-gkehojshtcbfvhersqwajfujohau/SourcePackages/checkouts/GoogleSignIn-iOS
    builtin-copy -exclude .DS_Store -exclude CVS -exclude .svn -exclude .git -exclude .hg -resolve-src-symlinks /Users/aleks/Library/Developer/Xcode/DerivedData/PlanItApp-gkehojshtcbfvhersqwajfujohau/SourcePackages/checkouts/GoogleSignIn-iOS/GoogleSignIn/Sources/Strings/pl.lproj/GoogleSignIn.strings /Users/aleks/Library/Developer/Xcode/DerivedData/PlanItApp-gkehojshtcbfvhersqwajfujohau/Build/Products/Debug-iphonesimulator/GoogleSignIn_GoogleSignIn.bundle/pl.lproj

CpResource /Users/aleks/Library/Developer/Xcode/DerivedData/PlanItApp-gkehojshtcbfvhersqwajfujohau/Build/Products/Debug-iphonesimulator/GoogleSignIn_GoogleSignIn.bundle/nb.lproj/GoogleSignIn.strings /Users/aleks/Library/Developer/Xcode/DerivedData/PlanItApp-gkehojshtcbfvhersqwajfujohau/SourcePackages/checkouts/GoogleSignIn-iOS/GoogleSignIn/Sources/Strings/nb.lproj/GoogleSignIn.strings (in target 'GoogleSignIn_GoogleSignIn' from project 'GoogleSignIn')
    cd /Users/aleks/Library/Developer/Xcode/DerivedData/PlanItApp-gkehojshtcbfvhersqwajfujohau/SourcePackages/checkouts/GoogleSignIn-iOS
    builtin-copy -exclude .DS_Store -exclude CVS -exclude .svn -exclude .git -exclude .hg -resolve-src-symlinks /Users/aleks/Library/Developer/Xcode/DerivedData/PlanItApp-gkehojshtcbfvhersqwajfujohau/SourcePackages/checkouts/GoogleSignIn-iOS/GoogleSignIn/Sources/Strings/nb.lproj/GoogleSignIn.strings /Users/aleks/Library/Developer/Xcode/DerivedData/PlanItApp-gkehojshtcbfvhersqwajfujohau/Build/Products/Debug-iphonesimulator/GoogleSignIn_GoogleSignIn.bundle/nb.lproj

CpResource /Users/aleks/Library/Developer/Xcode/DerivedData/PlanItApp-gkehojshtcbfvhersqwajfujohau/Build/Products/Debug-iphonesimulator/GoogleSignIn_GoogleSignIn.bundle/ms.lproj/GoogleSignIn.strings /Users/aleks/Library/Developer/Xcode/DerivedData/PlanItApp-gkehojshtcbfvhersqwajfujohau/SourcePackages/checkouts/GoogleSignIn-iOS/GoogleSignIn/Sources/Strings/ms.lproj/GoogleSignIn.strings (in target 'GoogleSignIn_GoogleSignIn' from project 'GoogleSignIn')
    cd /Users/aleks/Library/Developer/Xcode/DerivedData/PlanItApp-gkehojshtcbfvhersqwajfujohau/SourcePackages/checkouts/GoogleSignIn-iOS
    builtin-copy -exclude .DS_Store -exclude CVS -exclude .svn -exclude .git -exclude .hg -resolve-src-symlinks /Users/aleks/Library/Developer/Xcode/DerivedData/PlanItApp-gkehojshtcbfvhersqwajfujohau/SourcePackages/checkouts/GoogleSignIn-iOS/GoogleSignIn/Sources/Strings/ms.lproj/GoogleSignIn.strings /Users/aleks/Library/Developer/Xcode/DerivedData/PlanItApp-gkehojshtcbfvhersqwajfujohau/Build/Products/Debug-iphonesimulator/GoogleSignIn_GoogleSignIn.bundle/ms.lproj

CpResource /Users/aleks/Library/Developer/Xcode/DerivedData/PlanItApp-gkehojshtcbfvhersqwajfujohau/Build/Products/Debug-iphonesimulator/GoogleSignIn_GoogleSignIn.bundle/nl.lproj/GoogleSignIn.strings /Users/aleks/Library/Developer/Xcode/DerivedData/PlanItApp-gkehojshtcbfvhersqwajfujohau/SourcePackages/checkouts/GoogleSignIn-iOS/GoogleSignIn/Sources/Strings/nl.lproj/GoogleSignIn.strings (in target 'GoogleSignIn_GoogleSignIn' from project 'GoogleSignIn')
    cd /Users/aleks/Library/Developer/Xcode/DerivedData/PlanItApp-gkehojshtcbfvhersqwajfujohau/SourcePackages/checkouts/GoogleSignIn-iOS
    builtin-copy -exclude .DS_Store -exclude CVS -exclude .svn -exclude .git -exclude .hg -resolve-src-symlinks /Users/aleks/Library/Developer/Xcode/DerivedData/PlanItApp-gkehojshtcbfvhersqwajfujohau/SourcePackages/checkouts/GoogleSignIn-iOS/GoogleSignIn/Sources/Strings/nl.lproj/GoogleSignIn.strings /Users/aleks/Library/Developer/Xcode/DerivedData/PlanItApp-gkehojshtcbfvhersqwajfujohau/Build/Products/Debug-iphonesimulator/GoogleSignIn_GoogleSignIn.bundle/nl.lproj

CpResource /Users/aleks/Library/Developer/Xcode/DerivedData/PlanItApp-gkehojshtcbfvhersqwajfujohau/Build/Products/Debug-iphonesimulator/GoogleSignIn_GoogleSignIn.bundle/ko.lproj/GoogleSignIn.strings /Users/aleks/Library/Developer/Xcode/DerivedData/PlanItApp-gkehojshtcbfvhersqwajfujohau/SourcePackages/checkouts/GoogleSignIn-iOS/GoogleSignIn/Sources/Strings/ko.lproj/GoogleSignIn.strings (in target 'GoogleSignIn_GoogleSignIn' from project 'GoogleSignIn')
    cd /Users/aleks/Library/Developer/Xcode/DerivedData/PlanItApp-gkehojshtcbfvhersqwajfujohau/SourcePackages/checkouts/GoogleSignIn-iOS
    builtin-copy -exclude .DS_Store -exclude CVS -exclude .svn -exclude .git -exclude .hg -resolve-src-symlinks /Users/aleks/Library/Developer/Xcode/DerivedData/PlanItApp-gkehojshtcbfvhersqwajfujohau/SourcePackages/checkouts/GoogleSignIn-iOS/GoogleSignIn/Sources/Strings/ko.lproj/GoogleSignIn.strings /Users/aleks/Library/Developer/Xcode/DerivedData/PlanItApp-gkehojshtcbfvhersqwajfujohau/Build/Products/Debug-iphonesimulator/GoogleSignIn_GoogleSignIn.bundle/ko.lproj

CpResource /Users/aleks/Library/Developer/Xcode/DerivedData/PlanItApp-gkehojshtcbfvhersqwajfujohau/Build/Products/Debug-iphonesimulator/GoogleSignIn_GoogleSignIn.bundle/ja.lproj/GoogleSignIn.strings /Users/aleks/Library/Developer/Xcode/DerivedData/PlanItApp-gkehojshtcbfvhersqwajfujohau/SourcePackages/checkouts/GoogleSignIn-iOS/GoogleSignIn/Sources/Strings/ja.lproj/GoogleSignIn.strings (in target 'GoogleSignIn_GoogleSignIn' from project 'GoogleSignIn')
    cd /Users/aleks/Library/Developer/Xcode/DerivedData/PlanItApp-gkehojshtcbfvhersqwajfujohau/SourcePackages/checkouts/GoogleSignIn-iOS
    builtin-copy -exclude .DS_Store -exclude CVS -exclude .svn -exclude .git -exclude .hg -resolve-src-symlinks /Users/aleks/Library/Developer/Xcode/DerivedData/PlanItApp-gkehojshtcbfvhersqwajfujohau/SourcePackages/checkouts/GoogleSignIn-iOS/GoogleSignIn/Sources/Strings/ja.lproj/GoogleSignIn.strings /Users/aleks/Library/Developer/Xcode/DerivedData/PlanItApp-gkehojshtcbfvhersqwajfujohau/Build/Products/Debug-iphonesimulator/GoogleSignIn_GoogleSignIn.bundle/ja.lproj

CpResource /Users/aleks/Library/Developer/Xcode/DerivedData/PlanItApp-gkehojshtcbfvhersqwajfujohau/Build/Products/Debug-iphonesimulator/GoogleSignIn_GoogleSignIn.bundle/it.lproj/GoogleSignIn.strings /Users/aleks/Library/Developer/Xcode/DerivedData/PlanItApp-gkehojshtcbfvhersqwajfujohau/SourcePackages/checkouts/GoogleSignIn-iOS/GoogleSignIn/Sources/Strings/it.lproj/GoogleSignIn.strings (in target 'GoogleSignIn_GoogleSignIn' from project 'GoogleSignIn')
    cd /Users/aleks/Library/Developer/Xcode/DerivedData/PlanItApp-gkehojshtcbfvhersqwajfujohau/SourcePackages/checkouts/GoogleSignIn-iOS
    builtin-copy -exclude .DS_Store -exclude CVS -exclude .svn -exclude .git -exclude .hg -resolve-src-symlinks /Users/aleks/Library/Developer/Xcode/DerivedData/PlanItApp-gkehojshtcbfvhersqwajfujohau/SourcePackages/checkouts/GoogleSignIn-iOS/GoogleSignIn/Sources/Strings/it.lproj/GoogleSignIn.strings /Users/aleks/Library/Developer/Xcode/DerivedData/PlanItApp-gkehojshtcbfvhersqwajfujohau/Build/Products/Debug-iphonesimulator/GoogleSignIn_GoogleSignIn.bundle/it.lproj

CpResource /Users/aleks/Library/Developer/Xcode/DerivedData/PlanItApp-gkehojshtcbfvhersqwajfujohau/Build/Products/Debug-iphonesimulator/GoogleSignIn_GoogleSignIn.bundle/id.lproj/GoogleSignIn.strings /Users/aleks/Library/Developer/Xcode/DerivedData/PlanItApp-gkehojshtcbfvhersqwajfujohau/SourcePackages/checkouts/GoogleSignIn-iOS/GoogleSignIn/Sources/Strings/id.lproj/GoogleSignIn.strings (in target 'GoogleSignIn_GoogleSignIn' from project 'GoogleSignIn')
    cd /Users/aleks/Library/Developer/Xcode/DerivedData/PlanItApp-gkehojshtcbfvhersqwajfujohau/SourcePackages/checkouts/GoogleSignIn-iOS
    builtin-copy -exclude .DS_Store -exclude CVS -exclude .svn -exclude .git -exclude .hg -resolve-src-symlinks /Users/aleks/Library/Developer/Xcode/DerivedData/PlanItApp-gkehojshtcbfvhersqwajfujohau/SourcePackages/checkouts/GoogleSignIn-iOS/GoogleSignIn/Sources/Strings/id.lproj/GoogleSignIn.strings /Users/aleks/Library/Developer/Xcode/DerivedData/PlanItApp-gkehojshtcbfvhersqwajfujohau/Build/Products/Debug-iphonesimulator/GoogleSignIn_GoogleSignIn.bundle/id.lproj

CpResource /Users/aleks/Library/Developer/Xcode/DerivedData/PlanItApp-gkehojshtcbfvhersqwajfujohau/Build/Products/Debug-iphonesimulator/GoogleSignIn_GoogleSignIn.bundle/hu.lproj/GoogleSignIn.strings /Users/aleks/Library/Developer/Xcode/DerivedData/PlanItApp-gkehojshtcbfvhersqwajfujohau/SourcePackages/checkouts/GoogleSignIn-iOS/GoogleSignIn/Sources/Strings/hu.lproj/GoogleSignIn.strings (in target 'GoogleSignIn_GoogleSignIn' from project 'GoogleSignIn')
    cd /Users/aleks/Library/Developer/Xcode/DerivedData/PlanItApp-gkehojshtcbfvhersqwajfujohau/SourcePackages/checkouts/GoogleSignIn-iOS
    builtin-copy -exclude .DS_Store -exclude CVS -exclude .svn -exclude .git -exclude .hg -resolve-src-symlinks /Users/aleks/Library/Developer/Xcode/DerivedData/PlanItApp-gkehojshtcbfvhersqwajfujohau/SourcePackages/checkouts/GoogleSignIn-iOS/GoogleSignIn/Sources/Strings/hu.lproj/GoogleSignIn.strings /Users/aleks/Library/Developer/Xcode/DerivedData/PlanItApp-gkehojshtcbfvhersqwajfujohau/Build/Products/Debug-iphonesimulator/GoogleSignIn_GoogleSignIn.bundle/hu.lproj

CpResource /Users/aleks/Library/Developer/Xcode/DerivedData/PlanItApp-gkehojshtcbfvhersqwajfujohau/Build/Products/Debug-iphonesimulator/GoogleSignIn_GoogleSignIn.bundle/hr.lproj/GoogleSignIn.strings /Users/aleks/Library/Developer/Xcode/DerivedData/PlanItApp-gkehojshtcbfvhersqwajfujohau/SourcePackages/checkouts/GoogleSignIn-iOS/GoogleSignIn/Sources/Strings/hr.lproj/GoogleSignIn.strings (in target 'GoogleSignIn_GoogleSignIn' from project 'GoogleSignIn')
    cd /Users/aleks/Library/Developer/Xcode/DerivedData/PlanItApp-gkehojshtcbfvhersqwajfujohau/SourcePackages/checkouts/GoogleSignIn-iOS
    builtin-copy -exclude .DS_Store -exclude CVS -exclude .svn -exclude .git -exclude .hg -resolve-src-symlinks /Users/aleks/Library/Developer/Xcode/DerivedData/PlanItApp-gkehojshtcbfvhersqwajfujohau/SourcePackages/checkouts/GoogleSignIn-iOS/GoogleSignIn/Sources/Strings/hr.lproj/GoogleSignIn.strings /Users/aleks/Library/Developer/Xcode/DerivedData/PlanItApp-gkehojshtcbfvhersqwajfujohau/Build/Products/Debug-iphonesimulator/GoogleSignIn_GoogleSignIn.bundle/hr.lproj

CpResource /Users/aleks/Library/Developer/Xcode/DerivedData/PlanItApp-gkehojshtcbfvhersqwajfujohau/Build/Products/Debug-iphonesimulator/GoogleSignIn_GoogleSignIn.bundle/hi.lproj/GoogleSignIn.strings /Users/aleks/Library/Developer/Xcode/DerivedData/PlanItApp-gkehojshtcbfvhersqwajfujohau/SourcePackages/checkouts/GoogleSignIn-iOS/GoogleSignIn/Sources/Strings/hi.lproj/GoogleSignIn.strings (in target 'GoogleSignIn_GoogleSignIn' from project 'GoogleSignIn')
    cd /Users/aleks/Library/Developer/Xcode/DerivedData/PlanItApp-gkehojshtcbfvhersqwajfujohau/SourcePackages/checkouts/GoogleSignIn-iOS
    builtin-copy -exclude .DS_Store -exclude CVS -exclude .svn -exclude .git -exclude .hg -resolve-src-symlinks /Users/aleks/Library/Developer/Xcode/DerivedData/PlanItApp-gkehojshtcbfvhersqwajfujohau/SourcePackages/checkouts/GoogleSignIn-iOS/GoogleSignIn/Sources/Strings/hi.lproj/GoogleSignIn.strings /Users/aleks/Library/Developer/Xcode/DerivedData/PlanItApp-gkehojshtcbfvhersqwajfujohau/Build/Products/Debug-iphonesimulator/GoogleSignIn_GoogleSignIn.bundle/hi.lproj

CpResource /Users/aleks/Library/Developer/Xcode/DerivedData/PlanItApp-gkehojshtcbfvhersqwajfujohau/Build/Products/Debug-iphonesimulator/GoogleSignIn_GoogleSignIn.bundle/he.lproj/GoogleSignIn.strings /Users/aleks/Library/Developer/Xcode/DerivedData/PlanItApp-gkehojshtcbfvhersqwajfujohau/SourcePackages/checkouts/GoogleSignIn-iOS/GoogleSignIn/Sources/Strings/he.lproj/GoogleSignIn.strings (in target 'GoogleSignIn_GoogleSignIn' from project 'GoogleSignIn')
    cd /Users/aleks/Library/Developer/Xcode/DerivedData/PlanItApp-gkehojshtcbfvhersqwajfujohau/SourcePackages/checkouts/GoogleSignIn-iOS
    builtin-copy -exclude .DS_Store -exclude CVS -exclude .svn -exclude .git -exclude .hg -resolve-src-symlinks /Users/aleks/Library/Developer/Xcode/DerivedData/PlanItApp-gkehojshtcbfvhersqwajfujohau/SourcePackages/checkouts/GoogleSignIn-iOS/GoogleSignIn/Sources/Strings/he.lproj/GoogleSignIn.strings /Users/aleks/Library/Developer/Xcode/DerivedData/PlanItApp-gkehojshtcbfvhersqwajfujohau/Build/Products/Debug-iphonesimulator/GoogleSignIn_GoogleSignIn.bundle/he.lproj

CpResource /Users/aleks/Library/Developer/Xcode/DerivedData/PlanItApp-gkehojshtcbfvhersqwajfujohau/Build/Products/Debug-iphonesimulator/GoogleSignIn_GoogleSignIn.bundle/google@3x.png /Users/aleks/Library/Developer/Xcode/DerivedData/PlanItApp-gkehojshtcbfvhersqwajfujohau/SourcePackages/checkouts/GoogleSignIn-iOS/GoogleSignIn/Sources/Resources/google@3x.png (in target 'GoogleSignIn_GoogleSignIn' from project 'GoogleSignIn')
    cd /Users/aleks/Library/Developer/Xcode/DerivedData/PlanItApp-gkehojshtcbfvhersqwajfujohau/SourcePackages/checkouts/GoogleSignIn-iOS
    builtin-copy -exclude .DS_Store -exclude CVS -exclude .svn -exclude .git -exclude .hg -resolve-src-symlinks /Users/aleks/Library/Developer/Xcode/DerivedData/PlanItApp-gkehojshtcbfvhersqwajfujohau/SourcePackages/checkouts/GoogleSignIn-iOS/GoogleSignIn/Sources/Resources/google@3x.png /Users/aleks/Library/Developer/Xcode/DerivedData/PlanItApp-gkehojshtcbfvhersqwajfujohau/Build/Products/Debug-iphonesimulator/GoogleSignIn_GoogleSignIn.bundle

CpResource /Users/aleks/Library/Developer/Xcode/DerivedData/PlanItApp-gkehojshtcbfvhersqwajfujohau/Build/Products/Debug-iphonesimulator/GoogleSignIn_GoogleSignIn.bundle/google@2x.png /Users/aleks/Library/Developer/Xcode/DerivedData/PlanItApp-gkehojshtcbfvhersqwajfujohau/SourcePackages/checkouts/GoogleSignIn-iOS/GoogleSignIn/Sources/Resources/google@2x.png (in target 'GoogleSignIn_GoogleSignIn' from project 'GoogleSignIn')
    cd /Users/aleks/Library/Developer/Xcode/DerivedData/PlanItApp-gkehojshtcbfvhersqwajfujohau/SourcePackages/checkouts/GoogleSignIn-iOS
    builtin-copy -exclude .DS_Store -exclude CVS -exclude .svn -exclude .git -exclude .hg -resolve-src-symlinks /Users/aleks/Library/Developer/Xcode/DerivedData/PlanItApp-gkehojshtcbfvhersqwajfujohau/SourcePackages/checkouts/GoogleSignIn-iOS/GoogleSignIn/Sources/Resources/google@2x.png /Users/aleks/Library/Developer/Xcode/DerivedData/PlanItApp-gkehojshtcbfvhersqwajfujohau/Build/Products/Debug-iphonesimulator/GoogleSignIn_GoogleSignIn.bundle

CpResource /Users/aleks/Library/Developer/Xcode/DerivedData/PlanItApp-gkehojshtcbfvhersqwajfujohau/Build/Products/Debug-iphonesimulator/GoogleSignIn_GoogleSignIn.bundle/google.png /Users/aleks/Library/Developer/Xcode/DerivedData/PlanItApp-gkehojshtcbfvhersqwajfujohau/SourcePackages/checkouts/GoogleSignIn-iOS/GoogleSignIn/Sources/Resources/google.png (in target 'GoogleSignIn_GoogleSignIn' from project 'GoogleSignIn')
    cd /Users/aleks/Library/Developer/Xcode/DerivedData/PlanItApp-gkehojshtcbfvhersqwajfujohau/SourcePackages/checkouts/GoogleSignIn-iOS
    builtin-copy -exclude .DS_Store -exclude CVS -exclude .svn -exclude .git -exclude .hg -resolve-src-symlinks /Users/aleks/Library/Developer/Xcode/DerivedData/PlanItApp-gkehojshtcbfvhersqwajfujohau/SourcePackages/checkouts/GoogleSignIn-iOS/GoogleSignIn/Sources/Resources/google.png /Users/aleks/Library/Developer/Xcode/DerivedData/PlanItApp-gkehojshtcbfvhersqwajfujohau/Build/Products/Debug-iphonesimulator/GoogleSignIn_GoogleSignIn.bundle

CpResource /Users/aleks/Library/Developer/Xcode/DerivedData/PlanItApp-gkehojshtcbfvhersqwajfujohau/Build/Products/Debug-iphonesimulator/GoogleSignIn_GoogleSignIn.bundle/fr.lproj/GoogleSignIn.strings /Users/aleks/Library/Developer/Xcode/DerivedData/PlanItApp-gkehojshtcbfvhersqwajfujohau/SourcePackages/checkouts/GoogleSignIn-iOS/GoogleSignIn/Sources/Strings/fr.lproj/GoogleSignIn.strings (in target 'GoogleSignIn_GoogleSignIn' from project 'GoogleSignIn')
    cd /Users/aleks/Library/Developer/Xcode/DerivedData/PlanItApp-gkehojshtcbfvhersqwajfujohau/SourcePackages/checkouts/GoogleSignIn-iOS
    builtin-copy -exclude .DS_Store -exclude CVS -exclude .svn -exclude .git -exclude .hg -resolve-src-symlinks /Users/aleks/Library/Developer/Xcode/DerivedData/PlanItApp-gkehojshtcbfvhersqwajfujohau/SourcePackages/checkouts/GoogleSignIn-iOS/GoogleSignIn/Sources/Strings/fr.lproj/GoogleSignIn.strings /Users/aleks/Library/Developer/Xcode/DerivedData/PlanItApp-gkehojshtcbfvhersqwajfujohau/Build/Products/Debug-iphonesimulator/GoogleSignIn_GoogleSignIn.bundle/fr.lproj

CpResource /Users/aleks/Library/Developer/Xcode/DerivedData/PlanItApp-gkehojshtcbfvhersqwajfujohau/Build/Products/Debug-iphonesimulator/GoogleSignIn_GoogleSignIn.bundle/fr_CA.lproj/GoogleSignIn.strings /Users/aleks/Library/Developer/Xcode/DerivedData/PlanItApp-gkehojshtcbfvhersqwajfujohau/SourcePackages/checkouts/GoogleSignIn-iOS/GoogleSignIn/Sources/Strings/fr_CA.lproj/GoogleSignIn.strings (in target 'GoogleSignIn_GoogleSignIn' from project 'GoogleSignIn')
    cd /Users/aleks/Library/Developer/Xcode/DerivedData/PlanItApp-gkehojshtcbfvhersqwajfujohau/SourcePackages/checkouts/GoogleSignIn-iOS
    builtin-copy -exclude .DS_Store -exclude CVS -exclude .svn -exclude .git -exclude .hg -resolve-src-symlinks /Users/aleks/Library/Developer/Xcode/DerivedData/PlanItApp-gkehojshtcbfvhersqwajfujohau/SourcePackages/checkouts/GoogleSignIn-iOS/GoogleSignIn/Sources/Strings/fr_CA.lproj/GoogleSignIn.strings /Users/aleks/Library/Developer/Xcode/DerivedData/PlanItApp-gkehojshtcbfvhersqwajfujohau/Build/Products/Debug-iphonesimulator/GoogleSignIn_GoogleSignIn.bundle/fr_CA.lproj

CpResource /Users/aleks/Library/Developer/Xcode/DerivedData/PlanItApp-gkehojshtcbfvhersqwajfujohau/Build/Products/Debug-iphonesimulator/GoogleSignIn_GoogleSignIn.bundle/fi.lproj/GoogleSignIn.strings /Users/aleks/Library/Developer/Xcode/DerivedData/PlanItApp-gkehojshtcbfvhersqwajfujohau/SourcePackages/checkouts/GoogleSignIn-iOS/GoogleSignIn/Sources/Strings/fi.lproj/GoogleSignIn.strings (in target 'GoogleSignIn_GoogleSignIn' from project 'GoogleSignIn')
    cd /Users/aleks/Library/Developer/Xcode/DerivedData/PlanItApp-gkehojshtcbfvhersqwajfujohau/SourcePackages/checkouts/GoogleSignIn-iOS
    builtin-copy -exclude .DS_Store -exclude CVS -exclude .svn -exclude .git -exclude .hg -resolve-src-symlinks /Users/aleks/Library/Developer/Xcode/DerivedData/PlanItApp-gkehojshtcbfvhersqwajfujohau/SourcePackages/checkouts/GoogleSignIn-iOS/GoogleSignIn/Sources/Strings/fi.lproj/GoogleSignIn.strings /Users/aleks/Library/Developer/Xcode/DerivedData/PlanItApp-gkehojshtcbfvhersqwajfujohau/Build/Products/Debug-iphonesimulator/GoogleSignIn_GoogleSignIn.bundle/fi.lproj

CpResource /Users/aleks/Library/Developer/Xcode/DerivedData/PlanItApp-gkehojshtcbfvhersqwajfujohau/Build/Products/Debug-iphonesimulator/GoogleSignIn_GoogleSignIn.bundle/es_MX.lproj/GoogleSignIn.strings /Users/aleks/Library/Developer/Xcode/DerivedData/PlanItApp-gkehojshtcbfvhersqwajfujohau/SourcePackages/checkouts/GoogleSignIn-iOS/GoogleSignIn/Sources/Strings/es_MX.lproj/GoogleSignIn.strings (in target 'GoogleSignIn_GoogleSignIn' from project 'GoogleSignIn')
    cd /Users/aleks/Library/Developer/Xcode/DerivedData/PlanItApp-gkehojshtcbfvhersqwajfujohau/SourcePackages/checkouts/GoogleSignIn-iOS
    builtin-copy -exclude .DS_Store -exclude CVS -exclude .svn -exclude .git -exclude .hg -resolve-src-symlinks /Users/aleks/Library/Developer/Xcode/DerivedData/PlanItApp-gkehojshtcbfvhersqwajfujohau/SourcePackages/checkouts/GoogleSignIn-iOS/GoogleSignIn/Sources/Strings/es_MX.lproj/GoogleSignIn.strings /Users/aleks/Library/Developer/Xcode/DerivedData/PlanItApp-gkehojshtcbfvhersqwajfujohau/Build/Products/Debug-iphonesimulator/GoogleSignIn_GoogleSignIn.bundle/es_MX.lproj

CpResource /Users/aleks/Library/Developer/Xcode/DerivedData/PlanItApp-gkehojshtcbfvhersqwajfujohau/Build/Products/Debug-iphonesimulator/GoogleSignIn_GoogleSignIn.bundle/es.lproj/GoogleSignIn.strings /Users/aleks/Library/Developer/Xcode/DerivedData/PlanItApp-gkehojshtcbfvhersqwajfujohau/SourcePackages/checkouts/GoogleSignIn-iOS/GoogleSignIn/Sources/Strings/es.lproj/GoogleSignIn.strings (in target 'GoogleSignIn_GoogleSignIn' from project 'GoogleSignIn')
    cd /Users/aleks/Library/Developer/Xcode/DerivedData/PlanItApp-gkehojshtcbfvhersqwajfujohau/SourcePackages/checkouts/GoogleSignIn-iOS
    builtin-copy -exclude .DS_Store -exclude CVS -exclude .svn -exclude .git -exclude .hg -resolve-src-symlinks /Users/aleks/Library/Developer/Xcode/DerivedData/PlanItApp-gkehojshtcbfvhersqwajfujohau/SourcePackages/checkouts/GoogleSignIn-iOS/GoogleSignIn/Sources/Strings/es.lproj/GoogleSignIn.strings /Users/aleks/Library/Developer/Xcode/DerivedData/PlanItApp-gkehojshtcbfvhersqwajfujohau/Build/Products/Debug-iphonesimulator/GoogleSignIn_GoogleSignIn.bundle/es.lproj

CpResource /Users/aleks/Library/Developer/Xcode/DerivedData/PlanItApp-gkehojshtcbfvhersqwajfujohau/Build/Products/Debug-iphonesimulator/GoogleSignIn_GoogleSignIn.bundle/en_GB.lproj/GoogleSignIn.strings /Users/aleks/Library/Developer/Xcode/DerivedData/PlanItApp-gkehojshtcbfvhersqwajfujohau/SourcePackages/checkouts/GoogleSignIn-iOS/GoogleSignIn/Sources/Strings/en_GB.lproj/GoogleSignIn.strings (in target 'GoogleSignIn_GoogleSignIn' from project 'GoogleSignIn')
    cd /Users/aleks/Library/Developer/Xcode/DerivedData/PlanItApp-gkehojshtcbfvhersqwajfujohau/SourcePackages/checkouts/GoogleSignIn-iOS
    builtin-copy -exclude .DS_Store -exclude CVS -exclude .svn -exclude .git -exclude .hg -resolve-src-symlinks /Users/aleks/Library/Developer/Xcode/DerivedData/PlanItApp-gkehojshtcbfvhersqwajfujohau/SourcePackages/checkouts/GoogleSignIn-iOS/GoogleSignIn/Sources/Strings/en_GB.lproj/GoogleSignIn.strings /Users/aleks/Library/Developer/Xcode/DerivedData/PlanItApp-gkehojshtcbfvhersqwajfujohau/Build/Products/Debug-iphonesimulator/GoogleSignIn_GoogleSignIn.bundle/en_GB.lproj

CpResource /Users/aleks/Library/Developer/Xcode/DerivedData/PlanItApp-gkehojshtcbfvhersqwajfujohau/Build/Products/Debug-iphonesimulator/GoogleSignIn_GoogleSignIn.bundle/en.lproj/GoogleSignIn.strings /Users/aleks/Library/Developer/Xcode/DerivedData/PlanItApp-gkehojshtcbfvhersqwajfujohau/SourcePackages/checkouts/GoogleSignIn-iOS/GoogleSignIn/Sources/Strings/en.lproj/GoogleSignIn.strings (in target 'GoogleSignIn_GoogleSignIn' from project 'GoogleSignIn')
    cd /Users/aleks/Library/Developer/Xcode/DerivedData/PlanItApp-gkehojshtcbfvhersqwajfujohau/SourcePackages/checkouts/GoogleSignIn-iOS
    builtin-copy -exclude .DS_Store -exclude CVS -exclude .svn -exclude .git -exclude .hg -resolve-src-symlinks /Users/aleks/Library/Developer/Xcode/DerivedData/PlanItApp-gkehojshtcbfvhersqwajfujohau/SourcePackages/checkouts/GoogleSignIn-iOS/GoogleSignIn/Sources/Strings/en.lproj/GoogleSignIn.strings /Users/aleks/Library/Developer/Xcode/DerivedData/PlanItApp-gkehojshtcbfvhersqwajfujohau/Build/Products/Debug-iphonesimulator/GoogleSignIn_GoogleSignIn.bundle/en.lproj

CpResource /Users/aleks/Library/Developer/Xcode/DerivedData/PlanItApp-gkehojshtcbfvhersqwajfujohau/Build/Products/Debug-iphonesimulator/GoogleSignIn_GoogleSignIn.bundle/el.lproj/GoogleSignIn.strings /Users/aleks/Library/Developer/Xcode/DerivedData/PlanItApp-gkehojshtcbfvhersqwajfujohau/SourcePackages/checkouts/GoogleSignIn-iOS/GoogleSignIn/Sources/Strings/el.lproj/GoogleSignIn.strings (in target 'GoogleSignIn_GoogleSignIn' from project 'GoogleSignIn')
    cd /Users/aleks/Library/Developer/Xcode/DerivedData/PlanItApp-gkehojshtcbfvhersqwajfujohau/SourcePackages/checkouts/GoogleSignIn-iOS
    builtin-copy -exclude .DS_Store -exclude CVS -exclude .svn -exclude .git -exclude .hg -resolve-src-symlinks /Users/aleks/Library/Developer/Xcode/DerivedData/PlanItApp-gkehojshtcbfvhersqwajfujohau/SourcePackages/checkouts/GoogleSignIn-iOS/GoogleSignIn/Sources/Strings/el.lproj/GoogleSignIn.strings /Users/aleks/Library/Developer/Xcode/DerivedData/PlanItApp-gkehojshtcbfvhersqwajfujohau/Build/Products/Debug-iphonesimulator/GoogleSignIn_GoogleSignIn.bundle/el.lproj

CpResource /Users/aleks/Library/Developer/Xcode/DerivedData/PlanItApp-gkehojshtcbfvhersqwajfujohau/Build/Products/Debug-iphonesimulator/GoogleSignIn_GoogleSignIn.bundle/de.lproj/GoogleSignIn.strings /Users/aleks/Library/Developer/Xcode/DerivedData/PlanItApp-gkehojshtcbfvhersqwajfujohau/SourcePackages/checkouts/GoogleSignIn-iOS/GoogleSignIn/Sources/Strings/de.lproj/GoogleSignIn.strings (in target 'GoogleSignIn_GoogleSignIn' from project 'GoogleSignIn')
    cd /Users/aleks/Library/Developer/Xcode/DerivedData/PlanItApp-gkehojshtcbfvhersqwajfujohau/SourcePackages/checkouts/GoogleSignIn-iOS
    builtin-copy -exclude .DS_Store -exclude CVS -exclude .svn -exclude .git -exclude .hg -resolve-src-symlinks /Users/aleks/Library/Developer/Xcode/DerivedData/PlanItApp-gkehojshtcbfvhersqwajfujohau/SourcePackages/checkouts/GoogleSignIn-iOS/GoogleSignIn/Sources/Strings/de.lproj/GoogleSignIn.strings /Users/aleks/Library/Developer/Xcode/DerivedData/PlanItApp-gkehojshtcbfvhersqwajfujohau/Build/Products/Debug-iphonesimulator/GoogleSignIn_GoogleSignIn.bundle/de.lproj

CpResource /Users/aleks/Library/Developer/Xcode/DerivedData/PlanItApp-gkehojshtcbfvhersqwajfujohau/Build/Products/Debug-iphonesimulator/GoogleSignIn_GoogleSignIn.bundle/da.lproj/GoogleSignIn.strings /Users/aleks/Library/Developer/Xcode/DerivedData/PlanItApp-gkehojshtcbfvhersqwajfujohau/SourcePackages/checkouts/GoogleSignIn-iOS/GoogleSignIn/Sources/Strings/da.lproj/GoogleSignIn.strings (in target 'GoogleSignIn_GoogleSignIn' from project 'GoogleSignIn')
    cd /Users/aleks/Library/Developer/Xcode/DerivedData/PlanItApp-gkehojshtcbfvhersqwajfujohau/SourcePackages/checkouts/GoogleSignIn-iOS
    builtin-copy -exclude .DS_Store -exclude CVS -exclude .svn -exclude .git -exclude .hg -resolve-src-symlinks /Users/aleks/Library/Developer/Xcode/DerivedData/PlanItApp-gkehojshtcbfvhersqwajfujohau/SourcePackages/checkouts/GoogleSignIn-iOS/GoogleSignIn/Sources/Strings/da.lproj/GoogleSignIn.strings /Users/aleks/Library/Developer/Xcode/DerivedData/PlanItApp-gkehojshtcbfvhersqwajfujohau/Build/Products/Debug-iphonesimulator/GoogleSignIn_GoogleSignIn.bundle/da.lproj

CpResource /Users/aleks/Library/Developer/Xcode/DerivedData/PlanItApp-gkehojshtcbfvhersqwajfujohau/Build/Products/Debug-iphonesimulator/GoogleSignIn_GoogleSignIn.bundle/cs.lproj/GoogleSignIn.strings /Users/aleks/Library/Developer/Xcode/DerivedData/PlanItApp-gkehojshtcbfvhersqwajfujohau/SourcePackages/checkouts/GoogleSignIn-iOS/GoogleSignIn/Sources/Strings/cs.lproj/GoogleSignIn.strings (in target 'GoogleSignIn_GoogleSignIn' from project 'GoogleSignIn')
    cd /Users/aleks/Library/Developer/Xcode/DerivedData/PlanItApp-gkehojshtcbfvhersqwajfujohau/SourcePackages/checkouts/GoogleSignIn-iOS
    builtin-copy -exclude .DS_Store -exclude CVS -exclude .svn -exclude .git -exclude .hg -resolve-src-symlinks /Users/aleks/Library/Developer/Xcode/DerivedData/PlanItApp-gkehojshtcbfvhersqwajfujohau/SourcePackages/checkouts/GoogleSignIn-iOS/GoogleSignIn/Sources/Strings/cs.lproj/GoogleSignIn.strings /Users/aleks/Library/Developer/Xcode/DerivedData/PlanItApp-gkehojshtcbfvhersqwajfujohau/Build/Products/Debug-iphonesimulator/GoogleSignIn_GoogleSignIn.bundle/cs.lproj

CpResource /Users/aleks/Library/Developer/Xcode/DerivedData/PlanItApp-gkehojshtcbfvhersqwajfujohau/Build/Products/Debug-iphonesimulator/GoogleSignIn_GoogleSignIn.bundle/ca.lproj/GoogleSignIn.strings /Users/aleks/Library/Developer/Xcode/DerivedData/PlanItApp-gkehojshtcbfvhersqwajfujohau/SourcePackages/checkouts/GoogleSignIn-iOS/GoogleSignIn/Sources/Strings/ca.lproj/GoogleSignIn.strings (in target 'GoogleSignIn_GoogleSignIn' from project 'GoogleSignIn')
    cd /Users/aleks/Library/Developer/Xcode/DerivedData/PlanItApp-gkehojshtcbfvhersqwajfujohau/SourcePackages/checkouts/GoogleSignIn-iOS
    builtin-copy -exclude .DS_Store -exclude CVS -exclude .svn -exclude .git -exclude .hg -resolve-src-symlinks /Users/aleks/Library/Developer/Xcode/DerivedData/PlanItApp-gkehojshtcbfvhersqwajfujohau/SourcePackages/checkouts/GoogleSignIn-iOS/GoogleSignIn/Sources/Strings/ca.lproj/GoogleSignIn.strings /Users/aleks/Library/Developer/Xcode/DerivedData/PlanItApp-gkehojshtcbfvhersqwajfujohau/Build/Products/Debug-iphonesimulator/GoogleSignIn_GoogleSignIn.bundle/ca.lproj

CpResource /Users/aleks/Library/Developer/Xcode/DerivedData/PlanItApp-gkehojshtcbfvhersqwajfujohau/Build/Products/Debug-iphonesimulator/GoogleSignIn_GoogleSignIn.bundle/ar.lproj/GoogleSignIn.strings /Users/aleks/Library/Developer/Xcode/DerivedData/PlanItApp-gkehojshtcbfvhersqwajfujohau/SourcePackages/checkouts/GoogleSignIn-iOS/GoogleSignIn/Sources/Strings/ar.lproj/GoogleSignIn.strings (in target 'GoogleSignIn_GoogleSignIn' from project 'GoogleSignIn')
    cd /Users/aleks/Library/Developer/Xcode/DerivedData/PlanItApp-gkehojshtcbfvhersqwajfujohau/SourcePackages/checkouts/GoogleSignIn-iOS
    builtin-copy -exclude .DS_Store -exclude CVS -exclude .svn -exclude .git -exclude .hg -resolve-src-symlinks /Users/aleks/Library/Developer/Xcode/DerivedData/PlanItApp-gkehojshtcbfvhersqwajfujohau/SourcePackages/checkouts/GoogleSignIn-iOS/GoogleSignIn/Sources/Strings/ar.lproj/GoogleSignIn.strings /Users/aleks/Library/Developer/Xcode/DerivedData/PlanItApp-gkehojshtcbfvhersqwajfujohau/Build/Products/Debug-iphonesimulator/GoogleSignIn_GoogleSignIn.bundle/ar.lproj

CpResource /Users/aleks/Library/Developer/Xcode/DerivedData/PlanItApp-gkehojshtcbfvhersqwajfujohau/Build/Products/Debug-iphonesimulator/GoogleSignIn_GoogleSignIn.bundle/Roboto-Bold.ttf /Users/aleks/Library/Developer/Xcode/DerivedData/PlanItApp-gkehojshtcbfvhersqwajfujohau/SourcePackages/checkouts/GoogleSignIn-iOS/GoogleSignIn/Sources/Resources/Roboto-Bold.ttf (in target 'GoogleSignIn_GoogleSignIn' from project 'GoogleSignIn')
    cd /Users/aleks/Library/Developer/Xcode/DerivedData/PlanItApp-gkehojshtcbfvhersqwajfujohau/SourcePackages/checkouts/GoogleSignIn-iOS
    builtin-copy -exclude .DS_Store -exclude CVS -exclude .svn -exclude .git -exclude .hg -resolve-src-symlinks /Users/aleks/Library/Developer/Xcode/DerivedData/PlanItApp-gkehojshtcbfvhersqwajfujohau/SourcePackages/checkouts/GoogleSignIn-iOS/GoogleSignIn/Sources/Resources/Roboto-Bold.ttf /Users/aleks/Library/Developer/Xcode/DerivedData/PlanItApp-gkehojshtcbfvhersqwajfujohau/Build/Products/Debug-iphonesimulator/GoogleSignIn_GoogleSignIn.bundle

CpResource /Users/aleks/Library/Developer/Xcode/DerivedData/PlanItApp-gkehojshtcbfvhersqwajfujohau/Build/Products/Debug-iphonesimulator/GoogleSignIn_GoogleSignIn.bundle/PrivacyInfo.xcprivacy /Users/aleks/Library/Developer/Xcode/DerivedData/PlanItApp-gkehojshtcbfvhersqwajfujohau/SourcePackages/checkouts/GoogleSignIn-iOS/GoogleSignIn/Sources/Resources/PrivacyInfo.xcprivacy (in target 'GoogleSignIn_GoogleSignIn' from project 'GoogleSignIn')
    cd /Users/aleks/Library/Developer/Xcode/DerivedData/PlanItApp-gkehojshtcbfvhersqwajfujohau/SourcePackages/checkouts/GoogleSignIn-iOS
    builtin-copy -exclude .DS_Store -exclude CVS -exclude .svn -exclude .git -exclude .hg -resolve-src-symlinks /Users/aleks/Library/Developer/Xcode/DerivedData/PlanItApp-gkehojshtcbfvhersqwajfujohau/SourcePackages/checkouts/GoogleSignIn-iOS/GoogleSignIn/Sources/Resources/PrivacyInfo.xcprivacy /Users/aleks/Library/Developer/Xcode/DerivedData/PlanItApp-gkehojshtcbfvhersqwajfujohau/Build/Products/Debug-iphonesimulator/GoogleSignIn_GoogleSignIn.bundle

ProcessInfoPlistFile /Users/aleks/Library/Developer/Xcode/DerivedData/PlanItApp-gkehojshtcbfvhersqwajfujohau/Build/Products/Debug-iphonesimulator/GTMSessionFetcher_GTMSessionFetcherCore.bundle/Info.plist /Users/aleks/Library/Developer/Xcode/DerivedData/PlanItApp-gkehojshtcbfvhersqwajfujohau/Build/Intermediates.noindex/GTMSessionFetcher.build/Debug-iphonesimulator/GTMSessionFetcher_GTMSessionFetcherCore.build/empty-GTMSessionFetcher_GTMSessionFetcherCore.plist (in target 'GTMSessionFetcher_GTMSessionFetcherCore' from project 'GTMSessionFetcher')
    cd /Users/aleks/Library/Developer/Xcode/DerivedData/PlanItApp-gkehojshtcbfvhersqwajfujohau/SourcePackages/checkouts/gtm-session-fetcher
    builtin-infoPlistUtility /Users/aleks/Library/Developer/Xcode/DerivedData/PlanItApp-gkehojshtcbfvhersqwajfujohau/Build/Intermediates.noindex/GTMSessionFetcher.build/Debug-iphonesimulator/GTMSessionFetcher_GTMSessionFetcherCore.build/empty-GTMSessionFetcher_GTMSessionFetcherCore.plist -producttype com.apple.product-type.bundle -expandbuildsettings -format binary -platform iphonesimulator -o /Users/aleks/Library/Developer/Xcode/DerivedData/PlanItApp-gkehojshtcbfvhersqwajfujohau/Build/Products/Debug-iphonesimulator/GTMSessionFetcher_GTMSessionFetcherCore.bundle/Info.plist

CpResource /Users/aleks/Library/Developer/Xcode/DerivedData/PlanItApp-gkehojshtcbfvhersqwajfujohau/Build/Products/Debug-iphonesimulator/GTMSessionFetcher_GTMSessionFetcherCore.bundle/PrivacyInfo.xcprivacy /Users/aleks/Library/Developer/Xcode/DerivedData/PlanItApp-gkehojshtcbfvhersqwajfujohau/SourcePackages/checkouts/gtm-session-fetcher/Sources/Core/Resources/PrivacyInfo.xcprivacy (in target 'GTMSessionFetcher_GTMSessionFetcherCore' from project 'GTMSessionFetcher')
    cd /Users/aleks/Library/Developer/Xcode/DerivedData/PlanItApp-gkehojshtcbfvhersqwajfujohau/SourcePackages/checkouts/gtm-session-fetcher
    builtin-copy -exclude .DS_Store -exclude CVS -exclude .svn -exclude .git -exclude .hg -resolve-src-symlinks /Users/aleks/Library/Developer/Xcode/DerivedData/PlanItApp-gkehojshtcbfvhersqwajfujohau/SourcePackages/checkouts/gtm-session-fetcher/Sources/Core/Resources/PrivacyInfo.xcprivacy /Users/aleks/Library/Developer/Xcode/DerivedData/PlanItApp-gkehojshtcbfvhersqwajfujohau/Build/Products/Debug-iphonesimulator/GTMSessionFetcher_GTMSessionFetcherCore.bundle

ProcessInfoPlistFile /Users/aleks/Library/Developer/Xcode/DerivedData/PlanItApp-gkehojshtcbfvhersqwajfujohau/Build/Products/Debug-iphonesimulator/GTMAppAuth_GTMAppAuth.bundle/Info.plist /Users/aleks/Library/Developer/Xcode/DerivedData/PlanItApp-gkehojshtcbfvhersqwajfujohau/Build/Intermediates.noindex/GTMAppAuth.build/Debug-iphonesimulator/GTMAppAuth_GTMAppAuth.build/empty-GTMAppAuth_GTMAppAuth.plist (in target 'GTMAppAuth_GTMAppAuth' from project 'GTMAppAuth')
    cd /Users/aleks/Library/Developer/Xcode/DerivedData/PlanItApp-gkehojshtcbfvhersqwajfujohau/SourcePackages/checkouts/GTMAppAuth
    builtin-infoPlistUtility /Users/aleks/Library/Developer/Xcode/DerivedData/PlanItApp-gkehojshtcbfvhersqwajfujohau/Build/Intermediates.noindex/GTMAppAuth.build/Debug-iphonesimulator/GTMAppAuth_GTMAppAuth.build/empty-GTMAppAuth_GTMAppAuth.plist -producttype com.apple.product-type.bundle -expandbuildsettings -format binary -platform iphonesimulator -o /Users/aleks/Library/Developer/Xcode/DerivedData/PlanItApp-gkehojshtcbfvhersqwajfujohau/Build/Products/Debug-iphonesimulator/GTMAppAuth_GTMAppAuth.bundle/Info.plist

CpResource /Users/aleks/Library/Developer/Xcode/DerivedData/PlanItApp-gkehojshtcbfvhersqwajfujohau/Build/Products/Debug-iphonesimulator/GTMAppAuth_GTMAppAuth.bundle/PrivacyInfo.xcprivacy /Users/aleks/Library/Developer/Xcode/DerivedData/PlanItApp-gkehojshtcbfvhersqwajfujohau/SourcePackages/checkouts/GTMAppAuth/GTMAppAuth/Sources/Resources/PrivacyInfo.xcprivacy (in target 'GTMAppAuth_GTMAppAuth' from project 'GTMAppAuth')
    cd /Users/aleks/Library/Developer/Xcode/DerivedData/PlanItApp-gkehojshtcbfvhersqwajfujohau/SourcePackages/checkouts/GTMAppAuth
    builtin-copy -exclude .DS_Store -exclude CVS -exclude .svn -exclude .git -exclude .hg -resolve-src-symlinks /Users/aleks/Library/Developer/Xcode/DerivedData/PlanItApp-gkehojshtcbfvhersqwajfujohau/SourcePackages/checkouts/GTMAppAuth/GTMAppAuth/Sources/Resources/PrivacyInfo.xcprivacy /Users/aleks/Library/Developer/Xcode/DerivedData/PlanItApp-gkehojshtcbfvhersqwajfujohau/Build/Products/Debug-iphonesimulator/GTMAppAuth_GTMAppAuth.bundle

ProcessInfoPlistFile /Users/aleks/Library/Developer/Xcode/DerivedData/PlanItApp-gkehojshtcbfvhersqwajfujohau/Build/Products/Debug-iphonesimulator/Firebase_FirebaseFirestore.bundle/Info.plist /Users/aleks/Library/Developer/Xcode/DerivedData/PlanItApp-gkehojshtcbfvhersqwajfujohau/Build/Intermediates.noindex/Firebase.build/Debug-iphonesimulator/Firebase_FirebaseFirestore.build/empty-Firebase_FirebaseFirestore.plist (in target 'Firebase_FirebaseFirestore' from project 'Firebase')
    cd /Users/aleks/Library/Developer/Xcode/DerivedData/PlanItApp-gkehojshtcbfvhersqwajfujohau/SourcePackages/checkouts/firebase-ios-sdk
    builtin-infoPlistUtility /Users/aleks/Library/Developer/Xcode/DerivedData/PlanItApp-gkehojshtcbfvhersqwajfujohau/Build/Intermediates.noindex/Firebase.build/Debug-iphonesimulator/Firebase_FirebaseFirestore.build/empty-Firebase_FirebaseFirestore.plist -producttype com.apple.product-type.bundle -expandbuildsettings -format binary -platform iphonesimulator -o /Users/aleks/Library/Developer/Xcode/DerivedData/PlanItApp-gkehojshtcbfvhersqwajfujohau/Build/Products/Debug-iphonesimulator/Firebase_FirebaseFirestore.bundle/Info.plist

CpResource /Users/aleks/Library/Developer/Xcode/DerivedData/PlanItApp-gkehojshtcbfvhersqwajfujohau/Build/Products/Debug-iphonesimulator/Firebase_FirebaseFirestore.bundle/PrivacyInfo.xcprivacy /Users/aleks/Library/Developer/Xcode/DerivedData/PlanItApp-gkehojshtcbfvhersqwajfujohau/SourcePackages/checkouts/firebase-ios-sdk/Firestore/Swift/Source/Resources/PrivacyInfo.xcprivacy (in target 'Firebase_FirebaseFirestore' from project 'Firebase')
    cd /Users/aleks/Library/Developer/Xcode/DerivedData/PlanItApp-gkehojshtcbfvhersqwajfujohau/SourcePackages/checkouts/firebase-ios-sdk
    builtin-copy -exclude .DS_Store -exclude CVS -exclude .svn -exclude .git -exclude .hg -resolve-src-symlinks /Users/aleks/Library/Developer/Xcode/DerivedData/PlanItApp-gkehojshtcbfvhersqwajfujohau/SourcePackages/checkouts/firebase-ios-sdk/Firestore/Swift/Source/Resources/PrivacyInfo.xcprivacy /Users/aleks/Library/Developer/Xcode/DerivedData/PlanItApp-gkehojshtcbfvhersqwajfujohau/Build/Products/Debug-iphonesimulator/Firebase_FirebaseFirestore.bundle

ProcessInfoPlistFile /Users/aleks/Library/Developer/Xcode/DerivedData/PlanItApp-gkehojshtcbfvhersqwajfujohau/Build/Products/Debug-iphonesimulator/Firebase_FirebaseCoreInternal.bundle/Info.plist /Users/aleks/Library/Developer/Xcode/DerivedData/PlanItApp-gkehojshtcbfvhersqwajfujohau/Build/Intermediates.noindex/Firebase.build/Debug-iphonesimulator/Firebase_FirebaseCoreInternal.build/empty-Firebase_FirebaseCoreInternal.plist (in target 'Firebase_FirebaseCoreInternal' from project 'Firebase')
    cd /Users/aleks/Library/Developer/Xcode/DerivedData/PlanItApp-gkehojshtcbfvhersqwajfujohau/SourcePackages/checkouts/firebase-ios-sdk
    builtin-infoPlistUtility /Users/aleks/Library/Developer/Xcode/DerivedData/PlanItApp-gkehojshtcbfvhersqwajfujohau/Build/Intermediates.noindex/Firebase.build/Debug-iphonesimulator/Firebase_FirebaseCoreInternal.build/empty-Firebase_FirebaseCoreInternal.plist -producttype com.apple.product-type.bundle -expandbuildsettings -format binary -platform iphonesimulator -o /Users/aleks/Library/Developer/Xcode/DerivedData/PlanItApp-gkehojshtcbfvhersqwajfujohau/Build/Products/Debug-iphonesimulator/Firebase_FirebaseCoreInternal.bundle/Info.plist

CpResource /Users/aleks/Library/Developer/Xcode/DerivedData/PlanItApp-gkehojshtcbfvhersqwajfujohau/Build/Products/Debug-iphonesimulator/Firebase_FirebaseCoreInternal.bundle/PrivacyInfo.xcprivacy /Users/aleks/Library/Developer/Xcode/DerivedData/PlanItApp-gkehojshtcbfvhersqwajfujohau/SourcePackages/checkouts/firebase-ios-sdk/FirebaseCore/Internal/Sources/Resources/PrivacyInfo.xcprivacy (in target 'Firebase_FirebaseCoreInternal' from project 'Firebase')
    cd /Users/aleks/Library/Developer/Xcode/DerivedData/PlanItApp-gkehojshtcbfvhersqwajfujohau/SourcePackages/checkouts/firebase-ios-sdk
    builtin-copy -exclude .DS_Store -exclude CVS -exclude .svn -exclude .git -exclude .hg -resolve-src-symlinks /Users/aleks/Library/Developer/Xcode/DerivedData/PlanItApp-gkehojshtcbfvhersqwajfujohau/SourcePackages/checkouts/firebase-ios-sdk/FirebaseCore/Internal/Sources/Resources/PrivacyInfo.xcprivacy /Users/aleks/Library/Developer/Xcode/DerivedData/PlanItApp-gkehojshtcbfvhersqwajfujohau/Build/Products/Debug-iphonesimulator/Firebase_FirebaseCoreInternal.bundle

ProcessInfoPlistFile /Users/aleks/Library/Developer/Xcode/DerivedData/PlanItApp-gkehojshtcbfvhersqwajfujohau/Build/Products/Debug-iphonesimulator/Firebase_FirebaseCoreExtension.bundle/Info.plist /Users/aleks/Library/Developer/Xcode/DerivedData/PlanItApp-gkehojshtcbfvhersqwajfujohau/Build/Intermediates.noindex/Firebase.build/Debug-iphonesimulator/Firebase_FirebaseCoreExtension.build/empty-Firebase_FirebaseCoreExtension.plist (in target 'Firebase_FirebaseCoreExtension' from project 'Firebase')
    cd /Users/aleks/Library/Developer/Xcode/DerivedData/PlanItApp-gkehojshtcbfvhersqwajfujohau/SourcePackages/checkouts/firebase-ios-sdk
    builtin-infoPlistUtility /Users/aleks/Library/Developer/Xcode/DerivedData/PlanItApp-gkehojshtcbfvhersqwajfujohau/Build/Intermediates.noindex/Firebase.build/Debug-iphonesimulator/Firebase_FirebaseCoreExtension.build/empty-Firebase_FirebaseCoreExtension.plist -producttype com.apple.product-type.bundle -expandbuildsettings -format binary -platform iphonesimulator -o /Users/aleks/Library/Developer/Xcode/DerivedData/PlanItApp-gkehojshtcbfvhersqwajfujohau/Build/Products/Debug-iphonesimulator/Firebase_FirebaseCoreExtension.bundle/Info.plist

CpResource /Users/aleks/Library/Developer/Xcode/DerivedData/PlanItApp-gkehojshtcbfvhersqwajfujohau/Build/Products/Debug-iphonesimulator/Firebase_FirebaseCoreExtension.bundle/PrivacyInfo.xcprivacy /Users/aleks/Library/Developer/Xcode/DerivedData/PlanItApp-gkehojshtcbfvhersqwajfujohau/SourcePackages/checkouts/firebase-ios-sdk/FirebaseCore/Extension/Resources/PrivacyInfo.xcprivacy (in target 'Firebase_FirebaseCoreExtension' from project 'Firebase')
    cd /Users/aleks/Library/Developer/Xcode/DerivedData/PlanItApp-gkehojshtcbfvhersqwajfujohau/SourcePackages/checkouts/firebase-ios-sdk
    builtin-copy -exclude .DS_Store -exclude CVS -exclude .svn -exclude .git -exclude .hg -resolve-src-symlinks /Users/aleks/Library/Developer/Xcode/DerivedData/PlanItApp-gkehojshtcbfvhersqwajfujohau/SourcePackages/checkouts/firebase-ios-sdk/FirebaseCore/Extension/Resources/PrivacyInfo.xcprivacy /Users/aleks/Library/Developer/Xcode/DerivedData/PlanItApp-gkehojshtcbfvhersqwajfujohau/Build/Products/Debug-iphonesimulator/Firebase_FirebaseCoreExtension.bundle

ProcessInfoPlistFile /Users/aleks/Library/Developer/Xcode/DerivedData/PlanItApp-gkehojshtcbfvhersqwajfujohau/Build/Products/Debug-iphonesimulator/Firebase_FirebaseCore.bundle/Info.plist /Users/aleks/Library/Developer/Xcode/DerivedData/PlanItApp-gkehojshtcbfvhersqwajfujohau/Build/Intermediates.noindex/Firebase.build/Debug-iphonesimulator/Firebase_FirebaseCore.build/empty-Firebase_FirebaseCore.plist (in target 'Firebase_FirebaseCore' from project 'Firebase')
    cd /Users/aleks/Library/Developer/Xcode/DerivedData/PlanItApp-gkehojshtcbfvhersqwajfujohau/SourcePackages/checkouts/firebase-ios-sdk
    builtin-infoPlistUtility /Users/aleks/Library/Developer/Xcode/DerivedData/PlanItApp-gkehojshtcbfvhersqwajfujohau/Build/Intermediates.noindex/Firebase.build/Debug-iphonesimulator/Firebase_FirebaseCore.build/empty-Firebase_FirebaseCore.plist -producttype com.apple.product-type.bundle -expandbuildsettings -format binary -platform iphonesimulator -o /Users/aleks/Library/Developer/Xcode/DerivedData/PlanItApp-gkehojshtcbfvhersqwajfujohau/Build/Products/Debug-iphonesimulator/Firebase_FirebaseCore.bundle/Info.plist

CpResource /Users/aleks/Library/Developer/Xcode/DerivedData/PlanItApp-gkehojshtcbfvhersqwajfujohau/Build/Products/Debug-iphonesimulator/Firebase_FirebaseCore.bundle/PrivacyInfo.xcprivacy /Users/aleks/Library/Developer/Xcode/DerivedData/PlanItApp-gkehojshtcbfvhersqwajfujohau/SourcePackages/checkouts/firebase-ios-sdk/FirebaseCore/Sources/Resources/PrivacyInfo.xcprivacy (in target 'Firebase_FirebaseCore' from project 'Firebase')
    cd /Users/aleks/Library/Developer/Xcode/DerivedData/PlanItApp-gkehojshtcbfvhersqwajfujohau/SourcePackages/checkouts/firebase-ios-sdk
    builtin-copy -exclude .DS_Store -exclude CVS -exclude .svn -exclude .git -exclude .hg -resolve-src-symlinks /Users/aleks/Library/Developer/Xcode/DerivedData/PlanItApp-gkehojshtcbfvhersqwajfujohau/SourcePackages/checkouts/firebase-ios-sdk/FirebaseCore/Sources/Resources/PrivacyInfo.xcprivacy /Users/aleks/Library/Developer/Xcode/DerivedData/PlanItApp-gkehojshtcbfvhersqwajfujohau/Build/Products/Debug-iphonesimulator/Firebase_FirebaseCore.bundle

ProcessInfoPlistFile /Users/aleks/Library/Developer/Xcode/DerivedData/PlanItApp-gkehojshtcbfvhersqwajfujohau/Build/Products/Debug-iphonesimulator/Firebase_FirebaseAuth.bundle/Info.plist /Users/aleks/Library/Developer/Xcode/DerivedData/PlanItApp-gkehojshtcbfvhersqwajfujohau/Build/Intermediates.noindex/Firebase.build/Debug-iphonesimulator/Firebase_FirebaseAuth.build/empty-Firebase_FirebaseAuth.plist (in target 'Firebase_FirebaseAuth' from project 'Firebase')
    cd /Users/aleks/Library/Developer/Xcode/DerivedData/PlanItApp-gkehojshtcbfvhersqwajfujohau/SourcePackages/checkouts/firebase-ios-sdk
    builtin-infoPlistUtility /Users/aleks/Library/Developer/Xcode/DerivedData/PlanItApp-gkehojshtcbfvhersqwajfujohau/Build/Intermediates.noindex/Firebase.build/Debug-iphonesimulator/Firebase_FirebaseAuth.build/empty-Firebase_FirebaseAuth.plist -producttype com.apple.product-type.bundle -expandbuildsettings -format binary -platform iphonesimulator -o /Users/aleks/Library/Developer/Xcode/DerivedData/PlanItApp-gkehojshtcbfvhersqwajfujohau/Build/Products/Debug-iphonesimulator/Firebase_FirebaseAuth.bundle/Info.plist

CpResource /Users/aleks/Library/Developer/Xcode/DerivedData/PlanItApp-gkehojshtcbfvhersqwajfujohau/Build/Products/Debug-iphonesimulator/Firebase_FirebaseAuth.bundle/PrivacyInfo.xcprivacy /Users/aleks/Library/Developer/Xcode/DerivedData/PlanItApp-gkehojshtcbfvhersqwajfujohau/SourcePackages/checkouts/firebase-ios-sdk/FirebaseAuth/Sources/Resources/PrivacyInfo.xcprivacy (in target 'Firebase_FirebaseAuth' from project 'Firebase')
    cd /Users/aleks/Library/Developer/Xcode/DerivedData/PlanItApp-gkehojshtcbfvhersqwajfujohau/SourcePackages/checkouts/firebase-ios-sdk
    builtin-copy -exclude .DS_Store -exclude CVS -exclude .svn -exclude .git -exclude .hg -resolve-src-symlinks /Users/aleks/Library/Developer/Xcode/DerivedData/PlanItApp-gkehojshtcbfvhersqwajfujohau/SourcePackages/checkouts/firebase-ios-sdk/FirebaseAuth/Sources/Resources/PrivacyInfo.xcprivacy /Users/aleks/Library/Developer/Xcode/DerivedData/PlanItApp-gkehojshtcbfvhersqwajfujohau/Build/Products/Debug-iphonesimulator/Firebase_FirebaseAuth.bundle

ProcessInfoPlistFile /Users/aleks/Library/Developer/Xcode/DerivedData/PlanItApp-gkehojshtcbfvhersqwajfujohau/Build/Products/Debug-iphonesimulator/AppAuth_AppAuthCore.bundle/Info.plist /Users/aleks/Library/Developer/Xcode/DerivedData/PlanItApp-gkehojshtcbfvhersqwajfujohau/Build/Intermediates.noindex/AppAuth.build/Debug-iphonesimulator/AppAuth_AppAuthCore.build/empty-AppAuth_AppAuthCore.plist (in target 'AppAuth_AppAuthCore' from project 'AppAuth')
    cd /Users/aleks/Library/Developer/Xcode/DerivedData/PlanItApp-gkehojshtcbfvhersqwajfujohau/SourcePackages/checkouts/AppAuth-iOS
    builtin-infoPlistUtility /Users/aleks/Library/Developer/Xcode/DerivedData/PlanItApp-gkehojshtcbfvhersqwajfujohau/Build/Intermediates.noindex/AppAuth.build/Debug-iphonesimulator/AppAuth_AppAuthCore.build/empty-AppAuth_AppAuthCore.plist -producttype com.apple.product-type.bundle -expandbuildsettings -format binary -platform iphonesimulator -o /Users/aleks/Library/Developer/Xcode/DerivedData/PlanItApp-gkehojshtcbfvhersqwajfujohau/Build/Products/Debug-iphonesimulator/AppAuth_AppAuthCore.bundle/Info.plist

CpResource /Users/aleks/Library/Developer/Xcode/DerivedData/PlanItApp-gkehojshtcbfvhersqwajfujohau/Build/Products/Debug-iphonesimulator/AppAuth_AppAuthCore.bundle/PrivacyInfo.xcprivacy /Users/aleks/Library/Developer/Xcode/DerivedData/PlanItApp-gkehojshtcbfvhersqwajfujohau/SourcePackages/checkouts/AppAuth-iOS/Sources/AppAuthCore/Resources/PrivacyInfo.xcprivacy (in target 'AppAuth_AppAuthCore' from project 'AppAuth')
    cd /Users/aleks/Library/Developer/Xcode/DerivedData/PlanItApp-gkehojshtcbfvhersqwajfujohau/SourcePackages/checkouts/AppAuth-iOS
    builtin-copy -exclude .DS_Store -exclude CVS -exclude .svn -exclude .git -exclude .hg -resolve-src-symlinks /Users/aleks/Library/Developer/Xcode/DerivedData/PlanItApp-gkehojshtcbfvhersqwajfujohau/SourcePackages/checkouts/AppAuth-iOS/Sources/AppAuthCore/Resources/PrivacyInfo.xcprivacy /Users/aleks/Library/Developer/Xcode/DerivedData/PlanItApp-gkehojshtcbfvhersqwajfujohau/Build/Products/Debug-iphonesimulator/AppAuth_AppAuthCore.bundle

ProcessInfoPlistFile /Users/aleks/Library/Developer/Xcode/DerivedData/PlanItApp-gkehojshtcbfvhersqwajfujohau/Build/Products/Debug-iphonesimulator/AppAuth_AppAuth.bundle/Info.plist /Users/aleks/Library/Developer/Xcode/DerivedData/PlanItApp-gkehojshtcbfvhersqwajfujohau/Build/Intermediates.noindex/AppAuth.build/Debug-iphonesimulator/AppAuth_AppAuth.build/empty-AppAuth_AppAuth.plist (in target 'AppAuth_AppAuth' from project 'AppAuth')
    cd /Users/aleks/Library/Developer/Xcode/DerivedData/PlanItApp-gkehojshtcbfvhersqwajfujohau/SourcePackages/checkouts/AppAuth-iOS
    builtin-infoPlistUtility /Users/aleks/Library/Developer/Xcode/DerivedData/PlanItApp-gkehojshtcbfvhersqwajfujohau/Build/Intermediates.noindex/AppAuth.build/Debug-iphonesimulator/AppAuth_AppAuth.build/empty-AppAuth_AppAuth.plist -producttype com.apple.product-type.bundle -expandbuildsettings -format binary -platform iphonesimulator -o /Users/aleks/Library/Developer/Xcode/DerivedData/PlanItApp-gkehojshtcbfvhersqwajfujohau/Build/Products/Debug-iphonesimulator/AppAuth_AppAuth.bundle/Info.plist

CpResource /Users/aleks/Library/Developer/Xcode/DerivedData/PlanItApp-gkehojshtcbfvhersqwajfujohau/Build/Products/Debug-iphonesimulator/AppAuth_AppAuth.bundle/PrivacyInfo.xcprivacy /Users/aleks/Library/Developer/Xcode/DerivedData/PlanItApp-gkehojshtcbfvhersqwajfujohau/SourcePackages/checkouts/AppAuth-iOS/Sources/AppAuth/Resources/PrivacyInfo.xcprivacy (in target 'AppAuth_AppAuth' from project 'AppAuth')
    cd /Users/aleks/Library/Developer/Xcode/DerivedData/PlanItApp-gkehojshtcbfvhersqwajfujohau/SourcePackages/checkouts/AppAuth-iOS
    builtin-copy -exclude .DS_Store -exclude CVS -exclude .svn -exclude .git -exclude .hg -resolve-src-symlinks /Users/aleks/Library/Developer/Xcode/DerivedData/PlanItApp-gkehojshtcbfvhersqwajfujohau/SourcePackages/checkouts/AppAuth-iOS/Sources/AppAuth/Resources/PrivacyInfo.xcprivacy /Users/aleks/Library/Developer/Xcode/DerivedData/PlanItApp-gkehojshtcbfvhersqwajfujohau/Build/Products/Debug-iphonesimulator/AppAuth_AppAuth.bundle

CompileC /Users/aleks/Library/Developer/Xcode/DerivedData/PlanItApp-gkehojshtcbfvhersqwajfujohau/Build/Intermediates.noindex/leveldb.build/Debug-iphonesimulator/leveldb.build/Objects-normal/arm64/status.o /Users/aleks/Library/Developer/Xcode/DerivedData/PlanItApp-gkehojshtcbfvhersqwajfujohau/SourcePackages/checkouts/leveldb/util/status.cc normal arm64 c++ com.apple.compilers.llvm.clang.1_0.compiler (in target 'leveldb' from project 'leveldb')
    cd /Users/aleks/Desktop/PlanItApp/PlanItApp.xcodeproj
    
    Using response file: /Users/aleks/Library/Developer/Xcode/DerivedData/PlanItApp-gkehojshtcbfvhersqwajfujohau/Build/Intermediates.noindex/leveldb.build/Debug-iphonesimulator/leveldb.build/Objects-normal/arm64/82b82416624d2658e5098eb0a28c15c5-common-args.resp
    
    /Applications/Xcode.app/Contents/Developer/Toolchains/XcodeDefault.xctoolchain/usr/bin/clang -x c++ -ivfsstatcache /Users/aleks/Library/Developer/Xcode/DerivedData/SDKStatCaches.noindex/iphonesimulator18.5-22F76-d5fc8ad4295d2ef488fb7d0f804ce0c4.sdkstatcache -fmessage-length\=0 -fdiagnostics-show-note-include-stack -fmacro-backtrace-limit\=0 -fno-color-diagnostics -fmodules-prune-interval\=86400 -fmodules-prune-after\=345600 -fbuild-session-file\=/Users/aleks/Library/Developer/Xcode/DerivedData/ModuleCache.noindex/Session.modulevalidation -fmodules-validate-once-per-build-session -Wnon-modular-include-in-framework-module -Werror\=non-modular-include-in-framework-module -Wno-trigraphs -Wno-missing-field-initializers -Wno-missing-prototypes -Wno-return-type -Wno-non-virtual-dtor -Wno-overloaded-virtual -Wno-exit-time-destructors -Wno-missing-braces -Wparentheses -Wswitch -Wno-unused-function -Wno-unused-label -Wno-unused-parameter -Wno-unused-variable -Wunused-value -Wno-empty-body -Wno-uninitialized -Wno-unknown-pragmas -w -Wno-shadow -Wno-four-char-constants -Wno-conversion -Wno-constant-conversion -Wno-int-conversion -Wno-bool-conversion -Wno-enum-conversion -Wno-float-conversion -Wno-non-literal-null-conversion -Wno-objc-literal-conversion -Wshorten-64-to-32 -Wno-newline-eof -Wno-c++11-extensions -Wno-implicit-fallthrough -fstrict-aliasing -Wdeprecated-declarations -Winvalid-offsetof -Wno-sign-conversion -Wno-infinite-recursion -Wno-move -Wno-comma -Wno-block-capture-autoreleasing -Wno-strict-prototypes -Wno-range-loop-analysis -Wno-semicolon-before-method-body -index-store-path /Users/aleks/Library/Developer/Xcode/DerivedData/PlanItApp-gkehojshtcbfvhersqwajfujohau/Index.noindex/DataStore @/Users/aleks/Library/Developer/Xcode/DerivedData/PlanItApp-gkehojshtcbfvhersqwajfujohau/Build/Intermediates.noindex/leveldb.build/Debug-iphonesimulator/leveldb.build/Objects-normal/arm64/82b82416624d2658e5098eb0a28c15c5-common-args.resp -MMD -MT dependencies -MF /Users/aleks/Library/Developer/Xcode/DerivedData/PlanItApp-gkehojshtcbfvhersqwajfujohau/Build/Intermediates.noindex/leveldb.build/Debug-iphonesimulator/leveldb.build/Objects-normal/arm64/status.d --serialize-diagnostics /Users/aleks/Library/Developer/Xcode/DerivedData/PlanItApp-gkehojshtcbfvhersqwajfujohau/Build/Intermediates.noindex/leveldb.build/Debug-iphonesimulator/leveldb.build/Objects-normal/arm64/status.dia -c /Users/aleks/Library/Developer/Xcode/DerivedData/PlanItApp-gkehojshtcbfvhersqwajfujohau/SourcePackages/checkouts/leveldb/util/status.cc -o /Users/aleks/Library/Developer/Xcode/DerivedData/PlanItApp-gkehojshtcbfvhersqwajfujohau/Build/Intermediates.noindex/leveldb.build/Debug-iphonesimulator/leveldb.build/Objects-normal/arm64/status.o -index-unit-output-path /leveldb.build/Debug-iphonesimulator/leveldb.build/Objects-normal/arm64/status.o

CompileC /Users/aleks/Library/Developer/Xcode/DerivedData/PlanItApp-gkehojshtcbfvhersqwajfujohau/Build/Intermediates.noindex/leveldb.build/Debug-iphonesimulator/leveldb.build/Objects-normal/arm64/options.o /Users/aleks/Library/Developer/Xcode/DerivedData/PlanItApp-gkehojshtcbfvhersqwajfujohau/SourcePackages/checkouts/leveldb/util/options.cc normal arm64 c++ com.apple.compilers.llvm.clang.1_0.compiler (in target 'leveldb' from project 'leveldb')
    cd /Users/aleks/Desktop/PlanItApp/PlanItApp.xcodeproj
    
    Using response file: /Users/aleks/Library/Developer/Xcode/DerivedData/PlanItApp-gkehojshtcbfvhersqwajfujohau/Build/Intermediates.noindex/leveldb.build/Debug-iphonesimulator/leveldb.build/Objects-normal/arm64/82b82416624d2658e5098eb0a28c15c5-common-args.resp
    
    /Applications/Xcode.app/Contents/Developer/Toolchains/XcodeDefault.xctoolchain/usr/bin/clang -x c++ -ivfsstatcache /Users/aleks/Library/Developer/Xcode/DerivedData/SDKStatCaches.noindex/iphonesimulator18.5-22F76-d5fc8ad4295d2ef488fb7d0f804ce0c4.sdkstatcache -fmessage-length\=0 -fdiagnostics-show-note-include-stack -fmacro-backtrace-limit\=0 -fno-color-diagnostics -fmodules-prune-interval\=86400 -fmodules-prune-after\=345600 -fbuild-session-file\=/Users/aleks/Library/Developer/Xcode/DerivedData/ModuleCache.noindex/Session.modulevalidation -fmodules-validate-once-per-build-session -Wnon-modular-include-in-framework-module -Werror\=non-modular-include-in-framework-module -Wno-trigraphs -Wno-missing-field-initializers -Wno-missing-prototypes -Wno-return-type -Wno-non-virtual-dtor -Wno-overloaded-virtual -Wno-exit-time-destructors -Wno-missing-braces -Wparentheses -Wswitch -Wno-unused-function -Wno-unused-label -Wno-unused-parameter -Wno-unused-variable -Wunused-value -Wno-empty-body -Wno-uninitialized -Wno-unknown-pragmas -w -Wno-shadow -Wno-four-char-constants -Wno-conversion -Wno-constant-conversion -Wno-int-conversion -Wno-bool-conversion -Wno-enum-conversion -Wno-float-conversion -Wno-non-literal-null-conversion -Wno-objc-literal-conversion -Wshorten-64-to-32 -Wno-newline-eof -Wno-c++11-extensions -Wno-implicit-fallthrough -fstrict-aliasing -Wdeprecated-declarations -Winvalid-offsetof -Wno-sign-conversion -Wno-infinite-recursion -Wno-move -Wno-comma -Wno-block-capture-autoreleasing -Wno-strict-prototypes -Wno-range-loop-analysis -Wno-semicolon-before-method-body -index-store-path /Users/aleks/Library/Developer/Xcode/DerivedData/PlanItApp-gkehojshtcbfvhersqwajfujohau/Index.noindex/DataStore @/Users/aleks/Library/Developer/Xcode/DerivedData/PlanItApp-gkehojshtcbfvhersqwajfujohau/Build/Intermediates.noindex/leveldb.build/Debug-iphonesimulator/leveldb.build/Objects-normal/arm64/82b82416624d2658e5098eb0a28c15c5-common-args.resp -MMD -MT dependencies -MF /Users/aleks/Library/Developer/Xcode/DerivedData/PlanItApp-gkehojshtcbfvhersqwajfujohau/Build/Intermediates.noindex/leveldb.build/Debug-iphonesimulator/leveldb.build/Objects-normal/arm64/options.d --serialize-diagnostics /Users/aleks/Library/Developer/Xcode/DerivedData/PlanItApp-gkehojshtcbfvhersqwajfujohau/Build/Intermediates.noindex/leveldb.build/Debug-iphonesimulator/leveldb.build/Objects-normal/arm64/options.dia -c /Users/aleks/Library/Developer/Xcode/DerivedData/PlanItApp-gkehojshtcbfvhersqwajfujohau/SourcePackages/checkouts/leveldb/util/options.cc -o /Users/aleks/Library/Developer/Xcode/DerivedData/PlanItApp-gkehojshtcbfvhersqwajfujohau/Build/Intermediates.noindex/leveldb.build/Debug-iphonesimulator/leveldb.build/Objects-normal/arm64/options.o -index-unit-output-path /leveldb.build/Debug-iphonesimulator/leveldb.build/Objects-normal/arm64/options.o

ScanDependencies /Users/aleks/Library/Developer/Xcode/DerivedData/PlanItApp-gkehojshtcbfvhersqwajfujohau/Build/Intermediates.noindex/leveldb.build/Debug-iphonesimulator/leveldb.build/Objects-normal/arm64/resource_bundle_accessor.o /Users/aleks/Library/Developer/Xcode/DerivedData/PlanItApp-gkehojshtcbfvhersqwajfujohau/Build/Intermediates.noindex/leveldb.build/Debug-iphonesimulator/leveldb.build/DerivedSources/resource_bundle_accessor.m normal arm64 objective-c com.apple.compilers.llvm.clang.1_0.compiler (in target 'leveldb' from project 'leveldb')
    cd /Users/aleks/Desktop/PlanItApp/PlanItApp.xcodeproj
    
    Using response file: /Users/aleks/Library/Developer/Xcode/DerivedData/PlanItApp-gkehojshtcbfvhersqwajfujohau/Build/Intermediates.noindex/leveldb.build/Debug-iphonesimulator/leveldb.build/Objects-normal/arm64/e6072d4f65d7061329687fe24e3d63a7-common-args.resp
    
    builtin-ScanDependencies -o /Users/aleks/Library/Developer/Xcode/DerivedData/PlanItApp-gkehojshtcbfvhersqwajfujohau/Build/Intermediates.noindex/leveldb.build/Debug-iphonesimulator/leveldb.build/Objects-normal/arm64/resource_bundle_accessor.o.scan -- /Applications/Xcode.app/Contents/Developer/Toolchains/XcodeDefault.xctoolchain/usr/bin/clang -x objective-c -ivfsstatcache /Users/aleks/Library/Developer/Xcode/DerivedData/SDKStatCaches.noindex/iphonesimulator18.5-22F76-d5fc8ad4295d2ef488fb7d0f804ce0c4.sdkstatcache -fmessage-length\=0 -fdiagnostics-show-note-include-stack -fmacro-backtrace-limit\=0 -fno-color-diagnostics -fmodules-prune-interval\=86400 -fmodules-prune-after\=345600 -fbuild-session-file\=/Users/aleks/Library/Developer/Xcode/DerivedData/ModuleCache.noindex/Session.modulevalidation -fmodules-validate-once-per-build-session -Wnon-modular-include-in-framework-module -Werror\=non-modular-include-in-framework-module -Wno-trigraphs -Wno-missing-field-initializers -Wno-missing-prototypes -Wno-return-type -Wno-implicit-atomic-properties -Wno-objc-interface-ivars -Wno-arc-repeated-use-of-weak -Wno-missing-braces -Wparentheses -Wswitch -Wno-unused-function -Wno-unused-label -Wno-unused-parameter -Wno-unused-variable -Wunused-value -Wno-empty-body -Wno-uninitialized -Wno-unknown-pragmas -w -Wno-shadow -Wno-four-char-constants -Wno-conversion -Wno-constant-conversion -Wno-int-conversion -Wno-bool-conversion -Wno-enum-conversion -Wno-float-conversion -Wno-non-literal-null-conversion -Wno-objc-literal-conversion -Wshorten-64-to-32 -Wpointer-sign -Wno-newline-eof -Wno-selector -Wno-strict-selector-match -Wno-undeclared-selector -Wno-deprecated-implementations -Wno-implicit-fallthrough -fstrict-aliasing -Wprotocol -Wdeprecated-declarations -Wno-sign-conversion -Wno-infinite-recursion -Wno-comma -Wno-block-capture-autoreleasing -Wno-strict-prototypes -Wno-semicolon-before-method-body -index-store-path /Users/aleks/Library/Developer/Xcode/DerivedData/PlanItApp-gkehojshtcbfvhersqwajfujohau/Index.noindex/DataStore @/Users/aleks/Library/Developer/Xcode/DerivedData/PlanItApp-gkehojshtcbfvhersqwajfujohau/Build/Intermediates.noindex/leveldb.build/Debug-iphonesimulator/leveldb.build/Objects-normal/arm64/e6072d4f65d7061329687fe24e3d63a7-common-args.resp -include /Users/aleks/Library/Developer/Xcode/DerivedData/PlanItApp-gkehojshtcbfvhersqwajfujohau/Build/Intermediates.noindex/leveldb.build/Debug-iphonesimulator/leveldb.build/DerivedSources/resource_bundle_accessor.h -MMD -MT dependencies -MF /Users/aleks/Library/Developer/Xcode/DerivedData/PlanItApp-gkehojshtcbfvhersqwajfujohau/Build/Intermediates.noindex/leveldb.build/Debug-iphonesimulator/leveldb.build/Objects-normal/arm64/resource_bundle_accessor.d --serialize-diagnostics /Users/aleks/Library/Developer/Xcode/DerivedData/PlanItApp-gkehojshtcbfvhersqwajfujohau/Build/Intermediates.noindex/leveldb.build/Debug-iphonesimulator/leveldb.build/Objects-normal/arm64/resource_bundle_accessor.dia -c /Users/aleks/Library/Developer/Xcode/DerivedData/PlanItApp-gkehojshtcbfvhersqwajfujohau/Build/Intermediates.noindex/leveldb.build/Debug-iphonesimulator/leveldb.build/DerivedSources/resource_bundle_accessor.m -o /Users/aleks/Library/Developer/Xcode/DerivedData/PlanItApp-gkehojshtcbfvhersqwajfujohau/Build/Intermediates.noindex/leveldb.build/Debug-iphonesimulator/leveldb.build/Objects-normal/arm64/resource_bundle_accessor.o -index-unit-output-path /leveldb.build/Debug-iphonesimulator/leveldb.build/Objects-normal/arm64/resource_bundle_accessor.o

CompileC /Users/aleks/Library/Developer/Xcode/DerivedData/PlanItApp-gkehojshtcbfvhersqwajfujohau/Build/Intermediates.noindex/leveldb.build/Debug-iphonesimulator/leveldb.build/Objects-normal/arm64/logging.o /Users/aleks/Library/Developer/Xcode/DerivedData/PlanItApp-gkehojshtcbfvhersqwajfujohau/SourcePackages/checkouts/leveldb/util/logging.cc normal arm64 c++ com.apple.compilers.llvm.clang.1_0.compiler (in target 'leveldb' from project 'leveldb')
    cd /Users/aleks/Desktop/PlanItApp/PlanItApp.xcodeproj
    
    Using response file: /Users/aleks/Library/Developer/Xcode/DerivedData/PlanItApp-gkehojshtcbfvhersqwajfujohau/Build/Intermediates.noindex/leveldb.build/Debug-iphonesimulator/leveldb.build/Objects-normal/arm64/82b82416624d2658e5098eb0a28c15c5-common-args.resp
    
    /Applications/Xcode.app/Contents/Developer/Toolchains/XcodeDefault.xctoolchain/usr/bin/clang -x c++ -ivfsstatcache /Users/aleks/Library/Developer/Xcode/DerivedData/SDKStatCaches.noindex/iphonesimulator18.5-22F76-d5fc8ad4295d2ef488fb7d0f804ce0c4.sdkstatcache -fmessage-length\=0 -fdiagnostics-show-note-include-stack -fmacro-backtrace-limit\=0 -fno-color-diagnostics -fmodules-prune-interval\=86400 -fmodules-prune-after\=345600 -fbuild-session-file\=/Users/aleks/Library/Developer/Xcode/DerivedData/ModuleCache.noindex/Session.modulevalidation -fmodules-validate-once-per-build-session -Wnon-modular-include-in-framework-module -Werror\=non-modular-include-in-framework-module -Wno-trigraphs -Wno-missing-field-initializers -Wno-missing-prototypes -Wno-return-type -Wno-non-virtual-dtor -Wno-overloaded-virtual -Wno-exit-time-destructors -Wno-missing-braces -Wparentheses -Wswitch -Wno-unused-function -Wno-unused-label -Wno-unused-parameter -Wno-unused-variable -Wunused-value -Wno-empty-body -Wno-uninitialized -Wno-unknown-pragmas -w -Wno-shadow -Wno-four-char-constants -Wno-conversion -Wno-constant-conversion -Wno-int-conversion -Wno-bool-conversion -Wno-enum-conversion -Wno-float-conversion -Wno-non-literal-null-conversion -Wno-objc-literal-conversion -Wshorten-64-to-32 -Wno-newline-eof -Wno-c++11-extensions -Wno-implicit-fallthrough -fstrict-aliasing -Wdeprecated-declarations -Winvalid-offsetof -Wno-sign-conversion -Wno-infinite-recursion -Wno-move -Wno-comma -Wno-block-capture-autoreleasing -Wno-strict-prototypes -Wno-range-loop-analysis -Wno-semicolon-before-method-body -index-store-path /Users/aleks/Library/Developer/Xcode/DerivedData/PlanItApp-gkehojshtcbfvhersqwajfujohau/Index.noindex/DataStore @/Users/aleks/Library/Developer/Xcode/DerivedData/PlanItApp-gkehojshtcbfvhersqwajfujohau/Build/Intermediates.noindex/leveldb.build/Debug-iphonesimulator/leveldb.build/Objects-normal/arm64/82b82416624d2658e5098eb0a28c15c5-common-args.resp -MMD -MT dependencies -MF /Users/aleks/Library/Developer/Xcode/DerivedData/PlanItApp-gkehojshtcbfvhersqwajfujohau/Build/Intermediates.noindex/leveldb.build/Debug-iphonesimulator/leveldb.build/Objects-normal/arm64/logging.d --serialize-diagnostics /Users/aleks/Library/Developer/Xcode/DerivedData/PlanItApp-gkehojshtcbfvhersqwajfujohau/Build/Intermediates.noindex/leveldb.build/Debug-iphonesimulator/leveldb.build/Objects-normal/arm64/logging.dia -c /Users/aleks/Library/Developer/Xcode/DerivedData/PlanItApp-gkehojshtcbfvhersqwajfujohau/SourcePackages/checkouts/leveldb/util/logging.cc -o /Users/aleks/Library/Developer/Xcode/DerivedData/PlanItApp-gkehojshtcbfvhersqwajfujohau/Build/Intermediates.noindex/leveldb.build/Debug-iphonesimulator/leveldb.build/Objects-normal/arm64/logging.o -index-unit-output-path /leveldb.build/Debug-iphonesimulator/leveldb.build/Objects-normal/arm64/logging.o

CompileC /Users/aleks/Library/Developer/Xcode/DerivedData/PlanItApp-gkehojshtcbfvhersqwajfujohau/Build/Intermediates.noindex/leveldb.build/Debug-iphonesimulator/leveldb.build/Objects-normal/arm64/histogram.o /Users/aleks/Library/Developer/Xcode/DerivedData/PlanItApp-gkehojshtcbfvhersqwajfujohau/SourcePackages/checkouts/leveldb/util/histogram.cc normal arm64 c++ com.apple.compilers.llvm.clang.1_0.compiler (in target 'leveldb' from project 'leveldb')
    cd /Users/aleks/Desktop/PlanItApp/PlanItApp.xcodeproj
    
    Using response file: /Users/aleks/Library/Developer/Xcode/DerivedData/PlanItApp-gkehojshtcbfvhersqwajfujohau/Build/Intermediates.noindex/leveldb.build/Debug-iphonesimulator/leveldb.build/Objects-normal/arm64/82b82416624d2658e5098eb0a28c15c5-common-args.resp
    
    /Applications/Xcode.app/Contents/Developer/Toolchains/XcodeDefault.xctoolchain/usr/bin/clang -x c++ -ivfsstatcache /Users/aleks/Library/Developer/Xcode/DerivedData/SDKStatCaches.noindex/iphonesimulator18.5-22F76-d5fc8ad4295d2ef488fb7d0f804ce0c4.sdkstatcache -fmessage-length\=0 -fdiagnostics-show-note-include-stack -fmacro-backtrace-limit\=0 -fno-color-diagnostics -fmodules-prune-interval\=86400 -fmodules-prune-after\=345600 -fbuild-session-file\=/Users/aleks/Library/Developer/Xcode/DerivedData/ModuleCache.noindex/Session.modulevalidation -fmodules-validate-once-per-build-session -Wnon-modular-include-in-framework-module -Werror\=non-modular-include-in-framework-module -Wno-trigraphs -Wno-missing-field-initializers -Wno-missing-prototypes -Wno-return-type -Wno-non-virtual-dtor -Wno-overloaded-virtual -Wno-exit-time-destructors -Wno-missing-braces -Wparentheses -Wswitch -Wno-unused-function -Wno-unused-label -Wno-unused-parameter -Wno-unused-variable -Wunused-value -Wno-empty-body -Wno-uninitialized -Wno-unknown-pragmas -w -Wno-shadow -Wno-four-char-constants -Wno-conversion -Wno-constant-conversion -Wno-int-conversion -Wno-bool-conversion -Wno-enum-conversion -Wno-float-conversion -Wno-non-literal-null-conversion -Wno-objc-literal-conversion -Wshorten-64-to-32 -Wno-newline-eof -Wno-c++11-extensions -Wno-implicit-fallthrough -fstrict-aliasing -Wdeprecated-declarations -Winvalid-offsetof -Wno-sign-conversion -Wno-infinite-recursion -Wno-move -Wno-comma -Wno-block-capture-autoreleasing -Wno-strict-prototypes -Wno-range-loop-analysis -Wno-semicolon-before-method-body -index-store-path /Users/aleks/Library/Developer/Xcode/DerivedData/PlanItApp-gkehojshtcbfvhersqwajfujohau/Index.noindex/DataStore @/Users/aleks/Library/Developer/Xcode/DerivedData/PlanItApp-gkehojshtcbfvhersqwajfujohau/Build/Intermediates.noindex/leveldb.build/Debug-iphonesimulator/leveldb.build/Objects-normal/arm64/82b82416624d2658e5098eb0a28c15c5-common-args.resp -MMD -MT dependencies -MF /Users/aleks/Library/Developer/Xcode/DerivedData/PlanItApp-gkehojshtcbfvhersqwajfujohau/Build/Intermediates.noindex/leveldb.build/Debug-iphonesimulator/leveldb.build/Objects-normal/arm64/histogram.d --serialize-diagnostics /Users/aleks/Library/Developer/Xcode/DerivedData/PlanItApp-gkehojshtcbfvhersqwajfujohau/Build/Intermediates.noindex/leveldb.build/Debug-iphonesimulator/leveldb.build/Objects-normal/arm64/histogram.dia -c /Users/aleks/Library/Developer/Xcode/DerivedData/PlanItApp-gkehojshtcbfvhersqwajfujohau/SourcePackages/checkouts/leveldb/util/histogram.cc -o /Users/aleks/Library/Developer/Xcode/DerivedData/PlanItApp-gkehojshtcbfvhersqwajfujohau/Build/Intermediates.noindex/leveldb.build/Debug-iphonesimulator/leveldb.build/Objects-normal/arm64/histogram.o -index-unit-output-path /leveldb.build/Debug-iphonesimulator/leveldb.build/Objects-normal/arm64/histogram.o

CompileC /Users/aleks/Library/Developer/Xcode/DerivedData/PlanItApp-gkehojshtcbfvhersqwajfujohau/Build/Intermediates.noindex/leveldb.build/Debug-iphonesimulator/leveldb.build/Objects-normal/arm64/write_batch.o /Users/aleks/Library/Developer/Xcode/DerivedData/PlanItApp-gkehojshtcbfvhersqwajfujohau/SourcePackages/checkouts/leveldb/db/write_batch.cc normal arm64 c++ com.apple.compilers.llvm.clang.1_0.compiler (in target 'leveldb' from project 'leveldb')
    cd /Users/aleks/Desktop/PlanItApp/PlanItApp.xcodeproj
    
    Using response file: /Users/aleks/Library/Developer/Xcode/DerivedData/PlanItApp-gkehojshtcbfvhersqwajfujohau/Build/Intermediates.noindex/leveldb.build/Debug-iphonesimulator/leveldb.build/Objects-normal/arm64/82b82416624d2658e5098eb0a28c15c5-common-args.resp
    
    /Applications/Xcode.app/Contents/Developer/Toolchains/XcodeDefault.xctoolchain/usr/bin/clang -x c++ -ivfsstatcache /Users/aleks/Library/Developer/Xcode/DerivedData/SDKStatCaches.noindex/iphonesimulator18.5-22F76-d5fc8ad4295d2ef488fb7d0f804ce0c4.sdkstatcache -fmessage-length\=0 -fdiagnostics-show-note-include-stack -fmacro-backtrace-limit\=0 -fno-color-diagnostics -fmodules-prune-interval\=86400 -fmodules-prune-after\=345600 -fbuild-session-file\=/Users/aleks/Library/Developer/Xcode/DerivedData/ModuleCache.noindex/Session.modulevalidation -fmodules-validate-once-per-build-session -Wnon-modular-include-in-framework-module -Werror\=non-modular-include-in-framework-module -Wno-trigraphs -Wno-missing-field-initializers -Wno-missing-prototypes -Wno-return-type -Wno-non-virtual-dtor -Wno-overloaded-virtual -Wno-exit-time-destructors -Wno-missing-braces -Wparentheses -Wswitch -Wno-unused-function -Wno-unused-label -Wno-unused-parameter -Wno-unused-variable -Wunused-value -Wno-empty-body -Wno-uninitialized -Wno-unknown-pragmas -w -Wno-shadow -Wno-four-char-constants -Wno-conversion -Wno-constant-conversion -Wno-int-conversion -Wno-bool-conversion -Wno-enum-conversion -Wno-float-conversion -Wno-non-literal-null-conversion -Wno-objc-literal-conversion -Wshorten-64-to-32 -Wno-newline-eof -Wno-c++11-extensions -Wno-implicit-fallthrough -fstrict-aliasing -Wdeprecated-declarations -Winvalid-offsetof -Wno-sign-conversion -Wno-infinite-recursion -Wno-move -Wno-comma -Wno-block-capture-autoreleasing -Wno-strict-prototypes -Wno-range-loop-analysis -Wno-semicolon-before-method-body -index-store-path /Users/aleks/Library/Developer/Xcode/DerivedData/PlanItApp-gkehojshtcbfvhersqwajfujohau/Index.noindex/DataStore @/Users/aleks/Library/Developer/Xcode/DerivedData/PlanItApp-gkehojshtcbfvhersqwajfujohau/Build/Intermediates.noindex/leveldb.build/Debug-iphonesimulator/leveldb.build/Objects-normal/arm64/82b82416624d2658e5098eb0a28c15c5-common-args.resp -MMD -MT dependencies -MF /Users/aleks/Library/Developer/Xcode/DerivedData/PlanItApp-gkehojshtcbfvhersqwajfujohau/Build/Intermediates.noindex/leveldb.build/Debug-iphonesimulator/leveldb.build/Objects-normal/arm64/write_batch.d --serialize-diagnostics /Users/aleks/Library/Developer/Xcode/DerivedData/PlanItApp-gkehojshtcbfvhersqwajfujohau/Build/Intermediates.noindex/leveldb.build/Debug-iphonesimulator/leveldb.build/Objects-normal/arm64/write_batch.dia -c /Users/aleks/Library/Developer/Xcode/DerivedData/PlanItApp-gkehojshtcbfvhersqwajfujohau/SourcePackages/checkouts/leveldb/db/write_batch.cc -o /Users/aleks/Library/Developer/Xcode/DerivedData/PlanItApp-gkehojshtcbfvhersqwajfujohau/Build/Intermediates.noindex/leveldb.build/Debug-iphonesimulator/leveldb.build/Objects-normal/arm64/write_batch.o -index-unit-output-path /leveldb.build/Debug-iphonesimulator/leveldb.build/Objects-normal/arm64/write_batch.o

CompileC /Users/aleks/Library/Developer/Xcode/DerivedData/PlanItApp-gkehojshtcbfvhersqwajfujohau/Build/Intermediates.noindex/leveldb.build/Debug-iphonesimulator/leveldb.build/Objects-normal/arm64/version_set.o /Users/aleks/Library/Developer/Xcode/DerivedData/PlanItApp-gkehojshtcbfvhersqwajfujohau/SourcePackages/checkouts/leveldb/db/version_set.cc normal arm64 c++ com.apple.compilers.llvm.clang.1_0.compiler (in target 'leveldb' from project 'leveldb')
    cd /Users/aleks/Desktop/PlanItApp/PlanItApp.xcodeproj
    
    Using response file: /Users/aleks/Library/Developer/Xcode/DerivedData/PlanItApp-gkehojshtcbfvhersqwajfujohau/Build/Intermediates.noindex/leveldb.build/Debug-iphonesimulator/leveldb.build/Objects-normal/arm64/82b82416624d2658e5098eb0a28c15c5-common-args.resp
    
    /Applications/Xcode.app/Contents/Developer/Toolchains/XcodeDefault.xctoolchain/usr/bin/clang -x c++ -ivfsstatcache /Users/aleks/Library/Developer/Xcode/DerivedData/SDKStatCaches.noindex/iphonesimulator18.5-22F76-d5fc8ad4295d2ef488fb7d0f804ce0c4.sdkstatcache -fmessage-length\=0 -fdiagnostics-show-note-include-stack -fmacro-backtrace-limit\=0 -fno-color-diagnostics -fmodules-prune-interval\=86400 -fmodules-prune-after\=345600 -fbuild-session-file\=/Users/aleks/Library/Developer/Xcode/DerivedData/ModuleCache.noindex/Session.modulevalidation -fmodules-validate-once-per-build-session -Wnon-modular-include-in-framework-module -Werror\=non-modular-include-in-framework-module -Wno-trigraphs -Wno-missing-field-initializers -Wno-missing-prototypes -Wno-return-type -Wno-non-virtual-dtor -Wno-overloaded-virtual -Wno-exit-time-destructors -Wno-missing-braces -Wparentheses -Wswitch -Wno-unused-function -Wno-unused-label -Wno-unused-parameter -Wno-unused-variable -Wunused-value -Wno-empty-body -Wno-uninitialized -Wno-unknown-pragmas -w -Wno-shadow -Wno-four-char-constants -Wno-conversion -Wno-constant-conversion -Wno-int-conversion -Wno-bool-conversion -Wno-enum-conversion -Wno-float-conversion -Wno-non-literal-null-conversion -Wno-objc-literal-conversion -Wshorten-64-to-32 -Wno-newline-eof -Wno-c++11-extensions -Wno-implicit-fallthrough -fstrict-aliasing -Wdeprecated-declarations -Winvalid-offsetof -Wno-sign-conversion -Wno-infinite-recursion -Wno-move -Wno-comma -Wno-block-capture-autoreleasing -Wno-strict-prototypes -Wno-range-loop-analysis -Wno-semicolon-before-method-body -index-store-path /Users/aleks/Library/Developer/Xcode/DerivedData/PlanItApp-gkehojshtcbfvhersqwajfujohau/Index.noindex/DataStore @/Users/aleks/Library/Developer/Xcode/DerivedData/PlanItApp-gkehojshtcbfvhersqwajfujohau/Build/Intermediates.noindex/leveldb.build/Debug-iphonesimulator/leveldb.build/Objects-normal/arm64/82b82416624d2658e5098eb0a28c15c5-common-args.resp -MMD -MT dependencies -MF /Users/aleks/Library/Developer/Xcode/DerivedData/PlanItApp-gkehojshtcbfvhersqwajfujohau/Build/Intermediates.noindex/leveldb.build/Debug-iphonesimulator/leveldb.build/Objects-normal/arm64/version_set.d --serialize-diagnostics /Users/aleks/Library/Developer/Xcode/DerivedData/PlanItApp-gkehojshtcbfvhersqwajfujohau/Build/Intermediates.noindex/leveldb.build/Debug-iphonesimulator/leveldb.build/Objects-normal/arm64/version_set.dia -c /Users/aleks/Library/Developer/Xcode/DerivedData/PlanItApp-gkehojshtcbfvhersqwajfujohau/SourcePackages/checkouts/leveldb/db/version_set.cc -o /Users/aleks/Library/Developer/Xcode/DerivedData/PlanItApp-gkehojshtcbfvhersqwajfujohau/Build/Intermediates.noindex/leveldb.build/Debug-iphonesimulator/leveldb.build/Objects-normal/arm64/version_set.o -index-unit-output-path /leveldb.build/Debug-iphonesimulator/leveldb.build/Objects-normal/arm64/version_set.o

CompileC /Users/aleks/Library/Developer/Xcode/DerivedData/PlanItApp-gkehojshtcbfvhersqwajfujohau/Build/Intermediates.noindex/leveldb.build/Debug-iphonesimulator/leveldb.build/Objects-normal/arm64/version_edit.o /Users/aleks/Library/Developer/Xcode/DerivedData/PlanItApp-gkehojshtcbfvhersqwajfujohau/SourcePackages/checkouts/leveldb/db/version_edit.cc normal arm64 c++ com.apple.compilers.llvm.clang.1_0.compiler (in target 'leveldb' from project 'leveldb')
    cd /Users/aleks/Desktop/PlanItApp/PlanItApp.xcodeproj
    
    Using response file: /Users/aleks/Library/Developer/Xcode/DerivedData/PlanItApp-gkehojshtcbfvhersqwajfujohau/Build/Intermediates.noindex/leveldb.build/Debug-iphonesimulator/leveldb.build/Objects-normal/arm64/82b82416624d2658e5098eb0a28c15c5-common-args.resp
    
    /Applications/Xcode.app/Contents/Developer/Toolchains/XcodeDefault.xctoolchain/usr/bin/clang -x c++ -ivfsstatcache /Users/aleks/Library/Developer/Xcode/DerivedData/SDKStatCaches.noindex/iphonesimulator18.5-22F76-d5fc8ad4295d2ef488fb7d0f804ce0c4.sdkstatcache -fmessage-length\=0 -fdiagnostics-show-note-include-stack -fmacro-backtrace-limit\=0 -fno-color-diagnostics -fmodules-prune-interval\=86400 -fmodules-prune-after\=345600 -fbuild-session-file\=/Users/aleks/Library/Developer/Xcode/DerivedData/ModuleCache.noindex/Session.modulevalidation -fmodules-validate-once-per-build-session -Wnon-modular-include-in-framework-module -Werror\=non-modular-include-in-framework-module -Wno-trigraphs -Wno-missing-field-initializers -Wno-missing-prototypes -Wno-return-type -Wno-non-virtual-dtor -Wno-overloaded-virtual -Wno-exit-time-destructors -Wno-missing-braces -Wparentheses -Wswitch -Wno-unused-function -Wno-unused-label -Wno-unused-parameter -Wno-unused-variable -Wunused-value -Wno-empty-body -Wno-uninitialized -Wno-unknown-pragmas -w -Wno-shadow -Wno-four-char-constants -Wno-conversion -Wno-constant-conversion -Wno-int-conversion -Wno-bool-conversion -Wno-enum-conversion -Wno-float-conversion -Wno-non-literal-null-conversion -Wno-objc-literal-conversion -Wshorten-64-to-32 -Wno-newline-eof -Wno-c++11-extensions -Wno-implicit-fallthrough -fstrict-aliasing -Wdeprecated-declarations -Winvalid-offsetof -Wno-sign-conversion -Wno-infinite-recursion -Wno-move -Wno-comma -Wno-block-capture-autoreleasing -Wno-strict-prototypes -Wno-range-loop-analysis -Wno-semicolon-before-method-body -index-store-path /Users/aleks/Library/Developer/Xcode/DerivedData/PlanItApp-gkehojshtcbfvhersqwajfujohau/Index.noindex/DataStore @/Users/aleks/Library/Developer/Xcode/DerivedData/PlanItApp-gkehojshtcbfvhersqwajfujohau/Build/Intermediates.noindex/leveldb.build/Debug-iphonesimulator/leveldb.build/Objects-normal/arm64/82b82416624d2658e5098eb0a28c15c5-common-args.resp -MMD -MT dependencies -MF /Users/aleks/Library/Developer/Xcode/DerivedData/PlanItApp-gkehojshtcbfvhersqwajfujohau/Build/Intermediates.noindex/leveldb.build/Debug-iphonesimulator/leveldb.build/Objects-normal/arm64/version_edit.d --serialize-diagnostics /Users/aleks/Library/Developer/Xcode/DerivedData/PlanItApp-gkehojshtcbfvhersqwajfujohau/Build/Intermediates.noindex/leveldb.build/Debug-iphonesimulator/leveldb.build/Objects-normal/arm64/version_edit.dia -c /Users/aleks/Library/Developer/Xcode/DerivedData/PlanItApp-gkehojshtcbfvhersqwajfujohau/SourcePackages/checkouts/leveldb/db/version_edit.cc -o /Users/aleks/Library/Developer/Xcode/DerivedData/PlanItApp-gkehojshtcbfvhersqwajfujohau/Build/Intermediates.noindex/leveldb.build/Debug-iphonesimulator/leveldb.build/Objects-normal/arm64/version_edit.o -index-unit-output-path /leveldb.build/Debug-iphonesimulator/leveldb.build/Objects-normal/arm64/version_edit.o

CompileC /Users/aleks/Library/Developer/Xcode/DerivedData/PlanItApp-gkehojshtcbfvhersqwajfujohau/Build/Intermediates.noindex/leveldb.build/Debug-iphonesimulator/leveldb.build/Objects-normal/arm64/two_level_iterator.o /Users/aleks/Library/Developer/Xcode/DerivedData/PlanItApp-gkehojshtcbfvhersqwajfujohau/SourcePackages/checkouts/leveldb/table/two_level_iterator.cc normal arm64 c++ com.apple.compilers.llvm.clang.1_0.compiler (in target 'leveldb' from project 'leveldb')
    cd /Users/aleks/Desktop/PlanItApp/PlanItApp.xcodeproj
    
    Using response file: /Users/aleks/Library/Developer/Xcode/DerivedData/PlanItApp-gkehojshtcbfvhersqwajfujohau/Build/Intermediates.noindex/leveldb.build/Debug-iphonesimulator/leveldb.build/Objects-normal/arm64/82b82416624d2658e5098eb0a28c15c5-common-args.resp
    
    /Applications/Xcode.app/Contents/Developer/Toolchains/XcodeDefault.xctoolchain/usr/bin/clang -x c++ -ivfsstatcache /Users/aleks/Library/Developer/Xcode/DerivedData/SDKStatCaches.noindex/iphonesimulator18.5-22F76-d5fc8ad4295d2ef488fb7d0f804ce0c4.sdkstatcache -fmessage-length\=0 -fdiagnostics-show-note-include-stack -fmacro-backtrace-limit\=0 -fno-color-diagnostics -fmodules-prune-interval\=86400 -fmodules-prune-after\=345600 -fbuild-session-file\=/Users/aleks/Library/Developer/Xcode/DerivedData/ModuleCache.noindex/Session.modulevalidation -fmodules-validate-once-per-build-session -Wnon-modular-include-in-framework-module -Werror\=non-modular-include-in-framework-module -Wno-trigraphs -Wno-missing-field-initializers -Wno-missing-prototypes -Wno-return-type -Wno-non-virtual-dtor -Wno-overloaded-virtual -Wno-exit-time-destructors -Wno-missing-braces -Wparentheses -Wswitch -Wno-unused-function -Wno-unused-label -Wno-unused-parameter -Wno-unused-variable -Wunused-value -Wno-empty-body -Wno-uninitialized -Wno-unknown-pragmas -w -Wno-shadow -Wno-four-char-constants -Wno-conversion -Wno-constant-conversion -Wno-int-conversion -Wno-bool-conversion -Wno-enum-conversion -Wno-float-conversion -Wno-non-literal-null-conversion -Wno-objc-literal-conversion -Wshorten-64-to-32 -Wno-newline-eof -Wno-c++11-extensions -Wno-implicit-fallthrough -fstrict-aliasing -Wdeprecated-declarations -Winvalid-offsetof -Wno-sign-conversion -Wno-infinite-recursion -Wno-move -Wno-comma -Wno-block-capture-autoreleasing -Wno-strict-prototypes -Wno-range-loop-analysis -Wno-semicolon-before-method-body -index-store-path /Users/aleks/Library/Developer/Xcode/DerivedData/PlanItApp-gkehojshtcbfvhersqwajfujohau/Index.noindex/DataStore @/Users/aleks/Library/Developer/Xcode/DerivedData/PlanItApp-gkehojshtcbfvhersqwajfujohau/Build/Intermediates.noindex/leveldb.build/Debug-iphonesimulator/leveldb.build/Objects-normal/arm64/82b82416624d2658e5098eb0a28c15c5-common-args.resp -MMD -MT dependencies -MF /Users/aleks/Library/Developer/Xcode/DerivedData/PlanItApp-gkehojshtcbfvhersqwajfujohau/Build/Intermediates.noindex/leveldb.build/Debug-iphonesimulator/leveldb.build/Objects-normal/arm64/two_level_iterator.d --serialize-diagnostics /Users/aleks/Library/Developer/Xcode/DerivedData/PlanItApp-gkehojshtcbfvhersqwajfujohau/Build/Intermediates.noindex/leveldb.build/Debug-iphonesimulator/leveldb.build/Objects-normal/arm64/two_level_iterator.dia -c /Users/aleks/Library/Developer/Xcode/DerivedData/PlanItApp-gkehojshtcbfvhersqwajfujohau/SourcePackages/checkouts/leveldb/table/two_level_iterator.cc -o /Users/aleks/Library/Developer/Xcode/DerivedData/PlanItApp-gkehojshtcbfvhersqwajfujohau/Build/Intermediates.noindex/leveldb.build/Debug-iphonesimulator/leveldb.build/Objects-normal/arm64/two_level_iterator.o -index-unit-output-path /leveldb.build/Debug-iphonesimulator/leveldb.build/Objects-normal/arm64/two_level_iterator.o

CompileC /Users/aleks/Library/Developer/Xcode/DerivedData/PlanItApp-gkehojshtcbfvhersqwajfujohau/Build/Intermediates.noindex/leveldb.build/Debug-iphonesimulator/leveldb.build/Objects-normal/arm64/table_cache.o /Users/aleks/Library/Developer/Xcode/DerivedData/PlanItApp-gkehojshtcbfvhersqwajfujohau/SourcePackages/checkouts/leveldb/db/table_cache.cc normal arm64 c++ com.apple.compilers.llvm.clang.1_0.compiler (in target 'leveldb' from project 'leveldb')
    cd /Users/aleks/Desktop/PlanItApp/PlanItApp.xcodeproj
    
    Using response file: /Users/aleks/Library/Developer/Xcode/DerivedData/PlanItApp-gkehojshtcbfvhersqwajfujohau/Build/Intermediates.noindex/leveldb.build/Debug-iphonesimulator/leveldb.build/Objects-normal/arm64/82b82416624d2658e5098eb0a28c15c5-common-args.resp
    
    /Applications/Xcode.app/Contents/Developer/Toolchains/XcodeDefault.xctoolchain/usr/bin/clang -x c++ -ivfsstatcache /Users/aleks/Library/Developer/Xcode/DerivedData/SDKStatCaches.noindex/iphonesimulator18.5-22F76-d5fc8ad4295d2ef488fb7d0f804ce0c4.sdkstatcache -fmessage-length\=0 -fdiagnostics-show-note-include-stack -fmacro-backtrace-limit\=0 -fno-color-diagnostics -fmodules-prune-interval\=86400 -fmodules-prune-after\=345600 -fbuild-session-file\=/Users/aleks/Library/Developer/Xcode/DerivedData/ModuleCache.noindex/Session.modulevalidation -fmodules-validate-once-per-build-session -Wnon-modular-include-in-framework-module -Werror\=non-modular-include-in-framework-module -Wno-trigraphs -Wno-missing-field-initializers -Wno-missing-prototypes -Wno-return-type -Wno-non-virtual-dtor -Wno-overloaded-virtual -Wno-exit-time-destructors -Wno-missing-braces -Wparentheses -Wswitch -Wno-unused-function -Wno-unused-label -Wno-unused-parameter -Wno-unused-variable -Wunused-value -Wno-empty-body -Wno-uninitialized -Wno-unknown-pragmas -w -Wno-shadow -Wno-four-char-constants -Wno-conversion -Wno-constant-conversion -Wno-int-conversion -Wno-bool-conversion -Wno-enum-conversion -Wno-float-conversion -Wno-non-literal-null-conversion -Wno-objc-literal-conversion -Wshorten-64-to-32 -Wno-newline-eof -Wno-c++11-extensions -Wno-implicit-fallthrough -fstrict-aliasing -Wdeprecated-declarations -Winvalid-offsetof -Wno-sign-conversion -Wno-infinite-recursion -Wno-move -Wno-comma -Wno-block-capture-autoreleasing -Wno-strict-prototypes -Wno-range-loop-analysis -Wno-semicolon-before-method-body -index-store-path /Users/aleks/Library/Developer/Xcode/DerivedData/PlanItApp-gkehojshtcbfvhersqwajfujohau/Index.noindex/DataStore @/Users/aleks/Library/Developer/Xcode/DerivedData/PlanItApp-gkehojshtcbfvhersqwajfujohau/Build/Intermediates.noindex/leveldb.build/Debug-iphonesimulator/leveldb.build/Objects-normal/arm64/82b82416624d2658e5098eb0a28c15c5-common-args.resp -MMD -MT dependencies -MF /Users/aleks/Library/Developer/Xcode/DerivedData/PlanItApp-gkehojshtcbfvhersqwajfujohau/Build/Intermediates.noindex/leveldb.build/Debug-iphonesimulator/leveldb.build/Objects-normal/arm64/table_cache.d --serialize-diagnostics /Users/aleks/Library/Developer/Xcode/DerivedData/PlanItApp-gkehojshtcbfvhersqwajfujohau/Build/Intermediates.noindex/leveldb.build/Debug-iphonesimulator/leveldb.build/Objects-normal/arm64/table_cache.dia -c /Users/aleks/Library/Developer/Xcode/DerivedData/PlanItApp-gkehojshtcbfvhersqwajfujohau/SourcePackages/checkouts/leveldb/db/table_cache.cc -o /Users/aleks/Library/Developer/Xcode/DerivedData/PlanItApp-gkehojshtcbfvhersqwajfujohau/Build/Intermediates.noindex/leveldb.build/Debug-iphonesimulator/leveldb.build/Objects-normal/arm64/table_cache.o -index-unit-output-path /leveldb.build/Debug-iphonesimulator/leveldb.build/Objects-normal/arm64/table_cache.o

Ld /Users/aleks/Library/Developer/Xcode/DerivedData/PlanItApp-gkehojshtcbfvhersqwajfujohau/Build/Products/Debug-iphonesimulator/RecaptchaInterop.o normal (in target 'RecaptchaInterop' from project 'InteropForGoogle')
    cd /Users/aleks/Library/Developer/Xcode/DerivedData/PlanItApp-gkehojshtcbfvhersqwajfujohau/SourcePackages/checkouts/interop-ios-for-google-sdks
    /Applications/Xcode.app/Contents/Developer/Toolchains/XcodeDefault.xctoolchain/usr/bin/clang -Xlinker -reproducible -target arm64-apple-ios12.0-simulator -r -isysroot /Applications/Xcode.app/Contents/Developer/Platforms/iPhoneSimulator.platform/Developer/SDKs/iPhoneSimulator18.5.sdk -O0 -w -L/Users/aleks/Library/Developer/Xcode/DerivedData/PlanItApp-gkehojshtcbfvhersqwajfujohau/Build/Intermediates.noindex/EagerLinkingTBDs/Debug-iphonesimulator -L/Users/aleks/Library/Developer/Xcode/DerivedData/PlanItApp-gkehojshtcbfvhersqwajfujohau/Build/Products/Debug-iphonesimulator -L/Applications/Xcode.app/Contents/Developer/Platforms/iPhoneSimulator.platform/Developer/usr/lib -F/Users/aleks/Library/Developer/Xcode/DerivedData/PlanItApp-gkehojshtcbfvhersqwajfujohau/Build/Intermediates.noindex/EagerLinkingTBDs/Debug-iphonesimulator -F/Users/aleks/Library/Developer/Xcode/DerivedData/PlanItApp-gkehojshtcbfvhersqwajfujohau/Build/Products/Debug-iphonesimulator -iframework /Applications/Xcode.app/Contents/Developer/Platforms/iPhoneSimulator.platform/Developer/Library/Frameworks -iframework /Applications/Xcode.app/Contents/Developer/Platforms/iPhoneSimulator.platform/Developer/SDKs/iPhoneSimulator18.5.sdk/Developer/Library/Frameworks -filelist /Users/aleks/Library/Developer/Xcode/DerivedData/PlanItApp-gkehojshtcbfvhersqwajfujohau/Build/Intermediates.noindex/InteropForGoogle.build/Debug-iphonesimulator/RecaptchaInterop.build/Objects-normal/arm64/RecaptchaInterop.LinkFileList -nostdlib -Xlinker -object_path_lto -Xlinker /Users/aleks/Library/Developer/Xcode/DerivedData/PlanItApp-gkehojshtcbfvhersqwajfujohau/Build/Intermediates.noindex/InteropForGoogle.build/Debug-iphonesimulator/RecaptchaInterop.build/Objects-normal/arm64/RecaptchaInterop_lto.o -rdynamic -Xlinker -no_deduplicate -Xlinker -objc_abi_version -Xlinker 2 -Xlinker -debug_variant -Xlinker -dependency_info -Xlinker /Users/aleks/Library/Developer/Xcode/DerivedData/PlanItApp-gkehojshtcbfvhersqwajfujohau/Build/Intermediates.noindex/InteropForGoogle.build/Debug-iphonesimulator/RecaptchaInterop.build/Objects-normal/arm64/RecaptchaInterop_dependency_info.dat -fobjc-arc -fobjc-link-runtime -o /Users/aleks/Library/Developer/Xcode/DerivedData/PlanItApp-gkehojshtcbfvhersqwajfujohau/Build/Products/Debug-iphonesimulator/RecaptchaInterop.o

SwiftEmitModule normal arm64 Emitting\ module\ for\ FirebaseSharedSwift (in target 'FirebaseSharedSwift' from project 'Firebase')

EmitSwiftModule normal arm64 (in target 'FirebaseSharedSwift' from project 'Firebase')
    cd /Users/aleks/Desktop/PlanItApp/PlanItApp.xcodeproj
    

Ld /Users/aleks/Library/Developer/Xcode/DerivedData/PlanItApp-gkehojshtcbfvhersqwajfujohau/Build/Products/Debug-iphonesimulator/FirebaseAuthInterop.o normal (in target 'FirebaseAuthInterop' from project 'Firebase')
    cd /Users/aleks/Library/Developer/Xcode/DerivedData/PlanItApp-gkehojshtcbfvhersqwajfujohau/SourcePackages/checkouts/firebase-ios-sdk
    /Applications/Xcode.app/Contents/Developer/Toolchains/XcodeDefault.xctoolchain/usr/bin/clang -Xlinker -reproducible -target arm64-apple-ios12.0-simulator -r -isysroot /Applications/Xcode.app/Contents/Developer/Platforms/iPhoneSimulator.platform/Developer/SDKs/iPhoneSimulator18.5.sdk -O0 -w -L/Users/aleks/Library/Developer/Xcode/DerivedData/PlanItApp-gkehojshtcbfvhersqwajfujohau/Build/Intermediates.noindex/EagerLinkingTBDs/Debug-iphonesimulator -L/Users/aleks/Library/Developer/Xcode/DerivedData/PlanItApp-gkehojshtcbfvhersqwajfujohau/Build/Products/Debug-iphonesimulator -L/Applications/Xcode.app/Contents/Developer/Platforms/iPhoneSimulator.platform/Developer/usr/lib -F/Users/aleks/Library/Developer/Xcode/DerivedData/PlanItApp-gkehojshtcbfvhersqwajfujohau/Build/Intermediates.noindex/EagerLinkingTBDs/Debug-iphonesimulator -F/Users/aleks/Library/Developer/Xcode/DerivedData/PlanItApp-gkehojshtcbfvhersqwajfujohau/Build/Products/Debug-iphonesimulator -iframework /Applications/Xcode.app/Contents/Developer/Platforms/iPhoneSimulator.platform/Developer/Library/Frameworks -iframework /Applications/Xcode.app/Contents/Developer/Platforms/iPhoneSimulator.platform/Developer/SDKs/iPhoneSimulator18.5.sdk/Developer/Library/Frameworks -filelist /Users/aleks/Library/Developer/Xcode/DerivedData/PlanItApp-gkehojshtcbfvhersqwajfujohau/Build/Intermediates.noindex/Firebase.build/Debug-iphonesimulator/FirebaseAuthInterop.build/Objects-normal/arm64/FirebaseAuthInterop.LinkFileList -nostdlib -Xlinker -object_path_lto -Xlinker /Users/aleks/Library/Developer/Xcode/DerivedData/PlanItApp-gkehojshtcbfvhersqwajfujohau/Build/Intermediates.noindex/Firebase.build/Debug-iphonesimulator/FirebaseAuthInterop.build/Objects-normal/arm64/FirebaseAuthInterop_lto.o -rdynamic -Xlinker -no_deduplicate -Xlinker -objc_abi_version -Xlinker 2 -Xlinker -debug_variant -Xlinker -dependency_info -Xlinker /Users/aleks/Library/Developer/Xcode/DerivedData/PlanItApp-gkehojshtcbfvhersqwajfujohau/Build/Intermediates.noindex/Firebase.build/Debug-iphonesimulator/FirebaseAuthInterop.build/Objects-normal/arm64/FirebaseAuthInterop_dependency_info.dat -fobjc-arc -fobjc-link-runtime -o /Users/aleks/Library/Developer/Xcode/DerivedData/PlanItApp-gkehojshtcbfvhersqwajfujohau/Build/Products/Debug-iphonesimulator/FirebaseAuthInterop.o

Ld /Users/aleks/Library/Developer/Xcode/DerivedData/PlanItApp-gkehojshtcbfvhersqwajfujohau/Build/Products/Debug-iphonesimulator/FirebaseAppCheckInterop.o normal (in target 'FirebaseAppCheckInterop' from project 'Firebase')
    cd /Users/aleks/Library/Developer/Xcode/DerivedData/PlanItApp-gkehojshtcbfvhersqwajfujohau/SourcePackages/checkouts/firebase-ios-sdk
    /Applications/Xcode.app/Contents/Developer/Toolchains/XcodeDefault.xctoolchain/usr/bin/clang -Xlinker -reproducible -target arm64-apple-ios12.0-simulator -r -isysroot /Applications/Xcode.app/Contents/Developer/Platforms/iPhoneSimulator.platform/Developer/SDKs/iPhoneSimulator18.5.sdk -O0 -w -L/Users/aleks/Library/Developer/Xcode/DerivedData/PlanItApp-gkehojshtcbfvhersqwajfujohau/Build/Intermediates.noindex/EagerLinkingTBDs/Debug-iphonesimulator -L/Users/aleks/Library/Developer/Xcode/DerivedData/PlanItApp-gkehojshtcbfvhersqwajfujohau/Build/Products/Debug-iphonesimulator -L/Applications/Xcode.app/Contents/Developer/Platforms/iPhoneSimulator.platform/Developer/usr/lib -F/Users/aleks/Library/Developer/Xcode/DerivedData/PlanItApp-gkehojshtcbfvhersqwajfujohau/Build/Intermediates.noindex/EagerLinkingTBDs/Debug-iphonesimulator -F/Users/aleks/Library/Developer/Xcode/DerivedData/PlanItApp-gkehojshtcbfvhersqwajfujohau/Build/Products/Debug-iphonesimulator -iframework /Applications/Xcode.app/Contents/Developer/Platforms/iPhoneSimulator.platform/Developer/Library/Frameworks -iframework /Applications/Xcode.app/Contents/Developer/Platforms/iPhoneSimulator.platform/Developer/SDKs/iPhoneSimulator18.5.sdk/Developer/Library/Frameworks -filelist /Users/aleks/Library/Developer/Xcode/DerivedData/PlanItApp-gkehojshtcbfvhersqwajfujohau/Build/Intermediates.noindex/Firebase.build/Debug-iphonesimulator/FirebaseAppCheckInterop.build/Objects-normal/arm64/FirebaseAppCheckInterop.LinkFileList -nostdlib -Xlinker -object_path_lto -Xlinker /Users/aleks/Library/Developer/Xcode/DerivedData/PlanItApp-gkehojshtcbfvhersqwajfujohau/Build/Intermediates.noindex/Firebase.build/Debug-iphonesimulator/FirebaseAppCheckInterop.build/Objects-normal/arm64/FirebaseAppCheckInterop_lto.o -rdynamic -Xlinker -no_deduplicate -Xlinker -objc_abi_version -Xlinker 2 -Xlinker -debug_variant -Xlinker -dependency_info -Xlinker /Users/aleks/Library/Developer/Xcode/DerivedData/PlanItApp-gkehojshtcbfvhersqwajfujohau/Build/Intermediates.noindex/Firebase.build/Debug-iphonesimulator/FirebaseAppCheckInterop.build/Objects-normal/arm64/FirebaseAppCheckInterop_dependency_info.dat -fobjc-arc -fobjc-link-runtime -o /Users/aleks/Library/Developer/Xcode/DerivedData/PlanItApp-gkehojshtcbfvhersqwajfujohau/Build/Products/Debug-iphonesimulator/FirebaseAppCheckInterop.o

Ld /Users/aleks/Library/Developer/Xcode/DerivedData/PlanItApp-gkehojshtcbfvhersqwajfujohau/Build/Products/Debug-iphonesimulator/Firebase.o normal (in target 'Firebase' from project 'Firebase')
    cd /Users/aleks/Library/Developer/Xcode/DerivedData/PlanItApp-gkehojshtcbfvhersqwajfujohau/SourcePackages/checkouts/firebase-ios-sdk
    /Applications/Xcode.app/Contents/Developer/Toolchains/XcodeDefault.xctoolchain/usr/bin/clang -Xlinker -reproducible -target arm64-apple-ios12.0-simulator -r -isysroot /Applications/Xcode.app/Contents/Developer/Platforms/iPhoneSimulator.platform/Developer/SDKs/iPhoneSimulator18.5.sdk -O0 -w -L/Users/aleks/Library/Developer/Xcode/DerivedData/PlanItApp-gkehojshtcbfvhersqwajfujohau/Build/Intermediates.noindex/EagerLinkingTBDs/Debug-iphonesimulator -L/Users/aleks/Library/Developer/Xcode/DerivedData/PlanItApp-gkehojshtcbfvhersqwajfujohau/Build/Products/Debug-iphonesimulator -L/Applications/Xcode.app/Contents/Developer/Platforms/iPhoneSimulator.platform/Developer/usr/lib -F/Users/aleks/Library/Developer/Xcode/DerivedData/PlanItApp-gkehojshtcbfvhersqwajfujohau/Build/Intermediates.noindex/EagerLinkingTBDs/Debug-iphonesimulator -F/Users/aleks/Library/Developer/Xcode/DerivedData/PlanItApp-gkehojshtcbfvhersqwajfujohau/Build/Products/Debug-iphonesimulator -iframework /Applications/Xcode.app/Contents/Developer/Platforms/iPhoneSimulator.platform/Developer/Library/Frameworks -iframework /Applications/Xcode.app/Contents/Developer/Platforms/iPhoneSimulator.platform/Developer/SDKs/iPhoneSimulator18.5.sdk/Developer/Library/Frameworks -filelist /Users/aleks/Library/Developer/Xcode/DerivedData/PlanItApp-gkehojshtcbfvhersqwajfujohau/Build/Intermediates.noindex/Firebase.build/Debug-iphonesimulator/Firebase.build/Objects-normal/arm64/Firebase.LinkFileList -nostdlib -Xlinker -object_path_lto -Xlinker /Users/aleks/Library/Developer/Xcode/DerivedData/PlanItApp-gkehojshtcbfvhersqwajfujohau/Build/Intermediates.noindex/Firebase.build/Debug-iphonesimulator/Firebase.build/Objects-normal/arm64/Firebase_lto.o -rdynamic -Xlinker -no_deduplicate -Xlinker -objc_abi_version -Xlinker 2 -Xlinker -debug_variant -Xlinker -dependency_info -Xlinker /Users/aleks/Library/Developer/Xcode/DerivedData/PlanItApp-gkehojshtcbfvhersqwajfujohau/Build/Intermediates.noindex/Firebase.build/Debug-iphonesimulator/Firebase.build/Objects-normal/arm64/Firebase_dependency_info.dat -fobjc-arc -fobjc-link-runtime -o /Users/aleks/Library/Developer/Xcode/DerivedData/PlanItApp-gkehojshtcbfvhersqwajfujohau/Build/Products/Debug-iphonesimulator/Firebase.o

CompileC /Users/aleks/Library/Developer/Xcode/DerivedData/PlanItApp-gkehojshtcbfvhersqwajfujohau/Build/Intermediates.noindex/leveldb.build/Debug-iphonesimulator/leveldb.build/Objects-normal/arm64/table_builder.o /Users/aleks/Library/Developer/Xcode/DerivedData/PlanItApp-gkehojshtcbfvhersqwajfujohau/SourcePackages/checkouts/leveldb/table/table_builder.cc normal arm64 c++ com.apple.compilers.llvm.clang.1_0.compiler (in target 'leveldb' from project 'leveldb')
    cd /Users/aleks/Desktop/PlanItApp/PlanItApp.xcodeproj
    
    Using response file: /Users/aleks/Library/Developer/Xcode/DerivedData/PlanItApp-gkehojshtcbfvhersqwajfujohau/Build/Intermediates.noindex/leveldb.build/Debug-iphonesimulator/leveldb.build/Objects-normal/arm64/82b82416624d2658e5098eb0a28c15c5-common-args.resp
    
    /Applications/Xcode.app/Contents/Developer/Toolchains/XcodeDefault.xctoolchain/usr/bin/clang -x c++ -ivfsstatcache /Users/aleks/Library/Developer/Xcode/DerivedData/SDKStatCaches.noindex/iphonesimulator18.5-22F76-d5fc8ad4295d2ef488fb7d0f804ce0c4.sdkstatcache -fmessage-length\=0 -fdiagnostics-show-note-include-stack -fmacro-backtrace-limit\=0 -fno-color-diagnostics -fmodules-prune-interval\=86400 -fmodules-prune-after\=345600 -fbuild-session-file\=/Users/aleks/Library/Developer/Xcode/DerivedData/ModuleCache.noindex/Session.modulevalidation -fmodules-validate-once-per-build-session -Wnon-modular-include-in-framework-module -Werror\=non-modular-include-in-framework-module -Wno-trigraphs -Wno-missing-field-initializers -Wno-missing-prototypes -Wno-return-type -Wno-non-virtual-dtor -Wno-overloaded-virtual -Wno-exit-time-destructors -Wno-missing-braces -Wparentheses -Wswitch -Wno-unused-function -Wno-unused-label -Wno-unused-parameter -Wno-unused-variable -Wunused-value -Wno-empty-body -Wno-uninitialized -Wno-unknown-pragmas -w -Wno-shadow -Wno-four-char-constants -Wno-conversion -Wno-constant-conversion -Wno-int-conversion -Wno-bool-conversion -Wno-enum-conversion -Wno-float-conversion -Wno-non-literal-null-conversion -Wno-objc-literal-conversion -Wshorten-64-to-32 -Wno-newline-eof -Wno-c++11-extensions -Wno-implicit-fallthrough -fstrict-aliasing -Wdeprecated-declarations -Winvalid-offsetof -Wno-sign-conversion -Wno-infinite-recursion -Wno-move -Wno-comma -Wno-block-capture-autoreleasing -Wno-strict-prototypes -Wno-range-loop-analysis -Wno-semicolon-before-method-body -index-store-path /Users/aleks/Library/Developer/Xcode/DerivedData/PlanItApp-gkehojshtcbfvhersqwajfujohau/Index.noindex/DataStore @/Users/aleks/Library/Developer/Xcode/DerivedData/PlanItApp-gkehojshtcbfvhersqwajfujohau/Build/Intermediates.noindex/leveldb.build/Debug-iphonesimulator/leveldb.build/Objects-normal/arm64/82b82416624d2658e5098eb0a28c15c5-common-args.resp -MMD -MT dependencies -MF /Users/aleks/Library/Developer/Xcode/DerivedData/PlanItApp-gkehojshtcbfvhersqwajfujohau/Build/Intermediates.noindex/leveldb.build/Debug-iphonesimulator/leveldb.build/Objects-normal/arm64/table_builder.d --serialize-diagnostics /Users/aleks/Library/Developer/Xcode/DerivedData/PlanItApp-gkehojshtcbfvhersqwajfujohau/Build/Intermediates.noindex/leveldb.build/Debug-iphonesimulator/leveldb.build/Objects-normal/arm64/table_builder.dia -c /Users/aleks/Library/Developer/Xcode/DerivedData/PlanItApp-gkehojshtcbfvhersqwajfujohau/SourcePackages/checkouts/leveldb/table/table_builder.cc -o /Users/aleks/Library/Developer/Xcode/DerivedData/PlanItApp-gkehojshtcbfvhersqwajfujohau/Build/Intermediates.noindex/leveldb.build/Debug-iphonesimulator/leveldb.build/Objects-normal/arm64/table_builder.o -index-unit-output-path /leveldb.build/Debug-iphonesimulator/leveldb.build/Objects-normal/arm64/table_builder.o

CompileC /Users/aleks/Library/Developer/Xcode/DerivedData/PlanItApp-gkehojshtcbfvhersqwajfujohau/Build/Intermediates.noindex/leveldb.build/Debug-iphonesimulator/leveldb.build/Objects-normal/arm64/table.o /Users/aleks/Library/Developer/Xcode/DerivedData/PlanItApp-gkehojshtcbfvhersqwajfujohau/SourcePackages/checkouts/leveldb/table/table.cc normal arm64 c++ com.apple.compilers.llvm.clang.1_0.compiler (in target 'leveldb' from project 'leveldb')
    cd /Users/aleks/Desktop/PlanItApp/PlanItApp.xcodeproj
    
    Using response file: /Users/aleks/Library/Developer/Xcode/DerivedData/PlanItApp-gkehojshtcbfvhersqwajfujohau/Build/Intermediates.noindex/leveldb.build/Debug-iphonesimulator/leveldb.build/Objects-normal/arm64/82b82416624d2658e5098eb0a28c15c5-common-args.resp
    
    /Applications/Xcode.app/Contents/Developer/Toolchains/XcodeDefault.xctoolchain/usr/bin/clang -x c++ -ivfsstatcache /Users/aleks/Library/Developer/Xcode/DerivedData/SDKStatCaches.noindex/iphonesimulator18.5-22F76-d5fc8ad4295d2ef488fb7d0f804ce0c4.sdkstatcache -fmessage-length\=0 -fdiagnostics-show-note-include-stack -fmacro-backtrace-limit\=0 -fno-color-diagnostics -fmodules-prune-interval\=86400 -fmodules-prune-after\=345600 -fbuild-session-file\=/Users/aleks/Library/Developer/Xcode/DerivedData/ModuleCache.noindex/Session.modulevalidation -fmodules-validate-once-per-build-session -Wnon-modular-include-in-framework-module -Werror\=non-modular-include-in-framework-module -Wno-trigraphs -Wno-missing-field-initializers -Wno-missing-prototypes -Wno-return-type -Wno-non-virtual-dtor -Wno-overloaded-virtual -Wno-exit-time-destructors -Wno-missing-braces -Wparentheses -Wswitch -Wno-unused-function -Wno-unused-label -Wno-unused-parameter -Wno-unused-variable -Wunused-value -Wno-empty-body -Wno-uninitialized -Wno-unknown-pragmas -w -Wno-shadow -Wno-four-char-constants -Wno-conversion -Wno-constant-conversion -Wno-int-conversion -Wno-bool-conversion -Wno-enum-conversion -Wno-float-conversion -Wno-non-literal-null-conversion -Wno-objc-literal-conversion -Wshorten-64-to-32 -Wno-newline-eof -Wno-c++11-extensions -Wno-implicit-fallthrough -fstrict-aliasing -Wdeprecated-declarations -Winvalid-offsetof -Wno-sign-conversion -Wno-infinite-recursion -Wno-move -Wno-comma -Wno-block-capture-autoreleasing -Wno-strict-prototypes -Wno-range-loop-analysis -Wno-semicolon-before-method-body -index-store-path /Users/aleks/Library/Developer/Xcode/DerivedData/PlanItApp-gkehojshtcbfvhersqwajfujohau/Index.noindex/DataStore @/Users/aleks/Library/Developer/Xcode/DerivedData/PlanItApp-gkehojshtcbfvhersqwajfujohau/Build/Intermediates.noindex/leveldb.build/Debug-iphonesimulator/leveldb.build/Objects-normal/arm64/82b82416624d2658e5098eb0a28c15c5-common-args.resp -MMD -MT dependencies -MF /Users/aleks/Library/Developer/Xcode/DerivedData/PlanItApp-gkehojshtcbfvhersqwajfujohau/Build/Intermediates.noindex/leveldb.build/Debug-iphonesimulator/leveldb.build/Objects-normal/arm64/table.d --serialize-diagnostics /Users/aleks/Library/Developer/Xcode/DerivedData/PlanItApp-gkehojshtcbfvhersqwajfujohau/Build/Intermediates.noindex/leveldb.build/Debug-iphonesimulator/leveldb.build/Objects-normal/arm64/table.dia -c /Users/aleks/Library/Developer/Xcode/DerivedData/PlanItApp-gkehojshtcbfvhersqwajfujohau/SourcePackages/checkouts/leveldb/table/table.cc -o /Users/aleks/Library/Developer/Xcode/DerivedData/PlanItApp-gkehojshtcbfvhersqwajfujohau/Build/Intermediates.noindex/leveldb.build/Debug-iphonesimulator/leveldb.build/Objects-normal/arm64/table.o -index-unit-output-path /leveldb.build/Debug-iphonesimulator/leveldb.build/Objects-normal/arm64/table.o

CompileC /Users/aleks/Library/Developer/Xcode/DerivedData/PlanItApp-gkehojshtcbfvhersqwajfujohau/Build/Intermediates.noindex/leveldb.build/Debug-iphonesimulator/leveldb.build/Objects-normal/arm64/repair.o /Users/aleks/Library/Developer/Xcode/DerivedData/PlanItApp-gkehojshtcbfvhersqwajfujohau/SourcePackages/checkouts/leveldb/db/repair.cc normal arm64 c++ com.apple.compilers.llvm.clang.1_0.compiler (in target 'leveldb' from project 'leveldb')
    cd /Users/aleks/Desktop/PlanItApp/PlanItApp.xcodeproj
    
    Using response file: /Users/aleks/Library/Developer/Xcode/DerivedData/PlanItApp-gkehojshtcbfvhersqwajfujohau/Build/Intermediates.noindex/leveldb.build/Debug-iphonesimulator/leveldb.build/Objects-normal/arm64/82b82416624d2658e5098eb0a28c15c5-common-args.resp
    
    /Applications/Xcode.app/Contents/Developer/Toolchains/XcodeDefault.xctoolchain/usr/bin/clang -x c++ -ivfsstatcache /Users/aleks/Library/Developer/Xcode/DerivedData/SDKStatCaches.noindex/iphonesimulator18.5-22F76-d5fc8ad4295d2ef488fb7d0f804ce0c4.sdkstatcache -fmessage-length\=0 -fdiagnostics-show-note-include-stack -fmacro-backtrace-limit\=0 -fno-color-diagnostics -fmodules-prune-interval\=86400 -fmodules-prune-after\=345600 -fbuild-session-file\=/Users/aleks/Library/Developer/Xcode/DerivedData/ModuleCache.noindex/Session.modulevalidation -fmodules-validate-once-per-build-session -Wnon-modular-include-in-framework-module -Werror\=non-modular-include-in-framework-module -Wno-trigraphs -Wno-missing-field-initializers -Wno-missing-prototypes -Wno-return-type -Wno-non-virtual-dtor -Wno-overloaded-virtual -Wno-exit-time-destructors -Wno-missing-braces -Wparentheses -Wswitch -Wno-unused-function -Wno-unused-label -Wno-unused-parameter -Wno-unused-variable -Wunused-value -Wno-empty-body -Wno-uninitialized -Wno-unknown-pragmas -w -Wno-shadow -Wno-four-char-constants -Wno-conversion -Wno-constant-conversion -Wno-int-conversion -Wno-bool-conversion -Wno-enum-conversion -Wno-float-conversion -Wno-non-literal-null-conversion -Wno-objc-literal-conversion -Wshorten-64-to-32 -Wno-newline-eof -Wno-c++11-extensions -Wno-implicit-fallthrough -fstrict-aliasing -Wdeprecated-declarations -Winvalid-offsetof -Wno-sign-conversion -Wno-infinite-recursion -Wno-move -Wno-comma -Wno-block-capture-autoreleasing -Wno-strict-prototypes -Wno-range-loop-analysis -Wno-semicolon-before-method-body -index-store-path /Users/aleks/Library/Developer/Xcode/DerivedData/PlanItApp-gkehojshtcbfvhersqwajfujohau/Index.noindex/DataStore @/Users/aleks/Library/Developer/Xcode/DerivedData/PlanItApp-gkehojshtcbfvhersqwajfujohau/Build/Intermediates.noindex/leveldb.build/Debug-iphonesimulator/leveldb.build/Objects-normal/arm64/82b82416624d2658e5098eb0a28c15c5-common-args.resp -MMD -MT dependencies -MF /Users/aleks/Library/Developer/Xcode/DerivedData/PlanItApp-gkehojshtcbfvhersqwajfujohau/Build/Intermediates.noindex/leveldb.build/Debug-iphonesimulator/leveldb.build/Objects-normal/arm64/repair.d --serialize-diagnostics /Users/aleks/Library/Developer/Xcode/DerivedData/PlanItApp-gkehojshtcbfvhersqwajfujohau/Build/Intermediates.noindex/leveldb.build/Debug-iphonesimulator/leveldb.build/Objects-normal/arm64/repair.dia -c /Users/aleks/Library/Developer/Xcode/DerivedData/PlanItApp-gkehojshtcbfvhersqwajfujohau/SourcePackages/checkouts/leveldb/db/repair.cc -o /Users/aleks/Library/Developer/Xcode/DerivedData/PlanItApp-gkehojshtcbfvhersqwajfujohau/Build/Intermediates.noindex/leveldb.build/Debug-iphonesimulator/leveldb.build/Objects-normal/arm64/repair.o -index-unit-output-path /leveldb.build/Debug-iphonesimulator/leveldb.build/Objects-normal/arm64/repair.o

CompileC /Users/aleks/Library/Developer/Xcode/DerivedData/PlanItApp-gkehojshtcbfvhersqwajfujohau/Build/Intermediates.noindex/leveldb.build/Debug-iphonesimulator/leveldb.build/Objects-normal/arm64/merger.o /Users/aleks/Library/Developer/Xcode/DerivedData/PlanItApp-gkehojshtcbfvhersqwajfujohau/SourcePackages/checkouts/leveldb/table/merger.cc normal arm64 c++ com.apple.compilers.llvm.clang.1_0.compiler (in target 'leveldb' from project 'leveldb')
    cd /Users/aleks/Desktop/PlanItApp/PlanItApp.xcodeproj
    
    Using response file: /Users/aleks/Library/Developer/Xcode/DerivedData/PlanItApp-gkehojshtcbfvhersqwajfujohau/Build/Intermediates.noindex/leveldb.build/Debug-iphonesimulator/leveldb.build/Objects-normal/arm64/82b82416624d2658e5098eb0a28c15c5-common-args.resp
    
    /Applications/Xcode.app/Contents/Developer/Toolchains/XcodeDefault.xctoolchain/usr/bin/clang -x c++ -ivfsstatcache /Users/aleks/Library/Developer/Xcode/DerivedData/SDKStatCaches.noindex/iphonesimulator18.5-22F76-d5fc8ad4295d2ef488fb7d0f804ce0c4.sdkstatcache -fmessage-length\=0 -fdiagnostics-show-note-include-stack -fmacro-backtrace-limit\=0 -fno-color-diagnostics -fmodules-prune-interval\=86400 -fmodules-prune-after\=345600 -fbuild-session-file\=/Users/aleks/Library/Developer/Xcode/DerivedData/ModuleCache.noindex/Session.modulevalidation -fmodules-validate-once-per-build-session -Wnon-modular-include-in-framework-module -Werror\=non-modular-include-in-framework-module -Wno-trigraphs -Wno-missing-field-initializers -Wno-missing-prototypes -Wno-return-type -Wno-non-virtual-dtor -Wno-overloaded-virtual -Wno-exit-time-destructors -Wno-missing-braces -Wparentheses -Wswitch -Wno-unused-function -Wno-unused-label -Wno-unused-parameter -Wno-unused-variable -Wunused-value -Wno-empty-body -Wno-uninitialized -Wno-unknown-pragmas -w -Wno-shadow -Wno-four-char-constants -Wno-conversion -Wno-constant-conversion -Wno-int-conversion -Wno-bool-conversion -Wno-enum-conversion -Wno-float-conversion -Wno-non-literal-null-conversion -Wno-objc-literal-conversion -Wshorten-64-to-32 -Wno-newline-eof -Wno-c++11-extensions -Wno-implicit-fallthrough -fstrict-aliasing -Wdeprecated-declarations -Winvalid-offsetof -Wno-sign-conversion -Wno-infinite-recursion -Wno-move -Wno-comma -Wno-block-capture-autoreleasing -Wno-strict-prototypes -Wno-range-loop-analysis -Wno-semicolon-before-method-body -index-store-path /Users/aleks/Library/Developer/Xcode/DerivedData/PlanItApp-gkehojshtcbfvhersqwajfujohau/Index.noindex/DataStore @/Users/aleks/Library/Developer/Xcode/DerivedData/PlanItApp-gkehojshtcbfvhersqwajfujohau/Build/Intermediates.noindex/leveldb.build/Debug-iphonesimulator/leveldb.build/Objects-normal/arm64/82b82416624d2658e5098eb0a28c15c5-common-args.resp -MMD -MT dependencies -MF /Users/aleks/Library/Developer/Xcode/DerivedData/PlanItApp-gkehojshtcbfvhersqwajfujohau/Build/Intermediates.noindex/leveldb.build/Debug-iphonesimulator/leveldb.build/Objects-normal/arm64/merger.d --serialize-diagnostics /Users/aleks/Library/Developer/Xcode/DerivedData/PlanItApp-gkehojshtcbfvhersqwajfujohau/Build/Intermediates.noindex/leveldb.build/Debug-iphonesimulator/leveldb.build/Objects-normal/arm64/merger.dia -c /Users/aleks/Library/Developer/Xcode/DerivedData/PlanItApp-gkehojshtcbfvhersqwajfujohau/SourcePackages/checkouts/leveldb/table/merger.cc -o /Users/aleks/Library/Developer/Xcode/DerivedData/PlanItApp-gkehojshtcbfvhersqwajfujohau/Build/Intermediates.noindex/leveldb.build/Debug-iphonesimulator/leveldb.build/Objects-normal/arm64/merger.o -index-unit-output-path /leveldb.build/Debug-iphonesimulator/leveldb.build/Objects-normal/arm64/merger.o

SwiftDriverJobDiscovery normal arm64 Emitting module for FirebaseSharedSwift (in target 'FirebaseSharedSwift' from project 'Firebase')

CompileC /Users/aleks/Library/Developer/Xcode/DerivedData/PlanItApp-gkehojshtcbfvhersqwajfujohau/Build/Intermediates.noindex/leveldb.build/Debug-iphonesimulator/leveldb.build/Objects-normal/arm64/memtable.o /Users/aleks/Library/Developer/Xcode/DerivedData/PlanItApp-gkehojshtcbfvhersqwajfujohau/SourcePackages/checkouts/leveldb/db/memtable.cc normal arm64 c++ com.apple.compilers.llvm.clang.1_0.compiler (in target 'leveldb' from project 'leveldb')
    cd /Users/aleks/Desktop/PlanItApp/PlanItApp.xcodeproj
    
    Using response file: /Users/aleks/Library/Developer/Xcode/DerivedData/PlanItApp-gkehojshtcbfvhersqwajfujohau/Build/Intermediates.noindex/leveldb.build/Debug-iphonesimulator/leveldb.build/Objects-normal/arm64/82b82416624d2658e5098eb0a28c15c5-common-args.resp
    
    /Applications/Xcode.app/Contents/Developer/Toolchains/XcodeDefault.xctoolchain/usr/bin/clang -x c++ -ivfsstatcache /Users/aleks/Library/Developer/Xcode/DerivedData/SDKStatCaches.noindex/iphonesimulator18.5-22F76-d5fc8ad4295d2ef488fb7d0f804ce0c4.sdkstatcache -fmessage-length\=0 -fdiagnostics-show-note-include-stack -fmacro-backtrace-limit\=0 -fno-color-diagnostics -fmodules-prune-interval\=86400 -fmodules-prune-after\=345600 -fbuild-session-file\=/Users/aleks/Library/Developer/Xcode/DerivedData/ModuleCache.noindex/Session.modulevalidation -fmodules-validate-once-per-build-session -Wnon-modular-include-in-framework-module -Werror\=non-modular-include-in-framework-module -Wno-trigraphs -Wno-missing-field-initializers -Wno-missing-prototypes -Wno-return-type -Wno-non-virtual-dtor -Wno-overloaded-virtual -Wno-exit-time-destructors -Wno-missing-braces -Wparentheses -Wswitch -Wno-unused-function -Wno-unused-label -Wno-unused-parameter -Wno-unused-variable -Wunused-value -Wno-empty-body -Wno-uninitialized -Wno-unknown-pragmas -w -Wno-shadow -Wno-four-char-constants -Wno-conversion -Wno-constant-conversion -Wno-int-conversion -Wno-bool-conversion -Wno-enum-conversion -Wno-float-conversion -Wno-non-literal-null-conversion -Wno-objc-literal-conversion -Wshorten-64-to-32 -Wno-newline-eof -Wno-c++11-extensions -Wno-implicit-fallthrough -fstrict-aliasing -Wdeprecated-declarations -Winvalid-offsetof -Wno-sign-conversion -Wno-infinite-recursion -Wno-move -Wno-comma -Wno-block-capture-autoreleasing -Wno-strict-prototypes -Wno-range-loop-analysis -Wno-semicolon-before-method-body -index-store-path /Users/aleks/Library/Developer/Xcode/DerivedData/PlanItApp-gkehojshtcbfvhersqwajfujohau/Index.noindex/DataStore @/Users/aleks/Library/Developer/Xcode/DerivedData/PlanItApp-gkehojshtcbfvhersqwajfujohau/Build/Intermediates.noindex/leveldb.build/Debug-iphonesimulator/leveldb.build/Objects-normal/arm64/82b82416624d2658e5098eb0a28c15c5-common-args.resp -MMD -MT dependencies -MF /Users/aleks/Library/Developer/Xcode/DerivedData/PlanItApp-gkehojshtcbfvhersqwajfujohau/Build/Intermediates.noindex/leveldb.build/Debug-iphonesimulator/leveldb.build/Objects-normal/arm64/memtable.d --serialize-diagnostics /Users/aleks/Library/Developer/Xcode/DerivedData/PlanItApp-gkehojshtcbfvhersqwajfujohau/Build/Intermediates.noindex/leveldb.build/Debug-iphonesimulator/leveldb.build/Objects-normal/arm64/memtable.dia -c /Users/aleks/Library/Developer/Xcode/DerivedData/PlanItApp-gkehojshtcbfvhersqwajfujohau/SourcePackages/checkouts/leveldb/db/memtable.cc -o /Users/aleks/Library/Developer/Xcode/DerivedData/PlanItApp-gkehojshtcbfvhersqwajfujohau/Build/Intermediates.noindex/leveldb.build/Debug-iphonesimulator/leveldb.build/Objects-normal/arm64/memtable.o -index-unit-output-path /leveldb.build/Debug-iphonesimulator/leveldb.build/Objects-normal/arm64/memtable.o

CompileC /Users/aleks/Library/Developer/Xcode/DerivedData/PlanItApp-gkehojshtcbfvhersqwajfujohau/Build/Intermediates.noindex/leveldb.build/Debug-iphonesimulator/leveldb.build/Objects-normal/arm64/log_writer.o /Users/aleks/Library/Developer/Xcode/DerivedData/PlanItApp-gkehojshtcbfvhersqwajfujohau/SourcePackages/checkouts/leveldb/db/log_writer.cc normal arm64 c++ com.apple.compilers.llvm.clang.1_0.compiler (in target 'leveldb' from project 'leveldb')
    cd /Users/aleks/Desktop/PlanItApp/PlanItApp.xcodeproj
    
    Using response file: /Users/aleks/Library/Developer/Xcode/DerivedData/PlanItApp-gkehojshtcbfvhersqwajfujohau/Build/Intermediates.noindex/leveldb.build/Debug-iphonesimulator/leveldb.build/Objects-normal/arm64/82b82416624d2658e5098eb0a28c15c5-common-args.resp
    
    /Applications/Xcode.app/Contents/Developer/Toolchains/XcodeDefault.xctoolchain/usr/bin/clang -x c++ -ivfsstatcache /Users/aleks/Library/Developer/Xcode/DerivedData/SDKStatCaches.noindex/iphonesimulator18.5-22F76-d5fc8ad4295d2ef488fb7d0f804ce0c4.sdkstatcache -fmessage-length\=0 -fdiagnostics-show-note-include-stack -fmacro-backtrace-limit\=0 -fno-color-diagnostics -fmodules-prune-interval\=86400 -fmodules-prune-after\=345600 -fbuild-session-file\=/Users/aleks/Library/Developer/Xcode/DerivedData/ModuleCache.noindex/Session.modulevalidation -fmodules-validate-once-per-build-session -Wnon-modular-include-in-framework-module -Werror\=non-modular-include-in-framework-module -Wno-trigraphs -Wno-missing-field-initializers -Wno-missing-prototypes -Wno-return-type -Wno-non-virtual-dtor -Wno-overloaded-virtual -Wno-exit-time-destructors -Wno-missing-braces -Wparentheses -Wswitch -Wno-unused-function -Wno-unused-label -Wno-unused-parameter -Wno-unused-variable -Wunused-value -Wno-empty-body -Wno-uninitialized -Wno-unknown-pragmas -w -Wno-shadow -Wno-four-char-constants -Wno-conversion -Wno-constant-conversion -Wno-int-conversion -Wno-bool-conversion -Wno-enum-conversion -Wno-float-conversion -Wno-non-literal-null-conversion -Wno-objc-literal-conversion -Wshorten-64-to-32 -Wno-newline-eof -Wno-c++11-extensions -Wno-implicit-fallthrough -fstrict-aliasing -Wdeprecated-declarations -Winvalid-offsetof -Wno-sign-conversion -Wno-infinite-recursion -Wno-move -Wno-comma -Wno-block-capture-autoreleasing -Wno-strict-prototypes -Wno-range-loop-analysis -Wno-semicolon-before-method-body -index-store-path /Users/aleks/Library/Developer/Xcode/DerivedData/PlanItApp-gkehojshtcbfvhersqwajfujohau/Index.noindex/DataStore @/Users/aleks/Library/Developer/Xcode/DerivedData/PlanItApp-gkehojshtcbfvhersqwajfujohau/Build/Intermediates.noindex/leveldb.build/Debug-iphonesimulator/leveldb.build/Objects-normal/arm64/82b82416624d2658e5098eb0a28c15c5-common-args.resp -MMD -MT dependencies -MF /Users/aleks/Library/Developer/Xcode/DerivedData/PlanItApp-gkehojshtcbfvhersqwajfujohau/Build/Intermediates.noindex/leveldb.build/Debug-iphonesimulator/leveldb.build/Objects-normal/arm64/log_writer.d --serialize-diagnostics /Users/aleks/Library/Developer/Xcode/DerivedData/PlanItApp-gkehojshtcbfvhersqwajfujohau/Build/Intermediates.noindex/leveldb.build/Debug-iphonesimulator/leveldb.build/Objects-normal/arm64/log_writer.dia -c /Users/aleks/Library/Developer/Xcode/DerivedData/PlanItApp-gkehojshtcbfvhersqwajfujohau/SourcePackages/checkouts/leveldb/db/log_writer.cc -o /Users/aleks/Library/Developer/Xcode/DerivedData/PlanItApp-gkehojshtcbfvhersqwajfujohau/Build/Intermediates.noindex/leveldb.build/Debug-iphonesimulator/leveldb.build/Objects-normal/arm64/log_writer.o -index-unit-output-path /leveldb.build/Debug-iphonesimulator/leveldb.build/Objects-normal/arm64/log_writer.o

CompileC /Users/aleks/Library/Developer/Xcode/DerivedData/PlanItApp-gkehojshtcbfvhersqwajfujohau/Build/Intermediates.noindex/leveldb.build/Debug-iphonesimulator/leveldb.build/Objects-normal/arm64/log_reader.o /Users/aleks/Library/Developer/Xcode/DerivedData/PlanItApp-gkehojshtcbfvhersqwajfujohau/SourcePackages/checkouts/leveldb/db/log_reader.cc normal arm64 c++ com.apple.compilers.llvm.clang.1_0.compiler (in target 'leveldb' from project 'leveldb')
    cd /Users/aleks/Desktop/PlanItApp/PlanItApp.xcodeproj
    
    Using response file: /Users/aleks/Library/Developer/Xcode/DerivedData/PlanItApp-gkehojshtcbfvhersqwajfujohau/Build/Intermediates.noindex/leveldb.build/Debug-iphonesimulator/leveldb.build/Objects-normal/arm64/82b82416624d2658e5098eb0a28c15c5-common-args.resp
    
    /Applications/Xcode.app/Contents/Developer/Toolchains/XcodeDefault.xctoolchain/usr/bin/clang -x c++ -ivfsstatcache /Users/aleks/Library/Developer/Xcode/DerivedData/SDKStatCaches.noindex/iphonesimulator18.5-22F76-d5fc8ad4295d2ef488fb7d0f804ce0c4.sdkstatcache -fmessage-length\=0 -fdiagnostics-show-note-include-stack -fmacro-backtrace-limit\=0 -fno-color-diagnostics -fmodules-prune-interval\=86400 -fmodules-prune-after\=345600 -fbuild-session-file\=/Users/aleks/Library/Developer/Xcode/DerivedData/ModuleCache.noindex/Session.modulevalidation -fmodules-validate-once-per-build-session -Wnon-modular-include-in-framework-module -Werror\=non-modular-include-in-framework-module -Wno-trigraphs -Wno-missing-field-initializers -Wno-missing-prototypes -Wno-return-type -Wno-non-virtual-dtor -Wno-overloaded-virtual -Wno-exit-time-destructors -Wno-missing-braces -Wparentheses -Wswitch -Wno-unused-function -Wno-unused-label -Wno-unused-parameter -Wno-unused-variable -Wunused-value -Wno-empty-body -Wno-uninitialized -Wno-unknown-pragmas -w -Wno-shadow -Wno-four-char-constants -Wno-conversion -Wno-constant-conversion -Wno-int-conversion -Wno-bool-conversion -Wno-enum-conversion -Wno-float-conversion -Wno-non-literal-null-conversion -Wno-objc-literal-conversion -Wshorten-64-to-32 -Wno-newline-eof -Wno-c++11-extensions -Wno-implicit-fallthrough -fstrict-aliasing -Wdeprecated-declarations -Winvalid-offsetof -Wno-sign-conversion -Wno-infinite-recursion -Wno-move -Wno-comma -Wno-block-capture-autoreleasing -Wno-strict-prototypes -Wno-range-loop-analysis -Wno-semicolon-before-method-body -index-store-path /Users/aleks/Library/Developer/Xcode/DerivedData/PlanItApp-gkehojshtcbfvhersqwajfujohau/Index.noindex/DataStore @/Users/aleks/Library/Developer/Xcode/DerivedData/PlanItApp-gkehojshtcbfvhersqwajfujohau/Build/Intermediates.noindex/leveldb.build/Debug-iphonesimulator/leveldb.build/Objects-normal/arm64/82b82416624d2658e5098eb0a28c15c5-common-args.resp -MMD -MT dependencies -MF /Users/aleks/Library/Developer/Xcode/DerivedData/PlanItApp-gkehojshtcbfvhersqwajfujohau/Build/Intermediates.noindex/leveldb.build/Debug-iphonesimulator/leveldb.build/Objects-normal/arm64/log_reader.d --serialize-diagnostics /Users/aleks/Library/Developer/Xcode/DerivedData/PlanItApp-gkehojshtcbfvhersqwajfujohau/Build/Intermediates.noindex/leveldb.build/Debug-iphonesimulator/leveldb.build/Objects-normal/arm64/log_reader.dia -c /Users/aleks/Library/Developer/Xcode/DerivedData/PlanItApp-gkehojshtcbfvhersqwajfujohau/SourcePackages/checkouts/leveldb/db/log_reader.cc -o /Users/aleks/Library/Developer/Xcode/DerivedData/PlanItApp-gkehojshtcbfvhersqwajfujohau/Build/Intermediates.noindex/leveldb.build/Debug-iphonesimulator/leveldb.build/Objects-normal/arm64/log_reader.o -index-unit-output-path /leveldb.build/Debug-iphonesimulator/leveldb.build/Objects-normal/arm64/log_reader.o

CompileC /Users/aleks/Library/Developer/Xcode/DerivedData/PlanItApp-gkehojshtcbfvhersqwajfujohau/Build/Intermediates.noindex/leveldb.build/Debug-iphonesimulator/leveldb.build/Objects-normal/arm64/iterator.o /Users/aleks/Library/Developer/Xcode/DerivedData/PlanItApp-gkehojshtcbfvhersqwajfujohau/SourcePackages/checkouts/leveldb/table/iterator.cc normal arm64 c++ com.apple.compilers.llvm.clang.1_0.compiler (in target 'leveldb' from project 'leveldb')
    cd /Users/aleks/Desktop/PlanItApp/PlanItApp.xcodeproj
    
    Using response file: /Users/aleks/Library/Developer/Xcode/DerivedData/PlanItApp-gkehojshtcbfvhersqwajfujohau/Build/Intermediates.noindex/leveldb.build/Debug-iphonesimulator/leveldb.build/Objects-normal/arm64/82b82416624d2658e5098eb0a28c15c5-common-args.resp
    
    /Applications/Xcode.app/Contents/Developer/Toolchains/XcodeDefault.xctoolchain/usr/bin/clang -x c++ -ivfsstatcache /Users/aleks/Library/Developer/Xcode/DerivedData/SDKStatCaches.noindex/iphonesimulator18.5-22F76-d5fc8ad4295d2ef488fb7d0f804ce0c4.sdkstatcache -fmessage-length\=0 -fdiagnostics-show-note-include-stack -fmacro-backtrace-limit\=0 -fno-color-diagnostics -fmodules-prune-interval\=86400 -fmodules-prune-after\=345600 -fbuild-session-file\=/Users/aleks/Library/Developer/Xcode/DerivedData/ModuleCache.noindex/Session.modulevalidation -fmodules-validate-once-per-build-session -Wnon-modular-include-in-framework-module -Werror\=non-modular-include-in-framework-module -Wno-trigraphs -Wno-missing-field-initializers -Wno-missing-prototypes -Wno-return-type -Wno-non-virtual-dtor -Wno-overloaded-virtual -Wno-exit-time-destructors -Wno-missing-braces -Wparentheses -Wswitch -Wno-unused-function -Wno-unused-label -Wno-unused-parameter -Wno-unused-variable -Wunused-value -Wno-empty-body -Wno-uninitialized -Wno-unknown-pragmas -w -Wno-shadow -Wno-four-char-constants -Wno-conversion -Wno-constant-conversion -Wno-int-conversion -Wno-bool-conversion -Wno-enum-conversion -Wno-float-conversion -Wno-non-literal-null-conversion -Wno-objc-literal-conversion -Wshorten-64-to-32 -Wno-newline-eof -Wno-c++11-extensions -Wno-implicit-fallthrough -fstrict-aliasing -Wdeprecated-declarations -Winvalid-offsetof -Wno-sign-conversion -Wno-infinite-recursion -Wno-move -Wno-comma -Wno-block-capture-autoreleasing -Wno-strict-prototypes -Wno-range-loop-analysis -Wno-semicolon-before-method-body -index-store-path /Users/aleks/Library/Developer/Xcode/DerivedData/PlanItApp-gkehojshtcbfvhersqwajfujohau/Index.noindex/DataStore @/Users/aleks/Library/Developer/Xcode/DerivedData/PlanItApp-gkehojshtcbfvhersqwajfujohau/Build/Intermediates.noindex/leveldb.build/Debug-iphonesimulator/leveldb.build/Objects-normal/arm64/82b82416624d2658e5098eb0a28c15c5-common-args.resp -MMD -MT dependencies -MF /Users/aleks/Library/Developer/Xcode/DerivedData/PlanItApp-gkehojshtcbfvhersqwajfujohau/Build/Intermediates.noindex/leveldb.build/Debug-iphonesimulator/leveldb.build/Objects-normal/arm64/iterator.d --serialize-diagnostics /Users/aleks/Library/Developer/Xcode/DerivedData/PlanItApp-gkehojshtcbfvhersqwajfujohau/Build/Intermediates.noindex/leveldb.build/Debug-iphonesimulator/leveldb.build/Objects-normal/arm64/iterator.dia -c /Users/aleks/Library/Developer/Xcode/DerivedData/PlanItApp-gkehojshtcbfvhersqwajfujohau/SourcePackages/checkouts/leveldb/table/iterator.cc -o /Users/aleks/Library/Developer/Xcode/DerivedData/PlanItApp-gkehojshtcbfvhersqwajfujohau/Build/Intermediates.noindex/leveldb.build/Debug-iphonesimulator/leveldb.build/Objects-normal/arm64/iterator.o -index-unit-output-path /leveldb.build/Debug-iphonesimulator/leveldb.build/Objects-normal/arm64/iterator.o

SwiftDriver\ Compilation\ Requirements FirebaseSharedSwift normal arm64 com.apple.xcode.tools.swift.compiler (in target 'FirebaseSharedSwift' from project 'Firebase')
    cd /Users/aleks/Desktop/PlanItApp/PlanItApp.xcodeproj
    builtin-Swift-Compilation-Requirements -- /Applications/Xcode.app/Contents/Developer/Toolchains/XcodeDefault.xctoolchain/usr/bin/swiftc -module-name FirebaseSharedSwift -Onone -enforce-exclusivity\=checked @/Users/aleks/Library/Developer/Xcode/DerivedData/PlanItApp-gkehojshtcbfvhersqwajfujohau/Build/Intermediates.noindex/Firebase.build/Debug-iphonesimulator/FirebaseSharedSwift.build/Objects-normal/arm64/FirebaseSharedSwift.SwiftFileList -DSWIFT_PACKAGE -DDEBUG -DXcode -plugin-path /Applications/Xcode.app/Contents/Developer/Toolchains/XcodeDefault.xctoolchain/usr/lib/swift/host/plugins/testing -enable-experimental-feature DebugDescriptionMacro -sdk /Applications/Xcode.app/Contents/Developer/Platforms/iPhoneSimulator.platform/Developer/SDKs/iPhoneSimulator18.5.sdk -target arm64-apple-ios12.0-simulator -g -module-cache-path /Users/aleks/Library/Developer/Xcode/DerivedData/ModuleCache.noindex -Xfrontend -serialize-debugging-options -profile-coverage-mapping -profile-generate -enable-testing -suppress-warnings -index-store-path /Users/aleks/Library/Developer/Xcode/DerivedData/PlanItApp-gkehojshtcbfvhersqwajfujohau/Index.noindex/DataStore -swift-version 5 -I /Users/aleks/Library/Developer/Xcode/DerivedData/PlanItApp-gkehojshtcbfvhersqwajfujohau/Build/Products/Debug-iphonesimulator -I /Applications/Xcode.app/Contents/Developer/Platforms/iPhoneSimulator.platform/Developer/usr/lib -F /Users/aleks/Library/Developer/Xcode/DerivedData/PlanItApp-gkehojshtcbfvhersqwajfujohau/Build/Products/Debug-iphonesimulator -F /Applications/Xcode.app/Contents/Developer/Platforms/iPhoneSimulator.platform/Developer/Library/Frameworks -F /Applications/Xcode.app/Contents/Developer/Platforms/iPhoneSimulator.platform/Developer/SDKs/iPhoneSimulator18.5.sdk/Developer/Library/Frameworks -c -j10 -enable-batch-mode -incremental -Xcc -ivfsstatcache -Xcc /Users/aleks/Library/Developer/Xcode/DerivedData/SDKStatCaches.noindex/iphonesimulator18.5-22F76-d5fc8ad4295d2ef488fb7d0f804ce0c4.sdkstatcache -output-file-map /Users/aleks/Library/Developer/Xcode/DerivedData/PlanItApp-gkehojshtcbfvhersqwajfujohau/Build/Intermediates.noindex/Firebase.build/Debug-iphonesimulator/FirebaseSharedSwift.build/Objects-normal/arm64/FirebaseSharedSwift-OutputFileMap.json -use-frontend-parseable-output -save-temps -no-color-diagnostics -serialize-diagnostics -emit-dependencies -emit-module -emit-module-path /Users/aleks/Library/Developer/Xcode/DerivedData/PlanItApp-gkehojshtcbfvhersqwajfujohau/Build/Intermediates.noindex/Firebase.build/Debug-iphonesimulator/FirebaseSharedSwift.build/Objects-normal/arm64/FirebaseSharedSwift.swiftmodule -validate-clang-modules-once -clang-build-session-file /Users/aleks/Library/Developer/Xcode/DerivedData/ModuleCache.noindex/Session.modulevalidation -package-name firebase_ios_sdk -Xcc -I/Users/aleks/Library/Developer/Xcode/DerivedData/PlanItApp-gkehojshtcbfvhersqwajfujohau/Build/Intermediates.noindex/Firebase.build/Debug-iphonesimulator/FirebaseSharedSwift.build/swift-overrides.hmap -emit-const-values -Xfrontend -const-gather-protocols-file -Xfrontend /Users/aleks/Library/Developer/Xcode/DerivedData/PlanItApp-gkehojshtcbfvhersqwajfujohau/Build/Intermediates.noindex/Firebase.build/Debug-iphonesimulator/FirebaseSharedSwift.build/Objects-normal/arm64/FirebaseSharedSwift_const_extract_protocols.json -Xcc -I/Users/aleks/Library/Developer/Xcode/DerivedData/PlanItApp-gkehojshtcbfvhersqwajfujohau/Build/Products/Debug-iphonesimulator/include -Xcc -I/Users/aleks/Library/Developer/Xcode/DerivedData/PlanItApp-gkehojshtcbfvhersqwajfujohau/Build/Intermediates.noindex/Firebase.build/Debug-iphonesimulator/FirebaseSharedSwift.build/DerivedSources-normal/arm64 -Xcc -I/Users/aleks/Library/Developer/Xcode/DerivedData/PlanItApp-gkehojshtcbfvhersqwajfujohau/Build/Intermediates.noindex/Firebase.build/Debug-iphonesimulator/FirebaseSharedSwift.build/DerivedSources/arm64 -Xcc -I/Users/aleks/Library/Developer/Xcode/DerivedData/PlanItApp-gkehojshtcbfvhersqwajfujohau/Build/Intermediates.noindex/Firebase.build/Debug-iphonesimulator/FirebaseSharedSwift.build/DerivedSources -Xcc -DSWIFT_PACKAGE -Xcc -DDEBUG\=1 -emit-objc-header -emit-objc-header-path /Users/aleks/Library/Developer/Xcode/DerivedData/PlanItApp-gkehojshtcbfvhersqwajfujohau/Build/Intermediates.noindex/Firebase.build/Debug-iphonesimulator/FirebaseSharedSwift.build/Objects-normal/arm64/FirebaseSharedSwift-Swift.h -working-directory /Users/aleks/Desktop/PlanItApp/PlanItApp.xcodeproj -experimental-emit-module-separately -disable-cmo

CompileC /Users/aleks/Library/Developer/Xcode/DerivedData/PlanItApp-gkehojshtcbfvhersqwajfujohau/Build/Intermediates.noindex/leveldb.build/Debug-iphonesimulator/leveldb.build/Objects-normal/arm64/hash.o /Users/aleks/Library/Developer/Xcode/DerivedData/PlanItApp-gkehojshtcbfvhersqwajfujohau/SourcePackages/checkouts/leveldb/util/hash.cc normal arm64 c++ com.apple.compilers.llvm.clang.1_0.compiler (in target 'leveldb' from project 'leveldb')
    cd /Users/aleks/Desktop/PlanItApp/PlanItApp.xcodeproj
    
    Using response file: /Users/aleks/Library/Developer/Xcode/DerivedData/PlanItApp-gkehojshtcbfvhersqwajfujohau/Build/Intermediates.noindex/leveldb.build/Debug-iphonesimulator/leveldb.build/Objects-normal/arm64/82b82416624d2658e5098eb0a28c15c5-common-args.resp
    
    /Applications/Xcode.app/Contents/Developer/Toolchains/XcodeDefault.xctoolchain/usr/bin/clang -x c++ -ivfsstatcache /Users/aleks/Library/Developer/Xcode/DerivedData/SDKStatCaches.noindex/iphonesimulator18.5-22F76-d5fc8ad4295d2ef488fb7d0f804ce0c4.sdkstatcache -fmessage-length\=0 -fdiagnostics-show-note-include-stack -fmacro-backtrace-limit\=0 -fno-color-diagnostics -fmodules-prune-interval\=86400 -fmodules-prune-after\=345600 -fbuild-session-file\=/Users/aleks/Library/Developer/Xcode/DerivedData/ModuleCache.noindex/Session.modulevalidation -fmodules-validate-once-per-build-session -Wnon-modular-include-in-framework-module -Werror\=non-modular-include-in-framework-module -Wno-trigraphs -Wno-missing-field-initializers -Wno-missing-prototypes -Wno-return-type -Wno-non-virtual-dtor -Wno-overloaded-virtual -Wno-exit-time-destructors -Wno-missing-braces -Wparentheses -Wswitch -Wno-unused-function -Wno-unused-label -Wno-unused-parameter -Wno-unused-variable -Wunused-value -Wno-empty-body -Wno-uninitialized -Wno-unknown-pragmas -w -Wno-shadow -Wno-four-char-constants -Wno-conversion -Wno-constant-conversion -Wno-int-conversion -Wno-bool-conversion -Wno-enum-conversion -Wno-float-conversion -Wno-non-literal-null-conversion -Wno-objc-literal-conversion -Wshorten-64-to-32 -Wno-newline-eof -Wno-c++11-extensions -Wno-implicit-fallthrough -fstrict-aliasing -Wdeprecated-declarations -Winvalid-offsetof -Wno-sign-conversion -Wno-infinite-recursion -Wno-move -Wno-comma -Wno-block-capture-autoreleasing -Wno-strict-prototypes -Wno-range-loop-analysis -Wno-semicolon-before-method-body -index-store-path /Users/aleks/Library/Developer/Xcode/DerivedData/PlanItApp-gkehojshtcbfvhersqwajfujohau/Index.noindex/DataStore @/Users/aleks/Library/Developer/Xcode/DerivedData/PlanItApp-gkehojshtcbfvhersqwajfujohau/Build/Intermediates.noindex/leveldb.build/Debug-iphonesimulator/leveldb.build/Objects-normal/arm64/82b82416624d2658e5098eb0a28c15c5-common-args.resp -MMD -MT dependencies -MF /Users/aleks/Library/Developer/Xcode/DerivedData/PlanItApp-gkehojshtcbfvhersqwajfujohau/Build/Intermediates.noindex/leveldb.build/Debug-iphonesimulator/leveldb.build/Objects-normal/arm64/hash.d --serialize-diagnostics /Users/aleks/Library/Developer/Xcode/DerivedData/PlanItApp-gkehojshtcbfvhersqwajfujohau/Build/Intermediates.noindex/leveldb.build/Debug-iphonesimulator/leveldb.build/Objects-normal/arm64/hash.dia -c /Users/aleks/Library/Developer/Xcode/DerivedData/PlanItApp-gkehojshtcbfvhersqwajfujohau/SourcePackages/checkouts/leveldb/util/hash.cc -o /Users/aleks/Library/Developer/Xcode/DerivedData/PlanItApp-gkehojshtcbfvhersqwajfujohau/Build/Intermediates.noindex/leveldb.build/Debug-iphonesimulator/leveldb.build/Objects-normal/arm64/hash.o -index-unit-output-path /leveldb.build/Debug-iphonesimulator/leveldb.build/Objects-normal/arm64/hash.o

CompileC /Users/aleks/Library/Developer/Xcode/DerivedData/PlanItApp-gkehojshtcbfvhersqwajfujohau/Build/Intermediates.noindex/leveldb.build/Debug-iphonesimulator/leveldb.build/Objects-normal/arm64/format.o /Users/aleks/Library/Developer/Xcode/DerivedData/PlanItApp-gkehojshtcbfvhersqwajfujohau/SourcePackages/checkouts/leveldb/table/format.cc normal arm64 c++ com.apple.compilers.llvm.clang.1_0.compiler (in target 'leveldb' from project 'leveldb')
    cd /Users/aleks/Desktop/PlanItApp/PlanItApp.xcodeproj
    
    Using response file: /Users/aleks/Library/Developer/Xcode/DerivedData/PlanItApp-gkehojshtcbfvhersqwajfujohau/Build/Intermediates.noindex/leveldb.build/Debug-iphonesimulator/leveldb.build/Objects-normal/arm64/82b82416624d2658e5098eb0a28c15c5-common-args.resp
    
    /Applications/Xcode.app/Contents/Developer/Toolchains/XcodeDefault.xctoolchain/usr/bin/clang -x c++ -ivfsstatcache /Users/aleks/Library/Developer/Xcode/DerivedData/SDKStatCaches.noindex/iphonesimulator18.5-22F76-d5fc8ad4295d2ef488fb7d0f804ce0c4.sdkstatcache -fmessage-length\=0 -fdiagnostics-show-note-include-stack -fmacro-backtrace-limit\=0 -fno-color-diagnostics -fmodules-prune-interval\=86400 -fmodules-prune-after\=345600 -fbuild-session-file\=/Users/aleks/Library/Developer/Xcode/DerivedData/ModuleCache.noindex/Session.modulevalidation -fmodules-validate-once-per-build-session -Wnon-modular-include-in-framework-module -Werror\=non-modular-include-in-framework-module -Wno-trigraphs -Wno-missing-field-initializers -Wno-missing-prototypes -Wno-return-type -Wno-non-virtual-dtor -Wno-overloaded-virtual -Wno-exit-time-destructors -Wno-missing-braces -Wparentheses -Wswitch -Wno-unused-function -Wno-unused-label -Wno-unused-parameter -Wno-unused-variable -Wunused-value -Wno-empty-body -Wno-uninitialized -Wno-unknown-pragmas -w -Wno-shadow -Wno-four-char-constants -Wno-conversion -Wno-constant-conversion -Wno-int-conversion -Wno-bool-conversion -Wno-enum-conversion -Wno-float-conversion -Wno-non-literal-null-conversion -Wno-objc-literal-conversion -Wshorten-64-to-32 -Wno-newline-eof -Wno-c++11-extensions -Wno-implicit-fallthrough -fstrict-aliasing -Wdeprecated-declarations -Winvalid-offsetof -Wno-sign-conversion -Wno-infinite-recursion -Wno-move -Wno-comma -Wno-block-capture-autoreleasing -Wno-strict-prototypes -Wno-range-loop-analysis -Wno-semicolon-before-method-body -index-store-path /Users/aleks/Library/Developer/Xcode/DerivedData/PlanItApp-gkehojshtcbfvhersqwajfujohau/Index.noindex/DataStore @/Users/aleks/Library/Developer/Xcode/DerivedData/PlanItApp-gkehojshtcbfvhersqwajfujohau/Build/Intermediates.noindex/leveldb.build/Debug-iphonesimulator/leveldb.build/Objects-normal/arm64/82b82416624d2658e5098eb0a28c15c5-common-args.resp -MMD -MT dependencies -MF /Users/aleks/Library/Developer/Xcode/DerivedData/PlanItApp-gkehojshtcbfvhersqwajfujohau/Build/Intermediates.noindex/leveldb.build/Debug-iphonesimulator/leveldb.build/Objects-normal/arm64/format.d --serialize-diagnostics /Users/aleks/Library/Developer/Xcode/DerivedData/PlanItApp-gkehojshtcbfvhersqwajfujohau/Build/Intermediates.noindex/leveldb.build/Debug-iphonesimulator/leveldb.build/Objects-normal/arm64/format.dia -c /Users/aleks/Library/Developer/Xcode/DerivedData/PlanItApp-gkehojshtcbfvhersqwajfujohau/SourcePackages/checkouts/leveldb/table/format.cc -o /Users/aleks/Library/Developer/Xcode/DerivedData/PlanItApp-gkehojshtcbfvhersqwajfujohau/Build/Intermediates.noindex/leveldb.build/Debug-iphonesimulator/leveldb.build/Objects-normal/arm64/format.o -index-unit-output-path /leveldb.build/Debug-iphonesimulator/leveldb.build/Objects-normal/arm64/format.o

CompileC /Users/aleks/Library/Developer/Xcode/DerivedData/PlanItApp-gkehojshtcbfvhersqwajfujohau/Build/Intermediates.noindex/leveldb.build/Debug-iphonesimulator/leveldb.build/Objects-normal/arm64/filter_policy.o /Users/aleks/Library/Developer/Xcode/DerivedData/PlanItApp-gkehojshtcbfvhersqwajfujohau/SourcePackages/checkouts/leveldb/util/filter_policy.cc normal arm64 c++ com.apple.compilers.llvm.clang.1_0.compiler (in target 'leveldb' from project 'leveldb')
    cd /Users/aleks/Desktop/PlanItApp/PlanItApp.xcodeproj
    
    Using response file: /Users/aleks/Library/Developer/Xcode/DerivedData/PlanItApp-gkehojshtcbfvhersqwajfujohau/Build/Intermediates.noindex/leveldb.build/Debug-iphonesimulator/leveldb.build/Objects-normal/arm64/82b82416624d2658e5098eb0a28c15c5-common-args.resp
    
    /Applications/Xcode.app/Contents/Developer/Toolchains/XcodeDefault.xctoolchain/usr/bin/clang -x c++ -ivfsstatcache /Users/aleks/Library/Developer/Xcode/DerivedData/SDKStatCaches.noindex/iphonesimulator18.5-22F76-d5fc8ad4295d2ef488fb7d0f804ce0c4.sdkstatcache -fmessage-length\=0 -fdiagnostics-show-note-include-stack -fmacro-backtrace-limit\=0 -fno-color-diagnostics -fmodules-prune-interval\=86400 -fmodules-prune-after\=345600 -fbuild-session-file\=/Users/aleks/Library/Developer/Xcode/DerivedData/ModuleCache.noindex/Session.modulevalidation -fmodules-validate-once-per-build-session -Wnon-modular-include-in-framework-module -Werror\=non-modular-include-in-framework-module -Wno-trigraphs -Wno-missing-field-initializers -Wno-missing-prototypes -Wno-return-type -Wno-non-virtual-dtor -Wno-overloaded-virtual -Wno-exit-time-destructors -Wno-missing-braces -Wparentheses -Wswitch -Wno-unused-function -Wno-unused-label -Wno-unused-parameter -Wno-unused-variable -Wunused-value -Wno-empty-body -Wno-uninitialized -Wno-unknown-pragmas -w -Wno-shadow -Wno-four-char-constants -Wno-conversion -Wno-constant-conversion -Wno-int-conversion -Wno-bool-conversion -Wno-enum-conversion -Wno-float-conversion -Wno-non-literal-null-conversion -Wno-objc-literal-conversion -Wshorten-64-to-32 -Wno-newline-eof -Wno-c++11-extensions -Wno-implicit-fallthrough -fstrict-aliasing -Wdeprecated-declarations -Winvalid-offsetof -Wno-sign-conversion -Wno-infinite-recursion -Wno-move -Wno-comma -Wno-block-capture-autoreleasing -Wno-strict-prototypes -Wno-range-loop-analysis -Wno-semicolon-before-method-body -index-store-path /Users/aleks/Library/Developer/Xcode/DerivedData/PlanItApp-gkehojshtcbfvhersqwajfujohau/Index.noindex/DataStore @/Users/aleks/Library/Developer/Xcode/DerivedData/PlanItApp-gkehojshtcbfvhersqwajfujohau/Build/Intermediates.noindex/leveldb.build/Debug-iphonesimulator/leveldb.build/Objects-normal/arm64/82b82416624d2658e5098eb0a28c15c5-common-args.resp -MMD -MT dependencies -MF /Users/aleks/Library/Developer/Xcode/DerivedData/PlanItApp-gkehojshtcbfvhersqwajfujohau/Build/Intermediates.noindex/leveldb.build/Debug-iphonesimulator/leveldb.build/Objects-normal/arm64/filter_policy.d --serialize-diagnostics /Users/aleks/Library/Developer/Xcode/DerivedData/PlanItApp-gkehojshtcbfvhersqwajfujohau/Build/Intermediates.noindex/leveldb.build/Debug-iphonesimulator/leveldb.build/Objects-normal/arm64/filter_policy.dia -c /Users/aleks/Library/Developer/Xcode/DerivedData/PlanItApp-gkehojshtcbfvhersqwajfujohau/SourcePackages/checkouts/leveldb/util/filter_policy.cc -o /Users/aleks/Library/Developer/Xcode/DerivedData/PlanItApp-gkehojshtcbfvhersqwajfujohau/Build/Intermediates.noindex/leveldb.build/Debug-iphonesimulator/leveldb.build/Objects-normal/arm64/filter_policy.o -index-unit-output-path /leveldb.build/Debug-iphonesimulator/leveldb.build/Objects-normal/arm64/filter_policy.o

CompileC /Users/aleks/Library/Developer/Xcode/DerivedData/PlanItApp-gkehojshtcbfvhersqwajfujohau/Build/Intermediates.noindex/leveldb.build/Debug-iphonesimulator/leveldb.build/Objects-normal/arm64/filter_block.o /Users/aleks/Library/Developer/Xcode/DerivedData/PlanItApp-gkehojshtcbfvhersqwajfujohau/SourcePackages/checkouts/leveldb/table/filter_block.cc normal arm64 c++ com.apple.compilers.llvm.clang.1_0.compiler (in target 'leveldb' from project 'leveldb')
    cd /Users/aleks/Desktop/PlanItApp/PlanItApp.xcodeproj
    
    Using response file: /Users/aleks/Library/Developer/Xcode/DerivedData/PlanItApp-gkehojshtcbfvhersqwajfujohau/Build/Intermediates.noindex/leveldb.build/Debug-iphonesimulator/leveldb.build/Objects-normal/arm64/82b82416624d2658e5098eb0a28c15c5-common-args.resp
    
    /Applications/Xcode.app/Contents/Developer/Toolchains/XcodeDefault.xctoolchain/usr/bin/clang -x c++ -ivfsstatcache /Users/aleks/Library/Developer/Xcode/DerivedData/SDKStatCaches.noindex/iphonesimulator18.5-22F76-d5fc8ad4295d2ef488fb7d0f804ce0c4.sdkstatcache -fmessage-length\=0 -fdiagnostics-show-note-include-stack -fmacro-backtrace-limit\=0 -fno-color-diagnostics -fmodules-prune-interval\=86400 -fmodules-prune-after\=345600 -fbuild-session-file\=/Users/aleks/Library/Developer/Xcode/DerivedData/ModuleCache.noindex/Session.modulevalidation -fmodules-validate-once-per-build-session -Wnon-modular-include-in-framework-module -Werror\=non-modular-include-in-framework-module -Wno-trigraphs -Wno-missing-field-initializers -Wno-missing-prototypes -Wno-return-type -Wno-non-virtual-dtor -Wno-overloaded-virtual -Wno-exit-time-destructors -Wno-missing-braces -Wparentheses -Wswitch -Wno-unused-function -Wno-unused-label -Wno-unused-parameter -Wno-unused-variable -Wunused-value -Wno-empty-body -Wno-uninitialized -Wno-unknown-pragmas -w -Wno-shadow -Wno-four-char-constants -Wno-conversion -Wno-constant-conversion -Wno-int-conversion -Wno-bool-conversion -Wno-enum-conversion -Wno-float-conversion -Wno-non-literal-null-conversion -Wno-objc-literal-conversion -Wshorten-64-to-32 -Wno-newline-eof -Wno-c++11-extensions -Wno-implicit-fallthrough -fstrict-aliasing -Wdeprecated-declarations -Winvalid-offsetof -Wno-sign-conversion -Wno-infinite-recursion -Wno-move -Wno-comma -Wno-block-capture-autoreleasing -Wno-strict-prototypes -Wno-range-loop-analysis -Wno-semicolon-before-method-body -index-store-path /Users/aleks/Library/Developer/Xcode/DerivedData/PlanItApp-gkehojshtcbfvhersqwajfujohau/Index.noindex/DataStore @/Users/aleks/Library/Developer/Xcode/DerivedData/PlanItApp-gkehojshtcbfvhersqwajfujohau/Build/Intermediates.noindex/leveldb.build/Debug-iphonesimulator/leveldb.build/Objects-normal/arm64/82b82416624d2658e5098eb0a28c15c5-common-args.resp -MMD -MT dependencies -MF /Users/aleks/Library/Developer/Xcode/DerivedData/PlanItApp-gkehojshtcbfvhersqwajfujohau/Build/Intermediates.noindex/leveldb.build/Debug-iphonesimulator/leveldb.build/Objects-normal/arm64/filter_block.d --serialize-diagnostics /Users/aleks/Library/Developer/Xcode/DerivedData/PlanItApp-gkehojshtcbfvhersqwajfujohau/Build/Intermediates.noindex/leveldb.build/Debug-iphonesimulator/leveldb.build/Objects-normal/arm64/filter_block.dia -c /Users/aleks/Library/Developer/Xcode/DerivedData/PlanItApp-gkehojshtcbfvhersqwajfujohau/SourcePackages/checkouts/leveldb/table/filter_block.cc -o /Users/aleks/Library/Developer/Xcode/DerivedData/PlanItApp-gkehojshtcbfvhersqwajfujohau/Build/Intermediates.noindex/leveldb.build/Debug-iphonesimulator/leveldb.build/Objects-normal/arm64/filter_block.o -index-unit-output-path /leveldb.build/Debug-iphonesimulator/leveldb.build/Objects-normal/arm64/filter_block.o

CompileC /Users/aleks/Library/Developer/Xcode/DerivedData/PlanItApp-gkehojshtcbfvhersqwajfujohau/Build/Intermediates.noindex/leveldb.build/Debug-iphonesimulator/leveldb.build/Objects-normal/arm64/filename.o /Users/aleks/Library/Developer/Xcode/DerivedData/PlanItApp-gkehojshtcbfvhersqwajfujohau/SourcePackages/checkouts/leveldb/db/filename.cc normal arm64 c++ com.apple.compilers.llvm.clang.1_0.compiler (in target 'leveldb' from project 'leveldb')
    cd /Users/aleks/Desktop/PlanItApp/PlanItApp.xcodeproj
    
    Using response file: /Users/aleks/Library/Developer/Xcode/DerivedData/PlanItApp-gkehojshtcbfvhersqwajfujohau/Build/Intermediates.noindex/leveldb.build/Debug-iphonesimulator/leveldb.build/Objects-normal/arm64/82b82416624d2658e5098eb0a28c15c5-common-args.resp
    
    /Applications/Xcode.app/Contents/Developer/Toolchains/XcodeDefault.xctoolchain/usr/bin/clang -x c++ -ivfsstatcache /Users/aleks/Library/Developer/Xcode/DerivedData/SDKStatCaches.noindex/iphonesimulator18.5-22F76-d5fc8ad4295d2ef488fb7d0f804ce0c4.sdkstatcache -fmessage-length\=0 -fdiagnostics-show-note-include-stack -fmacro-backtrace-limit\=0 -fno-color-diagnostics -fmodules-prune-interval\=86400 -fmodules-prune-after\=345600 -fbuild-session-file\=/Users/aleks/Library/Developer/Xcode/DerivedData/ModuleCache.noindex/Session.modulevalidation -fmodules-validate-once-per-build-session -Wnon-modular-include-in-framework-module -Werror\=non-modular-include-in-framework-module -Wno-trigraphs -Wno-missing-field-initializers -Wno-missing-prototypes -Wno-return-type -Wno-non-virtual-dtor -Wno-overloaded-virtual -Wno-exit-time-destructors -Wno-missing-braces -Wparentheses -Wswitch -Wno-unused-function -Wno-unused-label -Wno-unused-parameter -Wno-unused-variable -Wunused-value -Wno-empty-body -Wno-uninitialized -Wno-unknown-pragmas -w -Wno-shadow -Wno-four-char-constants -Wno-conversion -Wno-constant-conversion -Wno-int-conversion -Wno-bool-conversion -Wno-enum-conversion -Wno-float-conversion -Wno-non-literal-null-conversion -Wno-objc-literal-conversion -Wshorten-64-to-32 -Wno-newline-eof -Wno-c++11-extensions -Wno-implicit-fallthrough -fstrict-aliasing -Wdeprecated-declarations -Winvalid-offsetof -Wno-sign-conversion -Wno-infinite-recursion -Wno-move -Wno-comma -Wno-block-capture-autoreleasing -Wno-strict-prototypes -Wno-range-loop-analysis -Wno-semicolon-before-method-body -index-store-path /Users/aleks/Library/Developer/Xcode/DerivedData/PlanItApp-gkehojshtcbfvhersqwajfujohau/Index.noindex/DataStore @/Users/aleks/Library/Developer/Xcode/DerivedData/PlanItApp-gkehojshtcbfvhersqwajfujohau/Build/Intermediates.noindex/leveldb.build/Debug-iphonesimulator/leveldb.build/Objects-normal/arm64/82b82416624d2658e5098eb0a28c15c5-common-args.resp -MMD -MT dependencies -MF /Users/aleks/Library/Developer/Xcode/DerivedData/PlanItApp-gkehojshtcbfvhersqwajfujohau/Build/Intermediates.noindex/leveldb.build/Debug-iphonesimulator/leveldb.build/Objects-normal/arm64/filename.d --serialize-diagnostics /Users/aleks/Library/Developer/Xcode/DerivedData/PlanItApp-gkehojshtcbfvhersqwajfujohau/Build/Intermediates.noindex/leveldb.build/Debug-iphonesimulator/leveldb.build/Objects-normal/arm64/filename.dia -c /Users/aleks/Library/Developer/Xcode/DerivedData/PlanItApp-gkehojshtcbfvhersqwajfujohau/SourcePackages/checkouts/leveldb/db/filename.cc -o /Users/aleks/Library/Developer/Xcode/DerivedData/PlanItApp-gkehojshtcbfvhersqwajfujohau/Build/Intermediates.noindex/leveldb.build/Debug-iphonesimulator/leveldb.build/Objects-normal/arm64/filename.o -index-unit-output-path /leveldb.build/Debug-iphonesimulator/leveldb.build/Objects-normal/arm64/filename.o

SwiftMergeGeneratedHeaders /Users/aleks/Library/Developer/Xcode/DerivedData/PlanItApp-gkehojshtcbfvhersqwajfujohau/Build/Intermediates.noindex/GeneratedModuleMaps-iphonesimulator/FirebaseSharedSwift-Swift.h /Users/aleks/Library/Developer/Xcode/DerivedData/PlanItApp-gkehojshtcbfvhersqwajfujohau/Build/Intermediates.noindex/Firebase.build/Debug-iphonesimulator/FirebaseSharedSwift.build/Objects-normal/arm64/FirebaseSharedSwift-Swift.h (in target 'FirebaseSharedSwift' from project 'Firebase')
    cd /Users/aleks/Library/Developer/Xcode/DerivedData/PlanItApp-gkehojshtcbfvhersqwajfujohau/SourcePackages/checkouts/firebase-ios-sdk
    builtin-swiftHeaderTool -arch arm64 /Users/aleks/Library/Developer/Xcode/DerivedData/PlanItApp-gkehojshtcbfvhersqwajfujohau/Build/Intermediates.noindex/Firebase.build/Debug-iphonesimulator/FirebaseSharedSwift.build/Objects-normal/arm64/FirebaseSharedSwift-Swift.h -o /Users/aleks/Library/Developer/Xcode/DerivedData/PlanItApp-gkehojshtcbfvhersqwajfujohau/Build/Intermediates.noindex/GeneratedModuleMaps-iphonesimulator/FirebaseSharedSwift-Swift.h

CompileC /Users/aleks/Library/Developer/Xcode/DerivedData/PlanItApp-gkehojshtcbfvhersqwajfujohau/Build/Intermediates.noindex/leveldb.build/Debug-iphonesimulator/leveldb.build/Objects-normal/arm64/env_posix.o /Users/aleks/Library/Developer/Xcode/DerivedData/PlanItApp-gkehojshtcbfvhersqwajfujohau/SourcePackages/checkouts/leveldb/util/env_posix.cc normal arm64 c++ com.apple.compilers.llvm.clang.1_0.compiler (in target 'leveldb' from project 'leveldb')
    cd /Users/aleks/Desktop/PlanItApp/PlanItApp.xcodeproj
    
    Using response file: /Users/aleks/Library/Developer/Xcode/DerivedData/PlanItApp-gkehojshtcbfvhersqwajfujohau/Build/Intermediates.noindex/leveldb.build/Debug-iphonesimulator/leveldb.build/Objects-normal/arm64/82b82416624d2658e5098eb0a28c15c5-common-args.resp
    
    /Applications/Xcode.app/Contents/Developer/Toolchains/XcodeDefault.xctoolchain/usr/bin/clang -x c++ -ivfsstatcache /Users/aleks/Library/Developer/Xcode/DerivedData/SDKStatCaches.noindex/iphonesimulator18.5-22F76-d5fc8ad4295d2ef488fb7d0f804ce0c4.sdkstatcache -fmessage-length\=0 -fdiagnostics-show-note-include-stack -fmacro-backtrace-limit\=0 -fno-color-diagnostics -fmodules-prune-interval\=86400 -fmodules-prune-after\=345600 -fbuild-session-file\=/Users/aleks/Library/Developer/Xcode/DerivedData/ModuleCache.noindex/Session.modulevalidation -fmodules-validate-once-per-build-session -Wnon-modular-include-in-framework-module -Werror\=non-modular-include-in-framework-module -Wno-trigraphs -Wno-missing-field-initializers -Wno-missing-prototypes -Wno-return-type -Wno-non-virtual-dtor -Wno-overloaded-virtual -Wno-exit-time-destructors -Wno-missing-braces -Wparentheses -Wswitch -Wno-unused-function -Wno-unused-label -Wno-unused-parameter -Wno-unused-variable -Wunused-value -Wno-empty-body -Wno-uninitialized -Wno-unknown-pragmas -w -Wno-shadow -Wno-four-char-constants -Wno-conversion -Wno-constant-conversion -Wno-int-conversion -Wno-bool-conversion -Wno-enum-conversion -Wno-float-conversion -Wno-non-literal-null-conversion -Wno-objc-literal-conversion -Wshorten-64-to-32 -Wno-newline-eof -Wno-c++11-extensions -Wno-implicit-fallthrough -fstrict-aliasing -Wdeprecated-declarations -Winvalid-offsetof -Wno-sign-conversion -Wno-infinite-recursion -Wno-move -Wno-comma -Wno-block-capture-autoreleasing -Wno-strict-prototypes -Wno-range-loop-analysis -Wno-semicolon-before-method-body -index-store-path /Users/aleks/Library/Developer/Xcode/DerivedData/PlanItApp-gkehojshtcbfvhersqwajfujohau/Index.noindex/DataStore @/Users/aleks/Library/Developer/Xcode/DerivedData/PlanItApp-gkehojshtcbfvhersqwajfujohau/Build/Intermediates.noindex/leveldb.build/Debug-iphonesimulator/leveldb.build/Objects-normal/arm64/82b82416624d2658e5098eb0a28c15c5-common-args.resp -MMD -MT dependencies -MF /Users/aleks/Library/Developer/Xcode/DerivedData/PlanItApp-gkehojshtcbfvhersqwajfujohau/Build/Intermediates.noindex/leveldb.build/Debug-iphonesimulator/leveldb.build/Objects-normal/arm64/env_posix.d --serialize-diagnostics /Users/aleks/Library/Developer/Xcode/DerivedData/PlanItApp-gkehojshtcbfvhersqwajfujohau/Build/Intermediates.noindex/leveldb.build/Debug-iphonesimulator/leveldb.build/Objects-normal/arm64/env_posix.dia -c /Users/aleks/Library/Developer/Xcode/DerivedData/PlanItApp-gkehojshtcbfvhersqwajfujohau/SourcePackages/checkouts/leveldb/util/env_posix.cc -o /Users/aleks/Library/Developer/Xcode/DerivedData/PlanItApp-gkehojshtcbfvhersqwajfujohau/Build/Intermediates.noindex/leveldb.build/Debug-iphonesimulator/leveldb.build/Objects-normal/arm64/env_posix.o -index-unit-output-path /leveldb.build/Debug-iphonesimulator/leveldb.build/Objects-normal/arm64/env_posix.o

CompileC /Users/aleks/Library/Developer/Xcode/DerivedData/PlanItApp-gkehojshtcbfvhersqwajfujohau/Build/Intermediates.noindex/leveldb.build/Debug-iphonesimulator/leveldb.build/Objects-normal/arm64/env.o /Users/aleks/Library/Developer/Xcode/DerivedData/PlanItApp-gkehojshtcbfvhersqwajfujohau/SourcePackages/checkouts/leveldb/util/env.cc normal arm64 c++ com.apple.compilers.llvm.clang.1_0.compiler (in target 'leveldb' from project 'leveldb')
    cd /Users/aleks/Desktop/PlanItApp/PlanItApp.xcodeproj
    
    Using response file: /Users/aleks/Library/Developer/Xcode/DerivedData/PlanItApp-gkehojshtcbfvhersqwajfujohau/Build/Intermediates.noindex/leveldb.build/Debug-iphonesimulator/leveldb.build/Objects-normal/arm64/82b82416624d2658e5098eb0a28c15c5-common-args.resp
    
    /Applications/Xcode.app/Contents/Developer/Toolchains/XcodeDefault.xctoolchain/usr/bin/clang -x c++ -ivfsstatcache /Users/aleks/Library/Developer/Xcode/DerivedData/SDKStatCaches.noindex/iphonesimulator18.5-22F76-d5fc8ad4295d2ef488fb7d0f804ce0c4.sdkstatcache -fmessage-length\=0 -fdiagnostics-show-note-include-stack -fmacro-backtrace-limit\=0 -fno-color-diagnostics -fmodules-prune-interval\=86400 -fmodules-prune-after\=345600 -fbuild-session-file\=/Users/aleks/Library/Developer/Xcode/DerivedData/ModuleCache.noindex/Session.modulevalidation -fmodules-validate-once-per-build-session -Wnon-modular-include-in-framework-module -Werror\=non-modular-include-in-framework-module -Wno-trigraphs -Wno-missing-field-initializers -Wno-missing-prototypes -Wno-return-type -Wno-non-virtual-dtor -Wno-overloaded-virtual -Wno-exit-time-destructors -Wno-missing-braces -Wparentheses -Wswitch -Wno-unused-function -Wno-unused-label -Wno-unused-parameter -Wno-unused-variable -Wunused-value -Wno-empty-body -Wno-uninitialized -Wno-unknown-pragmas -w -Wno-shadow -Wno-four-char-constants -Wno-conversion -Wno-constant-conversion -Wno-int-conversion -Wno-bool-conversion -Wno-enum-conversion -Wno-float-conversion -Wno-non-literal-null-conversion -Wno-objc-literal-conversion -Wshorten-64-to-32 -Wno-newline-eof -Wno-c++11-extensions -Wno-implicit-fallthrough -fstrict-aliasing -Wdeprecated-declarations -Winvalid-offsetof -Wno-sign-conversion -Wno-infinite-recursion -Wno-move -Wno-comma -Wno-block-capture-autoreleasing -Wno-strict-prototypes -Wno-range-loop-analysis -Wno-semicolon-before-method-body -index-store-path /Users/aleks/Library/Developer/Xcode/DerivedData/PlanItApp-gkehojshtcbfvhersqwajfujohau/Index.noindex/DataStore @/Users/aleks/Library/Developer/Xcode/DerivedData/PlanItApp-gkehojshtcbfvhersqwajfujohau/Build/Intermediates.noindex/leveldb.build/Debug-iphonesimulator/leveldb.build/Objects-normal/arm64/82b82416624d2658e5098eb0a28c15c5-common-args.resp -MMD -MT dependencies -MF /Users/aleks/Library/Developer/Xcode/DerivedData/PlanItApp-gkehojshtcbfvhersqwajfujohau/Build/Intermediates.noindex/leveldb.build/Debug-iphonesimulator/leveldb.build/Objects-normal/arm64/env.d --serialize-diagnostics /Users/aleks/Library/Developer/Xcode/DerivedData/PlanItApp-gkehojshtcbfvhersqwajfujohau/Build/Intermediates.noindex/leveldb.build/Debug-iphonesimulator/leveldb.build/Objects-normal/arm64/env.dia -c /Users/aleks/Library/Developer/Xcode/DerivedData/PlanItApp-gkehojshtcbfvhersqwajfujohau/SourcePackages/checkouts/leveldb/util/env.cc -o /Users/aleks/Library/Developer/Xcode/DerivedData/PlanItApp-gkehojshtcbfvhersqwajfujohau/Build/Intermediates.noindex/leveldb.build/Debug-iphonesimulator/leveldb.build/Objects-normal/arm64/env.o -index-unit-output-path /leveldb.build/Debug-iphonesimulator/leveldb.build/Objects-normal/arm64/env.o

Copy /Users/aleks/Library/Developer/Xcode/DerivedData/PlanItApp-gkehojshtcbfvhersqwajfujohau/Build/Products/Debug-iphonesimulator/FirebaseSharedSwift.swiftmodule/arm64-apple-ios-simulator.swiftmodule /Users/aleks/Library/Developer/Xcode/DerivedData/PlanItApp-gkehojshtcbfvhersqwajfujohau/Build/Intermediates.noindex/Firebase.build/Debug-iphonesimulator/FirebaseSharedSwift.build/Objects-normal/arm64/FirebaseSharedSwift.swiftmodule (in target 'FirebaseSharedSwift' from project 'Firebase')
    cd /Users/aleks/Library/Developer/Xcode/DerivedData/PlanItApp-gkehojshtcbfvhersqwajfujohau/SourcePackages/checkouts/firebase-ios-sdk
    builtin-copy -exclude .DS_Store -exclude CVS -exclude .svn -exclude .git -exclude .hg -resolve-src-symlinks -rename /Users/aleks/Library/Developer/Xcode/DerivedData/PlanItApp-gkehojshtcbfvhersqwajfujohau/Build/Intermediates.noindex/Firebase.build/Debug-iphonesimulator/FirebaseSharedSwift.build/Objects-normal/arm64/FirebaseSharedSwift.swiftmodule /Users/aleks/Library/Developer/Xcode/DerivedData/PlanItApp-gkehojshtcbfvhersqwajfujohau/Build/Products/Debug-iphonesimulator/FirebaseSharedSwift.swiftmodule/arm64-apple-ios-simulator.swiftmodule

Copy /Users/aleks/Library/Developer/Xcode/DerivedData/PlanItApp-gkehojshtcbfvhersqwajfujohau/Build/Products/Debug-iphonesimulator/FirebaseSharedSwift.swiftmodule/arm64-apple-ios-simulator.swiftdoc /Users/aleks/Library/Developer/Xcode/DerivedData/PlanItApp-gkehojshtcbfvhersqwajfujohau/Build/Intermediates.noindex/Firebase.build/Debug-iphonesimulator/FirebaseSharedSwift.build/Objects-normal/arm64/FirebaseSharedSwift.swiftdoc (in target 'FirebaseSharedSwift' from project 'Firebase')
    cd /Users/aleks/Library/Developer/Xcode/DerivedData/PlanItApp-gkehojshtcbfvhersqwajfujohau/SourcePackages/checkouts/firebase-ios-sdk
    builtin-copy -exclude .DS_Store -exclude CVS -exclude .svn -exclude .git -exclude .hg -resolve-src-symlinks -rename /Users/aleks/Library/Developer/Xcode/DerivedData/PlanItApp-gkehojshtcbfvhersqwajfujohau/Build/Intermediates.noindex/Firebase.build/Debug-iphonesimulator/FirebaseSharedSwift.build/Objects-normal/arm64/FirebaseSharedSwift.swiftdoc /Users/aleks/Library/Developer/Xcode/DerivedData/PlanItApp-gkehojshtcbfvhersqwajfujohau/Build/Products/Debug-iphonesimulator/FirebaseSharedSwift.swiftmodule/arm64-apple-ios-simulator.swiftdoc

Copy /Users/aleks/Library/Developer/Xcode/DerivedData/PlanItApp-gkehojshtcbfvhersqwajfujohau/Build/Products/Debug-iphonesimulator/FirebaseSharedSwift.swiftmodule/arm64-apple-ios-simulator.abi.json /Users/aleks/Library/Developer/Xcode/DerivedData/PlanItApp-gkehojshtcbfvhersqwajfujohau/Build/Intermediates.noindex/Firebase.build/Debug-iphonesimulator/FirebaseSharedSwift.build/Objects-normal/arm64/FirebaseSharedSwift.abi.json (in target 'FirebaseSharedSwift' from project 'Firebase')
    cd /Users/aleks/Library/Developer/Xcode/DerivedData/PlanItApp-gkehojshtcbfvhersqwajfujohau/SourcePackages/checkouts/firebase-ios-sdk
    builtin-copy -exclude .DS_Store -exclude CVS -exclude .svn -exclude .git -exclude .hg -resolve-src-symlinks -rename /Users/aleks/Library/Developer/Xcode/DerivedData/PlanItApp-gkehojshtcbfvhersqwajfujohau/Build/Intermediates.noindex/Firebase.build/Debug-iphonesimulator/FirebaseSharedSwift.build/Objects-normal/arm64/FirebaseSharedSwift.abi.json /Users/aleks/Library/Developer/Xcode/DerivedData/PlanItApp-gkehojshtcbfvhersqwajfujohau/Build/Products/Debug-iphonesimulator/FirebaseSharedSwift.swiftmodule/arm64-apple-ios-simulator.abi.json

Copy /Users/aleks/Library/Developer/Xcode/DerivedData/PlanItApp-gkehojshtcbfvhersqwajfujohau/Build/Products/Debug-iphonesimulator/FirebaseSharedSwift.swiftmodule/Project/arm64-apple-ios-simulator.swiftsourceinfo /Users/aleks/Library/Developer/Xcode/DerivedData/PlanItApp-gkehojshtcbfvhersqwajfujohau/Build/Intermediates.noindex/Firebase.build/Debug-iphonesimulator/FirebaseSharedSwift.build/Objects-normal/arm64/FirebaseSharedSwift.swiftsourceinfo (in target 'FirebaseSharedSwift' from project 'Firebase')
    cd /Users/aleks/Library/Developer/Xcode/DerivedData/PlanItApp-gkehojshtcbfvhersqwajfujohau/SourcePackages/checkouts/firebase-ios-sdk
    builtin-copy -exclude .DS_Store -exclude CVS -exclude .svn -exclude .git -exclude .hg -resolve-src-symlinks -rename /Users/aleks/Library/Developer/Xcode/DerivedData/PlanItApp-gkehojshtcbfvhersqwajfujohau/Build/Intermediates.noindex/Firebase.build/Debug-iphonesimulator/FirebaseSharedSwift.build/Objects-normal/arm64/FirebaseSharedSwift.swiftsourceinfo /Users/aleks/Library/Developer/Xcode/DerivedData/PlanItApp-gkehojshtcbfvhersqwajfujohau/Build/Products/Debug-iphonesimulator/FirebaseSharedSwift.swiftmodule/Project/arm64-apple-ios-simulator.swiftsourceinfo

CompileC /Users/aleks/Library/Developer/Xcode/DerivedData/PlanItApp-gkehojshtcbfvhersqwajfujohau/Build/Intermediates.noindex/leveldb.build/Debug-iphonesimulator/leveldb.build/Objects-normal/arm64/dumpfile.o /Users/aleks/Library/Developer/Xcode/DerivedData/PlanItApp-gkehojshtcbfvhersqwajfujohau/SourcePackages/checkouts/leveldb/db/dumpfile.cc normal arm64 c++ com.apple.compilers.llvm.clang.1_0.compiler (in target 'leveldb' from project 'leveldb')
    cd /Users/aleks/Desktop/PlanItApp/PlanItApp.xcodeproj
    
    Using response file: /Users/aleks/Library/Developer/Xcode/DerivedData/PlanItApp-gkehojshtcbfvhersqwajfujohau/Build/Intermediates.noindex/leveldb.build/Debug-iphonesimulator/leveldb.build/Objects-normal/arm64/82b82416624d2658e5098eb0a28c15c5-common-args.resp
    
    /Applications/Xcode.app/Contents/Developer/Toolchains/XcodeDefault.xctoolchain/usr/bin/clang -x c++ -ivfsstatcache /Users/aleks/Library/Developer/Xcode/DerivedData/SDKStatCaches.noindex/iphonesimulator18.5-22F76-d5fc8ad4295d2ef488fb7d0f804ce0c4.sdkstatcache -fmessage-length\=0 -fdiagnostics-show-note-include-stack -fmacro-backtrace-limit\=0 -fno-color-diagnostics -fmodules-prune-interval\=86400 -fmodules-prune-after\=345600 -fbuild-session-file\=/Users/aleks/Library/Developer/Xcode/DerivedData/ModuleCache.noindex/Session.modulevalidation -fmodules-validate-once-per-build-session -Wnon-modular-include-in-framework-module -Werror\=non-modular-include-in-framework-module -Wno-trigraphs -Wno-missing-field-initializers -Wno-missing-prototypes -Wno-return-type -Wno-non-virtual-dtor -Wno-overloaded-virtual -Wno-exit-time-destructors -Wno-missing-braces -Wparentheses -Wswitch -Wno-unused-function -Wno-unused-label -Wno-unused-parameter -Wno-unused-variable -Wunused-value -Wno-empty-body -Wno-uninitialized -Wno-unknown-pragmas -w -Wno-shadow -Wno-four-char-constants -Wno-conversion -Wno-constant-conversion -Wno-int-conversion -Wno-bool-conversion -Wno-enum-conversion -Wno-float-conversion -Wno-non-literal-null-conversion -Wno-objc-literal-conversion -Wshorten-64-to-32 -Wno-newline-eof -Wno-c++11-extensions -Wno-implicit-fallthrough -fstrict-aliasing -Wdeprecated-declarations -Winvalid-offsetof -Wno-sign-conversion -Wno-infinite-recursion -Wno-move -Wno-comma -Wno-block-capture-autoreleasing -Wno-strict-prototypes -Wno-range-loop-analysis -Wno-semicolon-before-method-body -index-store-path /Users/aleks/Library/Developer/Xcode/DerivedData/PlanItApp-gkehojshtcbfvhersqwajfujohau/Index.noindex/DataStore @/Users/aleks/Library/Developer/Xcode/DerivedData/PlanItApp-gkehojshtcbfvhersqwajfujohau/Build/Intermediates.noindex/leveldb.build/Debug-iphonesimulator/leveldb.build/Objects-normal/arm64/82b82416624d2658e5098eb0a28c15c5-common-args.resp -MMD -MT dependencies -MF /Users/aleks/Library/Developer/Xcode/DerivedData/PlanItApp-gkehojshtcbfvhersqwajfujohau/Build/Intermediates.noindex/leveldb.build/Debug-iphonesimulator/leveldb.build/Objects-normal/arm64/dumpfile.d --serialize-diagnostics /Users/aleks/Library/Developer/Xcode/DerivedData/PlanItApp-gkehojshtcbfvhersqwajfujohau/Build/Intermediates.noindex/leveldb.build/Debug-iphonesimulator/leveldb.build/Objects-normal/arm64/dumpfile.dia -c /Users/aleks/Library/Developer/Xcode/DerivedData/PlanItApp-gkehojshtcbfvhersqwajfujohau/SourcePackages/checkouts/leveldb/db/dumpfile.cc -o /Users/aleks/Library/Developer/Xcode/DerivedData/PlanItApp-gkehojshtcbfvhersqwajfujohau/Build/Intermediates.noindex/leveldb.build/Debug-iphonesimulator/leveldb.build/Objects-normal/arm64/dumpfile.o -index-unit-output-path /leveldb.build/Debug-iphonesimulator/leveldb.build/Objects-normal/arm64/dumpfile.o

CompileC /Users/aleks/Library/Developer/Xcode/DerivedData/PlanItApp-gkehojshtcbfvhersqwajfujohau/Build/Intermediates.noindex/leveldb.build/Debug-iphonesimulator/leveldb.build/Objects-normal/arm64/dbformat.o /Users/aleks/Library/Developer/Xcode/DerivedData/PlanItApp-gkehojshtcbfvhersqwajfujohau/SourcePackages/checkouts/leveldb/db/dbformat.cc normal arm64 c++ com.apple.compilers.llvm.clang.1_0.compiler (in target 'leveldb' from project 'leveldb')
    cd /Users/aleks/Desktop/PlanItApp/PlanItApp.xcodeproj
    
    Using response file: /Users/aleks/Library/Developer/Xcode/DerivedData/PlanItApp-gkehojshtcbfvhersqwajfujohau/Build/Intermediates.noindex/leveldb.build/Debug-iphonesimulator/leveldb.build/Objects-normal/arm64/82b82416624d2658e5098eb0a28c15c5-common-args.resp
    
    /Applications/Xcode.app/Contents/Developer/Toolchains/XcodeDefault.xctoolchain/usr/bin/clang -x c++ -ivfsstatcache /Users/aleks/Library/Developer/Xcode/DerivedData/SDKStatCaches.noindex/iphonesimulator18.5-22F76-d5fc8ad4295d2ef488fb7d0f804ce0c4.sdkstatcache -fmessage-length\=0 -fdiagnostics-show-note-include-stack -fmacro-backtrace-limit\=0 -fno-color-diagnostics -fmodules-prune-interval\=86400 -fmodules-prune-after\=345600 -fbuild-session-file\=/Users/aleks/Library/Developer/Xcode/DerivedData/ModuleCache.noindex/Session.modulevalidation -fmodules-validate-once-per-build-session -Wnon-modular-include-in-framework-module -Werror\=non-modular-include-in-framework-module -Wno-trigraphs -Wno-missing-field-initializers -Wno-missing-prototypes -Wno-return-type -Wno-non-virtual-dtor -Wno-overloaded-virtual -Wno-exit-time-destructors -Wno-missing-braces -Wparentheses -Wswitch -Wno-unused-function -Wno-unused-label -Wno-unused-parameter -Wno-unused-variable -Wunused-value -Wno-empty-body -Wno-uninitialized -Wno-unknown-pragmas -w -Wno-shadow -Wno-four-char-constants -Wno-conversion -Wno-constant-conversion -Wno-int-conversion -Wno-bool-conversion -Wno-enum-conversion -Wno-float-conversion -Wno-non-literal-null-conversion -Wno-objc-literal-conversion -Wshorten-64-to-32 -Wno-newline-eof -Wno-c++11-extensions -Wno-implicit-fallthrough -fstrict-aliasing -Wdeprecated-declarations -Winvalid-offsetof -Wno-sign-conversion -Wno-infinite-recursion -Wno-move -Wno-comma -Wno-block-capture-autoreleasing -Wno-strict-prototypes -Wno-range-loop-analysis -Wno-semicolon-before-method-body -index-store-path /Users/aleks/Library/Developer/Xcode/DerivedData/PlanItApp-gkehojshtcbfvhersqwajfujohau/Index.noindex/DataStore @/Users/aleks/Library/Developer/Xcode/DerivedData/PlanItApp-gkehojshtcbfvhersqwajfujohau/Build/Intermediates.noindex/leveldb.build/Debug-iphonesimulator/leveldb.build/Objects-normal/arm64/82b82416624d2658e5098eb0a28c15c5-common-args.resp -MMD -MT dependencies -MF /Users/aleks/Library/Developer/Xcode/DerivedData/PlanItApp-gkehojshtcbfvhersqwajfujohau/Build/Intermediates.noindex/leveldb.build/Debug-iphonesimulator/leveldb.build/Objects-normal/arm64/dbformat.d --serialize-diagnostics /Users/aleks/Library/Developer/Xcode/DerivedData/PlanItApp-gkehojshtcbfvhersqwajfujohau/Build/Intermediates.noindex/leveldb.build/Debug-iphonesimulator/leveldb.build/Objects-normal/arm64/dbformat.dia -c /Users/aleks/Library/Developer/Xcode/DerivedData/PlanItApp-gkehojshtcbfvhersqwajfujohau/SourcePackages/checkouts/leveldb/db/dbformat.cc -o /Users/aleks/Library/Developer/Xcode/DerivedData/PlanItApp-gkehojshtcbfvhersqwajfujohau/Build/Intermediates.noindex/leveldb.build/Debug-iphonesimulator/leveldb.build/Objects-normal/arm64/dbformat.o -index-unit-output-path /leveldb.build/Debug-iphonesimulator/leveldb.build/Objects-normal/arm64/dbformat.o

CompileC /Users/aleks/Library/Developer/Xcode/DerivedData/PlanItApp-gkehojshtcbfvhersqwajfujohau/Build/Intermediates.noindex/leveldb.build/Debug-iphonesimulator/leveldb.build/Objects-normal/arm64/db_iter.o /Users/aleks/Library/Developer/Xcode/DerivedData/PlanItApp-gkehojshtcbfvhersqwajfujohau/SourcePackages/checkouts/leveldb/db/db_iter.cc normal arm64 c++ com.apple.compilers.llvm.clang.1_0.compiler (in target 'leveldb' from project 'leveldb')
    cd /Users/aleks/Desktop/PlanItApp/PlanItApp.xcodeproj
    
    Using response file: /Users/aleks/Library/Developer/Xcode/DerivedData/PlanItApp-gkehojshtcbfvhersqwajfujohau/Build/Intermediates.noindex/leveldb.build/Debug-iphonesimulator/leveldb.build/Objects-normal/arm64/82b82416624d2658e5098eb0a28c15c5-common-args.resp
    
    /Applications/Xcode.app/Contents/Developer/Toolchains/XcodeDefault.xctoolchain/usr/bin/clang -x c++ -ivfsstatcache /Users/aleks/Library/Developer/Xcode/DerivedData/SDKStatCaches.noindex/iphonesimulator18.5-22F76-d5fc8ad4295d2ef488fb7d0f804ce0c4.sdkstatcache -fmessage-length\=0 -fdiagnostics-show-note-include-stack -fmacro-backtrace-limit\=0 -fno-color-diagnostics -fmodules-prune-interval\=86400 -fmodules-prune-after\=345600 -fbuild-session-file\=/Users/aleks/Library/Developer/Xcode/DerivedData/ModuleCache.noindex/Session.modulevalidation -fmodules-validate-once-per-build-session -Wnon-modular-include-in-framework-module -Werror\=non-modular-include-in-framework-module -Wno-trigraphs -Wno-missing-field-initializers -Wno-missing-prototypes -Wno-return-type -Wno-non-virtual-dtor -Wno-overloaded-virtual -Wno-exit-time-destructors -Wno-missing-braces -Wparentheses -Wswitch -Wno-unused-function -Wno-unused-label -Wno-unused-parameter -Wno-unused-variable -Wunused-value -Wno-empty-body -Wno-uninitialized -Wno-unknown-pragmas -w -Wno-shadow -Wno-four-char-constants -Wno-conversion -Wno-constant-conversion -Wno-int-conversion -Wno-bool-conversion -Wno-enum-conversion -Wno-float-conversion -Wno-non-literal-null-conversion -Wno-objc-literal-conversion -Wshorten-64-to-32 -Wno-newline-eof -Wno-c++11-extensions -Wno-implicit-fallthrough -fstrict-aliasing -Wdeprecated-declarations -Winvalid-offsetof -Wno-sign-conversion -Wno-infinite-recursion -Wno-move -Wno-comma -Wno-block-capture-autoreleasing -Wno-strict-prototypes -Wno-range-loop-analysis -Wno-semicolon-before-method-body -index-store-path /Users/aleks/Library/Developer/Xcode/DerivedData/PlanItApp-gkehojshtcbfvhersqwajfujohau/Index.noindex/DataStore @/Users/aleks/Library/Developer/Xcode/DerivedData/PlanItApp-gkehojshtcbfvhersqwajfujohau/Build/Intermediates.noindex/leveldb.build/Debug-iphonesimulator/leveldb.build/Objects-normal/arm64/82b82416624d2658e5098eb0a28c15c5-common-args.resp -MMD -MT dependencies -MF /Users/aleks/Library/Developer/Xcode/DerivedData/PlanItApp-gkehojshtcbfvhersqwajfujohau/Build/Intermediates.noindex/leveldb.build/Debug-iphonesimulator/leveldb.build/Objects-normal/arm64/db_iter.d --serialize-diagnostics /Users/aleks/Library/Developer/Xcode/DerivedData/PlanItApp-gkehojshtcbfvhersqwajfujohau/Build/Intermediates.noindex/leveldb.build/Debug-iphonesimulator/leveldb.build/Objects-normal/arm64/db_iter.dia -c /Users/aleks/Library/Developer/Xcode/DerivedData/PlanItApp-gkehojshtcbfvhersqwajfujohau/SourcePackages/checkouts/leveldb/db/db_iter.cc -o /Users/aleks/Library/Developer/Xcode/DerivedData/PlanItApp-gkehojshtcbfvhersqwajfujohau/Build/Intermediates.noindex/leveldb.build/Debug-iphonesimulator/leveldb.build/Objects-normal/arm64/db_iter.o -index-unit-output-path /leveldb.build/Debug-iphonesimulator/leveldb.build/Objects-normal/arm64/db_iter.o

CompileC /Users/aleks/Library/Developer/Xcode/DerivedData/PlanItApp-gkehojshtcbfvhersqwajfujohau/Build/Intermediates.noindex/leveldb.build/Debug-iphonesimulator/leveldb.build/Objects-normal/arm64/db_impl.o /Users/aleks/Library/Developer/Xcode/DerivedData/PlanItApp-gkehojshtcbfvhersqwajfujohau/SourcePackages/checkouts/leveldb/db/db_impl.cc normal arm64 c++ com.apple.compilers.llvm.clang.1_0.compiler (in target 'leveldb' from project 'leveldb')
    cd /Users/aleks/Desktop/PlanItApp/PlanItApp.xcodeproj
    
    Using response file: /Users/aleks/Library/Developer/Xcode/DerivedData/PlanItApp-gkehojshtcbfvhersqwajfujohau/Build/Intermediates.noindex/leveldb.build/Debug-iphonesimulator/leveldb.build/Objects-normal/arm64/82b82416624d2658e5098eb0a28c15c5-common-args.resp
    
    /Applications/Xcode.app/Contents/Developer/Toolchains/XcodeDefault.xctoolchain/usr/bin/clang -x c++ -ivfsstatcache /Users/aleks/Library/Developer/Xcode/DerivedData/SDKStatCaches.noindex/iphonesimulator18.5-22F76-d5fc8ad4295d2ef488fb7d0f804ce0c4.sdkstatcache -fmessage-length\=0 -fdiagnostics-show-note-include-stack -fmacro-backtrace-limit\=0 -fno-color-diagnostics -fmodules-prune-interval\=86400 -fmodules-prune-after\=345600 -fbuild-session-file\=/Users/aleks/Library/Developer/Xcode/DerivedData/ModuleCache.noindex/Session.modulevalidation -fmodules-validate-once-per-build-session -Wnon-modular-include-in-framework-module -Werror\=non-modular-include-in-framework-module -Wno-trigraphs -Wno-missing-field-initializers -Wno-missing-prototypes -Wno-return-type -Wno-non-virtual-dtor -Wno-overloaded-virtual -Wno-exit-time-destructors -Wno-missing-braces -Wparentheses -Wswitch -Wno-unused-function -Wno-unused-label -Wno-unused-parameter -Wno-unused-variable -Wunused-value -Wno-empty-body -Wno-uninitialized -Wno-unknown-pragmas -w -Wno-shadow -Wno-four-char-constants -Wno-conversion -Wno-constant-conversion -Wno-int-conversion -Wno-bool-conversion -Wno-enum-conversion -Wno-float-conversion -Wno-non-literal-null-conversion -Wno-objc-literal-conversion -Wshorten-64-to-32 -Wno-newline-eof -Wno-c++11-extensions -Wno-implicit-fallthrough -fstrict-aliasing -Wdeprecated-declarations -Winvalid-offsetof -Wno-sign-conversion -Wno-infinite-recursion -Wno-move -Wno-comma -Wno-block-capture-autoreleasing -Wno-strict-prototypes -Wno-range-loop-analysis -Wno-semicolon-before-method-body -index-store-path /Users/aleks/Library/Developer/Xcode/DerivedData/PlanItApp-gkehojshtcbfvhersqwajfujohau/Index.noindex/DataStore @/Users/aleks/Library/Developer/Xcode/DerivedData/PlanItApp-gkehojshtcbfvhersqwajfujohau/Build/Intermediates.noindex/leveldb.build/Debug-iphonesimulator/leveldb.build/Objects-normal/arm64/82b82416624d2658e5098eb0a28c15c5-common-args.resp -MMD -MT dependencies -MF /Users/aleks/Library/Developer/Xcode/DerivedData/PlanItApp-gkehojshtcbfvhersqwajfujohau/Build/Intermediates.noindex/leveldb.build/Debug-iphonesimulator/leveldb.build/Objects-normal/arm64/db_impl.d --serialize-diagnostics /Users/aleks/Library/Developer/Xcode/DerivedData/PlanItApp-gkehojshtcbfvhersqwajfujohau/Build/Intermediates.noindex/leveldb.build/Debug-iphonesimulator/leveldb.build/Objects-normal/arm64/db_impl.dia -c /Users/aleks/Library/Developer/Xcode/DerivedData/PlanItApp-gkehojshtcbfvhersqwajfujohau/SourcePackages/checkouts/leveldb/db/db_impl.cc -o /Users/aleks/Library/Developer/Xcode/DerivedData/PlanItApp-gkehojshtcbfvhersqwajfujohau/Build/Intermediates.noindex/leveldb.build/Debug-iphonesimulator/leveldb.build/Objects-normal/arm64/db_impl.o -index-unit-output-path /leveldb.build/Debug-iphonesimulator/leveldb.build/Objects-normal/arm64/db_impl.o

CompileC /Users/aleks/Library/Developer/Xcode/DerivedData/PlanItApp-gkehojshtcbfvhersqwajfujohau/Build/Intermediates.noindex/leveldb.build/Debug-iphonesimulator/leveldb.build/Objects-normal/arm64/crc32c.o /Users/aleks/Library/Developer/Xcode/DerivedData/PlanItApp-gkehojshtcbfvhersqwajfujohau/SourcePackages/checkouts/leveldb/util/crc32c.cc normal arm64 c++ com.apple.compilers.llvm.clang.1_0.compiler (in target 'leveldb' from project 'leveldb')
    cd /Users/aleks/Desktop/PlanItApp/PlanItApp.xcodeproj
    
    Using response file: /Users/aleks/Library/Developer/Xcode/DerivedData/PlanItApp-gkehojshtcbfvhersqwajfujohau/Build/Intermediates.noindex/leveldb.build/Debug-iphonesimulator/leveldb.build/Objects-normal/arm64/82b82416624d2658e5098eb0a28c15c5-common-args.resp
    
    /Applications/Xcode.app/Contents/Developer/Toolchains/XcodeDefault.xctoolchain/usr/bin/clang -x c++ -ivfsstatcache /Users/aleks/Library/Developer/Xcode/DerivedData/SDKStatCaches.noindex/iphonesimulator18.5-22F76-d5fc8ad4295d2ef488fb7d0f804ce0c4.sdkstatcache -fmessage-length\=0 -fdiagnostics-show-note-include-stack -fmacro-backtrace-limit\=0 -fno-color-diagnostics -fmodules-prune-interval\=86400 -fmodules-prune-after\=345600 -fbuild-session-file\=/Users/aleks/Library/Developer/Xcode/DerivedData/ModuleCache.noindex/Session.modulevalidation -fmodules-validate-once-per-build-session -Wnon-modular-include-in-framework-module -Werror\=non-modular-include-in-framework-module -Wno-trigraphs -Wno-missing-field-initializers -Wno-missing-prototypes -Wno-return-type -Wno-non-virtual-dtor -Wno-overloaded-virtual -Wno-exit-time-destructors -Wno-missing-braces -Wparentheses -Wswitch -Wno-unused-function -Wno-unused-label -Wno-unused-parameter -Wno-unused-variable -Wunused-value -Wno-empty-body -Wno-uninitialized -Wno-unknown-pragmas -w -Wno-shadow -Wno-four-char-constants -Wno-conversion -Wno-constant-conversion -Wno-int-conversion -Wno-bool-conversion -Wno-enum-conversion -Wno-float-conversion -Wno-non-literal-null-conversion -Wno-objc-literal-conversion -Wshorten-64-to-32 -Wno-newline-eof -Wno-c++11-extensions -Wno-implicit-fallthrough -fstrict-aliasing -Wdeprecated-declarations -Winvalid-offsetof -Wno-sign-conversion -Wno-infinite-recursion -Wno-move -Wno-comma -Wno-block-capture-autoreleasing -Wno-strict-prototypes -Wno-range-loop-analysis -Wno-semicolon-before-method-body -index-store-path /Users/aleks/Library/Developer/Xcode/DerivedData/PlanItApp-gkehojshtcbfvhersqwajfujohau/Index.noindex/DataStore @/Users/aleks/Library/Developer/Xcode/DerivedData/PlanItApp-gkehojshtcbfvhersqwajfujohau/Build/Intermediates.noindex/leveldb.build/Debug-iphonesimulator/leveldb.build/Objects-normal/arm64/82b82416624d2658e5098eb0a28c15c5-common-args.resp -MMD -MT dependencies -MF /Users/aleks/Library/Developer/Xcode/DerivedData/PlanItApp-gkehojshtcbfvhersqwajfujohau/Build/Intermediates.noindex/leveldb.build/Debug-iphonesimulator/leveldb.build/Objects-normal/arm64/crc32c.d --serialize-diagnostics /Users/aleks/Library/Developer/Xcode/DerivedData/PlanItApp-gkehojshtcbfvhersqwajfujohau/Build/Intermediates.noindex/leveldb.build/Debug-iphonesimulator/leveldb.build/Objects-normal/arm64/crc32c.dia -c /Users/aleks/Library/Developer/Xcode/DerivedData/PlanItApp-gkehojshtcbfvhersqwajfujohau/SourcePackages/checkouts/leveldb/util/crc32c.cc -o /Users/aleks/Library/Developer/Xcode/DerivedData/PlanItApp-gkehojshtcbfvhersqwajfujohau/Build/Intermediates.noindex/leveldb.build/Debug-iphonesimulator/leveldb.build/Objects-normal/arm64/crc32c.o -index-unit-output-path /leveldb.build/Debug-iphonesimulator/leveldb.build/Objects-normal/arm64/crc32c.o

CompileC /Users/aleks/Library/Developer/Xcode/DerivedData/PlanItApp-gkehojshtcbfvhersqwajfujohau/Build/Intermediates.noindex/leveldb.build/Debug-iphonesimulator/leveldb.build/Objects-normal/arm64/comparator.o /Users/aleks/Library/Developer/Xcode/DerivedData/PlanItApp-gkehojshtcbfvhersqwajfujohau/SourcePackages/checkouts/leveldb/util/comparator.cc normal arm64 c++ com.apple.compilers.llvm.clang.1_0.compiler (in target 'leveldb' from project 'leveldb')
    cd /Users/aleks/Desktop/PlanItApp/PlanItApp.xcodeproj
    
    Using response file: /Users/aleks/Library/Developer/Xcode/DerivedData/PlanItApp-gkehojshtcbfvhersqwajfujohau/Build/Intermediates.noindex/leveldb.build/Debug-iphonesimulator/leveldb.build/Objects-normal/arm64/82b82416624d2658e5098eb0a28c15c5-common-args.resp
    
    /Applications/Xcode.app/Contents/Developer/Toolchains/XcodeDefault.xctoolchain/usr/bin/clang -x c++ -ivfsstatcache /Users/aleks/Library/Developer/Xcode/DerivedData/SDKStatCaches.noindex/iphonesimulator18.5-22F76-d5fc8ad4295d2ef488fb7d0f804ce0c4.sdkstatcache -fmessage-length\=0 -fdiagnostics-show-note-include-stack -fmacro-backtrace-limit\=0 -fno-color-diagnostics -fmodules-prune-interval\=86400 -fmodules-prune-after\=345600 -fbuild-session-file\=/Users/aleks/Library/Developer/Xcode/DerivedData/ModuleCache.noindex/Session.modulevalidation -fmodules-validate-once-per-build-session -Wnon-modular-include-in-framework-module -Werror\=non-modular-include-in-framework-module -Wno-trigraphs -Wno-missing-field-initializers -Wno-missing-prototypes -Wno-return-type -Wno-non-virtual-dtor -Wno-overloaded-virtual -Wno-exit-time-destructors -Wno-missing-braces -Wparentheses -Wswitch -Wno-unused-function -Wno-unused-label -Wno-unused-parameter -Wno-unused-variable -Wunused-value -Wno-empty-body -Wno-uninitialized -Wno-unknown-pragmas -w -Wno-shadow -Wno-four-char-constants -Wno-conversion -Wno-constant-conversion -Wno-int-conversion -Wno-bool-conversion -Wno-enum-conversion -Wno-float-conversion -Wno-non-literal-null-conversion -Wno-objc-literal-conversion -Wshorten-64-to-32 -Wno-newline-eof -Wno-c++11-extensions -Wno-implicit-fallthrough -fstrict-aliasing -Wdeprecated-declarations -Winvalid-offsetof -Wno-sign-conversion -Wno-infinite-recursion -Wno-move -Wno-comma -Wno-block-capture-autoreleasing -Wno-strict-prototypes -Wno-range-loop-analysis -Wno-semicolon-before-method-body -index-store-path /Users/aleks/Library/Developer/Xcode/DerivedData/PlanItApp-gkehojshtcbfvhersqwajfujohau/Index.noindex/DataStore @/Users/aleks/Library/Developer/Xcode/DerivedData/PlanItApp-gkehojshtcbfvhersqwajfujohau/Build/Intermediates.noindex/leveldb.build/Debug-iphonesimulator/leveldb.build/Objects-normal/arm64/82b82416624d2658e5098eb0a28c15c5-common-args.resp -MMD -MT dependencies -MF /Users/aleks/Library/Developer/Xcode/DerivedData/PlanItApp-gkehojshtcbfvhersqwajfujohau/Build/Intermediates.noindex/leveldb.build/Debug-iphonesimulator/leveldb.build/Objects-normal/arm64/comparator.d --serialize-diagnostics /Users/aleks/Library/Developer/Xcode/DerivedData/PlanItApp-gkehojshtcbfvhersqwajfujohau/Build/Intermediates.noindex/leveldb.build/Debug-iphonesimulator/leveldb.build/Objects-normal/arm64/comparator.dia -c /Users/aleks/Library/Developer/Xcode/DerivedData/PlanItApp-gkehojshtcbfvhersqwajfujohau/SourcePackages/checkouts/leveldb/util/comparator.cc -o /Users/aleks/Library/Developer/Xcode/DerivedData/PlanItApp-gkehojshtcbfvhersqwajfujohau/Build/Intermediates.noindex/leveldb.build/Debug-iphonesimulator/leveldb.build/Objects-normal/arm64/comparator.o -index-unit-output-path /leveldb.build/Debug-iphonesimulator/leveldb.build/Objects-normal/arm64/comparator.o

CompileC /Users/aleks/Library/Developer/Xcode/DerivedData/PlanItApp-gkehojshtcbfvhersqwajfujohau/Build/Intermediates.noindex/leveldb.build/Debug-iphonesimulator/leveldb.build/Objects-normal/arm64/coding.o /Users/aleks/Library/Developer/Xcode/DerivedData/PlanItApp-gkehojshtcbfvhersqwajfujohau/SourcePackages/checkouts/leveldb/util/coding.cc normal arm64 c++ com.apple.compilers.llvm.clang.1_0.compiler (in target 'leveldb' from project 'leveldb')
    cd /Users/aleks/Desktop/PlanItApp/PlanItApp.xcodeproj
    
    Using response file: /Users/aleks/Library/Developer/Xcode/DerivedData/PlanItApp-gkehojshtcbfvhersqwajfujohau/Build/Intermediates.noindex/leveldb.build/Debug-iphonesimulator/leveldb.build/Objects-normal/arm64/82b82416624d2658e5098eb0a28c15c5-common-args.resp
    
    /Applications/Xcode.app/Contents/Developer/Toolchains/XcodeDefault.xctoolchain/usr/bin/clang -x c++ -ivfsstatcache /Users/aleks/Library/Developer/Xcode/DerivedData/SDKStatCaches.noindex/iphonesimulator18.5-22F76-d5fc8ad4295d2ef488fb7d0f804ce0c4.sdkstatcache -fmessage-length\=0 -fdiagnostics-show-note-include-stack -fmacro-backtrace-limit\=0 -fno-color-diagnostics -fmodules-prune-interval\=86400 -fmodules-prune-after\=345600 -fbuild-session-file\=/Users/aleks/Library/Developer/Xcode/DerivedData/ModuleCache.noindex/Session.modulevalidation -fmodules-validate-once-per-build-session -Wnon-modular-include-in-framework-module -Werror\=non-modular-include-in-framework-module -Wno-trigraphs -Wno-missing-field-initializers -Wno-missing-prototypes -Wno-return-type -Wno-non-virtual-dtor -Wno-overloaded-virtual -Wno-exit-time-destructors -Wno-missing-braces -Wparentheses -Wswitch -Wno-unused-function -Wno-unused-label -Wno-unused-parameter -Wno-unused-variable -Wunused-value -Wno-empty-body -Wno-uninitialized -Wno-unknown-pragmas -w -Wno-shadow -Wno-four-char-constants -Wno-conversion -Wno-constant-conversion -Wno-int-conversion -Wno-bool-conversion -Wno-enum-conversion -Wno-float-conversion -Wno-non-literal-null-conversion -Wno-objc-literal-conversion -Wshorten-64-to-32 -Wno-newline-eof -Wno-c++11-extensions -Wno-implicit-fallthrough -fstrict-aliasing -Wdeprecated-declarations -Winvalid-offsetof -Wno-sign-conversion -Wno-infinite-recursion -Wno-move -Wno-comma -Wno-block-capture-autoreleasing -Wno-strict-prototypes -Wno-range-loop-analysis -Wno-semicolon-before-method-body -index-store-path /Users/aleks/Library/Developer/Xcode/DerivedData/PlanItApp-gkehojshtcbfvhersqwajfujohau/Index.noindex/DataStore @/Users/aleks/Library/Developer/Xcode/DerivedData/PlanItApp-gkehojshtcbfvhersqwajfujohau/Build/Intermediates.noindex/leveldb.build/Debug-iphonesimulator/leveldb.build/Objects-normal/arm64/82b82416624d2658e5098eb0a28c15c5-common-args.resp -MMD -MT dependencies -MF /Users/aleks/Library/Developer/Xcode/DerivedData/PlanItApp-gkehojshtcbfvhersqwajfujohau/Build/Intermediates.noindex/leveldb.build/Debug-iphonesimulator/leveldb.build/Objects-normal/arm64/coding.d --serialize-diagnostics /Users/aleks/Library/Developer/Xcode/DerivedData/PlanItApp-gkehojshtcbfvhersqwajfujohau/Build/Intermediates.noindex/leveldb.build/Debug-iphonesimulator/leveldb.build/Objects-normal/arm64/coding.dia -c /Users/aleks/Library/Developer/Xcode/DerivedData/PlanItApp-gkehojshtcbfvhersqwajfujohau/SourcePackages/checkouts/leveldb/util/coding.cc -o /Users/aleks/Library/Developer/Xcode/DerivedData/PlanItApp-gkehojshtcbfvhersqwajfujohau/Build/Intermediates.noindex/leveldb.build/Debug-iphonesimulator/leveldb.build/Objects-normal/arm64/coding.o -index-unit-output-path /leveldb.build/Debug-iphonesimulator/leveldb.build/Objects-normal/arm64/coding.o

CompileC /Users/aleks/Library/Developer/Xcode/DerivedData/PlanItApp-gkehojshtcbfvhersqwajfujohau/Build/Intermediates.noindex/leveldb.build/Debug-iphonesimulator/leveldb.build/Objects-normal/arm64/cache.o /Users/aleks/Library/Developer/Xcode/DerivedData/PlanItApp-gkehojshtcbfvhersqwajfujohau/SourcePackages/checkouts/leveldb/util/cache.cc normal arm64 c++ com.apple.compilers.llvm.clang.1_0.compiler (in target 'leveldb' from project 'leveldb')
    cd /Users/aleks/Desktop/PlanItApp/PlanItApp.xcodeproj
    
    Using response file: /Users/aleks/Library/Developer/Xcode/DerivedData/PlanItApp-gkehojshtcbfvhersqwajfujohau/Build/Intermediates.noindex/leveldb.build/Debug-iphonesimulator/leveldb.build/Objects-normal/arm64/82b82416624d2658e5098eb0a28c15c5-common-args.resp
    
    /Applications/Xcode.app/Contents/Developer/Toolchains/XcodeDefault.xctoolchain/usr/bin/clang -x c++ -ivfsstatcache /Users/aleks/Library/Developer/Xcode/DerivedData/SDKStatCaches.noindex/iphonesimulator18.5-22F76-d5fc8ad4295d2ef488fb7d0f804ce0c4.sdkstatcache -fmessage-length\=0 -fdiagnostics-show-note-include-stack -fmacro-backtrace-limit\=0 -fno-color-diagnostics -fmodules-prune-interval\=86400 -fmodules-prune-after\=345600 -fbuild-session-file\=/Users/aleks/Library/Developer/Xcode/DerivedData/ModuleCache.noindex/Session.modulevalidation -fmodules-validate-once-per-build-session -Wnon-modular-include-in-framework-module -Werror\=non-modular-include-in-framework-module -Wno-trigraphs -Wno-missing-field-initializers -Wno-missing-prototypes -Wno-return-type -Wno-non-virtual-dtor -Wno-overloaded-virtual -Wno-exit-time-destructors -Wno-missing-braces -Wparentheses -Wswitch -Wno-unused-function -Wno-unused-label -Wno-unused-parameter -Wno-unused-variable -Wunused-value -Wno-empty-body -Wno-uninitialized -Wno-unknown-pragmas -w -Wno-shadow -Wno-four-char-constants -Wno-conversion -Wno-constant-conversion -Wno-int-conversion -Wno-bool-conversion -Wno-enum-conversion -Wno-float-conversion -Wno-non-literal-null-conversion -Wno-objc-literal-conversion -Wshorten-64-to-32 -Wno-newline-eof -Wno-c++11-extensions -Wno-implicit-fallthrough -fstrict-aliasing -Wdeprecated-declarations -Winvalid-offsetof -Wno-sign-conversion -Wno-infinite-recursion -Wno-move -Wno-comma -Wno-block-capture-autoreleasing -Wno-strict-prototypes -Wno-range-loop-analysis -Wno-semicolon-before-method-body -index-store-path /Users/aleks/Library/Developer/Xcode/DerivedData/PlanItApp-gkehojshtcbfvhersqwajfujohau/Index.noindex/DataStore @/Users/aleks/Library/Developer/Xcode/DerivedData/PlanItApp-gkehojshtcbfvhersqwajfujohau/Build/Intermediates.noindex/leveldb.build/Debug-iphonesimulator/leveldb.build/Objects-normal/arm64/82b82416624d2658e5098eb0a28c15c5-common-args.resp -MMD -MT dependencies -MF /Users/aleks/Library/Developer/Xcode/DerivedData/PlanItApp-gkehojshtcbfvhersqwajfujohau/Build/Intermediates.noindex/leveldb.build/Debug-iphonesimulator/leveldb.build/Objects-normal/arm64/cache.d --serialize-diagnostics /Users/aleks/Library/Developer/Xcode/DerivedData/PlanItApp-gkehojshtcbfvhersqwajfujohau/Build/Intermediates.noindex/leveldb.build/Debug-iphonesimulator/leveldb.build/Objects-normal/arm64/cache.dia -c /Users/aleks/Library/Developer/Xcode/DerivedData/PlanItApp-gkehojshtcbfvhersqwajfujohau/SourcePackages/checkouts/leveldb/util/cache.cc -o /Users/aleks/Library/Developer/Xcode/DerivedData/PlanItApp-gkehojshtcbfvhersqwajfujohau/Build/Intermediates.noindex/leveldb.build/Debug-iphonesimulator/leveldb.build/Objects-normal/arm64/cache.o -index-unit-output-path /leveldb.build/Debug-iphonesimulator/leveldb.build/Objects-normal/arm64/cache.o

CompileC /Users/aleks/Library/Developer/Xcode/DerivedData/PlanItApp-gkehojshtcbfvhersqwajfujohau/Build/Intermediates.noindex/leveldb.build/Debug-iphonesimulator/leveldb.build/Objects-normal/arm64/c.o /Users/aleks/Library/Developer/Xcode/DerivedData/PlanItApp-gkehojshtcbfvhersqwajfujohau/SourcePackages/checkouts/leveldb/db/c.cc normal arm64 c++ com.apple.compilers.llvm.clang.1_0.compiler (in target 'leveldb' from project 'leveldb')
    cd /Users/aleks/Desktop/PlanItApp/PlanItApp.xcodeproj
    
    Using response file: /Users/aleks/Library/Developer/Xcode/DerivedData/PlanItApp-gkehojshtcbfvhersqwajfujohau/Build/Intermediates.noindex/leveldb.build/Debug-iphonesimulator/leveldb.build/Objects-normal/arm64/82b82416624d2658e5098eb0a28c15c5-common-args.resp
    
    /Applications/Xcode.app/Contents/Developer/Toolchains/XcodeDefault.xctoolchain/usr/bin/clang -x c++ -ivfsstatcache /Users/aleks/Library/Developer/Xcode/DerivedData/SDKStatCaches.noindex/iphonesimulator18.5-22F76-d5fc8ad4295d2ef488fb7d0f804ce0c4.sdkstatcache -fmessage-length\=0 -fdiagnostics-show-note-include-stack -fmacro-backtrace-limit\=0 -fno-color-diagnostics -fmodules-prune-interval\=86400 -fmodules-prune-after\=345600 -fbuild-session-file\=/Users/aleks/Library/Developer/Xcode/DerivedData/ModuleCache.noindex/Session.modulevalidation -fmodules-validate-once-per-build-session -Wnon-modular-include-in-framework-module -Werror\=non-modular-include-in-framework-module -Wno-trigraphs -Wno-missing-field-initializers -Wno-missing-prototypes -Wno-return-type -Wno-non-virtual-dtor -Wno-overloaded-virtual -Wno-exit-time-destructors -Wno-missing-braces -Wparentheses -Wswitch -Wno-unused-function -Wno-unused-label -Wno-unused-parameter -Wno-unused-variable -Wunused-value -Wno-empty-body -Wno-uninitialized -Wno-unknown-pragmas -w -Wno-shadow -Wno-four-char-constants -Wno-conversion -Wno-constant-conversion -Wno-int-conversion -Wno-bool-conversion -Wno-enum-conversion -Wno-float-conversion -Wno-non-literal-null-conversion -Wno-objc-literal-conversion -Wshorten-64-to-32 -Wno-newline-eof -Wno-c++11-extensions -Wno-implicit-fallthrough -fstrict-aliasing -Wdeprecated-declarations -Winvalid-offsetof -Wno-sign-conversion -Wno-infinite-recursion -Wno-move -Wno-comma -Wno-block-capture-autoreleasing -Wno-strict-prototypes -Wno-range-loop-analysis -Wno-semicolon-before-method-body -index-store-path /Users/aleks/Library/Developer/Xcode/DerivedData/PlanItApp-gkehojshtcbfvhersqwajfujohau/Index.noindex/DataStore @/Users/aleks/Library/Developer/Xcode/DerivedData/PlanItApp-gkehojshtcbfvhersqwajfujohau/Build/Intermediates.noindex/leveldb.build/Debug-iphonesimulator/leveldb.build/Objects-normal/arm64/82b82416624d2658e5098eb0a28c15c5-common-args.resp -MMD -MT dependencies -MF /Users/aleks/Library/Developer/Xcode/DerivedData/PlanItApp-gkehojshtcbfvhersqwajfujohau/Build/Intermediates.noindex/leveldb.build/Debug-iphonesimulator/leveldb.build/Objects-normal/arm64/c.d --serialize-diagnostics /Users/aleks/Library/Developer/Xcode/DerivedData/PlanItApp-gkehojshtcbfvhersqwajfujohau/Build/Intermediates.noindex/leveldb.build/Debug-iphonesimulator/leveldb.build/Objects-normal/arm64/c.dia -c /Users/aleks/Library/Developer/Xcode/DerivedData/PlanItApp-gkehojshtcbfvhersqwajfujohau/SourcePackages/checkouts/leveldb/db/c.cc -o /Users/aleks/Library/Developer/Xcode/DerivedData/PlanItApp-gkehojshtcbfvhersqwajfujohau/Build/Intermediates.noindex/leveldb.build/Debug-iphonesimulator/leveldb.build/Objects-normal/arm64/c.o -index-unit-output-path /leveldb.build/Debug-iphonesimulator/leveldb.build/Objects-normal/arm64/c.o

CompileC /Users/aleks/Library/Developer/Xcode/DerivedData/PlanItApp-gkehojshtcbfvhersqwajfujohau/Build/Intermediates.noindex/leveldb.build/Debug-iphonesimulator/leveldb.build/Objects-normal/arm64/builder.o /Users/aleks/Library/Developer/Xcode/DerivedData/PlanItApp-gkehojshtcbfvhersqwajfujohau/SourcePackages/checkouts/leveldb/db/builder.cc normal arm64 c++ com.apple.compilers.llvm.clang.1_0.compiler (in target 'leveldb' from project 'leveldb')
    cd /Users/aleks/Desktop/PlanItApp/PlanItApp.xcodeproj
    
    Using response file: /Users/aleks/Library/Developer/Xcode/DerivedData/PlanItApp-gkehojshtcbfvhersqwajfujohau/Build/Intermediates.noindex/leveldb.build/Debug-iphonesimulator/leveldb.build/Objects-normal/arm64/82b82416624d2658e5098eb0a28c15c5-common-args.resp
    
    /Applications/Xcode.app/Contents/Developer/Toolchains/XcodeDefault.xctoolchain/usr/bin/clang -x c++ -ivfsstatcache /Users/aleks/Library/Developer/Xcode/DerivedData/SDKStatCaches.noindex/iphonesimulator18.5-22F76-d5fc8ad4295d2ef488fb7d0f804ce0c4.sdkstatcache -fmessage-length\=0 -fdiagnostics-show-note-include-stack -fmacro-backtrace-limit\=0 -fno-color-diagnostics -fmodules-prune-interval\=86400 -fmodules-prune-after\=345600 -fbuild-session-file\=/Users/aleks/Library/Developer/Xcode/DerivedData/ModuleCache.noindex/Session.modulevalidation -fmodules-validate-once-per-build-session -Wnon-modular-include-in-framework-module -Werror\=non-modular-include-in-framework-module -Wno-trigraphs -Wno-missing-field-initializers -Wno-missing-prototypes -Wno-return-type -Wno-non-virtual-dtor -Wno-overloaded-virtual -Wno-exit-time-destructors -Wno-missing-braces -Wparentheses -Wswitch -Wno-unused-function -Wno-unused-label -Wno-unused-parameter -Wno-unused-variable -Wunused-value -Wno-empty-body -Wno-uninitialized -Wno-unknown-pragmas -w -Wno-shadow -Wno-four-char-constants -Wno-conversion -Wno-constant-conversion -Wno-int-conversion -Wno-bool-conversion -Wno-enum-conversion -Wno-float-conversion -Wno-non-literal-null-conversion -Wno-objc-literal-conversion -Wshorten-64-to-32 -Wno-newline-eof -Wno-c++11-extensions -Wno-implicit-fallthrough -fstrict-aliasing -Wdeprecated-declarations -Winvalid-offsetof -Wno-sign-conversion -Wno-infinite-recursion -Wno-move -Wno-comma -Wno-block-capture-autoreleasing -Wno-strict-prototypes -Wno-range-loop-analysis -Wno-semicolon-before-method-body -index-store-path /Users/aleks/Library/Developer/Xcode/DerivedData/PlanItApp-gkehojshtcbfvhersqwajfujohau/Index.noindex/DataStore @/Users/aleks/Library/Developer/Xcode/DerivedData/PlanItApp-gkehojshtcbfvhersqwajfujohau/Build/Intermediates.noindex/leveldb.build/Debug-iphonesimulator/leveldb.build/Objects-normal/arm64/82b82416624d2658e5098eb0a28c15c5-common-args.resp -MMD -MT dependencies -MF /Users/aleks/Library/Developer/Xcode/DerivedData/PlanItApp-gkehojshtcbfvhersqwajfujohau/Build/Intermediates.noindex/leveldb.build/Debug-iphonesimulator/leveldb.build/Objects-normal/arm64/builder.d --serialize-diagnostics /Users/aleks/Library/Developer/Xcode/DerivedData/PlanItApp-gkehojshtcbfvhersqwajfujohau/Build/Intermediates.noindex/leveldb.build/Debug-iphonesimulator/leveldb.build/Objects-normal/arm64/builder.dia -c /Users/aleks/Library/Developer/Xcode/DerivedData/PlanItApp-gkehojshtcbfvhersqwajfujohau/SourcePackages/checkouts/leveldb/db/builder.cc -o /Users/aleks/Library/Developer/Xcode/DerivedData/PlanItApp-gkehojshtcbfvhersqwajfujohau/Build/Intermediates.noindex/leveldb.build/Debug-iphonesimulator/leveldb.build/Objects-normal/arm64/builder.o -index-unit-output-path /leveldb.build/Debug-iphonesimulator/leveldb.build/Objects-normal/arm64/builder.o

CompileC /Users/aleks/Library/Developer/Xcode/DerivedData/PlanItApp-gkehojshtcbfvhersqwajfujohau/Build/Intermediates.noindex/leveldb.build/Debug-iphonesimulator/leveldb.build/Objects-normal/arm64/bloom.o /Users/aleks/Library/Developer/Xcode/DerivedData/PlanItApp-gkehojshtcbfvhersqwajfujohau/SourcePackages/checkouts/leveldb/util/bloom.cc normal arm64 c++ com.apple.compilers.llvm.clang.1_0.compiler (in target 'leveldb' from project 'leveldb')
    cd /Users/aleks/Desktop/PlanItApp/PlanItApp.xcodeproj
    
    Using response file: /Users/aleks/Library/Developer/Xcode/DerivedData/PlanItApp-gkehojshtcbfvhersqwajfujohau/Build/Intermediates.noindex/leveldb.build/Debug-iphonesimulator/leveldb.build/Objects-normal/arm64/82b82416624d2658e5098eb0a28c15c5-common-args.resp
    
    /Applications/Xcode.app/Contents/Developer/Toolchains/XcodeDefault.xctoolchain/usr/bin/clang -x c++ -ivfsstatcache /Users/aleks/Library/Developer/Xcode/DerivedData/SDKStatCaches.noindex/iphonesimulator18.5-22F76-d5fc8ad4295d2ef488fb7d0f804ce0c4.sdkstatcache -fmessage-length\=0 -fdiagnostics-show-note-include-stack -fmacro-backtrace-limit\=0 -fno-color-diagnostics -fmodules-prune-interval\=86400 -fmodules-prune-after\=345600 -fbuild-session-file\=/Users/aleks/Library/Developer/Xcode/DerivedData/ModuleCache.noindex/Session.modulevalidation -fmodules-validate-once-per-build-session -Wnon-modular-include-in-framework-module -Werror\=non-modular-include-in-framework-module -Wno-trigraphs -Wno-missing-field-initializers -Wno-missing-prototypes -Wno-return-type -Wno-non-virtual-dtor -Wno-overloaded-virtual -Wno-exit-time-destructors -Wno-missing-braces -Wparentheses -Wswitch -Wno-unused-function -Wno-unused-label -Wno-unused-parameter -Wno-unused-variable -Wunused-value -Wno-empty-body -Wno-uninitialized -Wno-unknown-pragmas -w -Wno-shadow -Wno-four-char-constants -Wno-conversion -Wno-constant-conversion -Wno-int-conversion -Wno-bool-conversion -Wno-enum-conversion -Wno-float-conversion -Wno-non-literal-null-conversion -Wno-objc-literal-conversion -Wshorten-64-to-32 -Wno-newline-eof -Wno-c++11-extensions -Wno-implicit-fallthrough -fstrict-aliasing -Wdeprecated-declarations -Winvalid-offsetof -Wno-sign-conversion -Wno-infinite-recursion -Wno-move -Wno-comma -Wno-block-capture-autoreleasing -Wno-strict-prototypes -Wno-range-loop-analysis -Wno-semicolon-before-method-body -index-store-path /Users/aleks/Library/Developer/Xcode/DerivedData/PlanItApp-gkehojshtcbfvhersqwajfujohau/Index.noindex/DataStore @/Users/aleks/Library/Developer/Xcode/DerivedData/PlanItApp-gkehojshtcbfvhersqwajfujohau/Build/Intermediates.noindex/leveldb.build/Debug-iphonesimulator/leveldb.build/Objects-normal/arm64/82b82416624d2658e5098eb0a28c15c5-common-args.resp -MMD -MT dependencies -MF /Users/aleks/Library/Developer/Xcode/DerivedData/PlanItApp-gkehojshtcbfvhersqwajfujohau/Build/Intermediates.noindex/leveldb.build/Debug-iphonesimulator/leveldb.build/Objects-normal/arm64/bloom.d --serialize-diagnostics /Users/aleks/Library/Developer/Xcode/DerivedData/PlanItApp-gkehojshtcbfvhersqwajfujohau/Build/Intermediates.noindex/leveldb.build/Debug-iphonesimulator/leveldb.build/Objects-normal/arm64/bloom.dia -c /Users/aleks/Library/Developer/Xcode/DerivedData/PlanItApp-gkehojshtcbfvhersqwajfujohau/SourcePackages/checkouts/leveldb/util/bloom.cc -o /Users/aleks/Library/Developer/Xcode/DerivedData/PlanItApp-gkehojshtcbfvhersqwajfujohau/Build/Intermediates.noindex/leveldb.build/Debug-iphonesimulator/leveldb.build/Objects-normal/arm64/bloom.o -index-unit-output-path /leveldb.build/Debug-iphonesimulator/leveldb.build/Objects-normal/arm64/bloom.o

CompileC /Users/aleks/Library/Developer/Xcode/DerivedData/PlanItApp-gkehojshtcbfvhersqwajfujohau/Build/Intermediates.noindex/leveldb.build/Debug-iphonesimulator/leveldb.build/Objects-normal/arm64/block_builder.o /Users/aleks/Library/Developer/Xcode/DerivedData/PlanItApp-gkehojshtcbfvhersqwajfujohau/SourcePackages/checkouts/leveldb/table/block_builder.cc normal arm64 c++ com.apple.compilers.llvm.clang.1_0.compiler (in target 'leveldb' from project 'leveldb')
    cd /Users/aleks/Desktop/PlanItApp/PlanItApp.xcodeproj
    
    Using response file: /Users/aleks/Library/Developer/Xcode/DerivedData/PlanItApp-gkehojshtcbfvhersqwajfujohau/Build/Intermediates.noindex/leveldb.build/Debug-iphonesimulator/leveldb.build/Objects-normal/arm64/82b82416624d2658e5098eb0a28c15c5-common-args.resp
    
    /Applications/Xcode.app/Contents/Developer/Toolchains/XcodeDefault.xctoolchain/usr/bin/clang -x c++ -ivfsstatcache /Users/aleks/Library/Developer/Xcode/DerivedData/SDKStatCaches.noindex/iphonesimulator18.5-22F76-d5fc8ad4295d2ef488fb7d0f804ce0c4.sdkstatcache -fmessage-length\=0 -fdiagnostics-show-note-include-stack -fmacro-backtrace-limit\=0 -fno-color-diagnostics -fmodules-prune-interval\=86400 -fmodules-prune-after\=345600 -fbuild-session-file\=/Users/aleks/Library/Developer/Xcode/DerivedData/ModuleCache.noindex/Session.modulevalidation -fmodules-validate-once-per-build-session -Wnon-modular-include-in-framework-module -Werror\=non-modular-include-in-framework-module -Wno-trigraphs -Wno-missing-field-initializers -Wno-missing-prototypes -Wno-return-type -Wno-non-virtual-dtor -Wno-overloaded-virtual -Wno-exit-time-destructors -Wno-missing-braces -Wparentheses -Wswitch -Wno-unused-function -Wno-unused-label -Wno-unused-parameter -Wno-unused-variable -Wunused-value -Wno-empty-body -Wno-uninitialized -Wno-unknown-pragmas -w -Wno-shadow -Wno-four-char-constants -Wno-conversion -Wno-constant-conversion -Wno-int-conversion -Wno-bool-conversion -Wno-enum-conversion -Wno-float-conversion -Wno-non-literal-null-conversion -Wno-objc-literal-conversion -Wshorten-64-to-32 -Wno-newline-eof -Wno-c++11-extensions -Wno-implicit-fallthrough -fstrict-aliasing -Wdeprecated-declarations -Winvalid-offsetof -Wno-sign-conversion -Wno-infinite-recursion -Wno-move -Wno-comma -Wno-block-capture-autoreleasing -Wno-strict-prototypes -Wno-range-loop-analysis -Wno-semicolon-before-method-body -index-store-path /Users/aleks/Library/Developer/Xcode/DerivedData/PlanItApp-gkehojshtcbfvhersqwajfujohau/Index.noindex/DataStore @/Users/aleks/Library/Developer/Xcode/DerivedData/PlanItApp-gkehojshtcbfvhersqwajfujohau/Build/Intermediates.noindex/leveldb.build/Debug-iphonesimulator/leveldb.build/Objects-normal/arm64/82b82416624d2658e5098eb0a28c15c5-common-args.resp -MMD -MT dependencies -MF /Users/aleks/Library/Developer/Xcode/DerivedData/PlanItApp-gkehojshtcbfvhersqwajfujohau/Build/Intermediates.noindex/leveldb.build/Debug-iphonesimulator/leveldb.build/Objects-normal/arm64/block_builder.d --serialize-diagnostics /Users/aleks/Library/Developer/Xcode/DerivedData/PlanItApp-gkehojshtcbfvhersqwajfujohau/Build/Intermediates.noindex/leveldb.build/Debug-iphonesimulator/leveldb.build/Objects-normal/arm64/block_builder.dia -c /Users/aleks/Library/Developer/Xcode/DerivedData/PlanItApp-gkehojshtcbfvhersqwajfujohau/SourcePackages/checkouts/leveldb/table/block_builder.cc -o /Users/aleks/Library/Developer/Xcode/DerivedData/PlanItApp-gkehojshtcbfvhersqwajfujohau/Build/Intermediates.noindex/leveldb.build/Debug-iphonesimulator/leveldb.build/Objects-normal/arm64/block_builder.o -index-unit-output-path /leveldb.build/Debug-iphonesimulator/leveldb.build/Objects-normal/arm64/block_builder.o

CompileC /Users/aleks/Library/Developer/Xcode/DerivedData/PlanItApp-gkehojshtcbfvhersqwajfujohau/Build/Intermediates.noindex/leveldb.build/Debug-iphonesimulator/leveldb.build/Objects-normal/arm64/block.o /Users/aleks/Library/Developer/Xcode/DerivedData/PlanItApp-gkehojshtcbfvhersqwajfujohau/SourcePackages/checkouts/leveldb/table/block.cc normal arm64 c++ com.apple.compilers.llvm.clang.1_0.compiler (in target 'leveldb' from project 'leveldb')
    cd /Users/aleks/Desktop/PlanItApp/PlanItApp.xcodeproj
    
    Using response file: /Users/aleks/Library/Developer/Xcode/DerivedData/PlanItApp-gkehojshtcbfvhersqwajfujohau/Build/Intermediates.noindex/leveldb.build/Debug-iphonesimulator/leveldb.build/Objects-normal/arm64/82b82416624d2658e5098eb0a28c15c5-common-args.resp
    
    /Applications/Xcode.app/Contents/Developer/Toolchains/XcodeDefault.xctoolchain/usr/bin/clang -x c++ -ivfsstatcache /Users/aleks/Library/Developer/Xcode/DerivedData/SDKStatCaches.noindex/iphonesimulator18.5-22F76-d5fc8ad4295d2ef488fb7d0f804ce0c4.sdkstatcache -fmessage-length\=0 -fdiagnostics-show-note-include-stack -fmacro-backtrace-limit\=0 -fno-color-diagnostics -fmodules-prune-interval\=86400 -fmodules-prune-after\=345600 -fbuild-session-file\=/Users/aleks/Library/Developer/Xcode/DerivedData/ModuleCache.noindex/Session.modulevalidation -fmodules-validate-once-per-build-session -Wnon-modular-include-in-framework-module -Werror\=non-modular-include-in-framework-module -Wno-trigraphs -Wno-missing-field-initializers -Wno-missing-prototypes -Wno-return-type -Wno-non-virtual-dtor -Wno-overloaded-virtual -Wno-exit-time-destructors -Wno-missing-braces -Wparentheses -Wswitch -Wno-unused-function -Wno-unused-label -Wno-unused-parameter -Wno-unused-variable -Wunused-value -Wno-empty-body -Wno-uninitialized -Wno-unknown-pragmas -w -Wno-shadow -Wno-four-char-constants -Wno-conversion -Wno-constant-conversion -Wno-int-conversion -Wno-bool-conversion -Wno-enum-conversion -Wno-float-conversion -Wno-non-literal-null-conversion -Wno-objc-literal-conversion -Wshorten-64-to-32 -Wno-newline-eof -Wno-c++11-extensions -Wno-implicit-fallthrough -fstrict-aliasing -Wdeprecated-declarations -Winvalid-offsetof -Wno-sign-conversion -Wno-infinite-recursion -Wno-move -Wno-comma -Wno-block-capture-autoreleasing -Wno-strict-prototypes -Wno-range-loop-analysis -Wno-semicolon-before-method-body -index-store-path /Users/aleks/Library/Developer/Xcode/DerivedData/PlanItApp-gkehojshtcbfvhersqwajfujohau/Index.noindex/DataStore @/Users/aleks/Library/Developer/Xcode/DerivedData/PlanItApp-gkehojshtcbfvhersqwajfujohau/Build/Intermediates.noindex/leveldb.build/Debug-iphonesimulator/leveldb.build/Objects-normal/arm64/82b82416624d2658e5098eb0a28c15c5-common-args.resp -MMD -MT dependencies -MF /Users/aleks/Library/Developer/Xcode/DerivedData/PlanItApp-gkehojshtcbfvhersqwajfujohau/Build/Intermediates.noindex/leveldb.build/Debug-iphonesimulator/leveldb.build/Objects-normal/arm64/block.d --serialize-diagnostics /Users/aleks/Library/Developer/Xcode/DerivedData/PlanItApp-gkehojshtcbfvhersqwajfujohau/Build/Intermediates.noindex/leveldb.build/Debug-iphonesimulator/leveldb.build/Objects-normal/arm64/block.dia -c /Users/aleks/Library/Developer/Xcode/DerivedData/PlanItApp-gkehojshtcbfvhersqwajfujohau/SourcePackages/checkouts/leveldb/table/block.cc -o /Users/aleks/Library/Developer/Xcode/DerivedData/PlanItApp-gkehojshtcbfvhersqwajfujohau/Build/Intermediates.noindex/leveldb.build/Debug-iphonesimulator/leveldb.build/Objects-normal/arm64/block.o -index-unit-output-path /leveldb.build/Debug-iphonesimulator/leveldb.build/Objects-normal/arm64/block.o

CompileC /Users/aleks/Library/Developer/Xcode/DerivedData/PlanItApp-gkehojshtcbfvhersqwajfujohau/Build/Intermediates.noindex/leveldb.build/Debug-iphonesimulator/leveldb.build/Objects-normal/arm64/arena.o /Users/aleks/Library/Developer/Xcode/DerivedData/PlanItApp-gkehojshtcbfvhersqwajfujohau/SourcePackages/checkouts/leveldb/util/arena.cc normal arm64 c++ com.apple.compilers.llvm.clang.1_0.compiler (in target 'leveldb' from project 'leveldb')
    cd /Users/aleks/Desktop/PlanItApp/PlanItApp.xcodeproj
    
    Using response file: /Users/aleks/Library/Developer/Xcode/DerivedData/PlanItApp-gkehojshtcbfvhersqwajfujohau/Build/Intermediates.noindex/leveldb.build/Debug-iphonesimulator/leveldb.build/Objects-normal/arm64/82b82416624d2658e5098eb0a28c15c5-common-args.resp
    
    /Applications/Xcode.app/Contents/Developer/Toolchains/XcodeDefault.xctoolchain/usr/bin/clang -x c++ -ivfsstatcache /Users/aleks/Library/Developer/Xcode/DerivedData/SDKStatCaches.noindex/iphonesimulator18.5-22F76-d5fc8ad4295d2ef488fb7d0f804ce0c4.sdkstatcache -fmessage-length\=0 -fdiagnostics-show-note-include-stack -fmacro-backtrace-limit\=0 -fno-color-diagnostics -fmodules-prune-interval\=86400 -fmodules-prune-after\=345600 -fbuild-session-file\=/Users/aleks/Library/Developer/Xcode/DerivedData/ModuleCache.noindex/Session.modulevalidation -fmodules-validate-once-per-build-session -Wnon-modular-include-in-framework-module -Werror\=non-modular-include-in-framework-module -Wno-trigraphs -Wno-missing-field-initializers -Wno-missing-prototypes -Wno-return-type -Wno-non-virtual-dtor -Wno-overloaded-virtual -Wno-exit-time-destructors -Wno-missing-braces -Wparentheses -Wswitch -Wno-unused-function -Wno-unused-label -Wno-unused-parameter -Wno-unused-variable -Wunused-value -Wno-empty-body -Wno-uninitialized -Wno-unknown-pragmas -w -Wno-shadow -Wno-four-char-constants -Wno-conversion -Wno-constant-conversion -Wno-int-conversion -Wno-bool-conversion -Wno-enum-conversion -Wno-float-conversion -Wno-non-literal-null-conversion -Wno-objc-literal-conversion -Wshorten-64-to-32 -Wno-newline-eof -Wno-c++11-extensions -Wno-implicit-fallthrough -fstrict-aliasing -Wdeprecated-declarations -Winvalid-offsetof -Wno-sign-conversion -Wno-infinite-recursion -Wno-move -Wno-comma -Wno-block-capture-autoreleasing -Wno-strict-prototypes -Wno-range-loop-analysis -Wno-semicolon-before-method-body -index-store-path /Users/aleks/Library/Developer/Xcode/DerivedData/PlanItApp-gkehojshtcbfvhersqwajfujohau/Index.noindex/DataStore @/Users/aleks/Library/Developer/Xcode/DerivedData/PlanItApp-gkehojshtcbfvhersqwajfujohau/Build/Intermediates.noindex/leveldb.build/Debug-iphonesimulator/leveldb.build/Objects-normal/arm64/82b82416624d2658e5098eb0a28c15c5-common-args.resp -MMD -MT dependencies -MF /Users/aleks/Library/Developer/Xcode/DerivedData/PlanItApp-gkehojshtcbfvhersqwajfujohau/Build/Intermediates.noindex/leveldb.build/Debug-iphonesimulator/leveldb.build/Objects-normal/arm64/arena.d --serialize-diagnostics /Users/aleks/Library/Developer/Xcode/DerivedData/PlanItApp-gkehojshtcbfvhersqwajfujohau/Build/Intermediates.noindex/leveldb.build/Debug-iphonesimulator/leveldb.build/Objects-normal/arm64/arena.dia -c /Users/aleks/Library/Developer/Xcode/DerivedData/PlanItApp-gkehojshtcbfvhersqwajfujohau/SourcePackages/checkouts/leveldb/util/arena.cc -o /Users/aleks/Library/Developer/Xcode/DerivedData/PlanItApp-gkehojshtcbfvhersqwajfujohau/Build/Intermediates.noindex/leveldb.build/Debug-iphonesimulator/leveldb.build/Objects-normal/arm64/arena.o -index-unit-output-path /leveldb.build/Debug-iphonesimulator/leveldb.build/Objects-normal/arm64/arena.o

PrecompileModule /Users/aleks/Library/Developer/Xcode/DerivedData/PlanItApp-gkehojshtcbfvhersqwajfujohau/Build/Intermediates.noindex/ExplicitPrecompiledModules/ptrauth-8BHSOAPA9OD7G5B9U2Y9YPR9Z.scan
    cd /Users/aleks/Desktop/PlanItApp/PlanItApp.xcodeproj
    builtin-precompileModule /Users/aleks/Library/Developer/Xcode/DerivedData/PlanItApp-gkehojshtcbfvhersqwajfujohau/Build/Intermediates.noindex/ExplicitPrecompiledModules/ptrauth-8BHSOAPA9OD7G5B9U2Y9YPR9Z.scan

PrecompileModule /Users/aleks/Library/Developer/Xcode/DerivedData/PlanItApp-gkehojshtcbfvhersqwajfujohau/Build/Intermediates.noindex/ExplicitPrecompiledModules/_Builtin_iso646-8CFX8YLNRAUM1AJ31B6WWP5DG.scan
    cd /Users/aleks/Desktop/PlanItApp/PlanItApp.xcodeproj
    builtin-precompileModule /Users/aleks/Library/Developer/Xcode/DerivedData/PlanItApp-gkehojshtcbfvhersqwajfujohau/Build/Intermediates.noindex/ExplicitPrecompiledModules/_Builtin_iso646-8CFX8YLNRAUM1AJ31B6WWP5DG.scan

PrecompileModule /Users/aleks/Library/Developer/Xcode/DerivedData/PlanItApp-gkehojshtcbfvhersqwajfujohau/Build/Intermediates.noindex/ExplicitPrecompiledModules/_Builtin_stdarg-A2VOI4K48Y9D5N1OLR4J2T76K.scan
    cd /Users/aleks/Desktop/PlanItApp/PlanItApp.xcodeproj
    builtin-precompileModule /Users/aleks/Library/Developer/Xcode/DerivedData/PlanItApp-gkehojshtcbfvhersqwajfujohau/Build/Intermediates.noindex/ExplicitPrecompiledModules/_Builtin_stdarg-A2VOI4K48Y9D5N1OLR4J2T76K.scan

PrecompileModule /Users/aleks/Library/Developer/Xcode/DerivedData/PlanItApp-gkehojshtcbfvhersqwajfujohau/Build/Intermediates.noindex/ExplicitPrecompiledModules/ptrcheck-41YIS4SUOIJAY2JJ3DILA7DP1.scan
    cd /Users/aleks/Desktop/PlanItApp/PlanItApp.xcodeproj
    builtin-precompileModule /Users/aleks/Library/Developer/Xcode/DerivedData/PlanItApp-gkehojshtcbfvhersqwajfujohau/Build/Intermediates.noindex/ExplicitPrecompiledModules/ptrcheck-41YIS4SUOIJAY2JJ3DILA7DP1.scan

PrecompileModule /Users/aleks/Library/Developer/Xcode/DerivedData/PlanItApp-gkehojshtcbfvhersqwajfujohau/Build/Intermediates.noindex/ExplicitPrecompiledModules/_Builtin_stddef-1HNNZZCNB1MHRRULEWM1UH7FE.scan
    cd /Users/aleks/Desktop/PlanItApp/PlanItApp.xcodeproj
    builtin-precompileModule /Users/aleks/Library/Developer/Xcode/DerivedData/PlanItApp-gkehojshtcbfvhersqwajfujohau/Build/Intermediates.noindex/ExplicitPrecompiledModules/_Builtin_stddef-1HNNZZCNB1MHRRULEWM1UH7FE.scan

PrecompileModule /Users/aleks/Library/Developer/Xcode/DerivedData/PlanItApp-gkehojshtcbfvhersqwajfujohau/Build/Intermediates.noindex/ExplicitPrecompiledModules/_Builtin_stdarg-CI33GWACYC6SRWQ93BW6YKHVP.scan
    cd /Users/aleks/Desktop/PlanItApp/PlanItApp.xcodeproj
    builtin-precompileModule /Users/aleks/Library/Developer/Xcode/DerivedData/PlanItApp-gkehojshtcbfvhersqwajfujohau/Build/Intermediates.noindex/ExplicitPrecompiledModules/_Builtin_stdarg-CI33GWACYC6SRWQ93BW6YKHVP.scan

PrecompileModule /Users/aleks/Library/Developer/Xcode/DerivedData/PlanItApp-gkehojshtcbfvhersqwajfujohau/Build/Intermediates.noindex/ExplicitPrecompiledModules/ptrcheck-BUNW83XJ9GVM7133JNMZ1FDD6.scan
    cd /Users/aleks/Desktop/PlanItApp/PlanItApp.xcodeproj
    builtin-precompileModule /Users/aleks/Library/Developer/Xcode/DerivedData/PlanItApp-gkehojshtcbfvhersqwajfujohau/Build/Intermediates.noindex/ExplicitPrecompiledModules/ptrcheck-BUNW83XJ9GVM7133JNMZ1FDD6.scan

PrecompileModule /Users/aleks/Library/Developer/Xcode/DerivedData/PlanItApp-gkehojshtcbfvhersqwajfujohau/Build/Intermediates.noindex/ExplicitPrecompiledModules/os_availability_internal-7WTN1F5YETKZO2LYENF3Z9GSH.scan
    cd /Users/aleks/Desktop/PlanItApp/PlanItApp.xcodeproj
    builtin-precompileModule /Users/aleks/Library/Developer/Xcode/DerivedData/PlanItApp-gkehojshtcbfvhersqwajfujohau/Build/Intermediates.noindex/ExplicitPrecompiledModules/os_availability_internal-7WTN1F5YETKZO2LYENF3Z9GSH.scan

PrecompileModule /Users/aleks/Library/Developer/Xcode/DerivedData/PlanItApp-gkehojshtcbfvhersqwajfujohau/Build/Intermediates.noindex/ExplicitPrecompiledModules/_fenv-OBEKU7X5MXHH45J2D9EG66FO.scan
    cd /Users/aleks/Desktop/PlanItApp/PlanItApp.xcodeproj
    builtin-precompileModule /Users/aleks/Library/Developer/Xcode/DerivedData/PlanItApp-gkehojshtcbfvhersqwajfujohau/Build/Intermediates.noindex/ExplicitPrecompiledModules/_fenv-OBEKU7X5MXHH45J2D9EG66FO.scan

PrecompileModule /Users/aleks/Library/Developer/Xcode/DerivedData/PlanItApp-gkehojshtcbfvhersqwajfujohau/Build/Intermediates.noindex/ExplicitPrecompiledModules/_Builtin_stddef-3DCEBZRR7K182VBDVGXGXSHS2.scan
    cd /Users/aleks/Desktop/PlanItApp/PlanItApp.xcodeproj
    builtin-precompileModule /Users/aleks/Library/Developer/Xcode/DerivedData/PlanItApp-gkehojshtcbfvhersqwajfujohau/Build/Intermediates.noindex/ExplicitPrecompiledModules/_Builtin_stddef-3DCEBZRR7K182VBDVGXGXSHS2.scan

PrecompileModule /Users/aleks/Library/Developer/Xcode/DerivedData/PlanItApp-gkehojshtcbfvhersqwajfujohau/Build/Intermediates.noindex/ExplicitPrecompiledModules/_Builtin_stdbool-81ENWKXZ3QUJF0OY833IN936Q.scan
    cd /Users/aleks/Desktop/PlanItApp/PlanItApp.xcodeproj
    builtin-precompileModule /Users/aleks/Library/Developer/Xcode/DerivedData/PlanItApp-gkehojshtcbfvhersqwajfujohau/Build/Intermediates.noindex/ExplicitPrecompiledModules/_Builtin_stdbool-81ENWKXZ3QUJF0OY833IN936Q.scan

PrecompileModule /Users/aleks/Library/Developer/Xcode/DerivedData/PlanItApp-gkehojshtcbfvhersqwajfujohau/Build/Intermediates.noindex/ExplicitPrecompiledModules/os_availability-9C48JDNDSB6UF65T325TKIVW6.scan
    cd /Users/aleks/Desktop/PlanItApp/PlanItApp.xcodeproj
    builtin-precompileModule /Users/aleks/Library/Developer/Xcode/DerivedData/PlanItApp-gkehojshtcbfvhersqwajfujohau/Build/Intermediates.noindex/ExplicitPrecompiledModules/os_availability-9C48JDNDSB6UF65T325TKIVW6.scan

PrecompileModule /Users/aleks/Library/Developer/Xcode/DerivedData/PlanItApp-gkehojshtcbfvhersqwajfujohau/Build/Intermediates.noindex/ExplicitPrecompiledModules/_float-H19LO0PQA3XY7K5HUUCYED5B.scan
    cd /Users/aleks/Desktop/PlanItApp/PlanItApp.xcodeproj
    builtin-precompileModule /Users/aleks/Library/Developer/Xcode/DerivedData/PlanItApp-gkehojshtcbfvhersqwajfujohau/Build/Intermediates.noindex/ExplicitPrecompiledModules/_float-H19LO0PQA3XY7K5HUUCYED5B.scan

PrecompileModule /Users/aleks/Library/Developer/Xcode/DerivedData/PlanItApp-gkehojshtcbfvhersqwajfujohau/Build/Intermediates.noindex/ExplicitPrecompiledModules/TargetConditionals-2ZAEKJN76KNME208VS1F4W2D6.scan
    cd /Users/aleks/Desktop/PlanItApp/PlanItApp.xcodeproj
    builtin-precompileModule /Users/aleks/Library/Developer/Xcode/DerivedData/PlanItApp-gkehojshtcbfvhersqwajfujohau/Build/Intermediates.noindex/ExplicitPrecompiledModules/TargetConditionals-2ZAEKJN76KNME208VS1F4W2D6.scan

PrecompileModule /Users/aleks/Library/Developer/Xcode/DerivedData/PlanItApp-gkehojshtcbfvhersqwajfujohau/Build/Intermediates.noindex/ExplicitPrecompiledModules/TargetConditionals-9QPDMYUSWFZ11M1GCFD2WEH34.scan
    cd /Users/aleks/Desktop/PlanItApp/PlanItApp.xcodeproj
    builtin-precompileModule /Users/aleks/Library/Developer/Xcode/DerivedData/PlanItApp-gkehojshtcbfvhersqwajfujohau/Build/Intermediates.noindex/ExplicitPrecompiledModules/TargetConditionals-9QPDMYUSWFZ11M1GCFD2WEH34.scan

PrecompileModule /Users/aleks/Library/Developer/Xcode/DerivedData/PlanItApp-gkehojshtcbfvhersqwajfujohau/Build/Intermediates.noindex/ExplicitPrecompiledModules/DarwinFoundation-CH87BUDDHZBTMJXHW98ZL45I5.scan
    cd /Users/aleks/Desktop/PlanItApp/PlanItApp.xcodeproj
    builtin-precompileModule /Users/aleks/Library/Developer/Xcode/DerivedData/PlanItApp-gkehojshtcbfvhersqwajfujohau/Build/Intermediates.noindex/ExplicitPrecompiledModules/DarwinFoundation-CH87BUDDHZBTMJXHW98ZL45I5.scan

PrecompileModule /Users/aleks/Library/Developer/Xcode/DerivedData/PlanItApp-gkehojshtcbfvhersqwajfujohau/Build/Intermediates.noindex/ExplicitPrecompiledModules/_float-3GQ8WXW9EHB3GCCQ8TA9SBPX6.scan
    cd /Users/aleks/Desktop/PlanItApp/PlanItApp.xcodeproj
    builtin-precompileModule /Users/aleks/Library/Developer/Xcode/DerivedData/PlanItApp-gkehojshtcbfvhersqwajfujohau/Build/Intermediates.noindex/ExplicitPrecompiledModules/_float-3GQ8WXW9EHB3GCCQ8TA9SBPX6.scan

PrecompileModule /Users/aleks/Library/Developer/Xcode/DerivedData/PlanItApp-gkehojshtcbfvhersqwajfujohau/Build/Intermediates.noindex/ExplicitPrecompiledModules/AvailabilityMacros-CFWC3HG2QPJGMHE96R8O3AAXW.scan
    cd /Users/aleks/Desktop/PlanItApp/PlanItApp.xcodeproj
    builtin-precompileModule /Users/aleks/Library/Developer/Xcode/DerivedData/PlanItApp-gkehojshtcbfvhersqwajfujohau/Build/Intermediates.noindex/ExplicitPrecompiledModules/AvailabilityMacros-CFWC3HG2QPJGMHE96R8O3AAXW.scan

PrecompileModule /Users/aleks/Library/Developer/Xcode/DerivedData/PlanItApp-gkehojshtcbfvhersqwajfujohau/Build/Intermediates.noindex/ExplicitPrecompiledModules/_Builtin_float-7ZK78RK5A3CSNL05DJ1DWUKIF.scan
    cd /Users/aleks/Desktop/PlanItApp/PlanItApp.xcodeproj
    builtin-precompileModule /Users/aleks/Library/Developer/Xcode/DerivedData/PlanItApp-gkehojshtcbfvhersqwajfujohau/Build/Intermediates.noindex/ExplicitPrecompiledModules/_Builtin_float-7ZK78RK5A3CSNL05DJ1DWUKIF.scan

PrecompileModule /Users/aleks/Library/Developer/Xcode/DerivedData/PlanItApp-gkehojshtcbfvhersqwajfujohau/Build/Intermediates.noindex/ExplicitPrecompiledModules/_Builtin_float-A0ZOZ0QUJBWK97Z8QYMYZ1UUM.scan
    cd /Users/aleks/Desktop/PlanItApp/PlanItApp.xcodeproj
    builtin-precompileModule /Users/aleks/Library/Developer/Xcode/DerivedData/PlanItApp-gkehojshtcbfvhersqwajfujohau/Build/Intermediates.noindex/ExplicitPrecompiledModules/_Builtin_float-A0ZOZ0QUJBWK97Z8QYMYZ1UUM.scan

PrecompileModule /Users/aleks/Library/Developer/Xcode/DerivedData/PlanItApp-gkehojshtcbfvhersqwajfujohau/Build/Intermediates.noindex/ExplicitPrecompiledModules/_fenv-D0JBHQ2TVSUEV0P98SXJT5VNN.scan
    cd /Users/aleks/Desktop/PlanItApp/PlanItApp.xcodeproj
    builtin-precompileModule /Users/aleks/Library/Developer/Xcode/DerivedData/PlanItApp-gkehojshtcbfvhersqwajfujohau/Build/Intermediates.noindex/ExplicitPrecompiledModules/_fenv-D0JBHQ2TVSUEV0P98SXJT5VNN.scan

PrecompileModule /Users/aleks/Library/Developer/Xcode/DerivedData/PlanItApp-gkehojshtcbfvhersqwajfujohau/Build/Intermediates.noindex/ExplicitPrecompiledModules/alloca-2AUB49CXYBQISH00UYW127MCL.scan
    cd /Users/aleks/Desktop/PlanItApp/PlanItApp.xcodeproj
    builtin-precompileModule /Users/aleks/Library/Developer/Xcode/DerivedData/PlanItApp-gkehojshtcbfvhersqwajfujohau/Build/Intermediates.noindex/ExplicitPrecompiledModules/alloca-2AUB49CXYBQISH00UYW127MCL.scan

PrecompileModule /Users/aleks/Library/Developer/Xcode/DerivedData/PlanItApp-gkehojshtcbfvhersqwajfujohau/Build/Intermediates.noindex/ExplicitPrecompiledModules/_locale-3NWHGP12CSNJ50D3U7XDC62HW.scan
    cd /Users/aleks/Desktop/PlanItApp/PlanItApp.xcodeproj
    builtin-precompileModule /Users/aleks/Library/Developer/Xcode/DerivedData/PlanItApp-gkehojshtcbfvhersqwajfujohau/Build/Intermediates.noindex/ExplicitPrecompiledModules/_locale-3NWHGP12CSNJ50D3U7XDC62HW.scan

PrecompileModule /Users/aleks/Library/Developer/Xcode/DerivedData/PlanItApp-gkehojshtcbfvhersqwajfujohau/Build/Intermediates.noindex/ExplicitPrecompiledModules/_setjmp-3PP9LFK1DTJWILG0LDRBXT1C6.scan
    cd /Users/aleks/Desktop/PlanItApp/PlanItApp.xcodeproj
    builtin-precompileModule /Users/aleks/Library/Developer/Xcode/DerivedData/PlanItApp-gkehojshtcbfvhersqwajfujohau/Build/Intermediates.noindex/ExplicitPrecompiledModules/_setjmp-3PP9LFK1DTJWILG0LDRBXT1C6.scan

PrecompileModule /Users/aleks/Library/Developer/Xcode/DerivedData/PlanItApp-gkehojshtcbfvhersqwajfujohau/Build/Intermediates.noindex/ExplicitPrecompiledModules/_useconds_t-6SH05XHUN8DC1GCP6SB5LA398.scan
    cd /Users/aleks/Desktop/PlanItApp/PlanItApp.xcodeproj
    builtin-precompileModule /Users/aleks/Library/Developer/Xcode/DerivedData/PlanItApp-gkehojshtcbfvhersqwajfujohau/Build/Intermediates.noindex/ExplicitPrecompiledModules/_useconds_t-6SH05XHUN8DC1GCP6SB5LA398.scan

PrecompileModule /Users/aleks/Library/Developer/Xcode/DerivedData/PlanItApp-gkehojshtcbfvhersqwajfujohau/Build/Intermediates.noindex/ExplicitPrecompiledModules/_math-2V58PZ00TV18O4JL552SJUJ45.scan
    cd /Users/aleks/Desktop/PlanItApp/PlanItApp.xcodeproj
    builtin-precompileModule /Users/aleks/Library/Developer/Xcode/DerivedData/PlanItApp-gkehojshtcbfvhersqwajfujohau/Build/Intermediates.noindex/ExplicitPrecompiledModules/_math-2V58PZ00TV18O4JL552SJUJ45.scan

PrecompileModule /Users/aleks/Library/Developer/Xcode/DerivedData/PlanItApp-gkehojshtcbfvhersqwajfujohau/Build/Intermediates.noindex/ExplicitPrecompiledModules/_complex-9BC4PWDQSISKKBVIDLWGF9TBX.scan
    cd /Users/aleks/Desktop/PlanItApp/PlanItApp.xcodeproj
    builtin-precompileModule /Users/aleks/Library/Developer/Xcode/DerivedData/PlanItApp-gkehojshtcbfvhersqwajfujohau/Build/Intermediates.noindex/ExplicitPrecompiledModules/_complex-9BC4PWDQSISKKBVIDLWGF9TBX.scan

PrecompileModule /Users/aleks/Library/Developer/Xcode/DerivedData/PlanItApp-gkehojshtcbfvhersqwajfujohau/Build/Intermediates.noindex/ExplicitPrecompiledModules/xlocale-5L2CJ3FQIKUYOW3FFEPWS3OY5.scan
    cd /Users/aleks/Desktop/PlanItApp/PlanItApp.xcodeproj
    builtin-precompileModule /Users/aleks/Library/Developer/Xcode/DerivedData/PlanItApp-gkehojshtcbfvhersqwajfujohau/Build/Intermediates.noindex/ExplicitPrecompiledModules/xlocale-5L2CJ3FQIKUYOW3FFEPWS3OY5.scan

PrecompileModule /Users/aleks/Library/Developer/Xcode/DerivedData/PlanItApp-gkehojshtcbfvhersqwajfujohau/Build/Intermediates.noindex/ExplicitPrecompiledModules/_limits-9Q638GEOYDPYDI2X9FXO4LC24.scan
    cd /Users/aleks/Desktop/PlanItApp/PlanItApp.xcodeproj
    builtin-precompileModule /Users/aleks/Library/Developer/Xcode/DerivedData/PlanItApp-gkehojshtcbfvhersqwajfujohau/Build/Intermediates.noindex/ExplicitPrecompiledModules/_limits-9Q638GEOYDPYDI2X9FXO4LC24.scan

PrecompileModule /Users/aleks/Library/Developer/Xcode/DerivedData/PlanItApp-gkehojshtcbfvhersqwajfujohau/Build/Intermediates.noindex/ExplicitPrecompiledModules/_errno-1XF3Z2IEPH7XH6D8010K3IK80.scan
    cd /Users/aleks/Desktop/PlanItApp/PlanItApp.xcodeproj
    builtin-precompileModule /Users/aleks/Library/Developer/Xcode/DerivedData/PlanItApp-gkehojshtcbfvhersqwajfujohau/Build/Intermediates.noindex/ExplicitPrecompiledModules/_errno-1XF3Z2IEPH7XH6D8010K3IK80.scan

PrecompileModule /Users/aleks/Library/Developer/Xcode/DerivedData/PlanItApp-gkehojshtcbfvhersqwajfujohau/Build/Intermediates.noindex/ExplicitPrecompiledModules/uuid-A8AZPS3RDUMSUPRBL607AR8EQ.scan
    cd /Users/aleks/Desktop/PlanItApp/PlanItApp.xcodeproj
    builtin-precompileModule /Users/aleks/Library/Developer/Xcode/DerivedData/PlanItApp-gkehojshtcbfvhersqwajfujohau/Build/Intermediates.noindex/ExplicitPrecompiledModules/uuid-A8AZPS3RDUMSUPRBL607AR8EQ.scan

PrecompileModule /Users/aleks/Library/Developer/Xcode/DerivedData/PlanItApp-gkehojshtcbfvhersqwajfujohau/Build/Intermediates.noindex/ExplicitPrecompiledModules/_strings-9H7P4O7Q5U38FC7K60KEKDU3M.scan
    cd /Users/aleks/Desktop/PlanItApp/PlanItApp.xcodeproj
    builtin-precompileModule /Users/aleks/Library/Developer/Xcode/DerivedData/PlanItApp-gkehojshtcbfvhersqwajfujohau/Build/Intermediates.noindex/ExplicitPrecompiledModules/_strings-9H7P4O7Q5U38FC7K60KEKDU3M.scan

PrecompileModule /Users/aleks/Library/Developer/Xcode/DerivedData/PlanItApp-gkehojshtcbfvhersqwajfujohau/Build/Intermediates.noindex/ExplicitPrecompiledModules/_stdint-7DUH6HA6NXGHXQGX7OHXQYYKK.scan
    cd /Users/aleks/Desktop/PlanItApp/PlanItApp.xcodeproj
    builtin-precompileModule /Users/aleks/Library/Developer/Xcode/DerivedData/PlanItApp-gkehojshtcbfvhersqwajfujohau/Build/Intermediates.noindex/ExplicitPrecompiledModules/_stdint-7DUH6HA6NXGHXQGX7OHXQYYKK.scan

PrecompileModule /Users/aleks/Library/Developer/Xcode/DerivedData/PlanItApp-gkehojshtcbfvhersqwajfujohau/Build/Intermediates.noindex/ExplicitPrecompiledModules/_sys_select-9VPGZ2LQJFUMLILMSKE8QRA1G.scan
    cd /Users/aleks/Desktop/PlanItApp/PlanItApp.xcodeproj
    builtin-precompileModule /Users/aleks/Library/Developer/Xcode/DerivedData/PlanItApp-gkehojshtcbfvhersqwajfujohau/Build/Intermediates.noindex/ExplicitPrecompiledModules/_sys_select-9VPGZ2LQJFUMLILMSKE8QRA1G.scan

PrecompileModule /Users/aleks/Library/Developer/Xcode/DerivedData/PlanItApp-gkehojshtcbfvhersqwajfujohau/Build/Intermediates.noindex/ExplicitPrecompiledModules/_tgmath-1EA3RHGA2EJLPYAPY85DR2LMH.scan
    cd /Users/aleks/Desktop/PlanItApp/PlanItApp.xcodeproj
    builtin-precompileModule /Users/aleks/Library/Developer/Xcode/DerivedData/PlanItApp-gkehojshtcbfvhersqwajfujohau/Build/Intermediates.noindex/ExplicitPrecompiledModules/_tgmath-1EA3RHGA2EJLPYAPY85DR2LMH.scan

PrecompileModule /Users/aleks/Library/Developer/Xcode/DerivedData/PlanItApp-gkehojshtcbfvhersqwajfujohau/Build/Intermediates.noindex/ExplicitPrecompiledModules/_Builtin_limits-1RV14IEQYO83IA73MHLHVP92N.scan
    cd /Users/aleks/Desktop/PlanItApp/PlanItApp.xcodeproj
    builtin-precompileModule /Users/aleks/Library/Developer/Xcode/DerivedData/PlanItApp-gkehojshtcbfvhersqwajfujohau/Build/Intermediates.noindex/ExplicitPrecompiledModules/_Builtin_limits-1RV14IEQYO83IA73MHLHVP92N.scan

PrecompileModule /Users/aleks/Library/Developer/Xcode/DerivedData/PlanItApp-gkehojshtcbfvhersqwajfujohau/Build/Intermediates.noindex/ExplicitPrecompiledModules/sys_time-5CXVK49TZ072UOIOPWDFHK7DA.scan
    cd /Users/aleks/Desktop/PlanItApp/PlanItApp.xcodeproj
    builtin-precompileModule /Users/aleks/Library/Developer/Xcode/DerivedData/PlanItApp-gkehojshtcbfvhersqwajfujohau/Build/Intermediates.noindex/ExplicitPrecompiledModules/sys_time-5CXVK49TZ072UOIOPWDFHK7DA.scan

PrecompileModule /Users/aleks/Library/Developer/Xcode/DerivedData/PlanItApp-gkehojshtcbfvhersqwajfujohau/Build/Intermediates.noindex/ExplicitPrecompiledModules/_Builtin_stdint-C88660UTGKFAJ0J6GZVIH8BQ7.scan
    cd /Users/aleks/Desktop/PlanItApp/PlanItApp.xcodeproj
    builtin-precompileModule /Users/aleks/Library/Developer/Xcode/DerivedData/PlanItApp-gkehojshtcbfvhersqwajfujohau/Build/Intermediates.noindex/ExplicitPrecompiledModules/_Builtin_stdint-C88660UTGKFAJ0J6GZVIH8BQ7.scan

PrecompileModule /Users/aleks/Library/Developer/Xcode/DerivedData/PlanItApp-gkehojshtcbfvhersqwajfujohau/Build/Intermediates.noindex/ExplicitPrecompiledModules/mach-9XVX67KQSF468CIPQYMHWOURV.scan
    cd /Users/aleks/Desktop/PlanItApp/PlanItApp.xcodeproj
    builtin-precompileModule /Users/aleks/Library/Developer/Xcode/DerivedData/PlanItApp-gkehojshtcbfvhersqwajfujohau/Build/Intermediates.noindex/ExplicitPrecompiledModules/mach-9XVX67KQSF468CIPQYMHWOURV.scan

PrecompileModule /Users/aleks/Library/Developer/Xcode/DerivedData/PlanItApp-gkehojshtcbfvhersqwajfujohau/Build/Intermediates.noindex/ExplicitPrecompiledModules/netinet_in-7JNLDUMIVXCJ1SYZOWJOTXT2E.scan
    cd /Users/aleks/Desktop/PlanItApp/PlanItApp.xcodeproj
    builtin-precompileModule /Users/aleks/Library/Developer/Xcode/DerivedData/PlanItApp-gkehojshtcbfvhersqwajfujohau/Build/Intermediates.noindex/ExplicitPrecompiledModules/netinet_in-7JNLDUMIVXCJ1SYZOWJOTXT2E.scan

PrecompileModule /Users/aleks/Library/Developer/Xcode/DerivedData/PlanItApp-gkehojshtcbfvhersqwajfujohau/Build/Intermediates.noindex/ExplicitPrecompiledModules/_Builtin_stdbool-8AKVFA0T9CLB7HEMIH3QAA37P.scan
    cd /Users/aleks/Desktop/PlanItApp/PlanItApp.xcodeproj
    builtin-precompileModule /Users/aleks/Library/Developer/Xcode/DerivedData/PlanItApp-gkehojshtcbfvhersqwajfujohau/Build/Intermediates.noindex/ExplicitPrecompiledModules/_Builtin_stdbool-8AKVFA0T9CLB7HEMIH3QAA37P.scan

PrecompileModule /Users/aleks/Library/Developer/Xcode/DerivedData/PlanItApp-gkehojshtcbfvhersqwajfujohau/Build/Intermediates.noindex/ExplicitPrecompiledModules/runetype-DGKVWACKB5EZCL2KPP3T8LO1U.scan
    cd /Users/aleks/Desktop/PlanItApp/PlanItApp.xcodeproj
    builtin-precompileModule /Users/aleks/Library/Developer/Xcode/DerivedData/PlanItApp-gkehojshtcbfvhersqwajfujohau/Build/Intermediates.noindex/ExplicitPrecompiledModules/runetype-DGKVWACKB5EZCL2KPP3T8LO1U.scan

PrecompileModule /Users/aleks/Library/Developer/Xcode/DerivedData/PlanItApp-gkehojshtcbfvhersqwajfujohau/Build/Intermediates.noindex/ExplicitPrecompiledModules/_inttypes-X3M3YK1AYL798SUJLEYQ43S6.scan
    cd /Users/aleks/Desktop/PlanItApp/PlanItApp.xcodeproj
    builtin-precompileModule /Users/aleks/Library/Developer/Xcode/DerivedData/PlanItApp-gkehojshtcbfvhersqwajfujohau/Build/Intermediates.noindex/ExplicitPrecompiledModules/_inttypes-X3M3YK1AYL798SUJLEYQ43S6.scan

PrecompileModule /Users/aleks/Library/Developer/Xcode/DerivedData/PlanItApp-gkehojshtcbfvhersqwajfujohau/Build/Intermediates.noindex/ExplicitPrecompiledModules/_Builtin_tgmath-6U321Q9XGJH682FVG0L2AX800.scan
    cd /Users/aleks/Desktop/PlanItApp/PlanItApp.xcodeproj
    builtin-precompileModule /Users/aleks/Library/Developer/Xcode/DerivedData/PlanItApp-gkehojshtcbfvhersqwajfujohau/Build/Intermediates.noindex/ExplicitPrecompiledModules/_Builtin_tgmath-6U321Q9XGJH682FVG0L2AX800.scan

PrecompileModule /Users/aleks/Library/Developer/Xcode/DerivedData/PlanItApp-gkehojshtcbfvhersqwajfujohau/Build/Intermediates.noindex/ExplicitPrecompiledModules/_Builtin_stdatomic-BBDKBJRP7SWSEWK78D8LYBK52.scan
    cd /Users/aleks/Desktop/PlanItApp/PlanItApp.xcodeproj
    builtin-precompileModule /Users/aleks/Library/Developer/Xcode/DerivedData/PlanItApp-gkehojshtcbfvhersqwajfujohau/Build/Intermediates.noindex/ExplicitPrecompiledModules/_Builtin_stdatomic-BBDKBJRP7SWSEWK78D8LYBK52.scan

PrecompileModule /Users/aleks/Library/Developer/Xcode/DerivedData/PlanItApp-gkehojshtcbfvhersqwajfujohau/Build/Intermediates.noindex/ExplicitPrecompiledModules/sys_types-279B9RJ8Y9GGJVRWZEURTJ20F.scan
    cd /Users/aleks/Desktop/PlanItApp/PlanItApp.xcodeproj
    builtin-precompileModule /Users/aleks/Library/Developer/Xcode/DerivedData/PlanItApp-gkehojshtcbfvhersqwajfujohau/Build/Intermediates.noindex/ExplicitPrecompiledModules/sys_types-279B9RJ8Y9GGJVRWZEURTJ20F.scan

PrecompileModule /Users/aleks/Library/Developer/Xcode/DerivedData/PlanItApp-gkehojshtcbfvhersqwajfujohau/Build/Intermediates.noindex/ExplicitPrecompiledModules/_Builtin_iso646-639HD16YYTXOCNR1YG7UYJLOE.scan
    cd /Users/aleks/Desktop/PlanItApp/PlanItApp.xcodeproj
    builtin-precompileModule /Users/aleks/Library/Developer/Xcode/DerivedData/PlanItApp-gkehojshtcbfvhersqwajfujohau/Build/Intermediates.noindex/ExplicitPrecompiledModules/_Builtin_iso646-639HD16YYTXOCNR1YG7UYJLOE.scan

PrecompileModule /Users/aleks/Library/Developer/Xcode/DerivedData/PlanItApp-gkehojshtcbfvhersqwajfujohau/Build/Intermediates.noindex/ExplicitPrecompiledModules/_ctype-7WSUPUP7M7ZZ9CM1UKEOWJ1MI.scan
    cd /Users/aleks/Desktop/PlanItApp/PlanItApp.xcodeproj
    builtin-precompileModule /Users/aleks/Library/Developer/Xcode/DerivedData/PlanItApp-gkehojshtcbfvhersqwajfujohau/Build/Intermediates.noindex/ExplicitPrecompiledModules/_ctype-7WSUPUP7M7ZZ9CM1UKEOWJ1MI.scan

PrecompileModule /Users/aleks/Library/Developer/Xcode/DerivedData/PlanItApp-gkehojshtcbfvhersqwajfujohau/Build/Intermediates.noindex/ExplicitPrecompiledModules/_Builtin_inttypes-BOY7M5OBTKD6TU4IF6I99WOKF.scan
    cd /Users/aleks/Desktop/PlanItApp/PlanItApp.xcodeproj
    builtin-precompileModule /Users/aleks/Library/Developer/Xcode/DerivedData/PlanItApp-gkehojshtcbfvhersqwajfujohau/Build/Intermediates.noindex/ExplicitPrecompiledModules/_Builtin_inttypes-BOY7M5OBTKD6TU4IF6I99WOKF.scan

PrecompileModule /Users/aleks/Library/Developer/Xcode/DerivedData/PlanItApp-gkehojshtcbfvhersqwajfujohau/Build/Intermediates.noindex/ExplicitPrecompiledModules/_assert-6QFWU0CUH3DZOXLKK386XRT6T.scan
    cd /Users/aleks/Desktop/PlanItApp/PlanItApp.xcodeproj
    builtin-precompileModule /Users/aleks/Library/Developer/Xcode/DerivedData/PlanItApp-gkehojshtcbfvhersqwajfujohau/Build/Intermediates.noindex/ExplicitPrecompiledModules/_assert-6QFWU0CUH3DZOXLKK386XRT6T.scan

PrecompileModule /Users/aleks/Library/Developer/Xcode/DerivedData/PlanItApp-gkehojshtcbfvhersqwajfujohau/Build/Intermediates.noindex/ExplicitPrecompiledModules/os_availability_internal-B759Y6GFDM6LEGXKANBIWTEIO.scan
    cd /Users/aleks/Desktop/PlanItApp/PlanItApp.xcodeproj
    builtin-precompileModule /Users/aleks/Library/Developer/Xcode/DerivedData/PlanItApp-gkehojshtcbfvhersqwajfujohau/Build/Intermediates.noindex/ExplicitPrecompiledModules/os_availability_internal-B759Y6GFDM6LEGXKANBIWTEIO.scan

ScanDependencies /Users/aleks/Library/Developer/Xcode/DerivedData/PlanItApp-gkehojshtcbfvhersqwajfujohau/Build/Intermediates.noindex/nanopb.build/Debug-iphonesimulator/nanopb.build/Objects-normal/arm64/resource_bundle_accessor.o /Users/aleks/Library/Developer/Xcode/DerivedData/PlanItApp-gkehojshtcbfvhersqwajfujohau/Build/Intermediates.noindex/nanopb.build/Debug-iphonesimulator/nanopb.build/DerivedSources/resource_bundle_accessor.m normal arm64 objective-c com.apple.compilers.llvm.clang.1_0.compiler (in target 'nanopb' from project 'nanopb')
    cd /Users/aleks/Desktop/PlanItApp/PlanItApp.xcodeproj
    
    Using response file: /Users/aleks/Library/Developer/Xcode/DerivedData/PlanItApp-gkehojshtcbfvhersqwajfujohau/Build/Intermediates.noindex/nanopb.build/Debug-iphonesimulator/nanopb.build/Objects-normal/arm64/e6072d4f65d7061329687fe24e3d63a7-common-args.resp
    
    builtin-ScanDependencies -o /Users/aleks/Library/Developer/Xcode/DerivedData/PlanItApp-gkehojshtcbfvhersqwajfujohau/Build/Intermediates.noindex/nanopb.build/Debug-iphonesimulator/nanopb.build/Objects-normal/arm64/resource_bundle_accessor.o.scan -- /Applications/Xcode.app/Contents/Developer/Toolchains/XcodeDefault.xctoolchain/usr/bin/clang -x objective-c -ivfsstatcache /Users/aleks/Library/Developer/Xcode/DerivedData/SDKStatCaches.noindex/iphonesimulator18.5-22F76-d5fc8ad4295d2ef488fb7d0f804ce0c4.sdkstatcache -fmessage-length\=0 -fdiagnostics-show-note-include-stack -fmacro-backtrace-limit\=0 -fno-color-diagnostics -fmodules-prune-interval\=86400 -fmodules-prune-after\=345600 -fbuild-session-file\=/Users/aleks/Library/Developer/Xcode/DerivedData/ModuleCache.noindex/Session.modulevalidation -fmodules-validate-once-per-build-session -Wnon-modular-include-in-framework-module -Werror\=non-modular-include-in-framework-module -Wno-trigraphs -Wno-missing-field-initializers -Wno-missing-prototypes -Wno-return-type -Wno-implicit-atomic-properties -Wno-objc-interface-ivars -Wno-arc-repeated-use-of-weak -Wno-missing-braces -Wparentheses -Wswitch -Wno-unused-function -Wno-unused-label -Wno-unused-parameter -Wno-unused-variable -Wunused-value -Wno-empty-body -Wno-uninitialized -Wno-unknown-pragmas -w -Wno-shadow -Wno-four-char-constants -Wno-conversion -Wno-constant-conversion -Wno-int-conversion -Wno-bool-conversion -Wno-enum-conversion -Wno-float-conversion -Wno-non-literal-null-conversion -Wno-objc-literal-conversion -Wshorten-64-to-32 -Wpointer-sign -Wno-newline-eof -Wno-selector -Wno-strict-selector-match -Wno-undeclared-selector -Wno-deprecated-implementations -Wno-implicit-fallthrough -fstrict-aliasing -Wprotocol -Wdeprecated-declarations -Wno-sign-conversion -Wno-infinite-recursion -Wno-comma -Wno-block-capture-autoreleasing -Wno-strict-prototypes -Wno-semicolon-before-method-body -index-store-path /Users/aleks/Library/Developer/Xcode/DerivedData/PlanItApp-gkehojshtcbfvhersqwajfujohau/Index.noindex/DataStore @/Users/aleks/Library/Developer/Xcode/DerivedData/PlanItApp-gkehojshtcbfvhersqwajfujohau/Build/Intermediates.noindex/nanopb.build/Debug-iphonesimulator/nanopb.build/Objects-normal/arm64/e6072d4f65d7061329687fe24e3d63a7-common-args.resp -include /Users/aleks/Library/Developer/Xcode/DerivedData/PlanItApp-gkehojshtcbfvhersqwajfujohau/Build/Intermediates.noindex/nanopb.build/Debug-iphonesimulator/nanopb.build/DerivedSources/resource_bundle_accessor.h -MMD -MT dependencies -MF /Users/aleks/Library/Developer/Xcode/DerivedData/PlanItApp-gkehojshtcbfvhersqwajfujohau/Build/Intermediates.noindex/nanopb.build/Debug-iphonesimulator/nanopb.build/Objects-normal/arm64/resource_bundle_accessor.d --serialize-diagnostics /Users/aleks/Library/Developer/Xcode/DerivedData/PlanItApp-gkehojshtcbfvhersqwajfujohau/Build/Intermediates.noindex/nanopb.build/Debug-iphonesimulator/nanopb.build/Objects-normal/arm64/resource_bundle_accessor.dia -c /Users/aleks/Library/Developer/Xcode/DerivedData/PlanItApp-gkehojshtcbfvhersqwajfujohau/Build/Intermediates.noindex/nanopb.build/Debug-iphonesimulator/nanopb.build/DerivedSources/resource_bundle_accessor.m -o /Users/aleks/Library/Developer/Xcode/DerivedData/PlanItApp-gkehojshtcbfvhersqwajfujohau/Build/Intermediates.noindex/nanopb.build/Debug-iphonesimulator/nanopb.build/Objects-normal/arm64/resource_bundle_accessor.o -index-unit-output-path /nanopb.build/Debug-iphonesimulator/nanopb.build/Objects-normal/arm64/resource_bundle_accessor.o

PrecompileModule /Users/aleks/Library/Developer/Xcode/DerivedData/PlanItApp-gkehojshtcbfvhersqwajfujohau/Build/Intermediates.noindex/ExplicitPrecompiledModules/sys_resource-XX96GXKLD4L499GHYN92AATH.scan
    cd /Users/aleks/Desktop/PlanItApp/PlanItApp.xcodeproj
    builtin-precompileModule /Users/aleks/Library/Developer/Xcode/DerivedData/PlanItApp-gkehojshtcbfvhersqwajfujohau/Build/Intermediates.noindex/ExplicitPrecompiledModules/sys_resource-XX96GXKLD4L499GHYN92AATH.scan

PrecompileModule /Users/aleks/Library/Developer/Xcode/DerivedData/PlanItApp-gkehojshtcbfvhersqwajfujohau/Build/Intermediates.noindex/ExplicitPrecompiledModules/_time-3UM8ZVZ1OGLORJ7WW48THWO3.scan
    cd /Users/aleks/Desktop/PlanItApp/PlanItApp.xcodeproj
    builtin-precompileModule /Users/aleks/Library/Developer/Xcode/DerivedData/PlanItApp-gkehojshtcbfvhersqwajfujohau/Build/Intermediates.noindex/ExplicitPrecompiledModules/_time-3UM8ZVZ1OGLORJ7WW48THWO3.scan

PrecompileModule /Users/aleks/Library/Developer/Xcode/DerivedData/PlanItApp-gkehojshtcbfvhersqwajfujohau/Build/Intermediates.noindex/ExplicitPrecompiledModules/_stdio-40M5HI0SQ6WDDWZHAX1LARJ9F.scan
    cd /Users/aleks/Desktop/PlanItApp/PlanItApp.xcodeproj
    builtin-precompileModule /Users/aleks/Library/Developer/Xcode/DerivedData/PlanItApp-gkehojshtcbfvhersqwajfujohau/Build/Intermediates.noindex/ExplicitPrecompiledModules/_stdio-40M5HI0SQ6WDDWZHAX1LARJ9F.scan

PrecompileModule /Users/aleks/Library/Developer/Xcode/DerivedData/PlanItApp-gkehojshtcbfvhersqwajfujohau/Build/Intermediates.noindex/ExplicitPrecompiledModules/__wctype-9W2ZVE2AZ0R8BXB0O0NCEMTDY.scan
    cd /Users/aleks/Desktop/PlanItApp/PlanItApp.xcodeproj
    builtin-precompileModule /Users/aleks/Library/Developer/Xcode/DerivedData/PlanItApp-gkehojshtcbfvhersqwajfujohau/Build/Intermediates.noindex/ExplicitPrecompiledModules/__wctype-9W2ZVE2AZ0R8BXB0O0NCEMTDY.scan

PrecompileModule /Users/aleks/Library/Developer/Xcode/DerivedData/PlanItApp-gkehojshtcbfvhersqwajfujohau/Build/Intermediates.noindex/ExplicitPrecompiledModules/os_availability-BX72J0GVO5H3ESCH11R4R4Z7.scan
    cd /Users/aleks/Desktop/PlanItApp/PlanItApp.xcodeproj
    builtin-precompileModule /Users/aleks/Library/Developer/Xcode/DerivedData/PlanItApp-gkehojshtcbfvhersqwajfujohau/Build/Intermediates.noindex/ExplicitPrecompiledModules/os_availability-BX72J0GVO5H3ESCH11R4R4Z7.scan

PrecompileModule /Users/aleks/Library/Developer/Xcode/DerivedData/PlanItApp-gkehojshtcbfvhersqwajfujohau/Build/Intermediates.noindex/ExplicitPrecompiledModules/nl_types-6MHQETT2YR5M6BMQCJYYM9DGI.scan
    cd /Users/aleks/Desktop/PlanItApp/PlanItApp.xcodeproj
    builtin-precompileModule /Users/aleks/Library/Developer/Xcode/DerivedData/PlanItApp-gkehojshtcbfvhersqwajfujohau/Build/Intermediates.noindex/ExplicitPrecompiledModules/nl_types-6MHQETT2YR5M6BMQCJYYM9DGI.scan

PrecompileModule /Users/aleks/Library/Developer/Xcode/DerivedData/PlanItApp-gkehojshtcbfvhersqwajfujohau/Build/Intermediates.noindex/ExplicitPrecompiledModules/gethostuuid-E0LZD8E28FREBLA0VL3XESL1L.scan
    cd /Users/aleks/Desktop/PlanItApp/PlanItApp.xcodeproj
    builtin-precompileModule /Users/aleks/Library/Developer/Xcode/DerivedData/PlanItApp-gkehojshtcbfvhersqwajfujohau/Build/Intermediates.noindex/ExplicitPrecompiledModules/gethostuuid-E0LZD8E28FREBLA0VL3XESL1L.scan

PrecompileModule /Users/aleks/Library/Developer/Xcode/DerivedData/PlanItApp-gkehojshtcbfvhersqwajfujohau/Build/Intermediates.noindex/ExplicitPrecompiledModules/_signal-CSVU6TMKCGSM7NN9GIICGJKAD.scan
    cd /Users/aleks/Desktop/PlanItApp/PlanItApp.xcodeproj
    builtin-precompileModule /Users/aleks/Library/Developer/Xcode/DerivedData/PlanItApp-gkehojshtcbfvhersqwajfujohau/Build/Intermediates.noindex/ExplicitPrecompiledModules/_signal-CSVU6TMKCGSM7NN9GIICGJKAD.scan

PrecompileModule /Users/aleks/Library/Developer/Xcode/DerivedData/PlanItApp-gkehojshtcbfvhersqwajfujohau/Build/Intermediates.noindex/ExplicitPrecompiledModules/_wctype-53FQAJM1E4ZYPVVJU4AIANBGY.scan
    cd /Users/aleks/Desktop/PlanItApp/PlanItApp.xcodeproj
    builtin-precompileModule /Users/aleks/Library/Developer/Xcode/DerivedData/PlanItApp-gkehojshtcbfvhersqwajfujohau/Build/Intermediates.noindex/ExplicitPrecompiledModules/_wctype-53FQAJM1E4ZYPVVJU4AIANBGY.scan

PrecompileModule /Users/aleks/Library/Developer/Xcode/DerivedData/PlanItApp-gkehojshtcbfvhersqwajfujohau/Build/Intermediates.noindex/ExplicitPrecompiledModules/AvailabilityMacros-EN8TD38SOLIF523SNKZSRBGLA.scan
    cd /Users/aleks/Desktop/PlanItApp/PlanItApp.xcodeproj
    builtin-precompileModule /Users/aleks/Library/Developer/Xcode/DerivedData/PlanItApp-gkehojshtcbfvhersqwajfujohau/Build/Intermediates.noindex/ExplicitPrecompiledModules/AvailabilityMacros-EN8TD38SOLIF523SNKZSRBGLA.scan

PrecompileModule /Users/aleks/Library/Developer/Xcode/DerivedData/PlanItApp-gkehojshtcbfvhersqwajfujohau/Build/Intermediates.noindex/ExplicitPrecompiledModules/DarwinFoundation-BZZ9M6ZV5GMESMG3XE8I0OZ1A.scan
    cd /Users/aleks/Desktop/PlanItApp/PlanItApp.xcodeproj
    builtin-precompileModule /Users/aleks/Library/Developer/Xcode/DerivedData/PlanItApp-gkehojshtcbfvhersqwajfujohau/Build/Intermediates.noindex/ExplicitPrecompiledModules/DarwinFoundation-BZZ9M6ZV5GMESMG3XE8I0OZ1A.scan

PrecompileModule /Users/aleks/Library/Developer/Xcode/DerivedData/PlanItApp-gkehojshtcbfvhersqwajfujohau/Build/Intermediates.noindex/ExplicitPrecompiledModules/_string-9L9BB2NMD3A4K29YWKYNG8WBP.scan
    cd /Users/aleks/Desktop/PlanItApp/PlanItApp.xcodeproj
    builtin-precompileModule /Users/aleks/Library/Developer/Xcode/DerivedData/PlanItApp-gkehojshtcbfvhersqwajfujohau/Build/Intermediates.noindex/ExplicitPrecompiledModules/_string-9L9BB2NMD3A4K29YWKYNG8WBP.scan

PrecompileModule /Users/aleks/Library/Developer/Xcode/DerivedData/PlanItApp-gkehojshtcbfvhersqwajfujohau/Build/Intermediates.noindex/ExplicitPrecompiledModules/_wchar-3KW2S05VLDVU6CKSH6EDQ6JZZ.scan
    cd /Users/aleks/Desktop/PlanItApp/PlanItApp.xcodeproj
    builtin-precompileModule /Users/aleks/Library/Developer/Xcode/DerivedData/PlanItApp-gkehojshtcbfvhersqwajfujohau/Build/Intermediates.noindex/ExplicitPrecompiledModules/_wchar-3KW2S05VLDVU6CKSH6EDQ6JZZ.scan

ScanDependencies /Users/aleks/Library/Developer/Xcode/DerivedData/PlanItApp-gkehojshtcbfvhersqwajfujohau/Build/Intermediates.noindex/nanopb.build/Debug-iphonesimulator/nanopb.build/Objects-normal/arm64/pb_encode.o /Users/aleks/Library/Developer/Xcode/DerivedData/PlanItApp-gkehojshtcbfvhersqwajfujohau/SourcePackages/checkouts/nanopb/pb_encode.c normal arm64 c com.apple.compilers.llvm.clang.1_0.compiler (in target 'nanopb' from project 'nanopb')
    cd /Users/aleks/Desktop/PlanItApp/PlanItApp.xcodeproj
    
    Using response file: /Users/aleks/Library/Developer/Xcode/DerivedData/PlanItApp-gkehojshtcbfvhersqwajfujohau/Build/Intermediates.noindex/nanopb.build/Debug-iphonesimulator/nanopb.build/Objects-normal/arm64/7187679823f38a2a940e0043cdf9d637-common-args.resp
    
    builtin-ScanDependencies -o /Users/aleks/Library/Developer/Xcode/DerivedData/PlanItApp-gkehojshtcbfvhersqwajfujohau/Build/Intermediates.noindex/nanopb.build/Debug-iphonesimulator/nanopb.build/Objects-normal/arm64/pb_encode.o.scan -- /Applications/Xcode.app/Contents/Developer/Toolchains/XcodeDefault.xctoolchain/usr/bin/clang -x c -ivfsstatcache /Users/aleks/Library/Developer/Xcode/DerivedData/SDKStatCaches.noindex/iphonesimulator18.5-22F76-d5fc8ad4295d2ef488fb7d0f804ce0c4.sdkstatcache -fmessage-length\=0 -fdiagnostics-show-note-include-stack -fmacro-backtrace-limit\=0 -fno-color-diagnostics -fmodules-prune-interval\=86400 -fmodules-prune-after\=345600 -fbuild-session-file\=/Users/aleks/Library/Developer/Xcode/DerivedData/ModuleCache.noindex/Session.modulevalidation -fmodules-validate-once-per-build-session -Wnon-modular-include-in-framework-module -Werror\=non-modular-include-in-framework-module -Wno-trigraphs -Wno-missing-field-initializers -Wno-missing-prototypes -Wno-return-type -Wno-missing-braces -Wparentheses -Wswitch -Wno-unused-function -Wno-unused-label -Wno-unused-parameter -Wno-unused-variable -Wunused-value -Wno-empty-body -Wno-uninitialized -Wno-unknown-pragmas -w -Wno-shadow -Wno-four-char-constants -Wno-conversion -Wno-constant-conversion -Wno-int-conversion -Wno-bool-conversion -Wno-enum-conversion -Wno-float-conversion -Wno-non-literal-null-conversion -Wno-objc-literal-conversion -Wshorten-64-to-32 -Wpointer-sign -Wno-newline-eof -Wno-implicit-fallthrough -fstrict-aliasing -Wdeprecated-declarations -Wno-sign-conversion -Wno-infinite-recursion -Wno-comma -Wno-block-capture-autoreleasing -Wno-strict-prototypes -Wno-semicolon-before-method-body -index-store-path /Users/aleks/Library/Developer/Xcode/DerivedData/PlanItApp-gkehojshtcbfvhersqwajfujohau/Index.noindex/DataStore @/Users/aleks/Library/Developer/Xcode/DerivedData/PlanItApp-gkehojshtcbfvhersqwajfujohau/Build/Intermediates.noindex/nanopb.build/Debug-iphonesimulator/nanopb.build/Objects-normal/arm64/7187679823f38a2a940e0043cdf9d637-common-args.resp -MMD -MT dependencies -MF /Users/aleks/Library/Developer/Xcode/DerivedData/PlanItApp-gkehojshtcbfvhersqwajfujohau/Build/Intermediates.noindex/nanopb.build/Debug-iphonesimulator/nanopb.build/Objects-normal/arm64/pb_encode.d --serialize-diagnostics /Users/aleks/Library/Developer/Xcode/DerivedData/PlanItApp-gkehojshtcbfvhersqwajfujohau/Build/Intermediates.noindex/nanopb.build/Debug-iphonesimulator/nanopb.build/Objects-normal/arm64/pb_encode.dia -c /Users/aleks/Library/Developer/Xcode/DerivedData/PlanItApp-gkehojshtcbfvhersqwajfujohau/SourcePackages/checkouts/nanopb/pb_encode.c -o /Users/aleks/Library/Developer/Xcode/DerivedData/PlanItApp-gkehojshtcbfvhersqwajfujohau/Build/Intermediates.noindex/nanopb.build/Debug-iphonesimulator/nanopb.build/Objects-normal/arm64/pb_encode.o -index-unit-output-path /nanopb.build/Debug-iphonesimulator/nanopb.build/Objects-normal/arm64/pb_encode.o

ScanDependencies /Users/aleks/Library/Developer/Xcode/DerivedData/PlanItApp-gkehojshtcbfvhersqwajfujohau/Build/Intermediates.noindex/nanopb.build/Debug-iphonesimulator/nanopb.build/Objects-normal/arm64/pb_decode.o /Users/aleks/Library/Developer/Xcode/DerivedData/PlanItApp-gkehojshtcbfvhersqwajfujohau/SourcePackages/checkouts/nanopb/pb_decode.c normal arm64 c com.apple.compilers.llvm.clang.1_0.compiler (in target 'nanopb' from project 'nanopb')
    cd /Users/aleks/Desktop/PlanItApp/PlanItApp.xcodeproj
    
    Using response file: /Users/aleks/Library/Developer/Xcode/DerivedData/PlanItApp-gkehojshtcbfvhersqwajfujohau/Build/Intermediates.noindex/nanopb.build/Debug-iphonesimulator/nanopb.build/Objects-normal/arm64/7187679823f38a2a940e0043cdf9d637-common-args.resp
    
    builtin-ScanDependencies -o /Users/aleks/Library/Developer/Xcode/DerivedData/PlanItApp-gkehojshtcbfvhersqwajfujohau/Build/Intermediates.noindex/nanopb.build/Debug-iphonesimulator/nanopb.build/Objects-normal/arm64/pb_decode.o.scan -- /Applications/Xcode.app/Contents/Developer/Toolchains/XcodeDefault.xctoolchain/usr/bin/clang -x c -ivfsstatcache /Users/aleks/Library/Developer/Xcode/DerivedData/SDKStatCaches.noindex/iphonesimulator18.5-22F76-d5fc8ad4295d2ef488fb7d0f804ce0c4.sdkstatcache -fmessage-length\=0 -fdiagnostics-show-note-include-stack -fmacro-backtrace-limit\=0 -fno-color-diagnostics -fmodules-prune-interval\=86400 -fmodules-prune-after\=345600 -fbuild-session-file\=/Users/aleks/Library/Developer/Xcode/DerivedData/ModuleCache.noindex/Session.modulevalidation -fmodules-validate-once-per-build-session -Wnon-modular-include-in-framework-module -Werror\=non-modular-include-in-framework-module -Wno-trigraphs -Wno-missing-field-initializers -Wno-missing-prototypes -Wno-return-type -Wno-missing-braces -Wparentheses -Wswitch -Wno-unused-function -Wno-unused-label -Wno-unused-parameter -Wno-unused-variable -Wunused-value -Wno-empty-body -Wno-uninitialized -Wno-unknown-pragmas -w -Wno-shadow -Wno-four-char-constants -Wno-conversion -Wno-constant-conversion -Wno-int-conversion -Wno-bool-conversion -Wno-enum-conversion -Wno-float-conversion -Wno-non-literal-null-conversion -Wno-objc-literal-conversion -Wshorten-64-to-32 -Wpointer-sign -Wno-newline-eof -Wno-implicit-fallthrough -fstrict-aliasing -Wdeprecated-declarations -Wno-sign-conversion -Wno-infinite-recursion -Wno-comma -Wno-block-capture-autoreleasing -Wno-strict-prototypes -Wno-semicolon-before-method-body -index-store-path /Users/aleks/Library/Developer/Xcode/DerivedData/PlanItApp-gkehojshtcbfvhersqwajfujohau/Index.noindex/DataStore @/Users/aleks/Library/Developer/Xcode/DerivedData/PlanItApp-gkehojshtcbfvhersqwajfujohau/Build/Intermediates.noindex/nanopb.build/Debug-iphonesimulator/nanopb.build/Objects-normal/arm64/7187679823f38a2a940e0043cdf9d637-common-args.resp -MMD -MT dependencies -MF /Users/aleks/Library/Developer/Xcode/DerivedData/PlanItApp-gkehojshtcbfvhersqwajfujohau/Build/Intermediates.noindex/nanopb.build/Debug-iphonesimulator/nanopb.build/Objects-normal/arm64/pb_decode.d --serialize-diagnostics /Users/aleks/Library/Developer/Xcode/DerivedData/PlanItApp-gkehojshtcbfvhersqwajfujohau/Build/Intermediates.noindex/nanopb.build/Debug-iphonesimulator/nanopb.build/Objects-normal/arm64/pb_decode.dia -c /Users/aleks/Library/Developer/Xcode/DerivedData/PlanItApp-gkehojshtcbfvhersqwajfujohau/SourcePackages/checkouts/nanopb/pb_decode.c -o /Users/aleks/Library/Developer/Xcode/DerivedData/PlanItApp-gkehojshtcbfvhersqwajfujohau/Build/Intermediates.noindex/nanopb.build/Debug-iphonesimulator/nanopb.build/Objects-normal/arm64/pb_decode.o -index-unit-output-path /nanopb.build/Debug-iphonesimulator/nanopb.build/Objects-normal/arm64/pb_decode.o

PrecompileModule /Users/aleks/Library/Developer/Xcode/DerivedData/PlanItApp-gkehojshtcbfvhersqwajfujohau/Build/Intermediates.noindex/ExplicitPrecompiledModules/pthread-AXGO5FV1W75J4LDT6XVVTHKA2.scan
    cd /Users/aleks/Desktop/PlanItApp/PlanItApp.xcodeproj
    builtin-precompileModule /Users/aleks/Library/Developer/Xcode/DerivedData/PlanItApp-gkehojshtcbfvhersqwajfujohau/Build/Intermediates.noindex/ExplicitPrecompiledModules/pthread-AXGO5FV1W75J4LDT6XVVTHKA2.scan

PrecompileModule /Users/aleks/Library/Developer/Xcode/DerivedData/PlanItApp-gkehojshtcbfvhersqwajfujohau/Build/Intermediates.noindex/ExplicitPrecompiledModules/sys_select-4WQLXWAPLZYVRZDDM3U1Q6AZ6.scan
    cd /Users/aleks/Desktop/PlanItApp/PlanItApp.xcodeproj
    builtin-precompileModule /Users/aleks/Library/Developer/Xcode/DerivedData/PlanItApp-gkehojshtcbfvhersqwajfujohau/Build/Intermediates.noindex/ExplicitPrecompiledModules/sys_select-4WQLXWAPLZYVRZDDM3U1Q6AZ6.scan

PrecompileModule /Users/aleks/Library/Developer/Xcode/DerivedData/PlanItApp-gkehojshtcbfvhersqwajfujohau/Build/Intermediates.noindex/ExplicitPrecompiledModules/sys_wait-7V0KBDBUIXDZ2OAFEXA0SCAO2.scan
    cd /Users/aleks/Desktop/PlanItApp/PlanItApp.xcodeproj
    builtin-precompileModule /Users/aleks/Library/Developer/Xcode/DerivedData/PlanItApp-gkehojshtcbfvhersqwajfujohau/Build/Intermediates.noindex/ExplicitPrecompiledModules/sys_wait-7V0KBDBUIXDZ2OAFEXA0SCAO2.scan

ScanDependencies /Users/aleks/Library/Developer/Xcode/DerivedData/PlanItApp-gkehojshtcbfvhersqwajfujohau/Build/Intermediates.noindex/nanopb.build/Debug-iphonesimulator/nanopb.build/Objects-normal/arm64/pb_common.o /Users/aleks/Library/Developer/Xcode/DerivedData/PlanItApp-gkehojshtcbfvhersqwajfujohau/SourcePackages/checkouts/nanopb/pb_common.c normal arm64 c com.apple.compilers.llvm.clang.1_0.compiler (in target 'nanopb' from project 'nanopb')
    cd /Users/aleks/Desktop/PlanItApp/PlanItApp.xcodeproj
    
    Using response file: /Users/aleks/Library/Developer/Xcode/DerivedData/PlanItApp-gkehojshtcbfvhersqwajfujohau/Build/Intermediates.noindex/nanopb.build/Debug-iphonesimulator/nanopb.build/Objects-normal/arm64/7187679823f38a2a940e0043cdf9d637-common-args.resp
    
    builtin-ScanDependencies -o /Users/aleks/Library/Developer/Xcode/DerivedData/PlanItApp-gkehojshtcbfvhersqwajfujohau/Build/Intermediates.noindex/nanopb.build/Debug-iphonesimulator/nanopb.build/Objects-normal/arm64/pb_common.o.scan -- /Applications/Xcode.app/Contents/Developer/Toolchains/XcodeDefault.xctoolchain/usr/bin/clang -x c -ivfsstatcache /Users/aleks/Library/Developer/Xcode/DerivedData/SDKStatCaches.noindex/iphonesimulator18.5-22F76-d5fc8ad4295d2ef488fb7d0f804ce0c4.sdkstatcache -fmessage-length\=0 -fdiagnostics-show-note-include-stack -fmacro-backtrace-limit\=0 -fno-color-diagnostics -fmodules-prune-interval\=86400 -fmodules-prune-after\=345600 -fbuild-session-file\=/Users/aleks/Library/Developer/Xcode/DerivedData/ModuleCache.noindex/Session.modulevalidation -fmodules-validate-once-per-build-session -Wnon-modular-include-in-framework-module -Werror\=non-modular-include-in-framework-module -Wno-trigraphs -Wno-missing-field-initializers -Wno-missing-prototypes -Wno-return-type -Wno-missing-braces -Wparentheses -Wswitch -Wno-unused-function -Wno-unused-label -Wno-unused-parameter -Wno-unused-variable -Wunused-value -Wno-empty-body -Wno-uninitialized -Wno-unknown-pragmas -w -Wno-shadow -Wno-four-char-constants -Wno-conversion -Wno-constant-conversion -Wno-int-conversion -Wno-bool-conversion -Wno-enum-conversion -Wno-float-conversion -Wno-non-literal-null-conversion -Wno-objc-literal-conversion -Wshorten-64-to-32 -Wpointer-sign -Wno-newline-eof -Wno-implicit-fallthrough -fstrict-aliasing -Wdeprecated-declarations -Wno-sign-conversion -Wno-infinite-recursion -Wno-comma -Wno-block-capture-autoreleasing -Wno-strict-prototypes -Wno-semicolon-before-method-body -index-store-path /Users/aleks/Library/Developer/Xcode/DerivedData/PlanItApp-gkehojshtcbfvhersqwajfujohau/Index.noindex/DataStore @/Users/aleks/Library/Developer/Xcode/DerivedData/PlanItApp-gkehojshtcbfvhersqwajfujohau/Build/Intermediates.noindex/nanopb.build/Debug-iphonesimulator/nanopb.build/Objects-normal/arm64/7187679823f38a2a940e0043cdf9d637-common-args.resp -MMD -MT dependencies -MF /Users/aleks/Library/Developer/Xcode/DerivedData/PlanItApp-gkehojshtcbfvhersqwajfujohau/Build/Intermediates.noindex/nanopb.build/Debug-iphonesimulator/nanopb.build/Objects-normal/arm64/pb_common.d --serialize-diagnostics /Users/aleks/Library/Developer/Xcode/DerivedData/PlanItApp-gkehojshtcbfvhersqwajfujohau/Build/Intermediates.noindex/nanopb.build/Debug-iphonesimulator/nanopb.build/Objects-normal/arm64/pb_common.dia -c /Users/aleks/Library/Developer/Xcode/DerivedData/PlanItApp-gkehojshtcbfvhersqwajfujohau/SourcePackages/checkouts/nanopb/pb_common.c -o /Users/aleks/Library/Developer/Xcode/DerivedData/PlanItApp-gkehojshtcbfvhersqwajfujohau/Build/Intermediates.noindex/nanopb.build/Debug-iphonesimulator/nanopb.build/Objects-normal/arm64/pb_common.o -index-unit-output-path /nanopb.build/Debug-iphonesimulator/nanopb.build/Objects-normal/arm64/pb_common.o

ScanDependencies /Users/aleks/Library/Developer/Xcode/DerivedData/PlanItApp-gkehojshtcbfvhersqwajfujohau/Build/Intermediates.noindex/GoogleUtilities.build/Debug-iphonesimulator/GoogleUtilities-NSData.build/Objects-normal/arm64/resource_bundle_accessor.o /Users/aleks/Library/Developer/Xcode/DerivedData/PlanItApp-gkehojshtcbfvhersqwajfujohau/Build/Intermediates.noindex/GoogleUtilities.build/Debug-iphonesimulator/GoogleUtilities-NSData.build/DerivedSources/resource_bundle_accessor.m normal arm64 objective-c com.apple.compilers.llvm.clang.1_0.compiler (in target 'GoogleUtilities-NSData' from project 'GoogleUtilities')
    cd /Users/aleks/Desktop/PlanItApp/PlanItApp.xcodeproj
    
    Using response file: /Users/aleks/Library/Developer/Xcode/DerivedData/PlanItApp-gkehojshtcbfvhersqwajfujohau/Build/Intermediates.noindex/GoogleUtilities.build/Debug-iphonesimulator/GoogleUtilities-NSData.build/Objects-normal/arm64/e6072d4f65d7061329687fe24e3d63a7-common-args.resp
    
    builtin-ScanDependencies -o /Users/aleks/Library/Developer/Xcode/DerivedData/PlanItApp-gkehojshtcbfvhersqwajfujohau/Build/Intermediates.noindex/GoogleUtilities.build/Debug-iphonesimulator/GoogleUtilities-NSData.build/Objects-normal/arm64/resource_bundle_accessor.o.scan -- /Applications/Xcode.app/Contents/Developer/Toolchains/XcodeDefault.xctoolchain/usr/bin/clang -x objective-c -ivfsstatcache /Users/aleks/Library/Developer/Xcode/DerivedData/SDKStatCaches.noindex/iphonesimulator18.5-22F76-d5fc8ad4295d2ef488fb7d0f804ce0c4.sdkstatcache -fmessage-length\=0 -fdiagnostics-show-note-include-stack -fmacro-backtrace-limit\=0 -fno-color-diagnostics -fmodules-prune-interval\=86400 -fmodules-prune-after\=345600 -fbuild-session-file\=/Users/aleks/Library/Developer/Xcode/DerivedData/ModuleCache.noindex/Session.modulevalidation -fmodules-validate-once-per-build-session -Wnon-modular-include-in-framework-module -Werror\=non-modular-include-in-framework-module -Wno-trigraphs -Wno-missing-field-initializers -Wno-missing-prototypes -Wno-return-type -Wno-implicit-atomic-properties -Wno-objc-interface-ivars -Wno-arc-repeated-use-of-weak -Wno-missing-braces -Wparentheses -Wswitch -Wno-unused-function -Wno-unused-label -Wno-unused-parameter -Wno-unused-variable -Wunused-value -Wno-empty-body -Wno-uninitialized -Wno-unknown-pragmas -w -Wno-shadow -Wno-four-char-constants -Wno-conversion -Wno-constant-conversion -Wno-int-conversion -Wno-bool-conversion -Wno-enum-conversion -Wno-float-conversion -Wno-non-literal-null-conversion -Wno-objc-literal-conversion -Wshorten-64-to-32 -Wpointer-sign -Wno-newline-eof -Wno-selector -Wno-strict-selector-match -Wno-undeclared-selector -Wno-deprecated-implementations -Wno-implicit-fallthrough -fstrict-aliasing -Wprotocol -Wdeprecated-declarations -Wno-sign-conversion -Wno-infinite-recursion -Wno-comma -Wno-block-capture-autoreleasing -Wno-strict-prototypes -Wno-semicolon-before-method-body -index-store-path /Users/aleks/Library/Developer/Xcode/DerivedData/PlanItApp-gkehojshtcbfvhersqwajfujohau/Index.noindex/DataStore @/Users/aleks/Library/Developer/Xcode/DerivedData/PlanItApp-gkehojshtcbfvhersqwajfujohau/Build/Intermediates.noindex/GoogleUtilities.build/Debug-iphonesimulator/GoogleUtilities-NSData.build/Objects-normal/arm64/e6072d4f65d7061329687fe24e3d63a7-common-args.resp -include /Users/aleks/Library/Developer/Xcode/DerivedData/PlanItApp-gkehojshtcbfvhersqwajfujohau/Build/Intermediates.noindex/GoogleUtilities.build/Debug-iphonesimulator/GoogleUtilities-NSData.build/DerivedSources/resource_bundle_accessor.h -MMD -MT dependencies -MF /Users/aleks/Library/Developer/Xcode/DerivedData/PlanItApp-gkehojshtcbfvhersqwajfujohau/Build/Intermediates.noindex/GoogleUtilities.build/Debug-iphonesimulator/GoogleUtilities-NSData.build/Objects-normal/arm64/resource_bundle_accessor.d --serialize-diagnostics /Users/aleks/Library/Developer/Xcode/DerivedData/PlanItApp-gkehojshtcbfvhersqwajfujohau/Build/Intermediates.noindex/GoogleUtilities.build/Debug-iphonesimulator/GoogleUtilities-NSData.build/Objects-normal/arm64/resource_bundle_accessor.dia -c /Users/aleks/Library/Developer/Xcode/DerivedData/PlanItApp-gkehojshtcbfvhersqwajfujohau/Build/Intermediates.noindex/GoogleUtilities.build/Debug-iphonesimulator/GoogleUtilities-NSData.build/DerivedSources/resource_bundle_accessor.m -o /Users/aleks/Library/Developer/Xcode/DerivedData/PlanItApp-gkehojshtcbfvhersqwajfujohau/Build/Intermediates.noindex/GoogleUtilities.build/Debug-iphonesimulator/GoogleUtilities-NSData.build/Objects-normal/arm64/resource_bundle_accessor.o -index-unit-output-path /GoogleUtilities.build/Debug-iphonesimulator/GoogleUtilities-NSData.build/Objects-normal/arm64/resource_bundle_accessor.o

PrecompileModule /Users/aleks/Library/Developer/Xcode/DerivedData/PlanItApp-gkehojshtcbfvhersqwajfujohau/Build/Intermediates.noindex/ExplicitPrecompiledModules/os_availability_internal-3W47XKM4IR4VSF9F7HQ0FFS1H.scan
    cd /Users/aleks/Desktop/PlanItApp/PlanItApp.xcodeproj
    builtin-precompileModule /Users/aleks/Library/Developer/Xcode/DerivedData/PlanItApp-gkehojshtcbfvhersqwajfujohau/Build/Intermediates.noindex/ExplicitPrecompiledModules/os_availability_internal-3W47XKM4IR4VSF9F7HQ0FFS1H.scan

PrecompileModule /Users/aleks/Library/Developer/Xcode/DerivedData/PlanItApp-gkehojshtcbfvhersqwajfujohau/Build/Intermediates.noindex/ExplicitPrecompiledModules/netinet_in-DRFLN278M5PRMY2LOJDKUBK5T.scan
    cd /Users/aleks/Desktop/PlanItApp/PlanItApp.xcodeproj
    builtin-precompileModule /Users/aleks/Library/Developer/Xcode/DerivedData/PlanItApp-gkehojshtcbfvhersqwajfujohau/Build/Intermediates.noindex/ExplicitPrecompiledModules/netinet_in-DRFLN278M5PRMY2LOJDKUBK5T.scan

PrecompileModule /Users/aleks/Library/Developer/Xcode/DerivedData/PlanItApp-gkehojshtcbfvhersqwajfujohau/Build/Intermediates.noindex/ExplicitPrecompiledModules/_complex-97WATUW15DSQOBMA2HWY4B8QZ.scan
    cd /Users/aleks/Desktop/PlanItApp/PlanItApp.xcodeproj
    builtin-precompileModule /Users/aleks/Library/Developer/Xcode/DerivedData/PlanItApp-gkehojshtcbfvhersqwajfujohau/Build/Intermediates.noindex/ExplicitPrecompiledModules/_complex-97WATUW15DSQOBMA2HWY4B8QZ.scan

PrecompileModule /Users/aleks/Library/Developer/Xcode/DerivedData/PlanItApp-gkehojshtcbfvhersqwajfujohau/Build/Intermediates.noindex/ExplicitPrecompiledModules/_float-4VVVS6HYCGLPTKX09Q8E1V1EE.scan
    cd /Users/aleks/Desktop/PlanItApp/PlanItApp.xcodeproj
    builtin-precompileModule /Users/aleks/Library/Developer/Xcode/DerivedData/PlanItApp-gkehojshtcbfvhersqwajfujohau/Build/Intermediates.noindex/ExplicitPrecompiledModules/_float-4VVVS6HYCGLPTKX09Q8E1V1EE.scan

PrecompileModule /Users/aleks/Library/Developer/Xcode/DerivedData/PlanItApp-gkehojshtcbfvhersqwajfujohau/Build/Intermediates.noindex/ExplicitPrecompiledModules/_assert-A5F8EE39Q80PZKPVDYUYD2Y7V.scan
    cd /Users/aleks/Desktop/PlanItApp/PlanItApp.xcodeproj
    builtin-precompileModule /Users/aleks/Library/Developer/Xcode/DerivedData/PlanItApp-gkehojshtcbfvhersqwajfujohau/Build/Intermediates.noindex/ExplicitPrecompiledModules/_assert-A5F8EE39Q80PZKPVDYUYD2Y7V.scan

PrecompileModule /Users/aleks/Library/Developer/Xcode/DerivedData/PlanItApp-gkehojshtcbfvhersqwajfujohau/Build/Intermediates.noindex/ExplicitPrecompiledModules/_sys_select-6HZ56FBCP9ZGFIRLN0OXBJDO7.scan
    cd /Users/aleks/Desktop/PlanItApp/PlanItApp.xcodeproj
    builtin-precompileModule /Users/aleks/Library/Developer/Xcode/DerivedData/PlanItApp-gkehojshtcbfvhersqwajfujohau/Build/Intermediates.noindex/ExplicitPrecompiledModules/_sys_select-6HZ56FBCP9ZGFIRLN0OXBJDO7.scan

PrecompileModule /Users/aleks/Library/Developer/Xcode/DerivedData/PlanItApp-gkehojshtcbfvhersqwajfujohau/Build/Intermediates.noindex/ExplicitPrecompiledModules/_limits-A8OJTV52GDAOL248S0QK7QE6P.scan
    cd /Users/aleks/Desktop/PlanItApp/PlanItApp.xcodeproj
    builtin-precompileModule /Users/aleks/Library/Developer/Xcode/DerivedData/PlanItApp-gkehojshtcbfvhersqwajfujohau/Build/Intermediates.noindex/ExplicitPrecompiledModules/_limits-A8OJTV52GDAOL248S0QK7QE6P.scan

PrecompileModule /Users/aleks/Library/Developer/Xcode/DerivedData/PlanItApp-gkehojshtcbfvhersqwajfujohau/Build/Intermediates.noindex/ExplicitPrecompiledModules/_Builtin_stddef-CHJA6N1NFCF60MPMG16CRD7UO.scan
    cd /Users/aleks/Desktop/PlanItApp/PlanItApp.xcodeproj
    builtin-precompileModule /Users/aleks/Library/Developer/Xcode/DerivedData/PlanItApp-gkehojshtcbfvhersqwajfujohau/Build/Intermediates.noindex/ExplicitPrecompiledModules/_Builtin_stddef-CHJA6N1NFCF60MPMG16CRD7UO.scan

PrecompileModule /Users/aleks/Library/Developer/Xcode/DerivedData/PlanItApp-gkehojshtcbfvhersqwajfujohau/Build/Intermediates.noindex/ExplicitPrecompiledModules/ptrcheck-4UIX1SHZ65VHOHXGJTPLONHJ8.scan
    cd /Users/aleks/Desktop/PlanItApp/PlanItApp.xcodeproj
    builtin-precompileModule /Users/aleks/Library/Developer/Xcode/DerivedData/PlanItApp-gkehojshtcbfvhersqwajfujohau/Build/Intermediates.noindex/ExplicitPrecompiledModules/ptrcheck-4UIX1SHZ65VHOHXGJTPLONHJ8.scan

PrecompileModule /Users/aleks/Library/Developer/Xcode/DerivedData/PlanItApp-gkehojshtcbfvhersqwajfujohau/Build/Intermediates.noindex/ExplicitPrecompiledModules/TargetConditionals-75J88ODAUQSUL34B80M1PI4QK.scan
    cd /Users/aleks/Desktop/PlanItApp/PlanItApp.xcodeproj
    builtin-precompileModule /Users/aleks/Library/Developer/Xcode/DerivedData/PlanItApp-gkehojshtcbfvhersqwajfujohau/Build/Intermediates.noindex/ExplicitPrecompiledModules/TargetConditionals-75J88ODAUQSUL34B80M1PI4QK.scan

PrecompileModule /Users/aleks/Library/Developer/Xcode/DerivedData/PlanItApp-gkehojshtcbfvhersqwajfujohau/Build/Intermediates.noindex/ExplicitPrecompiledModules/os_availability_internal-V2EN15475BJOI07WIR8IRT34.scan
    cd /Users/aleks/Desktop/PlanItApp/PlanItApp.xcodeproj
    builtin-precompileModule /Users/aleks/Library/Developer/Xcode/DerivedData/PlanItApp-gkehojshtcbfvhersqwajfujohau/Build/Intermediates.noindex/ExplicitPrecompiledModules/os_availability_internal-V2EN15475BJOI07WIR8IRT34.scan

PrecompileModule /Users/aleks/Library/Developer/Xcode/DerivedData/PlanItApp-gkehojshtcbfvhersqwajfujohau/Build/Intermediates.noindex/ExplicitPrecompiledModules/ptrauth-BR1MC8L6ONYO9AMD488SUCBC.scan
    cd /Users/aleks/Desktop/PlanItApp/PlanItApp.xcodeproj
    builtin-precompileModule /Users/aleks/Library/Developer/Xcode/DerivedData/PlanItApp-gkehojshtcbfvhersqwajfujohau/Build/Intermediates.noindex/ExplicitPrecompiledModules/ptrauth-BR1MC8L6ONYO9AMD488SUCBC.scan

PrecompileModule /Users/aleks/Library/Developer/Xcode/DerivedData/PlanItApp-gkehojshtcbfvhersqwajfujohau/Build/Intermediates.noindex/ExplicitPrecompiledModules/_fenv-IL3D0T8I5ZJZ4ZUQJO306T5A.scan
    cd /Users/aleks/Desktop/PlanItApp/PlanItApp.xcodeproj
    builtin-precompileModule /Users/aleks/Library/Developer/Xcode/DerivedData/PlanItApp-gkehojshtcbfvhersqwajfujohau/Build/Intermediates.noindex/ExplicitPrecompiledModules/_fenv-IL3D0T8I5ZJZ4ZUQJO306T5A.scan

PrecompileModule /Users/aleks/Library/Developer/Xcode/DerivedData/PlanItApp-gkehojshtcbfvhersqwajfujohau/Build/Intermediates.noindex/ExplicitPrecompiledModules/_locale-9B2OKUCKFZ5G5HT90HKUVD3E3.scan
    cd /Users/aleks/Desktop/PlanItApp/PlanItApp.xcodeproj
    builtin-precompileModule /Users/aleks/Library/Developer/Xcode/DerivedData/PlanItApp-gkehojshtcbfvhersqwajfujohau/Build/Intermediates.noindex/ExplicitPrecompiledModules/_locale-9B2OKUCKFZ5G5HT90HKUVD3E3.scan

PrecompileModule /Users/aleks/Library/Developer/Xcode/DerivedData/PlanItApp-gkehojshtcbfvhersqwajfujohau/Build/Intermediates.noindex/ExplicitPrecompiledModules/os_availability-6A7ILS9849ZDTYUMNDO9JX8TJ.scan
    cd /Users/aleks/Desktop/PlanItApp/PlanItApp.xcodeproj
    builtin-precompileModule /Users/aleks/Library/Developer/Xcode/DerivedData/PlanItApp-gkehojshtcbfvhersqwajfujohau/Build/Intermediates.noindex/ExplicitPrecompiledModules/os_availability-6A7ILS9849ZDTYUMNDO9JX8TJ.scan

PrecompileModule /Users/aleks/Library/Developer/Xcode/DerivedData/PlanItApp-gkehojshtcbfvhersqwajfujohau/Build/Intermediates.noindex/ExplicitPrecompiledModules/unistd-6M2F6LITRFA7E60ENHSWDPK7L.scan
    cd /Users/aleks/Desktop/PlanItApp/PlanItApp.xcodeproj
    builtin-precompileModule /Users/aleks/Library/Developer/Xcode/DerivedData/PlanItApp-gkehojshtcbfvhersqwajfujohau/Build/Intermediates.noindex/ExplicitPrecompiledModules/unistd-6M2F6LITRFA7E60ENHSWDPK7L.scan

PrecompileModule /Users/aleks/Library/Developer/Xcode/DerivedData/PlanItApp-gkehojshtcbfvhersqwajfujohau/Build/Intermediates.noindex/ExplicitPrecompiledModules/runetype-101N2NDOZ5SK394W9YVR95AU4.scan
    cd /Users/aleks/Desktop/PlanItApp/PlanItApp.xcodeproj
    builtin-precompileModule /Users/aleks/Library/Developer/Xcode/DerivedData/PlanItApp-gkehojshtcbfvhersqwajfujohau/Build/Intermediates.noindex/ExplicitPrecompiledModules/runetype-101N2NDOZ5SK394W9YVR95AU4.scan

PrecompileModule /Users/aleks/Library/Developer/Xcode/DerivedData/PlanItApp-gkehojshtcbfvhersqwajfujohau/Build/Intermediates.noindex/ExplicitPrecompiledModules/_Builtin_float-EKMXN1VDICFCI89FERST6EY66.scan
    cd /Users/aleks/Desktop/PlanItApp/PlanItApp.xcodeproj
    builtin-precompileModule /Users/aleks/Library/Developer/Xcode/DerivedData/PlanItApp-gkehojshtcbfvhersqwajfujohau/Build/Intermediates.noindex/ExplicitPrecompiledModules/_Builtin_float-EKMXN1VDICFCI89FERST6EY66.scan

PrecompileModule /Users/aleks/Library/Developer/Xcode/DerivedData/PlanItApp-gkehojshtcbfvhersqwajfujohau/Build/Intermediates.noindex/ExplicitPrecompiledModules/_Builtin_stdarg-7Z7ADZXA95A5932DZYXLKU4RZ.scan
    cd /Users/aleks/Desktop/PlanItApp/PlanItApp.xcodeproj
    builtin-precompileModule /Users/aleks/Library/Developer/Xcode/DerivedData/PlanItApp-gkehojshtcbfvhersqwajfujohau/Build/Intermediates.noindex/ExplicitPrecompiledModules/_Builtin_stdarg-7Z7ADZXA95A5932DZYXLKU4RZ.scan

PrecompileModule /Users/aleks/Library/Developer/Xcode/DerivedData/PlanItApp-gkehojshtcbfvhersqwajfujohau/Build/Intermediates.noindex/ExplicitPrecompiledModules/_stdint-AGI1NSGWK1C8FYZUQ69E5EUZ5.scan
    cd /Users/aleks/Desktop/PlanItApp/PlanItApp.xcodeproj
    builtin-precompileModule /Users/aleks/Library/Developer/Xcode/DerivedData/PlanItApp-gkehojshtcbfvhersqwajfujohau/Build/Intermediates.noindex/ExplicitPrecompiledModules/_stdint-AGI1NSGWK1C8FYZUQ69E5EUZ5.scan

PrecompileModule /Users/aleks/Library/Developer/Xcode/DerivedData/PlanItApp-gkehojshtcbfvhersqwajfujohau/Build/Intermediates.noindex/ExplicitPrecompiledModules/alloca-2A1S2Q6EBN67HWJBPW0G0NRIP.scan
    cd /Users/aleks/Desktop/PlanItApp/PlanItApp.xcodeproj
    builtin-precompileModule /Users/aleks/Library/Developer/Xcode/DerivedData/PlanItApp-gkehojshtcbfvhersqwajfujohau/Build/Intermediates.noindex/ExplicitPrecompiledModules/alloca-2A1S2Q6EBN67HWJBPW0G0NRIP.scan

PrecompileModule /Users/aleks/Library/Developer/Xcode/DerivedData/PlanItApp-gkehojshtcbfvhersqwajfujohau/Build/Intermediates.noindex/ExplicitPrecompiledModules/_Builtin_stdarg-BDBM7IG5VZULP99V64ZLIF4QA.scan
    cd /Users/aleks/Desktop/PlanItApp/PlanItApp.xcodeproj
    builtin-precompileModule /Users/aleks/Library/Developer/Xcode/DerivedData/PlanItApp-gkehojshtcbfvhersqwajfujohau/Build/Intermediates.noindex/ExplicitPrecompiledModules/_Builtin_stdarg-BDBM7IG5VZULP99V64ZLIF4QA.scan

PrecompileModule /Users/aleks/Library/Developer/Xcode/DerivedData/PlanItApp-gkehojshtcbfvhersqwajfujohau/Build/Intermediates.noindex/ExplicitPrecompiledModules/xlocale-2KK2133ZOOR4RAJN0AN7D41N3.scan
    cd /Users/aleks/Desktop/PlanItApp/PlanItApp.xcodeproj
    builtin-precompileModule /Users/aleks/Library/Developer/Xcode/DerivedData/PlanItApp-gkehojshtcbfvhersqwajfujohau/Build/Intermediates.noindex/ExplicitPrecompiledModules/xlocale-2KK2133ZOOR4RAJN0AN7D41N3.scan

PrecompileModule /Users/aleks/Library/Developer/Xcode/DerivedData/PlanItApp-gkehojshtcbfvhersqwajfujohau/Build/Intermediates.noindex/ExplicitPrecompiledModules/os_availability-64PZE1NSA15BI6D5JZJWV7YEY.scan
    cd /Users/aleks/Desktop/PlanItApp/PlanItApp.xcodeproj
    builtin-precompileModule /Users/aleks/Library/Developer/Xcode/DerivedData/PlanItApp-gkehojshtcbfvhersqwajfujohau/Build/Intermediates.noindex/ExplicitPrecompiledModules/os_availability-64PZE1NSA15BI6D5JZJWV7YEY.scan

PrecompileModule /Users/aleks/Library/Developer/Xcode/DerivedData/PlanItApp-gkehojshtcbfvhersqwajfujohau/Build/Intermediates.noindex/ExplicitPrecompiledModules/_Builtin_iso646-DASNZYOK0AEQBU68AYBX53MGI.scan
    cd /Users/aleks/Desktop/PlanItApp/PlanItApp.xcodeproj
    builtin-precompileModule /Users/aleks/Library/Developer/Xcode/DerivedData/PlanItApp-gkehojshtcbfvhersqwajfujohau/Build/Intermediates.noindex/ExplicitPrecompiledModules/_Builtin_iso646-DASNZYOK0AEQBU68AYBX53MGI.scan

PrecompileModule /Users/aleks/Library/Developer/Xcode/DerivedData/PlanItApp-gkehojshtcbfvhersqwajfujohau/Build/Intermediates.noindex/ExplicitPrecompiledModules/ptrauth-4O0R5XWASXACAH9WSHUVH3VMM.scan
    cd /Users/aleks/Desktop/PlanItApp/PlanItApp.xcodeproj
    builtin-precompileModule /Users/aleks/Library/Developer/Xcode/DerivedData/PlanItApp-gkehojshtcbfvhersqwajfujohau/Build/Intermediates.noindex/ExplicitPrecompiledModules/ptrauth-4O0R5XWASXACAH9WSHUVH3VMM.scan

PrecompileModule /Users/aleks/Library/Developer/Xcode/DerivedData/PlanItApp-gkehojshtcbfvhersqwajfujohau/Build/Intermediates.noindex/ExplicitPrecompiledModules/AvailabilityMacros-5JJGM3TQQOI2AQHYKH1EMKHFR.scan
    cd /Users/aleks/Desktop/PlanItApp/PlanItApp.xcodeproj
    builtin-precompileModule /Users/aleks/Library/Developer/Xcode/DerivedData/PlanItApp-gkehojshtcbfvhersqwajfujohau/Build/Intermediates.noindex/ExplicitPrecompiledModules/AvailabilityMacros-5JJGM3TQQOI2AQHYKH1EMKHFR.scan

PrecompileModule /Users/aleks/Library/Developer/Xcode/DerivedData/PlanItApp-gkehojshtcbfvhersqwajfujohau/Build/Intermediates.noindex/ExplicitPrecompiledModules/_useconds_t-42VOEY2UWGNGVWEF66ZIX11J4.scan
    cd /Users/aleks/Desktop/PlanItApp/PlanItApp.xcodeproj
    builtin-precompileModule /Users/aleks/Library/Developer/Xcode/DerivedData/PlanItApp-gkehojshtcbfvhersqwajfujohau/Build/Intermediates.noindex/ExplicitPrecompiledModules/_useconds_t-42VOEY2UWGNGVWEF66ZIX11J4.scan

PrecompileModule /Users/aleks/Library/Developer/Xcode/DerivedData/PlanItApp-gkehojshtcbfvhersqwajfujohau/Build/Intermediates.noindex/ExplicitPrecompiledModules/mach-ETGDBRDTVM3CQ819GISQMH52M.scan
    cd /Users/aleks/Desktop/PlanItApp/PlanItApp.xcodeproj
    builtin-precompileModule /Users/aleks/Library/Developer/Xcode/DerivedData/PlanItApp-gkehojshtcbfvhersqwajfujohau/Build/Intermediates.noindex/ExplicitPrecompiledModules/mach-ETGDBRDTVM3CQ819GISQMH52M.scan

PrecompileModule /Users/aleks/Library/Developer/Xcode/DerivedData/PlanItApp-gkehojshtcbfvhersqwajfujohau/Build/Intermediates.noindex/ExplicitPrecompiledModules/_ctype-713OE3BGP9X2XMGN8TXZ21NLL.scan
    cd /Users/aleks/Desktop/PlanItApp/PlanItApp.xcodeproj
    builtin-precompileModule /Users/aleks/Library/Developer/Xcode/DerivedData/PlanItApp-gkehojshtcbfvhersqwajfujohau/Build/Intermediates.noindex/ExplicitPrecompiledModules/_ctype-713OE3BGP9X2XMGN8TXZ21NLL.scan

PrecompileModule /Users/aleks/Library/Developer/Xcode/DerivedData/PlanItApp-gkehojshtcbfvhersqwajfujohau/Build/Intermediates.noindex/ExplicitPrecompiledModules/_Builtin_stddef-9KI4RCIP80GWX51ELKZATAES6.scan
    cd /Users/aleks/Desktop/PlanItApp/PlanItApp.xcodeproj
    builtin-precompileModule /Users/aleks/Library/Developer/Xcode/DerivedData/PlanItApp-gkehojshtcbfvhersqwajfujohau/Build/Intermediates.noindex/ExplicitPrecompiledModules/_Builtin_stddef-9KI4RCIP80GWX51ELKZATAES6.scan

PrecompileModule /Users/aleks/Library/Developer/Xcode/DerivedData/PlanItApp-gkehojshtcbfvhersqwajfujohau/Build/Intermediates.noindex/ExplicitPrecompiledModules/_Builtin_stdint-6URAVBT2Q8A73TBFBG2NKJX9B.scan
    cd /Users/aleks/Desktop/PlanItApp/PlanItApp.xcodeproj
    builtin-precompileModule /Users/aleks/Library/Developer/Xcode/DerivedData/PlanItApp-gkehojshtcbfvhersqwajfujohau/Build/Intermediates.noindex/ExplicitPrecompiledModules/_Builtin_stdint-6URAVBT2Q8A73TBFBG2NKJX9B.scan

PrecompileModule /Users/aleks/Library/Developer/Xcode/DerivedData/PlanItApp-gkehojshtcbfvhersqwajfujohau/Build/Intermediates.noindex/ExplicitPrecompiledModules/uuid-9GMYML5LVFZMAQ3SYLPNWNDBF.scan
    cd /Users/aleks/Desktop/PlanItApp/PlanItApp.xcodeproj
    builtin-precompileModule /Users/aleks/Library/Developer/Xcode/DerivedData/PlanItApp-gkehojshtcbfvhersqwajfujohau/Build/Intermediates.noindex/ExplicitPrecompiledModules/uuid-9GMYML5LVFZMAQ3SYLPNWNDBF.scan

PrecompileModule /Users/aleks/Library/Developer/Xcode/DerivedData/PlanItApp-gkehojshtcbfvhersqwajfujohau/Build/Intermediates.noindex/ExplicitPrecompiledModules/_errno-BIUIXDWL1RYUE8GTNKB7JG76N.scan
    cd /Users/aleks/Desktop/PlanItApp/PlanItApp.xcodeproj
    builtin-precompileModule /Users/aleks/Library/Developer/Xcode/DerivedData/PlanItApp-gkehojshtcbfvhersqwajfujohau/Build/Intermediates.noindex/ExplicitPrecompiledModules/_errno-BIUIXDWL1RYUE8GTNKB7JG76N.scan

PrecompileModule /Users/aleks/Library/Developer/Xcode/DerivedData/PlanItApp-gkehojshtcbfvhersqwajfujohau/Build/Intermediates.noindex/ExplicitPrecompiledModules/_Builtin_limits-4VUSWIFE9NOT5Q7DBDEYFTIII.scan
    cd /Users/aleks/Desktop/PlanItApp/PlanItApp.xcodeproj
    builtin-precompileModule /Users/aleks/Library/Developer/Xcode/DerivedData/PlanItApp-gkehojshtcbfvhersqwajfujohau/Build/Intermediates.noindex/ExplicitPrecompiledModules/_Builtin_limits-4VUSWIFE9NOT5Q7DBDEYFTIII.scan

PrecompileModule /Users/aleks/Library/Developer/Xcode/DerivedData/PlanItApp-gkehojshtcbfvhersqwajfujohau/Build/Intermediates.noindex/ExplicitPrecompiledModules/_math-8AFYXU6U5TXM48N8YYTUHERB3.scan
    cd /Users/aleks/Desktop/PlanItApp/PlanItApp.xcodeproj
    builtin-precompileModule /Users/aleks/Library/Developer/Xcode/DerivedData/PlanItApp-gkehojshtcbfvhersqwajfujohau/Build/Intermediates.noindex/ExplicitPrecompiledModules/_math-8AFYXU6U5TXM48N8YYTUHERB3.scan

PrecompileModule /Users/aleks/Library/Developer/Xcode/DerivedData/PlanItApp-gkehojshtcbfvhersqwajfujohau/Build/Intermediates.noindex/ExplicitPrecompiledModules/_strings-1UZR79W95A2E2SG99XAJIVGCW.scan
    cd /Users/aleks/Desktop/PlanItApp/PlanItApp.xcodeproj
    builtin-precompileModule /Users/aleks/Library/Developer/Xcode/DerivedData/PlanItApp-gkehojshtcbfvhersqwajfujohau/Build/Intermediates.noindex/ExplicitPrecompiledModules/_strings-1UZR79W95A2E2SG99XAJIVGCW.scan

PrecompileModule /Users/aleks/Library/Developer/Xcode/DerivedData/PlanItApp-gkehojshtcbfvhersqwajfujohau/Build/Intermediates.noindex/ExplicitPrecompiledModules/_setjmp-6FX0XWX8NK5VGG2A7740SUHBV.scan
    cd /Users/aleks/Desktop/PlanItApp/PlanItApp.xcodeproj
    builtin-precompileModule /Users/aleks/Library/Developer/Xcode/DerivedData/PlanItApp-gkehojshtcbfvhersqwajfujohau/Build/Intermediates.noindex/ExplicitPrecompiledModules/_setjmp-6FX0XWX8NK5VGG2A7740SUHBV.scan

PrecompileModule /Users/aleks/Library/Developer/Xcode/DerivedData/PlanItApp-gkehojshtcbfvhersqwajfujohau/Build/Intermediates.noindex/ExplicitPrecompiledModules/DarwinFoundation-D3BGEW39G3FFA9975T2VG2SI5.scan
    cd /Users/aleks/Desktop/PlanItApp/PlanItApp.xcodeproj
    builtin-precompileModule /Users/aleks/Library/Developer/Xcode/DerivedData/PlanItApp-gkehojshtcbfvhersqwajfujohau/Build/Intermediates.noindex/ExplicitPrecompiledModules/DarwinFoundation-D3BGEW39G3FFA9975T2VG2SI5.scan

PrecompileModule /Users/aleks/Library/Developer/Xcode/DerivedData/PlanItApp-gkehojshtcbfvhersqwajfujohau/Build/Intermediates.noindex/ExplicitPrecompiledModules/_Builtin_stdbool-10OOUMOKD9B30DGF33TW4Y2V.scan
    cd /Users/aleks/Desktop/PlanItApp/PlanItApp.xcodeproj
    builtin-precompileModule /Users/aleks/Library/Developer/Xcode/DerivedData/PlanItApp-gkehojshtcbfvhersqwajfujohau/Build/Intermediates.noindex/ExplicitPrecompiledModules/_Builtin_stdbool-10OOUMOKD9B30DGF33TW4Y2V.scan

PrecompileModule /Users/aleks/Library/Developer/Xcode/DerivedData/PlanItApp-gkehojshtcbfvhersqwajfujohau/Build/Intermediates.noindex/ExplicitPrecompiledModules/ptrcheck-CWR607BOLFLGT0DFOA9XJQKWG.scan
    cd /Users/aleks/Desktop/PlanItApp/PlanItApp.xcodeproj
    builtin-precompileModule /Users/aleks/Library/Developer/Xcode/DerivedData/PlanItApp-gkehojshtcbfvhersqwajfujohau/Build/Intermediates.noindex/ExplicitPrecompiledModules/ptrcheck-CWR607BOLFLGT0DFOA9XJQKWG.scan

PrecompileModule /Users/aleks/Library/Developer/Xcode/DerivedData/PlanItApp-gkehojshtcbfvhersqwajfujohau/Build/Intermediates.noindex/ExplicitPrecompiledModules/__wctype-B4GF4445CSR4SKMNEHECRZ22V.scan
    cd /Users/aleks/Desktop/PlanItApp/PlanItApp.xcodeproj
    builtin-precompileModule /Users/aleks/Library/Developer/Xcode/DerivedData/PlanItApp-gkehojshtcbfvhersqwajfujohau/Build/Intermediates.noindex/ExplicitPrecompiledModules/__wctype-B4GF4445CSR4SKMNEHECRZ22V.scan

PrecompileModule /Users/aleks/Library/Developer/Xcode/DerivedData/PlanItApp-gkehojshtcbfvhersqwajfujohau/Build/Intermediates.noindex/ExplicitPrecompiledModules/_stdlib-HFY7U0POO1WI9KBGFVH10WF2.scan
    cd /Users/aleks/Desktop/PlanItApp/PlanItApp.xcodeproj
    builtin-precompileModule /Users/aleks/Library/Developer/Xcode/DerivedData/PlanItApp-gkehojshtcbfvhersqwajfujohau/Build/Intermediates.noindex/ExplicitPrecompiledModules/_stdlib-HFY7U0POO1WI9KBGFVH10WF2.scan

PrecompileModule /Users/aleks/Library/Developer/Xcode/DerivedData/PlanItApp-gkehojshtcbfvhersqwajfujohau/Build/Intermediates.noindex/ExplicitPrecompiledModules/_Builtin_stdatomic-1CGAP02QR77FMVBIEXW0AXXYZ.scan
    cd /Users/aleks/Desktop/PlanItApp/PlanItApp.xcodeproj
    builtin-precompileModule /Users/aleks/Library/Developer/Xcode/DerivedData/PlanItApp-gkehojshtcbfvhersqwajfujohau/Build/Intermediates.noindex/ExplicitPrecompiledModules/_Builtin_stdatomic-1CGAP02QR77FMVBIEXW0AXXYZ.scan

PrecompileModule /Users/aleks/Library/Developer/Xcode/DerivedData/PlanItApp-gkehojshtcbfvhersqwajfujohau/Build/Intermediates.noindex/ExplicitPrecompiledModules/_inttypes-1A64UKNGUW4RKSK1OWUTUJHQM.scan
    cd /Users/aleks/Desktop/PlanItApp/PlanItApp.xcodeproj
    builtin-precompileModule /Users/aleks/Library/Developer/Xcode/DerivedData/PlanItApp-gkehojshtcbfvhersqwajfujohau/Build/Intermediates.noindex/ExplicitPrecompiledModules/_inttypes-1A64UKNGUW4RKSK1OWUTUJHQM.scan

PrecompileModule /Users/aleks/Library/Developer/Xcode/DerivedData/PlanItApp-gkehojshtcbfvhersqwajfujohau/Build/Intermediates.noindex/ExplicitPrecompiledModules/sys_types-7RZ5UFWCERBLF8QY92Y5AU9H6.scan
    cd /Users/aleks/Desktop/PlanItApp/PlanItApp.xcodeproj
    builtin-precompileModule /Users/aleks/Library/Developer/Xcode/DerivedData/PlanItApp-gkehojshtcbfvhersqwajfujohau/Build/Intermediates.noindex/ExplicitPrecompiledModules/sys_types-7RZ5UFWCERBLF8QY92Y5AU9H6.scan

PrecompileModule /Users/aleks/Library/Developer/Xcode/DerivedData/PlanItApp-gkehojshtcbfvhersqwajfujohau/Build/Intermediates.noindex/ExplicitPrecompiledModules/sys_time-26GY557SOA6ZPESXC2BHWF2HW.scan
    cd /Users/aleks/Desktop/PlanItApp/PlanItApp.xcodeproj
    builtin-precompileModule /Users/aleks/Library/Developer/Xcode/DerivedData/PlanItApp-gkehojshtcbfvhersqwajfujohau/Build/Intermediates.noindex/ExplicitPrecompiledModules/sys_time-26GY557SOA6ZPESXC2BHWF2HW.scan

PrecompileModule /Users/aleks/Library/Developer/Xcode/DerivedData/PlanItApp-gkehojshtcbfvhersqwajfujohau/Build/Intermediates.noindex/ExplicitPrecompiledModules/_Builtin_stdbool-EERQQB42KPFC9XSRUTZJS9Q9O.scan
    cd /Users/aleks/Desktop/PlanItApp/PlanItApp.xcodeproj
    builtin-precompileModule /Users/aleks/Library/Developer/Xcode/DerivedData/PlanItApp-gkehojshtcbfvhersqwajfujohau/Build/Intermediates.noindex/ExplicitPrecompiledModules/_Builtin_stdbool-EERQQB42KPFC9XSRUTZJS9Q9O.scan

PrecompileModule /Users/aleks/Library/Developer/Xcode/DerivedData/PlanItApp-gkehojshtcbfvhersqwajfujohau/Build/Intermediates.noindex/ExplicitPrecompiledModules/_tgmath-DZULHT38452Q5FKMVDXFNCMS8.scan
    cd /Users/aleks/Desktop/PlanItApp/PlanItApp.xcodeproj
    builtin-precompileModule /Users/aleks/Library/Developer/Xcode/DerivedData/PlanItApp-gkehojshtcbfvhersqwajfujohau/Build/Intermediates.noindex/ExplicitPrecompiledModules/_tgmath-DZULHT38452Q5FKMVDXFNCMS8.scan

ScanDependencies /Users/aleks/Library/Developer/Xcode/DerivedData/PlanItApp-gkehojshtcbfvhersqwajfujohau/Build/Intermediates.noindex/GoogleUtilities.build/Debug-iphonesimulator/GoogleUtilities-NSData.build/Objects-normal/arm64/GULNSData+zlib.o /Users/aleks/Library/Developer/Xcode/DerivedData/PlanItApp-gkehojshtcbfvhersqwajfujohau/SourcePackages/checkouts/GoogleUtilities/GoogleUtilities/NSData+zlib/GULNSData+zlib.m normal arm64 objective-c com.apple.compilers.llvm.clang.1_0.compiler (in target 'GoogleUtilities-NSData' from project 'GoogleUtilities')
    cd /Users/aleks/Desktop/PlanItApp/PlanItApp.xcodeproj
    
    Using response file: /Users/aleks/Library/Developer/Xcode/DerivedData/PlanItApp-gkehojshtcbfvhersqwajfujohau/Build/Intermediates.noindex/GoogleUtilities.build/Debug-iphonesimulator/GoogleUtilities-NSData.build/Objects-normal/arm64/e6072d4f65d7061329687fe24e3d63a7-common-args.resp
    
    builtin-ScanDependencies -o /Users/aleks/Library/Developer/Xcode/DerivedData/PlanItApp-gkehojshtcbfvhersqwajfujohau/Build/Intermediates.noindex/GoogleUtilities.build/Debug-iphonesimulator/GoogleUtilities-NSData.build/Objects-normal/arm64/GULNSData+zlib.o.scan -- /Applications/Xcode.app/Contents/Developer/Toolchains/XcodeDefault.xctoolchain/usr/bin/clang -x objective-c -ivfsstatcache /Users/aleks/Library/Developer/Xcode/DerivedData/SDKStatCaches.noindex/iphonesimulator18.5-22F76-d5fc8ad4295d2ef488fb7d0f804ce0c4.sdkstatcache -fmessage-length\=0 -fdiagnostics-show-note-include-stack -fmacro-backtrace-limit\=0 -fno-color-diagnostics -fmodules-prune-interval\=86400 -fmodules-prune-after\=345600 -fbuild-session-file\=/Users/aleks/Library/Developer/Xcode/DerivedData/ModuleCache.noindex/Session.modulevalidation -fmodules-validate-once-per-build-session -Wnon-modular-include-in-framework-module -Werror\=non-modular-include-in-framework-module -Wno-trigraphs -Wno-missing-field-initializers -Wno-missing-prototypes -Wno-return-type -Wno-implicit-atomic-properties -Wno-objc-interface-ivars -Wno-arc-repeated-use-of-weak -Wno-missing-braces -Wparentheses -Wswitch -Wno-unused-function -Wno-unused-label -Wno-unused-parameter -Wno-unused-variable -Wunused-value -Wno-empty-body -Wno-uninitialized -Wno-unknown-pragmas -w -Wno-shadow -Wno-four-char-constants -Wno-conversion -Wno-constant-conversion -Wno-int-conversion -Wno-bool-conversion -Wno-enum-conversion -Wno-float-conversion -Wno-non-literal-null-conversion -Wno-objc-literal-conversion -Wshorten-64-to-32 -Wpointer-sign -Wno-newline-eof -Wno-selector -Wno-strict-selector-match -Wno-undeclared-selector -Wno-deprecated-implementations -Wno-implicit-fallthrough -fstrict-aliasing -Wprotocol -Wdeprecated-declarations -Wno-sign-conversion -Wno-infinite-recursion -Wno-comma -Wno-block-capture-autoreleasing -Wno-strict-prototypes -Wno-semicolon-before-method-body -index-store-path /Users/aleks/Library/Developer/Xcode/DerivedData/PlanItApp-gkehojshtcbfvhersqwajfujohau/Index.noindex/DataStore @/Users/aleks/Library/Developer/Xcode/DerivedData/PlanItApp-gkehojshtcbfvhersqwajfujohau/Build/Intermediates.noindex/GoogleUtilities.build/Debug-iphonesimulator/GoogleUtilities-NSData.build/Objects-normal/arm64/e6072d4f65d7061329687fe24e3d63a7-common-args.resp -include /Users/aleks/Library/Developer/Xcode/DerivedData/PlanItApp-gkehojshtcbfvhersqwajfujohau/Build/Intermediates.noindex/GoogleUtilities.build/Debug-iphonesimulator/GoogleUtilities-NSData.build/DerivedSources/resource_bundle_accessor.h -MMD -MT dependencies -MF /Users/aleks/Library/Developer/Xcode/DerivedData/PlanItApp-gkehojshtcbfvhersqwajfujohau/Build/Intermediates.noindex/GoogleUtilities.build/Debug-iphonesimulator/GoogleUtilities-NSData.build/Objects-normal/arm64/GULNSData+zlib.d --serialize-diagnostics /Users/aleks/Library/Developer/Xcode/DerivedData/PlanItApp-gkehojshtcbfvhersqwajfujohau/Build/Intermediates.noindex/GoogleUtilities.build/Debug-iphonesimulator/GoogleUtilities-NSData.build/Objects-normal/arm64/GULNSData+zlib.dia -c /Users/aleks/Library/Developer/Xcode/DerivedData/PlanItApp-gkehojshtcbfvhersqwajfujohau/SourcePackages/checkouts/GoogleUtilities/GoogleUtilities/NSData+zlib/GULNSData+zlib.m -o /Users/aleks/Library/Developer/Xcode/DerivedData/PlanItApp-gkehojshtcbfvhersqwajfujohau/Build/Intermediates.noindex/GoogleUtilities.build/Debug-iphonesimulator/GoogleUtilities-NSData.build/Objects-normal/arm64/GULNSData+zlib.o -index-unit-output-path /GoogleUtilities.build/Debug-iphonesimulator/GoogleUtilities-NSData.build/Objects-normal/arm64/GULNSData+zlib.o

PrecompileModule /Users/aleks/Library/Developer/Xcode/DerivedData/PlanItApp-gkehojshtcbfvhersqwajfujohau/Build/Intermediates.noindex/ExplicitPrecompiledModules/DarwinFoundation-B2M0FR2ZNIKO1IDOJG06MMAAO.scan
    cd /Users/aleks/Desktop/PlanItApp/PlanItApp.xcodeproj
    builtin-precompileModule /Users/aleks/Library/Developer/Xcode/DerivedData/PlanItApp-gkehojshtcbfvhersqwajfujohau/Build/Intermediates.noindex/ExplicitPrecompiledModules/DarwinFoundation-B2M0FR2ZNIKO1IDOJG06MMAAO.scan

PrecompileModule /Users/aleks/Library/Developer/Xcode/DerivedData/PlanItApp-gkehojshtcbfvhersqwajfujohau/Build/Intermediates.noindex/ExplicitPrecompiledModules/_wctype-9BTLURLK006JMBLT3STS02Q0U.scan
    cd /Users/aleks/Desktop/PlanItApp/PlanItApp.xcodeproj
    builtin-precompileModule /Users/aleks/Library/Developer/Xcode/DerivedData/PlanItApp-gkehojshtcbfvhersqwajfujohau/Build/Intermediates.noindex/ExplicitPrecompiledModules/_wctype-9BTLURLK006JMBLT3STS02Q0U.scan

PrecompileModule /Users/aleks/Library/Developer/Xcode/DerivedData/PlanItApp-gkehojshtcbfvhersqwajfujohau/Build/Intermediates.noindex/ExplicitPrecompiledModules/Darwin-9R1G0IPE9TX65OS96VEGXSWOE.scan
    cd /Users/aleks/Desktop/PlanItApp/PlanItApp.xcodeproj
    builtin-precompileModule /Users/aleks/Library/Developer/Xcode/DerivedData/PlanItApp-gkehojshtcbfvhersqwajfujohau/Build/Intermediates.noindex/ExplicitPrecompiledModules/Darwin-9R1G0IPE9TX65OS96VEGXSWOE.scan

PrecompileModule /Users/aleks/Library/Developer/Xcode/DerivedData/PlanItApp-gkehojshtcbfvhersqwajfujohau/Build/Intermediates.noindex/ExplicitPrecompiledModules/_strings-GOME6ZG5LFI4DB13MMVF7EGP.scan
    cd /Users/aleks/Desktop/PlanItApp/PlanItApp.xcodeproj
    builtin-precompileModule /Users/aleks/Library/Developer/Xcode/DerivedData/PlanItApp-gkehojshtcbfvhersqwajfujohau/Build/Intermediates.noindex/ExplicitPrecompiledModules/_strings-GOME6ZG5LFI4DB13MMVF7EGP.scan

PrecompileModule /Users/aleks/Library/Developer/Xcode/DerivedData/PlanItApp-gkehojshtcbfvhersqwajfujohau/Build/Intermediates.noindex/ExplicitPrecompiledModules/_errno-9M8GTNQYH2IF0ZRW2GYP9KFM7.scan
    cd /Users/aleks/Desktop/PlanItApp/PlanItApp.xcodeproj
    builtin-precompileModule /Users/aleks/Library/Developer/Xcode/DerivedData/PlanItApp-gkehojshtcbfvhersqwajfujohau/Build/Intermediates.noindex/ExplicitPrecompiledModules/_errno-9M8GTNQYH2IF0ZRW2GYP9KFM7.scan

PrecompileModule /Users/aleks/Library/Developer/Xcode/DerivedData/PlanItApp-gkehojshtcbfvhersqwajfujohau/Build/Intermediates.noindex/ExplicitPrecompiledModules/_Builtin_inttypes-D47HWRXXWNMBB8EA9QXOWVHGJ.scan
    cd /Users/aleks/Desktop/PlanItApp/PlanItApp.xcodeproj
    builtin-precompileModule /Users/aleks/Library/Developer/Xcode/DerivedData/PlanItApp-gkehojshtcbfvhersqwajfujohau/Build/Intermediates.noindex/ExplicitPrecompiledModules/_Builtin_inttypes-D47HWRXXWNMBB8EA9QXOWVHGJ.scan

PrecompileModule /Users/aleks/Library/Developer/Xcode/DerivedData/PlanItApp-gkehojshtcbfvhersqwajfujohau/Build/Intermediates.noindex/ExplicitPrecompiledModules/_useconds_t-19YDH5D760WLQT8XBEL4NGDAZ.scan
    cd /Users/aleks/Desktop/PlanItApp/PlanItApp.xcodeproj
    builtin-precompileModule /Users/aleks/Library/Developer/Xcode/DerivedData/PlanItApp-gkehojshtcbfvhersqwajfujohau/Build/Intermediates.noindex/ExplicitPrecompiledModules/_useconds_t-19YDH5D760WLQT8XBEL4NGDAZ.scan

PrecompileModule /Users/aleks/Library/Developer/Xcode/DerivedData/PlanItApp-gkehojshtcbfvhersqwajfujohau/Build/Intermediates.noindex/ExplicitPrecompiledModules/alloca-D0I1YQ29QO6AH8EENJR3L8WTD.scan
    cd /Users/aleks/Desktop/PlanItApp/PlanItApp.xcodeproj
    builtin-precompileModule /Users/aleks/Library/Developer/Xcode/DerivedData/PlanItApp-gkehojshtcbfvhersqwajfujohau/Build/Intermediates.noindex/ExplicitPrecompiledModules/alloca-D0I1YQ29QO6AH8EENJR3L8WTD.scan

PrecompileModule /Users/aleks/Library/Developer/Xcode/DerivedData/PlanItApp-gkehojshtcbfvhersqwajfujohau/Build/Intermediates.noindex/ExplicitPrecompiledModules/_time-68DLTN9TZG0K8MTD7STLDL9JR.scan
    cd /Users/aleks/Desktop/PlanItApp/PlanItApp.xcodeproj
    builtin-precompileModule /Users/aleks/Library/Developer/Xcode/DerivedData/PlanItApp-gkehojshtcbfvhersqwajfujohau/Build/Intermediates.noindex/ExplicitPrecompiledModules/_time-68DLTN9TZG0K8MTD7STLDL9JR.scan

PrecompileModule /Users/aleks/Library/Developer/Xcode/DerivedData/PlanItApp-gkehojshtcbfvhersqwajfujohau/Build/Intermediates.noindex/ExplicitPrecompiledModules/_stdio-A0IQ1PXYCGI5M6NIKOU89PZUN.scan
    cd /Users/aleks/Desktop/PlanItApp/PlanItApp.xcodeproj
    builtin-precompileModule /Users/aleks/Library/Developer/Xcode/DerivedData/PlanItApp-gkehojshtcbfvhersqwajfujohau/Build/Intermediates.noindex/ExplicitPrecompiledModules/_stdio-A0IQ1PXYCGI5M6NIKOU89PZUN.scan

PrecompileModule /Users/aleks/Library/Developer/Xcode/DerivedData/PlanItApp-gkehojshtcbfvhersqwajfujohau/Build/Intermediates.noindex/ExplicitPrecompiledModules/_signal-A489HRG4PL8C7D8R3G3GGJ1ON.scan
    cd /Users/aleks/Desktop/PlanItApp/PlanItApp.xcodeproj
    builtin-precompileModule /Users/aleks/Library/Developer/Xcode/DerivedData/PlanItApp-gkehojshtcbfvhersqwajfujohau/Build/Intermediates.noindex/ExplicitPrecompiledModules/_signal-A489HRG4PL8C7D8R3G3GGJ1ON.scan

PrecompileModule /Users/aleks/Library/Developer/Xcode/DerivedData/PlanItApp-gkehojshtcbfvhersqwajfujohau/Build/Intermediates.noindex/ExplicitPrecompiledModules/sys_time-1R333B6MB9DKOHC9HT6WUTO7.scan
    cd /Users/aleks/Desktop/PlanItApp/PlanItApp.xcodeproj
    builtin-precompileModule /Users/aleks/Library/Developer/Xcode/DerivedData/PlanItApp-gkehojshtcbfvhersqwajfujohau/Build/Intermediates.noindex/ExplicitPrecompiledModules/sys_time-1R333B6MB9DKOHC9HT6WUTO7.scan

PrecompileModule /Users/aleks/Library/Developer/Xcode/DerivedData/PlanItApp-gkehojshtcbfvhersqwajfujohau/Build/Intermediates.noindex/ExplicitPrecompiledModules/_sys_select-6PTQI7MKYNMKDR2VZSJNXHY4S.scan
    cd /Users/aleks/Desktop/PlanItApp/PlanItApp.xcodeproj
    builtin-precompileModule /Users/aleks/Library/Developer/Xcode/DerivedData/PlanItApp-gkehojshtcbfvhersqwajfujohau/Build/Intermediates.noindex/ExplicitPrecompiledModules/_sys_select-6PTQI7MKYNMKDR2VZSJNXHY4S.scan

PrecompileModule /Users/aleks/Library/Developer/Xcode/DerivedData/PlanItApp-gkehojshtcbfvhersqwajfujohau/Build/Intermediates.noindex/ExplicitPrecompiledModules/_string-6U9ELJ4GW608DQ3VE2EHRWDDP.scan
    cd /Users/aleks/Desktop/PlanItApp/PlanItApp.xcodeproj
    builtin-precompileModule /Users/aleks/Library/Developer/Xcode/DerivedData/PlanItApp-gkehojshtcbfvhersqwajfujohau/Build/Intermediates.noindex/ExplicitPrecompiledModules/_string-6U9ELJ4GW608DQ3VE2EHRWDDP.scan

PrecompileModule /Users/aleks/Library/Developer/Xcode/DerivedData/PlanItApp-gkehojshtcbfvhersqwajfujohau/Build/Intermediates.noindex/ExplicitPrecompiledModules/_useconds_t-3M2TY5HVGB6ZBAUW9GL561D8B.scan
    cd /Users/aleks/Desktop/PlanItApp/PlanItApp.xcodeproj
    builtin-precompileModule /Users/aleks/Library/Developer/Xcode/DerivedData/PlanItApp-gkehojshtcbfvhersqwajfujohau/Build/Intermediates.noindex/ExplicitPrecompiledModules/_useconds_t-3M2TY5HVGB6ZBAUW9GL561D8B.scan

PrecompileModule /Users/aleks/Library/Developer/Xcode/DerivedData/PlanItApp-gkehojshtcbfvhersqwajfujohau/Build/Intermediates.noindex/ExplicitPrecompiledModules/sys_time-4W9SS6T58EEGXP9Y9IJ4YNGKA.scan
    cd /Users/aleks/Desktop/PlanItApp/PlanItApp.xcodeproj
    builtin-precompileModule /Users/aleks/Library/Developer/Xcode/DerivedData/PlanItApp-gkehojshtcbfvhersqwajfujohau/Build/Intermediates.noindex/ExplicitPrecompiledModules/sys_time-4W9SS6T58EEGXP9Y9IJ4YNGKA.scan

PrecompileModule /Users/aleks/Library/Developer/Xcode/DerivedData/PlanItApp-gkehojshtcbfvhersqwajfujohau/Build/Intermediates.noindex/ExplicitPrecompiledModules/_assert-9B8ZNJ8LBCCN4HWX4DGVD716W.scan
    cd /Users/aleks/Desktop/PlanItApp/PlanItApp.xcodeproj
    builtin-precompileModule /Users/aleks/Library/Developer/Xcode/DerivedData/PlanItApp-gkehojshtcbfvhersqwajfujohau/Build/Intermediates.noindex/ExplicitPrecompiledModules/_assert-9B8ZNJ8LBCCN4HWX4DGVD716W.scan

PrecompileModule /Users/aleks/Library/Developer/Xcode/DerivedData/PlanItApp-gkehojshtcbfvhersqwajfujohau/Build/Intermediates.noindex/ExplicitPrecompiledModules/_strings-AK6D457GYDO51AH6F96HT8UFJ.scan
    cd /Users/aleks/Desktop/PlanItApp/PlanItApp.xcodeproj
    builtin-precompileModule /Users/aleks/Library/Developer/Xcode/DerivedData/PlanItApp-gkehojshtcbfvhersqwajfujohau/Build/Intermediates.noindex/ExplicitPrecompiledModules/_strings-AK6D457GYDO51AH6F96HT8UFJ.scan

PrecompileModule /Users/aleks/Library/Developer/Xcode/DerivedData/PlanItApp-gkehojshtcbfvhersqwajfujohau/Build/Intermediates.noindex/ExplicitPrecompiledModules/gethostuuid-BG0FYWJ16Q85892M4OEQ9HZC3.scan
    cd /Users/aleks/Desktop/PlanItApp/PlanItApp.xcodeproj
    builtin-precompileModule /Users/aleks/Library/Developer/Xcode/DerivedData/PlanItApp-gkehojshtcbfvhersqwajfujohau/Build/Intermediates.noindex/ExplicitPrecompiledModules/gethostuuid-BG0FYWJ16Q85892M4OEQ9HZC3.scan

PrecompileModule /Users/aleks/Library/Developer/Xcode/DerivedData/PlanItApp-gkehojshtcbfvhersqwajfujohau/Build/Intermediates.noindex/ExplicitPrecompiledModules/runetype-DPZDSZMBPWQ197AIWV1AAXRAO.scan
    cd /Users/aleks/Desktop/PlanItApp/PlanItApp.xcodeproj
    builtin-precompileModule /Users/aleks/Library/Developer/Xcode/DerivedData/PlanItApp-gkehojshtcbfvhersqwajfujohau/Build/Intermediates.noindex/ExplicitPrecompiledModules/runetype-DPZDSZMBPWQ197AIWV1AAXRAO.scan

PrecompileModule /Users/aleks/Library/Developer/Xcode/DerivedData/PlanItApp-gkehojshtcbfvhersqwajfujohau/Build/Intermediates.noindex/ExplicitPrecompiledModules/mach-AFX3DGY87CGVTXFHACXTB1BCU.scan
    cd /Users/aleks/Desktop/PlanItApp/PlanItApp.xcodeproj
    builtin-precompileModule /Users/aleks/Library/Developer/Xcode/DerivedData/PlanItApp-gkehojshtcbfvhersqwajfujohau/Build/Intermediates.noindex/ExplicitPrecompiledModules/mach-AFX3DGY87CGVTXFHACXTB1BCU.scan

PrecompileModule /Users/aleks/Library/Developer/Xcode/DerivedData/PlanItApp-gkehojshtcbfvhersqwajfujohau/Build/Intermediates.noindex/ExplicitPrecompiledModules/uuid-9DZ9UNYBNGYJGTL8OVC5142DG.scan
    cd /Users/aleks/Desktop/PlanItApp/PlanItApp.xcodeproj
    builtin-precompileModule /Users/aleks/Library/Developer/Xcode/DerivedData/PlanItApp-gkehojshtcbfvhersqwajfujohau/Build/Intermediates.noindex/ExplicitPrecompiledModules/uuid-9DZ9UNYBNGYJGTL8OVC5142DG.scan

PrecompileModule /Users/aleks/Library/Developer/Xcode/DerivedData/PlanItApp-gkehojshtcbfvhersqwajfujohau/Build/Intermediates.noindex/ExplicitPrecompiledModules/alloca-CYCU53S1COIIT53F0BE7O70FR.scan
    cd /Users/aleks/Desktop/PlanItApp/PlanItApp.xcodeproj
    builtin-precompileModule /Users/aleks/Library/Developer/Xcode/DerivedData/PlanItApp-gkehojshtcbfvhersqwajfujohau/Build/Intermediates.noindex/ExplicitPrecompiledModules/alloca-CYCU53S1COIIT53F0BE7O70FR.scan

PrecompileModule /Users/aleks/Library/Developer/Xcode/DerivedData/PlanItApp-gkehojshtcbfvhersqwajfujohau/Build/Intermediates.noindex/ExplicitPrecompiledModules/_locale-ENP1WGT53WP4ZMM35JMLN17FN.scan
    cd /Users/aleks/Desktop/PlanItApp/PlanItApp.xcodeproj
    builtin-precompileModule /Users/aleks/Library/Developer/Xcode/DerivedData/PlanItApp-gkehojshtcbfvhersqwajfujohau/Build/Intermediates.noindex/ExplicitPrecompiledModules/_locale-ENP1WGT53WP4ZMM35JMLN17FN.scan

PrecompileModule /Users/aleks/Library/Developer/Xcode/DerivedData/PlanItApp-gkehojshtcbfvhersqwajfujohau/Build/Intermediates.noindex/ExplicitPrecompiledModules/_limits-1M4BUVQ483GNRVC4GR1P1RBT2.scan
    cd /Users/aleks/Desktop/PlanItApp/PlanItApp.xcodeproj
    builtin-precompileModule /Users/aleks/Library/Developer/Xcode/DerivedData/PlanItApp-gkehojshtcbfvhersqwajfujohau/Build/Intermediates.noindex/ExplicitPrecompiledModules/_limits-1M4BUVQ483GNRVC4GR1P1RBT2.scan

PrecompileModule /Users/aleks/Library/Developer/Xcode/DerivedData/PlanItApp-gkehojshtcbfvhersqwajfujohau/Build/Intermediates.noindex/ExplicitPrecompiledModules/sys_select-9EGVCLOGU1UABTQ5MOM13019Y.scan
    cd /Users/aleks/Desktop/PlanItApp/PlanItApp.xcodeproj
    builtin-precompileModule /Users/aleks/Library/Developer/Xcode/DerivedData/PlanItApp-gkehojshtcbfvhersqwajfujohau/Build/Intermediates.noindex/ExplicitPrecompiledModules/sys_select-9EGVCLOGU1UABTQ5MOM13019Y.scan

PrecompileModule /Users/aleks/Library/Developer/Xcode/DerivedData/PlanItApp-gkehojshtcbfvhersqwajfujohau/Build/Intermediates.noindex/ExplicitPrecompiledModules/_errno-364XYTSNOGK6RG53VOAZPOETT.scan
    cd /Users/aleks/Desktop/PlanItApp/PlanItApp.xcodeproj
    builtin-precompileModule /Users/aleks/Library/Developer/Xcode/DerivedData/PlanItApp-gkehojshtcbfvhersqwajfujohau/Build/Intermediates.noindex/ExplicitPrecompiledModules/_errno-364XYTSNOGK6RG53VOAZPOETT.scan

PrecompileModule /Users/aleks/Library/Developer/Xcode/DerivedData/PlanItApp-gkehojshtcbfvhersqwajfujohau/Build/Intermediates.noindex/ExplicitPrecompiledModules/_stdint-CZ1O4UU5K6X2TPIO4426CBHM9.scan
    cd /Users/aleks/Desktop/PlanItApp/PlanItApp.xcodeproj
    builtin-precompileModule /Users/aleks/Library/Developer/Xcode/DerivedData/PlanItApp-gkehojshtcbfvhersqwajfujohau/Build/Intermediates.noindex/ExplicitPrecompiledModules/_stdint-CZ1O4UU5K6X2TPIO4426CBHM9.scan

PrecompileModule /Users/aleks/Library/Developer/Xcode/DerivedData/PlanItApp-gkehojshtcbfvhersqwajfujohau/Build/Intermediates.noindex/ExplicitPrecompiledModules/_ctype-5X9B00I3BCY4EVMZKRCKB4RUI.scan
    cd /Users/aleks/Desktop/PlanItApp/PlanItApp.xcodeproj
    builtin-precompileModule /Users/aleks/Library/Developer/Xcode/DerivedData/PlanItApp-gkehojshtcbfvhersqwajfujohau/Build/Intermediates.noindex/ExplicitPrecompiledModules/_ctype-5X9B00I3BCY4EVMZKRCKB4RUI.scan

PrecompileModule /Users/aleks/Library/Developer/Xcode/DerivedData/PlanItApp-gkehojshtcbfvhersqwajfujohau/Build/Intermediates.noindex/ExplicitPrecompiledModules/_setjmp-201A0DVUM54ASG2RU6I39LY73.scan
    cd /Users/aleks/Desktop/PlanItApp/PlanItApp.xcodeproj
    builtin-precompileModule /Users/aleks/Library/Developer/Xcode/DerivedData/PlanItApp-gkehojshtcbfvhersqwajfujohau/Build/Intermediates.noindex/ExplicitPrecompiledModules/_setjmp-201A0DVUM54ASG2RU6I39LY73.scan

PrecompileModule /Users/aleks/Library/Developer/Xcode/DerivedData/PlanItApp-gkehojshtcbfvhersqwajfujohau/Build/Intermediates.noindex/ExplicitPrecompiledModules/_wchar-69XJG02MOIZWAFZNRE8C6KDYP.scan
    cd /Users/aleks/Desktop/PlanItApp/PlanItApp.xcodeproj
    builtin-precompileModule /Users/aleks/Library/Developer/Xcode/DerivedData/PlanItApp-gkehojshtcbfvhersqwajfujohau/Build/Intermediates.noindex/ExplicitPrecompiledModules/_wchar-69XJG02MOIZWAFZNRE8C6KDYP.scan

PrecompileModule /Users/aleks/Library/Developer/Xcode/DerivedData/PlanItApp-gkehojshtcbfvhersqwajfujohau/Build/Intermediates.noindex/ExplicitPrecompiledModules/nl_types-778LTDKMNBK0WIVEC4ZV9DUBO.scan
    cd /Users/aleks/Desktop/PlanItApp/PlanItApp.xcodeproj
    builtin-precompileModule /Users/aleks/Library/Developer/Xcode/DerivedData/PlanItApp-gkehojshtcbfvhersqwajfujohau/Build/Intermediates.noindex/ExplicitPrecompiledModules/nl_types-778LTDKMNBK0WIVEC4ZV9DUBO.scan

PrecompileModule /Users/aleks/Library/Developer/Xcode/DerivedData/PlanItApp-gkehojshtcbfvhersqwajfujohau/Build/Intermediates.noindex/ExplicitPrecompiledModules/runetype-F5ARD7A6TPOBM3ZKVYOFOF7BP.scan
    cd /Users/aleks/Desktop/PlanItApp/PlanItApp.xcodeproj
    builtin-precompileModule /Users/aleks/Library/Developer/Xcode/DerivedData/PlanItApp-gkehojshtcbfvhersqwajfujohau/Build/Intermediates.noindex/ExplicitPrecompiledModules/runetype-F5ARD7A6TPOBM3ZKVYOFOF7BP.scan

PrecompileModule /Users/aleks/Library/Developer/Xcode/DerivedData/PlanItApp-gkehojshtcbfvhersqwajfujohau/Build/Intermediates.noindex/ExplicitPrecompiledModules/_Builtin_limits-7SBKUC40YDS5O35OCPEZE1OA5.scan
    cd /Users/aleks/Desktop/PlanItApp/PlanItApp.xcodeproj
    builtin-precompileModule /Users/aleks/Library/Developer/Xcode/DerivedData/PlanItApp-gkehojshtcbfvhersqwajfujohau/Build/Intermediates.noindex/ExplicitPrecompiledModules/_Builtin_limits-7SBKUC40YDS5O35OCPEZE1OA5.scan

PrecompileModule /Users/aleks/Library/Developer/Xcode/DerivedData/PlanItApp-gkehojshtcbfvhersqwajfujohau/Build/Intermediates.noindex/ExplicitPrecompiledModules/xlocale-9WQ310CFCJSYPOWLI7U43UGR8.scan
    cd /Users/aleks/Desktop/PlanItApp/PlanItApp.xcodeproj
    builtin-precompileModule /Users/aleks/Library/Developer/Xcode/DerivedData/PlanItApp-gkehojshtcbfvhersqwajfujohau/Build/Intermediates.noindex/ExplicitPrecompiledModules/xlocale-9WQ310CFCJSYPOWLI7U43UGR8.scan

PrecompileModule /Users/aleks/Library/Developer/Xcode/DerivedData/PlanItApp-gkehojshtcbfvhersqwajfujohau/Build/Intermediates.noindex/ExplicitPrecompiledModules/unistd-DHER1VAJRRONTZ8FSFFVEA1Q9.scan
    cd /Users/aleks/Desktop/PlanItApp/PlanItApp.xcodeproj
    builtin-precompileModule /Users/aleks/Library/Developer/Xcode/DerivedData/PlanItApp-gkehojshtcbfvhersqwajfujohau/Build/Intermediates.noindex/ExplicitPrecompiledModules/unistd-DHER1VAJRRONTZ8FSFFVEA1Q9.scan

PrecompileModule /Users/aleks/Library/Developer/Xcode/DerivedData/PlanItApp-gkehojshtcbfvhersqwajfujohau/Build/Intermediates.noindex/ExplicitPrecompiledModules/zlib-1BLQMLH7XVMLTM3J8GH1N006Q.scan
    cd /Users/aleks/Desktop/PlanItApp/PlanItApp.xcodeproj
    builtin-precompileModule /Users/aleks/Library/Developer/Xcode/DerivedData/PlanItApp-gkehojshtcbfvhersqwajfujohau/Build/Intermediates.noindex/ExplicitPrecompiledModules/zlib-1BLQMLH7XVMLTM3J8GH1N006Q.scan

PrecompileModule /Users/aleks/Library/Developer/Xcode/DerivedData/PlanItApp-gkehojshtcbfvhersqwajfujohau/Build/Intermediates.noindex/ExplicitPrecompiledModules/_Builtin_stdint-2YLZ9E2MRJW4ZLX5EPNRAYH8A.scan
    cd /Users/aleks/Desktop/PlanItApp/PlanItApp.xcodeproj
    builtin-precompileModule /Users/aleks/Library/Developer/Xcode/DerivedData/PlanItApp-gkehojshtcbfvhersqwajfujohau/Build/Intermediates.noindex/ExplicitPrecompiledModules/_Builtin_stdint-2YLZ9E2MRJW4ZLX5EPNRAYH8A.scan

PrecompileModule /Users/aleks/Library/Developer/Xcode/DerivedData/PlanItApp-gkehojshtcbfvhersqwajfujohau/Build/Intermediates.noindex/ExplicitPrecompiledModules/mach-DXPS8NOY9T9ELETOSTD6HAT92.scan
    cd /Users/aleks/Desktop/PlanItApp/PlanItApp.xcodeproj
    builtin-precompileModule /Users/aleks/Library/Developer/Xcode/DerivedData/PlanItApp-gkehojshtcbfvhersqwajfujohau/Build/Intermediates.noindex/ExplicitPrecompiledModules/mach-DXPS8NOY9T9ELETOSTD6HAT92.scan

PrecompileModule /Users/aleks/Library/Developer/Xcode/DerivedData/PlanItApp-gkehojshtcbfvhersqwajfujohau/Build/Intermediates.noindex/ExplicitPrecompiledModules/pthread-53TP2YJM0NM28SUTKAC6T6APN.scan
    cd /Users/aleks/Desktop/PlanItApp/PlanItApp.xcodeproj
    builtin-precompileModule /Users/aleks/Library/Developer/Xcode/DerivedData/PlanItApp-gkehojshtcbfvhersqwajfujohau/Build/Intermediates.noindex/ExplicitPrecompiledModules/pthread-53TP2YJM0NM28SUTKAC6T6APN.scan

PrecompileModule /Users/aleks/Library/Developer/Xcode/DerivedData/PlanItApp-gkehojshtcbfvhersqwajfujohau/Build/Intermediates.noindex/ExplicitPrecompiledModules/_stdint-9LG0U3PH3L96NL9KM1XKAMQZV.scan
    cd /Users/aleks/Desktop/PlanItApp/PlanItApp.xcodeproj
    builtin-precompileModule /Users/aleks/Library/Developer/Xcode/DerivedData/PlanItApp-gkehojshtcbfvhersqwajfujohau/Build/Intermediates.noindex/ExplicitPrecompiledModules/_stdint-9LG0U3PH3L96NL9KM1XKAMQZV.scan

PrecompileModule /Users/aleks/Library/Developer/Xcode/DerivedData/PlanItApp-gkehojshtcbfvhersqwajfujohau/Build/Intermediates.noindex/ExplicitPrecompiledModules/_complex-BCSR50NGBHRIH3G0X373B5DIJ.scan
    cd /Users/aleks/Desktop/PlanItApp/PlanItApp.xcodeproj
    builtin-precompileModule /Users/aleks/Library/Developer/Xcode/DerivedData/PlanItApp-gkehojshtcbfvhersqwajfujohau/Build/Intermediates.noindex/ExplicitPrecompiledModules/_complex-BCSR50NGBHRIH3G0X373B5DIJ.scan

PrecompileModule /Users/aleks/Library/Developer/Xcode/DerivedData/PlanItApp-gkehojshtcbfvhersqwajfujohau/Build/Intermediates.noindex/ExplicitPrecompiledModules/netinet_in-DH5UYG5XET5BRVT9OOD90ZMHU.scan
    cd /Users/aleks/Desktop/PlanItApp/PlanItApp.xcodeproj
    builtin-precompileModule /Users/aleks/Library/Developer/Xcode/DerivedData/PlanItApp-gkehojshtcbfvhersqwajfujohau/Build/Intermediates.noindex/ExplicitPrecompiledModules/netinet_in-DH5UYG5XET5BRVT9OOD90ZMHU.scan

PrecompileModule /Users/aleks/Library/Developer/Xcode/DerivedData/PlanItApp-gkehojshtcbfvhersqwajfujohau/Build/Intermediates.noindex/ExplicitPrecompiledModules/_math-BBXDUFQJRKYN89QT2U2K3QYUT.scan
    cd /Users/aleks/Desktop/PlanItApp/PlanItApp.xcodeproj
    builtin-precompileModule /Users/aleks/Library/Developer/Xcode/DerivedData/PlanItApp-gkehojshtcbfvhersqwajfujohau/Build/Intermediates.noindex/ExplicitPrecompiledModules/_math-BBXDUFQJRKYN89QT2U2K3QYUT.scan

PrecompileModule /Users/aleks/Library/Developer/Xcode/DerivedData/PlanItApp-gkehojshtcbfvhersqwajfujohau/Build/Intermediates.noindex/ExplicitPrecompiledModules/netinet_in-B3TI17YD33XKCKRLWXAJPPOHQ.scan
    cd /Users/aleks/Desktop/PlanItApp/PlanItApp.xcodeproj
    builtin-precompileModule /Users/aleks/Library/Developer/Xcode/DerivedData/PlanItApp-gkehojshtcbfvhersqwajfujohau/Build/Intermediates.noindex/ExplicitPrecompiledModules/netinet_in-B3TI17YD33XKCKRLWXAJPPOHQ.scan

PrecompileModule /Users/aleks/Library/Developer/Xcode/DerivedData/PlanItApp-gkehojshtcbfvhersqwajfujohau/Build/Intermediates.noindex/ExplicitPrecompiledModules/sys_resource-CUF1ND82CUDYU66Y3EM199XZ8.scan
    cd /Users/aleks/Desktop/PlanItApp/PlanItApp.xcodeproj
    builtin-precompileModule /Users/aleks/Library/Developer/Xcode/DerivedData/PlanItApp-gkehojshtcbfvhersqwajfujohau/Build/Intermediates.noindex/ExplicitPrecompiledModules/sys_resource-CUF1ND82CUDYU66Y3EM199XZ8.scan

PrecompileModule /Users/aleks/Library/Developer/Xcode/DerivedData/PlanItApp-gkehojshtcbfvhersqwajfujohau/Build/Intermediates.noindex/ExplicitPrecompiledModules/_Builtin_stdatomic-7V9FD7REVYL1EVVOCJ4LL8VO.scan
    cd /Users/aleks/Desktop/PlanItApp/PlanItApp.xcodeproj
    builtin-precompileModule /Users/aleks/Library/Developer/Xcode/DerivedData/PlanItApp-gkehojshtcbfvhersqwajfujohau/Build/Intermediates.noindex/ExplicitPrecompiledModules/_Builtin_stdatomic-7V9FD7REVYL1EVVOCJ4LL8VO.scan

PrecompileModule /Users/aleks/Library/Developer/Xcode/DerivedData/PlanItApp-gkehojshtcbfvhersqwajfujohau/Build/Intermediates.noindex/ExplicitPrecompiledModules/_inttypes-3FWRT206LITY6RXDMTEZ4CIUE.scan
    cd /Users/aleks/Desktop/PlanItApp/PlanItApp.xcodeproj
    builtin-precompileModule /Users/aleks/Library/Developer/Xcode/DerivedData/PlanItApp-gkehojshtcbfvhersqwajfujohau/Build/Intermediates.noindex/ExplicitPrecompiledModules/_inttypes-3FWRT206LITY6RXDMTEZ4CIUE.scan

PrecompileModule /Users/aleks/Library/Developer/Xcode/DerivedData/PlanItApp-gkehojshtcbfvhersqwajfujohau/Build/Intermediates.noindex/ExplicitPrecompiledModules/_sys_select-EKSIVX5214RP9BK7VJTBTCDDQ.scan
    cd /Users/aleks/Desktop/PlanItApp/PlanItApp.xcodeproj
    builtin-precompileModule /Users/aleks/Library/Developer/Xcode/DerivedData/PlanItApp-gkehojshtcbfvhersqwajfujohau/Build/Intermediates.noindex/ExplicitPrecompiledModules/_sys_select-EKSIVX5214RP9BK7VJTBTCDDQ.scan

PrecompileModule /Users/aleks/Library/Developer/Xcode/DerivedData/PlanItApp-gkehojshtcbfvhersqwajfujohau/Build/Intermediates.noindex/ExplicitPrecompiledModules/__wctype-E810YORGOT9KP2YZ7R191M9P4.scan
    cd /Users/aleks/Desktop/PlanItApp/PlanItApp.xcodeproj
    builtin-precompileModule /Users/aleks/Library/Developer/Xcode/DerivedData/PlanItApp-gkehojshtcbfvhersqwajfujohau/Build/Intermediates.noindex/ExplicitPrecompiledModules/__wctype-E810YORGOT9KP2YZ7R191M9P4.scan

PrecompileModule /Users/aleks/Library/Developer/Xcode/DerivedData/PlanItApp-gkehojshtcbfvhersqwajfujohau/Build/Intermediates.noindex/ExplicitPrecompiledModules/_Builtin_stdint-7JJJMVCDOQCUMYW0NIKHY95UB.scan
    cd /Users/aleks/Desktop/PlanItApp/PlanItApp.xcodeproj
    builtin-precompileModule /Users/aleks/Library/Developer/Xcode/DerivedData/PlanItApp-gkehojshtcbfvhersqwajfujohau/Build/Intermediates.noindex/ExplicitPrecompiledModules/_Builtin_stdint-7JJJMVCDOQCUMYW0NIKHY95UB.scan

PrecompileModule /Users/aleks/Library/Developer/Xcode/DerivedData/PlanItApp-gkehojshtcbfvhersqwajfujohau/Build/Intermediates.noindex/ExplicitPrecompiledModules/_Builtin_tgmath-3AFM49SJU3D19W57NCRTMIS9Q.scan
    cd /Users/aleks/Desktop/PlanItApp/PlanItApp.xcodeproj
    builtin-precompileModule /Users/aleks/Library/Developer/Xcode/DerivedData/PlanItApp-gkehojshtcbfvhersqwajfujohau/Build/Intermediates.noindex/ExplicitPrecompiledModules/_Builtin_tgmath-3AFM49SJU3D19W57NCRTMIS9Q.scan

PrecompileModule /Users/aleks/Library/Developer/Xcode/DerivedData/PlanItApp-gkehojshtcbfvhersqwajfujohau/Build/Intermediates.noindex/ExplicitPrecompiledModules/sys_types-7ZR1ES4NTNSVQEKTU9MW5JCD4.scan
    cd /Users/aleks/Desktop/PlanItApp/PlanItApp.xcodeproj
    builtin-precompileModule /Users/aleks/Library/Developer/Xcode/DerivedData/PlanItApp-gkehojshtcbfvhersqwajfujohau/Build/Intermediates.noindex/ExplicitPrecompiledModules/sys_types-7ZR1ES4NTNSVQEKTU9MW5JCD4.scan

PrecompileModule /Users/aleks/Library/Developer/Xcode/DerivedData/PlanItApp-gkehojshtcbfvhersqwajfujohau/Build/Intermediates.noindex/ExplicitPrecompiledModules/_tgmath-47CVLJJZGVPCHASVMLYJAN9N2.scan
    cd /Users/aleks/Desktop/PlanItApp/PlanItApp.xcodeproj
    builtin-precompileModule /Users/aleks/Library/Developer/Xcode/DerivedData/PlanItApp-gkehojshtcbfvhersqwajfujohau/Build/Intermediates.noindex/ExplicitPrecompiledModules/_tgmath-47CVLJJZGVPCHASVMLYJAN9N2.scan

ScanDependencies /Users/aleks/Library/Developer/Xcode/DerivedData/PlanItApp-gkehojshtcbfvhersqwajfujohau/Build/Intermediates.noindex/GoogleUtilities.build/Debug-iphonesimulator/GoogleUtilities-Environment.build/Objects-normal/arm64/resource_bundle_accessor.o /Users/aleks/Library/Developer/Xcode/DerivedData/PlanItApp-gkehojshtcbfvhersqwajfujohau/Build/Intermediates.noindex/GoogleUtilities.build/Debug-iphonesimulator/GoogleUtilities-Environment.build/DerivedSources/resource_bundle_accessor.m normal arm64 objective-c com.apple.compilers.llvm.clang.1_0.compiler (in target 'GoogleUtilities-Environment' from project 'GoogleUtilities')
    cd /Users/aleks/Desktop/PlanItApp/PlanItApp.xcodeproj
    
    Using response file: /Users/aleks/Library/Developer/Xcode/DerivedData/PlanItApp-gkehojshtcbfvhersqwajfujohau/Build/Intermediates.noindex/GoogleUtilities.build/Debug-iphonesimulator/GoogleUtilities-Environment.build/Objects-normal/arm64/e6072d4f65d7061329687fe24e3d63a7-common-args.resp
    
    builtin-ScanDependencies -o /Users/aleks/Library/Developer/Xcode/DerivedData/PlanItApp-gkehojshtcbfvhersqwajfujohau/Build/Intermediates.noindex/GoogleUtilities.build/Debug-iphonesimulator/GoogleUtilities-Environment.build/Objects-normal/arm64/resource_bundle_accessor.o.scan -- /Applications/Xcode.app/Contents/Developer/Toolchains/XcodeDefault.xctoolchain/usr/bin/clang -x objective-c -ivfsstatcache /Users/aleks/Library/Developer/Xcode/DerivedData/SDKStatCaches.noindex/iphonesimulator18.5-22F76-d5fc8ad4295d2ef488fb7d0f804ce0c4.sdkstatcache -fmessage-length\=0 -fdiagnostics-show-note-include-stack -fmacro-backtrace-limit\=0 -fno-color-diagnostics -fmodules-prune-interval\=86400 -fmodules-prune-after\=345600 -fbuild-session-file\=/Users/aleks/Library/Developer/Xcode/DerivedData/ModuleCache.noindex/Session.modulevalidation -fmodules-validate-once-per-build-session -Wnon-modular-include-in-framework-module -Werror\=non-modular-include-in-framework-module -Wno-trigraphs -Wno-missing-field-initializers -Wno-missing-prototypes -Wno-return-type -Wno-implicit-atomic-properties -Wno-objc-interface-ivars -Wno-arc-repeated-use-of-weak -Wno-missing-braces -Wparentheses -Wswitch -Wno-unused-function -Wno-unused-label -Wno-unused-parameter -Wno-unused-variable -Wunused-value -Wno-empty-body -Wno-uninitialized -Wno-unknown-pragmas -w -Wno-shadow -Wno-four-char-constants -Wno-conversion -Wno-constant-conversion -Wno-int-conversion -Wno-bool-conversion -Wno-enum-conversion -Wno-float-conversion -Wno-non-literal-null-conversion -Wno-objc-literal-conversion -Wshorten-64-to-32 -Wpointer-sign -Wno-newline-eof -Wno-selector -Wno-strict-selector-match -Wno-undeclared-selector -Wno-deprecated-implementations -Wno-implicit-fallthrough -fstrict-aliasing -Wprotocol -Wdeprecated-declarations -Wno-sign-conversion -Wno-infinite-recursion -Wno-comma -Wno-block-capture-autoreleasing -Wno-strict-prototypes -Wno-semicolon-before-method-body -index-store-path /Users/aleks/Library/Developer/Xcode/DerivedData/PlanItApp-gkehojshtcbfvhersqwajfujohau/Index.noindex/DataStore @/Users/aleks/Library/Developer/Xcode/DerivedData/PlanItApp-gkehojshtcbfvhersqwajfujohau/Build/Intermediates.noindex/GoogleUtilities.build/Debug-iphonesimulator/GoogleUtilities-Environment.build/Objects-normal/arm64/e6072d4f65d7061329687fe24e3d63a7-common-args.resp -include /Users/aleks/Library/Developer/Xcode/DerivedData/PlanItApp-gkehojshtcbfvhersqwajfujohau/Build/Intermediates.noindex/GoogleUtilities.build/Debug-iphonesimulator/GoogleUtilities-Environment.build/DerivedSources/resource_bundle_accessor.h -MMD -MT dependencies -MF /Users/aleks/Library/Developer/Xcode/DerivedData/PlanItApp-gkehojshtcbfvhersqwajfujohau/Build/Intermediates.noindex/GoogleUtilities.build/Debug-iphonesimulator/GoogleUtilities-Environment.build/Objects-normal/arm64/resource_bundle_accessor.d --serialize-diagnostics /Users/aleks/Library/Developer/Xcode/DerivedData/PlanItApp-gkehojshtcbfvhersqwajfujohau/Build/Intermediates.noindex/GoogleUtilities.build/Debug-iphonesimulator/GoogleUtilities-Environment.build/Objects-normal/arm64/resource_bundle_accessor.dia -c /Users/aleks/Library/Developer/Xcode/DerivedData/PlanItApp-gkehojshtcbfvhersqwajfujohau/Build/Intermediates.noindex/GoogleUtilities.build/Debug-iphonesimulator/GoogleUtilities-Environment.build/DerivedSources/resource_bundle_accessor.m -o /Users/aleks/Library/Developer/Xcode/DerivedData/PlanItApp-gkehojshtcbfvhersqwajfujohau/Build/Intermediates.noindex/GoogleUtilities.build/Debug-iphonesimulator/GoogleUtilities-Environment.build/Objects-normal/arm64/resource_bundle_accessor.o -index-unit-output-path /GoogleUtilities.build/Debug-iphonesimulator/GoogleUtilities-Environment.build/Objects-normal/arm64/resource_bundle_accessor.o

ScanDependencies /Users/aleks/Library/Developer/Xcode/DerivedData/PlanItApp-gkehojshtcbfvhersqwajfujohau/Build/Intermediates.noindex/GoogleUtilities.build/Debug-iphonesimulator/GoogleUtilities-Environment.build/Objects-normal/arm64/GULNetworkInfo.o /Users/aleks/Library/Developer/Xcode/DerivedData/PlanItApp-gkehojshtcbfvhersqwajfujohau/SourcePackages/checkouts/GoogleUtilities/GoogleUtilities/Environment/NetworkInfo/GULNetworkInfo.m normal arm64 objective-c com.apple.compilers.llvm.clang.1_0.compiler (in target 'GoogleUtilities-Environment' from project 'GoogleUtilities')
    cd /Users/aleks/Desktop/PlanItApp/PlanItApp.xcodeproj
    
    Using response file: /Users/aleks/Library/Developer/Xcode/DerivedData/PlanItApp-gkehojshtcbfvhersqwajfujohau/Build/Intermediates.noindex/GoogleUtilities.build/Debug-iphonesimulator/GoogleUtilities-Environment.build/Objects-normal/arm64/e6072d4f65d7061329687fe24e3d63a7-common-args.resp
    
    builtin-ScanDependencies -o /Users/aleks/Library/Developer/Xcode/DerivedData/PlanItApp-gkehojshtcbfvhersqwajfujohau/Build/Intermediates.noindex/GoogleUtilities.build/Debug-iphonesimulator/GoogleUtilities-Environment.build/Objects-normal/arm64/GULNetworkInfo.o.scan -- /Applications/Xcode.app/Contents/Developer/Toolchains/XcodeDefault.xctoolchain/usr/bin/clang -x objective-c -ivfsstatcache /Users/aleks/Library/Developer/Xcode/DerivedData/SDKStatCaches.noindex/iphonesimulator18.5-22F76-d5fc8ad4295d2ef488fb7d0f804ce0c4.sdkstatcache -fmessage-length\=0 -fdiagnostics-show-note-include-stack -fmacro-backtrace-limit\=0 -fno-color-diagnostics -fmodules-prune-interval\=86400 -fmodules-prune-after\=345600 -fbuild-session-file\=/Users/aleks/Library/Developer/Xcode/DerivedData/ModuleCache.noindex/Session.modulevalidation -fmodules-validate-once-per-build-session -Wnon-modular-include-in-framework-module -Werror\=non-modular-include-in-framework-module -Wno-trigraphs -Wno-missing-field-initializers -Wno-missing-prototypes -Wno-return-type -Wno-implicit-atomic-properties -Wno-objc-interface-ivars -Wno-arc-repeated-use-of-weak -Wno-missing-braces -Wparentheses -Wswitch -Wno-unused-function -Wno-unused-label -Wno-unused-parameter -Wno-unused-variable -Wunused-value -Wno-empty-body -Wno-uninitialized -Wno-unknown-pragmas -w -Wno-shadow -Wno-four-char-constants -Wno-conversion -Wno-constant-conversion -Wno-int-conversion -Wno-bool-conversion -Wno-enum-conversion -Wno-float-conversion -Wno-non-literal-null-conversion -Wno-objc-literal-conversion -Wshorten-64-to-32 -Wpointer-sign -Wno-newline-eof -Wno-selector -Wno-strict-selector-match -Wno-undeclared-selector -Wno-deprecated-implementations -Wno-implicit-fallthrough -fstrict-aliasing -Wprotocol -Wdeprecated-declarations -Wno-sign-conversion -Wno-infinite-recursion -Wno-comma -Wno-block-capture-autoreleasing -Wno-strict-prototypes -Wno-semicolon-before-method-body -index-store-path /Users/aleks/Library/Developer/Xcode/DerivedData/PlanItApp-gkehojshtcbfvhersqwajfujohau/Index.noindex/DataStore @/Users/aleks/Library/Developer/Xcode/DerivedData/PlanItApp-gkehojshtcbfvhersqwajfujohau/Build/Intermediates.noindex/GoogleUtilities.build/Debug-iphonesimulator/GoogleUtilities-Environment.build/Objects-normal/arm64/e6072d4f65d7061329687fe24e3d63a7-common-args.resp -include /Users/aleks/Library/Developer/Xcode/DerivedData/PlanItApp-gkehojshtcbfvhersqwajfujohau/Build/Intermediates.noindex/GoogleUtilities.build/Debug-iphonesimulator/GoogleUtilities-Environment.build/DerivedSources/resource_bundle_accessor.h -MMD -MT dependencies -MF /Users/aleks/Library/Developer/Xcode/DerivedData/PlanItApp-gkehojshtcbfvhersqwajfujohau/Build/Intermediates.noindex/GoogleUtilities.build/Debug-iphonesimulator/GoogleUtilities-Environment.build/Objects-normal/arm64/GULNetworkInfo.d --serialize-diagnostics /Users/aleks/Library/Developer/Xcode/DerivedData/PlanItApp-gkehojshtcbfvhersqwajfujohau/Build/Intermediates.noindex/GoogleUtilities.build/Debug-iphonesimulator/GoogleUtilities-Environment.build/Objects-normal/arm64/GULNetworkInfo.dia -c /Users/aleks/Library/Developer/Xcode/DerivedData/PlanItApp-gkehojshtcbfvhersqwajfujohau/SourcePackages/checkouts/GoogleUtilities/GoogleUtilities/Environment/NetworkInfo/GULNetworkInfo.m -o /Users/aleks/Library/Developer/Xcode/DerivedData/PlanItApp-gkehojshtcbfvhersqwajfujohau/Build/Intermediates.noindex/GoogleUtilities.build/Debug-iphonesimulator/GoogleUtilities-Environment.build/Objects-normal/arm64/GULNetworkInfo.o -index-unit-output-path /GoogleUtilities.build/Debug-iphonesimulator/GoogleUtilities-Environment.build/Objects-normal/arm64/GULNetworkInfo.o

PrecompileModule /Users/aleks/Library/Developer/Xcode/DerivedData/PlanItApp-gkehojshtcbfvhersqwajfujohau/Build/Intermediates.noindex/ExplicitPrecompiledModules/sys_wait-7V3V6YJAC50K4T4S4UEW10HMA.scan
    cd /Users/aleks/Desktop/PlanItApp/PlanItApp.xcodeproj
    builtin-precompileModule /Users/aleks/Library/Developer/Xcode/DerivedData/PlanItApp-gkehojshtcbfvhersqwajfujohau/Build/Intermediates.noindex/ExplicitPrecompiledModules/sys_wait-7V3V6YJAC50K4T4S4UEW10HMA.scan

PrecompileModule /Users/aleks/Library/Developer/Xcode/DerivedData/PlanItApp-gkehojshtcbfvhersqwajfujohau/Build/Intermediates.noindex/ExplicitPrecompiledModules/_Builtin_inttypes-6OCP32W2LUAYJL69VDML6T75Z.scan
    cd /Users/aleks/Desktop/PlanItApp/PlanItApp.xcodeproj
    builtin-precompileModule /Users/aleks/Library/Developer/Xcode/DerivedData/PlanItApp-gkehojshtcbfvhersqwajfujohau/Build/Intermediates.noindex/ExplicitPrecompiledModules/_Builtin_inttypes-6OCP32W2LUAYJL69VDML6T75Z.scan

ScanDependencies /Users/aleks/Library/Developer/Xcode/DerivedData/PlanItApp-gkehojshtcbfvhersqwajfujohau/Build/Intermediates.noindex/GoogleUtilities.build/Debug-iphonesimulator/GoogleUtilities-Environment.build/Objects-normal/arm64/GULKeychainUtils.o /Users/aleks/Library/Developer/Xcode/DerivedData/PlanItApp-gkehojshtcbfvhersqwajfujohau/SourcePackages/checkouts/GoogleUtilities/GoogleUtilities/Environment/SecureStorage/GULKeychainUtils.m normal arm64 objective-c com.apple.compilers.llvm.clang.1_0.compiler (in target 'GoogleUtilities-Environment' from project 'GoogleUtilities')
    cd /Users/aleks/Desktop/PlanItApp/PlanItApp.xcodeproj
    
    Using response file: /Users/aleks/Library/Developer/Xcode/DerivedData/PlanItApp-gkehojshtcbfvhersqwajfujohau/Build/Intermediates.noindex/GoogleUtilities.build/Debug-iphonesimulator/GoogleUtilities-Environment.build/Objects-normal/arm64/e6072d4f65d7061329687fe24e3d63a7-common-args.resp
    
    builtin-ScanDependencies -o /Users/aleks/Library/Developer/Xcode/DerivedData/PlanItApp-gkehojshtcbfvhersqwajfujohau/Build/Intermediates.noindex/GoogleUtilities.build/Debug-iphonesimulator/GoogleUtilities-Environment.build/Objects-normal/arm64/GULKeychainUtils.o.scan -- /Applications/Xcode.app/Contents/Developer/Toolchains/XcodeDefault.xctoolchain/usr/bin/clang -x objective-c -ivfsstatcache /Users/aleks/Library/Developer/Xcode/DerivedData/SDKStatCaches.noindex/iphonesimulator18.5-22F76-d5fc8ad4295d2ef488fb7d0f804ce0c4.sdkstatcache -fmessage-length\=0 -fdiagnostics-show-note-include-stack -fmacro-backtrace-limit\=0 -fno-color-diagnostics -fmodules-prune-interval\=86400 -fmodules-prune-after\=345600 -fbuild-session-file\=/Users/aleks/Library/Developer/Xcode/DerivedData/ModuleCache.noindex/Session.modulevalidation -fmodules-validate-once-per-build-session -Wnon-modular-include-in-framework-module -Werror\=non-modular-include-in-framework-module -Wno-trigraphs -Wno-missing-field-initializers -Wno-missing-prototypes -Wno-return-type -Wno-implicit-atomic-properties -Wno-objc-interface-ivars -Wno-arc-repeated-use-of-weak -Wno-missing-braces -Wparentheses -Wswitch -Wno-unused-function -Wno-unused-label -Wno-unused-parameter -Wno-unused-variable -Wunused-value -Wno-empty-body -Wno-uninitialized -Wno-unknown-pragmas -w -Wno-shadow -Wno-four-char-constants -Wno-conversion -Wno-constant-conversion -Wno-int-conversion -Wno-bool-conversion -Wno-enum-conversion -Wno-float-conversion -Wno-non-literal-null-conversion -Wno-objc-literal-conversion -Wshorten-64-to-32 -Wpointer-sign -Wno-newline-eof -Wno-selector -Wno-strict-selector-match -Wno-undeclared-selector -Wno-deprecated-implementations -Wno-implicit-fallthrough -fstrict-aliasing -Wprotocol -Wdeprecated-declarations -Wno-sign-conversion -Wno-infinite-recursion -Wno-comma -Wno-block-capture-autoreleasing -Wno-strict-prototypes -Wno-semicolon-before-method-body -index-store-path /Users/aleks/Library/Developer/Xcode/DerivedData/PlanItApp-gkehojshtcbfvhersqwajfujohau/Index.noindex/DataStore @/Users/aleks/Library/Developer/Xcode/DerivedData/PlanItApp-gkehojshtcbfvhersqwajfujohau/Build/Intermediates.noindex/GoogleUtilities.build/Debug-iphonesimulator/GoogleUtilities-Environment.build/Objects-normal/arm64/e6072d4f65d7061329687fe24e3d63a7-common-args.resp -include /Users/aleks/Library/Developer/Xcode/DerivedData/PlanItApp-gkehojshtcbfvhersqwajfujohau/Build/Intermediates.noindex/GoogleUtilities.build/Debug-iphonesimulator/GoogleUtilities-Environment.build/DerivedSources/resource_bundle_accessor.h -MMD -MT dependencies -MF /Users/aleks/Library/Developer/Xcode/DerivedData/PlanItApp-gkehojshtcbfvhersqwajfujohau/Build/Intermediates.noindex/GoogleUtilities.build/Debug-iphonesimulator/GoogleUtilities-Environment.build/Objects-normal/arm64/GULKeychainUtils.d --serialize-diagnostics /Users/aleks/Library/Developer/Xcode/DerivedData/PlanItApp-gkehojshtcbfvhersqwajfujohau/Build/Intermediates.noindex/GoogleUtilities.build/Debug-iphonesimulator/GoogleUtilities-Environment.build/Objects-normal/arm64/GULKeychainUtils.dia -c /Users/aleks/Library/Developer/Xcode/DerivedData/PlanItApp-gkehojshtcbfvhersqwajfujohau/SourcePackages/checkouts/GoogleUtilities/GoogleUtilities/Environment/SecureStorage/GULKeychainUtils.m -o /Users/aleks/Library/Developer/Xcode/DerivedData/PlanItApp-gkehojshtcbfvhersqwajfujohau/Build/Intermediates.noindex/GoogleUtilities.build/Debug-iphonesimulator/GoogleUtilities-Environment.build/Objects-normal/arm64/GULKeychainUtils.o -index-unit-output-path /GoogleUtilities.build/Debug-iphonesimulator/GoogleUtilities-Environment.build/Objects-normal/arm64/GULKeychainUtils.o

PrecompileModule /Users/aleks/Library/Developer/Xcode/DerivedData/PlanItApp-gkehojshtcbfvhersqwajfujohau/Build/Intermediates.noindex/ExplicitPrecompiledModules/_wctype-A8CMBXTN7VR1DIJ4BC5WGRTOG.scan
    cd /Users/aleks/Desktop/PlanItApp/PlanItApp.xcodeproj
    builtin-precompileModule /Users/aleks/Library/Developer/Xcode/DerivedData/PlanItApp-gkehojshtcbfvhersqwajfujohau/Build/Intermediates.noindex/ExplicitPrecompiledModules/_wctype-A8CMBXTN7VR1DIJ4BC5WGRTOG.scan

ScanDependencies /Users/aleks/Library/Developer/Xcode/DerivedData/PlanItApp-gkehojshtcbfvhersqwajfujohau/Build/Intermediates.noindex/GoogleUtilities.build/Debug-iphonesimulator/GoogleUtilities-Environment.build/Objects-normal/arm64/GULKeychainStorage.o /Users/aleks/Library/Developer/Xcode/DerivedData/PlanItApp-gkehojshtcbfvhersqwajfujohau/SourcePackages/checkouts/GoogleUtilities/GoogleUtilities/Environment/SecureStorage/GULKeychainStorage.m normal arm64 objective-c com.apple.compilers.llvm.clang.1_0.compiler (in target 'GoogleUtilities-Environment' from project 'GoogleUtilities')
    cd /Users/aleks/Desktop/PlanItApp/PlanItApp.xcodeproj
    
    Using response file: /Users/aleks/Library/Developer/Xcode/DerivedData/PlanItApp-gkehojshtcbfvhersqwajfujohau/Build/Intermediates.noindex/GoogleUtilities.build/Debug-iphonesimulator/GoogleUtilities-Environment.build/Objects-normal/arm64/e6072d4f65d7061329687fe24e3d63a7-common-args.resp
    
    builtin-ScanDependencies -o /Users/aleks/Library/Developer/Xcode/DerivedData/PlanItApp-gkehojshtcbfvhersqwajfujohau/Build/Intermediates.noindex/GoogleUtilities.build/Debug-iphonesimulator/GoogleUtilities-Environment.build/Objects-normal/arm64/GULKeychainStorage.o.scan -- /Applications/Xcode.app/Contents/Developer/Toolchains/XcodeDefault.xctoolchain/usr/bin/clang -x objective-c -ivfsstatcache /Users/aleks/Library/Developer/Xcode/DerivedData/SDKStatCaches.noindex/iphonesimulator18.5-22F76-d5fc8ad4295d2ef488fb7d0f804ce0c4.sdkstatcache -fmessage-length\=0 -fdiagnostics-show-note-include-stack -fmacro-backtrace-limit\=0 -fno-color-diagnostics -fmodules-prune-interval\=86400 -fmodules-prune-after\=345600 -fbuild-session-file\=/Users/aleks/Library/Developer/Xcode/DerivedData/ModuleCache.noindex/Session.modulevalidation -fmodules-validate-once-per-build-session -Wnon-modular-include-in-framework-module -Werror\=non-modular-include-in-framework-module -Wno-trigraphs -Wno-missing-field-initializers -Wno-missing-prototypes -Wno-return-type -Wno-implicit-atomic-properties -Wno-objc-interface-ivars -Wno-arc-repeated-use-of-weak -Wno-missing-braces -Wparentheses -Wswitch -Wno-unused-function -Wno-unused-label -Wno-unused-parameter -Wno-unused-variable -Wunused-value -Wno-empty-body -Wno-uninitialized -Wno-unknown-pragmas -w -Wno-shadow -Wno-four-char-constants -Wno-conversion -Wno-constant-conversion -Wno-int-conversion -Wno-bool-conversion -Wno-enum-conversion -Wno-float-conversion -Wno-non-literal-null-conversion -Wno-objc-literal-conversion -Wshorten-64-to-32 -Wpointer-sign -Wno-newline-eof -Wno-selector -Wno-strict-selector-match -Wno-undeclared-selector -Wno-deprecated-implementations -Wno-implicit-fallthrough -fstrict-aliasing -Wprotocol -Wdeprecated-declarations -Wno-sign-conversion -Wno-infinite-recursion -Wno-comma -Wno-block-capture-autoreleasing -Wno-strict-prototypes -Wno-semicolon-before-method-body -index-store-path /Users/aleks/Library/Developer/Xcode/DerivedData/PlanItApp-gkehojshtcbfvhersqwajfujohau/Index.noindex/DataStore @/Users/aleks/Library/Developer/Xcode/DerivedData/PlanItApp-gkehojshtcbfvhersqwajfujohau/Build/Intermediates.noindex/GoogleUtilities.build/Debug-iphonesimulator/GoogleUtilities-Environment.build/Objects-normal/arm64/e6072d4f65d7061329687fe24e3d63a7-common-args.resp -include /Users/aleks/Library/Developer/Xcode/DerivedData/PlanItApp-gkehojshtcbfvhersqwajfujohau/Build/Intermediates.noindex/GoogleUtilities.build/Debug-iphonesimulator/GoogleUtilities-Environment.build/DerivedSources/resource_bundle_accessor.h -MMD -MT dependencies -MF /Users/aleks/Library/Developer/Xcode/DerivedData/PlanItApp-gkehojshtcbfvhersqwajfujohau/Build/Intermediates.noindex/GoogleUtilities.build/Debug-iphonesimulator/GoogleUtilities-Environment.build/Objects-normal/arm64/GULKeychainStorage.d --serialize-diagnostics /Users/aleks/Library/Developer/Xcode/DerivedData/PlanItApp-gkehojshtcbfvhersqwajfujohau/Build/Intermediates.noindex/GoogleUtilities.build/Debug-iphonesimulator/GoogleUtilities-Environment.build/Objects-normal/arm64/GULKeychainStorage.dia -c /Users/aleks/Library/Developer/Xcode/DerivedData/PlanItApp-gkehojshtcbfvhersqwajfujohau/SourcePackages/checkouts/GoogleUtilities/GoogleUtilities/Environment/SecureStorage/GULKeychainStorage.m -o /Users/aleks/Library/Developer/Xcode/DerivedData/PlanItApp-gkehojshtcbfvhersqwajfujohau/Build/Intermediates.noindex/GoogleUtilities.build/Debug-iphonesimulator/GoogleUtilities-Environment.build/Objects-normal/arm64/GULKeychainStorage.o -index-unit-output-path /GoogleUtilities.build/Debug-iphonesimulator/GoogleUtilities-Environment.build/Objects-normal/arm64/GULKeychainStorage.o

PrecompileModule /Users/aleks/Library/Developer/Xcode/DerivedData/PlanItApp-gkehojshtcbfvhersqwajfujohau/Build/Intermediates.noindex/ExplicitPrecompiledModules/sys_types-EM9F1K9QACF5USXOOUVAWPYRN.scan
    cd /Users/aleks/Desktop/PlanItApp/PlanItApp.xcodeproj
    builtin-precompileModule /Users/aleks/Library/Developer/Xcode/DerivedData/PlanItApp-gkehojshtcbfvhersqwajfujohau/Build/Intermediates.noindex/ExplicitPrecompiledModules/sys_types-EM9F1K9QACF5USXOOUVAWPYRN.scan

PrecompileModule /Users/aleks/Library/Developer/Xcode/DerivedData/PlanItApp-gkehojshtcbfvhersqwajfujohau/Build/Intermediates.noindex/ExplicitPrecompiledModules/_string-B39IE3VDLUH6DKZ1KQ5C60DIF.scan
    cd /Users/aleks/Desktop/PlanItApp/PlanItApp.xcodeproj
    builtin-precompileModule /Users/aleks/Library/Developer/Xcode/DerivedData/PlanItApp-gkehojshtcbfvhersqwajfujohau/Build/Intermediates.noindex/ExplicitPrecompiledModules/_string-B39IE3VDLUH6DKZ1KQ5C60DIF.scan

PrecompileModule /Users/aleks/Library/Developer/Xcode/DerivedData/PlanItApp-gkehojshtcbfvhersqwajfujohau/Build/Intermediates.noindex/ExplicitPrecompiledModules/sys_resource-7IY9XGV9WS9909XGYPYEC8WXU.scan
    cd /Users/aleks/Desktop/PlanItApp/PlanItApp.xcodeproj
    builtin-precompileModule /Users/aleks/Library/Developer/Xcode/DerivedData/PlanItApp-gkehojshtcbfvhersqwajfujohau/Build/Intermediates.noindex/ExplicitPrecompiledModules/sys_resource-7IY9XGV9WS9909XGYPYEC8WXU.scan

PrecompileModule /Users/aleks/Library/Developer/Xcode/DerivedData/PlanItApp-gkehojshtcbfvhersqwajfujohau/Build/Intermediates.noindex/ExplicitPrecompiledModules/_Builtin_tgmath-6KYUV04WVVRRZV5WY01ENKYN0.scan
    cd /Users/aleks/Desktop/PlanItApp/PlanItApp.xcodeproj
    builtin-precompileModule /Users/aleks/Library/Developer/Xcode/DerivedData/PlanItApp-gkehojshtcbfvhersqwajfujohau/Build/Intermediates.noindex/ExplicitPrecompiledModules/_Builtin_tgmath-6KYUV04WVVRRZV5WY01ENKYN0.scan

PrecompileModule /Users/aleks/Library/Developer/Xcode/DerivedData/PlanItApp-gkehojshtcbfvhersqwajfujohau/Build/Intermediates.noindex/ExplicitPrecompiledModules/_signal-BGS55ZJ4HNM9O9ITUSB4XEWW.scan
    cd /Users/aleks/Desktop/PlanItApp/PlanItApp.xcodeproj
    builtin-precompileModule /Users/aleks/Library/Developer/Xcode/DerivedData/PlanItApp-gkehojshtcbfvhersqwajfujohau/Build/Intermediates.noindex/ExplicitPrecompiledModules/_signal-BGS55ZJ4HNM9O9ITUSB4XEWW.scan

PrecompileModule /Users/aleks/Library/Developer/Xcode/DerivedData/PlanItApp-gkehojshtcbfvhersqwajfujohau/Build/Intermediates.noindex/ExplicitPrecompiledModules/_stdlib-AUONHKZQE2D9V9UAQTK6IT83M.scan
    cd /Users/aleks/Desktop/PlanItApp/PlanItApp.xcodeproj
    builtin-precompileModule /Users/aleks/Library/Developer/Xcode/DerivedData/PlanItApp-gkehojshtcbfvhersqwajfujohau/Build/Intermediates.noindex/ExplicitPrecompiledModules/_stdlib-AUONHKZQE2D9V9UAQTK6IT83M.scan

PrecompileModule /Users/aleks/Library/Developer/Xcode/DerivedData/PlanItApp-gkehojshtcbfvhersqwajfujohau/Build/Intermediates.noindex/ExplicitPrecompiledModules/_string-32TDT6GVN5C1NGC7JALFUY1WK.scan
    cd /Users/aleks/Desktop/PlanItApp/PlanItApp.xcodeproj
    builtin-precompileModule /Users/aleks/Library/Developer/Xcode/DerivedData/PlanItApp-gkehojshtcbfvhersqwajfujohau/Build/Intermediates.noindex/ExplicitPrecompiledModules/_string-32TDT6GVN5C1NGC7JALFUY1WK.scan

PrecompileModule /Users/aleks/Library/Developer/Xcode/DerivedData/PlanItApp-gkehojshtcbfvhersqwajfujohau/Build/Intermediates.noindex/ExplicitPrecompiledModules/nl_types-BDYYQADW5T8Q8P54DYC0QCY2Q.scan
    cd /Users/aleks/Desktop/PlanItApp/PlanItApp.xcodeproj
    builtin-precompileModule /Users/aleks/Library/Developer/Xcode/DerivedData/PlanItApp-gkehojshtcbfvhersqwajfujohau/Build/Intermediates.noindex/ExplicitPrecompiledModules/nl_types-BDYYQADW5T8Q8P54DYC0QCY2Q.scan

PrecompileModule /Users/aleks/Library/Developer/Xcode/DerivedData/PlanItApp-gkehojshtcbfvhersqwajfujohau/Build/Intermediates.noindex/ExplicitPrecompiledModules/sys_resource-13NCLLSM2NFIK22IUSVE1QVVR.scan
    cd /Users/aleks/Desktop/PlanItApp/PlanItApp.xcodeproj
    builtin-precompileModule /Users/aleks/Library/Developer/Xcode/DerivedData/PlanItApp-gkehojshtcbfvhersqwajfujohau/Build/Intermediates.noindex/ExplicitPrecompiledModules/sys_resource-13NCLLSM2NFIK22IUSVE1QVVR.scan

PrecompileModule /Users/aleks/Library/Developer/Xcode/DerivedData/PlanItApp-gkehojshtcbfvhersqwajfujohau/Build/Intermediates.noindex/ExplicitPrecompiledModules/_signal-C7J7SUFTA1ZNYI6URQCRZKQY.scan
    cd /Users/aleks/Desktop/PlanItApp/PlanItApp.xcodeproj
    builtin-precompileModule /Users/aleks/Library/Developer/Xcode/DerivedData/PlanItApp-gkehojshtcbfvhersqwajfujohau/Build/Intermediates.noindex/ExplicitPrecompiledModules/_signal-C7J7SUFTA1ZNYI6URQCRZKQY.scan

PrecompileModule /Users/aleks/Library/Developer/Xcode/DerivedData/PlanItApp-gkehojshtcbfvhersqwajfujohau/Build/Intermediates.noindex/ExplicitPrecompiledModules/_stdio-86Z1HPAQ6I4EB970RO6MG0XN.scan
    cd /Users/aleks/Desktop/PlanItApp/PlanItApp.xcodeproj
    builtin-precompileModule /Users/aleks/Library/Developer/Xcode/DerivedData/PlanItApp-gkehojshtcbfvhersqwajfujohau/Build/Intermediates.noindex/ExplicitPrecompiledModules/_stdio-86Z1HPAQ6I4EB970RO6MG0XN.scan

PrecompileModule /Users/aleks/Library/Developer/Xcode/DerivedData/PlanItApp-gkehojshtcbfvhersqwajfujohau/Build/Intermediates.noindex/ExplicitPrecompiledModules/_time-70S6MUI0FA0XOGLA7IXNMZGDE.scan
    cd /Users/aleks/Desktop/PlanItApp/PlanItApp.xcodeproj
    builtin-precompileModule /Users/aleks/Library/Developer/Xcode/DerivedData/PlanItApp-gkehojshtcbfvhersqwajfujohau/Build/Intermediates.noindex/ExplicitPrecompiledModules/_time-70S6MUI0FA0XOGLA7IXNMZGDE.scan

PrecompileModule /Users/aleks/Library/Developer/Xcode/DerivedData/PlanItApp-gkehojshtcbfvhersqwajfujohau/Build/Intermediates.noindex/ExplicitPrecompiledModules/sys_wait-6UOBQU7G6SZA9WDQ2IJ4FVQXH.scan
    cd /Users/aleks/Desktop/PlanItApp/PlanItApp.xcodeproj
    builtin-precompileModule /Users/aleks/Library/Developer/Xcode/DerivedData/PlanItApp-gkehojshtcbfvhersqwajfujohau/Build/Intermediates.noindex/ExplicitPrecompiledModules/sys_wait-6UOBQU7G6SZA9WDQ2IJ4FVQXH.scan

ScanDependencies /Users/aleks/Library/Developer/Xcode/DerivedData/PlanItApp-gkehojshtcbfvhersqwajfujohau/Build/Intermediates.noindex/GoogleUtilities.build/Debug-iphonesimulator/GoogleUtilities-Environment.build/Objects-normal/arm64/GULAppEnvironmentUtil.o /Users/aleks/Library/Developer/Xcode/DerivedData/PlanItApp-gkehojshtcbfvhersqwajfujohau/SourcePackages/checkouts/GoogleUtilities/GoogleUtilities/Environment/GULAppEnvironmentUtil.m normal arm64 objective-c com.apple.compilers.llvm.clang.1_0.compiler (in target 'GoogleUtilities-Environment' from project 'GoogleUtilities')
    cd /Users/aleks/Desktop/PlanItApp/PlanItApp.xcodeproj
    
    Using response file: /Users/aleks/Library/Developer/Xcode/DerivedData/PlanItApp-gkehojshtcbfvhersqwajfujohau/Build/Intermediates.noindex/GoogleUtilities.build/Debug-iphonesimulator/GoogleUtilities-Environment.build/Objects-normal/arm64/e6072d4f65d7061329687fe24e3d63a7-common-args.resp
    
    builtin-ScanDependencies -o /Users/aleks/Library/Developer/Xcode/DerivedData/PlanItApp-gkehojshtcbfvhersqwajfujohau/Build/Intermediates.noindex/GoogleUtilities.build/Debug-iphonesimulator/GoogleUtilities-Environment.build/Objects-normal/arm64/GULAppEnvironmentUtil.o.scan -- /Applications/Xcode.app/Contents/Developer/Toolchains/XcodeDefault.xctoolchain/usr/bin/clang -x objective-c -ivfsstatcache /Users/aleks/Library/Developer/Xcode/DerivedData/SDKStatCaches.noindex/iphonesimulator18.5-22F76-d5fc8ad4295d2ef488fb7d0f804ce0c4.sdkstatcache -fmessage-length\=0 -fdiagnostics-show-note-include-stack -fmacro-backtrace-limit\=0 -fno-color-diagnostics -fmodules-prune-interval\=86400 -fmodules-prune-after\=345600 -fbuild-session-file\=/Users/aleks/Library/Developer/Xcode/DerivedData/ModuleCache.noindex/Session.modulevalidation -fmodules-validate-once-per-build-session -Wnon-modular-include-in-framework-module -Werror\=non-modular-include-in-framework-module -Wno-trigraphs -Wno-missing-field-initializers -Wno-missing-prototypes -Wno-return-type -Wno-implicit-atomic-properties -Wno-objc-interface-ivars -Wno-arc-repeated-use-of-weak -Wno-missing-braces -Wparentheses -Wswitch -Wno-unused-function -Wno-unused-label -Wno-unused-parameter -Wno-unused-variable -Wunused-value -Wno-empty-body -Wno-uninitialized -Wno-unknown-pragmas -w -Wno-shadow -Wno-four-char-constants -Wno-conversion -Wno-constant-conversion -Wno-int-conversion -Wno-bool-conversion -Wno-enum-conversion -Wno-float-conversion -Wno-non-literal-null-conversion -Wno-objc-literal-conversion -Wshorten-64-to-32 -Wpointer-sign -Wno-newline-eof -Wno-selector -Wno-strict-selector-match -Wno-undeclared-selector -Wno-deprecated-implementations -Wno-implicit-fallthrough -fstrict-aliasing -Wprotocol -Wdeprecated-declarations -Wno-sign-conversion -Wno-infinite-recursion -Wno-comma -Wno-block-capture-autoreleasing -Wno-strict-prototypes -Wno-semicolon-before-method-body -index-store-path /Users/aleks/Library/Developer/Xcode/DerivedData/PlanItApp-gkehojshtcbfvhersqwajfujohau/Index.noindex/DataStore @/Users/aleks/Library/Developer/Xcode/DerivedData/PlanItApp-gkehojshtcbfvhersqwajfujohau/Build/Intermediates.noindex/GoogleUtilities.build/Debug-iphonesimulator/GoogleUtilities-Environment.build/Objects-normal/arm64/e6072d4f65d7061329687fe24e3d63a7-common-args.resp -include /Users/aleks/Library/Developer/Xcode/DerivedData/PlanItApp-gkehojshtcbfvhersqwajfujohau/Build/Intermediates.noindex/GoogleUtilities.build/Debug-iphonesimulator/GoogleUtilities-Environment.build/DerivedSources/resource_bundle_accessor.h -MMD -MT dependencies -MF /Users/aleks/Library/Developer/Xcode/DerivedData/PlanItApp-gkehojshtcbfvhersqwajfujohau/Build/Intermediates.noindex/GoogleUtilities.build/Debug-iphonesimulator/GoogleUtilities-Environment.build/Objects-normal/arm64/GULAppEnvironmentUtil.d --serialize-diagnostics /Users/aleks/Library/Developer/Xcode/DerivedData/PlanItApp-gkehojshtcbfvhersqwajfujohau/Build/Intermediates.noindex/GoogleUtilities.build/Debug-iphonesimulator/GoogleUtilities-Environment.build/Objects-normal/arm64/GULAppEnvironmentUtil.dia -c /Users/aleks/Library/Developer/Xcode/DerivedData/PlanItApp-gkehojshtcbfvhersqwajfujohau/SourcePackages/checkouts/GoogleUtilities/GoogleUtilities/Environment/GULAppEnvironmentUtil.m -o /Users/aleks/Library/Developer/Xcode/DerivedData/PlanItApp-gkehojshtcbfvhersqwajfujohau/Build/Intermediates.noindex/GoogleUtilities.build/Debug-iphonesimulator/GoogleUtilities-Environment.build/Objects-normal/arm64/GULAppEnvironmentUtil.o -index-unit-output-path /GoogleUtilities.build/Debug-iphonesimulator/GoogleUtilities-Environment.build/Objects-normal/arm64/GULAppEnvironmentUtil.o

ScanDependencies /Users/aleks/Library/Developer/Xcode/DerivedData/PlanItApp-gkehojshtcbfvhersqwajfujohau/Build/Intermediates.noindex/GTMSessionFetcher.build/Debug-iphonesimulator/GTMSessionFetcherCore.build/Objects-normal/arm64/resource_bundle_accessor.o /Users/aleks/Library/Developer/Xcode/DerivedData/PlanItApp-gkehojshtcbfvhersqwajfujohau/Build/Intermediates.noindex/GTMSessionFetcher.build/Debug-iphonesimulator/GTMSessionFetcherCore.build/DerivedSources/resource_bundle_accessor.m normal arm64 objective-c com.apple.compilers.llvm.clang.1_0.compiler (in target 'GTMSessionFetcherCore' from project 'GTMSessionFetcher')
    cd /Users/aleks/Desktop/PlanItApp/PlanItApp.xcodeproj
    
    Using response file: /Users/aleks/Library/Developer/Xcode/DerivedData/PlanItApp-gkehojshtcbfvhersqwajfujohau/Build/Intermediates.noindex/GTMSessionFetcher.build/Debug-iphonesimulator/GTMSessionFetcherCore.build/Objects-normal/arm64/e6072d4f65d7061329687fe24e3d63a7-common-args.resp
    
    builtin-ScanDependencies -o /Users/aleks/Library/Developer/Xcode/DerivedData/PlanItApp-gkehojshtcbfvhersqwajfujohau/Build/Intermediates.noindex/GTMSessionFetcher.build/Debug-iphonesimulator/GTMSessionFetcherCore.build/Objects-normal/arm64/resource_bundle_accessor.o.scan -- /Applications/Xcode.app/Contents/Developer/Toolchains/XcodeDefault.xctoolchain/usr/bin/clang -x objective-c -ivfsstatcache /Users/aleks/Library/Developer/Xcode/DerivedData/SDKStatCaches.noindex/iphonesimulator18.5-22F76-d5fc8ad4295d2ef488fb7d0f804ce0c4.sdkstatcache -fmessage-length\=0 -fdiagnostics-show-note-include-stack -fmacro-backtrace-limit\=0 -fno-color-diagnostics -fmodules-prune-interval\=86400 -fmodules-prune-after\=345600 -fbuild-session-file\=/Users/aleks/Library/Developer/Xcode/DerivedData/ModuleCache.noindex/Session.modulevalidation -fmodules-validate-once-per-build-session -Wnon-modular-include-in-framework-module -Werror\=non-modular-include-in-framework-module -Wno-trigraphs -Wno-missing-field-initializers -Wno-missing-prototypes -Wno-return-type -Wno-implicit-atomic-properties -Wno-objc-interface-ivars -Wno-arc-repeated-use-of-weak -Wno-missing-braces -Wparentheses -Wswitch -Wno-unused-function -Wno-unused-label -Wno-unused-parameter -Wno-unused-variable -Wunused-value -Wno-empty-body -Wno-uninitialized -Wno-unknown-pragmas -w -Wno-shadow -Wno-four-char-constants -Wno-conversion -Wno-constant-conversion -Wno-int-conversion -Wno-bool-conversion -Wno-enum-conversion -Wno-float-conversion -Wno-non-literal-null-conversion -Wno-objc-literal-conversion -Wshorten-64-to-32 -Wpointer-sign -Wno-newline-eof -Wno-selector -Wno-strict-selector-match -Wno-undeclared-selector -Wno-deprecated-implementations -Wno-implicit-fallthrough -fstrict-aliasing -Wprotocol -Wdeprecated-declarations -Wno-sign-conversion -Wno-infinite-recursion -Wno-comma -Wno-block-capture-autoreleasing -Wno-strict-prototypes -Wno-semicolon-before-method-body -index-store-path /Users/aleks/Library/Developer/Xcode/DerivedData/PlanItApp-gkehojshtcbfvhersqwajfujohau/Index.noindex/DataStore @/Users/aleks/Library/Developer/Xcode/DerivedData/PlanItApp-gkehojshtcbfvhersqwajfujohau/Build/Intermediates.noindex/GTMSessionFetcher.build/Debug-iphonesimulator/GTMSessionFetcherCore.build/Objects-normal/arm64/e6072d4f65d7061329687fe24e3d63a7-common-args.resp -include /Users/aleks/Library/Developer/Xcode/DerivedData/PlanItApp-gkehojshtcbfvhersqwajfujohau/Build/Intermediates.noindex/GTMSessionFetcher.build/Debug-iphonesimulator/GTMSessionFetcherCore.build/DerivedSources/resource_bundle_accessor.h -MMD -MT dependencies -MF /Users/aleks/Library/Developer/Xcode/DerivedData/PlanItApp-gkehojshtcbfvhersqwajfujohau/Build/Intermediates.noindex/GTMSessionFetcher.build/Debug-iphonesimulator/GTMSessionFetcherCore.build/Objects-normal/arm64/resource_bundle_accessor.d --serialize-diagnostics /Users/aleks/Library/Developer/Xcode/DerivedData/PlanItApp-gkehojshtcbfvhersqwajfujohau/Build/Intermediates.noindex/GTMSessionFetcher.build/Debug-iphonesimulator/GTMSessionFetcherCore.build/Objects-normal/arm64/resource_bundle_accessor.dia -c /Users/aleks/Library/Developer/Xcode/DerivedData/PlanItApp-gkehojshtcbfvhersqwajfujohau/Build/Intermediates.noindex/GTMSessionFetcher.build/Debug-iphonesimulator/GTMSessionFetcherCore.build/DerivedSources/resource_bundle_accessor.m -o /Users/aleks/Library/Developer/Xcode/DerivedData/PlanItApp-gkehojshtcbfvhersqwajfujohau/Build/Intermediates.noindex/GTMSessionFetcher.build/Debug-iphonesimulator/GTMSessionFetcherCore.build/Objects-normal/arm64/resource_bundle_accessor.o -index-unit-output-path /GTMSessionFetcher.build/Debug-iphonesimulator/GTMSessionFetcherCore.build/Objects-normal/arm64/resource_bundle_accessor.o

ScanDependencies /Users/aleks/Library/Developer/Xcode/DerivedData/PlanItApp-gkehojshtcbfvhersqwajfujohau/Build/Intermediates.noindex/GTMSessionFetcher.build/Debug-iphonesimulator/GTMSessionFetcherCore.build/Objects-normal/arm64/GTMSessionUploadFetcher.o /Users/aleks/Library/Developer/Xcode/DerivedData/PlanItApp-gkehojshtcbfvhersqwajfujohau/SourcePackages/checkouts/gtm-session-fetcher/Sources/Core/GTMSessionUploadFetcher.m normal arm64 objective-c com.apple.compilers.llvm.clang.1_0.compiler (in target 'GTMSessionFetcherCore' from project 'GTMSessionFetcher')
    cd /Users/aleks/Desktop/PlanItApp/PlanItApp.xcodeproj
    
    Using response file: /Users/aleks/Library/Developer/Xcode/DerivedData/PlanItApp-gkehojshtcbfvhersqwajfujohau/Build/Intermediates.noindex/GTMSessionFetcher.build/Debug-iphonesimulator/GTMSessionFetcherCore.build/Objects-normal/arm64/e6072d4f65d7061329687fe24e3d63a7-common-args.resp
    
    builtin-ScanDependencies -o /Users/aleks/Library/Developer/Xcode/DerivedData/PlanItApp-gkehojshtcbfvhersqwajfujohau/Build/Intermediates.noindex/GTMSessionFetcher.build/Debug-iphonesimulator/GTMSessionFetcherCore.build/Objects-normal/arm64/GTMSessionUploadFetcher.o.scan -- /Applications/Xcode.app/Contents/Developer/Toolchains/XcodeDefault.xctoolchain/usr/bin/clang -x objective-c -ivfsstatcache /Users/aleks/Library/Developer/Xcode/DerivedData/SDKStatCaches.noindex/iphonesimulator18.5-22F76-d5fc8ad4295d2ef488fb7d0f804ce0c4.sdkstatcache -fmessage-length\=0 -fdiagnostics-show-note-include-stack -fmacro-backtrace-limit\=0 -fno-color-diagnostics -fmodules-prune-interval\=86400 -fmodules-prune-after\=345600 -fbuild-session-file\=/Users/aleks/Library/Developer/Xcode/DerivedData/ModuleCache.noindex/Session.modulevalidation -fmodules-validate-once-per-build-session -Wnon-modular-include-in-framework-module -Werror\=non-modular-include-in-framework-module -Wno-trigraphs -Wno-missing-field-initializers -Wno-missing-prototypes -Wno-return-type -Wno-implicit-atomic-properties -Wno-objc-interface-ivars -Wno-arc-repeated-use-of-weak -Wno-missing-braces -Wparentheses -Wswitch -Wno-unused-function -Wno-unused-label -Wno-unused-parameter -Wno-unused-variable -Wunused-value -Wno-empty-body -Wno-uninitialized -Wno-unknown-pragmas -w -Wno-shadow -Wno-four-char-constants -Wno-conversion -Wno-constant-conversion -Wno-int-conversion -Wno-bool-conversion -Wno-enum-conversion -Wno-float-conversion -Wno-non-literal-null-conversion -Wno-objc-literal-conversion -Wshorten-64-to-32 -Wpointer-sign -Wno-newline-eof -Wno-selector -Wno-strict-selector-match -Wno-undeclared-selector -Wno-deprecated-implementations -Wno-implicit-fallthrough -fstrict-aliasing -Wprotocol -Wdeprecated-declarations -Wno-sign-conversion -Wno-infinite-recursion -Wno-comma -Wno-block-capture-autoreleasing -Wno-strict-prototypes -Wno-semicolon-before-method-body -index-store-path /Users/aleks/Library/Developer/Xcode/DerivedData/PlanItApp-gkehojshtcbfvhersqwajfujohau/Index.noindex/DataStore @/Users/aleks/Library/Developer/Xcode/DerivedData/PlanItApp-gkehojshtcbfvhersqwajfujohau/Build/Intermediates.noindex/GTMSessionFetcher.build/Debug-iphonesimulator/GTMSessionFetcherCore.build/Objects-normal/arm64/e6072d4f65d7061329687fe24e3d63a7-common-args.resp -include /Users/aleks/Library/Developer/Xcode/DerivedData/PlanItApp-gkehojshtcbfvhersqwajfujohau/Build/Intermediates.noindex/GTMSessionFetcher.build/Debug-iphonesimulator/GTMSessionFetcherCore.build/DerivedSources/resource_bundle_accessor.h -MMD -MT dependencies -MF /Users/aleks/Library/Developer/Xcode/DerivedData/PlanItApp-gkehojshtcbfvhersqwajfujohau/Build/Intermediates.noindex/GTMSessionFetcher.build/Debug-iphonesimulator/GTMSessionFetcherCore.build/Objects-normal/arm64/GTMSessionUploadFetcher.d --serialize-diagnostics /Users/aleks/Library/Developer/Xcode/DerivedData/PlanItApp-gkehojshtcbfvhersqwajfujohau/Build/Intermediates.noindex/GTMSessionFetcher.build/Debug-iphonesimulator/GTMSessionFetcherCore.build/Objects-normal/arm64/GTMSessionUploadFetcher.dia -c /Users/aleks/Library/Developer/Xcode/DerivedData/PlanItApp-gkehojshtcbfvhersqwajfujohau/SourcePackages/checkouts/gtm-session-fetcher/Sources/Core/GTMSessionUploadFetcher.m -o /Users/aleks/Library/Developer/Xcode/DerivedData/PlanItApp-gkehojshtcbfvhersqwajfujohau/Build/Intermediates.noindex/GTMSessionFetcher.build/Debug-iphonesimulator/GTMSessionFetcherCore.build/Objects-normal/arm64/GTMSessionUploadFetcher.o -index-unit-output-path /GTMSessionFetcher.build/Debug-iphonesimulator/GTMSessionFetcherCore.build/Objects-normal/arm64/GTMSessionUploadFetcher.o

ScanDependencies /Users/aleks/Library/Developer/Xcode/DerivedData/PlanItApp-gkehojshtcbfvhersqwajfujohau/Build/Intermediates.noindex/GTMSessionFetcher.build/Debug-iphonesimulator/GTMSessionFetcherCore.build/Objects-normal/arm64/GTMSessionFetcherService.o /Users/aleks/Library/Developer/Xcode/DerivedData/PlanItApp-gkehojshtcbfvhersqwajfujohau/SourcePackages/checkouts/gtm-session-fetcher/Sources/Core/GTMSessionFetcherService.m normal arm64 objective-c com.apple.compilers.llvm.clang.1_0.compiler (in target 'GTMSessionFetcherCore' from project 'GTMSessionFetcher')
    cd /Users/aleks/Desktop/PlanItApp/PlanItApp.xcodeproj
    
    Using response file: /Users/aleks/Library/Developer/Xcode/DerivedData/PlanItApp-gkehojshtcbfvhersqwajfujohau/Build/Intermediates.noindex/GTMSessionFetcher.build/Debug-iphonesimulator/GTMSessionFetcherCore.build/Objects-normal/arm64/e6072d4f65d7061329687fe24e3d63a7-common-args.resp
    
    builtin-ScanDependencies -o /Users/aleks/Library/Developer/Xcode/DerivedData/PlanItApp-gkehojshtcbfvhersqwajfujohau/Build/Intermediates.noindex/GTMSessionFetcher.build/Debug-iphonesimulator/GTMSessionFetcherCore.build/Objects-normal/arm64/GTMSessionFetcherService.o.scan -- /Applications/Xcode.app/Contents/Developer/Toolchains/XcodeDefault.xctoolchain/usr/bin/clang -x objective-c -ivfsstatcache /Users/aleks/Library/Developer/Xcode/DerivedData/SDKStatCaches.noindex/iphonesimulator18.5-22F76-d5fc8ad4295d2ef488fb7d0f804ce0c4.sdkstatcache -fmessage-length\=0 -fdiagnostics-show-note-include-stack -fmacro-backtrace-limit\=0 -fno-color-diagnostics -fmodules-prune-interval\=86400 -fmodules-prune-after\=345600 -fbuild-session-file\=/Users/aleks/Library/Developer/Xcode/DerivedData/ModuleCache.noindex/Session.modulevalidation -fmodules-validate-once-per-build-session -Wnon-modular-include-in-framework-module -Werror\=non-modular-include-in-framework-module -Wno-trigraphs -Wno-missing-field-initializers -Wno-missing-prototypes -Wno-return-type -Wno-implicit-atomic-properties -Wno-objc-interface-ivars -Wno-arc-repeated-use-of-weak -Wno-missing-braces -Wparentheses -Wswitch -Wno-unused-function -Wno-unused-label -Wno-unused-parameter -Wno-unused-variable -Wunused-value -Wno-empty-body -Wno-uninitialized -Wno-unknown-pragmas -w -Wno-shadow -Wno-four-char-constants -Wno-conversion -Wno-constant-conversion -Wno-int-conversion -Wno-bool-conversion -Wno-enum-conversion -Wno-float-conversion -Wno-non-literal-null-conversion -Wno-objc-literal-conversion -Wshorten-64-to-32 -Wpointer-sign -Wno-newline-eof -Wno-selector -Wno-strict-selector-match -Wno-undeclared-selector -Wno-deprecated-implementations -Wno-implicit-fallthrough -fstrict-aliasing -Wprotocol -Wdeprecated-declarations -Wno-sign-conversion -Wno-infinite-recursion -Wno-comma -Wno-block-capture-autoreleasing -Wno-strict-prototypes -Wno-semicolon-before-method-body -index-store-path /Users/aleks/Library/Developer/Xcode/DerivedData/PlanItApp-gkehojshtcbfvhersqwajfujohau/Index.noindex/DataStore @/Users/aleks/Library/Developer/Xcode/DerivedData/PlanItApp-gkehojshtcbfvhersqwajfujohau/Build/Intermediates.noindex/GTMSessionFetcher.build/Debug-iphonesimulator/GTMSessionFetcherCore.build/Objects-normal/arm64/e6072d4f65d7061329687fe24e3d63a7-common-args.resp -include /Users/aleks/Library/Developer/Xcode/DerivedData/PlanItApp-gkehojshtcbfvhersqwajfujohau/Build/Intermediates.noindex/GTMSessionFetcher.build/Debug-iphonesimulator/GTMSessionFetcherCore.build/DerivedSources/resource_bundle_accessor.h -MMD -MT dependencies -MF /Users/aleks/Library/Developer/Xcode/DerivedData/PlanItApp-gkehojshtcbfvhersqwajfujohau/Build/Intermediates.noindex/GTMSessionFetcher.build/Debug-iphonesimulator/GTMSessionFetcherCore.build/Objects-normal/arm64/GTMSessionFetcherService.d --serialize-diagnostics /Users/aleks/Library/Developer/Xcode/DerivedData/PlanItApp-gkehojshtcbfvhersqwajfujohau/Build/Intermediates.noindex/GTMSessionFetcher.build/Debug-iphonesimulator/GTMSessionFetcherCore.build/Objects-normal/arm64/GTMSessionFetcherService.dia -c /Users/aleks/Library/Developer/Xcode/DerivedData/PlanItApp-gkehojshtcbfvhersqwajfujohau/SourcePackages/checkouts/gtm-session-fetcher/Sources/Core/GTMSessionFetcherService.m -o /Users/aleks/Library/Developer/Xcode/DerivedData/PlanItApp-gkehojshtcbfvhersqwajfujohau/Build/Intermediates.noindex/GTMSessionFetcher.build/Debug-iphonesimulator/GTMSessionFetcherCore.build/Objects-normal/arm64/GTMSessionFetcherService.o -index-unit-output-path /GTMSessionFetcher.build/Debug-iphonesimulator/GTMSessionFetcherCore.build/Objects-normal/arm64/GTMSessionFetcherService.o

PrecompileModule /Users/aleks/Library/Developer/Xcode/DerivedData/PlanItApp-gkehojshtcbfvhersqwajfujohau/Build/Intermediates.noindex/ExplicitPrecompiledModules/Darwin-DQZNBVSVXFV9MM0GFGQQFOGCS.scan
    cd /Users/aleks/Desktop/PlanItApp/PlanItApp.xcodeproj
    builtin-precompileModule /Users/aleks/Library/Developer/Xcode/DerivedData/PlanItApp-gkehojshtcbfvhersqwajfujohau/Build/Intermediates.noindex/ExplicitPrecompiledModules/Darwin-DQZNBVSVXFV9MM0GFGQQFOGCS.scan

ScanDependencies /Users/aleks/Library/Developer/Xcode/DerivedData/PlanItApp-gkehojshtcbfvhersqwajfujohau/Build/Intermediates.noindex/GTMSessionFetcher.build/Debug-iphonesimulator/GTMSessionFetcherCore.build/Objects-normal/arm64/GTMSessionFetcherLogging.o /Users/aleks/Library/Developer/Xcode/DerivedData/PlanItApp-gkehojshtcbfvhersqwajfujohau/SourcePackages/checkouts/gtm-session-fetcher/Sources/Core/GTMSessionFetcherLogging.m normal arm64 objective-c com.apple.compilers.llvm.clang.1_0.compiler (in target 'GTMSessionFetcherCore' from project 'GTMSessionFetcher')
    cd /Users/aleks/Desktop/PlanItApp/PlanItApp.xcodeproj
    
    Using response file: /Users/aleks/Library/Developer/Xcode/DerivedData/PlanItApp-gkehojshtcbfvhersqwajfujohau/Build/Intermediates.noindex/GTMSessionFetcher.build/Debug-iphonesimulator/GTMSessionFetcherCore.build/Objects-normal/arm64/e6072d4f65d7061329687fe24e3d63a7-common-args.resp
    
    builtin-ScanDependencies -o /Users/aleks/Library/Developer/Xcode/DerivedData/PlanItApp-gkehojshtcbfvhersqwajfujohau/Build/Intermediates.noindex/GTMSessionFetcher.build/Debug-iphonesimulator/GTMSessionFetcherCore.build/Objects-normal/arm64/GTMSessionFetcherLogging.o.scan -- /Applications/Xcode.app/Contents/Developer/Toolchains/XcodeDefault.xctoolchain/usr/bin/clang -x objective-c -ivfsstatcache /Users/aleks/Library/Developer/Xcode/DerivedData/SDKStatCaches.noindex/iphonesimulator18.5-22F76-d5fc8ad4295d2ef488fb7d0f804ce0c4.sdkstatcache -fmessage-length\=0 -fdiagnostics-show-note-include-stack -fmacro-backtrace-limit\=0 -fno-color-diagnostics -fmodules-prune-interval\=86400 -fmodules-prune-after\=345600 -fbuild-session-file\=/Users/aleks/Library/Developer/Xcode/DerivedData/ModuleCache.noindex/Session.modulevalidation -fmodules-validate-once-per-build-session -Wnon-modular-include-in-framework-module -Werror\=non-modular-include-in-framework-module -Wno-trigraphs -Wno-missing-field-initializers -Wno-missing-prototypes -Wno-return-type -Wno-implicit-atomic-properties -Wno-objc-interface-ivars -Wno-arc-repeated-use-of-weak -Wno-missing-braces -Wparentheses -Wswitch -Wno-unused-function -Wno-unused-label -Wno-unused-parameter -Wno-unused-variable -Wunused-value -Wno-empty-body -Wno-uninitialized -Wno-unknown-pragmas -w -Wno-shadow -Wno-four-char-constants -Wno-conversion -Wno-constant-conversion -Wno-int-conversion -Wno-bool-conversion -Wno-enum-conversion -Wno-float-conversion -Wno-non-literal-null-conversion -Wno-objc-literal-conversion -Wshorten-64-to-32 -Wpointer-sign -Wno-newline-eof -Wno-selector -Wno-strict-selector-match -Wno-undeclared-selector -Wno-deprecated-implementations -Wno-implicit-fallthrough -fstrict-aliasing -Wprotocol -Wdeprecated-declarations -Wno-sign-conversion -Wno-infinite-recursion -Wno-comma -Wno-block-capture-autoreleasing -Wno-strict-prototypes -Wno-semicolon-before-method-body -index-store-path /Users/aleks/Library/Developer/Xcode/DerivedData/PlanItApp-gkehojshtcbfvhersqwajfujohau/Index.noindex/DataStore @/Users/aleks/Library/Developer/Xcode/DerivedData/PlanItApp-gkehojshtcbfvhersqwajfujohau/Build/Intermediates.noindex/GTMSessionFetcher.build/Debug-iphonesimulator/GTMSessionFetcherCore.build/Objects-normal/arm64/e6072d4f65d7061329687fe24e3d63a7-common-args.resp -include /Users/aleks/Library/Developer/Xcode/DerivedData/PlanItApp-gkehojshtcbfvhersqwajfujohau/Build/Intermediates.noindex/GTMSessionFetcher.build/Debug-iphonesimulator/GTMSessionFetcherCore.build/DerivedSources/resource_bundle_accessor.h -MMD -MT dependencies -MF /Users/aleks/Library/Developer/Xcode/DerivedData/PlanItApp-gkehojshtcbfvhersqwajfujohau/Build/Intermediates.noindex/GTMSessionFetcher.build/Debug-iphonesimulator/GTMSessionFetcherCore.build/Objects-normal/arm64/GTMSessionFetcherLogging.d --serialize-diagnostics /Users/aleks/Library/Developer/Xcode/DerivedData/PlanItApp-gkehojshtcbfvhersqwajfujohau/Build/Intermediates.noindex/GTMSessionFetcher.build/Debug-iphonesimulator/GTMSessionFetcherCore.build/Objects-normal/arm64/GTMSessionFetcherLogging.dia -c /Users/aleks/Library/Developer/Xcode/DerivedData/PlanItApp-gkehojshtcbfvhersqwajfujohau/SourcePackages/checkouts/gtm-session-fetcher/Sources/Core/GTMSessionFetcherLogging.m -o /Users/aleks/Library/Developer/Xcode/DerivedData/PlanItApp-gkehojshtcbfvhersqwajfujohau/Build/Intermediates.noindex/GTMSessionFetcher.build/Debug-iphonesimulator/GTMSessionFetcherCore.build/Objects-normal/arm64/GTMSessionFetcherLogging.o -index-unit-output-path /GTMSessionFetcher.build/Debug-iphonesimulator/GTMSessionFetcherCore.build/Objects-normal/arm64/GTMSessionFetcherLogging.o

PrecompileModule /Users/aleks/Library/Developer/Xcode/DerivedData/PlanItApp-gkehojshtcbfvhersqwajfujohau/Build/Intermediates.noindex/ExplicitPrecompiledModules/sys_wait-27DQ7LCY0G5HGF11TFJIONHJM.scan
    cd /Users/aleks/Desktop/PlanItApp/PlanItApp.xcodeproj
    builtin-precompileModule /Users/aleks/Library/Developer/Xcode/DerivedData/PlanItApp-gkehojshtcbfvhersqwajfujohau/Build/Intermediates.noindex/ExplicitPrecompiledModules/sys_wait-27DQ7LCY0G5HGF11TFJIONHJM.scan

ScanDependencies /Users/aleks/Library/Developer/Xcode/DerivedData/PlanItApp-gkehojshtcbfvhersqwajfujohau/Build/Intermediates.noindex/GTMSessionFetcher.build/Debug-iphonesimulator/GTMSessionFetcherCore.build/Objects-normal/arm64/GTMSessionFetcher.o /Users/aleks/Library/Developer/Xcode/DerivedData/PlanItApp-gkehojshtcbfvhersqwajfujohau/SourcePackages/checkouts/gtm-session-fetcher/Sources/Core/GTMSessionFetcher.m normal arm64 objective-c com.apple.compilers.llvm.clang.1_0.compiler (in target 'GTMSessionFetcherCore' from project 'GTMSessionFetcher')
    cd /Users/aleks/Desktop/PlanItApp/PlanItApp.xcodeproj
    
    Using response file: /Users/aleks/Library/Developer/Xcode/DerivedData/PlanItApp-gkehojshtcbfvhersqwajfujohau/Build/Intermediates.noindex/GTMSessionFetcher.build/Debug-iphonesimulator/GTMSessionFetcherCore.build/Objects-normal/arm64/e6072d4f65d7061329687fe24e3d63a7-common-args.resp
    
    builtin-ScanDependencies -o /Users/aleks/Library/Developer/Xcode/DerivedData/PlanItApp-gkehojshtcbfvhersqwajfujohau/Build/Intermediates.noindex/GTMSessionFetcher.build/Debug-iphonesimulator/GTMSessionFetcherCore.build/Objects-normal/arm64/GTMSessionFetcher.o.scan -- /Applications/Xcode.app/Contents/Developer/Toolchains/XcodeDefault.xctoolchain/usr/bin/clang -x objective-c -ivfsstatcache /Users/aleks/Library/Developer/Xcode/DerivedData/SDKStatCaches.noindex/iphonesimulator18.5-22F76-d5fc8ad4295d2ef488fb7d0f804ce0c4.sdkstatcache -fmessage-length\=0 -fdiagnostics-show-note-include-stack -fmacro-backtrace-limit\=0 -fno-color-diagnostics -fmodules-prune-interval\=86400 -fmodules-prune-after\=345600 -fbuild-session-file\=/Users/aleks/Library/Developer/Xcode/DerivedData/ModuleCache.noindex/Session.modulevalidation -fmodules-validate-once-per-build-session -Wnon-modular-include-in-framework-module -Werror\=non-modular-include-in-framework-module -Wno-trigraphs -Wno-missing-field-initializers -Wno-missing-prototypes -Wno-return-type -Wno-implicit-atomic-properties -Wno-objc-interface-ivars -Wno-arc-repeated-use-of-weak -Wno-missing-braces -Wparentheses -Wswitch -Wno-unused-function -Wno-unused-label -Wno-unused-parameter -Wno-unused-variable -Wunused-value -Wno-empty-body -Wno-uninitialized -Wno-unknown-pragmas -w -Wno-shadow -Wno-four-char-constants -Wno-conversion -Wno-constant-conversion -Wno-int-conversion -Wno-bool-conversion -Wno-enum-conversion -Wno-float-conversion -Wno-non-literal-null-conversion -Wno-objc-literal-conversion -Wshorten-64-to-32 -Wpointer-sign -Wno-newline-eof -Wno-selector -Wno-strict-selector-match -Wno-undeclared-selector -Wno-deprecated-implementations -Wno-implicit-fallthrough -fstrict-aliasing -Wprotocol -Wdeprecated-declarations -Wno-sign-conversion -Wno-infinite-recursion -Wno-comma -Wno-block-capture-autoreleasing -Wno-strict-prototypes -Wno-semicolon-before-method-body -index-store-path /Users/aleks/Library/Developer/Xcode/DerivedData/PlanItApp-gkehojshtcbfvhersqwajfujohau/Index.noindex/DataStore @/Users/aleks/Library/Developer/Xcode/DerivedData/PlanItApp-gkehojshtcbfvhersqwajfujohau/Build/Intermediates.noindex/GTMSessionFetcher.build/Debug-iphonesimulator/GTMSessionFetcherCore.build/Objects-normal/arm64/e6072d4f65d7061329687fe24e3d63a7-common-args.resp -include /Users/aleks/Library/Developer/Xcode/DerivedData/PlanItApp-gkehojshtcbfvhersqwajfujohau/Build/Intermediates.noindex/GTMSessionFetcher.build/Debug-iphonesimulator/GTMSessionFetcherCore.build/DerivedSources/resource_bundle_accessor.h -MMD -MT dependencies -MF /Users/aleks/Library/Developer/Xcode/DerivedData/PlanItApp-gkehojshtcbfvhersqwajfujohau/Build/Intermediates.noindex/GTMSessionFetcher.build/Debug-iphonesimulator/GTMSessionFetcherCore.build/Objects-normal/arm64/GTMSessionFetcher.d --serialize-diagnostics /Users/aleks/Library/Developer/Xcode/DerivedData/PlanItApp-gkehojshtcbfvhersqwajfujohau/Build/Intermediates.noindex/GTMSessionFetcher.build/Debug-iphonesimulator/GTMSessionFetcherCore.build/Objects-normal/arm64/GTMSessionFetcher.dia -c /Users/aleks/Library/Developer/Xcode/DerivedData/PlanItApp-gkehojshtcbfvhersqwajfujohau/SourcePackages/checkouts/gtm-session-fetcher/Sources/Core/GTMSessionFetcher.m -o /Users/aleks/Library/Developer/Xcode/DerivedData/PlanItApp-gkehojshtcbfvhersqwajfujohau/Build/Intermediates.noindex/GTMSessionFetcher.build/Debug-iphonesimulator/GTMSessionFetcherCore.build/Objects-normal/arm64/GTMSessionFetcher.o -index-unit-output-path /GTMSessionFetcher.build/Debug-iphonesimulator/GTMSessionFetcherCore.build/Objects-normal/arm64/GTMSessionFetcher.o

SwiftCompile normal arm64 Compiling\ FirebaseDataEncoder.swift /Users/aleks/Library/Developer/Xcode/DerivedData/PlanItApp-gkehojshtcbfvhersqwajfujohau/SourcePackages/checkouts/firebase-ios-sdk/FirebaseSharedSwift/Sources/third_party/FirebaseDataEncoder/FirebaseDataEncoder.swift (in target 'FirebaseSharedSwift' from project 'Firebase')
SwiftCompile normal arm64 /Users/aleks/Library/Developer/Xcode/DerivedData/PlanItApp-gkehojshtcbfvhersqwajfujohau/SourcePackages/checkouts/firebase-ios-sdk/FirebaseSharedSwift/Sources/third_party/FirebaseDataEncoder/FirebaseDataEncoder.swift (in target 'FirebaseSharedSwift' from project 'Firebase')
    cd /Users/aleks/Desktop/PlanItApp/PlanItApp.xcodeproj
    

PrecompileModule /Users/aleks/Library/Developer/Xcode/DerivedData/PlanItApp-gkehojshtcbfvhersqwajfujohau/Build/Intermediates.noindex/ExplicitPrecompiledModules/gethostuuid-4D2QYO46Y3SHV3Z142OOY17QU.scan
    cd /Users/aleks/Desktop/PlanItApp/PlanItApp.xcodeproj
    builtin-precompileModule /Users/aleks/Library/Developer/Xcode/DerivedData/PlanItApp-gkehojshtcbfvhersqwajfujohau/Build/Intermediates.noindex/ExplicitPrecompiledModules/gethostuuid-4D2QYO46Y3SHV3Z142OOY17QU.scan

PrecompileModule /Users/aleks/Library/Developer/Xcode/DerivedData/PlanItApp-gkehojshtcbfvhersqwajfujohau/Build/Intermediates.noindex/ExplicitPrecompiledModules/_stdlib-158G94M3DFVG7TVMNS4F90X9D.scan
    cd /Users/aleks/Desktop/PlanItApp/PlanItApp.xcodeproj
    builtin-precompileModule /Users/aleks/Library/Developer/Xcode/DerivedData/PlanItApp-gkehojshtcbfvhersqwajfujohau/Build/Intermediates.noindex/ExplicitPrecompiledModules/_stdlib-158G94M3DFVG7TVMNS4F90X9D.scan

PrecompileModule /Users/aleks/Library/Developer/Xcode/DerivedData/PlanItApp-gkehojshtcbfvhersqwajfujohau/Build/Intermediates.noindex/ExplicitPrecompiledModules/MachO-9KYZSNPAN9EB9Q8S3OXYEPQY6.scan
    cd /Users/aleks/Desktop/PlanItApp/PlanItApp.xcodeproj
    builtin-precompileModule /Users/aleks/Library/Developer/Xcode/DerivedData/PlanItApp-gkehojshtcbfvhersqwajfujohau/Build/Intermediates.noindex/ExplicitPrecompiledModules/MachO-9KYZSNPAN9EB9Q8S3OXYEPQY6.scan

PrecompileModule /Users/aleks/Library/Developer/Xcode/DerivedData/PlanItApp-gkehojshtcbfvhersqwajfujohau/Build/Intermediates.noindex/ExplicitPrecompiledModules/ObjectiveC-7ZUC1WUQ7U5VSGNO4MMHJM02X.scan
    cd /Users/aleks/Desktop/PlanItApp/PlanItApp.xcodeproj
    builtin-precompileModule /Users/aleks/Library/Developer/Xcode/DerivedData/PlanItApp-gkehojshtcbfvhersqwajfujohau/Build/Intermediates.noindex/ExplicitPrecompiledModules/ObjectiveC-7ZUC1WUQ7U5VSGNO4MMHJM02X.scan

PrecompileModule /Users/aleks/Library/Developer/Xcode/DerivedData/PlanItApp-gkehojshtcbfvhersqwajfujohau/Build/Intermediates.noindex/ExplicitPrecompiledModules/_stdlib-4TQY27BWPROLFEFIDZHFIOSOZ.scan
    cd /Users/aleks/Desktop/PlanItApp/PlanItApp.xcodeproj
    builtin-precompileModule /Users/aleks/Library/Developer/Xcode/DerivedData/PlanItApp-gkehojshtcbfvhersqwajfujohau/Build/Intermediates.noindex/ExplicitPrecompiledModules/_stdlib-4TQY27BWPROLFEFIDZHFIOSOZ.scan

PrecompileModule /Users/aleks/Library/Developer/Xcode/DerivedData/PlanItApp-gkehojshtcbfvhersqwajfujohau/Build/Intermediates.noindex/ExplicitPrecompiledModules/sys_select-9MZNCLSC2L1S9UMX7UWDNNW5T.scan
    cd /Users/aleks/Desktop/PlanItApp/PlanItApp.xcodeproj
    builtin-precompileModule /Users/aleks/Library/Developer/Xcode/DerivedData/PlanItApp-gkehojshtcbfvhersqwajfujohau/Build/Intermediates.noindex/ExplicitPrecompiledModules/sys_select-9MZNCLSC2L1S9UMX7UWDNNW5T.scan

PrecompileModule /Users/aleks/Library/Developer/Xcode/DerivedData/PlanItApp-gkehojshtcbfvhersqwajfujohau/Build/Intermediates.noindex/ExplicitPrecompiledModules/_wchar-43EXO3QF8X22HORVTTDXBYO55.scan
    cd /Users/aleks/Desktop/PlanItApp/PlanItApp.xcodeproj
    builtin-precompileModule /Users/aleks/Library/Developer/Xcode/DerivedData/PlanItApp-gkehojshtcbfvhersqwajfujohau/Build/Intermediates.noindex/ExplicitPrecompiledModules/_wchar-43EXO3QF8X22HORVTTDXBYO55.scan

PrecompileModule /Users/aleks/Library/Developer/Xcode/DerivedData/PlanItApp-gkehojshtcbfvhersqwajfujohau/Build/Intermediates.noindex/ExplicitPrecompiledModules/pthread-17EWJFELNG0RFE6AWT3BC01ZC.scan
    cd /Users/aleks/Desktop/PlanItApp/PlanItApp.xcodeproj
    builtin-precompileModule /Users/aleks/Library/Developer/Xcode/DerivedData/PlanItApp-gkehojshtcbfvhersqwajfujohau/Build/Intermediates.noindex/ExplicitPrecompiledModules/pthread-17EWJFELNG0RFE6AWT3BC01ZC.scan

SwiftCompile normal arm64 Compiling\ FirebaseRemoteConfigValueDecoding.swift /Users/aleks/Library/Developer/Xcode/DerivedData/PlanItApp-gkehojshtcbfvhersqwajfujohau/SourcePackages/checkouts/firebase-ios-sdk/FirebaseSharedSwift/Sources/FirebaseRemoteConfigValueDecoding.swift (in target 'FirebaseSharedSwift' from project 'Firebase')

SwiftCompile normal arm64 /Users/aleks/Library/Developer/Xcode/DerivedData/PlanItApp-gkehojshtcbfvhersqwajfujohau/SourcePackages/checkouts/firebase-ios-sdk/FirebaseSharedSwift/Sources/FirebaseRemoteConfigValueDecoding.swift (in target 'FirebaseSharedSwift' from project 'Firebase')
    cd /Users/aleks/Desktop/PlanItApp/PlanItApp.xcodeproj
    

ScanDependencies /Users/aleks/Library/Developer/Xcode/DerivedData/PlanItApp-gkehojshtcbfvhersqwajfujohau/Build/Intermediates.noindex/Firebase.build/Debug-iphonesimulator/FirebaseCoreExtension.build/Objects-normal/arm64/resource_bundle_accessor.o /Users/aleks/Library/Developer/Xcode/DerivedData/PlanItApp-gkehojshtcbfvhersqwajfujohau/Build/Intermediates.noindex/Firebase.build/Debug-iphonesimulator/FirebaseCoreExtension.build/DerivedSources/resource_bundle_accessor.m normal arm64 objective-c com.apple.compilers.llvm.clang.1_0.compiler (in target 'FirebaseCoreExtension' from project 'Firebase')
    cd /Users/aleks/Desktop/PlanItApp/PlanItApp.xcodeproj
    
    Using response file: /Users/aleks/Library/Developer/Xcode/DerivedData/PlanItApp-gkehojshtcbfvhersqwajfujohau/Build/Intermediates.noindex/Firebase.build/Debug-iphonesimulator/FirebaseCoreExtension.build/Objects-normal/arm64/e6072d4f65d7061329687fe24e3d63a7-common-args.resp
    
    builtin-ScanDependencies -o /Users/aleks/Library/Developer/Xcode/DerivedData/PlanItApp-gkehojshtcbfvhersqwajfujohau/Build/Intermediates.noindex/Firebase.build/Debug-iphonesimulator/FirebaseCoreExtension.build/Objects-normal/arm64/resource_bundle_accessor.o.scan -- /Applications/Xcode.app/Contents/Developer/Toolchains/XcodeDefault.xctoolchain/usr/bin/clang -x objective-c -ivfsstatcache /Users/aleks/Library/Developer/Xcode/DerivedData/SDKStatCaches.noindex/iphonesimulator18.5-22F76-d5fc8ad4295d2ef488fb7d0f804ce0c4.sdkstatcache -fmessage-length\=0 -fdiagnostics-show-note-include-stack -fmacro-backtrace-limit\=0 -fno-color-diagnostics -fmodules-prune-interval\=86400 -fmodules-prune-after\=345600 -fbuild-session-file\=/Users/aleks/Library/Developer/Xcode/DerivedData/ModuleCache.noindex/Session.modulevalidation -fmodules-validate-once-per-build-session -Wnon-modular-include-in-framework-module -Werror\=non-modular-include-in-framework-module -Wno-trigraphs -Wno-missing-field-initializers -Wno-missing-prototypes -Wno-return-type -Wno-implicit-atomic-properties -Wno-objc-interface-ivars -Wno-arc-repeated-use-of-weak -Wno-missing-braces -Wparentheses -Wswitch -Wno-unused-function -Wno-unused-label -Wno-unused-parameter -Wno-unused-variable -Wunused-value -Wno-empty-body -Wno-uninitialized -Wno-unknown-pragmas -w -Wno-shadow -Wno-four-char-constants -Wno-conversion -Wno-constant-conversion -Wno-int-conversion -Wno-bool-conversion -Wno-enum-conversion -Wno-float-conversion -Wno-non-literal-null-conversion -Wno-objc-literal-conversion -Wshorten-64-to-32 -Wpointer-sign -Wno-newline-eof -Wno-selector -Wno-strict-selector-match -Wno-undeclared-selector -Wno-deprecated-implementations -Wno-implicit-fallthrough -fstrict-aliasing -Wprotocol -Wdeprecated-declarations -Wno-sign-conversion -Wno-infinite-recursion -Wno-comma -Wno-block-capture-autoreleasing -Wno-strict-prototypes -Wno-semicolon-before-method-body -index-store-path /Users/aleks/Library/Developer/Xcode/DerivedData/PlanItApp-gkehojshtcbfvhersqwajfujohau/Index.noindex/DataStore @/Users/aleks/Library/Developer/Xcode/DerivedData/PlanItApp-gkehojshtcbfvhersqwajfujohau/Build/Intermediates.noindex/Firebase.build/Debug-iphonesimulator/FirebaseCoreExtension.build/Objects-normal/arm64/e6072d4f65d7061329687fe24e3d63a7-common-args.resp -include /Users/aleks/Library/Developer/Xcode/DerivedData/PlanItApp-gkehojshtcbfvhersqwajfujohau/Build/Intermediates.noindex/Firebase.build/Debug-iphonesimulator/FirebaseCoreExtension.build/DerivedSources/resource_bundle_accessor.h -MMD -MT dependencies -MF /Users/aleks/Library/Developer/Xcode/DerivedData/PlanItApp-gkehojshtcbfvhersqwajfujohau/Build/Intermediates.noindex/Firebase.build/Debug-iphonesimulator/FirebaseCoreExtension.build/Objects-normal/arm64/resource_bundle_accessor.d --serialize-diagnostics /Users/aleks/Library/Developer/Xcode/DerivedData/PlanItApp-gkehojshtcbfvhersqwajfujohau/Build/Intermediates.noindex/Firebase.build/Debug-iphonesimulator/FirebaseCoreExtension.build/Objects-normal/arm64/resource_bundle_accessor.dia -c /Users/aleks/Library/Developer/Xcode/DerivedData/PlanItApp-gkehojshtcbfvhersqwajfujohau/Build/Intermediates.noindex/Firebase.build/Debug-iphonesimulator/FirebaseCoreExtension.build/DerivedSources/resource_bundle_accessor.m -o /Users/aleks/Library/Developer/Xcode/DerivedData/PlanItApp-gkehojshtcbfvhersqwajfujohau/Build/Intermediates.noindex/Firebase.build/Debug-iphonesimulator/FirebaseCoreExtension.build/Objects-normal/arm64/resource_bundle_accessor.o -index-unit-output-path /Firebase.build/Debug-iphonesimulator/FirebaseCoreExtension.build/Objects-normal/arm64/resource_bundle_accessor.o

ScanDependencies /Users/aleks/Library/Developer/Xcode/DerivedData/PlanItApp-gkehojshtcbfvhersqwajfujohau/Build/Intermediates.noindex/Firebase.build/Debug-iphonesimulator/FirebaseCoreExtension.build/Objects-normal/arm64/dummy.o /Users/aleks/Library/Developer/Xcode/DerivedData/PlanItApp-gkehojshtcbfvhersqwajfujohau/SourcePackages/checkouts/firebase-ios-sdk/FirebaseCore/Extension/dummy.m normal arm64 objective-c com.apple.compilers.llvm.clang.1_0.compiler (in target 'FirebaseCoreExtension' from project 'Firebase')
    cd /Users/aleks/Desktop/PlanItApp/PlanItApp.xcodeproj
    
    Using response file: /Users/aleks/Library/Developer/Xcode/DerivedData/PlanItApp-gkehojshtcbfvhersqwajfujohau/Build/Intermediates.noindex/Firebase.build/Debug-iphonesimulator/FirebaseCoreExtension.build/Objects-normal/arm64/e6072d4f65d7061329687fe24e3d63a7-common-args.resp
    
    builtin-ScanDependencies -o /Users/aleks/Library/Developer/Xcode/DerivedData/PlanItApp-gkehojshtcbfvhersqwajfujohau/Build/Intermediates.noindex/Firebase.build/Debug-iphonesimulator/FirebaseCoreExtension.build/Objects-normal/arm64/dummy.o.scan -- /Applications/Xcode.app/Contents/Developer/Toolchains/XcodeDefault.xctoolchain/usr/bin/clang -x objective-c -ivfsstatcache /Users/aleks/Library/Developer/Xcode/DerivedData/SDKStatCaches.noindex/iphonesimulator18.5-22F76-d5fc8ad4295d2ef488fb7d0f804ce0c4.sdkstatcache -fmessage-length\=0 -fdiagnostics-show-note-include-stack -fmacro-backtrace-limit\=0 -fno-color-diagnostics -fmodules-prune-interval\=86400 -fmodules-prune-after\=345600 -fbuild-session-file\=/Users/aleks/Library/Developer/Xcode/DerivedData/ModuleCache.noindex/Session.modulevalidation -fmodules-validate-once-per-build-session -Wnon-modular-include-in-framework-module -Werror\=non-modular-include-in-framework-module -Wno-trigraphs -Wno-missing-field-initializers -Wno-missing-prototypes -Wno-return-type -Wno-implicit-atomic-properties -Wno-objc-interface-ivars -Wno-arc-repeated-use-of-weak -Wno-missing-braces -Wparentheses -Wswitch -Wno-unused-function -Wno-unused-label -Wno-unused-parameter -Wno-unused-variable -Wunused-value -Wno-empty-body -Wno-uninitialized -Wno-unknown-pragmas -w -Wno-shadow -Wno-four-char-constants -Wno-conversion -Wno-constant-conversion -Wno-int-conversion -Wno-bool-conversion -Wno-enum-conversion -Wno-float-conversion -Wno-non-literal-null-conversion -Wno-objc-literal-conversion -Wshorten-64-to-32 -Wpointer-sign -Wno-newline-eof -Wno-selector -Wno-strict-selector-match -Wno-undeclared-selector -Wno-deprecated-implementations -Wno-implicit-fallthrough -fstrict-aliasing -Wprotocol -Wdeprecated-declarations -Wno-sign-conversion -Wno-infinite-recursion -Wno-comma -Wno-block-capture-autoreleasing -Wno-strict-prototypes -Wno-semicolon-before-method-body -index-store-path /Users/aleks/Library/Developer/Xcode/DerivedData/PlanItApp-gkehojshtcbfvhersqwajfujohau/Index.noindex/DataStore @/Users/aleks/Library/Developer/Xcode/DerivedData/PlanItApp-gkehojshtcbfvhersqwajfujohau/Build/Intermediates.noindex/Firebase.build/Debug-iphonesimulator/FirebaseCoreExtension.build/Objects-normal/arm64/e6072d4f65d7061329687fe24e3d63a7-common-args.resp -include /Users/aleks/Library/Developer/Xcode/DerivedData/PlanItApp-gkehojshtcbfvhersqwajfujohau/Build/Intermediates.noindex/Firebase.build/Debug-iphonesimulator/FirebaseCoreExtension.build/DerivedSources/resource_bundle_accessor.h -MMD -MT dependencies -MF /Users/aleks/Library/Developer/Xcode/DerivedData/PlanItApp-gkehojshtcbfvhersqwajfujohau/Build/Intermediates.noindex/Firebase.build/Debug-iphonesimulator/FirebaseCoreExtension.build/Objects-normal/arm64/dummy.d --serialize-diagnostics /Users/aleks/Library/Developer/Xcode/DerivedData/PlanItApp-gkehojshtcbfvhersqwajfujohau/Build/Intermediates.noindex/Firebase.build/Debug-iphonesimulator/FirebaseCoreExtension.build/Objects-normal/arm64/dummy.dia -c /Users/aleks/Library/Developer/Xcode/DerivedData/PlanItApp-gkehojshtcbfvhersqwajfujohau/SourcePackages/checkouts/firebase-ios-sdk/FirebaseCore/Extension/dummy.m -o /Users/aleks/Library/Developer/Xcode/DerivedData/PlanItApp-gkehojshtcbfvhersqwajfujohau/Build/Intermediates.noindex/Firebase.build/Debug-iphonesimulator/FirebaseCoreExtension.build/Objects-normal/arm64/dummy.o -index-unit-output-path /Firebase.build/Debug-iphonesimulator/FirebaseCoreExtension.build/Objects-normal/arm64/dummy.o

ScanDependencies /Users/aleks/Library/Developer/Xcode/DerivedData/PlanItApp-gkehojshtcbfvhersqwajfujohau/Build/Intermediates.noindex/Promises.build/Debug-iphonesimulator/FBLPromises.build/Objects-normal/arm64/resource_bundle_accessor.o /Users/aleks/Library/Developer/Xcode/DerivedData/PlanItApp-gkehojshtcbfvhersqwajfujohau/Build/Intermediates.noindex/Promises.build/Debug-iphonesimulator/FBLPromises.build/DerivedSources/resource_bundle_accessor.m normal arm64 objective-c com.apple.compilers.llvm.clang.1_0.compiler (in target 'FBLPromises' from project 'Promises')
    cd /Users/aleks/Desktop/PlanItApp/PlanItApp.xcodeproj
    
    Using response file: /Users/aleks/Library/Developer/Xcode/DerivedData/PlanItApp-gkehojshtcbfvhersqwajfujohau/Build/Intermediates.noindex/Promises.build/Debug-iphonesimulator/FBLPromises.build/Objects-normal/arm64/e6072d4f65d7061329687fe24e3d63a7-common-args.resp
    
    builtin-ScanDependencies -o /Users/aleks/Library/Developer/Xcode/DerivedData/PlanItApp-gkehojshtcbfvhersqwajfujohau/Build/Intermediates.noindex/Promises.build/Debug-iphonesimulator/FBLPromises.build/Objects-normal/arm64/resource_bundle_accessor.o.scan -- /Applications/Xcode.app/Contents/Developer/Toolchains/XcodeDefault.xctoolchain/usr/bin/clang -x objective-c -ivfsstatcache /Users/aleks/Library/Developer/Xcode/DerivedData/SDKStatCaches.noindex/iphonesimulator18.5-22F76-d5fc8ad4295d2ef488fb7d0f804ce0c4.sdkstatcache -fmessage-length\=0 -fdiagnostics-show-note-include-stack -fmacro-backtrace-limit\=0 -fno-color-diagnostics -fmodules-prune-interval\=86400 -fmodules-prune-after\=345600 -fbuild-session-file\=/Users/aleks/Library/Developer/Xcode/DerivedData/ModuleCache.noindex/Session.modulevalidation -fmodules-validate-once-per-build-session -Wnon-modular-include-in-framework-module -Werror\=non-modular-include-in-framework-module -Wno-trigraphs -Wno-missing-field-initializers -Wno-missing-prototypes -Wno-return-type -Wno-implicit-atomic-properties -Wno-objc-interface-ivars -Wno-arc-repeated-use-of-weak -Wno-missing-braces -Wparentheses -Wswitch -Wno-unused-function -Wno-unused-label -Wno-unused-parameter -Wno-unused-variable -Wunused-value -Wno-empty-body -Wno-uninitialized -Wno-unknown-pragmas -w -Wno-shadow -Wno-four-char-constants -Wno-conversion -Wno-constant-conversion -Wno-int-conversion -Wno-bool-conversion -Wno-enum-conversion -Wno-float-conversion -Wno-non-literal-null-conversion -Wno-objc-literal-conversion -Wshorten-64-to-32 -Wpointer-sign -Wno-newline-eof -Wno-selector -Wno-strict-selector-match -Wno-undeclared-selector -Wno-deprecated-implementations -Wno-implicit-fallthrough -fstrict-aliasing -Wprotocol -Wdeprecated-declarations -Wno-sign-conversion -Wno-infinite-recursion -Wno-comma -Wno-block-capture-autoreleasing -Wno-strict-prototypes -Wno-semicolon-before-method-body -index-store-path /Users/aleks/Library/Developer/Xcode/DerivedData/PlanItApp-gkehojshtcbfvhersqwajfujohau/Index.noindex/DataStore @/Users/aleks/Library/Developer/Xcode/DerivedData/PlanItApp-gkehojshtcbfvhersqwajfujohau/Build/Intermediates.noindex/Promises.build/Debug-iphonesimulator/FBLPromises.build/Objects-normal/arm64/e6072d4f65d7061329687fe24e3d63a7-common-args.resp -include /Users/aleks/Library/Developer/Xcode/DerivedData/PlanItApp-gkehojshtcbfvhersqwajfujohau/Build/Intermediates.noindex/Promises.build/Debug-iphonesimulator/FBLPromises.build/DerivedSources/resource_bundle_accessor.h -MMD -MT dependencies -MF /Users/aleks/Library/Developer/Xcode/DerivedData/PlanItApp-gkehojshtcbfvhersqwajfujohau/Build/Intermediates.noindex/Promises.build/Debug-iphonesimulator/FBLPromises.build/Objects-normal/arm64/resource_bundle_accessor.d --serialize-diagnostics /Users/aleks/Library/Developer/Xcode/DerivedData/PlanItApp-gkehojshtcbfvhersqwajfujohau/Build/Intermediates.noindex/Promises.build/Debug-iphonesimulator/FBLPromises.build/Objects-normal/arm64/resource_bundle_accessor.dia -c /Users/aleks/Library/Developer/Xcode/DerivedData/PlanItApp-gkehojshtcbfvhersqwajfujohau/Build/Intermediates.noindex/Promises.build/Debug-iphonesimulator/FBLPromises.build/DerivedSources/resource_bundle_accessor.m -o /Users/aleks/Library/Developer/Xcode/DerivedData/PlanItApp-gkehojshtcbfvhersqwajfujohau/Build/Intermediates.noindex/Promises.build/Debug-iphonesimulator/FBLPromises.build/Objects-normal/arm64/resource_bundle_accessor.o -index-unit-output-path /Promises.build/Debug-iphonesimulator/FBLPromises.build/Objects-normal/arm64/resource_bundle_accessor.o

ScanDependencies /Users/aleks/Library/Developer/Xcode/DerivedData/PlanItApp-gkehojshtcbfvhersqwajfujohau/Build/Intermediates.noindex/Promises.build/Debug-iphonesimulator/FBLPromises.build/Objects-normal/arm64/FBLPromiseError.o /Users/aleks/Library/Developer/Xcode/DerivedData/PlanItApp-gkehojshtcbfvhersqwajfujohau/SourcePackages/checkouts/promises/Sources/FBLPromises/FBLPromiseError.m normal arm64 objective-c com.apple.compilers.llvm.clang.1_0.compiler (in target 'FBLPromises' from project 'Promises')
    cd /Users/aleks/Desktop/PlanItApp/PlanItApp.xcodeproj
    
    Using response file: /Users/aleks/Library/Developer/Xcode/DerivedData/PlanItApp-gkehojshtcbfvhersqwajfujohau/Build/Intermediates.noindex/Promises.build/Debug-iphonesimulator/FBLPromises.build/Objects-normal/arm64/e6072d4f65d7061329687fe24e3d63a7-common-args.resp
    
    builtin-ScanDependencies -o /Users/aleks/Library/Developer/Xcode/DerivedData/PlanItApp-gkehojshtcbfvhersqwajfujohau/Build/Intermediates.noindex/Promises.build/Debug-iphonesimulator/FBLPromises.build/Objects-normal/arm64/FBLPromiseError.o.scan -- /Applications/Xcode.app/Contents/Developer/Toolchains/XcodeDefault.xctoolchain/usr/bin/clang -x objective-c -ivfsstatcache /Users/aleks/Library/Developer/Xcode/DerivedData/SDKStatCaches.noindex/iphonesimulator18.5-22F76-d5fc8ad4295d2ef488fb7d0f804ce0c4.sdkstatcache -fmessage-length\=0 -fdiagnostics-show-note-include-stack -fmacro-backtrace-limit\=0 -fno-color-diagnostics -fmodules-prune-interval\=86400 -fmodules-prune-after\=345600 -fbuild-session-file\=/Users/aleks/Library/Developer/Xcode/DerivedData/ModuleCache.noindex/Session.modulevalidation -fmodules-validate-once-per-build-session -Wnon-modular-include-in-framework-module -Werror\=non-modular-include-in-framework-module -Wno-trigraphs -Wno-missing-field-initializers -Wno-missing-prototypes -Wno-return-type -Wno-implicit-atomic-properties -Wno-objc-interface-ivars -Wno-arc-repeated-use-of-weak -Wno-missing-braces -Wparentheses -Wswitch -Wno-unused-function -Wno-unused-label -Wno-unused-parameter -Wno-unused-variable -Wunused-value -Wno-empty-body -Wno-uninitialized -Wno-unknown-pragmas -w -Wno-shadow -Wno-four-char-constants -Wno-conversion -Wno-constant-conversion -Wno-int-conversion -Wno-bool-conversion -Wno-enum-conversion -Wno-float-conversion -Wno-non-literal-null-conversion -Wno-objc-literal-conversion -Wshorten-64-to-32 -Wpointer-sign -Wno-newline-eof -Wno-selector -Wno-strict-selector-match -Wno-undeclared-selector -Wno-deprecated-implementations -Wno-implicit-fallthrough -fstrict-aliasing -Wprotocol -Wdeprecated-declarations -Wno-sign-conversion -Wno-infinite-recursion -Wno-comma -Wno-block-capture-autoreleasing -Wno-strict-prototypes -Wno-semicolon-before-method-body -index-store-path /Users/aleks/Library/Developer/Xcode/DerivedData/PlanItApp-gkehojshtcbfvhersqwajfujohau/Index.noindex/DataStore @/Users/aleks/Library/Developer/Xcode/DerivedData/PlanItApp-gkehojshtcbfvhersqwajfujohau/Build/Intermediates.noindex/Promises.build/Debug-iphonesimulator/FBLPromises.build/Objects-normal/arm64/e6072d4f65d7061329687fe24e3d63a7-common-args.resp -include /Users/aleks/Library/Developer/Xcode/DerivedData/PlanItApp-gkehojshtcbfvhersqwajfujohau/Build/Intermediates.noindex/Promises.build/Debug-iphonesimulator/FBLPromises.build/DerivedSources/resource_bundle_accessor.h -MMD -MT dependencies -MF /Users/aleks/Library/Developer/Xcode/DerivedData/PlanItApp-gkehojshtcbfvhersqwajfujohau/Build/Intermediates.noindex/Promises.build/Debug-iphonesimulator/FBLPromises.build/Objects-normal/arm64/FBLPromiseError.d --serialize-diagnostics /Users/aleks/Library/Developer/Xcode/DerivedData/PlanItApp-gkehojshtcbfvhersqwajfujohau/Build/Intermediates.noindex/Promises.build/Debug-iphonesimulator/FBLPromises.build/Objects-normal/arm64/FBLPromiseError.dia -c /Users/aleks/Library/Developer/Xcode/DerivedData/PlanItApp-gkehojshtcbfvhersqwajfujohau/SourcePackages/checkouts/promises/Sources/FBLPromises/FBLPromiseError.m -o /Users/aleks/Library/Developer/Xcode/DerivedData/PlanItApp-gkehojshtcbfvhersqwajfujohau/Build/Intermediates.noindex/Promises.build/Debug-iphonesimulator/FBLPromises.build/Objects-normal/arm64/FBLPromiseError.o -index-unit-output-path /Promises.build/Debug-iphonesimulator/FBLPromises.build/Objects-normal/arm64/FBLPromiseError.o

CompileC /Users/aleks/Library/Developer/Xcode/DerivedData/PlanItApp-gkehojshtcbfvhersqwajfujohau/Build/Intermediates.noindex/GoogleUtilities.build/Debug-iphonesimulator/third-party-IsAppEncrypted.build/Objects-normal/arm64/IsAppEncrypted.o /Users/aleks/Library/Developer/Xcode/DerivedData/PlanItApp-gkehojshtcbfvhersqwajfujohau/SourcePackages/checkouts/GoogleUtilities/third_party/IsAppEncrypted/IsAppEncrypted.m normal arm64 objective-c com.apple.compilers.llvm.clang.1_0.compiler (in target 'third-party-IsAppEncrypted' from project 'GoogleUtilities')
    cd /Users/aleks/Desktop/PlanItApp/PlanItApp.xcodeproj
    
    Using response file: /Users/aleks/Library/Developer/Xcode/DerivedData/PlanItApp-gkehojshtcbfvhersqwajfujohau/Build/Intermediates.noindex/GoogleUtilities.build/Debug-iphonesimulator/third-party-IsAppEncrypted.build/Objects-normal/arm64/e6072d4f65d7061329687fe24e3d63a7-common-args.resp
    
    /Applications/Xcode.app/Contents/Developer/Toolchains/XcodeDefault.xctoolchain/usr/bin/clang -x objective-c -ivfsstatcache /Users/aleks/Library/Developer/Xcode/DerivedData/SDKStatCaches.noindex/iphonesimulator18.5-22F76-d5fc8ad4295d2ef488fb7d0f804ce0c4.sdkstatcache -fmessage-length\=0 -fdiagnostics-show-note-include-stack -fmacro-backtrace-limit\=0 -fno-color-diagnostics -fmodules-prune-interval\=86400 -fmodules-prune-after\=345600 -fbuild-session-file\=/Users/aleks/Library/Developer/Xcode/DerivedData/ModuleCache.noindex/Session.modulevalidation -fmodules-validate-once-per-build-session -Wnon-modular-include-in-framework-module -Werror\=non-modular-include-in-framework-module -Wno-trigraphs -Wno-missing-field-initializers -Wno-missing-prototypes -Wno-return-type -Wno-implicit-atomic-properties -Wno-objc-interface-ivars -Wno-arc-repeated-use-of-weak -Wno-missing-braces -Wparentheses -Wswitch -Wno-unused-function -Wno-unused-label -Wno-unused-parameter -Wno-unused-variable -Wunused-value -Wno-empty-body -Wno-uninitialized -Wno-unknown-pragmas -w -Wno-shadow -Wno-four-char-constants -Wno-conversion -Wno-constant-conversion -Wno-int-conversion -Wno-bool-conversion -Wno-enum-conversion -Wno-float-conversion -Wno-non-literal-null-conversion -Wno-objc-literal-conversion -Wshorten-64-to-32 -Wpointer-sign -Wno-newline-eof -Wno-selector -Wno-strict-selector-match -Wno-undeclared-selector -Wno-deprecated-implementations -Wno-implicit-fallthrough -fstrict-aliasing -Wprotocol -Wdeprecated-declarations -Wno-sign-conversion -Wno-infinite-recursion -Wno-comma -Wno-block-capture-autoreleasing -Wno-strict-prototypes -Wno-semicolon-before-method-body -index-store-path /Users/aleks/Library/Developer/Xcode/DerivedData/PlanItApp-gkehojshtcbfvhersqwajfujohau/Index.noindex/DataStore @/Users/aleks/Library/Developer/Xcode/DerivedData/PlanItApp-gkehojshtcbfvhersqwajfujohau/Build/Intermediates.noindex/GoogleUtilities.build/Debug-iphonesimulator/third-party-IsAppEncrypted.build/Objects-normal/arm64/e6072d4f65d7061329687fe24e3d63a7-common-args.resp -MMD -MT dependencies -MF /Users/aleks/Library/Developer/Xcode/DerivedData/PlanItApp-gkehojshtcbfvhersqwajfujohau/Build/Intermediates.noindex/GoogleUtilities.build/Debug-iphonesimulator/third-party-IsAppEncrypted.build/Objects-normal/arm64/IsAppEncrypted.d --serialize-diagnostics /Users/aleks/Library/Developer/Xcode/DerivedData/PlanItApp-gkehojshtcbfvhersqwajfujohau/Build/Intermediates.noindex/GoogleUtilities.build/Debug-iphonesimulator/third-party-IsAppEncrypted.build/Objects-normal/arm64/IsAppEncrypted.dia -c /Users/aleks/Library/Developer/Xcode/DerivedData/PlanItApp-gkehojshtcbfvhersqwajfujohau/SourcePackages/checkouts/GoogleUtilities/third_party/IsAppEncrypted/IsAppEncrypted.m -o /Users/aleks/Library/Developer/Xcode/DerivedData/PlanItApp-gkehojshtcbfvhersqwajfujohau/Build/Intermediates.noindex/GoogleUtilities.build/Debug-iphonesimulator/third-party-IsAppEncrypted.build/Objects-normal/arm64/IsAppEncrypted.o -index-unit-output-path /GoogleUtilities.build/Debug-iphonesimulator/third-party-IsAppEncrypted.build/Objects-normal/arm64/IsAppEncrypted.o

PrecompileModule /Users/aleks/Library/Developer/Xcode/DerivedData/PlanItApp-gkehojshtcbfvhersqwajfujohau/Build/Intermediates.noindex/ExplicitPrecompiledModules/ptrcheck-BI60HF3GLU9VAP2Z22RR3NT4O.scan
    cd /Users/aleks/Desktop/PlanItApp/PlanItApp.xcodeproj
    builtin-precompileModule /Users/aleks/Library/Developer/Xcode/DerivedData/PlanItApp-gkehojshtcbfvhersqwajfujohau/Build/Intermediates.noindex/ExplicitPrecompiledModules/ptrcheck-BI60HF3GLU9VAP2Z22RR3NT4O.scan

CompileC /Users/aleks/Library/Developer/Xcode/DerivedData/PlanItApp-gkehojshtcbfvhersqwajfujohau/Build/Intermediates.noindex/nanopb.build/Debug-iphonesimulator/nanopb.build/Objects-normal/arm64/pb_encode.o /Users/aleks/Library/Developer/Xcode/DerivedData/PlanItApp-gkehojshtcbfvhersqwajfujohau/SourcePackages/checkouts/nanopb/pb_encode.c normal arm64 c com.apple.compilers.llvm.clang.1_0.compiler (in target 'nanopb' from project 'nanopb')
    cd /Users/aleks/Desktop/PlanItApp/PlanItApp.xcodeproj
    
    Using response file: /Users/aleks/Library/Developer/Xcode/DerivedData/PlanItApp-gkehojshtcbfvhersqwajfujohau/Build/Intermediates.noindex/nanopb.build/Debug-iphonesimulator/nanopb.build/Objects-normal/arm64/7187679823f38a2a940e0043cdf9d637-common-args.resp
    
    /Applications/Xcode.app/Contents/Developer/Toolchains/XcodeDefault.xctoolchain/usr/bin/clang -x c -ivfsstatcache /Users/aleks/Library/Developer/Xcode/DerivedData/SDKStatCaches.noindex/iphonesimulator18.5-22F76-d5fc8ad4295d2ef488fb7d0f804ce0c4.sdkstatcache -fmessage-length\=0 -fdiagnostics-show-note-include-stack -fmacro-backtrace-limit\=0 -fno-color-diagnostics -fmodules-prune-interval\=86400 -fmodules-prune-after\=345600 -fbuild-session-file\=/Users/aleks/Library/Developer/Xcode/DerivedData/ModuleCache.noindex/Session.modulevalidation -fmodules-validate-once-per-build-session -Wnon-modular-include-in-framework-module -Werror\=non-modular-include-in-framework-module -Wno-trigraphs -Wno-missing-field-initializers -Wno-missing-prototypes -Wno-return-type -Wno-missing-braces -Wparentheses -Wswitch -Wno-unused-function -Wno-unused-label -Wno-unused-parameter -Wno-unused-variable -Wunused-value -Wno-empty-body -Wno-uninitialized -Wno-unknown-pragmas -w -Wno-shadow -Wno-four-char-constants -Wno-conversion -Wno-constant-conversion -Wno-int-conversion -Wno-bool-conversion -Wno-enum-conversion -Wno-float-conversion -Wno-non-literal-null-conversion -Wno-objc-literal-conversion -Wshorten-64-to-32 -Wpointer-sign -Wno-newline-eof -Wno-implicit-fallthrough -fstrict-aliasing -Wdeprecated-declarations -Wno-sign-conversion -Wno-infinite-recursion -Wno-comma -Wno-block-capture-autoreleasing -Wno-strict-prototypes -Wno-semicolon-before-method-body -index-store-path /Users/aleks/Library/Developer/Xcode/DerivedData/PlanItApp-gkehojshtcbfvhersqwajfujohau/Index.noindex/DataStore @/Users/aleks/Library/Developer/Xcode/DerivedData/PlanItApp-gkehojshtcbfvhersqwajfujohau/Build/Intermediates.noindex/nanopb.build/Debug-iphonesimulator/nanopb.build/Objects-normal/arm64/7187679823f38a2a940e0043cdf9d637-common-args.resp -MMD -MT dependencies -MF /Users/aleks/Library/Developer/Xcode/DerivedData/PlanItApp-gkehojshtcbfvhersqwajfujohau/Build/Intermediates.noindex/nanopb.build/Debug-iphonesimulator/nanopb.build/Objects-normal/arm64/pb_encode.d --serialize-diagnostics /Users/aleks/Library/Developer/Xcode/DerivedData/PlanItApp-gkehojshtcbfvhersqwajfujohau/Build/Intermediates.noindex/nanopb.build/Debug-iphonesimulator/nanopb.build/Objects-normal/arm64/pb_encode.dia -c /Users/aleks/Library/Developer/Xcode/DerivedData/PlanItApp-gkehojshtcbfvhersqwajfujohau/SourcePackages/checkouts/nanopb/pb_encode.c -o /Users/aleks/Library/Developer/Xcode/DerivedData/PlanItApp-gkehojshtcbfvhersqwajfujohau/Build/Intermediates.noindex/nanopb.build/Debug-iphonesimulator/nanopb.build/Objects-normal/arm64/pb_encode.o -index-unit-output-path /nanopb.build/Debug-iphonesimulator/nanopb.build/Objects-normal/arm64/pb_encode.o

CompileC /Users/aleks/Library/Developer/Xcode/DerivedData/PlanItApp-gkehojshtcbfvhersqwajfujohau/Build/Intermediates.noindex/nanopb.build/Debug-iphonesimulator/nanopb.build/Objects-normal/arm64/pb_decode.o /Users/aleks/Library/Developer/Xcode/DerivedData/PlanItApp-gkehojshtcbfvhersqwajfujohau/SourcePackages/checkouts/nanopb/pb_decode.c normal arm64 c com.apple.compilers.llvm.clang.1_0.compiler (in target 'nanopb' from project 'nanopb')
    cd /Users/aleks/Desktop/PlanItApp/PlanItApp.xcodeproj
    
    Using response file: /Users/aleks/Library/Developer/Xcode/DerivedData/PlanItApp-gkehojshtcbfvhersqwajfujohau/Build/Intermediates.noindex/nanopb.build/Debug-iphonesimulator/nanopb.build/Objects-normal/arm64/7187679823f38a2a940e0043cdf9d637-common-args.resp
    
    /Applications/Xcode.app/Contents/Developer/Toolchains/XcodeDefault.xctoolchain/usr/bin/clang -x c -ivfsstatcache /Users/aleks/Library/Developer/Xcode/DerivedData/SDKStatCaches.noindex/iphonesimulator18.5-22F76-d5fc8ad4295d2ef488fb7d0f804ce0c4.sdkstatcache -fmessage-length\=0 -fdiagnostics-show-note-include-stack -fmacro-backtrace-limit\=0 -fno-color-diagnostics -fmodules-prune-interval\=86400 -fmodules-prune-after\=345600 -fbuild-session-file\=/Users/aleks/Library/Developer/Xcode/DerivedData/ModuleCache.noindex/Session.modulevalidation -fmodules-validate-once-per-build-session -Wnon-modular-include-in-framework-module -Werror\=non-modular-include-in-framework-module -Wno-trigraphs -Wno-missing-field-initializers -Wno-missing-prototypes -Wno-return-type -Wno-missing-braces -Wparentheses -Wswitch -Wno-unused-function -Wno-unused-label -Wno-unused-parameter -Wno-unused-variable -Wunused-value -Wno-empty-body -Wno-uninitialized -Wno-unknown-pragmas -w -Wno-shadow -Wno-four-char-constants -Wno-conversion -Wno-constant-conversion -Wno-int-conversion -Wno-bool-conversion -Wno-enum-conversion -Wno-float-conversion -Wno-non-literal-null-conversion -Wno-objc-literal-conversion -Wshorten-64-to-32 -Wpointer-sign -Wno-newline-eof -Wno-implicit-fallthrough -fstrict-aliasing -Wdeprecated-declarations -Wno-sign-conversion -Wno-infinite-recursion -Wno-comma -Wno-block-capture-autoreleasing -Wno-strict-prototypes -Wno-semicolon-before-method-body -index-store-path /Users/aleks/Library/Developer/Xcode/DerivedData/PlanItApp-gkehojshtcbfvhersqwajfujohau/Index.noindex/DataStore @/Users/aleks/Library/Developer/Xcode/DerivedData/PlanItApp-gkehojshtcbfvhersqwajfujohau/Build/Intermediates.noindex/nanopb.build/Debug-iphonesimulator/nanopb.build/Objects-normal/arm64/7187679823f38a2a940e0043cdf9d637-common-args.resp -MMD -MT dependencies -MF /Users/aleks/Library/Developer/Xcode/DerivedData/PlanItApp-gkehojshtcbfvhersqwajfujohau/Build/Intermediates.noindex/nanopb.build/Debug-iphonesimulator/nanopb.build/Objects-normal/arm64/pb_decode.d --serialize-diagnostics /Users/aleks/Library/Developer/Xcode/DerivedData/PlanItApp-gkehojshtcbfvhersqwajfujohau/Build/Intermediates.noindex/nanopb.build/Debug-iphonesimulator/nanopb.build/Objects-normal/arm64/pb_decode.dia -c /Users/aleks/Library/Developer/Xcode/DerivedData/PlanItApp-gkehojshtcbfvhersqwajfujohau/SourcePackages/checkouts/nanopb/pb_decode.c -o /Users/aleks/Library/Developer/Xcode/DerivedData/PlanItApp-gkehojshtcbfvhersqwajfujohau/Build/Intermediates.noindex/nanopb.build/Debug-iphonesimulator/nanopb.build/Objects-normal/arm64/pb_decode.o -index-unit-output-path /nanopb.build/Debug-iphonesimulator/nanopb.build/Objects-normal/arm64/pb_decode.o

CompileC /Users/aleks/Library/Developer/Xcode/DerivedData/PlanItApp-gkehojshtcbfvhersqwajfujohau/Build/Intermediates.noindex/nanopb.build/Debug-iphonesimulator/nanopb.build/Objects-normal/arm64/pb_common.o /Users/aleks/Library/Developer/Xcode/DerivedData/PlanItApp-gkehojshtcbfvhersqwajfujohau/SourcePackages/checkouts/nanopb/pb_common.c normal arm64 c com.apple.compilers.llvm.clang.1_0.compiler (in target 'nanopb' from project 'nanopb')
    cd /Users/aleks/Desktop/PlanItApp/PlanItApp.xcodeproj
    
    Using response file: /Users/aleks/Library/Developer/Xcode/DerivedData/PlanItApp-gkehojshtcbfvhersqwajfujohau/Build/Intermediates.noindex/nanopb.build/Debug-iphonesimulator/nanopb.build/Objects-normal/arm64/7187679823f38a2a940e0043cdf9d637-common-args.resp
    
    /Applications/Xcode.app/Contents/Developer/Toolchains/XcodeDefault.xctoolchain/usr/bin/clang -x c -ivfsstatcache /Users/aleks/Library/Developer/Xcode/DerivedData/SDKStatCaches.noindex/iphonesimulator18.5-22F76-d5fc8ad4295d2ef488fb7d0f804ce0c4.sdkstatcache -fmessage-length\=0 -fdiagnostics-show-note-include-stack -fmacro-backtrace-limit\=0 -fno-color-diagnostics -fmodules-prune-interval\=86400 -fmodules-prune-after\=345600 -fbuild-session-file\=/Users/aleks/Library/Developer/Xcode/DerivedData/ModuleCache.noindex/Session.modulevalidation -fmodules-validate-once-per-build-session -Wnon-modular-include-in-framework-module -Werror\=non-modular-include-in-framework-module -Wno-trigraphs -Wno-missing-field-initializers -Wno-missing-prototypes -Wno-return-type -Wno-missing-braces -Wparentheses -Wswitch -Wno-unused-function -Wno-unused-label -Wno-unused-parameter -Wno-unused-variable -Wunused-value -Wno-empty-body -Wno-uninitialized -Wno-unknown-pragmas -w -Wno-shadow -Wno-four-char-constants -Wno-conversion -Wno-constant-conversion -Wno-int-conversion -Wno-bool-conversion -Wno-enum-conversion -Wno-float-conversion -Wno-non-literal-null-conversion -Wno-objc-literal-conversion -Wshorten-64-to-32 -Wpointer-sign -Wno-newline-eof -Wno-implicit-fallthrough -fstrict-aliasing -Wdeprecated-declarations -Wno-sign-conversion -Wno-infinite-recursion -Wno-comma -Wno-block-capture-autoreleasing -Wno-strict-prototypes -Wno-semicolon-before-method-body -index-store-path /Users/aleks/Library/Developer/Xcode/DerivedData/PlanItApp-gkehojshtcbfvhersqwajfujohau/Index.noindex/DataStore @/Users/aleks/Library/Developer/Xcode/DerivedData/PlanItApp-gkehojshtcbfvhersqwajfujohau/Build/Intermediates.noindex/nanopb.build/Debug-iphonesimulator/nanopb.build/Objects-normal/arm64/7187679823f38a2a940e0043cdf9d637-common-args.resp -MMD -MT dependencies -MF /Users/aleks/Library/Developer/Xcode/DerivedData/PlanItApp-gkehojshtcbfvhersqwajfujohau/Build/Intermediates.noindex/nanopb.build/Debug-iphonesimulator/nanopb.build/Objects-normal/arm64/pb_common.d --serialize-diagnostics /Users/aleks/Library/Developer/Xcode/DerivedData/PlanItApp-gkehojshtcbfvhersqwajfujohau/Build/Intermediates.noindex/nanopb.build/Debug-iphonesimulator/nanopb.build/Objects-normal/arm64/pb_common.dia -c /Users/aleks/Library/Developer/Xcode/DerivedData/PlanItApp-gkehojshtcbfvhersqwajfujohau/SourcePackages/checkouts/nanopb/pb_common.c -o /Users/aleks/Library/Developer/Xcode/DerivedData/PlanItApp-gkehojshtcbfvhersqwajfujohau/Build/Intermediates.noindex/nanopb.build/Debug-iphonesimulator/nanopb.build/Objects-normal/arm64/pb_common.o -index-unit-output-path /nanopb.build/Debug-iphonesimulator/nanopb.build/Objects-normal/arm64/pb_common.o

Ld /Users/aleks/Library/Developer/Xcode/DerivedData/PlanItApp-gkehojshtcbfvhersqwajfujohau/Build/Products/Debug-iphonesimulator/third-party-IsAppEncrypted.o normal (in target 'third-party-IsAppEncrypted' from project 'GoogleUtilities')
    cd /Users/aleks/Library/Developer/Xcode/DerivedData/PlanItApp-gkehojshtcbfvhersqwajfujohau/SourcePackages/checkouts/GoogleUtilities
    /Applications/Xcode.app/Contents/Developer/Toolchains/XcodeDefault.xctoolchain/usr/bin/clang -Xlinker -reproducible -target arm64-apple-ios12.0-simulator -r -isysroot /Applications/Xcode.app/Contents/Developer/Platforms/iPhoneSimulator.platform/Developer/SDKs/iPhoneSimulator18.5.sdk -O0 -w -L/Users/aleks/Library/Developer/Xcode/DerivedData/PlanItApp-gkehojshtcbfvhersqwajfujohau/Build/Intermediates.noindex/EagerLinkingTBDs/Debug-iphonesimulator -L/Users/aleks/Library/Developer/Xcode/DerivedData/PlanItApp-gkehojshtcbfvhersqwajfujohau/Build/Products/Debug-iphonesimulator -L/Applications/Xcode.app/Contents/Developer/Platforms/iPhoneSimulator.platform/Developer/usr/lib -F/Users/aleks/Library/Developer/Xcode/DerivedData/PlanItApp-gkehojshtcbfvhersqwajfujohau/Build/Intermediates.noindex/EagerLinkingTBDs/Debug-iphonesimulator -F/Users/aleks/Library/Developer/Xcode/DerivedData/PlanItApp-gkehojshtcbfvhersqwajfujohau/Build/Products/Debug-iphonesimulator -iframework /Applications/Xcode.app/Contents/Developer/Platforms/iPhoneSimulator.platform/Developer/Library/Frameworks -iframework /Applications/Xcode.app/Contents/Developer/Platforms/iPhoneSimulator.platform/Developer/SDKs/iPhoneSimulator18.5.sdk/Developer/Library/Frameworks -filelist /Users/aleks/Library/Developer/Xcode/DerivedData/PlanItApp-gkehojshtcbfvhersqwajfujohau/Build/Intermediates.noindex/GoogleUtilities.build/Debug-iphonesimulator/third-party-IsAppEncrypted.build/Objects-normal/arm64/third-party-IsAppEncrypted.LinkFileList -nostdlib -Xlinker -object_path_lto -Xlinker /Users/aleks/Library/Developer/Xcode/DerivedData/PlanItApp-gkehojshtcbfvhersqwajfujohau/Build/Intermediates.noindex/GoogleUtilities.build/Debug-iphonesimulator/third-party-IsAppEncrypted.build/Objects-normal/arm64/third-party-IsAppEncrypted_lto.o -rdynamic -Xlinker -no_deduplicate -Xlinker -objc_abi_version -Xlinker 2 -Xlinker -debug_variant -Xlinker -dependency_info -Xlinker /Users/aleks/Library/Developer/Xcode/DerivedData/PlanItApp-gkehojshtcbfvhersqwajfujohau/Build/Intermediates.noindex/GoogleUtilities.build/Debug-iphonesimulator/third-party-IsAppEncrypted.build/Objects-normal/arm64/third-party-IsAppEncrypted_dependency_info.dat -fobjc-arc -fobjc-link-runtime -o /Users/aleks/Library/Developer/Xcode/DerivedData/PlanItApp-gkehojshtcbfvhersqwajfujohau/Build/Products/Debug-iphonesimulator/third-party-IsAppEncrypted.o

PrecompileModule /Users/aleks/Library/Developer/Xcode/DerivedData/PlanItApp-gkehojshtcbfvhersqwajfujohau/Build/Intermediates.noindex/ExplicitPrecompiledModules/_Builtin_iso646-4OJR5Y0EZ32J9JJG5JX1BKIP8.scan
    cd /Users/aleks/Desktop/PlanItApp/PlanItApp.xcodeproj
    builtin-precompileModule /Users/aleks/Library/Developer/Xcode/DerivedData/PlanItApp-gkehojshtcbfvhersqwajfujohau/Build/Intermediates.noindex/ExplicitPrecompiledModules/_Builtin_iso646-4OJR5Y0EZ32J9JJG5JX1BKIP8.scan

PrecompileModule /Users/aleks/Library/Developer/Xcode/DerivedData/PlanItApp-gkehojshtcbfvhersqwajfujohau/Build/Intermediates.noindex/ExplicitPrecompiledModules/os_availability_internal-1SU4W1D7H9Y0JPNT5UCCKAAL4.scan
    cd /Users/aleks/Desktop/PlanItApp/PlanItApp.xcodeproj
    builtin-precompileModule /Users/aleks/Library/Developer/Xcode/DerivedData/PlanItApp-gkehojshtcbfvhersqwajfujohau/Build/Intermediates.noindex/ExplicitPrecompiledModules/os_availability_internal-1SU4W1D7H9Y0JPNT5UCCKAAL4.scan

PrecompileModule /Users/aleks/Library/Developer/Xcode/DerivedData/PlanItApp-gkehojshtcbfvhersqwajfujohau/Build/Intermediates.noindex/ExplicitPrecompiledModules/_Builtin_stddef-17BI9WDDQVT70RTN2I9CKP1LL.scan
    cd /Users/aleks/Desktop/PlanItApp/PlanItApp.xcodeproj
    builtin-precompileModule /Users/aleks/Library/Developer/Xcode/DerivedData/PlanItApp-gkehojshtcbfvhersqwajfujohau/Build/Intermediates.noindex/ExplicitPrecompiledModules/_Builtin_stddef-17BI9WDDQVT70RTN2I9CKP1LL.scan

PrecompileModule /Users/aleks/Library/Developer/Xcode/DerivedData/PlanItApp-gkehojshtcbfvhersqwajfujohau/Build/Intermediates.noindex/ExplicitPrecompiledModules/_fenv-7ESPZZB62MVSF348WJ61L5J0.scan
    cd /Users/aleks/Desktop/PlanItApp/PlanItApp.xcodeproj
    builtin-precompileModule /Users/aleks/Library/Developer/Xcode/DerivedData/PlanItApp-gkehojshtcbfvhersqwajfujohau/Build/Intermediates.noindex/ExplicitPrecompiledModules/_fenv-7ESPZZB62MVSF348WJ61L5J0.scan

PrecompileModule /Users/aleks/Library/Developer/Xcode/DerivedData/PlanItApp-gkehojshtcbfvhersqwajfujohau/Build/Intermediates.noindex/ExplicitPrecompiledModules/third_party_IsAppEncrypted-2U3DM2EJNFS177EYX1CSKQQ0J.scan
    cd /Users/aleks/Desktop/PlanItApp/PlanItApp.xcodeproj
    builtin-precompileModule /Users/aleks/Library/Developer/Xcode/DerivedData/PlanItApp-gkehojshtcbfvhersqwajfujohau/Build/Intermediates.noindex/ExplicitPrecompiledModules/third_party_IsAppEncrypted-2U3DM2EJNFS177EYX1CSKQQ0J.scan

PrecompileModule /Users/aleks/Library/Developer/Xcode/DerivedData/PlanItApp-gkehojshtcbfvhersqwajfujohau/Build/Intermediates.noindex/ExplicitPrecompiledModules/ptrauth-4WQNZS2OXLWXOJDNCNQ5L1L03.scan
    cd /Users/aleks/Desktop/PlanItApp/PlanItApp.xcodeproj
    builtin-precompileModule /Users/aleks/Library/Developer/Xcode/DerivedData/PlanItApp-gkehojshtcbfvhersqwajfujohau/Build/Intermediates.noindex/ExplicitPrecompiledModules/ptrauth-4WQNZS2OXLWXOJDNCNQ5L1L03.scan

PrecompileModule /Users/aleks/Library/Developer/Xcode/DerivedData/PlanItApp-gkehojshtcbfvhersqwajfujohau/Build/Intermediates.noindex/ExplicitPrecompiledModules/TargetConditionals-1XKV56XQB2BVFBDYY0D4Z9NAJ.scan
    cd /Users/aleks/Desktop/PlanItApp/PlanItApp.xcodeproj
    builtin-precompileModule /Users/aleks/Library/Developer/Xcode/DerivedData/PlanItApp-gkehojshtcbfvhersqwajfujohau/Build/Intermediates.noindex/ExplicitPrecompiledModules/TargetConditionals-1XKV56XQB2BVFBDYY0D4Z9NAJ.scan

PrecompileModule /Users/aleks/Library/Developer/Xcode/DerivedData/PlanItApp-gkehojshtcbfvhersqwajfujohau/Build/Intermediates.noindex/ExplicitPrecompiledModules/_Builtin_stdarg-C1YFLIPYSVCSWW43PR1DZRQMA.scan
    cd /Users/aleks/Desktop/PlanItApp/PlanItApp.xcodeproj
    builtin-precompileModule /Users/aleks/Library/Developer/Xcode/DerivedData/PlanItApp-gkehojshtcbfvhersqwajfujohau/Build/Intermediates.noindex/ExplicitPrecompiledModules/_Builtin_stdarg-C1YFLIPYSVCSWW43PR1DZRQMA.scan

PrecompileModule /Users/aleks/Library/Developer/Xcode/DerivedData/PlanItApp-gkehojshtcbfvhersqwajfujohau/Build/Intermediates.noindex/ExplicitPrecompiledModules/unistd-E8X4A1MKA7ZKI0Y7LY9BEPU2M.scan
    cd /Users/aleks/Desktop/PlanItApp/PlanItApp.xcodeproj
    builtin-precompileModule /Users/aleks/Library/Developer/Xcode/DerivedData/PlanItApp-gkehojshtcbfvhersqwajfujohau/Build/Intermediates.noindex/ExplicitPrecompiledModules/unistd-E8X4A1MKA7ZKI0Y7LY9BEPU2M.scan

PrecompileModule /Users/aleks/Library/Developer/Xcode/DerivedData/PlanItApp-gkehojshtcbfvhersqwajfujohau/Build/Intermediates.noindex/ExplicitPrecompiledModules/os_availability-92YU1JOD47A45AHMV7ZXMF8EU.scan
    cd /Users/aleks/Desktop/PlanItApp/PlanItApp.xcodeproj
    builtin-precompileModule /Users/aleks/Library/Developer/Xcode/DerivedData/PlanItApp-gkehojshtcbfvhersqwajfujohau/Build/Intermediates.noindex/ExplicitPrecompiledModules/os_availability-92YU1JOD47A45AHMV7ZXMF8EU.scan

PrecompileModule /Users/aleks/Library/Developer/Xcode/DerivedData/PlanItApp-gkehojshtcbfvhersqwajfujohau/Build/Intermediates.noindex/ExplicitPrecompiledModules/os_object-ECPVCBHFBO0JNY85857Q7LH69.scan
    cd /Users/aleks/Desktop/PlanItApp/PlanItApp.xcodeproj
    builtin-precompileModule /Users/aleks/Library/Developer/Xcode/DerivedData/PlanItApp-gkehojshtcbfvhersqwajfujohau/Build/Intermediates.noindex/ExplicitPrecompiledModules/os_object-ECPVCBHFBO0JNY85857Q7LH69.scan

PrecompileModule /Users/aleks/Library/Developer/Xcode/DerivedData/PlanItApp-gkehojshtcbfvhersqwajfujohau/Build/Intermediates.noindex/ExplicitPrecompiledModules/_Builtin_stdbool-2CE3GL4R94CLSVJL1R7P1MV2M.scan
    cd /Users/aleks/Desktop/PlanItApp/PlanItApp.xcodeproj
    builtin-precompileModule /Users/aleks/Library/Developer/Xcode/DerivedData/PlanItApp-gkehojshtcbfvhersqwajfujohau/Build/Intermediates.noindex/ExplicitPrecompiledModules/_Builtin_stdbool-2CE3GL4R94CLSVJL1R7P1MV2M.scan

PrecompileModule /Users/aleks/Library/Developer/Xcode/DerivedData/PlanItApp-gkehojshtcbfvhersqwajfujohau/Build/Intermediates.noindex/ExplicitPrecompiledModules/_float-EUYV32EU5Y5SS4JGLOS2P07SF.scan
    cd /Users/aleks/Desktop/PlanItApp/PlanItApp.xcodeproj
    builtin-precompileModule /Users/aleks/Library/Developer/Xcode/DerivedData/PlanItApp-gkehojshtcbfvhersqwajfujohau/Build/Intermediates.noindex/ExplicitPrecompiledModules/_float-EUYV32EU5Y5SS4JGLOS2P07SF.scan

ScanDependencies /Users/aleks/Library/Developer/Xcode/DerivedData/PlanItApp-gkehojshtcbfvhersqwajfujohau/Build/Intermediates.noindex/Promises.build/Debug-iphonesimulator/FBLPromises.build/Objects-normal/arm64/FBLPromise.o /Users/aleks/Library/Developer/Xcode/DerivedData/PlanItApp-gkehojshtcbfvhersqwajfujohau/SourcePackages/checkouts/promises/Sources/FBLPromises/FBLPromise.m normal arm64 objective-c com.apple.compilers.llvm.clang.1_0.compiler (in target 'FBLPromises' from project 'Promises')
    cd /Users/aleks/Desktop/PlanItApp/PlanItApp.xcodeproj
    
    Using response file: /Users/aleks/Library/Developer/Xcode/DerivedData/PlanItApp-gkehojshtcbfvhersqwajfujohau/Build/Intermediates.noindex/Promises.build/Debug-iphonesimulator/FBLPromises.build/Objects-normal/arm64/e6072d4f65d7061329687fe24e3d63a7-common-args.resp
    
    builtin-ScanDependencies -o /Users/aleks/Library/Developer/Xcode/DerivedData/PlanItApp-gkehojshtcbfvhersqwajfujohau/Build/Intermediates.noindex/Promises.build/Debug-iphonesimulator/FBLPromises.build/Objects-normal/arm64/FBLPromise.o.scan -- /Applications/Xcode.app/Contents/Developer/Toolchains/XcodeDefault.xctoolchain/usr/bin/clang -x objective-c -ivfsstatcache /Users/aleks/Library/Developer/Xcode/DerivedData/SDKStatCaches.noindex/iphonesimulator18.5-22F76-d5fc8ad4295d2ef488fb7d0f804ce0c4.sdkstatcache -fmessage-length\=0 -fdiagnostics-show-note-include-stack -fmacro-backtrace-limit\=0 -fno-color-diagnostics -fmodules-prune-interval\=86400 -fmodules-prune-after\=345600 -fbuild-session-file\=/Users/aleks/Library/Developer/Xcode/DerivedData/ModuleCache.noindex/Session.modulevalidation -fmodules-validate-once-per-build-session -Wnon-modular-include-in-framework-module -Werror\=non-modular-include-in-framework-module -Wno-trigraphs -Wno-missing-field-initializers -Wno-missing-prototypes -Wno-return-type -Wno-implicit-atomic-properties -Wno-objc-interface-ivars -Wno-arc-repeated-use-of-weak -Wno-missing-braces -Wparentheses -Wswitch -Wno-unused-function -Wno-unused-label -Wno-unused-parameter -Wno-unused-variable -Wunused-value -Wno-empty-body -Wno-uninitialized -Wno-unknown-pragmas -w -Wno-shadow -Wno-four-char-constants -Wno-conversion -Wno-constant-conversion -Wno-int-conversion -Wno-bool-conversion -Wno-enum-conversion -Wno-float-conversion -Wno-non-literal-null-conversion -Wno-objc-literal-conversion -Wshorten-64-to-32 -Wpointer-sign -Wno-newline-eof -Wno-selector -Wno-strict-selector-match -Wno-undeclared-selector -Wno-deprecated-implementations -Wno-implicit-fallthrough -fstrict-aliasing -Wprotocol -Wdeprecated-declarations -Wno-sign-conversion -Wno-infinite-recursion -Wno-comma -Wno-block-capture-autoreleasing -Wno-strict-prototypes -Wno-semicolon-before-method-body -index-store-path /Users/aleks/Library/Developer/Xcode/DerivedData/PlanItApp-gkehojshtcbfvhersqwajfujohau/Index.noindex/DataStore @/Users/aleks/Library/Developer/Xcode/DerivedData/PlanItApp-gkehojshtcbfvhersqwajfujohau/Build/Intermediates.noindex/Promises.build/Debug-iphonesimulator/FBLPromises.build/Objects-normal/arm64/e6072d4f65d7061329687fe24e3d63a7-common-args.resp -include /Users/aleks/Library/Developer/Xcode/DerivedData/PlanItApp-gkehojshtcbfvhersqwajfujohau/Build/Intermediates.noindex/Promises.build/Debug-iphonesimulator/FBLPromises.build/DerivedSources/resource_bundle_accessor.h -MMD -MT dependencies -MF /Users/aleks/Library/Developer/Xcode/DerivedData/PlanItApp-gkehojshtcbfvhersqwajfujohau/Build/Intermediates.noindex/Promises.build/Debug-iphonesimulator/FBLPromises.build/Objects-normal/arm64/FBLPromise.d --serialize-diagnostics /Users/aleks/Library/Developer/Xcode/DerivedData/PlanItApp-gkehojshtcbfvhersqwajfujohau/Build/Intermediates.noindex/Promises.build/Debug-iphonesimulator/FBLPromises.build/Objects-normal/arm64/FBLPromise.dia -c /Users/aleks/Library/Developer/Xcode/DerivedData/PlanItApp-gkehojshtcbfvhersqwajfujohau/SourcePackages/checkouts/promises/Sources/FBLPromises/FBLPromise.m -o /Users/aleks/Library/Developer/Xcode/DerivedData/PlanItApp-gkehojshtcbfvhersqwajfujohau/Build/Intermediates.noindex/Promises.build/Debug-iphonesimulator/FBLPromises.build/Objects-normal/arm64/FBLPromise.o -index-unit-output-path /Promises.build/Debug-iphonesimulator/FBLPromises.build/Objects-normal/arm64/FBLPromise.o

ScanDependencies /Users/aleks/Library/Developer/Xcode/DerivedData/PlanItApp-gkehojshtcbfvhersqwajfujohau/Build/Intermediates.noindex/Promises.build/Debug-iphonesimulator/FBLPromises.build/Objects-normal/arm64/FBLPromise+Wrap.o /Users/aleks/Library/Developer/Xcode/DerivedData/PlanItApp-gkehojshtcbfvhersqwajfujohau/SourcePackages/checkouts/promises/Sources/FBLPromises/FBLPromise+Wrap.m normal arm64 objective-c com.apple.compilers.llvm.clang.1_0.compiler (in target 'FBLPromises' from project 'Promises')
    cd /Users/aleks/Desktop/PlanItApp/PlanItApp.xcodeproj
    
    Using response file: /Users/aleks/Library/Developer/Xcode/DerivedData/PlanItApp-gkehojshtcbfvhersqwajfujohau/Build/Intermediates.noindex/Promises.build/Debug-iphonesimulator/FBLPromises.build/Objects-normal/arm64/e6072d4f65d7061329687fe24e3d63a7-common-args.resp
    
    builtin-ScanDependencies -o /Users/aleks/Library/Developer/Xcode/DerivedData/PlanItApp-gkehojshtcbfvhersqwajfujohau/Build/Intermediates.noindex/Promises.build/Debug-iphonesimulator/FBLPromises.build/Objects-normal/arm64/FBLPromise+Wrap.o.scan -- /Applications/Xcode.app/Contents/Developer/Toolchains/XcodeDefault.xctoolchain/usr/bin/clang -x objective-c -ivfsstatcache /Users/aleks/Library/Developer/Xcode/DerivedData/SDKStatCaches.noindex/iphonesimulator18.5-22F76-d5fc8ad4295d2ef488fb7d0f804ce0c4.sdkstatcache -fmessage-length\=0 -fdiagnostics-show-note-include-stack -fmacro-backtrace-limit\=0 -fno-color-diagnostics -fmodules-prune-interval\=86400 -fmodules-prune-after\=345600 -fbuild-session-file\=/Users/aleks/Library/Developer/Xcode/DerivedData/ModuleCache.noindex/Session.modulevalidation -fmodules-validate-once-per-build-session -Wnon-modular-include-in-framework-module -Werror\=non-modular-include-in-framework-module -Wno-trigraphs -Wno-missing-field-initializers -Wno-missing-prototypes -Wno-return-type -Wno-implicit-atomic-properties -Wno-objc-interface-ivars -Wno-arc-repeated-use-of-weak -Wno-missing-braces -Wparentheses -Wswitch -Wno-unused-function -Wno-unused-label -Wno-unused-parameter -Wno-unused-variable -Wunused-value -Wno-empty-body -Wno-uninitialized -Wno-unknown-pragmas -w -Wno-shadow -Wno-four-char-constants -Wno-conversion -Wno-constant-conversion -Wno-int-conversion -Wno-bool-conversion -Wno-enum-conversion -Wno-float-conversion -Wno-non-literal-null-conversion -Wno-objc-literal-conversion -Wshorten-64-to-32 -Wpointer-sign -Wno-newline-eof -Wno-selector -Wno-strict-selector-match -Wno-undeclared-selector -Wno-deprecated-implementations -Wno-implicit-fallthrough -fstrict-aliasing -Wprotocol -Wdeprecated-declarations -Wno-sign-conversion -Wno-infinite-recursion -Wno-comma -Wno-block-capture-autoreleasing -Wno-strict-prototypes -Wno-semicolon-before-method-body -index-store-path /Users/aleks/Library/Developer/Xcode/DerivedData/PlanItApp-gkehojshtcbfvhersqwajfujohau/Index.noindex/DataStore @/Users/aleks/Library/Developer/Xcode/DerivedData/PlanItApp-gkehojshtcbfvhersqwajfujohau/Build/Intermediates.noindex/Promises.build/Debug-iphonesimulator/FBLPromises.build/Objects-normal/arm64/e6072d4f65d7061329687fe24e3d63a7-common-args.resp -include /Users/aleks/Library/Developer/Xcode/DerivedData/PlanItApp-gkehojshtcbfvhersqwajfujohau/Build/Intermediates.noindex/Promises.build/Debug-iphonesimulator/FBLPromises.build/DerivedSources/resource_bundle_accessor.h -MMD -MT dependencies -MF /Users/aleks/Library/Developer/Xcode/DerivedData/PlanItApp-gkehojshtcbfvhersqwajfujohau/Build/Intermediates.noindex/Promises.build/Debug-iphonesimulator/FBLPromises.build/Objects-normal/arm64/FBLPromise+Wrap.d --serialize-diagnostics /Users/aleks/Library/Developer/Xcode/DerivedData/PlanItApp-gkehojshtcbfvhersqwajfujohau/Build/Intermediates.noindex/Promises.build/Debug-iphonesimulator/FBLPromises.build/Objects-normal/arm64/FBLPromise+Wrap.dia -c /Users/aleks/Library/Developer/Xcode/DerivedData/PlanItApp-gkehojshtcbfvhersqwajfujohau/SourcePackages/checkouts/promises/Sources/FBLPromises/FBLPromise+Wrap.m -o /Users/aleks/Library/Developer/Xcode/DerivedData/PlanItApp-gkehojshtcbfvhersqwajfujohau/Build/Intermediates.noindex/Promises.build/Debug-iphonesimulator/FBLPromises.build/Objects-normal/arm64/FBLPromise+Wrap.o -index-unit-output-path /Promises.build/Debug-iphonesimulator/FBLPromises.build/Objects-normal/arm64/FBLPromise+Wrap.o

ScanDependencies /Users/aleks/Library/Developer/Xcode/DerivedData/PlanItApp-gkehojshtcbfvhersqwajfujohau/Build/Intermediates.noindex/Promises.build/Debug-iphonesimulator/FBLPromises.build/Objects-normal/arm64/FBLPromise+Validate.o /Users/aleks/Library/Developer/Xcode/DerivedData/PlanItApp-gkehojshtcbfvhersqwajfujohau/SourcePackages/checkouts/promises/Sources/FBLPromises/FBLPromise+Validate.m normal arm64 objective-c com.apple.compilers.llvm.clang.1_0.compiler (in target 'FBLPromises' from project 'Promises')
    cd /Users/aleks/Desktop/PlanItApp/PlanItApp.xcodeproj
    
    Using response file: /Users/aleks/Library/Developer/Xcode/DerivedData/PlanItApp-gkehojshtcbfvhersqwajfujohau/Build/Intermediates.noindex/Promises.build/Debug-iphonesimulator/FBLPromises.build/Objects-normal/arm64/e6072d4f65d7061329687fe24e3d63a7-common-args.resp
    
    builtin-ScanDependencies -o /Users/aleks/Library/Developer/Xcode/DerivedData/PlanItApp-gkehojshtcbfvhersqwajfujohau/Build/Intermediates.noindex/Promises.build/Debug-iphonesimulator/FBLPromises.build/Objects-normal/arm64/FBLPromise+Validate.o.scan -- /Applications/Xcode.app/Contents/Developer/Toolchains/XcodeDefault.xctoolchain/usr/bin/clang -x objective-c -ivfsstatcache /Users/aleks/Library/Developer/Xcode/DerivedData/SDKStatCaches.noindex/iphonesimulator18.5-22F76-d5fc8ad4295d2ef488fb7d0f804ce0c4.sdkstatcache -fmessage-length\=0 -fdiagnostics-show-note-include-stack -fmacro-backtrace-limit\=0 -fno-color-diagnostics -fmodules-prune-interval\=86400 -fmodules-prune-after\=345600 -fbuild-session-file\=/Users/aleks/Library/Developer/Xcode/DerivedData/ModuleCache.noindex/Session.modulevalidation -fmodules-validate-once-per-build-session -Wnon-modular-include-in-framework-module -Werror\=non-modular-include-in-framework-module -Wno-trigraphs -Wno-missing-field-initializers -Wno-missing-prototypes -Wno-return-type -Wno-implicit-atomic-properties -Wno-objc-interface-ivars -Wno-arc-repeated-use-of-weak -Wno-missing-braces -Wparentheses -Wswitch -Wno-unused-function -Wno-unused-label -Wno-unused-parameter -Wno-unused-variable -Wunused-value -Wno-empty-body -Wno-uninitialized -Wno-unknown-pragmas -w -Wno-shadow -Wno-four-char-constants -Wno-conversion -Wno-constant-conversion -Wno-int-conversion -Wno-bool-conversion -Wno-enum-conversion -Wno-float-conversion -Wno-non-literal-null-conversion -Wno-objc-literal-conversion -Wshorten-64-to-32 -Wpointer-sign -Wno-newline-eof -Wno-selector -Wno-strict-selector-match -Wno-undeclared-selector -Wno-deprecated-implementations -Wno-implicit-fallthrough -fstrict-aliasing -Wprotocol -Wdeprecated-declarations -Wno-sign-conversion -Wno-infinite-recursion -Wno-comma -Wno-block-capture-autoreleasing -Wno-strict-prototypes -Wno-semicolon-before-method-body -index-store-path /Users/aleks/Library/Developer/Xcode/DerivedData/PlanItApp-gkehojshtcbfvhersqwajfujohau/Index.noindex/DataStore @/Users/aleks/Library/Developer/Xcode/DerivedData/PlanItApp-gkehojshtcbfvhersqwajfujohau/Build/Intermediates.noindex/Promises.build/Debug-iphonesimulator/FBLPromises.build/Objects-normal/arm64/e6072d4f65d7061329687fe24e3d63a7-common-args.resp -include /Users/aleks/Library/Developer/Xcode/DerivedData/PlanItApp-gkehojshtcbfvhersqwajfujohau/Build/Intermediates.noindex/Promises.build/Debug-iphonesimulator/FBLPromises.build/DerivedSources/resource_bundle_accessor.h -MMD -MT dependencies -MF /Users/aleks/Library/Developer/Xcode/DerivedData/PlanItApp-gkehojshtcbfvhersqwajfujohau/Build/Intermediates.noindex/Promises.build/Debug-iphonesimulator/FBLPromises.build/Objects-normal/arm64/FBLPromise+Validate.d --serialize-diagnostics /Users/aleks/Library/Developer/Xcode/DerivedData/PlanItApp-gkehojshtcbfvhersqwajfujohau/Build/Intermediates.noindex/Promises.build/Debug-iphonesimulator/FBLPromises.build/Objects-normal/arm64/FBLPromise+Validate.dia -c /Users/aleks/Library/Developer/Xcode/DerivedData/PlanItApp-gkehojshtcbfvhersqwajfujohau/SourcePackages/checkouts/promises/Sources/FBLPromises/FBLPromise+Validate.m -o /Users/aleks/Library/Developer/Xcode/DerivedData/PlanItApp-gkehojshtcbfvhersqwajfujohau/Build/Intermediates.noindex/Promises.build/Debug-iphonesimulator/FBLPromises.build/Objects-normal/arm64/FBLPromise+Validate.o -index-unit-output-path /Promises.build/Debug-iphonesimulator/FBLPromises.build/Objects-normal/arm64/FBLPromise+Validate.o

ScanDependencies /Users/aleks/Library/Developer/Xcode/DerivedData/PlanItApp-gkehojshtcbfvhersqwajfujohau/Build/Intermediates.noindex/Promises.build/Debug-iphonesimulator/FBLPromises.build/Objects-normal/arm64/FBLPromise+Timeout.o /Users/aleks/Library/Developer/Xcode/DerivedData/PlanItApp-gkehojshtcbfvhersqwajfujohau/SourcePackages/checkouts/promises/Sources/FBLPromises/FBLPromise+Timeout.m normal arm64 objective-c com.apple.compilers.llvm.clang.1_0.compiler (in target 'FBLPromises' from project 'Promises')
    cd /Users/aleks/Desktop/PlanItApp/PlanItApp.xcodeproj
    
    Using response file: /Users/aleks/Library/Developer/Xcode/DerivedData/PlanItApp-gkehojshtcbfvhersqwajfujohau/Build/Intermediates.noindex/Promises.build/Debug-iphonesimulator/FBLPromises.build/Objects-normal/arm64/e6072d4f65d7061329687fe24e3d63a7-common-args.resp
    
    builtin-ScanDependencies -o /Users/aleks/Library/Developer/Xcode/DerivedData/PlanItApp-gkehojshtcbfvhersqwajfujohau/Build/Intermediates.noindex/Promises.build/Debug-iphonesimulator/FBLPromises.build/Objects-normal/arm64/FBLPromise+Timeout.o.scan -- /Applications/Xcode.app/Contents/Developer/Toolchains/XcodeDefault.xctoolchain/usr/bin/clang -x objective-c -ivfsstatcache /Users/aleks/Library/Developer/Xcode/DerivedData/SDKStatCaches.noindex/iphonesimulator18.5-22F76-d5fc8ad4295d2ef488fb7d0f804ce0c4.sdkstatcache -fmessage-length\=0 -fdiagnostics-show-note-include-stack -fmacro-backtrace-limit\=0 -fno-color-diagnostics -fmodules-prune-interval\=86400 -fmodules-prune-after\=345600 -fbuild-session-file\=/Users/aleks/Library/Developer/Xcode/DerivedData/ModuleCache.noindex/Session.modulevalidation -fmodules-validate-once-per-build-session -Wnon-modular-include-in-framework-module -Werror\=non-modular-include-in-framework-module -Wno-trigraphs -Wno-missing-field-initializers -Wno-missing-prototypes -Wno-return-type -Wno-implicit-atomic-properties -Wno-objc-interface-ivars -Wno-arc-repeated-use-of-weak -Wno-missing-braces -Wparentheses -Wswitch -Wno-unused-function -Wno-unused-label -Wno-unused-parameter -Wno-unused-variable -Wunused-value -Wno-empty-body -Wno-uninitialized -Wno-unknown-pragmas -w -Wno-shadow -Wno-four-char-constants -Wno-conversion -Wno-constant-conversion -Wno-int-conversion -Wno-bool-conversion -Wno-enum-conversion -Wno-float-conversion -Wno-non-literal-null-conversion -Wno-objc-literal-conversion -Wshorten-64-to-32 -Wpointer-sign -Wno-newline-eof -Wno-selector -Wno-strict-selector-match -Wno-undeclared-selector -Wno-deprecated-implementations -Wno-implicit-fallthrough -fstrict-aliasing -Wprotocol -Wdeprecated-declarations -Wno-sign-conversion -Wno-infinite-recursion -Wno-comma -Wno-block-capture-autoreleasing -Wno-strict-prototypes -Wno-semicolon-before-method-body -index-store-path /Users/aleks/Library/Developer/Xcode/DerivedData/PlanItApp-gkehojshtcbfvhersqwajfujohau/Index.noindex/DataStore @/Users/aleks/Library/Developer/Xcode/DerivedData/PlanItApp-gkehojshtcbfvhersqwajfujohau/Build/Intermediates.noindex/Promises.build/Debug-iphonesimulator/FBLPromises.build/Objects-normal/arm64/e6072d4f65d7061329687fe24e3d63a7-common-args.resp -include /Users/aleks/Library/Developer/Xcode/DerivedData/PlanItApp-gkehojshtcbfvhersqwajfujohau/Build/Intermediates.noindex/Promises.build/Debug-iphonesimulator/FBLPromises.build/DerivedSources/resource_bundle_accessor.h -MMD -MT dependencies -MF /Users/aleks/Library/Developer/Xcode/DerivedData/PlanItApp-gkehojshtcbfvhersqwajfujohau/Build/Intermediates.noindex/Promises.build/Debug-iphonesimulator/FBLPromises.build/Objects-normal/arm64/FBLPromise+Timeout.d --serialize-diagnostics /Users/aleks/Library/Developer/Xcode/DerivedData/PlanItApp-gkehojshtcbfvhersqwajfujohau/Build/Intermediates.noindex/Promises.build/Debug-iphonesimulator/FBLPromises.build/Objects-normal/arm64/FBLPromise+Timeout.dia -c /Users/aleks/Library/Developer/Xcode/DerivedData/PlanItApp-gkehojshtcbfvhersqwajfujohau/SourcePackages/checkouts/promises/Sources/FBLPromises/FBLPromise+Timeout.m -o /Users/aleks/Library/Developer/Xcode/DerivedData/PlanItApp-gkehojshtcbfvhersqwajfujohau/Build/Intermediates.noindex/Promises.build/Debug-iphonesimulator/FBLPromises.build/Objects-normal/arm64/FBLPromise+Timeout.o -index-unit-output-path /Promises.build/Debug-iphonesimulator/FBLPromises.build/Objects-normal/arm64/FBLPromise+Timeout.o

PrecompileModule /Users/aleks/Library/Developer/Xcode/DerivedData/PlanItApp-gkehojshtcbfvhersqwajfujohau/Build/Intermediates.noindex/ExplicitPrecompiledModules/_Builtin_float-C5J90GKPURZ13V1PY8TRECDGD.scan
    cd /Users/aleks/Desktop/PlanItApp/PlanItApp.xcodeproj
    builtin-precompileModule /Users/aleks/Library/Developer/Xcode/DerivedData/PlanItApp-gkehojshtcbfvhersqwajfujohau/Build/Intermediates.noindex/ExplicitPrecompiledModules/_Builtin_float-C5J90GKPURZ13V1PY8TRECDGD.scan

PrecompileModule /Users/aleks/Library/Developer/Xcode/DerivedData/PlanItApp-gkehojshtcbfvhersqwajfujohau/Build/Intermediates.noindex/ExplicitPrecompiledModules/os_workgroup-1IAVGYT8594GBH9MF6AC9MUZM.scan
    cd /Users/aleks/Desktop/PlanItApp/PlanItApp.xcodeproj
    builtin-precompileModule /Users/aleks/Library/Developer/Xcode/DerivedData/PlanItApp-gkehojshtcbfvhersqwajfujohau/Build/Intermediates.noindex/ExplicitPrecompiledModules/os_workgroup-1IAVGYT8594GBH9MF6AC9MUZM.scan

ScanDependencies /Users/aleks/Library/Developer/Xcode/DerivedData/PlanItApp-gkehojshtcbfvhersqwajfujohau/Build/Intermediates.noindex/Promises.build/Debug-iphonesimulator/FBLPromises.build/Objects-normal/arm64/FBLPromise+Then.o /Users/aleks/Library/Developer/Xcode/DerivedData/PlanItApp-gkehojshtcbfvhersqwajfujohau/SourcePackages/checkouts/promises/Sources/FBLPromises/FBLPromise+Then.m normal arm64 objective-c com.apple.compilers.llvm.clang.1_0.compiler (in target 'FBLPromises' from project 'Promises')
    cd /Users/aleks/Desktop/PlanItApp/PlanItApp.xcodeproj
    
    Using response file: /Users/aleks/Library/Developer/Xcode/DerivedData/PlanItApp-gkehojshtcbfvhersqwajfujohau/Build/Intermediates.noindex/Promises.build/Debug-iphonesimulator/FBLPromises.build/Objects-normal/arm64/e6072d4f65d7061329687fe24e3d63a7-common-args.resp
    
    builtin-ScanDependencies -o /Users/aleks/Library/Developer/Xcode/DerivedData/PlanItApp-gkehojshtcbfvhersqwajfujohau/Build/Intermediates.noindex/Promises.build/Debug-iphonesimulator/FBLPromises.build/Objects-normal/arm64/FBLPromise+Then.o.scan -- /Applications/Xcode.app/Contents/Developer/Toolchains/XcodeDefault.xctoolchain/usr/bin/clang -x objective-c -ivfsstatcache /Users/aleks/Library/Developer/Xcode/DerivedData/SDKStatCaches.noindex/iphonesimulator18.5-22F76-d5fc8ad4295d2ef488fb7d0f804ce0c4.sdkstatcache -fmessage-length\=0 -fdiagnostics-show-note-include-stack -fmacro-backtrace-limit\=0 -fno-color-diagnostics -fmodules-prune-interval\=86400 -fmodules-prune-after\=345600 -fbuild-session-file\=/Users/aleks/Library/Developer/Xcode/DerivedData/ModuleCache.noindex/Session.modulevalidation -fmodules-validate-once-per-build-session -Wnon-modular-include-in-framework-module -Werror\=non-modular-include-in-framework-module -Wno-trigraphs -Wno-missing-field-initializers -Wno-missing-prototypes -Wno-return-type -Wno-implicit-atomic-properties -Wno-objc-interface-ivars -Wno-arc-repeated-use-of-weak -Wno-missing-braces -Wparentheses -Wswitch -Wno-unused-function -Wno-unused-label -Wno-unused-parameter -Wno-unused-variable -Wunused-value -Wno-empty-body -Wno-uninitialized -Wno-unknown-pragmas -w -Wno-shadow -Wno-four-char-constants -Wno-conversion -Wno-constant-conversion -Wno-int-conversion -Wno-bool-conversion -Wno-enum-conversion -Wno-float-conversion -Wno-non-literal-null-conversion -Wno-objc-literal-conversion -Wshorten-64-to-32 -Wpointer-sign -Wno-newline-eof -Wno-selector -Wno-strict-selector-match -Wno-undeclared-selector -Wno-deprecated-implementations -Wno-implicit-fallthrough -fstrict-aliasing -Wprotocol -Wdeprecated-declarations -Wno-sign-conversion -Wno-infinite-recursion -Wno-comma -Wno-block-capture-autoreleasing -Wno-strict-prototypes -Wno-semicolon-before-method-body -index-store-path /Users/aleks/Library/Developer/Xcode/DerivedData/PlanItApp-gkehojshtcbfvhersqwajfujohau/Index.noindex/DataStore @/Users/aleks/Library/Developer/Xcode/DerivedData/PlanItApp-gkehojshtcbfvhersqwajfujohau/Build/Intermediates.noindex/Promises.build/Debug-iphonesimulator/FBLPromises.build/Objects-normal/arm64/e6072d4f65d7061329687fe24e3d63a7-common-args.resp -include /Users/aleks/Library/Developer/Xcode/DerivedData/PlanItApp-gkehojshtcbfvhersqwajfujohau/Build/Intermediates.noindex/Promises.build/Debug-iphonesimulator/FBLPromises.build/DerivedSources/resource_bundle_accessor.h -MMD -MT dependencies -MF /Users/aleks/Library/Developer/Xcode/DerivedData/PlanItApp-gkehojshtcbfvhersqwajfujohau/Build/Intermediates.noindex/Promises.build/Debug-iphonesimulator/FBLPromises.build/Objects-normal/arm64/FBLPromise+Then.d --serialize-diagnostics /Users/aleks/Library/Developer/Xcode/DerivedData/PlanItApp-gkehojshtcbfvhersqwajfujohau/Build/Intermediates.noindex/Promises.build/Debug-iphonesimulator/FBLPromises.build/Objects-normal/arm64/FBLPromise+Then.dia -c /Users/aleks/Library/Developer/Xcode/DerivedData/PlanItApp-gkehojshtcbfvhersqwajfujohau/SourcePackages/checkouts/promises/Sources/FBLPromises/FBLPromise+Then.m -o /Users/aleks/Library/Developer/Xcode/DerivedData/PlanItApp-gkehojshtcbfvhersqwajfujohau/Build/Intermediates.noindex/Promises.build/Debug-iphonesimulator/FBLPromises.build/Objects-normal/arm64/FBLPromise+Then.o -index-unit-output-path /Promises.build/Debug-iphonesimulator/FBLPromises.build/Objects-normal/arm64/FBLPromise+Then.o

SwiftDriverJobDiscovery normal arm64 Compiling FirebaseRemoteConfigValueDecoding.swift (in target 'FirebaseSharedSwift' from project 'Firebase')

PrecompileModule /Users/aleks/Library/Developer/Xcode/DerivedData/PlanItApp-gkehojshtcbfvhersqwajfujohau/Build/Intermediates.noindex/ExplicitPrecompiledModules/AvailabilityMacros-ETW5IPQ9YH6TIWV4BOE46KSZZ.scan
    cd /Users/aleks/Desktop/PlanItApp/PlanItApp.xcodeproj
    builtin-precompileModule /Users/aleks/Library/Developer/Xcode/DerivedData/PlanItApp-gkehojshtcbfvhersqwajfujohau/Build/Intermediates.noindex/ExplicitPrecompiledModules/AvailabilityMacros-ETW5IPQ9YH6TIWV4BOE46KSZZ.scan

PrecompileModule /Users/aleks/Library/Developer/Xcode/DerivedData/PlanItApp-gkehojshtcbfvhersqwajfujohau/Build/Intermediates.noindex/ExplicitPrecompiledModules/Darwin-BEW3KV5W5EOTP7FLE9XLQYYDK.scan
    cd /Users/aleks/Desktop/PlanItApp/PlanItApp.xcodeproj
    builtin-precompileModule /Users/aleks/Library/Developer/Xcode/DerivedData/PlanItApp-gkehojshtcbfvhersqwajfujohau/Build/Intermediates.noindex/ExplicitPrecompiledModules/Darwin-BEW3KV5W5EOTP7FLE9XLQYYDK.scan

PrecompileModule /Users/aleks/Library/Developer/Xcode/DerivedData/PlanItApp-gkehojshtcbfvhersqwajfujohau/Build/Intermediates.noindex/ExplicitPrecompiledModules/ObjectiveC-EJHY1YIDQD26T2644S7ELTZ3C.scan
    cd /Users/aleks/Desktop/PlanItApp/PlanItApp.xcodeproj
    builtin-precompileModule /Users/aleks/Library/Developer/Xcode/DerivedData/PlanItApp-gkehojshtcbfvhersqwajfujohau/Build/Intermediates.noindex/ExplicitPrecompiledModules/ObjectiveC-EJHY1YIDQD26T2644S7ELTZ3C.scan

PrecompileModule /Users/aleks/Library/Developer/Xcode/DerivedData/PlanItApp-gkehojshtcbfvhersqwajfujohau/Build/Intermediates.noindex/ExplicitPrecompiledModules/DarwinFoundation-7TQNI4JC44HM8U7H3T9OE4840.scan
    cd /Users/aleks/Desktop/PlanItApp/PlanItApp.xcodeproj
    builtin-precompileModule /Users/aleks/Library/Developer/Xcode/DerivedData/PlanItApp-gkehojshtcbfvhersqwajfujohau/Build/Intermediates.noindex/ExplicitPrecompiledModules/DarwinFoundation-7TQNI4JC44HM8U7H3T9OE4840.scan

ScanDependencies /Users/aleks/Library/Developer/Xcode/DerivedData/PlanItApp-gkehojshtcbfvhersqwajfujohau/Build/Intermediates.noindex/Promises.build/Debug-iphonesimulator/FBLPromises.build/Objects-normal/arm64/FBLPromise+Testing.o /Users/aleks/Library/Developer/Xcode/DerivedData/PlanItApp-gkehojshtcbfvhersqwajfujohau/SourcePackages/checkouts/promises/Sources/FBLPromises/FBLPromise+Testing.m normal arm64 objective-c com.apple.compilers.llvm.clang.1_0.compiler (in target 'FBLPromises' from project 'Promises')
    cd /Users/aleks/Desktop/PlanItApp/PlanItApp.xcodeproj
    
    Using response file: /Users/aleks/Library/Developer/Xcode/DerivedData/PlanItApp-gkehojshtcbfvhersqwajfujohau/Build/Intermediates.noindex/Promises.build/Debug-iphonesimulator/FBLPromises.build/Objects-normal/arm64/e6072d4f65d7061329687fe24e3d63a7-common-args.resp
    
    builtin-ScanDependencies -o /Users/aleks/Library/Developer/Xcode/DerivedData/PlanItApp-gkehojshtcbfvhersqwajfujohau/Build/Intermediates.noindex/Promises.build/Debug-iphonesimulator/FBLPromises.build/Objects-normal/arm64/FBLPromise+Testing.o.scan -- /Applications/Xcode.app/Contents/Developer/Toolchains/XcodeDefault.xctoolchain/usr/bin/clang -x objective-c -ivfsstatcache /Users/aleks/Library/Developer/Xcode/DerivedData/SDKStatCaches.noindex/iphonesimulator18.5-22F76-d5fc8ad4295d2ef488fb7d0f804ce0c4.sdkstatcache -fmessage-length\=0 -fdiagnostics-show-note-include-stack -fmacro-backtrace-limit\=0 -fno-color-diagnostics -fmodules-prune-interval\=86400 -fmodules-prune-after\=345600 -fbuild-session-file\=/Users/aleks/Library/Developer/Xcode/DerivedData/ModuleCache.noindex/Session.modulevalidation -fmodules-validate-once-per-build-session -Wnon-modular-include-in-framework-module -Werror\=non-modular-include-in-framework-module -Wno-trigraphs -Wno-missing-field-initializers -Wno-missing-prototypes -Wno-return-type -Wno-implicit-atomic-properties -Wno-objc-interface-ivars -Wno-arc-repeated-use-of-weak -Wno-missing-braces -Wparentheses -Wswitch -Wno-unused-function -Wno-unused-label -Wno-unused-parameter -Wno-unused-variable -Wunused-value -Wno-empty-body -Wno-uninitialized -Wno-unknown-pragmas -w -Wno-shadow -Wno-four-char-constants -Wno-conversion -Wno-constant-conversion -Wno-int-conversion -Wno-bool-conversion -Wno-enum-conversion -Wno-float-conversion -Wno-non-literal-null-conversion -Wno-objc-literal-conversion -Wshorten-64-to-32 -Wpointer-sign -Wno-newline-eof -Wno-selector -Wno-strict-selector-match -Wno-undeclared-selector -Wno-deprecated-implementations -Wno-implicit-fallthrough -fstrict-aliasing -Wprotocol -Wdeprecated-declarations -Wno-sign-conversion -Wno-infinite-recursion -Wno-comma -Wno-block-capture-autoreleasing -Wno-strict-prototypes -Wno-semicolon-before-method-body -index-store-path /Users/aleks/Library/Developer/Xcode/DerivedData/PlanItApp-gkehojshtcbfvhersqwajfujohau/Index.noindex/DataStore @/Users/aleks/Library/Developer/Xcode/DerivedData/PlanItApp-gkehojshtcbfvhersqwajfujohau/Build/Intermediates.noindex/Promises.build/Debug-iphonesimulator/FBLPromises.build/Objects-normal/arm64/e6072d4f65d7061329687fe24e3d63a7-common-args.resp -include /Users/aleks/Library/Developer/Xcode/DerivedData/PlanItApp-gkehojshtcbfvhersqwajfujohau/Build/Intermediates.noindex/Promises.build/Debug-iphonesimulator/FBLPromises.build/DerivedSources/resource_bundle_accessor.h -MMD -MT dependencies -MF /Users/aleks/Library/Developer/Xcode/DerivedData/PlanItApp-gkehojshtcbfvhersqwajfujohau/Build/Intermediates.noindex/Promises.build/Debug-iphonesimulator/FBLPromises.build/Objects-normal/arm64/FBLPromise+Testing.d --serialize-diagnostics /Users/aleks/Library/Developer/Xcode/DerivedData/PlanItApp-gkehojshtcbfvhersqwajfujohau/Build/Intermediates.noindex/Promises.build/Debug-iphonesimulator/FBLPromises.build/Objects-normal/arm64/FBLPromise+Testing.dia -c /Users/aleks/Library/Developer/Xcode/DerivedData/PlanItApp-gkehojshtcbfvhersqwajfujohau/SourcePackages/checkouts/promises/Sources/FBLPromises/FBLPromise+Testing.m -o /Users/aleks/Library/Developer/Xcode/DerivedData/PlanItApp-gkehojshtcbfvhersqwajfujohau/Build/Intermediates.noindex/Promises.build/Debug-iphonesimulator/FBLPromises.build/Objects-normal/arm64/FBLPromise+Testing.o -index-unit-output-path /Promises.build/Debug-iphonesimulator/FBLPromises.build/Objects-normal/arm64/FBLPromise+Testing.o

ScanDependencies /Users/aleks/Library/Developer/Xcode/DerivedData/PlanItApp-gkehojshtcbfvhersqwajfujohau/Build/Intermediates.noindex/Promises.build/Debug-iphonesimulator/FBLPromises.build/Objects-normal/arm64/FBLPromise+Retry.o /Users/aleks/Library/Developer/Xcode/DerivedData/PlanItApp-gkehojshtcbfvhersqwajfujohau/SourcePackages/checkouts/promises/Sources/FBLPromises/FBLPromise+Retry.m normal arm64 objective-c com.apple.compilers.llvm.clang.1_0.compiler (in target 'FBLPromises' from project 'Promises')
    cd /Users/aleks/Desktop/PlanItApp/PlanItApp.xcodeproj
    
    Using response file: /Users/aleks/Library/Developer/Xcode/DerivedData/PlanItApp-gkehojshtcbfvhersqwajfujohau/Build/Intermediates.noindex/Promises.build/Debug-iphonesimulator/FBLPromises.build/Objects-normal/arm64/e6072d4f65d7061329687fe24e3d63a7-common-args.resp
    
    builtin-ScanDependencies -o /Users/aleks/Library/Developer/Xcode/DerivedData/PlanItApp-gkehojshtcbfvhersqwajfujohau/Build/Intermediates.noindex/Promises.build/Debug-iphonesimulator/FBLPromises.build/Objects-normal/arm64/FBLPromise+Retry.o.scan -- /Applications/Xcode.app/Contents/Developer/Toolchains/XcodeDefault.xctoolchain/usr/bin/clang -x objective-c -ivfsstatcache /Users/aleks/Library/Developer/Xcode/DerivedData/SDKStatCaches.noindex/iphonesimulator18.5-22F76-d5fc8ad4295d2ef488fb7d0f804ce0c4.sdkstatcache -fmessage-length\=0 -fdiagnostics-show-note-include-stack -fmacro-backtrace-limit\=0 -fno-color-diagnostics -fmodules-prune-interval\=86400 -fmodules-prune-after\=345600 -fbuild-session-file\=/Users/aleks/Library/Developer/Xcode/DerivedData/ModuleCache.noindex/Session.modulevalidation -fmodules-validate-once-per-build-session -Wnon-modular-include-in-framework-module -Werror\=non-modular-include-in-framework-module -Wno-trigraphs -Wno-missing-field-initializers -Wno-missing-prototypes -Wno-return-type -Wno-implicit-atomic-properties -Wno-objc-interface-ivars -Wno-arc-repeated-use-of-weak -Wno-missing-braces -Wparentheses -Wswitch -Wno-unused-function -Wno-unused-label -Wno-unused-parameter -Wno-unused-variable -Wunused-value -Wno-empty-body -Wno-uninitialized -Wno-unknown-pragmas -w -Wno-shadow -Wno-four-char-constants -Wno-conversion -Wno-constant-conversion -Wno-int-conversion -Wno-bool-conversion -Wno-enum-conversion -Wno-float-conversion -Wno-non-literal-null-conversion -Wno-objc-literal-conversion -Wshorten-64-to-32 -Wpointer-sign -Wno-newline-eof -Wno-selector -Wno-strict-selector-match -Wno-undeclared-selector -Wno-deprecated-implementations -Wno-implicit-fallthrough -fstrict-aliasing -Wprotocol -Wdeprecated-declarations -Wno-sign-conversion -Wno-infinite-recursion -Wno-comma -Wno-block-capture-autoreleasing -Wno-strict-prototypes -Wno-semicolon-before-method-body -index-store-path /Users/aleks/Library/Developer/Xcode/DerivedData/PlanItApp-gkehojshtcbfvhersqwajfujohau/Index.noindex/DataStore @/Users/aleks/Library/Developer/Xcode/DerivedData/PlanItApp-gkehojshtcbfvhersqwajfujohau/Build/Intermediates.noindex/Promises.build/Debug-iphonesimulator/FBLPromises.build/Objects-normal/arm64/e6072d4f65d7061329687fe24e3d63a7-common-args.resp -include /Users/aleks/Library/Developer/Xcode/DerivedData/PlanItApp-gkehojshtcbfvhersqwajfujohau/Build/Intermediates.noindex/Promises.build/Debug-iphonesimulator/FBLPromises.build/DerivedSources/resource_bundle_accessor.h -MMD -MT dependencies -MF /Users/aleks/Library/Developer/Xcode/DerivedData/PlanItApp-gkehojshtcbfvhersqwajfujohau/Build/Intermediates.noindex/Promises.build/Debug-iphonesimulator/FBLPromises.build/Objects-normal/arm64/FBLPromise+Retry.d --serialize-diagnostics /Users/aleks/Library/Developer/Xcode/DerivedData/PlanItApp-gkehojshtcbfvhersqwajfujohau/Build/Intermediates.noindex/Promises.build/Debug-iphonesimulator/FBLPromises.build/Objects-normal/arm64/FBLPromise+Retry.dia -c /Users/aleks/Library/Developer/Xcode/DerivedData/PlanItApp-gkehojshtcbfvhersqwajfujohau/SourcePackages/checkouts/promises/Sources/FBLPromises/FBLPromise+Retry.m -o /Users/aleks/Library/Developer/Xcode/DerivedData/PlanItApp-gkehojshtcbfvhersqwajfujohau/Build/Intermediates.noindex/Promises.build/Debug-iphonesimulator/FBLPromises.build/Objects-normal/arm64/FBLPromise+Retry.o -index-unit-output-path /Promises.build/Debug-iphonesimulator/FBLPromises.build/Objects-normal/arm64/FBLPromise+Retry.o

ScanDependencies /Users/aleks/Library/Developer/Xcode/DerivedData/PlanItApp-gkehojshtcbfvhersqwajfujohau/Build/Intermediates.noindex/Promises.build/Debug-iphonesimulator/FBLPromises.build/Objects-normal/arm64/FBLPromise+Reduce.o /Users/aleks/Library/Developer/Xcode/DerivedData/PlanItApp-gkehojshtcbfvhersqwajfujohau/SourcePackages/checkouts/promises/Sources/FBLPromises/FBLPromise+Reduce.m normal arm64 objective-c com.apple.compilers.llvm.clang.1_0.compiler (in target 'FBLPromises' from project 'Promises')
    cd /Users/aleks/Desktop/PlanItApp/PlanItApp.xcodeproj
    
    Using response file: /Users/aleks/Library/Developer/Xcode/DerivedData/PlanItApp-gkehojshtcbfvhersqwajfujohau/Build/Intermediates.noindex/Promises.build/Debug-iphonesimulator/FBLPromises.build/Objects-normal/arm64/e6072d4f65d7061329687fe24e3d63a7-common-args.resp
    
    builtin-ScanDependencies -o /Users/aleks/Library/Developer/Xcode/DerivedData/PlanItApp-gkehojshtcbfvhersqwajfujohau/Build/Intermediates.noindex/Promises.build/Debug-iphonesimulator/FBLPromises.build/Objects-normal/arm64/FBLPromise+Reduce.o.scan -- /Applications/Xcode.app/Contents/Developer/Toolchains/XcodeDefault.xctoolchain/usr/bin/clang -x objective-c -ivfsstatcache /Users/aleks/Library/Developer/Xcode/DerivedData/SDKStatCaches.noindex/iphonesimulator18.5-22F76-d5fc8ad4295d2ef488fb7d0f804ce0c4.sdkstatcache -fmessage-length\=0 -fdiagnostics-show-note-include-stack -fmacro-backtrace-limit\=0 -fno-color-diagnostics -fmodules-prune-interval\=86400 -fmodules-prune-after\=345600 -fbuild-session-file\=/Users/aleks/Library/Developer/Xcode/DerivedData/ModuleCache.noindex/Session.modulevalidation -fmodules-validate-once-per-build-session -Wnon-modular-include-in-framework-module -Werror\=non-modular-include-in-framework-module -Wno-trigraphs -Wno-missing-field-initializers -Wno-missing-prototypes -Wno-return-type -Wno-implicit-atomic-properties -Wno-objc-interface-ivars -Wno-arc-repeated-use-of-weak -Wno-missing-braces -Wparentheses -Wswitch -Wno-unused-function -Wno-unused-label -Wno-unused-parameter -Wno-unused-variable -Wunused-value -Wno-empty-body -Wno-uninitialized -Wno-unknown-pragmas -w -Wno-shadow -Wno-four-char-constants -Wno-conversion -Wno-constant-conversion -Wno-int-conversion -Wno-bool-conversion -Wno-enum-conversion -Wno-float-conversion -Wno-non-literal-null-conversion -Wno-objc-literal-conversion -Wshorten-64-to-32 -Wpointer-sign -Wno-newline-eof -Wno-selector -Wno-strict-selector-match -Wno-undeclared-selector -Wno-deprecated-implementations -Wno-implicit-fallthrough -fstrict-aliasing -Wprotocol -Wdeprecated-declarations -Wno-sign-conversion -Wno-infinite-recursion -Wno-comma -Wno-block-capture-autoreleasing -Wno-strict-prototypes -Wno-semicolon-before-method-body -index-store-path /Users/aleks/Library/Developer/Xcode/DerivedData/PlanItApp-gkehojshtcbfvhersqwajfujohau/Index.noindex/DataStore @/Users/aleks/Library/Developer/Xcode/DerivedData/PlanItApp-gkehojshtcbfvhersqwajfujohau/Build/Intermediates.noindex/Promises.build/Debug-iphonesimulator/FBLPromises.build/Objects-normal/arm64/e6072d4f65d7061329687fe24e3d63a7-common-args.resp -include /Users/aleks/Library/Developer/Xcode/DerivedData/PlanItApp-gkehojshtcbfvhersqwajfujohau/Build/Intermediates.noindex/Promises.build/Debug-iphonesimulator/FBLPromises.build/DerivedSources/resource_bundle_accessor.h -MMD -MT dependencies -MF /Users/aleks/Library/Developer/Xcode/DerivedData/PlanItApp-gkehojshtcbfvhersqwajfujohau/Build/Intermediates.noindex/Promises.build/Debug-iphonesimulator/FBLPromises.build/Objects-normal/arm64/FBLPromise+Reduce.d --serialize-diagnostics /Users/aleks/Library/Developer/Xcode/DerivedData/PlanItApp-gkehojshtcbfvhersqwajfujohau/Build/Intermediates.noindex/Promises.build/Debug-iphonesimulator/FBLPromises.build/Objects-normal/arm64/FBLPromise+Reduce.dia -c /Users/aleks/Library/Developer/Xcode/DerivedData/PlanItApp-gkehojshtcbfvhersqwajfujohau/SourcePackages/checkouts/promises/Sources/FBLPromises/FBLPromise+Reduce.m -o /Users/aleks/Library/Developer/Xcode/DerivedData/PlanItApp-gkehojshtcbfvhersqwajfujohau/Build/Intermediates.noindex/Promises.build/Debug-iphonesimulator/FBLPromises.build/Objects-normal/arm64/FBLPromise+Reduce.o -index-unit-output-path /Promises.build/Debug-iphonesimulator/FBLPromises.build/Objects-normal/arm64/FBLPromise+Reduce.o

ScanDependencies /Users/aleks/Library/Developer/Xcode/DerivedData/PlanItApp-gkehojshtcbfvhersqwajfujohau/Build/Intermediates.noindex/Promises.build/Debug-iphonesimulator/FBLPromises.build/Objects-normal/arm64/FBLPromise+Recover.o /Users/aleks/Library/Developer/Xcode/DerivedData/PlanItApp-gkehojshtcbfvhersqwajfujohau/SourcePackages/checkouts/promises/Sources/FBLPromises/FBLPromise+Recover.m normal arm64 objective-c com.apple.compilers.llvm.clang.1_0.compiler (in target 'FBLPromises' from project 'Promises')
    cd /Users/aleks/Desktop/PlanItApp/PlanItApp.xcodeproj
    
    Using response file: /Users/aleks/Library/Developer/Xcode/DerivedData/PlanItApp-gkehojshtcbfvhersqwajfujohau/Build/Intermediates.noindex/Promises.build/Debug-iphonesimulator/FBLPromises.build/Objects-normal/arm64/e6072d4f65d7061329687fe24e3d63a7-common-args.resp
    
    builtin-ScanDependencies -o /Users/aleks/Library/Developer/Xcode/DerivedData/PlanItApp-gkehojshtcbfvhersqwajfujohau/Build/Intermediates.noindex/Promises.build/Debug-iphonesimulator/FBLPromises.build/Objects-normal/arm64/FBLPromise+Recover.o.scan -- /Applications/Xcode.app/Contents/Developer/Toolchains/XcodeDefault.xctoolchain/usr/bin/clang -x objective-c -ivfsstatcache /Users/aleks/Library/Developer/Xcode/DerivedData/SDKStatCaches.noindex/iphonesimulator18.5-22F76-d5fc8ad4295d2ef488fb7d0f804ce0c4.sdkstatcache -fmessage-length\=0 -fdiagnostics-show-note-include-stack -fmacro-backtrace-limit\=0 -fno-color-diagnostics -fmodules-prune-interval\=86400 -fmodules-prune-after\=345600 -fbuild-session-file\=/Users/aleks/Library/Developer/Xcode/DerivedData/ModuleCache.noindex/Session.modulevalidation -fmodules-validate-once-per-build-session -Wnon-modular-include-in-framework-module -Werror\=non-modular-include-in-framework-module -Wno-trigraphs -Wno-missing-field-initializers -Wno-missing-prototypes -Wno-return-type -Wno-implicit-atomic-properties -Wno-objc-interface-ivars -Wno-arc-repeated-use-of-weak -Wno-missing-braces -Wparentheses -Wswitch -Wno-unused-function -Wno-unused-label -Wno-unused-parameter -Wno-unused-variable -Wunused-value -Wno-empty-body -Wno-uninitialized -Wno-unknown-pragmas -w -Wno-shadow -Wno-four-char-constants -Wno-conversion -Wno-constant-conversion -Wno-int-conversion -Wno-bool-conversion -Wno-enum-conversion -Wno-float-conversion -Wno-non-literal-null-conversion -Wno-objc-literal-conversion -Wshorten-64-to-32 -Wpointer-sign -Wno-newline-eof -Wno-selector -Wno-strict-selector-match -Wno-undeclared-selector -Wno-deprecated-implementations -Wno-implicit-fallthrough -fstrict-aliasing -Wprotocol -Wdeprecated-declarations -Wno-sign-conversion -Wno-infinite-recursion -Wno-comma -Wno-block-capture-autoreleasing -Wno-strict-prototypes -Wno-semicolon-before-method-body -index-store-path /Users/aleks/Library/Developer/Xcode/DerivedData/PlanItApp-gkehojshtcbfvhersqwajfujohau/Index.noindex/DataStore @/Users/aleks/Library/Developer/Xcode/DerivedData/PlanItApp-gkehojshtcbfvhersqwajfujohau/Build/Intermediates.noindex/Promises.build/Debug-iphonesimulator/FBLPromises.build/Objects-normal/arm64/e6072d4f65d7061329687fe24e3d63a7-common-args.resp -include /Users/aleks/Library/Developer/Xcode/DerivedData/PlanItApp-gkehojshtcbfvhersqwajfujohau/Build/Intermediates.noindex/Promises.build/Debug-iphonesimulator/FBLPromises.build/DerivedSources/resource_bundle_accessor.h -MMD -MT dependencies -MF /Users/aleks/Library/Developer/Xcode/DerivedData/PlanItApp-gkehojshtcbfvhersqwajfujohau/Build/Intermediates.noindex/Promises.build/Debug-iphonesimulator/FBLPromises.build/Objects-normal/arm64/FBLPromise+Recover.d --serialize-diagnostics /Users/aleks/Library/Developer/Xcode/DerivedData/PlanItApp-gkehojshtcbfvhersqwajfujohau/Build/Intermediates.noindex/Promises.build/Debug-iphonesimulator/FBLPromises.build/Objects-normal/arm64/FBLPromise+Recover.dia -c /Users/aleks/Library/Developer/Xcode/DerivedData/PlanItApp-gkehojshtcbfvhersqwajfujohau/SourcePackages/checkouts/promises/Sources/FBLPromises/FBLPromise+Recover.m -o /Users/aleks/Library/Developer/Xcode/DerivedData/PlanItApp-gkehojshtcbfvhersqwajfujohau/Build/Intermediates.noindex/Promises.build/Debug-iphonesimulator/FBLPromises.build/Objects-normal/arm64/FBLPromise+Recover.o -index-unit-output-path /Promises.build/Debug-iphonesimulator/FBLPromises.build/Objects-normal/arm64/FBLPromise+Recover.o

ScanDependencies /Users/aleks/Library/Developer/Xcode/DerivedData/PlanItApp-gkehojshtcbfvhersqwajfujohau/Build/Intermediates.noindex/Promises.build/Debug-iphonesimulator/FBLPromises.build/Objects-normal/arm64/FBLPromise+Race.o /Users/aleks/Library/Developer/Xcode/DerivedData/PlanItApp-gkehojshtcbfvhersqwajfujohau/SourcePackages/checkouts/promises/Sources/FBLPromises/FBLPromise+Race.m normal arm64 objective-c com.apple.compilers.llvm.clang.1_0.compiler (in target 'FBLPromises' from project 'Promises')
    cd /Users/aleks/Desktop/PlanItApp/PlanItApp.xcodeproj
    
    Using response file: /Users/aleks/Library/Developer/Xcode/DerivedData/PlanItApp-gkehojshtcbfvhersqwajfujohau/Build/Intermediates.noindex/Promises.build/Debug-iphonesimulator/FBLPromises.build/Objects-normal/arm64/e6072d4f65d7061329687fe24e3d63a7-common-args.resp
    
    builtin-ScanDependencies -o /Users/aleks/Library/Developer/Xcode/DerivedData/PlanItApp-gkehojshtcbfvhersqwajfujohau/Build/Intermediates.noindex/Promises.build/Debug-iphonesimulator/FBLPromises.build/Objects-normal/arm64/FBLPromise+Race.o.scan -- /Applications/Xcode.app/Contents/Developer/Toolchains/XcodeDefault.xctoolchain/usr/bin/clang -x objective-c -ivfsstatcache /Users/aleks/Library/Developer/Xcode/DerivedData/SDKStatCaches.noindex/iphonesimulator18.5-22F76-d5fc8ad4295d2ef488fb7d0f804ce0c4.sdkstatcache -fmessage-length\=0 -fdiagnostics-show-note-include-stack -fmacro-backtrace-limit\=0 -fno-color-diagnostics -fmodules-prune-interval\=86400 -fmodules-prune-after\=345600 -fbuild-session-file\=/Users/aleks/Library/Developer/Xcode/DerivedData/ModuleCache.noindex/Session.modulevalidation -fmodules-validate-once-per-build-session -Wnon-modular-include-in-framework-module -Werror\=non-modular-include-in-framework-module -Wno-trigraphs -Wno-missing-field-initializers -Wno-missing-prototypes -Wno-return-type -Wno-implicit-atomic-properties -Wno-objc-interface-ivars -Wno-arc-repeated-use-of-weak -Wno-missing-braces -Wparentheses -Wswitch -Wno-unused-function -Wno-unused-label -Wno-unused-parameter -Wno-unused-variable -Wunused-value -Wno-empty-body -Wno-uninitialized -Wno-unknown-pragmas -w -Wno-shadow -Wno-four-char-constants -Wno-conversion -Wno-constant-conversion -Wno-int-conversion -Wno-bool-conversion -Wno-enum-conversion -Wno-float-conversion -Wno-non-literal-null-conversion -Wno-objc-literal-conversion -Wshorten-64-to-32 -Wpointer-sign -Wno-newline-eof -Wno-selector -Wno-strict-selector-match -Wno-undeclared-selector -Wno-deprecated-implementations -Wno-implicit-fallthrough -fstrict-aliasing -Wprotocol -Wdeprecated-declarations -Wno-sign-conversion -Wno-infinite-recursion -Wno-comma -Wno-block-capture-autoreleasing -Wno-strict-prototypes -Wno-semicolon-before-method-body -index-store-path /Users/aleks/Library/Developer/Xcode/DerivedData/PlanItApp-gkehojshtcbfvhersqwajfujohau/Index.noindex/DataStore @/Users/aleks/Library/Developer/Xcode/DerivedData/PlanItApp-gkehojshtcbfvhersqwajfujohau/Build/Intermediates.noindex/Promises.build/Debug-iphonesimulator/FBLPromises.build/Objects-normal/arm64/e6072d4f65d7061329687fe24e3d63a7-common-args.resp -include /Users/aleks/Library/Developer/Xcode/DerivedData/PlanItApp-gkehojshtcbfvhersqwajfujohau/Build/Intermediates.noindex/Promises.build/Debug-iphonesimulator/FBLPromises.build/DerivedSources/resource_bundle_accessor.h -MMD -MT dependencies -MF /Users/aleks/Library/Developer/Xcode/DerivedData/PlanItApp-gkehojshtcbfvhersqwajfujohau/Build/Intermediates.noindex/Promises.build/Debug-iphonesimulator/FBLPromises.build/Objects-normal/arm64/FBLPromise+Race.d --serialize-diagnostics /Users/aleks/Library/Developer/Xcode/DerivedData/PlanItApp-gkehojshtcbfvhersqwajfujohau/Build/Intermediates.noindex/Promises.build/Debug-iphonesimulator/FBLPromises.build/Objects-normal/arm64/FBLPromise+Race.dia -c /Users/aleks/Library/Developer/Xcode/DerivedData/PlanItApp-gkehojshtcbfvhersqwajfujohau/SourcePackages/checkouts/promises/Sources/FBLPromises/FBLPromise+Race.m -o /Users/aleks/Library/Developer/Xcode/DerivedData/PlanItApp-gkehojshtcbfvhersqwajfujohau/Build/Intermediates.noindex/Promises.build/Debug-iphonesimulator/FBLPromises.build/Objects-normal/arm64/FBLPromise+Race.o -index-unit-output-path /Promises.build/Debug-iphonesimulator/FBLPromises.build/Objects-normal/arm64/FBLPromise+Race.o

PrecompileModule /Users/aleks/Library/Developer/Xcode/DerivedData/PlanItApp-gkehojshtcbfvhersqwajfujohau/Build/Intermediates.noindex/ExplicitPrecompiledModules/Dispatch-EKVT1B8593J7P1KKU7S0CXLGW.scan
    cd /Users/aleks/Desktop/PlanItApp/PlanItApp.xcodeproj
    builtin-precompileModule /Users/aleks/Library/Developer/Xcode/DerivedData/PlanItApp-gkehojshtcbfvhersqwajfujohau/Build/Intermediates.noindex/ExplicitPrecompiledModules/Dispatch-EKVT1B8593J7P1KKU7S0CXLGW.scan

ScanDependencies /Users/aleks/Library/Developer/Xcode/DerivedData/PlanItApp-gkehojshtcbfvhersqwajfujohau/Build/Intermediates.noindex/Promises.build/Debug-iphonesimulator/FBLPromises.build/Objects-normal/arm64/FBLPromise+Do.o /Users/aleks/Library/Developer/Xcode/DerivedData/PlanItApp-gkehojshtcbfvhersqwajfujohau/SourcePackages/checkouts/promises/Sources/FBLPromises/FBLPromise+Do.m normal arm64 objective-c com.apple.compilers.llvm.clang.1_0.compiler (in target 'FBLPromises' from project 'Promises')
    cd /Users/aleks/Desktop/PlanItApp/PlanItApp.xcodeproj
    
    Using response file: /Users/aleks/Library/Developer/Xcode/DerivedData/PlanItApp-gkehojshtcbfvhersqwajfujohau/Build/Intermediates.noindex/Promises.build/Debug-iphonesimulator/FBLPromises.build/Objects-normal/arm64/e6072d4f65d7061329687fe24e3d63a7-common-args.resp
    
    builtin-ScanDependencies -o /Users/aleks/Library/Developer/Xcode/DerivedData/PlanItApp-gkehojshtcbfvhersqwajfujohau/Build/Intermediates.noindex/Promises.build/Debug-iphonesimulator/FBLPromises.build/Objects-normal/arm64/FBLPromise+Do.o.scan -- /Applications/Xcode.app/Contents/Developer/Toolchains/XcodeDefault.xctoolchain/usr/bin/clang -x objective-c -ivfsstatcache /Users/aleks/Library/Developer/Xcode/DerivedData/SDKStatCaches.noindex/iphonesimulator18.5-22F76-d5fc8ad4295d2ef488fb7d0f804ce0c4.sdkstatcache -fmessage-length\=0 -fdiagnostics-show-note-include-stack -fmacro-backtrace-limit\=0 -fno-color-diagnostics -fmodules-prune-interval\=86400 -fmodules-prune-after\=345600 -fbuild-session-file\=/Users/aleks/Library/Developer/Xcode/DerivedData/ModuleCache.noindex/Session.modulevalidation -fmodules-validate-once-per-build-session -Wnon-modular-include-in-framework-module -Werror\=non-modular-include-in-framework-module -Wno-trigraphs -Wno-missing-field-initializers -Wno-missing-prototypes -Wno-return-type -Wno-implicit-atomic-properties -Wno-objc-interface-ivars -Wno-arc-repeated-use-of-weak -Wno-missing-braces -Wparentheses -Wswitch -Wno-unused-function -Wno-unused-label -Wno-unused-parameter -Wno-unused-variable -Wunused-value -Wno-empty-body -Wno-uninitialized -Wno-unknown-pragmas -w -Wno-shadow -Wno-four-char-constants -Wno-conversion -Wno-constant-conversion -Wno-int-conversion -Wno-bool-conversion -Wno-enum-conversion -Wno-float-conversion -Wno-non-literal-null-conversion -Wno-objc-literal-conversion -Wshorten-64-to-32 -Wpointer-sign -Wno-newline-eof -Wno-selector -Wno-strict-selector-match -Wno-undeclared-selector -Wno-deprecated-implementations -Wno-implicit-fallthrough -fstrict-aliasing -Wprotocol -Wdeprecated-declarations -Wno-sign-conversion -Wno-infinite-recursion -Wno-comma -Wno-block-capture-autoreleasing -Wno-strict-prototypes -Wno-semicolon-before-method-body -index-store-path /Users/aleks/Library/Developer/Xcode/DerivedData/PlanItApp-gkehojshtcbfvhersqwajfujohau/Index.noindex/DataStore @/Users/aleks/Library/Developer/Xcode/DerivedData/PlanItApp-gkehojshtcbfvhersqwajfujohau/Build/Intermediates.noindex/Promises.build/Debug-iphonesimulator/FBLPromises.build/Objects-normal/arm64/e6072d4f65d7061329687fe24e3d63a7-common-args.resp -include /Users/aleks/Library/Developer/Xcode/DerivedData/PlanItApp-gkehojshtcbfvhersqwajfujohau/Build/Intermediates.noindex/Promises.build/Debug-iphonesimulator/FBLPromises.build/DerivedSources/resource_bundle_accessor.h -MMD -MT dependencies -MF /Users/aleks/Library/Developer/Xcode/DerivedData/PlanItApp-gkehojshtcbfvhersqwajfujohau/Build/Intermediates.noindex/Promises.build/Debug-iphonesimulator/FBLPromises.build/Objects-normal/arm64/FBLPromise+Do.d --serialize-diagnostics /Users/aleks/Library/Developer/Xcode/DerivedData/PlanItApp-gkehojshtcbfvhersqwajfujohau/Build/Intermediates.noindex/Promises.build/Debug-iphonesimulator/FBLPromises.build/Objects-normal/arm64/FBLPromise+Do.dia -c /Users/aleks/Library/Developer/Xcode/DerivedData/PlanItApp-gkehojshtcbfvhersqwajfujohau/SourcePackages/checkouts/promises/Sources/FBLPromises/FBLPromise+Do.m -o /Users/aleks/Library/Developer/Xcode/DerivedData/PlanItApp-gkehojshtcbfvhersqwajfujohau/Build/Intermediates.noindex/Promises.build/Debug-iphonesimulator/FBLPromises.build/Objects-normal/arm64/FBLPromise+Do.o -index-unit-output-path /Promises.build/Debug-iphonesimulator/FBLPromises.build/Objects-normal/arm64/FBLPromise+Do.o

PrecompileModule /Users/aleks/Library/Developer/Xcode/DerivedData/PlanItApp-gkehojshtcbfvhersqwajfujohau/Build/Intermediates.noindex/ExplicitPrecompiledModules/_complex-9VPHIZ5MM55RYBOE5SO66D28C.scan
    cd /Users/aleks/Desktop/PlanItApp/PlanItApp.xcodeproj
    builtin-precompileModule /Users/aleks/Library/Developer/Xcode/DerivedData/PlanItApp-gkehojshtcbfvhersqwajfujohau/Build/Intermediates.noindex/ExplicitPrecompiledModules/_complex-9VPHIZ5MM55RYBOE5SO66D28C.scan

PrecompileModule /Users/aleks/Library/Developer/Xcode/DerivedData/PlanItApp-gkehojshtcbfvhersqwajfujohau/Build/Intermediates.noindex/ExplicitPrecompiledModules/_sys_select-1FEAJZFFQ6SV26C1MJZFMC334.scan
    cd /Users/aleks/Desktop/PlanItApp/PlanItApp.xcodeproj
    builtin-precompileModule /Users/aleks/Library/Developer/Xcode/DerivedData/PlanItApp-gkehojshtcbfvhersqwajfujohau/Build/Intermediates.noindex/ExplicitPrecompiledModules/_sys_select-1FEAJZFFQ6SV26C1MJZFMC334.scan

PrecompileModule /Users/aleks/Library/Developer/Xcode/DerivedData/PlanItApp-gkehojshtcbfvhersqwajfujohau/Build/Intermediates.noindex/ExplicitPrecompiledModules/netinet_in-3RWO1WDUH30N0UVJ7QU19D1SL.scan
    cd /Users/aleks/Desktop/PlanItApp/PlanItApp.xcodeproj
    builtin-precompileModule /Users/aleks/Library/Developer/Xcode/DerivedData/PlanItApp-gkehojshtcbfvhersqwajfujohau/Build/Intermediates.noindex/ExplicitPrecompiledModules/netinet_in-3RWO1WDUH30N0UVJ7QU19D1SL.scan

PrecompileModule /Users/aleks/Library/Developer/Xcode/DerivedData/PlanItApp-gkehojshtcbfvhersqwajfujohau/Build/Intermediates.noindex/ExplicitPrecompiledModules/_strings-A8ZV97BPHB0JEUOFMZK8WL3TP.scan
    cd /Users/aleks/Desktop/PlanItApp/PlanItApp.xcodeproj
    builtin-precompileModule /Users/aleks/Library/Developer/Xcode/DerivedData/PlanItApp-gkehojshtcbfvhersqwajfujohau/Build/Intermediates.noindex/ExplicitPrecompiledModules/_strings-A8ZV97BPHB0JEUOFMZK8WL3TP.scan

PrecompileModule /Users/aleks/Library/Developer/Xcode/DerivedData/PlanItApp-gkehojshtcbfvhersqwajfujohau/Build/Intermediates.noindex/ExplicitPrecompiledModules/_setjmp-7C0N74GYMYFBRO6U4LH588ZMU.scan
    cd /Users/aleks/Desktop/PlanItApp/PlanItApp.xcodeproj
    builtin-precompileModule /Users/aleks/Library/Developer/Xcode/DerivedData/PlanItApp-gkehojshtcbfvhersqwajfujohau/Build/Intermediates.noindex/ExplicitPrecompiledModules/_setjmp-7C0N74GYMYFBRO6U4LH588ZMU.scan

PrecompileModule /Users/aleks/Library/Developer/Xcode/DerivedData/PlanItApp-gkehojshtcbfvhersqwajfujohau/Build/Intermediates.noindex/ExplicitPrecompiledModules/_locale-4VTUDX4Q5W3NEDLM4OTM1DV2J.scan
    cd /Users/aleks/Desktop/PlanItApp/PlanItApp.xcodeproj
    builtin-precompileModule /Users/aleks/Library/Developer/Xcode/DerivedData/PlanItApp-gkehojshtcbfvhersqwajfujohau/Build/Intermediates.noindex/ExplicitPrecompiledModules/_locale-4VTUDX4Q5W3NEDLM4OTM1DV2J.scan

PrecompileModule /Users/aleks/Library/Developer/Xcode/DerivedData/PlanItApp-gkehojshtcbfvhersqwajfujohau/Build/Intermediates.noindex/ExplicitPrecompiledModules/_stdint-1YQ6XGYAUKJIFGQVH43MLEVML.scan
    cd /Users/aleks/Desktop/PlanItApp/PlanItApp.xcodeproj
    builtin-precompileModule /Users/aleks/Library/Developer/Xcode/DerivedData/PlanItApp-gkehojshtcbfvhersqwajfujohau/Build/Intermediates.noindex/ExplicitPrecompiledModules/_stdint-1YQ6XGYAUKJIFGQVH43MLEVML.scan

PrecompileModule /Users/aleks/Library/Developer/Xcode/DerivedData/PlanItApp-gkehojshtcbfvhersqwajfujohau/Build/Intermediates.noindex/ExplicitPrecompiledModules/_math-1GBMZGUOZK62F6560CSA7J1LX.scan
    cd /Users/aleks/Desktop/PlanItApp/PlanItApp.xcodeproj
    builtin-precompileModule /Users/aleks/Library/Developer/Xcode/DerivedData/PlanItApp-gkehojshtcbfvhersqwajfujohau/Build/Intermediates.noindex/ExplicitPrecompiledModules/_math-1GBMZGUOZK62F6560CSA7J1LX.scan

PrecompileModule /Users/aleks/Library/Developer/Xcode/DerivedData/PlanItApp-gkehojshtcbfvhersqwajfujohau/Build/Intermediates.noindex/ExplicitPrecompiledModules/mach-8XKK087IIXB6STUDZEBXPC0B3.scan
    cd /Users/aleks/Desktop/PlanItApp/PlanItApp.xcodeproj
    builtin-precompileModule /Users/aleks/Library/Developer/Xcode/DerivedData/PlanItApp-gkehojshtcbfvhersqwajfujohau/Build/Intermediates.noindex/ExplicitPrecompiledModules/mach-8XKK087IIXB6STUDZEBXPC0B3.scan

PrecompileModule /Users/aleks/Library/Developer/Xcode/DerivedData/PlanItApp-gkehojshtcbfvhersqwajfujohau/Build/Intermediates.noindex/ExplicitPrecompiledModules/_assert-7Q7GUHOM6BNERZXE9608NPQGQ.scan
    cd /Users/aleks/Desktop/PlanItApp/PlanItApp.xcodeproj
    builtin-precompileModule /Users/aleks/Library/Developer/Xcode/DerivedData/PlanItApp-gkehojshtcbfvhersqwajfujohau/Build/Intermediates.noindex/ExplicitPrecompiledModules/_assert-7Q7GUHOM6BNERZXE9608NPQGQ.scan

PrecompileModule /Users/aleks/Library/Developer/Xcode/DerivedData/PlanItApp-gkehojshtcbfvhersqwajfujohau/Build/Intermediates.noindex/ExplicitPrecompiledModules/runetype-D5FMCK4TWI7IA6BX3J77IVM2S.scan
    cd /Users/aleks/Desktop/PlanItApp/PlanItApp.xcodeproj
    builtin-precompileModule /Users/aleks/Library/Developer/Xcode/DerivedData/PlanItApp-gkehojshtcbfvhersqwajfujohau/Build/Intermediates.noindex/ExplicitPrecompiledModules/runetype-D5FMCK4TWI7IA6BX3J77IVM2S.scan

PrecompileModule /Users/aleks/Library/Developer/Xcode/DerivedData/PlanItApp-gkehojshtcbfvhersqwajfujohau/Build/Intermediates.noindex/ExplicitPrecompiledModules/CoreFoundation-7J4BNWOC3H3R85WBDW2EVG8WU.scan
    cd /Users/aleks/Desktop/PlanItApp/PlanItApp.xcodeproj
    builtin-precompileModule /Users/aleks/Library/Developer/Xcode/DerivedData/PlanItApp-gkehojshtcbfvhersqwajfujohau/Build/Intermediates.noindex/ExplicitPrecompiledModules/CoreFoundation-7J4BNWOC3H3R85WBDW2EVG8WU.scan

PrecompileModule /Users/aleks/Library/Developer/Xcode/DerivedData/PlanItApp-gkehojshtcbfvhersqwajfujohau/Build/Intermediates.noindex/ExplicitPrecompiledModules/XPC-42I86GGUN26OE4X86NLB2QA3S.scan
    cd /Users/aleks/Desktop/PlanItApp/PlanItApp.xcodeproj
    builtin-precompileModule /Users/aleks/Library/Developer/Xcode/DerivedData/PlanItApp-gkehojshtcbfvhersqwajfujohau/Build/Intermediates.noindex/ExplicitPrecompiledModules/XPC-42I86GGUN26OE4X86NLB2QA3S.scan

PrecompileModule /Users/aleks/Library/Developer/Xcode/DerivedData/PlanItApp-gkehojshtcbfvhersqwajfujohau/Build/Intermediates.noindex/ExplicitPrecompiledModules/uuid-2KGMTHX9F7D8WZU4K5GOR491M.scan
    cd /Users/aleks/Desktop/PlanItApp/PlanItApp.xcodeproj
    builtin-precompileModule /Users/aleks/Library/Developer/Xcode/DerivedData/PlanItApp-gkehojshtcbfvhersqwajfujohau/Build/Intermediates.noindex/ExplicitPrecompiledModules/uuid-2KGMTHX9F7D8WZU4K5GOR491M.scan

PrecompileModule /Users/aleks/Library/Developer/Xcode/DerivedData/PlanItApp-gkehojshtcbfvhersqwajfujohau/Build/Intermediates.noindex/ExplicitPrecompiledModules/_useconds_t-A83U44OUO0UKXQGT8DCCJPDUZ.scan
    cd /Users/aleks/Desktop/PlanItApp/PlanItApp.xcodeproj
    builtin-precompileModule /Users/aleks/Library/Developer/Xcode/DerivedData/PlanItApp-gkehojshtcbfvhersqwajfujohau/Build/Intermediates.noindex/ExplicitPrecompiledModules/_useconds_t-A83U44OUO0UKXQGT8DCCJPDUZ.scan

PrecompileModule /Users/aleks/Library/Developer/Xcode/DerivedData/PlanItApp-gkehojshtcbfvhersqwajfujohau/Build/Intermediates.noindex/ExplicitPrecompiledModules/alloca-1WSVVHDNR1IT7J4XQAYC1849J.scan
    cd /Users/aleks/Desktop/PlanItApp/PlanItApp.xcodeproj
    builtin-precompileModule /Users/aleks/Library/Developer/Xcode/DerivedData/PlanItApp-gkehojshtcbfvhersqwajfujohau/Build/Intermediates.noindex/ExplicitPrecompiledModules/alloca-1WSVVHDNR1IT7J4XQAYC1849J.scan

PrecompileModule /Users/aleks/Library/Developer/Xcode/DerivedData/PlanItApp-gkehojshtcbfvhersqwajfujohau/Build/Intermediates.noindex/ExplicitPrecompiledModules/_ctype-AZTQLC85R5DQEKRXQ6PKMQRW3.scan
    cd /Users/aleks/Desktop/PlanItApp/PlanItApp.xcodeproj
    builtin-precompileModule /Users/aleks/Library/Developer/Xcode/DerivedData/PlanItApp-gkehojshtcbfvhersqwajfujohau/Build/Intermediates.noindex/ExplicitPrecompiledModules/_ctype-AZTQLC85R5DQEKRXQ6PKMQRW3.scan

PrecompileModule /Users/aleks/Library/Developer/Xcode/DerivedData/PlanItApp-gkehojshtcbfvhersqwajfujohau/Build/Intermediates.noindex/ExplicitPrecompiledModules/_Builtin_stdint-EPII8I5MIEFDVDFCOF5YXNTAJ.scan
    cd /Users/aleks/Desktop/PlanItApp/PlanItApp.xcodeproj
    builtin-precompileModule /Users/aleks/Library/Developer/Xcode/DerivedData/PlanItApp-gkehojshtcbfvhersqwajfujohau/Build/Intermediates.noindex/ExplicitPrecompiledModules/_Builtin_stdint-EPII8I5MIEFDVDFCOF5YXNTAJ.scan

PrecompileModule /Users/aleks/Library/Developer/Xcode/DerivedData/PlanItApp-gkehojshtcbfvhersqwajfujohau/Build/Intermediates.noindex/ExplicitPrecompiledModules/_errno-7OFBIU8V60LMZ7QI2TSKLBIF8.scan
    cd /Users/aleks/Desktop/PlanItApp/PlanItApp.xcodeproj
    builtin-precompileModule /Users/aleks/Library/Developer/Xcode/DerivedData/PlanItApp-gkehojshtcbfvhersqwajfujohau/Build/Intermediates.noindex/ExplicitPrecompiledModules/_errno-7OFBIU8V60LMZ7QI2TSKLBIF8.scan

PrecompileModule /Users/aleks/Library/Developer/Xcode/DerivedData/PlanItApp-gkehojshtcbfvhersqwajfujohau/Build/Intermediates.noindex/ExplicitPrecompiledModules/sys_time-8JYMYAS5ZM8JSUR5B6LHILJP4.scan
    cd /Users/aleks/Desktop/PlanItApp/PlanItApp.xcodeproj
    builtin-precompileModule /Users/aleks/Library/Developer/Xcode/DerivedData/PlanItApp-gkehojshtcbfvhersqwajfujohau/Build/Intermediates.noindex/ExplicitPrecompiledModules/sys_time-8JYMYAS5ZM8JSUR5B6LHILJP4.scan

PrecompileModule /Users/aleks/Library/Developer/Xcode/DerivedData/PlanItApp-gkehojshtcbfvhersqwajfujohau/Build/Intermediates.noindex/ExplicitPrecompiledModules/_tgmath-BZBNCVPHSFHSKSRHCK2MF3ZN.scan
    cd /Users/aleks/Desktop/PlanItApp/PlanItApp.xcodeproj
    builtin-precompileModule /Users/aleks/Library/Developer/Xcode/DerivedData/PlanItApp-gkehojshtcbfvhersqwajfujohau/Build/Intermediates.noindex/ExplicitPrecompiledModules/_tgmath-BZBNCVPHSFHSKSRHCK2MF3ZN.scan

PrecompileModule /Users/aleks/Library/Developer/Xcode/DerivedData/PlanItApp-gkehojshtcbfvhersqwajfujohau/Build/Intermediates.noindex/ExplicitPrecompiledModules/xlocale-2ORP19WEJ61PNHK11V93E8M2U.scan
    cd /Users/aleks/Desktop/PlanItApp/PlanItApp.xcodeproj
    builtin-precompileModule /Users/aleks/Library/Developer/Xcode/DerivedData/PlanItApp-gkehojshtcbfvhersqwajfujohau/Build/Intermediates.noindex/ExplicitPrecompiledModules/xlocale-2ORP19WEJ61PNHK11V93E8M2U.scan

PrecompileModule /Users/aleks/Library/Developer/Xcode/DerivedData/PlanItApp-gkehojshtcbfvhersqwajfujohau/Build/Intermediates.noindex/ExplicitPrecompiledModules/_limits-CC2XYNFTO4N6566YYC7D5HRS9.scan
    cd /Users/aleks/Desktop/PlanItApp/PlanItApp.xcodeproj
    builtin-precompileModule /Users/aleks/Library/Developer/Xcode/DerivedData/PlanItApp-gkehojshtcbfvhersqwajfujohau/Build/Intermediates.noindex/ExplicitPrecompiledModules/_limits-CC2XYNFTO4N6566YYC7D5HRS9.scan

PrecompileModule /Users/aleks/Library/Developer/Xcode/DerivedData/PlanItApp-gkehojshtcbfvhersqwajfujohau/Build/Intermediates.noindex/ExplicitPrecompiledModules/__wctype-7Y4X5K6JFU3UM9VCEIKGWTYEA.scan
    cd /Users/aleks/Desktop/PlanItApp/PlanItApp.xcodeproj
    builtin-precompileModule /Users/aleks/Library/Developer/Xcode/DerivedData/PlanItApp-gkehojshtcbfvhersqwajfujohau/Build/Intermediates.noindex/ExplicitPrecompiledModules/__wctype-7Y4X5K6JFU3UM9VCEIKGWTYEA.scan

PrecompileModule /Users/aleks/Library/Developer/Xcode/DerivedData/PlanItApp-gkehojshtcbfvhersqwajfujohau/Build/Intermediates.noindex/ExplicitPrecompiledModules/_Builtin_stdatomic-5D3DG3JAVWJM93D3YRHCHNPBQ.scan
    cd /Users/aleks/Desktop/PlanItApp/PlanItApp.xcodeproj
    builtin-precompileModule /Users/aleks/Library/Developer/Xcode/DerivedData/PlanItApp-gkehojshtcbfvhersqwajfujohau/Build/Intermediates.noindex/ExplicitPrecompiledModules/_Builtin_stdatomic-5D3DG3JAVWJM93D3YRHCHNPBQ.scan

PrecompileModule /Users/aleks/Library/Developer/Xcode/DerivedData/PlanItApp-gkehojshtcbfvhersqwajfujohau/Build/Intermediates.noindex/ExplicitPrecompiledModules/sys_types-88MTPF05G0PMH52LDJWN9S9YU.scan
    cd /Users/aleks/Desktop/PlanItApp/PlanItApp.xcodeproj
    builtin-precompileModule /Users/aleks/Library/Developer/Xcode/DerivedData/PlanItApp-gkehojshtcbfvhersqwajfujohau/Build/Intermediates.noindex/ExplicitPrecompiledModules/sys_types-88MTPF05G0PMH52LDJWN9S9YU.scan

PrecompileModule /Users/aleks/Library/Developer/Xcode/DerivedData/PlanItApp-gkehojshtcbfvhersqwajfujohau/Build/Intermediates.noindex/ExplicitPrecompiledModules/_inttypes-2QCH38G6YABUEGJ46EGPU9O1G.scan
    cd /Users/aleks/Desktop/PlanItApp/PlanItApp.xcodeproj
    builtin-precompileModule /Users/aleks/Library/Developer/Xcode/DerivedData/PlanItApp-gkehojshtcbfvhersqwajfujohau/Build/Intermediates.noindex/ExplicitPrecompiledModules/_inttypes-2QCH38G6YABUEGJ46EGPU9O1G.scan

PrecompileModule /Users/aleks/Library/Developer/Xcode/DerivedData/PlanItApp-gkehojshtcbfvhersqwajfujohau/Build/Intermediates.noindex/ExplicitPrecompiledModules/os_object-806E1A8KWKLZ93SKEDZNXSFXM.scan
    cd /Users/aleks/Desktop/PlanItApp/PlanItApp.xcodeproj
    builtin-precompileModule /Users/aleks/Library/Developer/Xcode/DerivedData/PlanItApp-gkehojshtcbfvhersqwajfujohau/Build/Intermediates.noindex/ExplicitPrecompiledModules/os_object-806E1A8KWKLZ93SKEDZNXSFXM.scan

ScanDependencies /Users/aleks/Library/Developer/Xcode/DerivedData/PlanItApp-gkehojshtcbfvhersqwajfujohau/Build/Intermediates.noindex/Promises.build/Debug-iphonesimulator/FBLPromises.build/Objects-normal/arm64/FBLPromise+Delay.o /Users/aleks/Library/Developer/Xcode/DerivedData/PlanItApp-gkehojshtcbfvhersqwajfujohau/SourcePackages/checkouts/promises/Sources/FBLPromises/FBLPromise+Delay.m normal arm64 objective-c com.apple.compilers.llvm.clang.1_0.compiler (in target 'FBLPromises' from project 'Promises')
    cd /Users/aleks/Desktop/PlanItApp/PlanItApp.xcodeproj
    
    Using response file: /Users/aleks/Library/Developer/Xcode/DerivedData/PlanItApp-gkehojshtcbfvhersqwajfujohau/Build/Intermediates.noindex/Promises.build/Debug-iphonesimulator/FBLPromises.build/Objects-normal/arm64/e6072d4f65d7061329687fe24e3d63a7-common-args.resp
    
    builtin-ScanDependencies -o /Users/aleks/Library/Developer/Xcode/DerivedData/PlanItApp-gkehojshtcbfvhersqwajfujohau/Build/Intermediates.noindex/Promises.build/Debug-iphonesimulator/FBLPromises.build/Objects-normal/arm64/FBLPromise+Delay.o.scan -- /Applications/Xcode.app/Contents/Developer/Toolchains/XcodeDefault.xctoolchain/usr/bin/clang -x objective-c -ivfsstatcache /Users/aleks/Library/Developer/Xcode/DerivedData/SDKStatCaches.noindex/iphonesimulator18.5-22F76-d5fc8ad4295d2ef488fb7d0f804ce0c4.sdkstatcache -fmessage-length\=0 -fdiagnostics-show-note-include-stack -fmacro-backtrace-limit\=0 -fno-color-diagnostics -fmodules-prune-interval\=86400 -fmodules-prune-after\=345600 -fbuild-session-file\=/Users/aleks/Library/Developer/Xcode/DerivedData/ModuleCache.noindex/Session.modulevalidation -fmodules-validate-once-per-build-session -Wnon-modular-include-in-framework-module -Werror\=non-modular-include-in-framework-module -Wno-trigraphs -Wno-missing-field-initializers -Wno-missing-prototypes -Wno-return-type -Wno-implicit-atomic-properties -Wno-objc-interface-ivars -Wno-arc-repeated-use-of-weak -Wno-missing-braces -Wparentheses -Wswitch -Wno-unused-function -Wno-unused-label -Wno-unused-parameter -Wno-unused-variable -Wunused-value -Wno-empty-body -Wno-uninitialized -Wno-unknown-pragmas -w -Wno-shadow -Wno-four-char-constants -Wno-conversion -Wno-constant-conversion -Wno-int-conversion -Wno-bool-conversion -Wno-enum-conversion -Wno-float-conversion -Wno-non-literal-null-conversion -Wno-objc-literal-conversion -Wshorten-64-to-32 -Wpointer-sign -Wno-newline-eof -Wno-selector -Wno-strict-selector-match -Wno-undeclared-selector -Wno-deprecated-implementations -Wno-implicit-fallthrough -fstrict-aliasing -Wprotocol -Wdeprecated-declarations -Wno-sign-conversion -Wno-infinite-recursion -Wno-comma -Wno-block-capture-autoreleasing -Wno-strict-prototypes -Wno-semicolon-before-method-body -index-store-path /Users/aleks/Library/Developer/Xcode/DerivedData/PlanItApp-gkehojshtcbfvhersqwajfujohau/Index.noindex/DataStore @/Users/aleks/Library/Developer/Xcode/DerivedData/PlanItApp-gkehojshtcbfvhersqwajfujohau/Build/Intermediates.noindex/Promises.build/Debug-iphonesimulator/FBLPromises.build/Objects-normal/arm64/e6072d4f65d7061329687fe24e3d63a7-common-args.resp -include /Users/aleks/Library/Developer/Xcode/DerivedData/PlanItApp-gkehojshtcbfvhersqwajfujohau/Build/Intermediates.noindex/Promises.build/Debug-iphonesimulator/FBLPromises.build/DerivedSources/resource_bundle_accessor.h -MMD -MT dependencies -MF /Users/aleks/Library/Developer/Xcode/DerivedData/PlanItApp-gkehojshtcbfvhersqwajfujohau/Build/Intermediates.noindex/Promises.build/Debug-iphonesimulator/FBLPromises.build/Objects-normal/arm64/FBLPromise+Delay.d --serialize-diagnostics /Users/aleks/Library/Developer/Xcode/DerivedData/PlanItApp-gkehojshtcbfvhersqwajfujohau/Build/Intermediates.noindex/Promises.build/Debug-iphonesimulator/FBLPromises.build/Objects-normal/arm64/FBLPromise+Delay.dia -c /Users/aleks/Library/Developer/Xcode/DerivedData/PlanItApp-gkehojshtcbfvhersqwajfujohau/SourcePackages/checkouts/promises/Sources/FBLPromises/FBLPromise+Delay.m -o /Users/aleks/Library/Developer/Xcode/DerivedData/PlanItApp-gkehojshtcbfvhersqwajfujohau/Build/Intermediates.noindex/Promises.build/Debug-iphonesimulator/FBLPromises.build/Objects-normal/arm64/FBLPromise+Delay.o -index-unit-output-path /Promises.build/Debug-iphonesimulator/FBLPromises.build/Objects-normal/arm64/FBLPromise+Delay.o

PrecompileModule /Users/aleks/Library/Developer/Xcode/DerivedData/PlanItApp-gkehojshtcbfvhersqwajfujohau/Build/Intermediates.noindex/ExplicitPrecompiledModules/_Builtin_limits-8942SY6SYA32NSU7X33NFNH5F.scan
    cd /Users/aleks/Desktop/PlanItApp/PlanItApp.xcodeproj
    builtin-precompileModule /Users/aleks/Library/Developer/Xcode/DerivedData/PlanItApp-gkehojshtcbfvhersqwajfujohau/Build/Intermediates.noindex/ExplicitPrecompiledModules/_Builtin_limits-8942SY6SYA32NSU7X33NFNH5F.scan

PrecompileModule /Users/aleks/Library/Developer/Xcode/DerivedData/PlanItApp-gkehojshtcbfvhersqwajfujohau/Build/Intermediates.noindex/ExplicitPrecompiledModules/_wctype-7DINCMUBQKXZXFLAD70WSI60B.scan
    cd /Users/aleks/Desktop/PlanItApp/PlanItApp.xcodeproj
    builtin-precompileModule /Users/aleks/Library/Developer/Xcode/DerivedData/PlanItApp-gkehojshtcbfvhersqwajfujohau/Build/Intermediates.noindex/ExplicitPrecompiledModules/_wctype-7DINCMUBQKXZXFLAD70WSI60B.scan

ScanDependencies /Users/aleks/Library/Developer/Xcode/DerivedData/PlanItApp-gkehojshtcbfvhersqwajfujohau/Build/Intermediates.noindex/Promises.build/Debug-iphonesimulator/FBLPromises.build/Objects-normal/arm64/FBLPromise+Catch.o /Users/aleks/Library/Developer/Xcode/DerivedData/PlanItApp-gkehojshtcbfvhersqwajfujohau/SourcePackages/checkouts/promises/Sources/FBLPromises/FBLPromise+Catch.m normal arm64 objective-c com.apple.compilers.llvm.clang.1_0.compiler (in target 'FBLPromises' from project 'Promises')
    cd /Users/aleks/Desktop/PlanItApp/PlanItApp.xcodeproj
    
    Using response file: /Users/aleks/Library/Developer/Xcode/DerivedData/PlanItApp-gkehojshtcbfvhersqwajfujohau/Build/Intermediates.noindex/Promises.build/Debug-iphonesimulator/FBLPromises.build/Objects-normal/arm64/e6072d4f65d7061329687fe24e3d63a7-common-args.resp
    
    builtin-ScanDependencies -o /Users/aleks/Library/Developer/Xcode/DerivedData/PlanItApp-gkehojshtcbfvhersqwajfujohau/Build/Intermediates.noindex/Promises.build/Debug-iphonesimulator/FBLPromises.build/Objects-normal/arm64/FBLPromise+Catch.o.scan -- /Applications/Xcode.app/Contents/Developer/Toolchains/XcodeDefault.xctoolchain/usr/bin/clang -x objective-c -ivfsstatcache /Users/aleks/Library/Developer/Xcode/DerivedData/SDKStatCaches.noindex/iphonesimulator18.5-22F76-d5fc8ad4295d2ef488fb7d0f804ce0c4.sdkstatcache -fmessage-length\=0 -fdiagnostics-show-note-include-stack -fmacro-backtrace-limit\=0 -fno-color-diagnostics -fmodules-prune-interval\=86400 -fmodules-prune-after\=345600 -fbuild-session-file\=/Users/aleks/Library/Developer/Xcode/DerivedData/ModuleCache.noindex/Session.modulevalidation -fmodules-validate-once-per-build-session -Wnon-modular-include-in-framework-module -Werror\=non-modular-include-in-framework-module -Wno-trigraphs -Wno-missing-field-initializers -Wno-missing-prototypes -Wno-return-type -Wno-implicit-atomic-properties -Wno-objc-interface-ivars -Wno-arc-repeated-use-of-weak -Wno-missing-braces -Wparentheses -Wswitch -Wno-unused-function -Wno-unused-label -Wno-unused-parameter -Wno-unused-variable -Wunused-value -Wno-empty-body -Wno-uninitialized -Wno-unknown-pragmas -w -Wno-shadow -Wno-four-char-constants -Wno-conversion -Wno-constant-conversion -Wno-int-conversion -Wno-bool-conversion -Wno-enum-conversion -Wno-float-conversion -Wno-non-literal-null-conversion -Wno-objc-literal-conversion -Wshorten-64-to-32 -Wpointer-sign -Wno-newline-eof -Wno-selector -Wno-strict-selector-match -Wno-undeclared-selector -Wno-deprecated-implementations -Wno-implicit-fallthrough -fstrict-aliasing -Wprotocol -Wdeprecated-declarations -Wno-sign-conversion -Wno-infinite-recursion -Wno-comma -Wno-block-capture-autoreleasing -Wno-strict-prototypes -Wno-semicolon-before-method-body -index-store-path /Users/aleks/Library/Developer/Xcode/DerivedData/PlanItApp-gkehojshtcbfvhersqwajfujohau/Index.noindex/DataStore @/Users/aleks/Library/Developer/Xcode/DerivedData/PlanItApp-gkehojshtcbfvhersqwajfujohau/Build/Intermediates.noindex/Promises.build/Debug-iphonesimulator/FBLPromises.build/Objects-normal/arm64/e6072d4f65d7061329687fe24e3d63a7-common-args.resp -include /Users/aleks/Library/Developer/Xcode/DerivedData/PlanItApp-gkehojshtcbfvhersqwajfujohau/Build/Intermediates.noindex/Promises.build/Debug-iphonesimulator/FBLPromises.build/DerivedSources/resource_bundle_accessor.h -MMD -MT dependencies -MF /Users/aleks/Library/Developer/Xcode/DerivedData/PlanItApp-gkehojshtcbfvhersqwajfujohau/Build/Intermediates.noindex/Promises.build/Debug-iphonesimulator/FBLPromises.build/Objects-normal/arm64/FBLPromise+Catch.d --serialize-diagnostics /Users/aleks/Library/Developer/Xcode/DerivedData/PlanItApp-gkehojshtcbfvhersqwajfujohau/Build/Intermediates.noindex/Promises.build/Debug-iphonesimulator/FBLPromises.build/Objects-normal/arm64/FBLPromise+Catch.dia -c /Users/aleks/Library/Developer/Xcode/DerivedData/PlanItApp-gkehojshtcbfvhersqwajfujohau/SourcePackages/checkouts/promises/Sources/FBLPromises/FBLPromise+Catch.m -o /Users/aleks/Library/Developer/Xcode/DerivedData/PlanItApp-gkehojshtcbfvhersqwajfujohau/Build/Intermediates.noindex/Promises.build/Debug-iphonesimulator/FBLPromises.build/Objects-normal/arm64/FBLPromise+Catch.o -index-unit-output-path /Promises.build/Debug-iphonesimulator/FBLPromises.build/Objects-normal/arm64/FBLPromise+Catch.o

PrecompileModule /Users/aleks/Library/Developer/Xcode/DerivedData/PlanItApp-gkehojshtcbfvhersqwajfujohau/Build/Intermediates.noindex/ExplicitPrecompiledModules/_Builtin_inttypes-DH319B6WHW9WCJZ0GJKWJPXCQ.scan
    cd /Users/aleks/Desktop/PlanItApp/PlanItApp.xcodeproj
    builtin-precompileModule /Users/aleks/Library/Developer/Xcode/DerivedData/PlanItApp-gkehojshtcbfvhersqwajfujohau/Build/Intermediates.noindex/ExplicitPrecompiledModules/_Builtin_inttypes-DH319B6WHW9WCJZ0GJKWJPXCQ.scan

ScanDependencies /Users/aleks/Library/Developer/Xcode/DerivedData/PlanItApp-gkehojshtcbfvhersqwajfujohau/Build/Intermediates.noindex/Promises.build/Debug-iphonesimulator/FBLPromises.build/Objects-normal/arm64/FBLPromise+Await.o /Users/aleks/Library/Developer/Xcode/DerivedData/PlanItApp-gkehojshtcbfvhersqwajfujohau/SourcePackages/checkouts/promises/Sources/FBLPromises/FBLPromise+Await.m normal arm64 objective-c com.apple.compilers.llvm.clang.1_0.compiler (in target 'FBLPromises' from project 'Promises')
    cd /Users/aleks/Desktop/PlanItApp/PlanItApp.xcodeproj
    
    Using response file: /Users/aleks/Library/Developer/Xcode/DerivedData/PlanItApp-gkehojshtcbfvhersqwajfujohau/Build/Intermediates.noindex/Promises.build/Debug-iphonesimulator/FBLPromises.build/Objects-normal/arm64/e6072d4f65d7061329687fe24e3d63a7-common-args.resp
    
    builtin-ScanDependencies -o /Users/aleks/Library/Developer/Xcode/DerivedData/PlanItApp-gkehojshtcbfvhersqwajfujohau/Build/Intermediates.noindex/Promises.build/Debug-iphonesimulator/FBLPromises.build/Objects-normal/arm64/FBLPromise+Await.o.scan -- /Applications/Xcode.app/Contents/Developer/Toolchains/XcodeDefault.xctoolchain/usr/bin/clang -x objective-c -ivfsstatcache /Users/aleks/Library/Developer/Xcode/DerivedData/SDKStatCaches.noindex/iphonesimulator18.5-22F76-d5fc8ad4295d2ef488fb7d0f804ce0c4.sdkstatcache -fmessage-length\=0 -fdiagnostics-show-note-include-stack -fmacro-backtrace-limit\=0 -fno-color-diagnostics -fmodules-prune-interval\=86400 -fmodules-prune-after\=345600 -fbuild-session-file\=/Users/aleks/Library/Developer/Xcode/DerivedData/ModuleCache.noindex/Session.modulevalidation -fmodules-validate-once-per-build-session -Wnon-modular-include-in-framework-module -Werror\=non-modular-include-in-framework-module -Wno-trigraphs -Wno-missing-field-initializers -Wno-missing-prototypes -Wno-return-type -Wno-implicit-atomic-properties -Wno-objc-interface-ivars -Wno-arc-repeated-use-of-weak -Wno-missing-braces -Wparentheses -Wswitch -Wno-unused-function -Wno-unused-label -Wno-unused-parameter -Wno-unused-variable -Wunused-value -Wno-empty-body -Wno-uninitialized -Wno-unknown-pragmas -w -Wno-shadow -Wno-four-char-constants -Wno-conversion -Wno-constant-conversion -Wno-int-conversion -Wno-bool-conversion -Wno-enum-conversion -Wno-float-conversion -Wno-non-literal-null-conversion -Wno-objc-literal-conversion -Wshorten-64-to-32 -Wpointer-sign -Wno-newline-eof -Wno-selector -Wno-strict-selector-match -Wno-undeclared-selector -Wno-deprecated-implementations -Wno-implicit-fallthrough -fstrict-aliasing -Wprotocol -Wdeprecated-declarations -Wno-sign-conversion -Wno-infinite-recursion -Wno-comma -Wno-block-capture-autoreleasing -Wno-strict-prototypes -Wno-semicolon-before-method-body -index-store-path /Users/aleks/Library/Developer/Xcode/DerivedData/PlanItApp-gkehojshtcbfvhersqwajfujohau/Index.noindex/DataStore @/Users/aleks/Library/Developer/Xcode/DerivedData/PlanItApp-gkehojshtcbfvhersqwajfujohau/Build/Intermediates.noindex/Promises.build/Debug-iphonesimulator/FBLPromises.build/Objects-normal/arm64/e6072d4f65d7061329687fe24e3d63a7-common-args.resp -include /Users/aleks/Library/Developer/Xcode/DerivedData/PlanItApp-gkehojshtcbfvhersqwajfujohau/Build/Intermediates.noindex/Promises.build/Debug-iphonesimulator/FBLPromises.build/DerivedSources/resource_bundle_accessor.h -MMD -MT dependencies -MF /Users/aleks/Library/Developer/Xcode/DerivedData/PlanItApp-gkehojshtcbfvhersqwajfujohau/Build/Intermediates.noindex/Promises.build/Debug-iphonesimulator/FBLPromises.build/Objects-normal/arm64/FBLPromise+Await.d --serialize-diagnostics /Users/aleks/Library/Developer/Xcode/DerivedData/PlanItApp-gkehojshtcbfvhersqwajfujohau/Build/Intermediates.noindex/Promises.build/Debug-iphonesimulator/FBLPromises.build/Objects-normal/arm64/FBLPromise+Await.dia -c /Users/aleks/Library/Developer/Xcode/DerivedData/PlanItApp-gkehojshtcbfvhersqwajfujohau/SourcePackages/checkouts/promises/Sources/FBLPromises/FBLPromise+Await.m -o /Users/aleks/Library/Developer/Xcode/DerivedData/PlanItApp-gkehojshtcbfvhersqwajfujohau/Build/Intermediates.noindex/Promises.build/Debug-iphonesimulator/FBLPromises.build/Objects-normal/arm64/FBLPromise+Await.o -index-unit-output-path /Promises.build/Debug-iphonesimulator/FBLPromises.build/Objects-normal/arm64/FBLPromise+Await.o

PrecompileModule /Users/aleks/Library/Developer/Xcode/DerivedData/PlanItApp-gkehojshtcbfvhersqwajfujohau/Build/Intermediates.noindex/ExplicitPrecompiledModules/_stdio-37J478MN8IWBUYICJU6EEI6Z5.scan
    cd /Users/aleks/Desktop/PlanItApp/PlanItApp.xcodeproj
    builtin-precompileModule /Users/aleks/Library/Developer/Xcode/DerivedData/PlanItApp-gkehojshtcbfvhersqwajfujohau/Build/Intermediates.noindex/ExplicitPrecompiledModules/_stdio-37J478MN8IWBUYICJU6EEI6Z5.scan

PrecompileModule /Users/aleks/Library/Developer/Xcode/DerivedData/PlanItApp-gkehojshtcbfvhersqwajfujohau/Build/Intermediates.noindex/ExplicitPrecompiledModules/os_workgroup-3TQVQXU9LPU44EI6QAJSHNGP4.scan
    cd /Users/aleks/Desktop/PlanItApp/PlanItApp.xcodeproj
    builtin-precompileModule /Users/aleks/Library/Developer/Xcode/DerivedData/PlanItApp-gkehojshtcbfvhersqwajfujohau/Build/Intermediates.noindex/ExplicitPrecompiledModules/os_workgroup-3TQVQXU9LPU44EI6QAJSHNGP4.scan

PrecompileModule /Users/aleks/Library/Developer/Xcode/DerivedData/PlanItApp-gkehojshtcbfvhersqwajfujohau/Build/Intermediates.noindex/ExplicitPrecompiledModules/Security-5EUKG141I2P09UBBVIUXRXXS8.scan
    cd /Users/aleks/Desktop/PlanItApp/PlanItApp.xcodeproj
    builtin-precompileModule /Users/aleks/Library/Developer/Xcode/DerivedData/PlanItApp-gkehojshtcbfvhersqwajfujohau/Build/Intermediates.noindex/ExplicitPrecompiledModules/Security-5EUKG141I2P09UBBVIUXRXXS8.scan

PrecompileModule /Users/aleks/Library/Developer/Xcode/DerivedData/PlanItApp-gkehojshtcbfvhersqwajfujohau/Build/Intermediates.noindex/ExplicitPrecompiledModules/CoreGraphics-2MIJAKLBVNOT1718GDT3Q5H3K.scan
    cd /Users/aleks/Desktop/PlanItApp/PlanItApp.xcodeproj
    builtin-precompileModule /Users/aleks/Library/Developer/Xcode/DerivedData/PlanItApp-gkehojshtcbfvhersqwajfujohau/Build/Intermediates.noindex/ExplicitPrecompiledModules/CoreGraphics-2MIJAKLBVNOT1718GDT3Q5H3K.scan

PrecompileModule /Users/aleks/Library/Developer/Xcode/DerivedData/PlanItApp-gkehojshtcbfvhersqwajfujohau/Build/Intermediates.noindex/ExplicitPrecompiledModules/_Builtin_tgmath-DNRWV1J82SB3V72LN19VTRGX0.scan
    cd /Users/aleks/Desktop/PlanItApp/PlanItApp.xcodeproj
    builtin-precompileModule /Users/aleks/Library/Developer/Xcode/DerivedData/PlanItApp-gkehojshtcbfvhersqwajfujohau/Build/Intermediates.noindex/ExplicitPrecompiledModules/_Builtin_tgmath-DNRWV1J82SB3V72LN19VTRGX0.scan

PrecompileModule /Users/aleks/Library/Developer/Xcode/DerivedData/PlanItApp-gkehojshtcbfvhersqwajfujohau/Build/Intermediates.noindex/ExplicitPrecompiledModules/_string-CV38CVZUWRH4J25B5K5QDSBY9.scan
    cd /Users/aleks/Desktop/PlanItApp/PlanItApp.xcodeproj
    builtin-precompileModule /Users/aleks/Library/Developer/Xcode/DerivedData/PlanItApp-gkehojshtcbfvhersqwajfujohau/Build/Intermediates.noindex/ExplicitPrecompiledModules/_string-CV38CVZUWRH4J25B5K5QDSBY9.scan

PrecompileModule /Users/aleks/Library/Developer/Xcode/DerivedData/PlanItApp-gkehojshtcbfvhersqwajfujohau/Build/Intermediates.noindex/ExplicitPrecompiledModules/_time-DYZW0X5S5VW9R5EO4G1UMGQBL.scan
    cd /Users/aleks/Desktop/PlanItApp/PlanItApp.xcodeproj
    builtin-precompileModule /Users/aleks/Library/Developer/Xcode/DerivedData/PlanItApp-gkehojshtcbfvhersqwajfujohau/Build/Intermediates.noindex/ExplicitPrecompiledModules/_time-DYZW0X5S5VW9R5EO4G1UMGQBL.scan

PrecompileModule /Users/aleks/Library/Developer/Xcode/DerivedData/PlanItApp-gkehojshtcbfvhersqwajfujohau/Build/Intermediates.noindex/ExplicitPrecompiledModules/CFNetwork-D56MDID00Y43ZB1XGYY9GBES3.scan
    cd /Users/aleks/Desktop/PlanItApp/PlanItApp.xcodeproj
    builtin-precompileModule /Users/aleks/Library/Developer/Xcode/DerivedData/PlanItApp-gkehojshtcbfvhersqwajfujohau/Build/Intermediates.noindex/ExplicitPrecompiledModules/CFNetwork-D56MDID00Y43ZB1XGYY9GBES3.scan

PrecompileModule /Users/aleks/Library/Developer/Xcode/DerivedData/PlanItApp-gkehojshtcbfvhersqwajfujohau/Build/Intermediates.noindex/ExplicitPrecompiledModules/sys_resource-58GWN3NKW51FCNYRZ1A6RBZ73.scan
    cd /Users/aleks/Desktop/PlanItApp/PlanItApp.xcodeproj
    builtin-precompileModule /Users/aleks/Library/Developer/Xcode/DerivedData/PlanItApp-gkehojshtcbfvhersqwajfujohau/Build/Intermediates.noindex/ExplicitPrecompiledModules/sys_resource-58GWN3NKW51FCNYRZ1A6RBZ73.scan

PrecompileModule /Users/aleks/Library/Developer/Xcode/DerivedData/PlanItApp-gkehojshtcbfvhersqwajfujohau/Build/Intermediates.noindex/ExplicitPrecompiledModules/nl_types-BQ9O4TRB5KQLJN1VY3JA2IVYK.scan
    cd /Users/aleks/Desktop/PlanItApp/PlanItApp.xcodeproj
    builtin-precompileModule /Users/aleks/Library/Developer/Xcode/DerivedData/PlanItApp-gkehojshtcbfvhersqwajfujohau/Build/Intermediates.noindex/ExplicitPrecompiledModules/nl_types-BQ9O4TRB5KQLJN1VY3JA2IVYK.scan

PrecompileModule /Users/aleks/Library/Developer/Xcode/DerivedData/PlanItApp-gkehojshtcbfvhersqwajfujohau/Build/Intermediates.noindex/ExplicitPrecompiledModules/_signal-2KLBDWR8AOK6ZEPB1BQTIR8JQ.scan
    cd /Users/aleks/Desktop/PlanItApp/PlanItApp.xcodeproj
    builtin-precompileModule /Users/aleks/Library/Developer/Xcode/DerivedData/PlanItApp-gkehojshtcbfvhersqwajfujohau/Build/Intermediates.noindex/ExplicitPrecompiledModules/_signal-2KLBDWR8AOK6ZEPB1BQTIR8JQ.scan

PrecompileModule /Users/aleks/Library/Developer/Xcode/DerivedData/PlanItApp-gkehojshtcbfvhersqwajfujohau/Build/Intermediates.noindex/ExplicitPrecompiledModules/SystemConfiguration-C06SOJYWUHKU04QW615MJ98VU.scan
    cd /Users/aleks/Desktop/PlanItApp/PlanItApp.xcodeproj
    builtin-precompileModule /Users/aleks/Library/Developer/Xcode/DerivedData/PlanItApp-gkehojshtcbfvhersqwajfujohau/Build/Intermediates.noindex/ExplicitPrecompiledModules/SystemConfiguration-C06SOJYWUHKU04QW615MJ98VU.scan

PrecompileModule /Users/aleks/Library/Developer/Xcode/DerivedData/PlanItApp-gkehojshtcbfvhersqwajfujohau/Build/Intermediates.noindex/ExplicitPrecompiledModules/Dispatch-55LEDG9DRYCTUH2FFROTDFAD6.scan
    cd /Users/aleks/Desktop/PlanItApp/PlanItApp.xcodeproj
    builtin-precompileModule /Users/aleks/Library/Developer/Xcode/DerivedData/PlanItApp-gkehojshtcbfvhersqwajfujohau/Build/Intermediates.noindex/ExplicitPrecompiledModules/Dispatch-55LEDG9DRYCTUH2FFROTDFAD6.scan

ScanDependencies /Users/aleks/Library/Developer/Xcode/DerivedData/PlanItApp-gkehojshtcbfvhersqwajfujohau/Build/Intermediates.noindex/Promises.build/Debug-iphonesimulator/FBLPromises.build/Objects-normal/arm64/FBLPromise+Async.o /Users/aleks/Library/Developer/Xcode/DerivedData/PlanItApp-gkehojshtcbfvhersqwajfujohau/SourcePackages/checkouts/promises/Sources/FBLPromises/FBLPromise+Async.m normal arm64 objective-c com.apple.compilers.llvm.clang.1_0.compiler (in target 'FBLPromises' from project 'Promises')
    cd /Users/aleks/Desktop/PlanItApp/PlanItApp.xcodeproj
    
    Using response file: /Users/aleks/Library/Developer/Xcode/DerivedData/PlanItApp-gkehojshtcbfvhersqwajfujohau/Build/Intermediates.noindex/Promises.build/Debug-iphonesimulator/FBLPromises.build/Objects-normal/arm64/e6072d4f65d7061329687fe24e3d63a7-common-args.resp
    
    builtin-ScanDependencies -o /Users/aleks/Library/Developer/Xcode/DerivedData/PlanItApp-gkehojshtcbfvhersqwajfujohau/Build/Intermediates.noindex/Promises.build/Debug-iphonesimulator/FBLPromises.build/Objects-normal/arm64/FBLPromise+Async.o.scan -- /Applications/Xcode.app/Contents/Developer/Toolchains/XcodeDefault.xctoolchain/usr/bin/clang -x objective-c -ivfsstatcache /Users/aleks/Library/Developer/Xcode/DerivedData/SDKStatCaches.noindex/iphonesimulator18.5-22F76-d5fc8ad4295d2ef488fb7d0f804ce0c4.sdkstatcache -fmessage-length\=0 -fdiagnostics-show-note-include-stack -fmacro-backtrace-limit\=0 -fno-color-diagnostics -fmodules-prune-interval\=86400 -fmodules-prune-after\=345600 -fbuild-session-file\=/Users/aleks/Library/Developer/Xcode/DerivedData/ModuleCache.noindex/Session.modulevalidation -fmodules-validate-once-per-build-session -Wnon-modular-include-in-framework-module -Werror\=non-modular-include-in-framework-module -Wno-trigraphs -Wno-missing-field-initializers -Wno-missing-prototypes -Wno-return-type -Wno-implicit-atomic-properties -Wno-objc-interface-ivars -Wno-arc-repeated-use-of-weak -Wno-missing-braces -Wparentheses -Wswitch -Wno-unused-function -Wno-unused-label -Wno-unused-parameter -Wno-unused-variable -Wunused-value -Wno-empty-body -Wno-uninitialized -Wno-unknown-pragmas -w -Wno-shadow -Wno-four-char-constants -Wno-conversion -Wno-constant-conversion -Wno-int-conversion -Wno-bool-conversion -Wno-enum-conversion -Wno-float-conversion -Wno-non-literal-null-conversion -Wno-objc-literal-conversion -Wshorten-64-to-32 -Wpointer-sign -Wno-newline-eof -Wno-selector -Wno-strict-selector-match -Wno-undeclared-selector -Wno-deprecated-implementations -Wno-implicit-fallthrough -fstrict-aliasing -Wprotocol -Wdeprecated-declarations -Wno-sign-conversion -Wno-infinite-recursion -Wno-comma -Wno-block-capture-autoreleasing -Wno-strict-prototypes -Wno-semicolon-before-method-body -index-store-path /Users/aleks/Library/Developer/Xcode/DerivedData/PlanItApp-gkehojshtcbfvhersqwajfujohau/Index.noindex/DataStore @/Users/aleks/Library/Developer/Xcode/DerivedData/PlanItApp-gkehojshtcbfvhersqwajfujohau/Build/Intermediates.noindex/Promises.build/Debug-iphonesimulator/FBLPromises.build/Objects-normal/arm64/e6072d4f65d7061329687fe24e3d63a7-common-args.resp -include /Users/aleks/Library/Developer/Xcode/DerivedData/PlanItApp-gkehojshtcbfvhersqwajfujohau/Build/Intermediates.noindex/Promises.build/Debug-iphonesimulator/FBLPromises.build/DerivedSources/resource_bundle_accessor.h -MMD -MT dependencies -MF /Users/aleks/Library/Developer/Xcode/DerivedData/PlanItApp-gkehojshtcbfvhersqwajfujohau/Build/Intermediates.noindex/Promises.build/Debug-iphonesimulator/FBLPromises.build/Objects-normal/arm64/FBLPromise+Async.d --serialize-diagnostics /Users/aleks/Library/Developer/Xcode/DerivedData/PlanItApp-gkehojshtcbfvhersqwajfujohau/Build/Intermediates.noindex/Promises.build/Debug-iphonesimulator/FBLPromises.build/Objects-normal/arm64/FBLPromise+Async.dia -c /Users/aleks/Library/Developer/Xcode/DerivedData/PlanItApp-gkehojshtcbfvhersqwajfujohau/SourcePackages/checkouts/promises/Sources/FBLPromises/FBLPromise+Async.m -o /Users/aleks/Library/Developer/Xcode/DerivedData/PlanItApp-gkehojshtcbfvhersqwajfujohau/Build/Intermediates.noindex/Promises.build/Debug-iphonesimulator/FBLPromises.build/Objects-normal/arm64/FBLPromise+Async.o -index-unit-output-path /Promises.build/Debug-iphonesimulator/FBLPromises.build/Objects-normal/arm64/FBLPromise+Async.o

PrecompileModule /Users/aleks/Library/Developer/Xcode/DerivedData/PlanItApp-gkehojshtcbfvhersqwajfujohau/Build/Intermediates.noindex/ExplicitPrecompiledModules/_wchar-4JLBKAKR2NW57H2IGAU3HY5VC.scan
    cd /Users/aleks/Desktop/PlanItApp/PlanItApp.xcodeproj
    builtin-precompileModule /Users/aleks/Library/Developer/Xcode/DerivedData/PlanItApp-gkehojshtcbfvhersqwajfujohau/Build/Intermediates.noindex/ExplicitPrecompiledModules/_wchar-4JLBKAKR2NW57H2IGAU3HY5VC.scan

PrecompileModule /Users/aleks/Library/Developer/Xcode/DerivedData/PlanItApp-gkehojshtcbfvhersqwajfujohau/Build/Intermediates.noindex/ExplicitPrecompiledModules/gethostuuid-3QUTKHFYN39HNIMVE0OSQG2XQ.scan
    cd /Users/aleks/Desktop/PlanItApp/PlanItApp.xcodeproj
    builtin-precompileModule /Users/aleks/Library/Developer/Xcode/DerivedData/PlanItApp-gkehojshtcbfvhersqwajfujohau/Build/Intermediates.noindex/ExplicitPrecompiledModules/gethostuuid-3QUTKHFYN39HNIMVE0OSQG2XQ.scan

PrecompileModule /Users/aleks/Library/Developer/Xcode/DerivedData/PlanItApp-gkehojshtcbfvhersqwajfujohau/Build/Intermediates.noindex/ExplicitPrecompiledModules/pthread-4OTRX70P1QHPU8RQRSCKJK3WZ.scan
    cd /Users/aleks/Desktop/PlanItApp/PlanItApp.xcodeproj
    builtin-precompileModule /Users/aleks/Library/Developer/Xcode/DerivedData/PlanItApp-gkehojshtcbfvhersqwajfujohau/Build/Intermediates.noindex/ExplicitPrecompiledModules/pthread-4OTRX70P1QHPU8RQRSCKJK3WZ.scan

PrecompileModule /Users/aleks/Library/Developer/Xcode/DerivedData/PlanItApp-gkehojshtcbfvhersqwajfujohau/Build/Intermediates.noindex/ExplicitPrecompiledModules/sys_select-3FPCMS1W47DHO5NC0L1V37LHI.scan
    cd /Users/aleks/Desktop/PlanItApp/PlanItApp.xcodeproj
    builtin-precompileModule /Users/aleks/Library/Developer/Xcode/DerivedData/PlanItApp-gkehojshtcbfvhersqwajfujohau/Build/Intermediates.noindex/ExplicitPrecompiledModules/sys_select-3FPCMS1W47DHO5NC0L1V37LHI.scan

PrecompileModule /Users/aleks/Library/Developer/Xcode/DerivedData/PlanItApp-gkehojshtcbfvhersqwajfujohau/Build/Intermediates.noindex/ExplicitPrecompiledModules/Foundation-DJCZCI4GLUNJQ6SM65I7WHKQQ.scan
    cd /Users/aleks/Desktop/PlanItApp/PlanItApp.xcodeproj
    builtin-precompileModule /Users/aleks/Library/Developer/Xcode/DerivedData/PlanItApp-gkehojshtcbfvhersqwajfujohau/Build/Intermediates.noindex/ExplicitPrecompiledModules/Foundation-DJCZCI4GLUNJQ6SM65I7WHKQQ.scan

PrecompileModule /Users/aleks/Library/Developer/Xcode/DerivedData/PlanItApp-gkehojshtcbfvhersqwajfujohau/Build/Intermediates.noindex/ExplicitPrecompiledModules/CoreText-2HBLSBHAM2XR1D5Y511CKTIOK.scan
    cd /Users/aleks/Desktop/PlanItApp/PlanItApp.xcodeproj
    builtin-precompileModule /Users/aleks/Library/Developer/Xcode/DerivedData/PlanItApp-gkehojshtcbfvhersqwajfujohau/Build/Intermediates.noindex/ExplicitPrecompiledModules/CoreText-2HBLSBHAM2XR1D5Y511CKTIOK.scan

PrecompileModule /Users/aleks/Library/Developer/Xcode/DerivedData/PlanItApp-gkehojshtcbfvhersqwajfujohau/Build/Intermediates.noindex/ExplicitPrecompiledModules/ImageIO-2DMEBBKLUQ1UCZJ8E49H1KZ3F.scan
    cd /Users/aleks/Desktop/PlanItApp/PlanItApp.xcodeproj
    builtin-precompileModule /Users/aleks/Library/Developer/Xcode/DerivedData/PlanItApp-gkehojshtcbfvhersqwajfujohau/Build/Intermediates.noindex/ExplicitPrecompiledModules/ImageIO-2DMEBBKLUQ1UCZJ8E49H1KZ3F.scan

PrecompileModule /Users/aleks/Library/Developer/Xcode/DerivedData/PlanItApp-gkehojshtcbfvhersqwajfujohau/Build/Intermediates.noindex/ExplicitPrecompiledModules/ObjectiveC-6KQKZHSY1ETHQ6CNJ1F4HIJH.scan
    cd /Users/aleks/Desktop/PlanItApp/PlanItApp.xcodeproj
    builtin-precompileModule /Users/aleks/Library/Developer/Xcode/DerivedData/PlanItApp-gkehojshtcbfvhersqwajfujohau/Build/Intermediates.noindex/ExplicitPrecompiledModules/ObjectiveC-6KQKZHSY1ETHQ6CNJ1F4HIJH.scan

PrecompileModule /Users/aleks/Library/Developer/Xcode/DerivedData/PlanItApp-gkehojshtcbfvhersqwajfujohau/Build/Intermediates.noindex/ExplicitPrecompiledModules/sys_wait-F5CT2ZZLNO3BT03MI44EWNRC7.scan
    cd /Users/aleks/Desktop/PlanItApp/PlanItApp.xcodeproj
    builtin-precompileModule /Users/aleks/Library/Developer/Xcode/DerivedData/PlanItApp-gkehojshtcbfvhersqwajfujohau/Build/Intermediates.noindex/ExplicitPrecompiledModules/sys_wait-F5CT2ZZLNO3BT03MI44EWNRC7.scan

PrecompileModule /Users/aleks/Library/Developer/Xcode/DerivedData/PlanItApp-gkehojshtcbfvhersqwajfujohau/Build/Intermediates.noindex/ExplicitPrecompiledModules/unistd-RPYX1MF4YPM3PETXY4ACJF8Q.scan
    cd /Users/aleks/Desktop/PlanItApp/PlanItApp.xcodeproj
    builtin-precompileModule /Users/aleks/Library/Developer/Xcode/DerivedData/PlanItApp-gkehojshtcbfvhersqwajfujohau/Build/Intermediates.noindex/ExplicitPrecompiledModules/unistd-RPYX1MF4YPM3PETXY4ACJF8Q.scan

ScanDependencies /Users/aleks/Library/Developer/Xcode/DerivedData/PlanItApp-gkehojshtcbfvhersqwajfujohau/Build/Intermediates.noindex/Promises.build/Debug-iphonesimulator/FBLPromises.build/Objects-normal/arm64/FBLPromise+Any.o /Users/aleks/Library/Developer/Xcode/DerivedData/PlanItApp-gkehojshtcbfvhersqwajfujohau/SourcePackages/checkouts/promises/Sources/FBLPromises/FBLPromise+Any.m normal arm64 objective-c com.apple.compilers.llvm.clang.1_0.compiler (in target 'FBLPromises' from project 'Promises')
    cd /Users/aleks/Desktop/PlanItApp/PlanItApp.xcodeproj
    
    Using response file: /Users/aleks/Library/Developer/Xcode/DerivedData/PlanItApp-gkehojshtcbfvhersqwajfujohau/Build/Intermediates.noindex/Promises.build/Debug-iphonesimulator/FBLPromises.build/Objects-normal/arm64/e6072d4f65d7061329687fe24e3d63a7-common-args.resp
    
    builtin-ScanDependencies -o /Users/aleks/Library/Developer/Xcode/DerivedData/PlanItApp-gkehojshtcbfvhersqwajfujohau/Build/Intermediates.noindex/Promises.build/Debug-iphonesimulator/FBLPromises.build/Objects-normal/arm64/FBLPromise+Any.o.scan -- /Applications/Xcode.app/Contents/Developer/Toolchains/XcodeDefault.xctoolchain/usr/bin/clang -x objective-c -ivfsstatcache /Users/aleks/Library/Developer/Xcode/DerivedData/SDKStatCaches.noindex/iphonesimulator18.5-22F76-d5fc8ad4295d2ef488fb7d0f804ce0c4.sdkstatcache -fmessage-length\=0 -fdiagnostics-show-note-include-stack -fmacro-backtrace-limit\=0 -fno-color-diagnostics -fmodules-prune-interval\=86400 -fmodules-prune-after\=345600 -fbuild-session-file\=/Users/aleks/Library/Developer/Xcode/DerivedData/ModuleCache.noindex/Session.modulevalidation -fmodules-validate-once-per-build-session -Wnon-modular-include-in-framework-module -Werror\=non-modular-include-in-framework-module -Wno-trigraphs -Wno-missing-field-initializers -Wno-missing-prototypes -Wno-return-type -Wno-implicit-atomic-properties -Wno-objc-interface-ivars -Wno-arc-repeated-use-of-weak -Wno-missing-braces -Wparentheses -Wswitch -Wno-unused-function -Wno-unused-label -Wno-unused-parameter -Wno-unused-variable -Wunused-value -Wno-empty-body -Wno-uninitialized -Wno-unknown-pragmas -w -Wno-shadow -Wno-four-char-constants -Wno-conversion -Wno-constant-conversion -Wno-int-conversion -Wno-bool-conversion -Wno-enum-conversion -Wno-float-conversion -Wno-non-literal-null-conversion -Wno-objc-literal-conversion -Wshorten-64-to-32 -Wpointer-sign -Wno-newline-eof -Wno-selector -Wno-strict-selector-match -Wno-undeclared-selector -Wno-deprecated-implementations -Wno-implicit-fallthrough -fstrict-aliasing -Wprotocol -Wdeprecated-declarations -Wno-sign-conversion -Wno-infinite-recursion -Wno-comma -Wno-block-capture-autoreleasing -Wno-strict-prototypes -Wno-semicolon-before-method-body -index-store-path /Users/aleks/Library/Developer/Xcode/DerivedData/PlanItApp-gkehojshtcbfvhersqwajfujohau/Index.noindex/DataStore @/Users/aleks/Library/Developer/Xcode/DerivedData/PlanItApp-gkehojshtcbfvhersqwajfujohau/Build/Intermediates.noindex/Promises.build/Debug-iphonesimulator/FBLPromises.build/Objects-normal/arm64/e6072d4f65d7061329687fe24e3d63a7-common-args.resp -include /Users/aleks/Library/Developer/Xcode/DerivedData/PlanItApp-gkehojshtcbfvhersqwajfujohau/Build/Intermediates.noindex/Promises.build/Debug-iphonesimulator/FBLPromises.build/DerivedSources/resource_bundle_accessor.h -MMD -MT dependencies -MF /Users/aleks/Library/Developer/Xcode/DerivedData/PlanItApp-gkehojshtcbfvhersqwajfujohau/Build/Intermediates.noindex/Promises.build/Debug-iphonesimulator/FBLPromises.build/Objects-normal/arm64/FBLPromise+Any.d --serialize-diagnostics /Users/aleks/Library/Developer/Xcode/DerivedData/PlanItApp-gkehojshtcbfvhersqwajfujohau/Build/Intermediates.noindex/Promises.build/Debug-iphonesimulator/FBLPromises.build/Objects-normal/arm64/FBLPromise+Any.dia -c /Users/aleks/Library/Developer/Xcode/DerivedData/PlanItApp-gkehojshtcbfvhersqwajfujohau/SourcePackages/checkouts/promises/Sources/FBLPromises/FBLPromise+Any.m -o /Users/aleks/Library/Developer/Xcode/DerivedData/PlanItApp-gkehojshtcbfvhersqwajfujohau/Build/Intermediates.noindex/Promises.build/Debug-iphonesimulator/FBLPromises.build/Objects-normal/arm64/FBLPromise+Any.o -index-unit-output-path /Promises.build/Debug-iphonesimulator/FBLPromises.build/Objects-normal/arm64/FBLPromise+Any.o

PrecompileModule /Users/aleks/Library/Developer/Xcode/DerivedData/PlanItApp-gkehojshtcbfvhersqwajfujohau/Build/Intermediates.noindex/ExplicitPrecompiledModules/CoreFoundation-D3MU4SBTTBG1SB6DANFTPZYMC.scan
    cd /Users/aleks/Desktop/PlanItApp/PlanItApp.xcodeproj
    builtin-precompileModule /Users/aleks/Library/Developer/Xcode/DerivedData/PlanItApp-gkehojshtcbfvhersqwajfujohau/Build/Intermediates.noindex/ExplicitPrecompiledModules/CoreFoundation-D3MU4SBTTBG1SB6DANFTPZYMC.scan

PrecompileModule /Users/aleks/Library/Developer/Xcode/DerivedData/PlanItApp-gkehojshtcbfvhersqwajfujohau/Build/Intermediates.noindex/ExplicitPrecompiledModules/XPC-3LIL7I6QV1XUAL3HP0THUFTWF.scan
    cd /Users/aleks/Desktop/PlanItApp/PlanItApp.xcodeproj
    builtin-precompileModule /Users/aleks/Library/Developer/Xcode/DerivedData/PlanItApp-gkehojshtcbfvhersqwajfujohau/Build/Intermediates.noindex/ExplicitPrecompiledModules/XPC-3LIL7I6QV1XUAL3HP0THUFTWF.scan

ScanDependencies /Users/aleks/Library/Developer/Xcode/DerivedData/PlanItApp-gkehojshtcbfvhersqwajfujohau/Build/Intermediates.noindex/Promises.build/Debug-iphonesimulator/FBLPromises.build/Objects-normal/arm64/FBLPromise+Always.o /Users/aleks/Library/Developer/Xcode/DerivedData/PlanItApp-gkehojshtcbfvhersqwajfujohau/SourcePackages/checkouts/promises/Sources/FBLPromises/FBLPromise+Always.m normal arm64 objective-c com.apple.compilers.llvm.clang.1_0.compiler (in target 'FBLPromises' from project 'Promises')
    cd /Users/aleks/Desktop/PlanItApp/PlanItApp.xcodeproj
    
    Using response file: /Users/aleks/Library/Developer/Xcode/DerivedData/PlanItApp-gkehojshtcbfvhersqwajfujohau/Build/Intermediates.noindex/Promises.build/Debug-iphonesimulator/FBLPromises.build/Objects-normal/arm64/e6072d4f65d7061329687fe24e3d63a7-common-args.resp
    
    builtin-ScanDependencies -o /Users/aleks/Library/Developer/Xcode/DerivedData/PlanItApp-gkehojshtcbfvhersqwajfujohau/Build/Intermediates.noindex/Promises.build/Debug-iphonesimulator/FBLPromises.build/Objects-normal/arm64/FBLPromise+Always.o.scan -- /Applications/Xcode.app/Contents/Developer/Toolchains/XcodeDefault.xctoolchain/usr/bin/clang -x objective-c -ivfsstatcache /Users/aleks/Library/Developer/Xcode/DerivedData/SDKStatCaches.noindex/iphonesimulator18.5-22F76-d5fc8ad4295d2ef488fb7d0f804ce0c4.sdkstatcache -fmessage-length\=0 -fdiagnostics-show-note-include-stack -fmacro-backtrace-limit\=0 -fno-color-diagnostics -fmodules-prune-interval\=86400 -fmodules-prune-after\=345600 -fbuild-session-file\=/Users/aleks/Library/Developer/Xcode/DerivedData/ModuleCache.noindex/Session.modulevalidation -fmodules-validate-once-per-build-session -Wnon-modular-include-in-framework-module -Werror\=non-modular-include-in-framework-module -Wno-trigraphs -Wno-missing-field-initializers -Wno-missing-prototypes -Wno-return-type -Wno-implicit-atomic-properties -Wno-objc-interface-ivars -Wno-arc-repeated-use-of-weak -Wno-missing-braces -Wparentheses -Wswitch -Wno-unused-function -Wno-unused-label -Wno-unused-parameter -Wno-unused-variable -Wunused-value -Wno-empty-body -Wno-uninitialized -Wno-unknown-pragmas -w -Wno-shadow -Wno-four-char-constants -Wno-conversion -Wno-constant-conversion -Wno-int-conversion -Wno-bool-conversion -Wno-enum-conversion -Wno-float-conversion -Wno-non-literal-null-conversion -Wno-objc-literal-conversion -Wshorten-64-to-32 -Wpointer-sign -Wno-newline-eof -Wno-selector -Wno-strict-selector-match -Wno-undeclared-selector -Wno-deprecated-implementations -Wno-implicit-fallthrough -fstrict-aliasing -Wprotocol -Wdeprecated-declarations -Wno-sign-conversion -Wno-infinite-recursion -Wno-comma -Wno-block-capture-autoreleasing -Wno-strict-prototypes -Wno-semicolon-before-method-body -index-store-path /Users/aleks/Library/Developer/Xcode/DerivedData/PlanItApp-gkehojshtcbfvhersqwajfujohau/Index.noindex/DataStore @/Users/aleks/Library/Developer/Xcode/DerivedData/PlanItApp-gkehojshtcbfvhersqwajfujohau/Build/Intermediates.noindex/Promises.build/Debug-iphonesimulator/FBLPromises.build/Objects-normal/arm64/e6072d4f65d7061329687fe24e3d63a7-common-args.resp -include /Users/aleks/Library/Developer/Xcode/DerivedData/PlanItApp-gkehojshtcbfvhersqwajfujohau/Build/Intermediates.noindex/Promises.build/Debug-iphonesimulator/FBLPromises.build/DerivedSources/resource_bundle_accessor.h -MMD -MT dependencies -MF /Users/aleks/Library/Developer/Xcode/DerivedData/PlanItApp-gkehojshtcbfvhersqwajfujohau/Build/Intermediates.noindex/Promises.build/Debug-iphonesimulator/FBLPromises.build/Objects-normal/arm64/FBLPromise+Always.d --serialize-diagnostics /Users/aleks/Library/Developer/Xcode/DerivedData/PlanItApp-gkehojshtcbfvhersqwajfujohau/Build/Intermediates.noindex/Promises.build/Debug-iphonesimulator/FBLPromises.build/Objects-normal/arm64/FBLPromise+Always.dia -c /Users/aleks/Library/Developer/Xcode/DerivedData/PlanItApp-gkehojshtcbfvhersqwajfujohau/SourcePackages/checkouts/promises/Sources/FBLPromises/FBLPromise+Always.m -o /Users/aleks/Library/Developer/Xcode/DerivedData/PlanItApp-gkehojshtcbfvhersqwajfujohau/Build/Intermediates.noindex/Promises.build/Debug-iphonesimulator/FBLPromises.build/Objects-normal/arm64/FBLPromise+Always.o -index-unit-output-path /Promises.build/Debug-iphonesimulator/FBLPromises.build/Objects-normal/arm64/FBLPromise+Always.o

PrecompileModule /Users/aleks/Library/Developer/Xcode/DerivedData/PlanItApp-gkehojshtcbfvhersqwajfujohau/Build/Intermediates.noindex/ExplicitPrecompiledModules/_stdlib-6TULFU72RELGY4XP1SBHHFVNU.scan
    cd /Users/aleks/Desktop/PlanItApp/PlanItApp.xcodeproj
    builtin-precompileModule /Users/aleks/Library/Developer/Xcode/DerivedData/PlanItApp-gkehojshtcbfvhersqwajfujohau/Build/Intermediates.noindex/ExplicitPrecompiledModules/_stdlib-6TULFU72RELGY4XP1SBHHFVNU.scan

PrecompileModule /Users/aleks/Library/Developer/Xcode/DerivedData/PlanItApp-gkehojshtcbfvhersqwajfujohau/Build/Intermediates.noindex/ExplicitPrecompiledModules/os_object-94RLEPT9ZOSRIT5V04DDSYMH1.scan
    cd /Users/aleks/Desktop/PlanItApp/PlanItApp.xcodeproj
    builtin-precompileModule /Users/aleks/Library/Developer/Xcode/DerivedData/PlanItApp-gkehojshtcbfvhersqwajfujohau/Build/Intermediates.noindex/ExplicitPrecompiledModules/os_object-94RLEPT9ZOSRIT5V04DDSYMH1.scan

ScanDependencies /Users/aleks/Library/Developer/Xcode/DerivedData/PlanItApp-gkehojshtcbfvhersqwajfujohau/Build/Intermediates.noindex/Promises.build/Debug-iphonesimulator/FBLPromises.build/Objects-normal/arm64/FBLPromise+All.o /Users/aleks/Library/Developer/Xcode/DerivedData/PlanItApp-gkehojshtcbfvhersqwajfujohau/SourcePackages/checkouts/promises/Sources/FBLPromises/FBLPromise+All.m normal arm64 objective-c com.apple.compilers.llvm.clang.1_0.compiler (in target 'FBLPromises' from project 'Promises')
    cd /Users/aleks/Desktop/PlanItApp/PlanItApp.xcodeproj
    
    Using response file: /Users/aleks/Library/Developer/Xcode/DerivedData/PlanItApp-gkehojshtcbfvhersqwajfujohau/Build/Intermediates.noindex/Promises.build/Debug-iphonesimulator/FBLPromises.build/Objects-normal/arm64/e6072d4f65d7061329687fe24e3d63a7-common-args.resp
    
    builtin-ScanDependencies -o /Users/aleks/Library/Developer/Xcode/DerivedData/PlanItApp-gkehojshtcbfvhersqwajfujohau/Build/Intermediates.noindex/Promises.build/Debug-iphonesimulator/FBLPromises.build/Objects-normal/arm64/FBLPromise+All.o.scan -- /Applications/Xcode.app/Contents/Developer/Toolchains/XcodeDefault.xctoolchain/usr/bin/clang -x objective-c -ivfsstatcache /Users/aleks/Library/Developer/Xcode/DerivedData/SDKStatCaches.noindex/iphonesimulator18.5-22F76-d5fc8ad4295d2ef488fb7d0f804ce0c4.sdkstatcache -fmessage-length\=0 -fdiagnostics-show-note-include-stack -fmacro-backtrace-limit\=0 -fno-color-diagnostics -fmodules-prune-interval\=86400 -fmodules-prune-after\=345600 -fbuild-session-file\=/Users/aleks/Library/Developer/Xcode/DerivedData/ModuleCache.noindex/Session.modulevalidation -fmodules-validate-once-per-build-session -Wnon-modular-include-in-framework-module -Werror\=non-modular-include-in-framework-module -Wno-trigraphs -Wno-missing-field-initializers -Wno-missing-prototypes -Wno-return-type -Wno-implicit-atomic-properties -Wno-objc-interface-ivars -Wno-arc-repeated-use-of-weak -Wno-missing-braces -Wparentheses -Wswitch -Wno-unused-function -Wno-unused-label -Wno-unused-parameter -Wno-unused-variable -Wunused-value -Wno-empty-body -Wno-uninitialized -Wno-unknown-pragmas -w -Wno-shadow -Wno-four-char-constants -Wno-conversion -Wno-constant-conversion -Wno-int-conversion -Wno-bool-conversion -Wno-enum-conversion -Wno-float-conversion -Wno-non-literal-null-conversion -Wno-objc-literal-conversion -Wshorten-64-to-32 -Wpointer-sign -Wno-newline-eof -Wno-selector -Wno-strict-selector-match -Wno-undeclared-selector -Wno-deprecated-implementations -Wno-implicit-fallthrough -fstrict-aliasing -Wprotocol -Wdeprecated-declarations -Wno-sign-conversion -Wno-infinite-recursion -Wno-comma -Wno-block-capture-autoreleasing -Wno-strict-prototypes -Wno-semicolon-before-method-body -index-store-path /Users/aleks/Library/Developer/Xcode/DerivedData/PlanItApp-gkehojshtcbfvhersqwajfujohau/Index.noindex/DataStore @/Users/aleks/Library/Developer/Xcode/DerivedData/PlanItApp-gkehojshtcbfvhersqwajfujohau/Build/Intermediates.noindex/Promises.build/Debug-iphonesimulator/FBLPromises.build/Objects-normal/arm64/e6072d4f65d7061329687fe24e3d63a7-common-args.resp -include /Users/aleks/Library/Developer/Xcode/DerivedData/PlanItApp-gkehojshtcbfvhersqwajfujohau/Build/Intermediates.noindex/Promises.build/Debug-iphonesimulator/FBLPromises.build/DerivedSources/resource_bundle_accessor.h -MMD -MT dependencies -MF /Users/aleks/Library/Developer/Xcode/DerivedData/PlanItApp-gkehojshtcbfvhersqwajfujohau/Build/Intermediates.noindex/Promises.build/Debug-iphonesimulator/FBLPromises.build/Objects-normal/arm64/FBLPromise+All.d --serialize-diagnostics /Users/aleks/Library/Developer/Xcode/DerivedData/PlanItApp-gkehojshtcbfvhersqwajfujohau/Build/Intermediates.noindex/Promises.build/Debug-iphonesimulator/FBLPromises.build/Objects-normal/arm64/FBLPromise+All.dia -c /Users/aleks/Library/Developer/Xcode/DerivedData/PlanItApp-gkehojshtcbfvhersqwajfujohau/SourcePackages/checkouts/promises/Sources/FBLPromises/FBLPromise+All.m -o /Users/aleks/Library/Developer/Xcode/DerivedData/PlanItApp-gkehojshtcbfvhersqwajfujohau/Build/Intermediates.noindex/Promises.build/Debug-iphonesimulator/FBLPromises.build/Objects-normal/arm64/FBLPromise+All.o -index-unit-output-path /Promises.build/Debug-iphonesimulator/FBLPromises.build/Objects-normal/arm64/FBLPromise+All.o

ScanDependencies /Users/aleks/Library/Developer/Xcode/DerivedData/PlanItApp-gkehojshtcbfvhersqwajfujohau/Build/Intermediates.noindex/AppAuth.build/Debug-iphonesimulator/AppAuthCore.build/Objects-normal/arm64/resource_bundle_accessor.o /Users/aleks/Library/Developer/Xcode/DerivedData/PlanItApp-gkehojshtcbfvhersqwajfujohau/Build/Intermediates.noindex/AppAuth.build/Debug-iphonesimulator/AppAuthCore.build/DerivedSources/resource_bundle_accessor.m normal arm64 objective-c com.apple.compilers.llvm.clang.1_0.compiler (in target 'AppAuthCore' from project 'AppAuth')
    cd /Users/aleks/Desktop/PlanItApp/PlanItApp.xcodeproj
    
    Using response file: /Users/aleks/Library/Developer/Xcode/DerivedData/PlanItApp-gkehojshtcbfvhersqwajfujohau/Build/Intermediates.noindex/AppAuth.build/Debug-iphonesimulator/AppAuthCore.build/Objects-normal/arm64/e6072d4f65d7061329687fe24e3d63a7-common-args.resp
    
    builtin-ScanDependencies -o /Users/aleks/Library/Developer/Xcode/DerivedData/PlanItApp-gkehojshtcbfvhersqwajfujohau/Build/Intermediates.noindex/AppAuth.build/Debug-iphonesimulator/AppAuthCore.build/Objects-normal/arm64/resource_bundle_accessor.o.scan -- /Applications/Xcode.app/Contents/Developer/Toolchains/XcodeDefault.xctoolchain/usr/bin/clang -x objective-c -ivfsstatcache /Users/aleks/Library/Developer/Xcode/DerivedData/SDKStatCaches.noindex/iphonesimulator18.5-22F76-d5fc8ad4295d2ef488fb7d0f804ce0c4.sdkstatcache -fmessage-length\=0 -fdiagnostics-show-note-include-stack -fmacro-backtrace-limit\=0 -fno-color-diagnostics -fmodules-prune-interval\=86400 -fmodules-prune-after\=345600 -fbuild-session-file\=/Users/aleks/Library/Developer/Xcode/DerivedData/ModuleCache.noindex/Session.modulevalidation -fmodules-validate-once-per-build-session -Wnon-modular-include-in-framework-module -Werror\=non-modular-include-in-framework-module -Wno-trigraphs -Wno-missing-field-initializers -Wno-missing-prototypes -Wno-return-type -Wno-implicit-atomic-properties -Wno-objc-interface-ivars -Wno-arc-repeated-use-of-weak -Wno-missing-braces -Wparentheses -Wswitch -Wno-unused-function -Wno-unused-label -Wno-unused-parameter -Wno-unused-variable -Wunused-value -Wno-empty-body -Wno-uninitialized -Wno-unknown-pragmas -w -Wno-shadow -Wno-four-char-constants -Wno-conversion -Wno-constant-conversion -Wno-int-conversion -Wno-bool-conversion -Wno-enum-conversion -Wno-float-conversion -Wno-non-literal-null-conversion -Wno-objc-literal-conversion -Wshorten-64-to-32 -Wpointer-sign -Wno-newline-eof -Wno-selector -Wno-strict-selector-match -Wno-undeclared-selector -Wno-deprecated-implementations -Wno-implicit-fallthrough -fstrict-aliasing -Wprotocol -Wdeprecated-declarations -Wno-sign-conversion -Wno-infinite-recursion -Wno-comma -Wno-block-capture-autoreleasing -Wno-strict-prototypes -Wno-semicolon-before-method-body -index-store-path /Users/aleks/Library/Developer/Xcode/DerivedData/PlanItApp-gkehojshtcbfvhersqwajfujohau/Index.noindex/DataStore @/Users/aleks/Library/Developer/Xcode/DerivedData/PlanItApp-gkehojshtcbfvhersqwajfujohau/Build/Intermediates.noindex/AppAuth.build/Debug-iphonesimulator/AppAuthCore.build/Objects-normal/arm64/e6072d4f65d7061329687fe24e3d63a7-common-args.resp -include /Users/aleks/Library/Developer/Xcode/DerivedData/PlanItApp-gkehojshtcbfvhersqwajfujohau/Build/Intermediates.noindex/AppAuth.build/Debug-iphonesimulator/AppAuthCore.build/DerivedSources/resource_bundle_accessor.h -MMD -MT dependencies -MF /Users/aleks/Library/Developer/Xcode/DerivedData/PlanItApp-gkehojshtcbfvhersqwajfujohau/Build/Intermediates.noindex/AppAuth.build/Debug-iphonesimulator/AppAuthCore.build/Objects-normal/arm64/resource_bundle_accessor.d --serialize-diagnostics /Users/aleks/Library/Developer/Xcode/DerivedData/PlanItApp-gkehojshtcbfvhersqwajfujohau/Build/Intermediates.noindex/AppAuth.build/Debug-iphonesimulator/AppAuthCore.build/Objects-normal/arm64/resource_bundle_accessor.dia -c /Users/aleks/Library/Developer/Xcode/DerivedData/PlanItApp-gkehojshtcbfvhersqwajfujohau/Build/Intermediates.noindex/AppAuth.build/Debug-iphonesimulator/AppAuthCore.build/DerivedSources/resource_bundle_accessor.m -o /Users/aleks/Library/Developer/Xcode/DerivedData/PlanItApp-gkehojshtcbfvhersqwajfujohau/Build/Intermediates.noindex/AppAuth.build/Debug-iphonesimulator/AppAuthCore.build/Objects-normal/arm64/resource_bundle_accessor.o -index-unit-output-path /AppAuth.build/Debug-iphonesimulator/AppAuthCore.build/Objects-normal/arm64/resource_bundle_accessor.o

ScanDependencies /Users/aleks/Library/Developer/Xcode/DerivedData/PlanItApp-gkehojshtcbfvhersqwajfujohau/Build/Intermediates.noindex/AppAuth.build/Debug-iphonesimulator/AppAuthCore.build/Objects-normal/arm64/OIDURLSessionProvider.o /Users/aleks/Library/Developer/Xcode/DerivedData/PlanItApp-gkehojshtcbfvhersqwajfujohau/SourcePackages/checkouts/AppAuth-iOS/Sources/AppAuthCore/OIDURLSessionProvider.m normal arm64 objective-c com.apple.compilers.llvm.clang.1_0.compiler (in target 'AppAuthCore' from project 'AppAuth')
    cd /Users/aleks/Desktop/PlanItApp/PlanItApp.xcodeproj
    
    Using response file: /Users/aleks/Library/Developer/Xcode/DerivedData/PlanItApp-gkehojshtcbfvhersqwajfujohau/Build/Intermediates.noindex/AppAuth.build/Debug-iphonesimulator/AppAuthCore.build/Objects-normal/arm64/e6072d4f65d7061329687fe24e3d63a7-common-args.resp
    
    builtin-ScanDependencies -o /Users/aleks/Library/Developer/Xcode/DerivedData/PlanItApp-gkehojshtcbfvhersqwajfujohau/Build/Intermediates.noindex/AppAuth.build/Debug-iphonesimulator/AppAuthCore.build/Objects-normal/arm64/OIDURLSessionProvider.o.scan -- /Applications/Xcode.app/Contents/Developer/Toolchains/XcodeDefault.xctoolchain/usr/bin/clang -x objective-c -ivfsstatcache /Users/aleks/Library/Developer/Xcode/DerivedData/SDKStatCaches.noindex/iphonesimulator18.5-22F76-d5fc8ad4295d2ef488fb7d0f804ce0c4.sdkstatcache -fmessage-length\=0 -fdiagnostics-show-note-include-stack -fmacro-backtrace-limit\=0 -fno-color-diagnostics -fmodules-prune-interval\=86400 -fmodules-prune-after\=345600 -fbuild-session-file\=/Users/aleks/Library/Developer/Xcode/DerivedData/ModuleCache.noindex/Session.modulevalidation -fmodules-validate-once-per-build-session -Wnon-modular-include-in-framework-module -Werror\=non-modular-include-in-framework-module -Wno-trigraphs -Wno-missing-field-initializers -Wno-missing-prototypes -Wno-return-type -Wno-implicit-atomic-properties -Wno-objc-interface-ivars -Wno-arc-repeated-use-of-weak -Wno-missing-braces -Wparentheses -Wswitch -Wno-unused-function -Wno-unused-label -Wno-unused-parameter -Wno-unused-variable -Wunused-value -Wno-empty-body -Wno-uninitialized -Wno-unknown-pragmas -w -Wno-shadow -Wno-four-char-constants -Wno-conversion -Wno-constant-conversion -Wno-int-conversion -Wno-bool-conversion -Wno-enum-conversion -Wno-float-conversion -Wno-non-literal-null-conversion -Wno-objc-literal-conversion -Wshorten-64-to-32 -Wpointer-sign -Wno-newline-eof -Wno-selector -Wno-strict-selector-match -Wno-undeclared-selector -Wno-deprecated-implementations -Wno-implicit-fallthrough -fstrict-aliasing -Wprotocol -Wdeprecated-declarations -Wno-sign-conversion -Wno-infinite-recursion -Wno-comma -Wno-block-capture-autoreleasing -Wno-strict-prototypes -Wno-semicolon-before-method-body -index-store-path /Users/aleks/Library/Developer/Xcode/DerivedData/PlanItApp-gkehojshtcbfvhersqwajfujohau/Index.noindex/DataStore @/Users/aleks/Library/Developer/Xcode/DerivedData/PlanItApp-gkehojshtcbfvhersqwajfujohau/Build/Intermediates.noindex/AppAuth.build/Debug-iphonesimulator/AppAuthCore.build/Objects-normal/arm64/e6072d4f65d7061329687fe24e3d63a7-common-args.resp -include /Users/aleks/Library/Developer/Xcode/DerivedData/PlanItApp-gkehojshtcbfvhersqwajfujohau/Build/Intermediates.noindex/AppAuth.build/Debug-iphonesimulator/AppAuthCore.build/DerivedSources/resource_bundle_accessor.h -MMD -MT dependencies -MF /Users/aleks/Library/Developer/Xcode/DerivedData/PlanItApp-gkehojshtcbfvhersqwajfujohau/Build/Intermediates.noindex/AppAuth.build/Debug-iphonesimulator/AppAuthCore.build/Objects-normal/arm64/OIDURLSessionProvider.d --serialize-diagnostics /Users/aleks/Library/Developer/Xcode/DerivedData/PlanItApp-gkehojshtcbfvhersqwajfujohau/Build/Intermediates.noindex/AppAuth.build/Debug-iphonesimulator/AppAuthCore.build/Objects-normal/arm64/OIDURLSessionProvider.dia -c /Users/aleks/Library/Developer/Xcode/DerivedData/PlanItApp-gkehojshtcbfvhersqwajfujohau/SourcePackages/checkouts/AppAuth-iOS/Sources/AppAuthCore/OIDURLSessionProvider.m -o /Users/aleks/Library/Developer/Xcode/DerivedData/PlanItApp-gkehojshtcbfvhersqwajfujohau/Build/Intermediates.noindex/AppAuth.build/Debug-iphonesimulator/AppAuthCore.build/Objects-normal/arm64/OIDURLSessionProvider.o -index-unit-output-path /AppAuth.build/Debug-iphonesimulator/AppAuthCore.build/Objects-normal/arm64/OIDURLSessionProvider.o

ScanDependencies /Users/aleks/Library/Developer/Xcode/DerivedData/PlanItApp-gkehojshtcbfvhersqwajfujohau/Build/Intermediates.noindex/AppAuth.build/Debug-iphonesimulator/AppAuthCore.build/Objects-normal/arm64/OIDURLQueryComponent.o /Users/aleks/Library/Developer/Xcode/DerivedData/PlanItApp-gkehojshtcbfvhersqwajfujohau/SourcePackages/checkouts/AppAuth-iOS/Sources/AppAuthCore/OIDURLQueryComponent.m normal arm64 objective-c com.apple.compilers.llvm.clang.1_0.compiler (in target 'AppAuthCore' from project 'AppAuth')
    cd /Users/aleks/Desktop/PlanItApp/PlanItApp.xcodeproj
    
    Using response file: /Users/aleks/Library/Developer/Xcode/DerivedData/PlanItApp-gkehojshtcbfvhersqwajfujohau/Build/Intermediates.noindex/AppAuth.build/Debug-iphonesimulator/AppAuthCore.build/Objects-normal/arm64/e6072d4f65d7061329687fe24e3d63a7-common-args.resp
    
    builtin-ScanDependencies -o /Users/aleks/Library/Developer/Xcode/DerivedData/PlanItApp-gkehojshtcbfvhersqwajfujohau/Build/Intermediates.noindex/AppAuth.build/Debug-iphonesimulator/AppAuthCore.build/Objects-normal/arm64/OIDURLQueryComponent.o.scan -- /Applications/Xcode.app/Contents/Developer/Toolchains/XcodeDefault.xctoolchain/usr/bin/clang -x objective-c -ivfsstatcache /Users/aleks/Library/Developer/Xcode/DerivedData/SDKStatCaches.noindex/iphonesimulator18.5-22F76-d5fc8ad4295d2ef488fb7d0f804ce0c4.sdkstatcache -fmessage-length\=0 -fdiagnostics-show-note-include-stack -fmacro-backtrace-limit\=0 -fno-color-diagnostics -fmodules-prune-interval\=86400 -fmodules-prune-after\=345600 -fbuild-session-file\=/Users/aleks/Library/Developer/Xcode/DerivedData/ModuleCache.noindex/Session.modulevalidation -fmodules-validate-once-per-build-session -Wnon-modular-include-in-framework-module -Werror\=non-modular-include-in-framework-module -Wno-trigraphs -Wno-missing-field-initializers -Wno-missing-prototypes -Wno-return-type -Wno-implicit-atomic-properties -Wno-objc-interface-ivars -Wno-arc-repeated-use-of-weak -Wno-missing-braces -Wparentheses -Wswitch -Wno-unused-function -Wno-unused-label -Wno-unused-parameter -Wno-unused-variable -Wunused-value -Wno-empty-body -Wno-uninitialized -Wno-unknown-pragmas -w -Wno-shadow -Wno-four-char-constants -Wno-conversion -Wno-constant-conversion -Wno-int-conversion -Wno-bool-conversion -Wno-enum-conversion -Wno-float-conversion -Wno-non-literal-null-conversion -Wno-objc-literal-conversion -Wshorten-64-to-32 -Wpointer-sign -Wno-newline-eof -Wno-selector -Wno-strict-selector-match -Wno-undeclared-selector -Wno-deprecated-implementations -Wno-implicit-fallthrough -fstrict-aliasing -Wprotocol -Wdeprecated-declarations -Wno-sign-conversion -Wno-infinite-recursion -Wno-comma -Wno-block-capture-autoreleasing -Wno-strict-prototypes -Wno-semicolon-before-method-body -index-store-path /Users/aleks/Library/Developer/Xcode/DerivedData/PlanItApp-gkehojshtcbfvhersqwajfujohau/Index.noindex/DataStore @/Users/aleks/Library/Developer/Xcode/DerivedData/PlanItApp-gkehojshtcbfvhersqwajfujohau/Build/Intermediates.noindex/AppAuth.build/Debug-iphonesimulator/AppAuthCore.build/Objects-normal/arm64/e6072d4f65d7061329687fe24e3d63a7-common-args.resp -include /Users/aleks/Library/Developer/Xcode/DerivedData/PlanItApp-gkehojshtcbfvhersqwajfujohau/Build/Intermediates.noindex/AppAuth.build/Debug-iphonesimulator/AppAuthCore.build/DerivedSources/resource_bundle_accessor.h -MMD -MT dependencies -MF /Users/aleks/Library/Developer/Xcode/DerivedData/PlanItApp-gkehojshtcbfvhersqwajfujohau/Build/Intermediates.noindex/AppAuth.build/Debug-iphonesimulator/AppAuthCore.build/Objects-normal/arm64/OIDURLQueryComponent.d --serialize-diagnostics /Users/aleks/Library/Developer/Xcode/DerivedData/PlanItApp-gkehojshtcbfvhersqwajfujohau/Build/Intermediates.noindex/AppAuth.build/Debug-iphonesimulator/AppAuthCore.build/Objects-normal/arm64/OIDURLQueryComponent.dia -c /Users/aleks/Library/Developer/Xcode/DerivedData/PlanItApp-gkehojshtcbfvhersqwajfujohau/SourcePackages/checkouts/AppAuth-iOS/Sources/AppAuthCore/OIDURLQueryComponent.m -o /Users/aleks/Library/Developer/Xcode/DerivedData/PlanItApp-gkehojshtcbfvhersqwajfujohau/Build/Intermediates.noindex/AppAuth.build/Debug-iphonesimulator/AppAuthCore.build/Objects-normal/arm64/OIDURLQueryComponent.o -index-unit-output-path /AppAuth.build/Debug-iphonesimulator/AppAuthCore.build/Objects-normal/arm64/OIDURLQueryComponent.o

ScanDependencies /Users/aleks/Library/Developer/Xcode/DerivedData/PlanItApp-gkehojshtcbfvhersqwajfujohau/Build/Intermediates.noindex/AppAuth.build/Debug-iphonesimulator/AppAuthCore.build/Objects-normal/arm64/OIDTokenUtilities.o /Users/aleks/Library/Developer/Xcode/DerivedData/PlanItApp-gkehojshtcbfvhersqwajfujohau/SourcePackages/checkouts/AppAuth-iOS/Sources/AppAuthCore/OIDTokenUtilities.m normal arm64 objective-c com.apple.compilers.llvm.clang.1_0.compiler (in target 'AppAuthCore' from project 'AppAuth')
    cd /Users/aleks/Desktop/PlanItApp/PlanItApp.xcodeproj
    
    Using response file: /Users/aleks/Library/Developer/Xcode/DerivedData/PlanItApp-gkehojshtcbfvhersqwajfujohau/Build/Intermediates.noindex/AppAuth.build/Debug-iphonesimulator/AppAuthCore.build/Objects-normal/arm64/e6072d4f65d7061329687fe24e3d63a7-common-args.resp
    
    builtin-ScanDependencies -o /Users/aleks/Library/Developer/Xcode/DerivedData/PlanItApp-gkehojshtcbfvhersqwajfujohau/Build/Intermediates.noindex/AppAuth.build/Debug-iphonesimulator/AppAuthCore.build/Objects-normal/arm64/OIDTokenUtilities.o.scan -- /Applications/Xcode.app/Contents/Developer/Toolchains/XcodeDefault.xctoolchain/usr/bin/clang -x objective-c -ivfsstatcache /Users/aleks/Library/Developer/Xcode/DerivedData/SDKStatCaches.noindex/iphonesimulator18.5-22F76-d5fc8ad4295d2ef488fb7d0f804ce0c4.sdkstatcache -fmessage-length\=0 -fdiagnostics-show-note-include-stack -fmacro-backtrace-limit\=0 -fno-color-diagnostics -fmodules-prune-interval\=86400 -fmodules-prune-after\=345600 -fbuild-session-file\=/Users/aleks/Library/Developer/Xcode/DerivedData/ModuleCache.noindex/Session.modulevalidation -fmodules-validate-once-per-build-session -Wnon-modular-include-in-framework-module -Werror\=non-modular-include-in-framework-module -Wno-trigraphs -Wno-missing-field-initializers -Wno-missing-prototypes -Wno-return-type -Wno-implicit-atomic-properties -Wno-objc-interface-ivars -Wno-arc-repeated-use-of-weak -Wno-missing-braces -Wparentheses -Wswitch -Wno-unused-function -Wno-unused-label -Wno-unused-parameter -Wno-unused-variable -Wunused-value -Wno-empty-body -Wno-uninitialized -Wno-unknown-pragmas -w -Wno-shadow -Wno-four-char-constants -Wno-conversion -Wno-constant-conversion -Wno-int-conversion -Wno-bool-conversion -Wno-enum-conversion -Wno-float-conversion -Wno-non-literal-null-conversion -Wno-objc-literal-conversion -Wshorten-64-to-32 -Wpointer-sign -Wno-newline-eof -Wno-selector -Wno-strict-selector-match -Wno-undeclared-selector -Wno-deprecated-implementations -Wno-implicit-fallthrough -fstrict-aliasing -Wprotocol -Wdeprecated-declarations -Wno-sign-conversion -Wno-infinite-recursion -Wno-comma -Wno-block-capture-autoreleasing -Wno-strict-prototypes -Wno-semicolon-before-method-body -index-store-path /Users/aleks/Library/Developer/Xcode/DerivedData/PlanItApp-gkehojshtcbfvhersqwajfujohau/Index.noindex/DataStore @/Users/aleks/Library/Developer/Xcode/DerivedData/PlanItApp-gkehojshtcbfvhersqwajfujohau/Build/Intermediates.noindex/AppAuth.build/Debug-iphonesimulator/AppAuthCore.build/Objects-normal/arm64/e6072d4f65d7061329687fe24e3d63a7-common-args.resp -include /Users/aleks/Library/Developer/Xcode/DerivedData/PlanItApp-gkehojshtcbfvhersqwajfujohau/Build/Intermediates.noindex/AppAuth.build/Debug-iphonesimulator/AppAuthCore.build/DerivedSources/resource_bundle_accessor.h -MMD -MT dependencies -MF /Users/aleks/Library/Developer/Xcode/DerivedData/PlanItApp-gkehojshtcbfvhersqwajfujohau/Build/Intermediates.noindex/AppAuth.build/Debug-iphonesimulator/AppAuthCore.build/Objects-normal/arm64/OIDTokenUtilities.d --serialize-diagnostics /Users/aleks/Library/Developer/Xcode/DerivedData/PlanItApp-gkehojshtcbfvhersqwajfujohau/Build/Intermediates.noindex/AppAuth.build/Debug-iphonesimulator/AppAuthCore.build/Objects-normal/arm64/OIDTokenUtilities.dia -c /Users/aleks/Library/Developer/Xcode/DerivedData/PlanItApp-gkehojshtcbfvhersqwajfujohau/SourcePackages/checkouts/AppAuth-iOS/Sources/AppAuthCore/OIDTokenUtilities.m -o /Users/aleks/Library/Developer/Xcode/DerivedData/PlanItApp-gkehojshtcbfvhersqwajfujohau/Build/Intermediates.noindex/AppAuth.build/Debug-iphonesimulator/AppAuthCore.build/Objects-normal/arm64/OIDTokenUtilities.o -index-unit-output-path /AppAuth.build/Debug-iphonesimulator/AppAuthCore.build/Objects-normal/arm64/OIDTokenUtilities.o

ScanDependencies /Users/aleks/Library/Developer/Xcode/DerivedData/PlanItApp-gkehojshtcbfvhersqwajfujohau/Build/Intermediates.noindex/AppAuth.build/Debug-iphonesimulator/AppAuthCore.build/Objects-normal/arm64/OIDTokenResponse.o /Users/aleks/Library/Developer/Xcode/DerivedData/PlanItApp-gkehojshtcbfvhersqwajfujohau/SourcePackages/checkouts/AppAuth-iOS/Sources/AppAuthCore/OIDTokenResponse.m normal arm64 objective-c com.apple.compilers.llvm.clang.1_0.compiler (in target 'AppAuthCore' from project 'AppAuth')
    cd /Users/aleks/Desktop/PlanItApp/PlanItApp.xcodeproj
    
    Using response file: /Users/aleks/Library/Developer/Xcode/DerivedData/PlanItApp-gkehojshtcbfvhersqwajfujohau/Build/Intermediates.noindex/AppAuth.build/Debug-iphonesimulator/AppAuthCore.build/Objects-normal/arm64/e6072d4f65d7061329687fe24e3d63a7-common-args.resp
    
    builtin-ScanDependencies -o /Users/aleks/Library/Developer/Xcode/DerivedData/PlanItApp-gkehojshtcbfvhersqwajfujohau/Build/Intermediates.noindex/AppAuth.build/Debug-iphonesimulator/AppAuthCore.build/Objects-normal/arm64/OIDTokenResponse.o.scan -- /Applications/Xcode.app/Contents/Developer/Toolchains/XcodeDefault.xctoolchain/usr/bin/clang -x objective-c -ivfsstatcache /Users/aleks/Library/Developer/Xcode/DerivedData/SDKStatCaches.noindex/iphonesimulator18.5-22F76-d5fc8ad4295d2ef488fb7d0f804ce0c4.sdkstatcache -fmessage-length\=0 -fdiagnostics-show-note-include-stack -fmacro-backtrace-limit\=0 -fno-color-diagnostics -fmodules-prune-interval\=86400 -fmodules-prune-after\=345600 -fbuild-session-file\=/Users/aleks/Library/Developer/Xcode/DerivedData/ModuleCache.noindex/Session.modulevalidation -fmodules-validate-once-per-build-session -Wnon-modular-include-in-framework-module -Werror\=non-modular-include-in-framework-module -Wno-trigraphs -Wno-missing-field-initializers -Wno-missing-prototypes -Wno-return-type -Wno-implicit-atomic-properties -Wno-objc-interface-ivars -Wno-arc-repeated-use-of-weak -Wno-missing-braces -Wparentheses -Wswitch -Wno-unused-function -Wno-unused-label -Wno-unused-parameter -Wno-unused-variable -Wunused-value -Wno-empty-body -Wno-uninitialized -Wno-unknown-pragmas -w -Wno-shadow -Wno-four-char-constants -Wno-conversion -Wno-constant-conversion -Wno-int-conversion -Wno-bool-conversion -Wno-enum-conversion -Wno-float-conversion -Wno-non-literal-null-conversion -Wno-objc-literal-conversion -Wshorten-64-to-32 -Wpointer-sign -Wno-newline-eof -Wno-selector -Wno-strict-selector-match -Wno-undeclared-selector -Wno-deprecated-implementations -Wno-implicit-fallthrough -fstrict-aliasing -Wprotocol -Wdeprecated-declarations -Wno-sign-conversion -Wno-infinite-recursion -Wno-comma -Wno-block-capture-autoreleasing -Wno-strict-prototypes -Wno-semicolon-before-method-body -index-store-path /Users/aleks/Library/Developer/Xcode/DerivedData/PlanItApp-gkehojshtcbfvhersqwajfujohau/Index.noindex/DataStore @/Users/aleks/Library/Developer/Xcode/DerivedData/PlanItApp-gkehojshtcbfvhersqwajfujohau/Build/Intermediates.noindex/AppAuth.build/Debug-iphonesimulator/AppAuthCore.build/Objects-normal/arm64/e6072d4f65d7061329687fe24e3d63a7-common-args.resp -include /Users/aleks/Library/Developer/Xcode/DerivedData/PlanItApp-gkehojshtcbfvhersqwajfujohau/Build/Intermediates.noindex/AppAuth.build/Debug-iphonesimulator/AppAuthCore.build/DerivedSources/resource_bundle_accessor.h -MMD -MT dependencies -MF /Users/aleks/Library/Developer/Xcode/DerivedData/PlanItApp-gkehojshtcbfvhersqwajfujohau/Build/Intermediates.noindex/AppAuth.build/Debug-iphonesimulator/AppAuthCore.build/Objects-normal/arm64/OIDTokenResponse.d --serialize-diagnostics /Users/aleks/Library/Developer/Xcode/DerivedData/PlanItApp-gkehojshtcbfvhersqwajfujohau/Build/Intermediates.noindex/AppAuth.build/Debug-iphonesimulator/AppAuthCore.build/Objects-normal/arm64/OIDTokenResponse.dia -c /Users/aleks/Library/Developer/Xcode/DerivedData/PlanItApp-gkehojshtcbfvhersqwajfujohau/SourcePackages/checkouts/AppAuth-iOS/Sources/AppAuthCore/OIDTokenResponse.m -o /Users/aleks/Library/Developer/Xcode/DerivedData/PlanItApp-gkehojshtcbfvhersqwajfujohau/Build/Intermediates.noindex/AppAuth.build/Debug-iphonesimulator/AppAuthCore.build/Objects-normal/arm64/OIDTokenResponse.o -index-unit-output-path /AppAuth.build/Debug-iphonesimulator/AppAuthCore.build/Objects-normal/arm64/OIDTokenResponse.o

PrecompileModule /Users/aleks/Library/Developer/Xcode/DerivedData/PlanItApp-gkehojshtcbfvhersqwajfujohau/Build/Intermediates.noindex/ExplicitPrecompiledModules/Darwin-7NJZX7MIFRFJIDZ4D3D7NUE74.scan
    cd /Users/aleks/Desktop/PlanItApp/PlanItApp.xcodeproj
    builtin-precompileModule /Users/aleks/Library/Developer/Xcode/DerivedData/PlanItApp-gkehojshtcbfvhersqwajfujohau/Build/Intermediates.noindex/ExplicitPrecompiledModules/Darwin-7NJZX7MIFRFJIDZ4D3D7NUE74.scan

PrecompileModule /Users/aleks/Library/Developer/Xcode/DerivedData/PlanItApp-gkehojshtcbfvhersqwajfujohau/Build/Intermediates.noindex/ExplicitPrecompiledModules/os_workgroup-8LKIEAC6FHZHDV5JINMX7KL79.scan
    cd /Users/aleks/Desktop/PlanItApp/PlanItApp.xcodeproj
    builtin-precompileModule /Users/aleks/Library/Developer/Xcode/DerivedData/PlanItApp-gkehojshtcbfvhersqwajfujohau/Build/Intermediates.noindex/ExplicitPrecompiledModules/os_workgroup-8LKIEAC6FHZHDV5JINMX7KL79.scan

PrecompileModule /Users/aleks/Library/Developer/Xcode/DerivedData/PlanItApp-gkehojshtcbfvhersqwajfujohau/Build/Intermediates.noindex/ExplicitPrecompiledModules/Security-EATHIMWUFKCWYXT2DY4X76MYV.scan
    cd /Users/aleks/Desktop/PlanItApp/PlanItApp.xcodeproj
    builtin-precompileModule /Users/aleks/Library/Developer/Xcode/DerivedData/PlanItApp-gkehojshtcbfvhersqwajfujohau/Build/Intermediates.noindex/ExplicitPrecompiledModules/Security-EATHIMWUFKCWYXT2DY4X76MYV.scan

PrecompileModule /Users/aleks/Library/Developer/Xcode/DerivedData/PlanItApp-gkehojshtcbfvhersqwajfujohau/Build/Intermediates.noindex/ExplicitPrecompiledModules/CFNetwork-DIQR4UBGVQ2PA8NYR4198XFJV.scan
    cd /Users/aleks/Desktop/PlanItApp/PlanItApp.xcodeproj
    builtin-precompileModule /Users/aleks/Library/Developer/Xcode/DerivedData/PlanItApp-gkehojshtcbfvhersqwajfujohau/Build/Intermediates.noindex/ExplicitPrecompiledModules/CFNetwork-DIQR4UBGVQ2PA8NYR4198XFJV.scan

PrecompileModule /Users/aleks/Library/Developer/Xcode/DerivedData/PlanItApp-gkehojshtcbfvhersqwajfujohau/Build/Intermediates.noindex/ExplicitPrecompiledModules/Dispatch-97YBHBZAIB7ITC8LW4VZH265Q.scan
    cd /Users/aleks/Desktop/PlanItApp/PlanItApp.xcodeproj
    builtin-precompileModule /Users/aleks/Library/Developer/Xcode/DerivedData/PlanItApp-gkehojshtcbfvhersqwajfujohau/Build/Intermediates.noindex/ExplicitPrecompiledModules/Dispatch-97YBHBZAIB7ITC8LW4VZH265Q.scan

ScanDependencies /Users/aleks/Library/Developer/Xcode/DerivedData/PlanItApp-gkehojshtcbfvhersqwajfujohau/Build/Intermediates.noindex/AppAuth.build/Debug-iphonesimulator/AppAuthCore.build/Objects-normal/arm64/OIDTokenRequest.o /Users/aleks/Library/Developer/Xcode/DerivedData/PlanItApp-gkehojshtcbfvhersqwajfujohau/SourcePackages/checkouts/AppAuth-iOS/Sources/AppAuthCore/OIDTokenRequest.m normal arm64 objective-c com.apple.compilers.llvm.clang.1_0.compiler (in target 'AppAuthCore' from project 'AppAuth')
    cd /Users/aleks/Desktop/PlanItApp/PlanItApp.xcodeproj
    
    Using response file: /Users/aleks/Library/Developer/Xcode/DerivedData/PlanItApp-gkehojshtcbfvhersqwajfujohau/Build/Intermediates.noindex/AppAuth.build/Debug-iphonesimulator/AppAuthCore.build/Objects-normal/arm64/e6072d4f65d7061329687fe24e3d63a7-common-args.resp
    
    builtin-ScanDependencies -o /Users/aleks/Library/Developer/Xcode/DerivedData/PlanItApp-gkehojshtcbfvhersqwajfujohau/Build/Intermediates.noindex/AppAuth.build/Debug-iphonesimulator/AppAuthCore.build/Objects-normal/arm64/OIDTokenRequest.o.scan -- /Applications/Xcode.app/Contents/Developer/Toolchains/XcodeDefault.xctoolchain/usr/bin/clang -x objective-c -ivfsstatcache /Users/aleks/Library/Developer/Xcode/DerivedData/SDKStatCaches.noindex/iphonesimulator18.5-22F76-d5fc8ad4295d2ef488fb7d0f804ce0c4.sdkstatcache -fmessage-length\=0 -fdiagnostics-show-note-include-stack -fmacro-backtrace-limit\=0 -fno-color-diagnostics -fmodules-prune-interval\=86400 -fmodules-prune-after\=345600 -fbuild-session-file\=/Users/aleks/Library/Developer/Xcode/DerivedData/ModuleCache.noindex/Session.modulevalidation -fmodules-validate-once-per-build-session -Wnon-modular-include-in-framework-module -Werror\=non-modular-include-in-framework-module -Wno-trigraphs -Wno-missing-field-initializers -Wno-missing-prototypes -Wno-return-type -Wno-implicit-atomic-properties -Wno-objc-interface-ivars -Wno-arc-repeated-use-of-weak -Wno-missing-braces -Wparentheses -Wswitch -Wno-unused-function -Wno-unused-label -Wno-unused-parameter -Wno-unused-variable -Wunused-value -Wno-empty-body -Wno-uninitialized -Wno-unknown-pragmas -w -Wno-shadow -Wno-four-char-constants -Wno-conversion -Wno-constant-conversion -Wno-int-conversion -Wno-bool-conversion -Wno-enum-conversion -Wno-float-conversion -Wno-non-literal-null-conversion -Wno-objc-literal-conversion -Wshorten-64-to-32 -Wpointer-sign -Wno-newline-eof -Wno-selector -Wno-strict-selector-match -Wno-undeclared-selector -Wno-deprecated-implementations -Wno-implicit-fallthrough -fstrict-aliasing -Wprotocol -Wdeprecated-declarations -Wno-sign-conversion -Wno-infinite-recursion -Wno-comma -Wno-block-capture-autoreleasing -Wno-strict-prototypes -Wno-semicolon-before-method-body -index-store-path /Users/aleks/Library/Developer/Xcode/DerivedData/PlanItApp-gkehojshtcbfvhersqwajfujohau/Index.noindex/DataStore @/Users/aleks/Library/Developer/Xcode/DerivedData/PlanItApp-gkehojshtcbfvhersqwajfujohau/Build/Intermediates.noindex/AppAuth.build/Debug-iphonesimulator/AppAuthCore.build/Objects-normal/arm64/e6072d4f65d7061329687fe24e3d63a7-common-args.resp -include /Users/aleks/Library/Developer/Xcode/DerivedData/PlanItApp-gkehojshtcbfvhersqwajfujohau/Build/Intermediates.noindex/AppAuth.build/Debug-iphonesimulator/AppAuthCore.build/DerivedSources/resource_bundle_accessor.h -MMD -MT dependencies -MF /Users/aleks/Library/Developer/Xcode/DerivedData/PlanItApp-gkehojshtcbfvhersqwajfujohau/Build/Intermediates.noindex/AppAuth.build/Debug-iphonesimulator/AppAuthCore.build/Objects-normal/arm64/OIDTokenRequest.d --serialize-diagnostics /Users/aleks/Library/Developer/Xcode/DerivedData/PlanItApp-gkehojshtcbfvhersqwajfujohau/Build/Intermediates.noindex/AppAuth.build/Debug-iphonesimulator/AppAuthCore.build/Objects-normal/arm64/OIDTokenRequest.dia -c /Users/aleks/Library/Developer/Xcode/DerivedData/PlanItApp-gkehojshtcbfvhersqwajfujohau/SourcePackages/checkouts/AppAuth-iOS/Sources/AppAuthCore/OIDTokenRequest.m -o /Users/aleks/Library/Developer/Xcode/DerivedData/PlanItApp-gkehojshtcbfvhersqwajfujohau/Build/Intermediates.noindex/AppAuth.build/Debug-iphonesimulator/AppAuthCore.build/Objects-normal/arm64/OIDTokenRequest.o -index-unit-output-path /AppAuth.build/Debug-iphonesimulator/AppAuthCore.build/Objects-normal/arm64/OIDTokenRequest.o

PrecompileModule /Users/aleks/Library/Developer/Xcode/DerivedData/PlanItApp-gkehojshtcbfvhersqwajfujohau/Build/Intermediates.noindex/ExplicitPrecompiledModules/CommonCrypto-AES4W155SE0YJ11PAN8MKJ1FF.scan
    cd /Users/aleks/Desktop/PlanItApp/PlanItApp.xcodeproj
    builtin-precompileModule /Users/aleks/Library/Developer/Xcode/DerivedData/PlanItApp-gkehojshtcbfvhersqwajfujohau/Build/Intermediates.noindex/ExplicitPrecompiledModules/CommonCrypto-AES4W155SE0YJ11PAN8MKJ1FF.scan

ScanDependencies /Users/aleks/Library/Developer/Xcode/DerivedData/PlanItApp-gkehojshtcbfvhersqwajfujohau/Build/Intermediates.noindex/AppAuth.build/Debug-iphonesimulator/AppAuthCore.build/Objects-normal/arm64/OIDServiceDiscovery.o /Users/aleks/Library/Developer/Xcode/DerivedData/PlanItApp-gkehojshtcbfvhersqwajfujohau/SourcePackages/checkouts/AppAuth-iOS/Sources/AppAuthCore/OIDServiceDiscovery.m normal arm64 objective-c com.apple.compilers.llvm.clang.1_0.compiler (in target 'AppAuthCore' from project 'AppAuth')
    cd /Users/aleks/Desktop/PlanItApp/PlanItApp.xcodeproj
    
    Using response file: /Users/aleks/Library/Developer/Xcode/DerivedData/PlanItApp-gkehojshtcbfvhersqwajfujohau/Build/Intermediates.noindex/AppAuth.build/Debug-iphonesimulator/AppAuthCore.build/Objects-normal/arm64/e6072d4f65d7061329687fe24e3d63a7-common-args.resp
    
    builtin-ScanDependencies -o /Users/aleks/Library/Developer/Xcode/DerivedData/PlanItApp-gkehojshtcbfvhersqwajfujohau/Build/Intermediates.noindex/AppAuth.build/Debug-iphonesimulator/AppAuthCore.build/Objects-normal/arm64/OIDServiceDiscovery.o.scan -- /Applications/Xcode.app/Contents/Developer/Toolchains/XcodeDefault.xctoolchain/usr/bin/clang -x objective-c -ivfsstatcache /Users/aleks/Library/Developer/Xcode/DerivedData/SDKStatCaches.noindex/iphonesimulator18.5-22F76-d5fc8ad4295d2ef488fb7d0f804ce0c4.sdkstatcache -fmessage-length\=0 -fdiagnostics-show-note-include-stack -fmacro-backtrace-limit\=0 -fno-color-diagnostics -fmodules-prune-interval\=86400 -fmodules-prune-after\=345600 -fbuild-session-file\=/Users/aleks/Library/Developer/Xcode/DerivedData/ModuleCache.noindex/Session.modulevalidation -fmodules-validate-once-per-build-session -Wnon-modular-include-in-framework-module -Werror\=non-modular-include-in-framework-module -Wno-trigraphs -Wno-missing-field-initializers -Wno-missing-prototypes -Wno-return-type -Wno-implicit-atomic-properties -Wno-objc-interface-ivars -Wno-arc-repeated-use-of-weak -Wno-missing-braces -Wparentheses -Wswitch -Wno-unused-function -Wno-unused-label -Wno-unused-parameter -Wno-unused-variable -Wunused-value -Wno-empty-body -Wno-uninitialized -Wno-unknown-pragmas -w -Wno-shadow -Wno-four-char-constants -Wno-conversion -Wno-constant-conversion -Wno-int-conversion -Wno-bool-conversion -Wno-enum-conversion -Wno-float-conversion -Wno-non-literal-null-conversion -Wno-objc-literal-conversion -Wshorten-64-to-32 -Wpointer-sign -Wno-newline-eof -Wno-selector -Wno-strict-selector-match -Wno-undeclared-selector -Wno-deprecated-implementations -Wno-implicit-fallthrough -fstrict-aliasing -Wprotocol -Wdeprecated-declarations -Wno-sign-conversion -Wno-infinite-recursion -Wno-comma -Wno-block-capture-autoreleasing -Wno-strict-prototypes -Wno-semicolon-before-method-body -index-store-path /Users/aleks/Library/Developer/Xcode/DerivedData/PlanItApp-gkehojshtcbfvhersqwajfujohau/Index.noindex/DataStore @/Users/aleks/Library/Developer/Xcode/DerivedData/PlanItApp-gkehojshtcbfvhersqwajfujohau/Build/Intermediates.noindex/AppAuth.build/Debug-iphonesimulator/AppAuthCore.build/Objects-normal/arm64/e6072d4f65d7061329687fe24e3d63a7-common-args.resp -include /Users/aleks/Library/Developer/Xcode/DerivedData/PlanItApp-gkehojshtcbfvhersqwajfujohau/Build/Intermediates.noindex/AppAuth.build/Debug-iphonesimulator/AppAuthCore.build/DerivedSources/resource_bundle_accessor.h -MMD -MT dependencies -MF /Users/aleks/Library/Developer/Xcode/DerivedData/PlanItApp-gkehojshtcbfvhersqwajfujohau/Build/Intermediates.noindex/AppAuth.build/Debug-iphonesimulator/AppAuthCore.build/Objects-normal/arm64/OIDServiceDiscovery.d --serialize-diagnostics /Users/aleks/Library/Developer/Xcode/DerivedData/PlanItApp-gkehojshtcbfvhersqwajfujohau/Build/Intermediates.noindex/AppAuth.build/Debug-iphonesimulator/AppAuthCore.build/Objects-normal/arm64/OIDServiceDiscovery.dia -c /Users/aleks/Library/Developer/Xcode/DerivedData/PlanItApp-gkehojshtcbfvhersqwajfujohau/SourcePackages/checkouts/AppAuth-iOS/Sources/AppAuthCore/OIDServiceDiscovery.m -o /Users/aleks/Library/Developer/Xcode/DerivedData/PlanItApp-gkehojshtcbfvhersqwajfujohau/Build/Intermediates.noindex/AppAuth.build/Debug-iphonesimulator/AppAuthCore.build/Objects-normal/arm64/OIDServiceDiscovery.o -index-unit-output-path /AppAuth.build/Debug-iphonesimulator/AppAuthCore.build/Objects-normal/arm64/OIDServiceDiscovery.o

ScanDependencies /Users/aleks/Library/Developer/Xcode/DerivedData/PlanItApp-gkehojshtcbfvhersqwajfujohau/Build/Intermediates.noindex/AppAuth.build/Debug-iphonesimulator/AppAuthCore.build/Objects-normal/arm64/OIDServiceConfiguration.o /Users/aleks/Library/Developer/Xcode/DerivedData/PlanItApp-gkehojshtcbfvhersqwajfujohau/SourcePackages/checkouts/AppAuth-iOS/Sources/AppAuthCore/OIDServiceConfiguration.m normal arm64 objective-c com.apple.compilers.llvm.clang.1_0.compiler (in target 'AppAuthCore' from project 'AppAuth')
    cd /Users/aleks/Desktop/PlanItApp/PlanItApp.xcodeproj
    
    Using response file: /Users/aleks/Library/Developer/Xcode/DerivedData/PlanItApp-gkehojshtcbfvhersqwajfujohau/Build/Intermediates.noindex/AppAuth.build/Debug-iphonesimulator/AppAuthCore.build/Objects-normal/arm64/e6072d4f65d7061329687fe24e3d63a7-common-args.resp
    
    builtin-ScanDependencies -o /Users/aleks/Library/Developer/Xcode/DerivedData/PlanItApp-gkehojshtcbfvhersqwajfujohau/Build/Intermediates.noindex/AppAuth.build/Debug-iphonesimulator/AppAuthCore.build/Objects-normal/arm64/OIDServiceConfiguration.o.scan -- /Applications/Xcode.app/Contents/Developer/Toolchains/XcodeDefault.xctoolchain/usr/bin/clang -x objective-c -ivfsstatcache /Users/aleks/Library/Developer/Xcode/DerivedData/SDKStatCaches.noindex/iphonesimulator18.5-22F76-d5fc8ad4295d2ef488fb7d0f804ce0c4.sdkstatcache -fmessage-length\=0 -fdiagnostics-show-note-include-stack -fmacro-backtrace-limit\=0 -fno-color-diagnostics -fmodules-prune-interval\=86400 -fmodules-prune-after\=345600 -fbuild-session-file\=/Users/aleks/Library/Developer/Xcode/DerivedData/ModuleCache.noindex/Session.modulevalidation -fmodules-validate-once-per-build-session -Wnon-modular-include-in-framework-module -Werror\=non-modular-include-in-framework-module -Wno-trigraphs -Wno-missing-field-initializers -Wno-missing-prototypes -Wno-return-type -Wno-implicit-atomic-properties -Wno-objc-interface-ivars -Wno-arc-repeated-use-of-weak -Wno-missing-braces -Wparentheses -Wswitch -Wno-unused-function -Wno-unused-label -Wno-unused-parameter -Wno-unused-variable -Wunused-value -Wno-empty-body -Wno-uninitialized -Wno-unknown-pragmas -w -Wno-shadow -Wno-four-char-constants -Wno-conversion -Wno-constant-conversion -Wno-int-conversion -Wno-bool-conversion -Wno-enum-conversion -Wno-float-conversion -Wno-non-literal-null-conversion -Wno-objc-literal-conversion -Wshorten-64-to-32 -Wpointer-sign -Wno-newline-eof -Wno-selector -Wno-strict-selector-match -Wno-undeclared-selector -Wno-deprecated-implementations -Wno-implicit-fallthrough -fstrict-aliasing -Wprotocol -Wdeprecated-declarations -Wno-sign-conversion -Wno-infinite-recursion -Wno-comma -Wno-block-capture-autoreleasing -Wno-strict-prototypes -Wno-semicolon-before-method-body -index-store-path /Users/aleks/Library/Developer/Xcode/DerivedData/PlanItApp-gkehojshtcbfvhersqwajfujohau/Index.noindex/DataStore @/Users/aleks/Library/Developer/Xcode/DerivedData/PlanItApp-gkehojshtcbfvhersqwajfujohau/Build/Intermediates.noindex/AppAuth.build/Debug-iphonesimulator/AppAuthCore.build/Objects-normal/arm64/e6072d4f65d7061329687fe24e3d63a7-common-args.resp -include /Users/aleks/Library/Developer/Xcode/DerivedData/PlanItApp-gkehojshtcbfvhersqwajfujohau/Build/Intermediates.noindex/AppAuth.build/Debug-iphonesimulator/AppAuthCore.build/DerivedSources/resource_bundle_accessor.h -MMD -MT dependencies -MF /Users/aleks/Library/Developer/Xcode/DerivedData/PlanItApp-gkehojshtcbfvhersqwajfujohau/Build/Intermediates.noindex/AppAuth.build/Debug-iphonesimulator/AppAuthCore.build/Objects-normal/arm64/OIDServiceConfiguration.d --serialize-diagnostics /Users/aleks/Library/Developer/Xcode/DerivedData/PlanItApp-gkehojshtcbfvhersqwajfujohau/Build/Intermediates.noindex/AppAuth.build/Debug-iphonesimulator/AppAuthCore.build/Objects-normal/arm64/OIDServiceConfiguration.dia -c /Users/aleks/Library/Developer/Xcode/DerivedData/PlanItApp-gkehojshtcbfvhersqwajfujohau/SourcePackages/checkouts/AppAuth-iOS/Sources/AppAuthCore/OIDServiceConfiguration.m -o /Users/aleks/Library/Developer/Xcode/DerivedData/PlanItApp-gkehojshtcbfvhersqwajfujohau/Build/Intermediates.noindex/AppAuth.build/Debug-iphonesimulator/AppAuthCore.build/Objects-normal/arm64/OIDServiceConfiguration.o -index-unit-output-path /AppAuth.build/Debug-iphonesimulator/AppAuthCore.build/Objects-normal/arm64/OIDServiceConfiguration.o

ScanDependencies /Users/aleks/Library/Developer/Xcode/DerivedData/PlanItApp-gkehojshtcbfvhersqwajfujohau/Build/Intermediates.noindex/AppAuth.build/Debug-iphonesimulator/AppAuthCore.build/Objects-normal/arm64/OIDScopes.o /Users/aleks/Library/Developer/Xcode/DerivedData/PlanItApp-gkehojshtcbfvhersqwajfujohau/SourcePackages/checkouts/AppAuth-iOS/Sources/AppAuthCore/OIDScopes.m normal arm64 objective-c com.apple.compilers.llvm.clang.1_0.compiler (in target 'AppAuthCore' from project 'AppAuth')
    cd /Users/aleks/Desktop/PlanItApp/PlanItApp.xcodeproj
    
    Using response file: /Users/aleks/Library/Developer/Xcode/DerivedData/PlanItApp-gkehojshtcbfvhersqwajfujohau/Build/Intermediates.noindex/AppAuth.build/Debug-iphonesimulator/AppAuthCore.build/Objects-normal/arm64/e6072d4f65d7061329687fe24e3d63a7-common-args.resp
    
    builtin-ScanDependencies -o /Users/aleks/Library/Developer/Xcode/DerivedData/PlanItApp-gkehojshtcbfvhersqwajfujohau/Build/Intermediates.noindex/AppAuth.build/Debug-iphonesimulator/AppAuthCore.build/Objects-normal/arm64/OIDScopes.o.scan -- /Applications/Xcode.app/Contents/Developer/Toolchains/XcodeDefault.xctoolchain/usr/bin/clang -x objective-c -ivfsstatcache /Users/aleks/Library/Developer/Xcode/DerivedData/SDKStatCaches.noindex/iphonesimulator18.5-22F76-d5fc8ad4295d2ef488fb7d0f804ce0c4.sdkstatcache -fmessage-length\=0 -fdiagnostics-show-note-include-stack -fmacro-backtrace-limit\=0 -fno-color-diagnostics -fmodules-prune-interval\=86400 -fmodules-prune-after\=345600 -fbuild-session-file\=/Users/aleks/Library/Developer/Xcode/DerivedData/ModuleCache.noindex/Session.modulevalidation -fmodules-validate-once-per-build-session -Wnon-modular-include-in-framework-module -Werror\=non-modular-include-in-framework-module -Wno-trigraphs -Wno-missing-field-initializers -Wno-missing-prototypes -Wno-return-type -Wno-implicit-atomic-properties -Wno-objc-interface-ivars -Wno-arc-repeated-use-of-weak -Wno-missing-braces -Wparentheses -Wswitch -Wno-unused-function -Wno-unused-label -Wno-unused-parameter -Wno-unused-variable -Wunused-value -Wno-empty-body -Wno-uninitialized -Wno-unknown-pragmas -w -Wno-shadow -Wno-four-char-constants -Wno-conversion -Wno-constant-conversion -Wno-int-conversion -Wno-bool-conversion -Wno-enum-conversion -Wno-float-conversion -Wno-non-literal-null-conversion -Wno-objc-literal-conversion -Wshorten-64-to-32 -Wpointer-sign -Wno-newline-eof -Wno-selector -Wno-strict-selector-match -Wno-undeclared-selector -Wno-deprecated-implementations -Wno-implicit-fallthrough -fstrict-aliasing -Wprotocol -Wdeprecated-declarations -Wno-sign-conversion -Wno-infinite-recursion -Wno-comma -Wno-block-capture-autoreleasing -Wno-strict-prototypes -Wno-semicolon-before-method-body -index-store-path /Users/aleks/Library/Developer/Xcode/DerivedData/PlanItApp-gkehojshtcbfvhersqwajfujohau/Index.noindex/DataStore @/Users/aleks/Library/Developer/Xcode/DerivedData/PlanItApp-gkehojshtcbfvhersqwajfujohau/Build/Intermediates.noindex/AppAuth.build/Debug-iphonesimulator/AppAuthCore.build/Objects-normal/arm64/e6072d4f65d7061329687fe24e3d63a7-common-args.resp -include /Users/aleks/Library/Developer/Xcode/DerivedData/PlanItApp-gkehojshtcbfvhersqwajfujohau/Build/Intermediates.noindex/AppAuth.build/Debug-iphonesimulator/AppAuthCore.build/DerivedSources/resource_bundle_accessor.h -MMD -MT dependencies -MF /Users/aleks/Library/Developer/Xcode/DerivedData/PlanItApp-gkehojshtcbfvhersqwajfujohau/Build/Intermediates.noindex/AppAuth.build/Debug-iphonesimulator/AppAuthCore.build/Objects-normal/arm64/OIDScopes.d --serialize-diagnostics /Users/aleks/Library/Developer/Xcode/DerivedData/PlanItApp-gkehojshtcbfvhersqwajfujohau/Build/Intermediates.noindex/AppAuth.build/Debug-iphonesimulator/AppAuthCore.build/Objects-normal/arm64/OIDScopes.dia -c /Users/aleks/Library/Developer/Xcode/DerivedData/PlanItApp-gkehojshtcbfvhersqwajfujohau/SourcePackages/checkouts/AppAuth-iOS/Sources/AppAuthCore/OIDScopes.m -o /Users/aleks/Library/Developer/Xcode/DerivedData/PlanItApp-gkehojshtcbfvhersqwajfujohau/Build/Intermediates.noindex/AppAuth.build/Debug-iphonesimulator/AppAuthCore.build/Objects-normal/arm64/OIDScopes.o -index-unit-output-path /AppAuth.build/Debug-iphonesimulator/AppAuthCore.build/Objects-normal/arm64/OIDScopes.o

ScanDependencies /Users/aleks/Library/Developer/Xcode/DerivedData/PlanItApp-gkehojshtcbfvhersqwajfujohau/Build/Intermediates.noindex/AppAuth.build/Debug-iphonesimulator/AppAuthCore.build/Objects-normal/arm64/OIDScopeUtilities.o /Users/aleks/Library/Developer/Xcode/DerivedData/PlanItApp-gkehojshtcbfvhersqwajfujohau/SourcePackages/checkouts/AppAuth-iOS/Sources/AppAuthCore/OIDScopeUtilities.m normal arm64 objective-c com.apple.compilers.llvm.clang.1_0.compiler (in target 'AppAuthCore' from project 'AppAuth')
    cd /Users/aleks/Desktop/PlanItApp/PlanItApp.xcodeproj
    
    Using response file: /Users/aleks/Library/Developer/Xcode/DerivedData/PlanItApp-gkehojshtcbfvhersqwajfujohau/Build/Intermediates.noindex/AppAuth.build/Debug-iphonesimulator/AppAuthCore.build/Objects-normal/arm64/e6072d4f65d7061329687fe24e3d63a7-common-args.resp
    
    builtin-ScanDependencies -o /Users/aleks/Library/Developer/Xcode/DerivedData/PlanItApp-gkehojshtcbfvhersqwajfujohau/Build/Intermediates.noindex/AppAuth.build/Debug-iphonesimulator/AppAuthCore.build/Objects-normal/arm64/OIDScopeUtilities.o.scan -- /Applications/Xcode.app/Contents/Developer/Toolchains/XcodeDefault.xctoolchain/usr/bin/clang -x objective-c -ivfsstatcache /Users/aleks/Library/Developer/Xcode/DerivedData/SDKStatCaches.noindex/iphonesimulator18.5-22F76-d5fc8ad4295d2ef488fb7d0f804ce0c4.sdkstatcache -fmessage-length\=0 -fdiagnostics-show-note-include-stack -fmacro-backtrace-limit\=0 -fno-color-diagnostics -fmodules-prune-interval\=86400 -fmodules-prune-after\=345600 -fbuild-session-file\=/Users/aleks/Library/Developer/Xcode/DerivedData/ModuleCache.noindex/Session.modulevalidation -fmodules-validate-once-per-build-session -Wnon-modular-include-in-framework-module -Werror\=non-modular-include-in-framework-module -Wno-trigraphs -Wno-missing-field-initializers -Wno-missing-prototypes -Wno-return-type -Wno-implicit-atomic-properties -Wno-objc-interface-ivars -Wno-arc-repeated-use-of-weak -Wno-missing-braces -Wparentheses -Wswitch -Wno-unused-function -Wno-unused-label -Wno-unused-parameter -Wno-unused-variable -Wunused-value -Wno-empty-body -Wno-uninitialized -Wno-unknown-pragmas -w -Wno-shadow -Wno-four-char-constants -Wno-conversion -Wno-constant-conversion -Wno-int-conversion -Wno-bool-conversion -Wno-enum-conversion -Wno-float-conversion -Wno-non-literal-null-conversion -Wno-objc-literal-conversion -Wshorten-64-to-32 -Wpointer-sign -Wno-newline-eof -Wno-selector -Wno-strict-selector-match -Wno-undeclared-selector -Wno-deprecated-implementations -Wno-implicit-fallthrough -fstrict-aliasing -Wprotocol -Wdeprecated-declarations -Wno-sign-conversion -Wno-infinite-recursion -Wno-comma -Wno-block-capture-autoreleasing -Wno-strict-prototypes -Wno-semicolon-before-method-body -index-store-path /Users/aleks/Library/Developer/Xcode/DerivedData/PlanItApp-gkehojshtcbfvhersqwajfujohau/Index.noindex/DataStore @/Users/aleks/Library/Developer/Xcode/DerivedData/PlanItApp-gkehojshtcbfvhersqwajfujohau/Build/Intermediates.noindex/AppAuth.build/Debug-iphonesimulator/AppAuthCore.build/Objects-normal/arm64/e6072d4f65d7061329687fe24e3d63a7-common-args.resp -include /Users/aleks/Library/Developer/Xcode/DerivedData/PlanItApp-gkehojshtcbfvhersqwajfujohau/Build/Intermediates.noindex/AppAuth.build/Debug-iphonesimulator/AppAuthCore.build/DerivedSources/resource_bundle_accessor.h -MMD -MT dependencies -MF /Users/aleks/Library/Developer/Xcode/DerivedData/PlanItApp-gkehojshtcbfvhersqwajfujohau/Build/Intermediates.noindex/AppAuth.build/Debug-iphonesimulator/AppAuthCore.build/Objects-normal/arm64/OIDScopeUtilities.d --serialize-diagnostics /Users/aleks/Library/Developer/Xcode/DerivedData/PlanItApp-gkehojshtcbfvhersqwajfujohau/Build/Intermediates.noindex/AppAuth.build/Debug-iphonesimulator/AppAuthCore.build/Objects-normal/arm64/OIDScopeUtilities.dia -c /Users/aleks/Library/Developer/Xcode/DerivedData/PlanItApp-gkehojshtcbfvhersqwajfujohau/SourcePackages/checkouts/AppAuth-iOS/Sources/AppAuthCore/OIDScopeUtilities.m -o /Users/aleks/Library/Developer/Xcode/DerivedData/PlanItApp-gkehojshtcbfvhersqwajfujohau/Build/Intermediates.noindex/AppAuth.build/Debug-iphonesimulator/AppAuthCore.build/Objects-normal/arm64/OIDScopeUtilities.o -index-unit-output-path /AppAuth.build/Debug-iphonesimulator/AppAuthCore.build/Objects-normal/arm64/OIDScopeUtilities.o

ScanDependencies /Users/aleks/Library/Developer/Xcode/DerivedData/PlanItApp-gkehojshtcbfvhersqwajfujohau/Build/Intermediates.noindex/AppAuth.build/Debug-iphonesimulator/AppAuthCore.build/Objects-normal/arm64/OIDResponseTypes.o /Users/aleks/Library/Developer/Xcode/DerivedData/PlanItApp-gkehojshtcbfvhersqwajfujohau/SourcePackages/checkouts/AppAuth-iOS/Sources/AppAuthCore/OIDResponseTypes.m normal arm64 objective-c com.apple.compilers.llvm.clang.1_0.compiler (in target 'AppAuthCore' from project 'AppAuth')
    cd /Users/aleks/Desktop/PlanItApp/PlanItApp.xcodeproj
    
    Using response file: /Users/aleks/Library/Developer/Xcode/DerivedData/PlanItApp-gkehojshtcbfvhersqwajfujohau/Build/Intermediates.noindex/AppAuth.build/Debug-iphonesimulator/AppAuthCore.build/Objects-normal/arm64/e6072d4f65d7061329687fe24e3d63a7-common-args.resp
    
    builtin-ScanDependencies -o /Users/aleks/Library/Developer/Xcode/DerivedData/PlanItApp-gkehojshtcbfvhersqwajfujohau/Build/Intermediates.noindex/AppAuth.build/Debug-iphonesimulator/AppAuthCore.build/Objects-normal/arm64/OIDResponseTypes.o.scan -- /Applications/Xcode.app/Contents/Developer/Toolchains/XcodeDefault.xctoolchain/usr/bin/clang -x objective-c -ivfsstatcache /Users/aleks/Library/Developer/Xcode/DerivedData/SDKStatCaches.noindex/iphonesimulator18.5-22F76-d5fc8ad4295d2ef488fb7d0f804ce0c4.sdkstatcache -fmessage-length\=0 -fdiagnostics-show-note-include-stack -fmacro-backtrace-limit\=0 -fno-color-diagnostics -fmodules-prune-interval\=86400 -fmodules-prune-after\=345600 -fbuild-session-file\=/Users/aleks/Library/Developer/Xcode/DerivedData/ModuleCache.noindex/Session.modulevalidation -fmodules-validate-once-per-build-session -Wnon-modular-include-in-framework-module -Werror\=non-modular-include-in-framework-module -Wno-trigraphs -Wno-missing-field-initializers -Wno-missing-prototypes -Wno-return-type -Wno-implicit-atomic-properties -Wno-objc-interface-ivars -Wno-arc-repeated-use-of-weak -Wno-missing-braces -Wparentheses -Wswitch -Wno-unused-function -Wno-unused-label -Wno-unused-parameter -Wno-unused-variable -Wunused-value -Wno-empty-body -Wno-uninitialized -Wno-unknown-pragmas -w -Wno-shadow -Wno-four-char-constants -Wno-conversion -Wno-constant-conversion -Wno-int-conversion -Wno-bool-conversion -Wno-enum-conversion -Wno-float-conversion -Wno-non-literal-null-conversion -Wno-objc-literal-conversion -Wshorten-64-to-32 -Wpointer-sign -Wno-newline-eof -Wno-selector -Wno-strict-selector-match -Wno-undeclared-selector -Wno-deprecated-implementations -Wno-implicit-fallthrough -fstrict-aliasing -Wprotocol -Wdeprecated-declarations -Wno-sign-conversion -Wno-infinite-recursion -Wno-comma -Wno-block-capture-autoreleasing -Wno-strict-prototypes -Wno-semicolon-before-method-body -index-store-path /Users/aleks/Library/Developer/Xcode/DerivedData/PlanItApp-gkehojshtcbfvhersqwajfujohau/Index.noindex/DataStore @/Users/aleks/Library/Developer/Xcode/DerivedData/PlanItApp-gkehojshtcbfvhersqwajfujohau/Build/Intermediates.noindex/AppAuth.build/Debug-iphonesimulator/AppAuthCore.build/Objects-normal/arm64/e6072d4f65d7061329687fe24e3d63a7-common-args.resp -include /Users/aleks/Library/Developer/Xcode/DerivedData/PlanItApp-gkehojshtcbfvhersqwajfujohau/Build/Intermediates.noindex/AppAuth.build/Debug-iphonesimulator/AppAuthCore.build/DerivedSources/resource_bundle_accessor.h -MMD -MT dependencies -MF /Users/aleks/Library/Developer/Xcode/DerivedData/PlanItApp-gkehojshtcbfvhersqwajfujohau/Build/Intermediates.noindex/AppAuth.build/Debug-iphonesimulator/AppAuthCore.build/Objects-normal/arm64/OIDResponseTypes.d --serialize-diagnostics /Users/aleks/Library/Developer/Xcode/DerivedData/PlanItApp-gkehojshtcbfvhersqwajfujohau/Build/Intermediates.noindex/AppAuth.build/Debug-iphonesimulator/AppAuthCore.build/Objects-normal/arm64/OIDResponseTypes.dia -c /Users/aleks/Library/Developer/Xcode/DerivedData/PlanItApp-gkehojshtcbfvhersqwajfujohau/SourcePackages/checkouts/AppAuth-iOS/Sources/AppAuthCore/OIDResponseTypes.m -o /Users/aleks/Library/Developer/Xcode/DerivedData/PlanItApp-gkehojshtcbfvhersqwajfujohau/Build/Intermediates.noindex/AppAuth.build/Debug-iphonesimulator/AppAuthCore.build/Objects-normal/arm64/OIDResponseTypes.o -index-unit-output-path /AppAuth.build/Debug-iphonesimulator/AppAuthCore.build/Objects-normal/arm64/OIDResponseTypes.o

ScanDependencies /Users/aleks/Library/Developer/Xcode/DerivedData/PlanItApp-gkehojshtcbfvhersqwajfujohau/Build/Intermediates.noindex/AppAuth.build/Debug-iphonesimulator/AppAuthCore.build/Objects-normal/arm64/OIDRegistrationResponse.o /Users/aleks/Library/Developer/Xcode/DerivedData/PlanItApp-gkehojshtcbfvhersqwajfujohau/SourcePackages/checkouts/AppAuth-iOS/Sources/AppAuthCore/OIDRegistrationResponse.m normal arm64 objective-c com.apple.compilers.llvm.clang.1_0.compiler (in target 'AppAuthCore' from project 'AppAuth')
    cd /Users/aleks/Desktop/PlanItApp/PlanItApp.xcodeproj
    
    Using response file: /Users/aleks/Library/Developer/Xcode/DerivedData/PlanItApp-gkehojshtcbfvhersqwajfujohau/Build/Intermediates.noindex/AppAuth.build/Debug-iphonesimulator/AppAuthCore.build/Objects-normal/arm64/e6072d4f65d7061329687fe24e3d63a7-common-args.resp
    
    builtin-ScanDependencies -o /Users/aleks/Library/Developer/Xcode/DerivedData/PlanItApp-gkehojshtcbfvhersqwajfujohau/Build/Intermediates.noindex/AppAuth.build/Debug-iphonesimulator/AppAuthCore.build/Objects-normal/arm64/OIDRegistrationResponse.o.scan -- /Applications/Xcode.app/Contents/Developer/Toolchains/XcodeDefault.xctoolchain/usr/bin/clang -x objective-c -ivfsstatcache /Users/aleks/Library/Developer/Xcode/DerivedData/SDKStatCaches.noindex/iphonesimulator18.5-22F76-d5fc8ad4295d2ef488fb7d0f804ce0c4.sdkstatcache -fmessage-length\=0 -fdiagnostics-show-note-include-stack -fmacro-backtrace-limit\=0 -fno-color-diagnostics -fmodules-prune-interval\=86400 -fmodules-prune-after\=345600 -fbuild-session-file\=/Users/aleks/Library/Developer/Xcode/DerivedData/ModuleCache.noindex/Session.modulevalidation -fmodules-validate-once-per-build-session -Wnon-modular-include-in-framework-module -Werror\=non-modular-include-in-framework-module -Wno-trigraphs -Wno-missing-field-initializers -Wno-missing-prototypes -Wno-return-type -Wno-implicit-atomic-properties -Wno-objc-interface-ivars -Wno-arc-repeated-use-of-weak -Wno-missing-braces -Wparentheses -Wswitch -Wno-unused-function -Wno-unused-label -Wno-unused-parameter -Wno-unused-variable -Wunused-value -Wno-empty-body -Wno-uninitialized -Wno-unknown-pragmas -w -Wno-shadow -Wno-four-char-constants -Wno-conversion -Wno-constant-conversion -Wno-int-conversion -Wno-bool-conversion -Wno-enum-conversion -Wno-float-conversion -Wno-non-literal-null-conversion -Wno-objc-literal-conversion -Wshorten-64-to-32 -Wpointer-sign -Wno-newline-eof -Wno-selector -Wno-strict-selector-match -Wno-undeclared-selector -Wno-deprecated-implementations -Wno-implicit-fallthrough -fstrict-aliasing -Wprotocol -Wdeprecated-declarations -Wno-sign-conversion -Wno-infinite-recursion -Wno-comma -Wno-block-capture-autoreleasing -Wno-strict-prototypes -Wno-semicolon-before-method-body -index-store-path /Users/aleks/Library/Developer/Xcode/DerivedData/PlanItApp-gkehojshtcbfvhersqwajfujohau/Index.noindex/DataStore @/Users/aleks/Library/Developer/Xcode/DerivedData/PlanItApp-gkehojshtcbfvhersqwajfujohau/Build/Intermediates.noindex/AppAuth.build/Debug-iphonesimulator/AppAuthCore.build/Objects-normal/arm64/e6072d4f65d7061329687fe24e3d63a7-common-args.resp -include /Users/aleks/Library/Developer/Xcode/DerivedData/PlanItApp-gkehojshtcbfvhersqwajfujohau/Build/Intermediates.noindex/AppAuth.build/Debug-iphonesimulator/AppAuthCore.build/DerivedSources/resource_bundle_accessor.h -MMD -MT dependencies -MF /Users/aleks/Library/Developer/Xcode/DerivedData/PlanItApp-gkehojshtcbfvhersqwajfujohau/Build/Intermediates.noindex/AppAuth.build/Debug-iphonesimulator/AppAuthCore.build/Objects-normal/arm64/OIDRegistrationResponse.d --serialize-diagnostics /Users/aleks/Library/Developer/Xcode/DerivedData/PlanItApp-gkehojshtcbfvhersqwajfujohau/Build/Intermediates.noindex/AppAuth.build/Debug-iphonesimulator/AppAuthCore.build/Objects-normal/arm64/OIDRegistrationResponse.dia -c /Users/aleks/Library/Developer/Xcode/DerivedData/PlanItApp-gkehojshtcbfvhersqwajfujohau/SourcePackages/checkouts/AppAuth-iOS/Sources/AppAuthCore/OIDRegistrationResponse.m -o /Users/aleks/Library/Developer/Xcode/DerivedData/PlanItApp-gkehojshtcbfvhersqwajfujohau/Build/Intermediates.noindex/AppAuth.build/Debug-iphonesimulator/AppAuthCore.build/Objects-normal/arm64/OIDRegistrationResponse.o -index-unit-output-path /AppAuth.build/Debug-iphonesimulator/AppAuthCore.build/Objects-normal/arm64/OIDRegistrationResponse.o

ScanDependencies /Users/aleks/Library/Developer/Xcode/DerivedData/PlanItApp-gkehojshtcbfvhersqwajfujohau/Build/Intermediates.noindex/AppAuth.build/Debug-iphonesimulator/AppAuthCore.build/Objects-normal/arm64/OIDRegistrationRequest.o /Users/aleks/Library/Developer/Xcode/DerivedData/PlanItApp-gkehojshtcbfvhersqwajfujohau/SourcePackages/checkouts/AppAuth-iOS/Sources/AppAuthCore/OIDRegistrationRequest.m normal arm64 objective-c com.apple.compilers.llvm.clang.1_0.compiler (in target 'AppAuthCore' from project 'AppAuth')
    cd /Users/aleks/Desktop/PlanItApp/PlanItApp.xcodeproj
    
    Using response file: /Users/aleks/Library/Developer/Xcode/DerivedData/PlanItApp-gkehojshtcbfvhersqwajfujohau/Build/Intermediates.noindex/AppAuth.build/Debug-iphonesimulator/AppAuthCore.build/Objects-normal/arm64/e6072d4f65d7061329687fe24e3d63a7-common-args.resp
    
    builtin-ScanDependencies -o /Users/aleks/Library/Developer/Xcode/DerivedData/PlanItApp-gkehojshtcbfvhersqwajfujohau/Build/Intermediates.noindex/AppAuth.build/Debug-iphonesimulator/AppAuthCore.build/Objects-normal/arm64/OIDRegistrationRequest.o.scan -- /Applications/Xcode.app/Contents/Developer/Toolchains/XcodeDefault.xctoolchain/usr/bin/clang -x objective-c -ivfsstatcache /Users/aleks/Library/Developer/Xcode/DerivedData/SDKStatCaches.noindex/iphonesimulator18.5-22F76-d5fc8ad4295d2ef488fb7d0f804ce0c4.sdkstatcache -fmessage-length\=0 -fdiagnostics-show-note-include-stack -fmacro-backtrace-limit\=0 -fno-color-diagnostics -fmodules-prune-interval\=86400 -fmodules-prune-after\=345600 -fbuild-session-file\=/Users/aleks/Library/Developer/Xcode/DerivedData/ModuleCache.noindex/Session.modulevalidation -fmodules-validate-once-per-build-session -Wnon-modular-include-in-framework-module -Werror\=non-modular-include-in-framework-module -Wno-trigraphs -Wno-missing-field-initializers -Wno-missing-prototypes -Wno-return-type -Wno-implicit-atomic-properties -Wno-objc-interface-ivars -Wno-arc-repeated-use-of-weak -Wno-missing-braces -Wparentheses -Wswitch -Wno-unused-function -Wno-unused-label -Wno-unused-parameter -Wno-unused-variable -Wunused-value -Wno-empty-body -Wno-uninitialized -Wno-unknown-pragmas -w -Wno-shadow -Wno-four-char-constants -Wno-conversion -Wno-constant-conversion -Wno-int-conversion -Wno-bool-conversion -Wno-enum-conversion -Wno-float-conversion -Wno-non-literal-null-conversion -Wno-objc-literal-conversion -Wshorten-64-to-32 -Wpointer-sign -Wno-newline-eof -Wno-selector -Wno-strict-selector-match -Wno-undeclared-selector -Wno-deprecated-implementations -Wno-implicit-fallthrough -fstrict-aliasing -Wprotocol -Wdeprecated-declarations -Wno-sign-conversion -Wno-infinite-recursion -Wno-comma -Wno-block-capture-autoreleasing -Wno-strict-prototypes -Wno-semicolon-before-method-body -index-store-path /Users/aleks/Library/Developer/Xcode/DerivedData/PlanItApp-gkehojshtcbfvhersqwajfujohau/Index.noindex/DataStore @/Users/aleks/Library/Developer/Xcode/DerivedData/PlanItApp-gkehojshtcbfvhersqwajfujohau/Build/Intermediates.noindex/AppAuth.build/Debug-iphonesimulator/AppAuthCore.build/Objects-normal/arm64/e6072d4f65d7061329687fe24e3d63a7-common-args.resp -include /Users/aleks/Library/Developer/Xcode/DerivedData/PlanItApp-gkehojshtcbfvhersqwajfujohau/Build/Intermediates.noindex/AppAuth.build/Debug-iphonesimulator/AppAuthCore.build/DerivedSources/resource_bundle_accessor.h -MMD -MT dependencies -MF /Users/aleks/Library/Developer/Xcode/DerivedData/PlanItApp-gkehojshtcbfvhersqwajfujohau/Build/Intermediates.noindex/AppAuth.build/Debug-iphonesimulator/AppAuthCore.build/Objects-normal/arm64/OIDRegistrationRequest.d --serialize-diagnostics /Users/aleks/Library/Developer/Xcode/DerivedData/PlanItApp-gkehojshtcbfvhersqwajfujohau/Build/Intermediates.noindex/AppAuth.build/Debug-iphonesimulator/AppAuthCore.build/Objects-normal/arm64/OIDRegistrationRequest.dia -c /Users/aleks/Library/Developer/Xcode/DerivedData/PlanItApp-gkehojshtcbfvhersqwajfujohau/SourcePackages/checkouts/AppAuth-iOS/Sources/AppAuthCore/OIDRegistrationRequest.m -o /Users/aleks/Library/Developer/Xcode/DerivedData/PlanItApp-gkehojshtcbfvhersqwajfujohau/Build/Intermediates.noindex/AppAuth.build/Debug-iphonesimulator/AppAuthCore.build/Objects-normal/arm64/OIDRegistrationRequest.o -index-unit-output-path /AppAuth.build/Debug-iphonesimulator/AppAuthCore.build/Objects-normal/arm64/OIDRegistrationRequest.o

ScanDependencies /Users/aleks/Library/Developer/Xcode/DerivedData/PlanItApp-gkehojshtcbfvhersqwajfujohau/Build/Intermediates.noindex/AppAuth.build/Debug-iphonesimulator/AppAuthCore.build/Objects-normal/arm64/OIDIDToken.o /Users/aleks/Library/Developer/Xcode/DerivedData/PlanItApp-gkehojshtcbfvhersqwajfujohau/SourcePackages/checkouts/AppAuth-iOS/Sources/AppAuthCore/OIDIDToken.m normal arm64 objective-c com.apple.compilers.llvm.clang.1_0.compiler (in target 'AppAuthCore' from project 'AppAuth')
    cd /Users/aleks/Desktop/PlanItApp/PlanItApp.xcodeproj
    
    Using response file: /Users/aleks/Library/Developer/Xcode/DerivedData/PlanItApp-gkehojshtcbfvhersqwajfujohau/Build/Intermediates.noindex/AppAuth.build/Debug-iphonesimulator/AppAuthCore.build/Objects-normal/arm64/e6072d4f65d7061329687fe24e3d63a7-common-args.resp
    
    builtin-ScanDependencies -o /Users/aleks/Library/Developer/Xcode/DerivedData/PlanItApp-gkehojshtcbfvhersqwajfujohau/Build/Intermediates.noindex/AppAuth.build/Debug-iphonesimulator/AppAuthCore.build/Objects-normal/arm64/OIDIDToken.o.scan -- /Applications/Xcode.app/Contents/Developer/Toolchains/XcodeDefault.xctoolchain/usr/bin/clang -x objective-c -ivfsstatcache /Users/aleks/Library/Developer/Xcode/DerivedData/SDKStatCaches.noindex/iphonesimulator18.5-22F76-d5fc8ad4295d2ef488fb7d0f804ce0c4.sdkstatcache -fmessage-length\=0 -fdiagnostics-show-note-include-stack -fmacro-backtrace-limit\=0 -fno-color-diagnostics -fmodules-prune-interval\=86400 -fmodules-prune-after\=345600 -fbuild-session-file\=/Users/aleks/Library/Developer/Xcode/DerivedData/ModuleCache.noindex/Session.modulevalidation -fmodules-validate-once-per-build-session -Wnon-modular-include-in-framework-module -Werror\=non-modular-include-in-framework-module -Wno-trigraphs -Wno-missing-field-initializers -Wno-missing-prototypes -Wno-return-type -Wno-implicit-atomic-properties -Wno-objc-interface-ivars -Wno-arc-repeated-use-of-weak -Wno-missing-braces -Wparentheses -Wswitch -Wno-unused-function -Wno-unused-label -Wno-unused-parameter -Wno-unused-variable -Wunused-value -Wno-empty-body -Wno-uninitialized -Wno-unknown-pragmas -w -Wno-shadow -Wno-four-char-constants -Wno-conversion -Wno-constant-conversion -Wno-int-conversion -Wno-bool-conversion -Wno-enum-conversion -Wno-float-conversion -Wno-non-literal-null-conversion -Wno-objc-literal-conversion -Wshorten-64-to-32 -Wpointer-sign -Wno-newline-eof -Wno-selector -Wno-strict-selector-match -Wno-undeclared-selector -Wno-deprecated-implementations -Wno-implicit-fallthrough -fstrict-aliasing -Wprotocol -Wdeprecated-declarations -Wno-sign-conversion -Wno-infinite-recursion -Wno-comma -Wno-block-capture-autoreleasing -Wno-strict-prototypes -Wno-semicolon-before-method-body -index-store-path /Users/aleks/Library/Developer/Xcode/DerivedData/PlanItApp-gkehojshtcbfvhersqwajfujohau/Index.noindex/DataStore @/Users/aleks/Library/Developer/Xcode/DerivedData/PlanItApp-gkehojshtcbfvhersqwajfujohau/Build/Intermediates.noindex/AppAuth.build/Debug-iphonesimulator/AppAuthCore.build/Objects-normal/arm64/e6072d4f65d7061329687fe24e3d63a7-common-args.resp -include /Users/aleks/Library/Developer/Xcode/DerivedData/PlanItApp-gkehojshtcbfvhersqwajfujohau/Build/Intermediates.noindex/AppAuth.build/Debug-iphonesimulator/AppAuthCore.build/DerivedSources/resource_bundle_accessor.h -MMD -MT dependencies -MF /Users/aleks/Library/Developer/Xcode/DerivedData/PlanItApp-gkehojshtcbfvhersqwajfujohau/Build/Intermediates.noindex/AppAuth.build/Debug-iphonesimulator/AppAuthCore.build/Objects-normal/arm64/OIDIDToken.d --serialize-diagnostics /Users/aleks/Library/Developer/Xcode/DerivedData/PlanItApp-gkehojshtcbfvhersqwajfujohau/Build/Intermediates.noindex/AppAuth.build/Debug-iphonesimulator/AppAuthCore.build/Objects-normal/arm64/OIDIDToken.dia -c /Users/aleks/Library/Developer/Xcode/DerivedData/PlanItApp-gkehojshtcbfvhersqwajfujohau/SourcePackages/checkouts/AppAuth-iOS/Sources/AppAuthCore/OIDIDToken.m -o /Users/aleks/Library/Developer/Xcode/DerivedData/PlanItApp-gkehojshtcbfvhersqwajfujohau/Build/Intermediates.noindex/AppAuth.build/Debug-iphonesimulator/AppAuthCore.build/Objects-normal/arm64/OIDIDToken.o -index-unit-output-path /AppAuth.build/Debug-iphonesimulator/AppAuthCore.build/Objects-normal/arm64/OIDIDToken.o

PrecompileModule /Users/aleks/Library/Developer/Xcode/DerivedData/PlanItApp-gkehojshtcbfvhersqwajfujohau/Build/Intermediates.noindex/ExplicitPrecompiledModules/CoreFoundation-5SOM259SL0IRS6GJW7DL9C1FJ.scan
    cd /Users/aleks/Desktop/PlanItApp/PlanItApp.xcodeproj
    builtin-precompileModule /Users/aleks/Library/Developer/Xcode/DerivedData/PlanItApp-gkehojshtcbfvhersqwajfujohau/Build/Intermediates.noindex/ExplicitPrecompiledModules/CoreFoundation-5SOM259SL0IRS6GJW7DL9C1FJ.scan

PrecompileModule /Users/aleks/Library/Developer/Xcode/DerivedData/PlanItApp-gkehojshtcbfvhersqwajfujohau/Build/Intermediates.noindex/ExplicitPrecompiledModules/XPC-77NZFJHER0JBCCFJACFIUXAMQ.scan
    cd /Users/aleks/Desktop/PlanItApp/PlanItApp.xcodeproj
    builtin-precompileModule /Users/aleks/Library/Developer/Xcode/DerivedData/PlanItApp-gkehojshtcbfvhersqwajfujohau/Build/Intermediates.noindex/ExplicitPrecompiledModules/XPC-77NZFJHER0JBCCFJACFIUXAMQ.scan

PrecompileModule /Users/aleks/Library/Developer/Xcode/DerivedData/PlanItApp-gkehojshtcbfvhersqwajfujohau/Build/Intermediates.noindex/ExplicitPrecompiledModules/Foundation-6RXAAE8VJ18QC3NASS4034NOW.scan
    cd /Users/aleks/Desktop/PlanItApp/PlanItApp.xcodeproj
    builtin-precompileModule /Users/aleks/Library/Developer/Xcode/DerivedData/PlanItApp-gkehojshtcbfvhersqwajfujohau/Build/Intermediates.noindex/ExplicitPrecompiledModules/Foundation-6RXAAE8VJ18QC3NASS4034NOW.scan

ScanDependencies /Users/aleks/Library/Developer/Xcode/DerivedData/PlanItApp-gkehojshtcbfvhersqwajfujohau/Build/Intermediates.noindex/AppAuth.build/Debug-iphonesimulator/AppAuthCore.build/Objects-normal/arm64/OIDGrantTypes.o /Users/aleks/Library/Developer/Xcode/DerivedData/PlanItApp-gkehojshtcbfvhersqwajfujohau/SourcePackages/checkouts/AppAuth-iOS/Sources/AppAuthCore/OIDGrantTypes.m normal arm64 objective-c com.apple.compilers.llvm.clang.1_0.compiler (in target 'AppAuthCore' from project 'AppAuth')
    cd /Users/aleks/Desktop/PlanItApp/PlanItApp.xcodeproj
    
    Using response file: /Users/aleks/Library/Developer/Xcode/DerivedData/PlanItApp-gkehojshtcbfvhersqwajfujohau/Build/Intermediates.noindex/AppAuth.build/Debug-iphonesimulator/AppAuthCore.build/Objects-normal/arm64/e6072d4f65d7061329687fe24e3d63a7-common-args.resp
    
    builtin-ScanDependencies -o /Users/aleks/Library/Developer/Xcode/DerivedData/PlanItApp-gkehojshtcbfvhersqwajfujohau/Build/Intermediates.noindex/AppAuth.build/Debug-iphonesimulator/AppAuthCore.build/Objects-normal/arm64/OIDGrantTypes.o.scan -- /Applications/Xcode.app/Contents/Developer/Toolchains/XcodeDefault.xctoolchain/usr/bin/clang -x objective-c -ivfsstatcache /Users/aleks/Library/Developer/Xcode/DerivedData/SDKStatCaches.noindex/iphonesimulator18.5-22F76-d5fc8ad4295d2ef488fb7d0f804ce0c4.sdkstatcache -fmessage-length\=0 -fdiagnostics-show-note-include-stack -fmacro-backtrace-limit\=0 -fno-color-diagnostics -fmodules-prune-interval\=86400 -fmodules-prune-after\=345600 -fbuild-session-file\=/Users/aleks/Library/Developer/Xcode/DerivedData/ModuleCache.noindex/Session.modulevalidation -fmodules-validate-once-per-build-session -Wnon-modular-include-in-framework-module -Werror\=non-modular-include-in-framework-module -Wno-trigraphs -Wno-missing-field-initializers -Wno-missing-prototypes -Wno-return-type -Wno-implicit-atomic-properties -Wno-objc-interface-ivars -Wno-arc-repeated-use-of-weak -Wno-missing-braces -Wparentheses -Wswitch -Wno-unused-function -Wno-unused-label -Wno-unused-parameter -Wno-unused-variable -Wunused-value -Wno-empty-body -Wno-uninitialized -Wno-unknown-pragmas -w -Wno-shadow -Wno-four-char-constants -Wno-conversion -Wno-constant-conversion -Wno-int-conversion -Wno-bool-conversion -Wno-enum-conversion -Wno-float-conversion -Wno-non-literal-null-conversion -Wno-objc-literal-conversion -Wshorten-64-to-32 -Wpointer-sign -Wno-newline-eof -Wno-selector -Wno-strict-selector-match -Wno-undeclared-selector -Wno-deprecated-implementations -Wno-implicit-fallthrough -fstrict-aliasing -Wprotocol -Wdeprecated-declarations -Wno-sign-conversion -Wno-infinite-recursion -Wno-comma -Wno-block-capture-autoreleasing -Wno-strict-prototypes -Wno-semicolon-before-method-body -index-store-path /Users/aleks/Library/Developer/Xcode/DerivedData/PlanItApp-gkehojshtcbfvhersqwajfujohau/Index.noindex/DataStore @/Users/aleks/Library/Developer/Xcode/DerivedData/PlanItApp-gkehojshtcbfvhersqwajfujohau/Build/Intermediates.noindex/AppAuth.build/Debug-iphonesimulator/AppAuthCore.build/Objects-normal/arm64/e6072d4f65d7061329687fe24e3d63a7-common-args.resp -include /Users/aleks/Library/Developer/Xcode/DerivedData/PlanItApp-gkehojshtcbfvhersqwajfujohau/Build/Intermediates.noindex/AppAuth.build/Debug-iphonesimulator/AppAuthCore.build/DerivedSources/resource_bundle_accessor.h -MMD -MT dependencies -MF /Users/aleks/Library/Developer/Xcode/DerivedData/PlanItApp-gkehojshtcbfvhersqwajfujohau/Build/Intermediates.noindex/AppAuth.build/Debug-iphonesimulator/AppAuthCore.build/Objects-normal/arm64/OIDGrantTypes.d --serialize-diagnostics /Users/aleks/Library/Developer/Xcode/DerivedData/PlanItApp-gkehojshtcbfvhersqwajfujohau/Build/Intermediates.noindex/AppAuth.build/Debug-iphonesimulator/AppAuthCore.build/Objects-normal/arm64/OIDGrantTypes.dia -c /Users/aleks/Library/Developer/Xcode/DerivedData/PlanItApp-gkehojshtcbfvhersqwajfujohau/SourcePackages/checkouts/AppAuth-iOS/Sources/AppAuthCore/OIDGrantTypes.m -o /Users/aleks/Library/Developer/Xcode/DerivedData/PlanItApp-gkehojshtcbfvhersqwajfujohau/Build/Intermediates.noindex/AppAuth.build/Debug-iphonesimulator/AppAuthCore.build/Objects-normal/arm64/OIDGrantTypes.o -index-unit-output-path /AppAuth.build/Debug-iphonesimulator/AppAuthCore.build/Objects-normal/arm64/OIDGrantTypes.o

ScanDependencies /Users/aleks/Library/Developer/Xcode/DerivedData/PlanItApp-gkehojshtcbfvhersqwajfujohau/Build/Intermediates.noindex/AppAuth.build/Debug-iphonesimulator/AppAuthCore.build/Objects-normal/arm64/OIDFieldMapping.o /Users/aleks/Library/Developer/Xcode/DerivedData/PlanItApp-gkehojshtcbfvhersqwajfujohau/SourcePackages/checkouts/AppAuth-iOS/Sources/AppAuthCore/OIDFieldMapping.m normal arm64 objective-c com.apple.compilers.llvm.clang.1_0.compiler (in target 'AppAuthCore' from project 'AppAuth')
    cd /Users/aleks/Desktop/PlanItApp/PlanItApp.xcodeproj
    
    Using response file: /Users/aleks/Library/Developer/Xcode/DerivedData/PlanItApp-gkehojshtcbfvhersqwajfujohau/Build/Intermediates.noindex/AppAuth.build/Debug-iphonesimulator/AppAuthCore.build/Objects-normal/arm64/e6072d4f65d7061329687fe24e3d63a7-common-args.resp
    
    builtin-ScanDependencies -o /Users/aleks/Library/Developer/Xcode/DerivedData/PlanItApp-gkehojshtcbfvhersqwajfujohau/Build/Intermediates.noindex/AppAuth.build/Debug-iphonesimulator/AppAuthCore.build/Objects-normal/arm64/OIDFieldMapping.o.scan -- /Applications/Xcode.app/Contents/Developer/Toolchains/XcodeDefault.xctoolchain/usr/bin/clang -x objective-c -ivfsstatcache /Users/aleks/Library/Developer/Xcode/DerivedData/SDKStatCaches.noindex/iphonesimulator18.5-22F76-d5fc8ad4295d2ef488fb7d0f804ce0c4.sdkstatcache -fmessage-length\=0 -fdiagnostics-show-note-include-stack -fmacro-backtrace-limit\=0 -fno-color-diagnostics -fmodules-prune-interval\=86400 -fmodules-prune-after\=345600 -fbuild-session-file\=/Users/aleks/Library/Developer/Xcode/DerivedData/ModuleCache.noindex/Session.modulevalidation -fmodules-validate-once-per-build-session -Wnon-modular-include-in-framework-module -Werror\=non-modular-include-in-framework-module -Wno-trigraphs -Wno-missing-field-initializers -Wno-missing-prototypes -Wno-return-type -Wno-implicit-atomic-properties -Wno-objc-interface-ivars -Wno-arc-repeated-use-of-weak -Wno-missing-braces -Wparentheses -Wswitch -Wno-unused-function -Wno-unused-label -Wno-unused-parameter -Wno-unused-variable -Wunused-value -Wno-empty-body -Wno-uninitialized -Wno-unknown-pragmas -w -Wno-shadow -Wno-four-char-constants -Wno-conversion -Wno-constant-conversion -Wno-int-conversion -Wno-bool-conversion -Wno-enum-conversion -Wno-float-conversion -Wno-non-literal-null-conversion -Wno-objc-literal-conversion -Wshorten-64-to-32 -Wpointer-sign -Wno-newline-eof -Wno-selector -Wno-strict-selector-match -Wno-undeclared-selector -Wno-deprecated-implementations -Wno-implicit-fallthrough -fstrict-aliasing -Wprotocol -Wdeprecated-declarations -Wno-sign-conversion -Wno-infinite-recursion -Wno-comma -Wno-block-capture-autoreleasing -Wno-strict-prototypes -Wno-semicolon-before-method-body -index-store-path /Users/aleks/Library/Developer/Xcode/DerivedData/PlanItApp-gkehojshtcbfvhersqwajfujohau/Index.noindex/DataStore @/Users/aleks/Library/Developer/Xcode/DerivedData/PlanItApp-gkehojshtcbfvhersqwajfujohau/Build/Intermediates.noindex/AppAuth.build/Debug-iphonesimulator/AppAuthCore.build/Objects-normal/arm64/e6072d4f65d7061329687fe24e3d63a7-common-args.resp -include /Users/aleks/Library/Developer/Xcode/DerivedData/PlanItApp-gkehojshtcbfvhersqwajfujohau/Build/Intermediates.noindex/AppAuth.build/Debug-iphonesimulator/AppAuthCore.build/DerivedSources/resource_bundle_accessor.h -MMD -MT dependencies -MF /Users/aleks/Library/Developer/Xcode/DerivedData/PlanItApp-gkehojshtcbfvhersqwajfujohau/Build/Intermediates.noindex/AppAuth.build/Debug-iphonesimulator/AppAuthCore.build/Objects-normal/arm64/OIDFieldMapping.d --serialize-diagnostics /Users/aleks/Library/Developer/Xcode/DerivedData/PlanItApp-gkehojshtcbfvhersqwajfujohau/Build/Intermediates.noindex/AppAuth.build/Debug-iphonesimulator/AppAuthCore.build/Objects-normal/arm64/OIDFieldMapping.dia -c /Users/aleks/Library/Developer/Xcode/DerivedData/PlanItApp-gkehojshtcbfvhersqwajfujohau/SourcePackages/checkouts/AppAuth-iOS/Sources/AppAuthCore/OIDFieldMapping.m -o /Users/aleks/Library/Developer/Xcode/DerivedData/PlanItApp-gkehojshtcbfvhersqwajfujohau/Build/Intermediates.noindex/AppAuth.build/Debug-iphonesimulator/AppAuthCore.build/Objects-normal/arm64/OIDFieldMapping.o -index-unit-output-path /AppAuth.build/Debug-iphonesimulator/AppAuthCore.build/Objects-normal/arm64/OIDFieldMapping.o

ScanDependencies /Users/aleks/Library/Developer/Xcode/DerivedData/PlanItApp-gkehojshtcbfvhersqwajfujohau/Build/Intermediates.noindex/AppAuth.build/Debug-iphonesimulator/AppAuthCore.build/Objects-normal/arm64/OIDErrorUtilities.o /Users/aleks/Library/Developer/Xcode/DerivedData/PlanItApp-gkehojshtcbfvhersqwajfujohau/SourcePackages/checkouts/AppAuth-iOS/Sources/AppAuthCore/OIDErrorUtilities.m normal arm64 objective-c com.apple.compilers.llvm.clang.1_0.compiler (in target 'AppAuthCore' from project 'AppAuth')
    cd /Users/aleks/Desktop/PlanItApp/PlanItApp.xcodeproj
    
    Using response file: /Users/aleks/Library/Developer/Xcode/DerivedData/PlanItApp-gkehojshtcbfvhersqwajfujohau/Build/Intermediates.noindex/AppAuth.build/Debug-iphonesimulator/AppAuthCore.build/Objects-normal/arm64/e6072d4f65d7061329687fe24e3d63a7-common-args.resp
    
    builtin-ScanDependencies -o /Users/aleks/Library/Developer/Xcode/DerivedData/PlanItApp-gkehojshtcbfvhersqwajfujohau/Build/Intermediates.noindex/AppAuth.build/Debug-iphonesimulator/AppAuthCore.build/Objects-normal/arm64/OIDErrorUtilities.o.scan -- /Applications/Xcode.app/Contents/Developer/Toolchains/XcodeDefault.xctoolchain/usr/bin/clang -x objective-c -ivfsstatcache /Users/aleks/Library/Developer/Xcode/DerivedData/SDKStatCaches.noindex/iphonesimulator18.5-22F76-d5fc8ad4295d2ef488fb7d0f804ce0c4.sdkstatcache -fmessage-length\=0 -fdiagnostics-show-note-include-stack -fmacro-backtrace-limit\=0 -fno-color-diagnostics -fmodules-prune-interval\=86400 -fmodules-prune-after\=345600 -fbuild-session-file\=/Users/aleks/Library/Developer/Xcode/DerivedData/ModuleCache.noindex/Session.modulevalidation -fmodules-validate-once-per-build-session -Wnon-modular-include-in-framework-module -Werror\=non-modular-include-in-framework-module -Wno-trigraphs -Wno-missing-field-initializers -Wno-missing-prototypes -Wno-return-type -Wno-implicit-atomic-properties -Wno-objc-interface-ivars -Wno-arc-repeated-use-of-weak -Wno-missing-braces -Wparentheses -Wswitch -Wno-unused-function -Wno-unused-label -Wno-unused-parameter -Wno-unused-variable -Wunused-value -Wno-empty-body -Wno-uninitialized -Wno-unknown-pragmas -w -Wno-shadow -Wno-four-char-constants -Wno-conversion -Wno-constant-conversion -Wno-int-conversion -Wno-bool-conversion -Wno-enum-conversion -Wno-float-conversion -Wno-non-literal-null-conversion -Wno-objc-literal-conversion -Wshorten-64-to-32 -Wpointer-sign -Wno-newline-eof -Wno-selector -Wno-strict-selector-match -Wno-undeclared-selector -Wno-deprecated-implementations -Wno-implicit-fallthrough -fstrict-aliasing -Wprotocol -Wdeprecated-declarations -Wno-sign-conversion -Wno-infinite-recursion -Wno-comma -Wno-block-capture-autoreleasing -Wno-strict-prototypes -Wno-semicolon-before-method-body -index-store-path /Users/aleks/Library/Developer/Xcode/DerivedData/PlanItApp-gkehojshtcbfvhersqwajfujohau/Index.noindex/DataStore @/Users/aleks/Library/Developer/Xcode/DerivedData/PlanItApp-gkehojshtcbfvhersqwajfujohau/Build/Intermediates.noindex/AppAuth.build/Debug-iphonesimulator/AppAuthCore.build/Objects-normal/arm64/e6072d4f65d7061329687fe24e3d63a7-common-args.resp -include /Users/aleks/Library/Developer/Xcode/DerivedData/PlanItApp-gkehojshtcbfvhersqwajfujohau/Build/Intermediates.noindex/AppAuth.build/Debug-iphonesimulator/AppAuthCore.build/DerivedSources/resource_bundle_accessor.h -MMD -MT dependencies -MF /Users/aleks/Library/Developer/Xcode/DerivedData/PlanItApp-gkehojshtcbfvhersqwajfujohau/Build/Intermediates.noindex/AppAuth.build/Debug-iphonesimulator/AppAuthCore.build/Objects-normal/arm64/OIDErrorUtilities.d --serialize-diagnostics /Users/aleks/Library/Developer/Xcode/DerivedData/PlanItApp-gkehojshtcbfvhersqwajfujohau/Build/Intermediates.noindex/AppAuth.build/Debug-iphonesimulator/AppAuthCore.build/Objects-normal/arm64/OIDErrorUtilities.dia -c /Users/aleks/Library/Developer/Xcode/DerivedData/PlanItApp-gkehojshtcbfvhersqwajfujohau/SourcePackages/checkouts/AppAuth-iOS/Sources/AppAuthCore/OIDErrorUtilities.m -o /Users/aleks/Library/Developer/Xcode/DerivedData/PlanItApp-gkehojshtcbfvhersqwajfujohau/Build/Intermediates.noindex/AppAuth.build/Debug-iphonesimulator/AppAuthCore.build/Objects-normal/arm64/OIDErrorUtilities.o -index-unit-output-path /AppAuth.build/Debug-iphonesimulator/AppAuthCore.build/Objects-normal/arm64/OIDErrorUtilities.o

ScanDependencies /Users/aleks/Library/Developer/Xcode/DerivedData/PlanItApp-gkehojshtcbfvhersqwajfujohau/Build/Intermediates.noindex/AppAuth.build/Debug-iphonesimulator/AppAuthCore.build/Objects-normal/arm64/OIDError.o /Users/aleks/Library/Developer/Xcode/DerivedData/PlanItApp-gkehojshtcbfvhersqwajfujohau/SourcePackages/checkouts/AppAuth-iOS/Sources/AppAuthCore/OIDError.m normal arm64 objective-c com.apple.compilers.llvm.clang.1_0.compiler (in target 'AppAuthCore' from project 'AppAuth')
    cd /Users/aleks/Desktop/PlanItApp/PlanItApp.xcodeproj
    
    Using response file: /Users/aleks/Library/Developer/Xcode/DerivedData/PlanItApp-gkehojshtcbfvhersqwajfujohau/Build/Intermediates.noindex/AppAuth.build/Debug-iphonesimulator/AppAuthCore.build/Objects-normal/arm64/e6072d4f65d7061329687fe24e3d63a7-common-args.resp
    
    builtin-ScanDependencies -o /Users/aleks/Library/Developer/Xcode/DerivedData/PlanItApp-gkehojshtcbfvhersqwajfujohau/Build/Intermediates.noindex/AppAuth.build/Debug-iphonesimulator/AppAuthCore.build/Objects-normal/arm64/OIDError.o.scan -- /Applications/Xcode.app/Contents/Developer/Toolchains/XcodeDefault.xctoolchain/usr/bin/clang -x objective-c -ivfsstatcache /Users/aleks/Library/Developer/Xcode/DerivedData/SDKStatCaches.noindex/iphonesimulator18.5-22F76-d5fc8ad4295d2ef488fb7d0f804ce0c4.sdkstatcache -fmessage-length\=0 -fdiagnostics-show-note-include-stack -fmacro-backtrace-limit\=0 -fno-color-diagnostics -fmodules-prune-interval\=86400 -fmodules-prune-after\=345600 -fbuild-session-file\=/Users/aleks/Library/Developer/Xcode/DerivedData/ModuleCache.noindex/Session.modulevalidation -fmodules-validate-once-per-build-session -Wnon-modular-include-in-framework-module -Werror\=non-modular-include-in-framework-module -Wno-trigraphs -Wno-missing-field-initializers -Wno-missing-prototypes -Wno-return-type -Wno-implicit-atomic-properties -Wno-objc-interface-ivars -Wno-arc-repeated-use-of-weak -Wno-missing-braces -Wparentheses -Wswitch -Wno-unused-function -Wno-unused-label -Wno-unused-parameter -Wno-unused-variable -Wunused-value -Wno-empty-body -Wno-uninitialized -Wno-unknown-pragmas -w -Wno-shadow -Wno-four-char-constants -Wno-conversion -Wno-constant-conversion -Wno-int-conversion -Wno-bool-conversion -Wno-enum-conversion -Wno-float-conversion -Wno-non-literal-null-conversion -Wno-objc-literal-conversion -Wshorten-64-to-32 -Wpointer-sign -Wno-newline-eof -Wno-selector -Wno-strict-selector-match -Wno-undeclared-selector -Wno-deprecated-implementations -Wno-implicit-fallthrough -fstrict-aliasing -Wprotocol -Wdeprecated-declarations -Wno-sign-conversion -Wno-infinite-recursion -Wno-comma -Wno-block-capture-autoreleasing -Wno-strict-prototypes -Wno-semicolon-before-method-body -index-store-path /Users/aleks/Library/Developer/Xcode/DerivedData/PlanItApp-gkehojshtcbfvhersqwajfujohau/Index.noindex/DataStore @/Users/aleks/Library/Developer/Xcode/DerivedData/PlanItApp-gkehojshtcbfvhersqwajfujohau/Build/Intermediates.noindex/AppAuth.build/Debug-iphonesimulator/AppAuthCore.build/Objects-normal/arm64/e6072d4f65d7061329687fe24e3d63a7-common-args.resp -include /Users/aleks/Library/Developer/Xcode/DerivedData/PlanItApp-gkehojshtcbfvhersqwajfujohau/Build/Intermediates.noindex/AppAuth.build/Debug-iphonesimulator/AppAuthCore.build/DerivedSources/resource_bundle_accessor.h -MMD -MT dependencies -MF /Users/aleks/Library/Developer/Xcode/DerivedData/PlanItApp-gkehojshtcbfvhersqwajfujohau/Build/Intermediates.noindex/AppAuth.build/Debug-iphonesimulator/AppAuthCore.build/Objects-normal/arm64/OIDError.d --serialize-diagnostics /Users/aleks/Library/Developer/Xcode/DerivedData/PlanItApp-gkehojshtcbfvhersqwajfujohau/Build/Intermediates.noindex/AppAuth.build/Debug-iphonesimulator/AppAuthCore.build/Objects-normal/arm64/OIDError.dia -c /Users/aleks/Library/Developer/Xcode/DerivedData/PlanItApp-gkehojshtcbfvhersqwajfujohau/SourcePackages/checkouts/AppAuth-iOS/Sources/AppAuthCore/OIDError.m -o /Users/aleks/Library/Developer/Xcode/DerivedData/PlanItApp-gkehojshtcbfvhersqwajfujohau/Build/Intermediates.noindex/AppAuth.build/Debug-iphonesimulator/AppAuthCore.build/Objects-normal/arm64/OIDError.o -index-unit-output-path /AppAuth.build/Debug-iphonesimulator/AppAuthCore.build/Objects-normal/arm64/OIDError.o

ScanDependencies /Users/aleks/Library/Developer/Xcode/DerivedData/PlanItApp-gkehojshtcbfvhersqwajfujohau/Build/Intermediates.noindex/AppAuth.build/Debug-iphonesimulator/AppAuthCore.build/Objects-normal/arm64/OIDEndSessionResponse.o /Users/aleks/Library/Developer/Xcode/DerivedData/PlanItApp-gkehojshtcbfvhersqwajfujohau/SourcePackages/checkouts/AppAuth-iOS/Sources/AppAuthCore/OIDEndSessionResponse.m normal arm64 objective-c com.apple.compilers.llvm.clang.1_0.compiler (in target 'AppAuthCore' from project 'AppAuth')
    cd /Users/aleks/Desktop/PlanItApp/PlanItApp.xcodeproj
    
    Using response file: /Users/aleks/Library/Developer/Xcode/DerivedData/PlanItApp-gkehojshtcbfvhersqwajfujohau/Build/Intermediates.noindex/AppAuth.build/Debug-iphonesimulator/AppAuthCore.build/Objects-normal/arm64/e6072d4f65d7061329687fe24e3d63a7-common-args.resp
    
    builtin-ScanDependencies -o /Users/aleks/Library/Developer/Xcode/DerivedData/PlanItApp-gkehojshtcbfvhersqwajfujohau/Build/Intermediates.noindex/AppAuth.build/Debug-iphonesimulator/AppAuthCore.build/Objects-normal/arm64/OIDEndSessionResponse.o.scan -- /Applications/Xcode.app/Contents/Developer/Toolchains/XcodeDefault.xctoolchain/usr/bin/clang -x objective-c -ivfsstatcache /Users/aleks/Library/Developer/Xcode/DerivedData/SDKStatCaches.noindex/iphonesimulator18.5-22F76-d5fc8ad4295d2ef488fb7d0f804ce0c4.sdkstatcache -fmessage-length\=0 -fdiagnostics-show-note-include-stack -fmacro-backtrace-limit\=0 -fno-color-diagnostics -fmodules-prune-interval\=86400 -fmodules-prune-after\=345600 -fbuild-session-file\=/Users/aleks/Library/Developer/Xcode/DerivedData/ModuleCache.noindex/Session.modulevalidation -fmodules-validate-once-per-build-session -Wnon-modular-include-in-framework-module -Werror\=non-modular-include-in-framework-module -Wno-trigraphs -Wno-missing-field-initializers -Wno-missing-prototypes -Wno-return-type -Wno-implicit-atomic-properties -Wno-objc-interface-ivars -Wno-arc-repeated-use-of-weak -Wno-missing-braces -Wparentheses -Wswitch -Wno-unused-function -Wno-unused-label -Wno-unused-parameter -Wno-unused-variable -Wunused-value -Wno-empty-body -Wno-uninitialized -Wno-unknown-pragmas -w -Wno-shadow -Wno-four-char-constants -Wno-conversion -Wno-constant-conversion -Wno-int-conversion -Wno-bool-conversion -Wno-enum-conversion -Wno-float-conversion -Wno-non-literal-null-conversion -Wno-objc-literal-conversion -Wshorten-64-to-32 -Wpointer-sign -Wno-newline-eof -Wno-selector -Wno-strict-selector-match -Wno-undeclared-selector -Wno-deprecated-implementations -Wno-implicit-fallthrough -fstrict-aliasing -Wprotocol -Wdeprecated-declarations -Wno-sign-conversion -Wno-infinite-recursion -Wno-comma -Wno-block-capture-autoreleasing -Wno-strict-prototypes -Wno-semicolon-before-method-body -index-store-path /Users/aleks/Library/Developer/Xcode/DerivedData/PlanItApp-gkehojshtcbfvhersqwajfujohau/Index.noindex/DataStore @/Users/aleks/Library/Developer/Xcode/DerivedData/PlanItApp-gkehojshtcbfvhersqwajfujohau/Build/Intermediates.noindex/AppAuth.build/Debug-iphonesimulator/AppAuthCore.build/Objects-normal/arm64/e6072d4f65d7061329687fe24e3d63a7-common-args.resp -include /Users/aleks/Library/Developer/Xcode/DerivedData/PlanItApp-gkehojshtcbfvhersqwajfujohau/Build/Intermediates.noindex/AppAuth.build/Debug-iphonesimulator/AppAuthCore.build/DerivedSources/resource_bundle_accessor.h -MMD -MT dependencies -MF /Users/aleks/Library/Developer/Xcode/DerivedData/PlanItApp-gkehojshtcbfvhersqwajfujohau/Build/Intermediates.noindex/AppAuth.build/Debug-iphonesimulator/AppAuthCore.build/Objects-normal/arm64/OIDEndSessionResponse.d --serialize-diagnostics /Users/aleks/Library/Developer/Xcode/DerivedData/PlanItApp-gkehojshtcbfvhersqwajfujohau/Build/Intermediates.noindex/AppAuth.build/Debug-iphonesimulator/AppAuthCore.build/Objects-normal/arm64/OIDEndSessionResponse.dia -c /Users/aleks/Library/Developer/Xcode/DerivedData/PlanItApp-gkehojshtcbfvhersqwajfujohau/SourcePackages/checkouts/AppAuth-iOS/Sources/AppAuthCore/OIDEndSessionResponse.m -o /Users/aleks/Library/Developer/Xcode/DerivedData/PlanItApp-gkehojshtcbfvhersqwajfujohau/Build/Intermediates.noindex/AppAuth.build/Debug-iphonesimulator/AppAuthCore.build/Objects-normal/arm64/OIDEndSessionResponse.o -index-unit-output-path /AppAuth.build/Debug-iphonesimulator/AppAuthCore.build/Objects-normal/arm64/OIDEndSessionResponse.o

ScanDependencies /Users/aleks/Library/Developer/Xcode/DerivedData/PlanItApp-gkehojshtcbfvhersqwajfujohau/Build/Intermediates.noindex/AppAuth.build/Debug-iphonesimulator/AppAuthCore.build/Objects-normal/arm64/OIDEndSessionRequest.o /Users/aleks/Library/Developer/Xcode/DerivedData/PlanItApp-gkehojshtcbfvhersqwajfujohau/SourcePackages/checkouts/AppAuth-iOS/Sources/AppAuthCore/OIDEndSessionRequest.m normal arm64 objective-c com.apple.compilers.llvm.clang.1_0.compiler (in target 'AppAuthCore' from project 'AppAuth')
    cd /Users/aleks/Desktop/PlanItApp/PlanItApp.xcodeproj
    
    Using response file: /Users/aleks/Library/Developer/Xcode/DerivedData/PlanItApp-gkehojshtcbfvhersqwajfujohau/Build/Intermediates.noindex/AppAuth.build/Debug-iphonesimulator/AppAuthCore.build/Objects-normal/arm64/e6072d4f65d7061329687fe24e3d63a7-common-args.resp
    
    builtin-ScanDependencies -o /Users/aleks/Library/Developer/Xcode/DerivedData/PlanItApp-gkehojshtcbfvhersqwajfujohau/Build/Intermediates.noindex/AppAuth.build/Debug-iphonesimulator/AppAuthCore.build/Objects-normal/arm64/OIDEndSessionRequest.o.scan -- /Applications/Xcode.app/Contents/Developer/Toolchains/XcodeDefault.xctoolchain/usr/bin/clang -x objective-c -ivfsstatcache /Users/aleks/Library/Developer/Xcode/DerivedData/SDKStatCaches.noindex/iphonesimulator18.5-22F76-d5fc8ad4295d2ef488fb7d0f804ce0c4.sdkstatcache -fmessage-length\=0 -fdiagnostics-show-note-include-stack -fmacro-backtrace-limit\=0 -fno-color-diagnostics -fmodules-prune-interval\=86400 -fmodules-prune-after\=345600 -fbuild-session-file\=/Users/aleks/Library/Developer/Xcode/DerivedData/ModuleCache.noindex/Session.modulevalidation -fmodules-validate-once-per-build-session -Wnon-modular-include-in-framework-module -Werror\=non-modular-include-in-framework-module -Wno-trigraphs -Wno-missing-field-initializers -Wno-missing-prototypes -Wno-return-type -Wno-implicit-atomic-properties -Wno-objc-interface-ivars -Wno-arc-repeated-use-of-weak -Wno-missing-braces -Wparentheses -Wswitch -Wno-unused-function -Wno-unused-label -Wno-unused-parameter -Wno-unused-variable -Wunused-value -Wno-empty-body -Wno-uninitialized -Wno-unknown-pragmas -w -Wno-shadow -Wno-four-char-constants -Wno-conversion -Wno-constant-conversion -Wno-int-conversion -Wno-bool-conversion -Wno-enum-conversion -Wno-float-conversion -Wno-non-literal-null-conversion -Wno-objc-literal-conversion -Wshorten-64-to-32 -Wpointer-sign -Wno-newline-eof -Wno-selector -Wno-strict-selector-match -Wno-undeclared-selector -Wno-deprecated-implementations -Wno-implicit-fallthrough -fstrict-aliasing -Wprotocol -Wdeprecated-declarations -Wno-sign-conversion -Wno-infinite-recursion -Wno-comma -Wno-block-capture-autoreleasing -Wno-strict-prototypes -Wno-semicolon-before-method-body -index-store-path /Users/aleks/Library/Developer/Xcode/DerivedData/PlanItApp-gkehojshtcbfvhersqwajfujohau/Index.noindex/DataStore @/Users/aleks/Library/Developer/Xcode/DerivedData/PlanItApp-gkehojshtcbfvhersqwajfujohau/Build/Intermediates.noindex/AppAuth.build/Debug-iphonesimulator/AppAuthCore.build/Objects-normal/arm64/e6072d4f65d7061329687fe24e3d63a7-common-args.resp -include /Users/aleks/Library/Developer/Xcode/DerivedData/PlanItApp-gkehojshtcbfvhersqwajfujohau/Build/Intermediates.noindex/AppAuth.build/Debug-iphonesimulator/AppAuthCore.build/DerivedSources/resource_bundle_accessor.h -MMD -MT dependencies -MF /Users/aleks/Library/Developer/Xcode/DerivedData/PlanItApp-gkehojshtcbfvhersqwajfujohau/Build/Intermediates.noindex/AppAuth.build/Debug-iphonesimulator/AppAuthCore.build/Objects-normal/arm64/OIDEndSessionRequest.d --serialize-diagnostics /Users/aleks/Library/Developer/Xcode/DerivedData/PlanItApp-gkehojshtcbfvhersqwajfujohau/Build/Intermediates.noindex/AppAuth.build/Debug-iphonesimulator/AppAuthCore.build/Objects-normal/arm64/OIDEndSessionRequest.dia -c /Users/aleks/Library/Developer/Xcode/DerivedData/PlanItApp-gkehojshtcbfvhersqwajfujohau/SourcePackages/checkouts/AppAuth-iOS/Sources/AppAuthCore/OIDEndSessionRequest.m -o /Users/aleks/Library/Developer/Xcode/DerivedData/PlanItApp-gkehojshtcbfvhersqwajfujohau/Build/Intermediates.noindex/AppAuth.build/Debug-iphonesimulator/AppAuthCore.build/Objects-normal/arm64/OIDEndSessionRequest.o -index-unit-output-path /AppAuth.build/Debug-iphonesimulator/AppAuthCore.build/Objects-normal/arm64/OIDEndSessionRequest.o

ScanDependencies /Users/aleks/Library/Developer/Xcode/DerivedData/PlanItApp-gkehojshtcbfvhersqwajfujohau/Build/Intermediates.noindex/AppAuth.build/Debug-iphonesimulator/AppAuthCore.build/Objects-normal/arm64/OIDClientMetadataParameters.o /Users/aleks/Library/Developer/Xcode/DerivedData/PlanItApp-gkehojshtcbfvhersqwajfujohau/SourcePackages/checkouts/AppAuth-iOS/Sources/AppAuthCore/OIDClientMetadataParameters.m normal arm64 objective-c com.apple.compilers.llvm.clang.1_0.compiler (in target 'AppAuthCore' from project 'AppAuth')
    cd /Users/aleks/Desktop/PlanItApp/PlanItApp.xcodeproj
    
    Using response file: /Users/aleks/Library/Developer/Xcode/DerivedData/PlanItApp-gkehojshtcbfvhersqwajfujohau/Build/Intermediates.noindex/AppAuth.build/Debug-iphonesimulator/AppAuthCore.build/Objects-normal/arm64/e6072d4f65d7061329687fe24e3d63a7-common-args.resp
    
    builtin-ScanDependencies -o /Users/aleks/Library/Developer/Xcode/DerivedData/PlanItApp-gkehojshtcbfvhersqwajfujohau/Build/Intermediates.noindex/AppAuth.build/Debug-iphonesimulator/AppAuthCore.build/Objects-normal/arm64/OIDClientMetadataParameters.o.scan -- /Applications/Xcode.app/Contents/Developer/Toolchains/XcodeDefault.xctoolchain/usr/bin/clang -x objective-c -ivfsstatcache /Users/aleks/Library/Developer/Xcode/DerivedData/SDKStatCaches.noindex/iphonesimulator18.5-22F76-d5fc8ad4295d2ef488fb7d0f804ce0c4.sdkstatcache -fmessage-length\=0 -fdiagnostics-show-note-include-stack -fmacro-backtrace-limit\=0 -fno-color-diagnostics -fmodules-prune-interval\=86400 -fmodules-prune-after\=345600 -fbuild-session-file\=/Users/aleks/Library/Developer/Xcode/DerivedData/ModuleCache.noindex/Session.modulevalidation -fmodules-validate-once-per-build-session -Wnon-modular-include-in-framework-module -Werror\=non-modular-include-in-framework-module -Wno-trigraphs -Wno-missing-field-initializers -Wno-missing-prototypes -Wno-return-type -Wno-implicit-atomic-properties -Wno-objc-interface-ivars -Wno-arc-repeated-use-of-weak -Wno-missing-braces -Wparentheses -Wswitch -Wno-unused-function -Wno-unused-label -Wno-unused-parameter -Wno-unused-variable -Wunused-value -Wno-empty-body -Wno-uninitialized -Wno-unknown-pragmas -w -Wno-shadow -Wno-four-char-constants -Wno-conversion -Wno-constant-conversion -Wno-int-conversion -Wno-bool-conversion -Wno-enum-conversion -Wno-float-conversion -Wno-non-literal-null-conversion -Wno-objc-literal-conversion -Wshorten-64-to-32 -Wpointer-sign -Wno-newline-eof -Wno-selector -Wno-strict-selector-match -Wno-undeclared-selector -Wno-deprecated-implementations -Wno-implicit-fallthrough -fstrict-aliasing -Wprotocol -Wdeprecated-declarations -Wno-sign-conversion -Wno-infinite-recursion -Wno-comma -Wno-block-capture-autoreleasing -Wno-strict-prototypes -Wno-semicolon-before-method-body -index-store-path /Users/aleks/Library/Developer/Xcode/DerivedData/PlanItApp-gkehojshtcbfvhersqwajfujohau/Index.noindex/DataStore @/Users/aleks/Library/Developer/Xcode/DerivedData/PlanItApp-gkehojshtcbfvhersqwajfujohau/Build/Intermediates.noindex/AppAuth.build/Debug-iphonesimulator/AppAuthCore.build/Objects-normal/arm64/e6072d4f65d7061329687fe24e3d63a7-common-args.resp -include /Users/aleks/Library/Developer/Xcode/DerivedData/PlanItApp-gkehojshtcbfvhersqwajfujohau/Build/Intermediates.noindex/AppAuth.build/Debug-iphonesimulator/AppAuthCore.build/DerivedSources/resource_bundle_accessor.h -MMD -MT dependencies -MF /Users/aleks/Library/Developer/Xcode/DerivedData/PlanItApp-gkehojshtcbfvhersqwajfujohau/Build/Intermediates.noindex/AppAuth.build/Debug-iphonesimulator/AppAuthCore.build/Objects-normal/arm64/OIDClientMetadataParameters.d --serialize-diagnostics /Users/aleks/Library/Developer/Xcode/DerivedData/PlanItApp-gkehojshtcbfvhersqwajfujohau/Build/Intermediates.noindex/AppAuth.build/Debug-iphonesimulator/AppAuthCore.build/Objects-normal/arm64/OIDClientMetadataParameters.dia -c /Users/aleks/Library/Developer/Xcode/DerivedData/PlanItApp-gkehojshtcbfvhersqwajfujohau/SourcePackages/checkouts/AppAuth-iOS/Sources/AppAuthCore/OIDClientMetadataParameters.m -o /Users/aleks/Library/Developer/Xcode/DerivedData/PlanItApp-gkehojshtcbfvhersqwajfujohau/Build/Intermediates.noindex/AppAuth.build/Debug-iphonesimulator/AppAuthCore.build/Objects-normal/arm64/OIDClientMetadataParameters.o -index-unit-output-path /AppAuth.build/Debug-iphonesimulator/AppAuthCore.build/Objects-normal/arm64/OIDClientMetadataParameters.o

ScanDependencies /Users/aleks/Library/Developer/Xcode/DerivedData/PlanItApp-gkehojshtcbfvhersqwajfujohau/Build/Intermediates.noindex/AppAuth.build/Debug-iphonesimulator/AppAuthCore.build/Objects-normal/arm64/OIDAuthorizationService.o /Users/aleks/Library/Developer/Xcode/DerivedData/PlanItApp-gkehojshtcbfvhersqwajfujohau/SourcePackages/checkouts/AppAuth-iOS/Sources/AppAuthCore/OIDAuthorizationService.m normal arm64 objective-c com.apple.compilers.llvm.clang.1_0.compiler (in target 'AppAuthCore' from project 'AppAuth')
    cd /Users/aleks/Desktop/PlanItApp/PlanItApp.xcodeproj
    
    Using response file: /Users/aleks/Library/Developer/Xcode/DerivedData/PlanItApp-gkehojshtcbfvhersqwajfujohau/Build/Intermediates.noindex/AppAuth.build/Debug-iphonesimulator/AppAuthCore.build/Objects-normal/arm64/e6072d4f65d7061329687fe24e3d63a7-common-args.resp
    
    builtin-ScanDependencies -o /Users/aleks/Library/Developer/Xcode/DerivedData/PlanItApp-gkehojshtcbfvhersqwajfujohau/Build/Intermediates.noindex/AppAuth.build/Debug-iphonesimulator/AppAuthCore.build/Objects-normal/arm64/OIDAuthorizationService.o.scan -- /Applications/Xcode.app/Contents/Developer/Toolchains/XcodeDefault.xctoolchain/usr/bin/clang -x objective-c -ivfsstatcache /Users/aleks/Library/Developer/Xcode/DerivedData/SDKStatCaches.noindex/iphonesimulator18.5-22F76-d5fc8ad4295d2ef488fb7d0f804ce0c4.sdkstatcache -fmessage-length\=0 -fdiagnostics-show-note-include-stack -fmacro-backtrace-limit\=0 -fno-color-diagnostics -fmodules-prune-interval\=86400 -fmodules-prune-after\=345600 -fbuild-session-file\=/Users/aleks/Library/Developer/Xcode/DerivedData/ModuleCache.noindex/Session.modulevalidation -fmodules-validate-once-per-build-session -Wnon-modular-include-in-framework-module -Werror\=non-modular-include-in-framework-module -Wno-trigraphs -Wno-missing-field-initializers -Wno-missing-prototypes -Wno-return-type -Wno-implicit-atomic-properties -Wno-objc-interface-ivars -Wno-arc-repeated-use-of-weak -Wno-missing-braces -Wparentheses -Wswitch -Wno-unused-function -Wno-unused-label -Wno-unused-parameter -Wno-unused-variable -Wunused-value -Wno-empty-body -Wno-uninitialized -Wno-unknown-pragmas -w -Wno-shadow -Wno-four-char-constants -Wno-conversion -Wno-constant-conversion -Wno-int-conversion -Wno-bool-conversion -Wno-enum-conversion -Wno-float-conversion -Wno-non-literal-null-conversion -Wno-objc-literal-conversion -Wshorten-64-to-32 -Wpointer-sign -Wno-newline-eof -Wno-selector -Wno-strict-selector-match -Wno-undeclared-selector -Wno-deprecated-implementations -Wno-implicit-fallthrough -fstrict-aliasing -Wprotocol -Wdeprecated-declarations -Wno-sign-conversion -Wno-infinite-recursion -Wno-comma -Wno-block-capture-autoreleasing -Wno-strict-prototypes -Wno-semicolon-before-method-body -index-store-path /Users/aleks/Library/Developer/Xcode/DerivedData/PlanItApp-gkehojshtcbfvhersqwajfujohau/Index.noindex/DataStore @/Users/aleks/Library/Developer/Xcode/DerivedData/PlanItApp-gkehojshtcbfvhersqwajfujohau/Build/Intermediates.noindex/AppAuth.build/Debug-iphonesimulator/AppAuthCore.build/Objects-normal/arm64/e6072d4f65d7061329687fe24e3d63a7-common-args.resp -include /Users/aleks/Library/Developer/Xcode/DerivedData/PlanItApp-gkehojshtcbfvhersqwajfujohau/Build/Intermediates.noindex/AppAuth.build/Debug-iphonesimulator/AppAuthCore.build/DerivedSources/resource_bundle_accessor.h -MMD -MT dependencies -MF /Users/aleks/Library/Developer/Xcode/DerivedData/PlanItApp-gkehojshtcbfvhersqwajfujohau/Build/Intermediates.noindex/AppAuth.build/Debug-iphonesimulator/AppAuthCore.build/Objects-normal/arm64/OIDAuthorizationService.d --serialize-diagnostics /Users/aleks/Library/Developer/Xcode/DerivedData/PlanItApp-gkehojshtcbfvhersqwajfujohau/Build/Intermediates.noindex/AppAuth.build/Debug-iphonesimulator/AppAuthCore.build/Objects-normal/arm64/OIDAuthorizationService.dia -c /Users/aleks/Library/Developer/Xcode/DerivedData/PlanItApp-gkehojshtcbfvhersqwajfujohau/SourcePackages/checkouts/AppAuth-iOS/Sources/AppAuthCore/OIDAuthorizationService.m -o /Users/aleks/Library/Developer/Xcode/DerivedData/PlanItApp-gkehojshtcbfvhersqwajfujohau/Build/Intermediates.noindex/AppAuth.build/Debug-iphonesimulator/AppAuthCore.build/Objects-normal/arm64/OIDAuthorizationService.o -index-unit-output-path /AppAuth.build/Debug-iphonesimulator/AppAuthCore.build/Objects-normal/arm64/OIDAuthorizationService.o

ScanDependencies /Users/aleks/Library/Developer/Xcode/DerivedData/PlanItApp-gkehojshtcbfvhersqwajfujohau/Build/Intermediates.noindex/AppAuth.build/Debug-iphonesimulator/AppAuthCore.build/Objects-normal/arm64/OIDAuthorizationResponse.o /Users/aleks/Library/Developer/Xcode/DerivedData/PlanItApp-gkehojshtcbfvhersqwajfujohau/SourcePackages/checkouts/AppAuth-iOS/Sources/AppAuthCore/OIDAuthorizationResponse.m normal arm64 objective-c com.apple.compilers.llvm.clang.1_0.compiler (in target 'AppAuthCore' from project 'AppAuth')
    cd /Users/aleks/Desktop/PlanItApp/PlanItApp.xcodeproj
    
    Using response file: /Users/aleks/Library/Developer/Xcode/DerivedData/PlanItApp-gkehojshtcbfvhersqwajfujohau/Build/Intermediates.noindex/AppAuth.build/Debug-iphonesimulator/AppAuthCore.build/Objects-normal/arm64/e6072d4f65d7061329687fe24e3d63a7-common-args.resp
    
    builtin-ScanDependencies -o /Users/aleks/Library/Developer/Xcode/DerivedData/PlanItApp-gkehojshtcbfvhersqwajfujohau/Build/Intermediates.noindex/AppAuth.build/Debug-iphonesimulator/AppAuthCore.build/Objects-normal/arm64/OIDAuthorizationResponse.o.scan -- /Applications/Xcode.app/Contents/Developer/Toolchains/XcodeDefault.xctoolchain/usr/bin/clang -x objective-c -ivfsstatcache /Users/aleks/Library/Developer/Xcode/DerivedData/SDKStatCaches.noindex/iphonesimulator18.5-22F76-d5fc8ad4295d2ef488fb7d0f804ce0c4.sdkstatcache -fmessage-length\=0 -fdiagnostics-show-note-include-stack -fmacro-backtrace-limit\=0 -fno-color-diagnostics -fmodules-prune-interval\=86400 -fmodules-prune-after\=345600 -fbuild-session-file\=/Users/aleks/Library/Developer/Xcode/DerivedData/ModuleCache.noindex/Session.modulevalidation -fmodules-validate-once-per-build-session -Wnon-modular-include-in-framework-module -Werror\=non-modular-include-in-framework-module -Wno-trigraphs -Wno-missing-field-initializers -Wno-missing-prototypes -Wno-return-type -Wno-implicit-atomic-properties -Wno-objc-interface-ivars -Wno-arc-repeated-use-of-weak -Wno-missing-braces -Wparentheses -Wswitch -Wno-unused-function -Wno-unused-label -Wno-unused-parameter -Wno-unused-variable -Wunused-value -Wno-empty-body -Wno-uninitialized -Wno-unknown-pragmas -w -Wno-shadow -Wno-four-char-constants -Wno-conversion -Wno-constant-conversion -Wno-int-conversion -Wno-bool-conversion -Wno-enum-conversion -Wno-float-conversion -Wno-non-literal-null-conversion -Wno-objc-literal-conversion -Wshorten-64-to-32 -Wpointer-sign -Wno-newline-eof -Wno-selector -Wno-strict-selector-match -Wno-undeclared-selector -Wno-deprecated-implementations -Wno-implicit-fallthrough -fstrict-aliasing -Wprotocol -Wdeprecated-declarations -Wno-sign-conversion -Wno-infinite-recursion -Wno-comma -Wno-block-capture-autoreleasing -Wno-strict-prototypes -Wno-semicolon-before-method-body -index-store-path /Users/aleks/Library/Developer/Xcode/DerivedData/PlanItApp-gkehojshtcbfvhersqwajfujohau/Index.noindex/DataStore @/Users/aleks/Library/Developer/Xcode/DerivedData/PlanItApp-gkehojshtcbfvhersqwajfujohau/Build/Intermediates.noindex/AppAuth.build/Debug-iphonesimulator/AppAuthCore.build/Objects-normal/arm64/e6072d4f65d7061329687fe24e3d63a7-common-args.resp -include /Users/aleks/Library/Developer/Xcode/DerivedData/PlanItApp-gkehojshtcbfvhersqwajfujohau/Build/Intermediates.noindex/AppAuth.build/Debug-iphonesimulator/AppAuthCore.build/DerivedSources/resource_bundle_accessor.h -MMD -MT dependencies -MF /Users/aleks/Library/Developer/Xcode/DerivedData/PlanItApp-gkehojshtcbfvhersqwajfujohau/Build/Intermediates.noindex/AppAuth.build/Debug-iphonesimulator/AppAuthCore.build/Objects-normal/arm64/OIDAuthorizationResponse.d --serialize-diagnostics /Users/aleks/Library/Developer/Xcode/DerivedData/PlanItApp-gkehojshtcbfvhersqwajfujohau/Build/Intermediates.noindex/AppAuth.build/Debug-iphonesimulator/AppAuthCore.build/Objects-normal/arm64/OIDAuthorizationResponse.dia -c /Users/aleks/Library/Developer/Xcode/DerivedData/PlanItApp-gkehojshtcbfvhersqwajfujohau/SourcePackages/checkouts/AppAuth-iOS/Sources/AppAuthCore/OIDAuthorizationResponse.m -o /Users/aleks/Library/Developer/Xcode/DerivedData/PlanItApp-gkehojshtcbfvhersqwajfujohau/Build/Intermediates.noindex/AppAuth.build/Debug-iphonesimulator/AppAuthCore.build/Objects-normal/arm64/OIDAuthorizationResponse.o -index-unit-output-path /AppAuth.build/Debug-iphonesimulator/AppAuthCore.build/Objects-normal/arm64/OIDAuthorizationResponse.o

CompileC /Users/aleks/Library/Developer/Xcode/DerivedData/PlanItApp-gkehojshtcbfvhersqwajfujohau/Build/Intermediates.noindex/GoogleUtilities.build/Debug-iphonesimulator/GoogleUtilities-NSData.build/Objects-normal/arm64/resource_bundle_accessor.o /Users/aleks/Library/Developer/Xcode/DerivedData/PlanItApp-gkehojshtcbfvhersqwajfujohau/Build/Intermediates.noindex/GoogleUtilities.build/Debug-iphonesimulator/GoogleUtilities-NSData.build/DerivedSources/resource_bundle_accessor.m normal arm64 objective-c com.apple.compilers.llvm.clang.1_0.compiler (in target 'GoogleUtilities-NSData' from project 'GoogleUtilities')
    cd /Users/aleks/Desktop/PlanItApp/PlanItApp.xcodeproj
    
    Using response file: /Users/aleks/Library/Developer/Xcode/DerivedData/PlanItApp-gkehojshtcbfvhersqwajfujohau/Build/Intermediates.noindex/GoogleUtilities.build/Debug-iphonesimulator/GoogleUtilities-NSData.build/Objects-normal/arm64/e6072d4f65d7061329687fe24e3d63a7-common-args.resp
    
    /Applications/Xcode.app/Contents/Developer/Toolchains/XcodeDefault.xctoolchain/usr/bin/clang -x objective-c -ivfsstatcache /Users/aleks/Library/Developer/Xcode/DerivedData/SDKStatCaches.noindex/iphonesimulator18.5-22F76-d5fc8ad4295d2ef488fb7d0f804ce0c4.sdkstatcache -fmessage-length\=0 -fdiagnostics-show-note-include-stack -fmacro-backtrace-limit\=0 -fno-color-diagnostics -fmodules-prune-interval\=86400 -fmodules-prune-after\=345600 -fbuild-session-file\=/Users/aleks/Library/Developer/Xcode/DerivedData/ModuleCache.noindex/Session.modulevalidation -fmodules-validate-once-per-build-session -Wnon-modular-include-in-framework-module -Werror\=non-modular-include-in-framework-module -Wno-trigraphs -Wno-missing-field-initializers -Wno-missing-prototypes -Wno-return-type -Wno-implicit-atomic-properties -Wno-objc-interface-ivars -Wno-arc-repeated-use-of-weak -Wno-missing-braces -Wparentheses -Wswitch -Wno-unused-function -Wno-unused-label -Wno-unused-parameter -Wno-unused-variable -Wunused-value -Wno-empty-body -Wno-uninitialized -Wno-unknown-pragmas -w -Wno-shadow -Wno-four-char-constants -Wno-conversion -Wno-constant-conversion -Wno-int-conversion -Wno-bool-conversion -Wno-enum-conversion -Wno-float-conversion -Wno-non-literal-null-conversion -Wno-objc-literal-conversion -Wshorten-64-to-32 -Wpointer-sign -Wno-newline-eof -Wno-selector -Wno-strict-selector-match -Wno-undeclared-selector -Wno-deprecated-implementations -Wno-implicit-fallthrough -fstrict-aliasing -Wprotocol -Wdeprecated-declarations -Wno-sign-conversion -Wno-infinite-recursion -Wno-comma -Wno-block-capture-autoreleasing -Wno-strict-prototypes -Wno-semicolon-before-method-body -index-store-path /Users/aleks/Library/Developer/Xcode/DerivedData/PlanItApp-gkehojshtcbfvhersqwajfujohau/Index.noindex/DataStore @/Users/aleks/Library/Developer/Xcode/DerivedData/PlanItApp-gkehojshtcbfvhersqwajfujohau/Build/Intermediates.noindex/GoogleUtilities.build/Debug-iphonesimulator/GoogleUtilities-NSData.build/Objects-normal/arm64/e6072d4f65d7061329687fe24e3d63a7-common-args.resp -include /Users/aleks/Library/Developer/Xcode/DerivedData/PlanItApp-gkehojshtcbfvhersqwajfujohau/Build/Intermediates.noindex/GoogleUtilities.build/Debug-iphonesimulator/GoogleUtilities-NSData.build/DerivedSources/resource_bundle_accessor.h -MMD -MT dependencies -MF /Users/aleks/Library/Developer/Xcode/DerivedData/PlanItApp-gkehojshtcbfvhersqwajfujohau/Build/Intermediates.noindex/GoogleUtilities.build/Debug-iphonesimulator/GoogleUtilities-NSData.build/Objects-normal/arm64/resource_bundle_accessor.d --serialize-diagnostics /Users/aleks/Library/Developer/Xcode/DerivedData/PlanItApp-gkehojshtcbfvhersqwajfujohau/Build/Intermediates.noindex/GoogleUtilities.build/Debug-iphonesimulator/GoogleUtilities-NSData.build/Objects-normal/arm64/resource_bundle_accessor.dia -c /Users/aleks/Library/Developer/Xcode/DerivedData/PlanItApp-gkehojshtcbfvhersqwajfujohau/Build/Intermediates.noindex/GoogleUtilities.build/Debug-iphonesimulator/GoogleUtilities-NSData.build/DerivedSources/resource_bundle_accessor.m -o /Users/aleks/Library/Developer/Xcode/DerivedData/PlanItApp-gkehojshtcbfvhersqwajfujohau/Build/Intermediates.noindex/GoogleUtilities.build/Debug-iphonesimulator/GoogleUtilities-NSData.build/Objects-normal/arm64/resource_bundle_accessor.o -index-unit-output-path /GoogleUtilities.build/Debug-iphonesimulator/GoogleUtilities-NSData.build/Objects-normal/arm64/resource_bundle_accessor.o

CompileC /Users/aleks/Library/Developer/Xcode/DerivedData/PlanItApp-gkehojshtcbfvhersqwajfujohau/Build/Intermediates.noindex/GoogleUtilities.build/Debug-iphonesimulator/GoogleUtilities-NSData.build/Objects-normal/arm64/GULNSData+zlib.o /Users/aleks/Library/Developer/Xcode/DerivedData/PlanItApp-gkehojshtcbfvhersqwajfujohau/SourcePackages/checkouts/GoogleUtilities/GoogleUtilities/NSData+zlib/GULNSData+zlib.m normal arm64 objective-c com.apple.compilers.llvm.clang.1_0.compiler (in target 'GoogleUtilities-NSData' from project 'GoogleUtilities')
    cd /Users/aleks/Desktop/PlanItApp/PlanItApp.xcodeproj
    
    Using response file: /Users/aleks/Library/Developer/Xcode/DerivedData/PlanItApp-gkehojshtcbfvhersqwajfujohau/Build/Intermediates.noindex/GoogleUtilities.build/Debug-iphonesimulator/GoogleUtilities-NSData.build/Objects-normal/arm64/e6072d4f65d7061329687fe24e3d63a7-common-args.resp
    
    /Applications/Xcode.app/Contents/Developer/Toolchains/XcodeDefault.xctoolchain/usr/bin/clang -x objective-c -ivfsstatcache /Users/aleks/Library/Developer/Xcode/DerivedData/SDKStatCaches.noindex/iphonesimulator18.5-22F76-d5fc8ad4295d2ef488fb7d0f804ce0c4.sdkstatcache -fmessage-length\=0 -fdiagnostics-show-note-include-stack -fmacro-backtrace-limit\=0 -fno-color-diagnostics -fmodules-prune-interval\=86400 -fmodules-prune-after\=345600 -fbuild-session-file\=/Users/aleks/Library/Developer/Xcode/DerivedData/ModuleCache.noindex/Session.modulevalidation -fmodules-validate-once-per-build-session -Wnon-modular-include-in-framework-module -Werror\=non-modular-include-in-framework-module -Wno-trigraphs -Wno-missing-field-initializers -Wno-missing-prototypes -Wno-return-type -Wno-implicit-atomic-properties -Wno-objc-interface-ivars -Wno-arc-repeated-use-of-weak -Wno-missing-braces -Wparentheses -Wswitch -Wno-unused-function -Wno-unused-label -Wno-unused-parameter -Wno-unused-variable -Wunused-value -Wno-empty-body -Wno-uninitialized -Wno-unknown-pragmas -w -Wno-shadow -Wno-four-char-constants -Wno-conversion -Wno-constant-conversion -Wno-int-conversion -Wno-bool-conversion -Wno-enum-conversion -Wno-float-conversion -Wno-non-literal-null-conversion -Wno-objc-literal-conversion -Wshorten-64-to-32 -Wpointer-sign -Wno-newline-eof -Wno-selector -Wno-strict-selector-match -Wno-undeclared-selector -Wno-deprecated-implementations -Wno-implicit-fallthrough -fstrict-aliasing -Wprotocol -Wdeprecated-declarations -Wno-sign-conversion -Wno-infinite-recursion -Wno-comma -Wno-block-capture-autoreleasing -Wno-strict-prototypes -Wno-semicolon-before-method-body -index-store-path /Users/aleks/Library/Developer/Xcode/DerivedData/PlanItApp-gkehojshtcbfvhersqwajfujohau/Index.noindex/DataStore @/Users/aleks/Library/Developer/Xcode/DerivedData/PlanItApp-gkehojshtcbfvhersqwajfujohau/Build/Intermediates.noindex/GoogleUtilities.build/Debug-iphonesimulator/GoogleUtilities-NSData.build/Objects-normal/arm64/e6072d4f65d7061329687fe24e3d63a7-common-args.resp -include /Users/aleks/Library/Developer/Xcode/DerivedData/PlanItApp-gkehojshtcbfvhersqwajfujohau/Build/Intermediates.noindex/GoogleUtilities.build/Debug-iphonesimulator/GoogleUtilities-NSData.build/DerivedSources/resource_bundle_accessor.h -MMD -MT dependencies -MF /Users/aleks/Library/Developer/Xcode/DerivedData/PlanItApp-gkehojshtcbfvhersqwajfujohau/Build/Intermediates.noindex/GoogleUtilities.build/Debug-iphonesimulator/GoogleUtilities-NSData.build/Objects-normal/arm64/GULNSData+zlib.d --serialize-diagnostics /Users/aleks/Library/Developer/Xcode/DerivedData/PlanItApp-gkehojshtcbfvhersqwajfujohau/Build/Intermediates.noindex/GoogleUtilities.build/Debug-iphonesimulator/GoogleUtilities-NSData.build/Objects-normal/arm64/GULNSData+zlib.dia -c /Users/aleks/Library/Developer/Xcode/DerivedData/PlanItApp-gkehojshtcbfvhersqwajfujohau/SourcePackages/checkouts/GoogleUtilities/GoogleUtilities/NSData+zlib/GULNSData+zlib.m -o /Users/aleks/Library/Developer/Xcode/DerivedData/PlanItApp-gkehojshtcbfvhersqwajfujohau/Build/Intermediates.noindex/GoogleUtilities.build/Debug-iphonesimulator/GoogleUtilities-NSData.build/Objects-normal/arm64/GULNSData+zlib.o -index-unit-output-path /GoogleUtilities.build/Debug-iphonesimulator/GoogleUtilities-NSData.build/Objects-normal/arm64/GULNSData+zlib.o

CompileC /Users/aleks/Library/Developer/Xcode/DerivedData/PlanItApp-gkehojshtcbfvhersqwajfujohau/Build/Intermediates.noindex/GoogleUtilities.build/Debug-iphonesimulator/GoogleUtilities-Environment.build/Objects-normal/arm64/resource_bundle_accessor.o /Users/aleks/Library/Developer/Xcode/DerivedData/PlanItApp-gkehojshtcbfvhersqwajfujohau/Build/Intermediates.noindex/GoogleUtilities.build/Debug-iphonesimulator/GoogleUtilities-Environment.build/DerivedSources/resource_bundle_accessor.m normal arm64 objective-c com.apple.compilers.llvm.clang.1_0.compiler (in target 'GoogleUtilities-Environment' from project 'GoogleUtilities')
    cd /Users/aleks/Desktop/PlanItApp/PlanItApp.xcodeproj
    
    Using response file: /Users/aleks/Library/Developer/Xcode/DerivedData/PlanItApp-gkehojshtcbfvhersqwajfujohau/Build/Intermediates.noindex/GoogleUtilities.build/Debug-iphonesimulator/GoogleUtilities-Environment.build/Objects-normal/arm64/e6072d4f65d7061329687fe24e3d63a7-common-args.resp
    
    /Applications/Xcode.app/Contents/Developer/Toolchains/XcodeDefault.xctoolchain/usr/bin/clang -x objective-c -ivfsstatcache /Users/aleks/Library/Developer/Xcode/DerivedData/SDKStatCaches.noindex/iphonesimulator18.5-22F76-d5fc8ad4295d2ef488fb7d0f804ce0c4.sdkstatcache -fmessage-length\=0 -fdiagnostics-show-note-include-stack -fmacro-backtrace-limit\=0 -fno-color-diagnostics -fmodules-prune-interval\=86400 -fmodules-prune-after\=345600 -fbuild-session-file\=/Users/aleks/Library/Developer/Xcode/DerivedData/ModuleCache.noindex/Session.modulevalidation -fmodules-validate-once-per-build-session -Wnon-modular-include-in-framework-module -Werror\=non-modular-include-in-framework-module -Wno-trigraphs -Wno-missing-field-initializers -Wno-missing-prototypes -Wno-return-type -Wno-implicit-atomic-properties -Wno-objc-interface-ivars -Wno-arc-repeated-use-of-weak -Wno-missing-braces -Wparentheses -Wswitch -Wno-unused-function -Wno-unused-label -Wno-unused-parameter -Wno-unused-variable -Wunused-value -Wno-empty-body -Wno-uninitialized -Wno-unknown-pragmas -w -Wno-shadow -Wno-four-char-constants -Wno-conversion -Wno-constant-conversion -Wno-int-conversion -Wno-bool-conversion -Wno-enum-conversion -Wno-float-conversion -Wno-non-literal-null-conversion -Wno-objc-literal-conversion -Wshorten-64-to-32 -Wpointer-sign -Wno-newline-eof -Wno-selector -Wno-strict-selector-match -Wno-undeclared-selector -Wno-deprecated-implementations -Wno-implicit-fallthrough -fstrict-aliasing -Wprotocol -Wdeprecated-declarations -Wno-sign-conversion -Wno-infinite-recursion -Wno-comma -Wno-block-capture-autoreleasing -Wno-strict-prototypes -Wno-semicolon-before-method-body -index-store-path /Users/aleks/Library/Developer/Xcode/DerivedData/PlanItApp-gkehojshtcbfvhersqwajfujohau/Index.noindex/DataStore @/Users/aleks/Library/Developer/Xcode/DerivedData/PlanItApp-gkehojshtcbfvhersqwajfujohau/Build/Intermediates.noindex/GoogleUtilities.build/Debug-iphonesimulator/GoogleUtilities-Environment.build/Objects-normal/arm64/e6072d4f65d7061329687fe24e3d63a7-common-args.resp -include /Users/aleks/Library/Developer/Xcode/DerivedData/PlanItApp-gkehojshtcbfvhersqwajfujohau/Build/Intermediates.noindex/GoogleUtilities.build/Debug-iphonesimulator/GoogleUtilities-Environment.build/DerivedSources/resource_bundle_accessor.h -MMD -MT dependencies -MF /Users/aleks/Library/Developer/Xcode/DerivedData/PlanItApp-gkehojshtcbfvhersqwajfujohau/Build/Intermediates.noindex/GoogleUtilities.build/Debug-iphonesimulator/GoogleUtilities-Environment.build/Objects-normal/arm64/resource_bundle_accessor.d --serialize-diagnostics /Users/aleks/Library/Developer/Xcode/DerivedData/PlanItApp-gkehojshtcbfvhersqwajfujohau/Build/Intermediates.noindex/GoogleUtilities.build/Debug-iphonesimulator/GoogleUtilities-Environment.build/Objects-normal/arm64/resource_bundle_accessor.dia -c /Users/aleks/Library/Developer/Xcode/DerivedData/PlanItApp-gkehojshtcbfvhersqwajfujohau/Build/Intermediates.noindex/GoogleUtilities.build/Debug-iphonesimulator/GoogleUtilities-Environment.build/DerivedSources/resource_bundle_accessor.m -o /Users/aleks/Library/Developer/Xcode/DerivedData/PlanItApp-gkehojshtcbfvhersqwajfujohau/Build/Intermediates.noindex/GoogleUtilities.build/Debug-iphonesimulator/GoogleUtilities-Environment.build/Objects-normal/arm64/resource_bundle_accessor.o -index-unit-output-path /GoogleUtilities.build/Debug-iphonesimulator/GoogleUtilities-Environment.build/Objects-normal/arm64/resource_bundle_accessor.o

CompileC /Users/aleks/Library/Developer/Xcode/DerivedData/PlanItApp-gkehojshtcbfvhersqwajfujohau/Build/Intermediates.noindex/GoogleUtilities.build/Debug-iphonesimulator/GoogleUtilities-Environment.build/Objects-normal/arm64/GULKeychainUtils.o /Users/aleks/Library/Developer/Xcode/DerivedData/PlanItApp-gkehojshtcbfvhersqwajfujohau/SourcePackages/checkouts/GoogleUtilities/GoogleUtilities/Environment/SecureStorage/GULKeychainUtils.m normal arm64 objective-c com.apple.compilers.llvm.clang.1_0.compiler (in target 'GoogleUtilities-Environment' from project 'GoogleUtilities')
    cd /Users/aleks/Desktop/PlanItApp/PlanItApp.xcodeproj
    
    Using response file: /Users/aleks/Library/Developer/Xcode/DerivedData/PlanItApp-gkehojshtcbfvhersqwajfujohau/Build/Intermediates.noindex/GoogleUtilities.build/Debug-iphonesimulator/GoogleUtilities-Environment.build/Objects-normal/arm64/e6072d4f65d7061329687fe24e3d63a7-common-args.resp
    
    /Applications/Xcode.app/Contents/Developer/Toolchains/XcodeDefault.xctoolchain/usr/bin/clang -x objective-c -ivfsstatcache /Users/aleks/Library/Developer/Xcode/DerivedData/SDKStatCaches.noindex/iphonesimulator18.5-22F76-d5fc8ad4295d2ef488fb7d0f804ce0c4.sdkstatcache -fmessage-length\=0 -fdiagnostics-show-note-include-stack -fmacro-backtrace-limit\=0 -fno-color-diagnostics -fmodules-prune-interval\=86400 -fmodules-prune-after\=345600 -fbuild-session-file\=/Users/aleks/Library/Developer/Xcode/DerivedData/ModuleCache.noindex/Session.modulevalidation -fmodules-validate-once-per-build-session -Wnon-modular-include-in-framework-module -Werror\=non-modular-include-in-framework-module -Wno-trigraphs -Wno-missing-field-initializers -Wno-missing-prototypes -Wno-return-type -Wno-implicit-atomic-properties -Wno-objc-interface-ivars -Wno-arc-repeated-use-of-weak -Wno-missing-braces -Wparentheses -Wswitch -Wno-unused-function -Wno-unused-label -Wno-unused-parameter -Wno-unused-variable -Wunused-value -Wno-empty-body -Wno-uninitialized -Wno-unknown-pragmas -w -Wno-shadow -Wno-four-char-constants -Wno-conversion -Wno-constant-conversion -Wno-int-conversion -Wno-bool-conversion -Wno-enum-conversion -Wno-float-conversion -Wno-non-literal-null-conversion -Wno-objc-literal-conversion -Wshorten-64-to-32 -Wpointer-sign -Wno-newline-eof -Wno-selector -Wno-strict-selector-match -Wno-undeclared-selector -Wno-deprecated-implementations -Wno-implicit-fallthrough -fstrict-aliasing -Wprotocol -Wdeprecated-declarations -Wno-sign-conversion -Wno-infinite-recursion -Wno-comma -Wno-block-capture-autoreleasing -Wno-strict-prototypes -Wno-semicolon-before-method-body -index-store-path /Users/aleks/Library/Developer/Xcode/DerivedData/PlanItApp-gkehojshtcbfvhersqwajfujohau/Index.noindex/DataStore @/Users/aleks/Library/Developer/Xcode/DerivedData/PlanItApp-gkehojshtcbfvhersqwajfujohau/Build/Intermediates.noindex/GoogleUtilities.build/Debug-iphonesimulator/GoogleUtilities-Environment.build/Objects-normal/arm64/e6072d4f65d7061329687fe24e3d63a7-common-args.resp -include /Users/aleks/Library/Developer/Xcode/DerivedData/PlanItApp-gkehojshtcbfvhersqwajfujohau/Build/Intermediates.noindex/GoogleUtilities.build/Debug-iphonesimulator/GoogleUtilities-Environment.build/DerivedSources/resource_bundle_accessor.h -MMD -MT dependencies -MF /Users/aleks/Library/Developer/Xcode/DerivedData/PlanItApp-gkehojshtcbfvhersqwajfujohau/Build/Intermediates.noindex/GoogleUtilities.build/Debug-iphonesimulator/GoogleUtilities-Environment.build/Objects-normal/arm64/GULKeychainUtils.d --serialize-diagnostics /Users/aleks/Library/Developer/Xcode/DerivedData/PlanItApp-gkehojshtcbfvhersqwajfujohau/Build/Intermediates.noindex/GoogleUtilities.build/Debug-iphonesimulator/GoogleUtilities-Environment.build/Objects-normal/arm64/GULKeychainUtils.dia -c /Users/aleks/Library/Developer/Xcode/DerivedData/PlanItApp-gkehojshtcbfvhersqwajfujohau/SourcePackages/checkouts/GoogleUtilities/GoogleUtilities/Environment/SecureStorage/GULKeychainUtils.m -o /Users/aleks/Library/Developer/Xcode/DerivedData/PlanItApp-gkehojshtcbfvhersqwajfujohau/Build/Intermediates.noindex/GoogleUtilities.build/Debug-iphonesimulator/GoogleUtilities-Environment.build/Objects-normal/arm64/GULKeychainUtils.o -index-unit-output-path /GoogleUtilities.build/Debug-iphonesimulator/GoogleUtilities-Environment.build/Objects-normal/arm64/GULKeychainUtils.o

CompileC /Users/aleks/Library/Developer/Xcode/DerivedData/PlanItApp-gkehojshtcbfvhersqwajfujohau/Build/Intermediates.noindex/GoogleUtilities.build/Debug-iphonesimulator/GoogleUtilities-Environment.build/Objects-normal/arm64/GULKeychainStorage.o /Users/aleks/Library/Developer/Xcode/DerivedData/PlanItApp-gkehojshtcbfvhersqwajfujohau/SourcePackages/checkouts/GoogleUtilities/GoogleUtilities/Environment/SecureStorage/GULKeychainStorage.m normal arm64 objective-c com.apple.compilers.llvm.clang.1_0.compiler (in target 'GoogleUtilities-Environment' from project 'GoogleUtilities')
    cd /Users/aleks/Desktop/PlanItApp/PlanItApp.xcodeproj
    
    Using response file: /Users/aleks/Library/Developer/Xcode/DerivedData/PlanItApp-gkehojshtcbfvhersqwajfujohau/Build/Intermediates.noindex/GoogleUtilities.build/Debug-iphonesimulator/GoogleUtilities-Environment.build/Objects-normal/arm64/e6072d4f65d7061329687fe24e3d63a7-common-args.resp
    
    /Applications/Xcode.app/Contents/Developer/Toolchains/XcodeDefault.xctoolchain/usr/bin/clang -x objective-c -ivfsstatcache /Users/aleks/Library/Developer/Xcode/DerivedData/SDKStatCaches.noindex/iphonesimulator18.5-22F76-d5fc8ad4295d2ef488fb7d0f804ce0c4.sdkstatcache -fmessage-length\=0 -fdiagnostics-show-note-include-stack -fmacro-backtrace-limit\=0 -fno-color-diagnostics -fmodules-prune-interval\=86400 -fmodules-prune-after\=345600 -fbuild-session-file\=/Users/aleks/Library/Developer/Xcode/DerivedData/ModuleCache.noindex/Session.modulevalidation -fmodules-validate-once-per-build-session -Wnon-modular-include-in-framework-module -Werror\=non-modular-include-in-framework-module -Wno-trigraphs -Wno-missing-field-initializers -Wno-missing-prototypes -Wno-return-type -Wno-implicit-atomic-properties -Wno-objc-interface-ivars -Wno-arc-repeated-use-of-weak -Wno-missing-braces -Wparentheses -Wswitch -Wno-unused-function -Wno-unused-label -Wno-unused-parameter -Wno-unused-variable -Wunused-value -Wno-empty-body -Wno-uninitialized -Wno-unknown-pragmas -w -Wno-shadow -Wno-four-char-constants -Wno-conversion -Wno-constant-conversion -Wno-int-conversion -Wno-bool-conversion -Wno-enum-conversion -Wno-float-conversion -Wno-non-literal-null-conversion -Wno-objc-literal-conversion -Wshorten-64-to-32 -Wpointer-sign -Wno-newline-eof -Wno-selector -Wno-strict-selector-match -Wno-undeclared-selector -Wno-deprecated-implementations -Wno-implicit-fallthrough -fstrict-aliasing -Wprotocol -Wdeprecated-declarations -Wno-sign-conversion -Wno-infinite-recursion -Wno-comma -Wno-block-capture-autoreleasing -Wno-strict-prototypes -Wno-semicolon-before-method-body -index-store-path /Users/aleks/Library/Developer/Xcode/DerivedData/PlanItApp-gkehojshtcbfvhersqwajfujohau/Index.noindex/DataStore @/Users/aleks/Library/Developer/Xcode/DerivedData/PlanItApp-gkehojshtcbfvhersqwajfujohau/Build/Intermediates.noindex/GoogleUtilities.build/Debug-iphonesimulator/GoogleUtilities-Environment.build/Objects-normal/arm64/e6072d4f65d7061329687fe24e3d63a7-common-args.resp -include /Users/aleks/Library/Developer/Xcode/DerivedData/PlanItApp-gkehojshtcbfvhersqwajfujohau/Build/Intermediates.noindex/GoogleUtilities.build/Debug-iphonesimulator/GoogleUtilities-Environment.build/DerivedSources/resource_bundle_accessor.h -MMD -MT dependencies -MF /Users/aleks/Library/Developer/Xcode/DerivedData/PlanItApp-gkehojshtcbfvhersqwajfujohau/Build/Intermediates.noindex/GoogleUtilities.build/Debug-iphonesimulator/GoogleUtilities-Environment.build/Objects-normal/arm64/GULKeychainStorage.d --serialize-diagnostics /Users/aleks/Library/Developer/Xcode/DerivedData/PlanItApp-gkehojshtcbfvhersqwajfujohau/Build/Intermediates.noindex/GoogleUtilities.build/Debug-iphonesimulator/GoogleUtilities-Environment.build/Objects-normal/arm64/GULKeychainStorage.dia -c /Users/aleks/Library/Developer/Xcode/DerivedData/PlanItApp-gkehojshtcbfvhersqwajfujohau/SourcePackages/checkouts/GoogleUtilities/GoogleUtilities/Environment/SecureStorage/GULKeychainStorage.m -o /Users/aleks/Library/Developer/Xcode/DerivedData/PlanItApp-gkehojshtcbfvhersqwajfujohau/Build/Intermediates.noindex/GoogleUtilities.build/Debug-iphonesimulator/GoogleUtilities-Environment.build/Objects-normal/arm64/GULKeychainStorage.o -index-unit-output-path /GoogleUtilities.build/Debug-iphonesimulator/GoogleUtilities-Environment.build/Objects-normal/arm64/GULKeychainStorage.o

PrecompileModule /Users/aleks/Library/Developer/Xcode/DerivedData/PlanItApp-gkehojshtcbfvhersqwajfujohau/Build/Intermediates.noindex/ExplicitPrecompiledModules/CoreTelephony-WLUL0P90LTYQS4RTGIU74VA2.scan
    cd /Users/aleks/Desktop/PlanItApp/PlanItApp.xcodeproj
    builtin-precompileModule /Users/aleks/Library/Developer/Xcode/DerivedData/PlanItApp-gkehojshtcbfvhersqwajfujohau/Build/Intermediates.noindex/ExplicitPrecompiledModules/CoreTelephony-WLUL0P90LTYQS4RTGIU74VA2.scan

PrecompileModule /Users/aleks/Library/Developer/Xcode/DerivedData/PlanItApp-gkehojshtcbfvhersqwajfujohau/Build/Intermediates.noindex/ExplicitPrecompiledModules/CFNetwork-4MI0LEQ6WDC9TB4U881M3UY2I.scan
    cd /Users/aleks/Desktop/PlanItApp/PlanItApp.xcodeproj
    builtin-precompileModule /Users/aleks/Library/Developer/Xcode/DerivedData/PlanItApp-gkehojshtcbfvhersqwajfujohau/Build/Intermediates.noindex/ExplicitPrecompiledModules/CFNetwork-4MI0LEQ6WDC9TB4U881M3UY2I.scan

PrecompileModule /Users/aleks/Library/Developer/Xcode/DerivedData/PlanItApp-gkehojshtcbfvhersqwajfujohau/Build/Intermediates.noindex/ExplicitPrecompiledModules/IOSurface-ABVEZS2RLSP5O8XO2ABBXLZFU.scan
    cd /Users/aleks/Desktop/PlanItApp/PlanItApp.xcodeproj
    builtin-precompileModule /Users/aleks/Library/Developer/Xcode/DerivedData/PlanItApp-gkehojshtcbfvhersqwajfujohau/Build/Intermediates.noindex/ExplicitPrecompiledModules/IOSurface-ABVEZS2RLSP5O8XO2ABBXLZFU.scan

PrecompileModule /Users/aleks/Library/Developer/Xcode/DerivedData/PlanItApp-gkehojshtcbfvhersqwajfujohau/Build/Intermediates.noindex/ExplicitPrecompiledModules/Security-BCNVB40D9SDQ6G86V6P1E2SNE.scan
    cd /Users/aleks/Desktop/PlanItApp/PlanItApp.xcodeproj
    builtin-precompileModule /Users/aleks/Library/Developer/Xcode/DerivedData/PlanItApp-gkehojshtcbfvhersqwajfujohau/Build/Intermediates.noindex/ExplicitPrecompiledModules/Security-BCNVB40D9SDQ6G86V6P1E2SNE.scan

PrecompileModule /Users/aleks/Library/Developer/Xcode/DerivedData/PlanItApp-gkehojshtcbfvhersqwajfujohau/Build/Intermediates.noindex/ExplicitPrecompiledModules/UserNotifications-3FTXUKO9L4I9XCPZCR5SZJ2ZH.scan
    cd /Users/aleks/Desktop/PlanItApp/PlanItApp.xcodeproj
    builtin-precompileModule /Users/aleks/Library/Developer/Xcode/DerivedData/PlanItApp-gkehojshtcbfvhersqwajfujohau/Build/Intermediates.noindex/ExplicitPrecompiledModules/UserNotifications-3FTXUKO9L4I9XCPZCR5SZJ2ZH.scan

PrecompileModule /Users/aleks/Library/Developer/Xcode/DerivedData/PlanItApp-gkehojshtcbfvhersqwajfujohau/Build/Intermediates.noindex/ExplicitPrecompiledModules/Symbols-3MEVOF8HN9VNOGAGPRKMZI1G6.scan
    cd /Users/aleks/Desktop/PlanItApp/PlanItApp.xcodeproj
    builtin-precompileModule /Users/aleks/Library/Developer/Xcode/DerivedData/PlanItApp-gkehojshtcbfvhersqwajfujohau/Build/Intermediates.noindex/ExplicitPrecompiledModules/Symbols-3MEVOF8HN9VNOGAGPRKMZI1G6.scan

PrecompileModule /Users/aleks/Library/Developer/Xcode/DerivedData/PlanItApp-gkehojshtcbfvhersqwajfujohau/Build/Intermediates.noindex/ExplicitPrecompiledModules/OpenGLES-BR2TENOWOTCNLVUJFNRT5G0Y3.scan
    cd /Users/aleks/Desktop/PlanItApp/PlanItApp.xcodeproj
    builtin-precompileModule /Users/aleks/Library/Developer/Xcode/DerivedData/PlanItApp-gkehojshtcbfvhersqwajfujohau/Build/Intermediates.noindex/ExplicitPrecompiledModules/OpenGLES-BR2TENOWOTCNLVUJFNRT5G0Y3.scan

PrecompileModule /Users/aleks/Library/Developer/Xcode/DerivedData/PlanItApp-gkehojshtcbfvhersqwajfujohau/Build/Intermediates.noindex/ExplicitPrecompiledModules/FileProvider-RONVIUKD19NWQ1DE4VBL8UTW.scan
    cd /Users/aleks/Desktop/PlanItApp/PlanItApp.xcodeproj
    builtin-precompileModule /Users/aleks/Library/Developer/Xcode/DerivedData/PlanItApp-gkehojshtcbfvhersqwajfujohau/Build/Intermediates.noindex/ExplicitPrecompiledModules/FileProvider-RONVIUKD19NWQ1DE4VBL8UTW.scan

PrecompileModule /Users/aleks/Library/Developer/Xcode/DerivedData/PlanItApp-gkehojshtcbfvhersqwajfujohau/Build/Intermediates.noindex/ExplicitPrecompiledModules/ObjectiveC-CW9FXLQQ5V2V0AP61AONYIKC5.scan
    cd /Users/aleks/Desktop/PlanItApp/PlanItApp.xcodeproj
    builtin-precompileModule /Users/aleks/Library/Developer/Xcode/DerivedData/PlanItApp-gkehojshtcbfvhersqwajfujohau/Build/Intermediates.noindex/ExplicitPrecompiledModules/ObjectiveC-CW9FXLQQ5V2V0AP61AONYIKC5.scan

ScanDependencies /Users/aleks/Library/Developer/Xcode/DerivedData/PlanItApp-gkehojshtcbfvhersqwajfujohau/Build/Intermediates.noindex/AppAuth.build/Debug-iphonesimulator/AppAuthCore.build/Objects-normal/arm64/OIDAuthorizationRequest.o /Users/aleks/Library/Developer/Xcode/DerivedData/PlanItApp-gkehojshtcbfvhersqwajfujohau/SourcePackages/checkouts/AppAuth-iOS/Sources/AppAuthCore/OIDAuthorizationRequest.m normal arm64 objective-c com.apple.compilers.llvm.clang.1_0.compiler (in target 'AppAuthCore' from project 'AppAuth')
    cd /Users/aleks/Desktop/PlanItApp/PlanItApp.xcodeproj
    
    Using response file: /Users/aleks/Library/Developer/Xcode/DerivedData/PlanItApp-gkehojshtcbfvhersqwajfujohau/Build/Intermediates.noindex/AppAuth.build/Debug-iphonesimulator/AppAuthCore.build/Objects-normal/arm64/e6072d4f65d7061329687fe24e3d63a7-common-args.resp
    
    builtin-ScanDependencies -o /Users/aleks/Library/Developer/Xcode/DerivedData/PlanItApp-gkehojshtcbfvhersqwajfujohau/Build/Intermediates.noindex/AppAuth.build/Debug-iphonesimulator/AppAuthCore.build/Objects-normal/arm64/OIDAuthorizationRequest.o.scan -- /Applications/Xcode.app/Contents/Developer/Toolchains/XcodeDefault.xctoolchain/usr/bin/clang -x objective-c -ivfsstatcache /Users/aleks/Library/Developer/Xcode/DerivedData/SDKStatCaches.noindex/iphonesimulator18.5-22F76-d5fc8ad4295d2ef488fb7d0f804ce0c4.sdkstatcache -fmessage-length\=0 -fdiagnostics-show-note-include-stack -fmacro-backtrace-limit\=0 -fno-color-diagnostics -fmodules-prune-interval\=86400 -fmodules-prune-after\=345600 -fbuild-session-file\=/Users/aleks/Library/Developer/Xcode/DerivedData/ModuleCache.noindex/Session.modulevalidation -fmodules-validate-once-per-build-session -Wnon-modular-include-in-framework-module -Werror\=non-modular-include-in-framework-module -Wno-trigraphs -Wno-missing-field-initializers -Wno-missing-prototypes -Wno-return-type -Wno-implicit-atomic-properties -Wno-objc-interface-ivars -Wno-arc-repeated-use-of-weak -Wno-missing-braces -Wparentheses -Wswitch -Wno-unused-function -Wno-unused-label -Wno-unused-parameter -Wno-unused-variable -Wunused-value -Wno-empty-body -Wno-uninitialized -Wno-unknown-pragmas -w -Wno-shadow -Wno-four-char-constants -Wno-conversion -Wno-constant-conversion -Wno-int-conversion -Wno-bool-conversion -Wno-enum-conversion -Wno-float-conversion -Wno-non-literal-null-conversion -Wno-objc-literal-conversion -Wshorten-64-to-32 -Wpointer-sign -Wno-newline-eof -Wno-selector -Wno-strict-selector-match -Wno-undeclared-selector -Wno-deprecated-implementations -Wno-implicit-fallthrough -fstrict-aliasing -Wprotocol -Wdeprecated-declarations -Wno-sign-conversion -Wno-infinite-recursion -Wno-comma -Wno-block-capture-autoreleasing -Wno-strict-prototypes -Wno-semicolon-before-method-body -index-store-path /Users/aleks/Library/Developer/Xcode/DerivedData/PlanItApp-gkehojshtcbfvhersqwajfujohau/Index.noindex/DataStore @/Users/aleks/Library/Developer/Xcode/DerivedData/PlanItApp-gkehojshtcbfvhersqwajfujohau/Build/Intermediates.noindex/AppAuth.build/Debug-iphonesimulator/AppAuthCore.build/Objects-normal/arm64/e6072d4f65d7061329687fe24e3d63a7-common-args.resp -include /Users/aleks/Library/Developer/Xcode/DerivedData/PlanItApp-gkehojshtcbfvhersqwajfujohau/Build/Intermediates.noindex/AppAuth.build/Debug-iphonesimulator/AppAuthCore.build/DerivedSources/resource_bundle_accessor.h -MMD -MT dependencies -MF /Users/aleks/Library/Developer/Xcode/DerivedData/PlanItApp-gkehojshtcbfvhersqwajfujohau/Build/Intermediates.noindex/AppAuth.build/Debug-iphonesimulator/AppAuthCore.build/Objects-normal/arm64/OIDAuthorizationRequest.d --serialize-diagnostics /Users/aleks/Library/Developer/Xcode/DerivedData/PlanItApp-gkehojshtcbfvhersqwajfujohau/Build/Intermediates.noindex/AppAuth.build/Debug-iphonesimulator/AppAuthCore.build/Objects-normal/arm64/OIDAuthorizationRequest.dia -c /Users/aleks/Library/Developer/Xcode/DerivedData/PlanItApp-gkehojshtcbfvhersqwajfujohau/SourcePackages/checkouts/AppAuth-iOS/Sources/AppAuthCore/OIDAuthorizationRequest.m -o /Users/aleks/Library/Developer/Xcode/DerivedData/PlanItApp-gkehojshtcbfvhersqwajfujohau/Build/Intermediates.noindex/AppAuth.build/Debug-iphonesimulator/AppAuthCore.build/Objects-normal/arm64/OIDAuthorizationRequest.o -index-unit-output-path /AppAuth.build/Debug-iphonesimulator/AppAuthCore.build/Objects-normal/arm64/OIDAuthorizationRequest.o

ScanDependencies /Users/aleks/Library/Developer/Xcode/DerivedData/PlanItApp-gkehojshtcbfvhersqwajfujohau/Build/Intermediates.noindex/AppAuth.build/Debug-iphonesimulator/AppAuthCore.build/Objects-normal/arm64/OIDAuthState.o /Users/aleks/Library/Developer/Xcode/DerivedData/PlanItApp-gkehojshtcbfvhersqwajfujohau/SourcePackages/checkouts/AppAuth-iOS/Sources/AppAuthCore/OIDAuthState.m normal arm64 objective-c com.apple.compilers.llvm.clang.1_0.compiler (in target 'AppAuthCore' from project 'AppAuth')
    cd /Users/aleks/Desktop/PlanItApp/PlanItApp.xcodeproj
    
    Using response file: /Users/aleks/Library/Developer/Xcode/DerivedData/PlanItApp-gkehojshtcbfvhersqwajfujohau/Build/Intermediates.noindex/AppAuth.build/Debug-iphonesimulator/AppAuthCore.build/Objects-normal/arm64/e6072d4f65d7061329687fe24e3d63a7-common-args.resp
    
    builtin-ScanDependencies -o /Users/aleks/Library/Developer/Xcode/DerivedData/PlanItApp-gkehojshtcbfvhersqwajfujohau/Build/Intermediates.noindex/AppAuth.build/Debug-iphonesimulator/AppAuthCore.build/Objects-normal/arm64/OIDAuthState.o.scan -- /Applications/Xcode.app/Contents/Developer/Toolchains/XcodeDefault.xctoolchain/usr/bin/clang -x objective-c -ivfsstatcache /Users/aleks/Library/Developer/Xcode/DerivedData/SDKStatCaches.noindex/iphonesimulator18.5-22F76-d5fc8ad4295d2ef488fb7d0f804ce0c4.sdkstatcache -fmessage-length\=0 -fdiagnostics-show-note-include-stack -fmacro-backtrace-limit\=0 -fno-color-diagnostics -fmodules-prune-interval\=86400 -fmodules-prune-after\=345600 -fbuild-session-file\=/Users/aleks/Library/Developer/Xcode/DerivedData/ModuleCache.noindex/Session.modulevalidation -fmodules-validate-once-per-build-session -Wnon-modular-include-in-framework-module -Werror\=non-modular-include-in-framework-module -Wno-trigraphs -Wno-missing-field-initializers -Wno-missing-prototypes -Wno-return-type -Wno-implicit-atomic-properties -Wno-objc-interface-ivars -Wno-arc-repeated-use-of-weak -Wno-missing-braces -Wparentheses -Wswitch -Wno-unused-function -Wno-unused-label -Wno-unused-parameter -Wno-unused-variable -Wunused-value -Wno-empty-body -Wno-uninitialized -Wno-unknown-pragmas -w -Wno-shadow -Wno-four-char-constants -Wno-conversion -Wno-constant-conversion -Wno-int-conversion -Wno-bool-conversion -Wno-enum-conversion -Wno-float-conversion -Wno-non-literal-null-conversion -Wno-objc-literal-conversion -Wshorten-64-to-32 -Wpointer-sign -Wno-newline-eof -Wno-selector -Wno-strict-selector-match -Wno-undeclared-selector -Wno-deprecated-implementations -Wno-implicit-fallthrough -fstrict-aliasing -Wprotocol -Wdeprecated-declarations -Wno-sign-conversion -Wno-infinite-recursion -Wno-comma -Wno-block-capture-autoreleasing -Wno-strict-prototypes -Wno-semicolon-before-method-body -index-store-path /Users/aleks/Library/Developer/Xcode/DerivedData/PlanItApp-gkehojshtcbfvhersqwajfujohau/Index.noindex/DataStore @/Users/aleks/Library/Developer/Xcode/DerivedData/PlanItApp-gkehojshtcbfvhersqwajfujohau/Build/Intermediates.noindex/AppAuth.build/Debug-iphonesimulator/AppAuthCore.build/Objects-normal/arm64/e6072d4f65d7061329687fe24e3d63a7-common-args.resp -include /Users/aleks/Library/Developer/Xcode/DerivedData/PlanItApp-gkehojshtcbfvhersqwajfujohau/Build/Intermediates.noindex/AppAuth.build/Debug-iphonesimulator/AppAuthCore.build/DerivedSources/resource_bundle_accessor.h -MMD -MT dependencies -MF /Users/aleks/Library/Developer/Xcode/DerivedData/PlanItApp-gkehojshtcbfvhersqwajfujohau/Build/Intermediates.noindex/AppAuth.build/Debug-iphonesimulator/AppAuthCore.build/Objects-normal/arm64/OIDAuthState.d --serialize-diagnostics /Users/aleks/Library/Developer/Xcode/DerivedData/PlanItApp-gkehojshtcbfvhersqwajfujohau/Build/Intermediates.noindex/AppAuth.build/Debug-iphonesimulator/AppAuthCore.build/Objects-normal/arm64/OIDAuthState.dia -c /Users/aleks/Library/Developer/Xcode/DerivedData/PlanItApp-gkehojshtcbfvhersqwajfujohau/SourcePackages/checkouts/AppAuth-iOS/Sources/AppAuthCore/OIDAuthState.m -o /Users/aleks/Library/Developer/Xcode/DerivedData/PlanItApp-gkehojshtcbfvhersqwajfujohau/Build/Intermediates.noindex/AppAuth.build/Debug-iphonesimulator/AppAuthCore.build/Objects-normal/arm64/OIDAuthState.o -index-unit-output-path /AppAuth.build/Debug-iphonesimulator/AppAuthCore.build/Objects-normal/arm64/OIDAuthState.o

CompileC /Users/aleks/Library/Developer/Xcode/DerivedData/PlanItApp-gkehojshtcbfvhersqwajfujohau/Build/Intermediates.noindex/GoogleUtilities.build/Debug-iphonesimulator/GoogleUtilities-Environment.build/Objects-normal/arm64/GULNetworkInfo.o /Users/aleks/Library/Developer/Xcode/DerivedData/PlanItApp-gkehojshtcbfvhersqwajfujohau/SourcePackages/checkouts/GoogleUtilities/GoogleUtilities/Environment/NetworkInfo/GULNetworkInfo.m normal arm64 objective-c com.apple.compilers.llvm.clang.1_0.compiler (in target 'GoogleUtilities-Environment' from project 'GoogleUtilities')
    cd /Users/aleks/Desktop/PlanItApp/PlanItApp.xcodeproj
    
    Using response file: /Users/aleks/Library/Developer/Xcode/DerivedData/PlanItApp-gkehojshtcbfvhersqwajfujohau/Build/Intermediates.noindex/GoogleUtilities.build/Debug-iphonesimulator/GoogleUtilities-Environment.build/Objects-normal/arm64/e6072d4f65d7061329687fe24e3d63a7-common-args.resp
    
    /Applications/Xcode.app/Contents/Developer/Toolchains/XcodeDefault.xctoolchain/usr/bin/clang -x objective-c -ivfsstatcache /Users/aleks/Library/Developer/Xcode/DerivedData/SDKStatCaches.noindex/iphonesimulator18.5-22F76-d5fc8ad4295d2ef488fb7d0f804ce0c4.sdkstatcache -fmessage-length\=0 -fdiagnostics-show-note-include-stack -fmacro-backtrace-limit\=0 -fno-color-diagnostics -fmodules-prune-interval\=86400 -fmodules-prune-after\=345600 -fbuild-session-file\=/Users/aleks/Library/Developer/Xcode/DerivedData/ModuleCache.noindex/Session.modulevalidation -fmodules-validate-once-per-build-session -Wnon-modular-include-in-framework-module -Werror\=non-modular-include-in-framework-module -Wno-trigraphs -Wno-missing-field-initializers -Wno-missing-prototypes -Wno-return-type -Wno-implicit-atomic-properties -Wno-objc-interface-ivars -Wno-arc-repeated-use-of-weak -Wno-missing-braces -Wparentheses -Wswitch -Wno-unused-function -Wno-unused-label -Wno-unused-parameter -Wno-unused-variable -Wunused-value -Wno-empty-body -Wno-uninitialized -Wno-unknown-pragmas -w -Wno-shadow -Wno-four-char-constants -Wno-conversion -Wno-constant-conversion -Wno-int-conversion -Wno-bool-conversion -Wno-enum-conversion -Wno-float-conversion -Wno-non-literal-null-conversion -Wno-objc-literal-conversion -Wshorten-64-to-32 -Wpointer-sign -Wno-newline-eof -Wno-selector -Wno-strict-selector-match -Wno-undeclared-selector -Wno-deprecated-implementations -Wno-implicit-fallthrough -fstrict-aliasing -Wprotocol -Wdeprecated-declarations -Wno-sign-conversion -Wno-infinite-recursion -Wno-comma -Wno-block-capture-autoreleasing -Wno-strict-prototypes -Wno-semicolon-before-method-body -index-store-path /Users/aleks/Library/Developer/Xcode/DerivedData/PlanItApp-gkehojshtcbfvhersqwajfujohau/Index.noindex/DataStore @/Users/aleks/Library/Developer/Xcode/DerivedData/PlanItApp-gkehojshtcbfvhersqwajfujohau/Build/Intermediates.noindex/GoogleUtilities.build/Debug-iphonesimulator/GoogleUtilities-Environment.build/Objects-normal/arm64/e6072d4f65d7061329687fe24e3d63a7-common-args.resp -include /Users/aleks/Library/Developer/Xcode/DerivedData/PlanItApp-gkehojshtcbfvhersqwajfujohau/Build/Intermediates.noindex/GoogleUtilities.build/Debug-iphonesimulator/GoogleUtilities-Environment.build/DerivedSources/resource_bundle_accessor.h -MMD -MT dependencies -MF /Users/aleks/Library/Developer/Xcode/DerivedData/PlanItApp-gkehojshtcbfvhersqwajfujohau/Build/Intermediates.noindex/GoogleUtilities.build/Debug-iphonesimulator/GoogleUtilities-Environment.build/Objects-normal/arm64/GULNetworkInfo.d --serialize-diagnostics /Users/aleks/Library/Developer/Xcode/DerivedData/PlanItApp-gkehojshtcbfvhersqwajfujohau/Build/Intermediates.noindex/GoogleUtilities.build/Debug-iphonesimulator/GoogleUtilities-Environment.build/Objects-normal/arm64/GULNetworkInfo.dia -c /Users/aleks/Library/Developer/Xcode/DerivedData/PlanItApp-gkehojshtcbfvhersqwajfujohau/SourcePackages/checkouts/GoogleUtilities/GoogleUtilities/Environment/NetworkInfo/GULNetworkInfo.m -o /Users/aleks/Library/Developer/Xcode/DerivedData/PlanItApp-gkehojshtcbfvhersqwajfujohau/Build/Intermediates.noindex/GoogleUtilities.build/Debug-iphonesimulator/GoogleUtilities-Environment.build/Objects-normal/arm64/GULNetworkInfo.o -index-unit-output-path /GoogleUtilities.build/Debug-iphonesimulator/GoogleUtilities-Environment.build/Objects-normal/arm64/GULNetworkInfo.o

PrecompileModule /Users/aleks/Library/Developer/Xcode/DerivedData/PlanItApp-gkehojshtcbfvhersqwajfujohau/Build/Intermediates.noindex/ExplicitPrecompiledModules/Metal-B1ALO3MM1FDQ7UTPAD5KVTV4W.scan
    cd /Users/aleks/Desktop/PlanItApp/PlanItApp.xcodeproj
    builtin-precompileModule /Users/aleks/Library/Developer/Xcode/DerivedData/PlanItApp-gkehojshtcbfvhersqwajfujohau/Build/Intermediates.noindex/ExplicitPrecompiledModules/Metal-B1ALO3MM1FDQ7UTPAD5KVTV4W.scan

PrecompileModule /Users/aleks/Library/Developer/Xcode/DerivedData/PlanItApp-gkehojshtcbfvhersqwajfujohau/Build/Intermediates.noindex/ExplicitPrecompiledModules/Foundation-58KV60I3BSMRVJ0GAM4RZQLT6.scan
    cd /Users/aleks/Desktop/PlanItApp/PlanItApp.xcodeproj
    builtin-precompileModule /Users/aleks/Library/Developer/Xcode/DerivedData/PlanItApp-gkehojshtcbfvhersqwajfujohau/Build/Intermediates.noindex/ExplicitPrecompiledModules/Foundation-58KV60I3BSMRVJ0GAM4RZQLT6.scan

ProcessXCFramework /Users/aleks/Library/Developer/Xcode/DerivedData/PlanItApp-gkehojshtcbfvhersqwajfujohau/SourcePackages/artifacts/grpc-binary/openssl_grpc/openssl_grpc.xcframework /Users/aleks/Library/Developer/Xcode/DerivedData/PlanItApp-gkehojshtcbfvhersqwajfujohau/Build/Products/Debug-iphonesimulator/openssl_grpc.framework ios simulator
    cd /Users/aleks/Desktop/PlanItApp/PlanItApp.xcodeproj
    builtin-process-xcframework --xcframework /Users/aleks/Library/Developer/Xcode/DerivedData/PlanItApp-gkehojshtcbfvhersqwajfujohau/SourcePackages/artifacts/grpc-binary/openssl_grpc/openssl_grpc.xcframework --platform ios --environment simulator --target-path /Users/aleks/Library/Developer/Xcode/DerivedData/PlanItApp-gkehojshtcbfvhersqwajfujohau/Build/Products/Debug-iphonesimulator
/Users/aleks/Library/Developer/Xcode/DerivedData/PlanItApp-gkehojshtcbfvhersqwajfujohau/SourcePackages/artifacts/grpc-binary/openssl_grpc/openssl_grpc.xcframework:1:1: note: The identity of “openssl_grpc.xcframework” is not recorded in your project.

PrecompileModule /Users/aleks/Library/Developer/Xcode/DerivedData/PlanItApp-gkehojshtcbfvhersqwajfujohau/Build/Intermediates.noindex/ExplicitPrecompiledModules/os_object-64C6XC67S3VNT2N5KG3T6RTD1.scan
    cd /Users/aleks/Desktop/PlanItApp/PlanItApp.xcodeproj
    builtin-precompileModule /Users/aleks/Library/Developer/Xcode/DerivedData/PlanItApp-gkehojshtcbfvhersqwajfujohau/Build/Intermediates.noindex/ExplicitPrecompiledModules/os_object-64C6XC67S3VNT2N5KG3T6RTD1.scan

ProcessXCFramework /Users/aleks/Library/Developer/Xcode/DerivedData/PlanItApp-gkehojshtcbfvhersqwajfujohau/SourcePackages/artifacts/firebase-ios-sdk/FirebaseFirestoreInternal/FirebaseFirestoreInternal.xcframework /Users/aleks/Library/Developer/Xcode/DerivedData/PlanItApp-gkehojshtcbfvhersqwajfujohau/Build/Products/Debug-iphonesimulator/FirebaseFirestoreInternal.framework ios simulator
    cd /Users/aleks/Desktop/PlanItApp/PlanItApp.xcodeproj
    builtin-process-xcframework --xcframework /Users/aleks/Library/Developer/Xcode/DerivedData/PlanItApp-gkehojshtcbfvhersqwajfujohau/SourcePackages/artifacts/firebase-ios-sdk/FirebaseFirestoreInternal/FirebaseFirestoreInternal.xcframework --platform ios --environment simulator --target-path /Users/aleks/Library/Developer/Xcode/DerivedData/PlanItApp-gkehojshtcbfvhersqwajfujohau/Build/Products/Debug-iphonesimulator
/Users/aleks/Library/Developer/Xcode/DerivedData/PlanItApp-gkehojshtcbfvhersqwajfujohau/SourcePackages/artifacts/firebase-ios-sdk/FirebaseFirestoreInternal/FirebaseFirestoreInternal.xcframework:1:1: note: The identity of “FirebaseFirestoreInternal.xcframework” is not recorded in your project.

ProcessXCFramework /Users/aleks/Library/Developer/Xcode/DerivedData/PlanItApp-gkehojshtcbfvhersqwajfujohau/SourcePackages/artifacts/abseil-cpp-binary/absl/absl.xcframework /Users/aleks/Library/Developer/Xcode/DerivedData/PlanItApp-gkehojshtcbfvhersqwajfujohau/Build/Products/Debug-iphonesimulator/absl.framework ios simulator
    cd /Users/aleks/Desktop/PlanItApp/PlanItApp.xcodeproj
    builtin-process-xcframework --xcframework /Users/aleks/Library/Developer/Xcode/DerivedData/PlanItApp-gkehojshtcbfvhersqwajfujohau/SourcePackages/artifacts/abseil-cpp-binary/absl/absl.xcframework --platform ios --environment simulator --target-path /Users/aleks/Library/Developer/Xcode/DerivedData/PlanItApp-gkehojshtcbfvhersqwajfujohau/Build/Products/Debug-iphonesimulator
/Users/aleks/Library/Developer/Xcode/DerivedData/PlanItApp-gkehojshtcbfvhersqwajfujohau/SourcePackages/artifacts/abseil-cpp-binary/absl/absl.xcframework:1:1: note: The identity of “absl.xcframework” is not recorded in your project.

ProcessXCFramework /Users/aleks/Library/Developer/Xcode/DerivedData/PlanItApp-gkehojshtcbfvhersqwajfujohau/SourcePackages/artifacts/grpc-binary/grpcpp/grpcpp.xcframework /Users/aleks/Library/Developer/Xcode/DerivedData/PlanItApp-gkehojshtcbfvhersqwajfujohau/Build/Products/Debug-iphonesimulator/grpcpp.framework ios simulator
    cd /Users/aleks/Desktop/PlanItApp/PlanItApp.xcodeproj
    builtin-process-xcframework --xcframework /Users/aleks/Library/Developer/Xcode/DerivedData/PlanItApp-gkehojshtcbfvhersqwajfujohau/SourcePackages/artifacts/grpc-binary/grpcpp/grpcpp.xcframework --platform ios --environment simulator --target-path /Users/aleks/Library/Developer/Xcode/DerivedData/PlanItApp-gkehojshtcbfvhersqwajfujohau/Build/Products/Debug-iphonesimulator
/Users/aleks/Library/Developer/Xcode/DerivedData/PlanItApp-gkehojshtcbfvhersqwajfujohau/SourcePackages/artifacts/grpc-binary/grpcpp/grpcpp.xcframework:1:1: note: The identity of “grpcpp.xcframework” is not recorded in your project.

ProcessXCFramework /Users/aleks/Library/Developer/Xcode/DerivedData/PlanItApp-gkehojshtcbfvhersqwajfujohau/SourcePackages/artifacts/grpc-binary/grpc/grpc.xcframework /Users/aleks/Library/Developer/Xcode/DerivedData/PlanItApp-gkehojshtcbfvhersqwajfujohau/Build/Products/Debug-iphonesimulator/grpc.framework ios simulator
    cd /Users/aleks/Desktop/PlanItApp/PlanItApp.xcodeproj
    builtin-process-xcframework --xcframework /Users/aleks/Library/Developer/Xcode/DerivedData/PlanItApp-gkehojshtcbfvhersqwajfujohau/SourcePackages/artifacts/grpc-binary/grpc/grpc.xcframework --platform ios --environment simulator --target-path /Users/aleks/Library/Developer/Xcode/DerivedData/PlanItApp-gkehojshtcbfvhersqwajfujohau/Build/Products/Debug-iphonesimulator
/Users/aleks/Library/Developer/Xcode/DerivedData/PlanItApp-gkehojshtcbfvhersqwajfujohau/SourcePackages/artifacts/grpc-binary/grpc/grpc.xcframework:1:1: note: The identity of “grpc.xcframework” is not recorded in your project.

PrecompileModule /Users/aleks/Library/Developer/Xcode/DerivedData/PlanItApp-gkehojshtcbfvhersqwajfujohau/Build/Intermediates.noindex/ExplicitPrecompiledModules/os_workgroup-D5TTENGAL5REB2MOOGX6VKZLG.scan
    cd /Users/aleks/Desktop/PlanItApp/PlanItApp.xcodeproj
    builtin-precompileModule /Users/aleks/Library/Developer/Xcode/DerivedData/PlanItApp-gkehojshtcbfvhersqwajfujohau/Build/Intermediates.noindex/ExplicitPrecompiledModules/os_workgroup-D5TTENGAL5REB2MOOGX6VKZLG.scan

PrecompileModule /Users/aleks/Library/Developer/Xcode/DerivedData/PlanItApp-gkehojshtcbfvhersqwajfujohau/Build/Intermediates.noindex/ExplicitPrecompiledModules/Dispatch-8CGKU6XIV3N0FND1NALMLYT93.scan
    cd /Users/aleks/Desktop/PlanItApp/PlanItApp.xcodeproj
    builtin-precompileModule /Users/aleks/Library/Developer/Xcode/DerivedData/PlanItApp-gkehojshtcbfvhersqwajfujohau/Build/Intermediates.noindex/ExplicitPrecompiledModules/Dispatch-8CGKU6XIV3N0FND1NALMLYT93.scan

PrecompileModule /Users/aleks/Library/Developer/Xcode/DerivedData/PlanItApp-gkehojshtcbfvhersqwajfujohau/Build/Intermediates.noindex/ExplicitPrecompiledModules/CoreVideo-EAK9VLMU2S1MJCDVU9XTHXJ0V.scan
    cd /Users/aleks/Desktop/PlanItApp/PlanItApp.xcodeproj
    builtin-precompileModule /Users/aleks/Library/Developer/Xcode/DerivedData/PlanItApp-gkehojshtcbfvhersqwajfujohau/Build/Intermediates.noindex/ExplicitPrecompiledModules/CoreVideo-EAK9VLMU2S1MJCDVU9XTHXJ0V.scan

ScanDependencies /Users/aleks/Library/Developer/Xcode/DerivedData/PlanItApp-gkehojshtcbfvhersqwajfujohau/Build/Intermediates.noindex/GoogleUtilities.build/Debug-iphonesimulator/GoogleUtilities-Logger.build/Objects-normal/arm64/resource_bundle_accessor.o /Users/aleks/Library/Developer/Xcode/DerivedData/PlanItApp-gkehojshtcbfvhersqwajfujohau/Build/Intermediates.noindex/GoogleUtilities.build/Debug-iphonesimulator/GoogleUtilities-Logger.build/DerivedSources/resource_bundle_accessor.m normal arm64 objective-c com.apple.compilers.llvm.clang.1_0.compiler (in target 'GoogleUtilities-Logger' from project 'GoogleUtilities')
    cd /Users/aleks/Desktop/PlanItApp/PlanItApp.xcodeproj
    
    Using response file: /Users/aleks/Library/Developer/Xcode/DerivedData/PlanItApp-gkehojshtcbfvhersqwajfujohau/Build/Intermediates.noindex/GoogleUtilities.build/Debug-iphonesimulator/GoogleUtilities-Logger.build/Objects-normal/arm64/e6072d4f65d7061329687fe24e3d63a7-common-args.resp
    
    builtin-ScanDependencies -o /Users/aleks/Library/Developer/Xcode/DerivedData/PlanItApp-gkehojshtcbfvhersqwajfujohau/Build/Intermediates.noindex/GoogleUtilities.build/Debug-iphonesimulator/GoogleUtilities-Logger.build/Objects-normal/arm64/resource_bundle_accessor.o.scan -- /Applications/Xcode.app/Contents/Developer/Toolchains/XcodeDefault.xctoolchain/usr/bin/clang -x objective-c -ivfsstatcache /Users/aleks/Library/Developer/Xcode/DerivedData/SDKStatCaches.noindex/iphonesimulator18.5-22F76-d5fc8ad4295d2ef488fb7d0f804ce0c4.sdkstatcache -fmessage-length\=0 -fdiagnostics-show-note-include-stack -fmacro-backtrace-limit\=0 -fno-color-diagnostics -fmodules-prune-interval\=86400 -fmodules-prune-after\=345600 -fbuild-session-file\=/Users/aleks/Library/Developer/Xcode/DerivedData/ModuleCache.noindex/Session.modulevalidation -fmodules-validate-once-per-build-session -Wnon-modular-include-in-framework-module -Werror\=non-modular-include-in-framework-module -Wno-trigraphs -Wno-missing-field-initializers -Wno-missing-prototypes -Wno-return-type -Wno-implicit-atomic-properties -Wno-objc-interface-ivars -Wno-arc-repeated-use-of-weak -Wno-missing-braces -Wparentheses -Wswitch -Wno-unused-function -Wno-unused-label -Wno-unused-parameter -Wno-unused-variable -Wunused-value -Wno-empty-body -Wno-uninitialized -Wno-unknown-pragmas -w -Wno-shadow -Wno-four-char-constants -Wno-conversion -Wno-constant-conversion -Wno-int-conversion -Wno-bool-conversion -Wno-enum-conversion -Wno-float-conversion -Wno-non-literal-null-conversion -Wno-objc-literal-conversion -Wshorten-64-to-32 -Wpointer-sign -Wno-newline-eof -Wno-selector -Wno-strict-selector-match -Wno-undeclared-selector -Wno-deprecated-implementations -Wno-implicit-fallthrough -fstrict-aliasing -Wprotocol -Wdeprecated-declarations -Wno-sign-conversion -Wno-infinite-recursion -Wno-comma -Wno-block-capture-autoreleasing -Wno-strict-prototypes -Wno-semicolon-before-method-body -index-store-path /Users/aleks/Library/Developer/Xcode/DerivedData/PlanItApp-gkehojshtcbfvhersqwajfujohau/Index.noindex/DataStore @/Users/aleks/Library/Developer/Xcode/DerivedData/PlanItApp-gkehojshtcbfvhersqwajfujohau/Build/Intermediates.noindex/GoogleUtilities.build/Debug-iphonesimulator/GoogleUtilities-Logger.build/Objects-normal/arm64/e6072d4f65d7061329687fe24e3d63a7-common-args.resp -include /Users/aleks/Library/Developer/Xcode/DerivedData/PlanItApp-gkehojshtcbfvhersqwajfujohau/Build/Intermediates.noindex/GoogleUtilities.build/Debug-iphonesimulator/GoogleUtilities-Logger.build/DerivedSources/resource_bundle_accessor.h -MMD -MT dependencies -MF /Users/aleks/Library/Developer/Xcode/DerivedData/PlanItApp-gkehojshtcbfvhersqwajfujohau/Build/Intermediates.noindex/GoogleUtilities.build/Debug-iphonesimulator/GoogleUtilities-Logger.build/Objects-normal/arm64/resource_bundle_accessor.d --serialize-diagnostics /Users/aleks/Library/Developer/Xcode/DerivedData/PlanItApp-gkehojshtcbfvhersqwajfujohau/Build/Intermediates.noindex/GoogleUtilities.build/Debug-iphonesimulator/GoogleUtilities-Logger.build/Objects-normal/arm64/resource_bundle_accessor.dia -c /Users/aleks/Library/Developer/Xcode/DerivedData/PlanItApp-gkehojshtcbfvhersqwajfujohau/Build/Intermediates.noindex/GoogleUtilities.build/Debug-iphonesimulator/GoogleUtilities-Logger.build/DerivedSources/resource_bundle_accessor.m -o /Users/aleks/Library/Developer/Xcode/DerivedData/PlanItApp-gkehojshtcbfvhersqwajfujohau/Build/Intermediates.noindex/GoogleUtilities.build/Debug-iphonesimulator/GoogleUtilities-Logger.build/Objects-normal/arm64/resource_bundle_accessor.o -index-unit-output-path /GoogleUtilities.build/Debug-iphonesimulator/GoogleUtilities-Logger.build/Objects-normal/arm64/resource_bundle_accessor.o

ScanDependencies /Users/aleks/Library/Developer/Xcode/DerivedData/PlanItApp-gkehojshtcbfvhersqwajfujohau/Build/Intermediates.noindex/GoogleUtilities.build/Debug-iphonesimulator/GoogleUtilities-Logger.build/Objects-normal/arm64/GULLogger.o /Users/aleks/Library/Developer/Xcode/DerivedData/PlanItApp-gkehojshtcbfvhersqwajfujohau/SourcePackages/checkouts/GoogleUtilities/GoogleUtilities/Logger/GULLogger.m normal arm64 objective-c com.apple.compilers.llvm.clang.1_0.compiler (in target 'GoogleUtilities-Logger' from project 'GoogleUtilities')
    cd /Users/aleks/Desktop/PlanItApp/PlanItApp.xcodeproj
    
    Using response file: /Users/aleks/Library/Developer/Xcode/DerivedData/PlanItApp-gkehojshtcbfvhersqwajfujohau/Build/Intermediates.noindex/GoogleUtilities.build/Debug-iphonesimulator/GoogleUtilities-Logger.build/Objects-normal/arm64/e6072d4f65d7061329687fe24e3d63a7-common-args.resp
    
    builtin-ScanDependencies -o /Users/aleks/Library/Developer/Xcode/DerivedData/PlanItApp-gkehojshtcbfvhersqwajfujohau/Build/Intermediates.noindex/GoogleUtilities.build/Debug-iphonesimulator/GoogleUtilities-Logger.build/Objects-normal/arm64/GULLogger.o.scan -- /Applications/Xcode.app/Contents/Developer/Toolchains/XcodeDefault.xctoolchain/usr/bin/clang -x objective-c -ivfsstatcache /Users/aleks/Library/Developer/Xcode/DerivedData/SDKStatCaches.noindex/iphonesimulator18.5-22F76-d5fc8ad4295d2ef488fb7d0f804ce0c4.sdkstatcache -fmessage-length\=0 -fdiagnostics-show-note-include-stack -fmacro-backtrace-limit\=0 -fno-color-diagnostics -fmodules-prune-interval\=86400 -fmodules-prune-after\=345600 -fbuild-session-file\=/Users/aleks/Library/Developer/Xcode/DerivedData/ModuleCache.noindex/Session.modulevalidation -fmodules-validate-once-per-build-session -Wnon-modular-include-in-framework-module -Werror\=non-modular-include-in-framework-module -Wno-trigraphs -Wno-missing-field-initializers -Wno-missing-prototypes -Wno-return-type -Wno-implicit-atomic-properties -Wno-objc-interface-ivars -Wno-arc-repeated-use-of-weak -Wno-missing-braces -Wparentheses -Wswitch -Wno-unused-function -Wno-unused-label -Wno-unused-parameter -Wno-unused-variable -Wunused-value -Wno-empty-body -Wno-uninitialized -Wno-unknown-pragmas -w -Wno-shadow -Wno-four-char-constants -Wno-conversion -Wno-constant-conversion -Wno-int-conversion -Wno-bool-conversion -Wno-enum-conversion -Wno-float-conversion -Wno-non-literal-null-conversion -Wno-objc-literal-conversion -Wshorten-64-to-32 -Wpointer-sign -Wno-newline-eof -Wno-selector -Wno-strict-selector-match -Wno-undeclared-selector -Wno-deprecated-implementations -Wno-implicit-fallthrough -fstrict-aliasing -Wprotocol -Wdeprecated-declarations -Wno-sign-conversion -Wno-infinite-recursion -Wno-comma -Wno-block-capture-autoreleasing -Wno-strict-prototypes -Wno-semicolon-before-method-body -index-store-path /Users/aleks/Library/Developer/Xcode/DerivedData/PlanItApp-gkehojshtcbfvhersqwajfujohau/Index.noindex/DataStore @/Users/aleks/Library/Developer/Xcode/DerivedData/PlanItApp-gkehojshtcbfvhersqwajfujohau/Build/Intermediates.noindex/GoogleUtilities.build/Debug-iphonesimulator/GoogleUtilities-Logger.build/Objects-normal/arm64/e6072d4f65d7061329687fe24e3d63a7-common-args.resp -include /Users/aleks/Library/Developer/Xcode/DerivedData/PlanItApp-gkehojshtcbfvhersqwajfujohau/Build/Intermediates.noindex/GoogleUtilities.build/Debug-iphonesimulator/GoogleUtilities-Logger.build/DerivedSources/resource_bundle_accessor.h -MMD -MT dependencies -MF /Users/aleks/Library/Developer/Xcode/DerivedData/PlanItApp-gkehojshtcbfvhersqwajfujohau/Build/Intermediates.noindex/GoogleUtilities.build/Debug-iphonesimulator/GoogleUtilities-Logger.build/Objects-normal/arm64/GULLogger.d --serialize-diagnostics /Users/aleks/Library/Developer/Xcode/DerivedData/PlanItApp-gkehojshtcbfvhersqwajfujohau/Build/Intermediates.noindex/GoogleUtilities.build/Debug-iphonesimulator/GoogleUtilities-Logger.build/Objects-normal/arm64/GULLogger.dia -c /Users/aleks/Library/Developer/Xcode/DerivedData/PlanItApp-gkehojshtcbfvhersqwajfujohau/SourcePackages/checkouts/GoogleUtilities/GoogleUtilities/Logger/GULLogger.m -o /Users/aleks/Library/Developer/Xcode/DerivedData/PlanItApp-gkehojshtcbfvhersqwajfujohau/Build/Intermediates.noindex/GoogleUtilities.build/Debug-iphonesimulator/GoogleUtilities-Logger.build/Objects-normal/arm64/GULLogger.o -index-unit-output-path /GoogleUtilities.build/Debug-iphonesimulator/GoogleUtilities-Logger.build/Objects-normal/arm64/GULLogger.o

CompileC /Users/aleks/Library/Developer/Xcode/DerivedData/PlanItApp-gkehojshtcbfvhersqwajfujohau/Build/Intermediates.noindex/leveldb.build/Debug-iphonesimulator/leveldb.build/Objects-normal/arm64/resource_bundle_accessor.o /Users/aleks/Library/Developer/Xcode/DerivedData/PlanItApp-gkehojshtcbfvhersqwajfujohau/Build/Intermediates.noindex/leveldb.build/Debug-iphonesimulator/leveldb.build/DerivedSources/resource_bundle_accessor.m normal arm64 objective-c com.apple.compilers.llvm.clang.1_0.compiler (in target 'leveldb' from project 'leveldb')
    cd /Users/aleks/Desktop/PlanItApp/PlanItApp.xcodeproj
    
    Using response file: /Users/aleks/Library/Developer/Xcode/DerivedData/PlanItApp-gkehojshtcbfvhersqwajfujohau/Build/Intermediates.noindex/leveldb.build/Debug-iphonesimulator/leveldb.build/Objects-normal/arm64/e6072d4f65d7061329687fe24e3d63a7-common-args.resp
    
    /Applications/Xcode.app/Contents/Developer/Toolchains/XcodeDefault.xctoolchain/usr/bin/clang -x objective-c -ivfsstatcache /Users/aleks/Library/Developer/Xcode/DerivedData/SDKStatCaches.noindex/iphonesimulator18.5-22F76-d5fc8ad4295d2ef488fb7d0f804ce0c4.sdkstatcache -fmessage-length\=0 -fdiagnostics-show-note-include-stack -fmacro-backtrace-limit\=0 -fno-color-diagnostics -fmodules-prune-interval\=86400 -fmodules-prune-after\=345600 -fbuild-session-file\=/Users/aleks/Library/Developer/Xcode/DerivedData/ModuleCache.noindex/Session.modulevalidation -fmodules-validate-once-per-build-session -Wnon-modular-include-in-framework-module -Werror\=non-modular-include-in-framework-module -Wno-trigraphs -Wno-missing-field-initializers -Wno-missing-prototypes -Wno-return-type -Wno-implicit-atomic-properties -Wno-objc-interface-ivars -Wno-arc-repeated-use-of-weak -Wno-missing-braces -Wparentheses -Wswitch -Wno-unused-function -Wno-unused-label -Wno-unused-parameter -Wno-unused-variable -Wunused-value -Wno-empty-body -Wno-uninitialized -Wno-unknown-pragmas -w -Wno-shadow -Wno-four-char-constants -Wno-conversion -Wno-constant-conversion -Wno-int-conversion -Wno-bool-conversion -Wno-enum-conversion -Wno-float-conversion -Wno-non-literal-null-conversion -Wno-objc-literal-conversion -Wshorten-64-to-32 -Wpointer-sign -Wno-newline-eof -Wno-selector -Wno-strict-selector-match -Wno-undeclared-selector -Wno-deprecated-implementations -Wno-implicit-fallthrough -fstrict-aliasing -Wprotocol -Wdeprecated-declarations -Wno-sign-conversion -Wno-infinite-recursion -Wno-comma -Wno-block-capture-autoreleasing -Wno-strict-prototypes -Wno-semicolon-before-method-body -index-store-path /Users/aleks/Library/Developer/Xcode/DerivedData/PlanItApp-gkehojshtcbfvhersqwajfujohau/Index.noindex/DataStore @/Users/aleks/Library/Developer/Xcode/DerivedData/PlanItApp-gkehojshtcbfvhersqwajfujohau/Build/Intermediates.noindex/leveldb.build/Debug-iphonesimulator/leveldb.build/Objects-normal/arm64/e6072d4f65d7061329687fe24e3d63a7-common-args.resp -include /Users/aleks/Library/Developer/Xcode/DerivedData/PlanItApp-gkehojshtcbfvhersqwajfujohau/Build/Intermediates.noindex/leveldb.build/Debug-iphonesimulator/leveldb.build/DerivedSources/resource_bundle_accessor.h -MMD -MT dependencies -MF /Users/aleks/Library/Developer/Xcode/DerivedData/PlanItApp-gkehojshtcbfvhersqwajfujohau/Build/Intermediates.noindex/leveldb.build/Debug-iphonesimulator/leveldb.build/Objects-normal/arm64/resource_bundle_accessor.d --serialize-diagnostics /Users/aleks/Library/Developer/Xcode/DerivedData/PlanItApp-gkehojshtcbfvhersqwajfujohau/Build/Intermediates.noindex/leveldb.build/Debug-iphonesimulator/leveldb.build/Objects-normal/arm64/resource_bundle_accessor.dia -c /Users/aleks/Library/Developer/Xcode/DerivedData/PlanItApp-gkehojshtcbfvhersqwajfujohau/Build/Intermediates.noindex/leveldb.build/Debug-iphonesimulator/leveldb.build/DerivedSources/resource_bundle_accessor.m -o /Users/aleks/Library/Developer/Xcode/DerivedData/PlanItApp-gkehojshtcbfvhersqwajfujohau/Build/Intermediates.noindex/leveldb.build/Debug-iphonesimulator/leveldb.build/Objects-normal/arm64/resource_bundle_accessor.o -index-unit-output-path /leveldb.build/Debug-iphonesimulator/leveldb.build/Objects-normal/arm64/resource_bundle_accessor.o

PrecompileModule /Users/aleks/Library/Developer/Xcode/DerivedData/PlanItApp-gkehojshtcbfvhersqwajfujohau/Build/Intermediates.noindex/ExplicitPrecompiledModules/XPC-31U5MR01F5XEJO1ULO4YNTJNN.scan
    cd /Users/aleks/Desktop/PlanItApp/PlanItApp.xcodeproj
    builtin-precompileModule /Users/aleks/Library/Developer/Xcode/DerivedData/PlanItApp-gkehojshtcbfvhersqwajfujohau/Build/Intermediates.noindex/ExplicitPrecompiledModules/XPC-31U5MR01F5XEJO1ULO4YNTJNN.scan

PrecompileModule /Users/aleks/Library/Developer/Xcode/DerivedData/PlanItApp-gkehojshtcbfvhersqwajfujohau/Build/Intermediates.noindex/ExplicitPrecompiledModules/CoreFoundation-6BUTNRN55MCQIE5S9JSIW4GY8.scan
    cd /Users/aleks/Desktop/PlanItApp/PlanItApp.xcodeproj
    builtin-precompileModule /Users/aleks/Library/Developer/Xcode/DerivedData/PlanItApp-gkehojshtcbfvhersqwajfujohau/Build/Intermediates.noindex/ExplicitPrecompiledModules/CoreFoundation-6BUTNRN55MCQIE5S9JSIW4GY8.scan

PrecompileModule /Users/aleks/Library/Developer/Xcode/DerivedData/PlanItApp-gkehojshtcbfvhersqwajfujohau/Build/Intermediates.noindex/ExplicitPrecompiledModules/QuartzCore-46EMY1TZHO26WDN77C3TVSKW9.scan
    cd /Users/aleks/Desktop/PlanItApp/PlanItApp.xcodeproj
    builtin-precompileModule /Users/aleks/Library/Developer/Xcode/DerivedData/PlanItApp-gkehojshtcbfvhersqwajfujohau/Build/Intermediates.noindex/ExplicitPrecompiledModules/QuartzCore-46EMY1TZHO26WDN77C3TVSKW9.scan

CompileC /Users/aleks/Library/Developer/Xcode/DerivedData/PlanItApp-gkehojshtcbfvhersqwajfujohau/Build/Intermediates.noindex/nanopb.build/Debug-iphonesimulator/nanopb.build/Objects-normal/arm64/resource_bundle_accessor.o /Users/aleks/Library/Developer/Xcode/DerivedData/PlanItApp-gkehojshtcbfvhersqwajfujohau/Build/Intermediates.noindex/nanopb.build/Debug-iphonesimulator/nanopb.build/DerivedSources/resource_bundle_accessor.m normal arm64 objective-c com.apple.compilers.llvm.clang.1_0.compiler (in target 'nanopb' from project 'nanopb')
    cd /Users/aleks/Desktop/PlanItApp/PlanItApp.xcodeproj
    
    Using response file: /Users/aleks/Library/Developer/Xcode/DerivedData/PlanItApp-gkehojshtcbfvhersqwajfujohau/Build/Intermediates.noindex/nanopb.build/Debug-iphonesimulator/nanopb.build/Objects-normal/arm64/e6072d4f65d7061329687fe24e3d63a7-common-args.resp
    
    /Applications/Xcode.app/Contents/Developer/Toolchains/XcodeDefault.xctoolchain/usr/bin/clang -x objective-c -ivfsstatcache /Users/aleks/Library/Developer/Xcode/DerivedData/SDKStatCaches.noindex/iphonesimulator18.5-22F76-d5fc8ad4295d2ef488fb7d0f804ce0c4.sdkstatcache -fmessage-length\=0 -fdiagnostics-show-note-include-stack -fmacro-backtrace-limit\=0 -fno-color-diagnostics -fmodules-prune-interval\=86400 -fmodules-prune-after\=345600 -fbuild-session-file\=/Users/aleks/Library/Developer/Xcode/DerivedData/ModuleCache.noindex/Session.modulevalidation -fmodules-validate-once-per-build-session -Wnon-modular-include-in-framework-module -Werror\=non-modular-include-in-framework-module -Wno-trigraphs -Wno-missing-field-initializers -Wno-missing-prototypes -Wno-return-type -Wno-implicit-atomic-properties -Wno-objc-interface-ivars -Wno-arc-repeated-use-of-weak -Wno-missing-braces -Wparentheses -Wswitch -Wno-unused-function -Wno-unused-label -Wno-unused-parameter -Wno-unused-variable -Wunused-value -Wno-empty-body -Wno-uninitialized -Wno-unknown-pragmas -w -Wno-shadow -Wno-four-char-constants -Wno-conversion -Wno-constant-conversion -Wno-int-conversion -Wno-bool-conversion -Wno-enum-conversion -Wno-float-conversion -Wno-non-literal-null-conversion -Wno-objc-literal-conversion -Wshorten-64-to-32 -Wpointer-sign -Wno-newline-eof -Wno-selector -Wno-strict-selector-match -Wno-undeclared-selector -Wno-deprecated-implementations -Wno-implicit-fallthrough -fstrict-aliasing -Wprotocol -Wdeprecated-declarations -Wno-sign-conversion -Wno-infinite-recursion -Wno-comma -Wno-block-capture-autoreleasing -Wno-strict-prototypes -Wno-semicolon-before-method-body -index-store-path /Users/aleks/Library/Developer/Xcode/DerivedData/PlanItApp-gkehojshtcbfvhersqwajfujohau/Index.noindex/DataStore @/Users/aleks/Library/Developer/Xcode/DerivedData/PlanItApp-gkehojshtcbfvhersqwajfujohau/Build/Intermediates.noindex/nanopb.build/Debug-iphonesimulator/nanopb.build/Objects-normal/arm64/e6072d4f65d7061329687fe24e3d63a7-common-args.resp -include /Users/aleks/Library/Developer/Xcode/DerivedData/PlanItApp-gkehojshtcbfvhersqwajfujohau/Build/Intermediates.noindex/nanopb.build/Debug-iphonesimulator/nanopb.build/DerivedSources/resource_bundle_accessor.h -MMD -MT dependencies -MF /Users/aleks/Library/Developer/Xcode/DerivedData/PlanItApp-gkehojshtcbfvhersqwajfujohau/Build/Intermediates.noindex/nanopb.build/Debug-iphonesimulator/nanopb.build/Objects-normal/arm64/resource_bundle_accessor.d --serialize-diagnostics /Users/aleks/Library/Developer/Xcode/DerivedData/PlanItApp-gkehojshtcbfvhersqwajfujohau/Build/Intermediates.noindex/nanopb.build/Debug-iphonesimulator/nanopb.build/Objects-normal/arm64/resource_bundle_accessor.dia -c /Users/aleks/Library/Developer/Xcode/DerivedData/PlanItApp-gkehojshtcbfvhersqwajfujohau/Build/Intermediates.noindex/nanopb.build/Debug-iphonesimulator/nanopb.build/DerivedSources/resource_bundle_accessor.m -o /Users/aleks/Library/Developer/Xcode/DerivedData/PlanItApp-gkehojshtcbfvhersqwajfujohau/Build/Intermediates.noindex/nanopb.build/Debug-iphonesimulator/nanopb.build/Objects-normal/arm64/resource_bundle_accessor.o -index-unit-output-path /nanopb.build/Debug-iphonesimulator/nanopb.build/Objects-normal/arm64/resource_bundle_accessor.o

PrecompileModule /Users/aleks/Library/Developer/Xcode/DerivedData/PlanItApp-gkehojshtcbfvhersqwajfujohau/Build/Intermediates.noindex/ExplicitPrecompiledModules/CoreImage-3D8XONUCW3OQBWSNGWO516WKX.scan
    cd /Users/aleks/Desktop/PlanItApp/PlanItApp.xcodeproj
    builtin-precompileModule /Users/aleks/Library/Developer/Xcode/DerivedData/PlanItApp-gkehojshtcbfvhersqwajfujohau/Build/Intermediates.noindex/ExplicitPrecompiledModules/CoreImage-3D8XONUCW3OQBWSNGWO516WKX.scan

CompileC /Users/aleks/Library/Developer/Xcode/DerivedData/PlanItApp-gkehojshtcbfvhersqwajfujohau/Build/Intermediates.noindex/GoogleUtilities.build/Debug-iphonesimulator/GoogleUtilities-Logger.build/Objects-normal/arm64/resource_bundle_accessor.o /Users/aleks/Library/Developer/Xcode/DerivedData/PlanItApp-gkehojshtcbfvhersqwajfujohau/Build/Intermediates.noindex/GoogleUtilities.build/Debug-iphonesimulator/GoogleUtilities-Logger.build/DerivedSources/resource_bundle_accessor.m normal arm64 objective-c com.apple.compilers.llvm.clang.1_0.compiler (in target 'GoogleUtilities-Logger' from project 'GoogleUtilities')
    cd /Users/aleks/Desktop/PlanItApp/PlanItApp.xcodeproj
    
    Using response file: /Users/aleks/Library/Developer/Xcode/DerivedData/PlanItApp-gkehojshtcbfvhersqwajfujohau/Build/Intermediates.noindex/GoogleUtilities.build/Debug-iphonesimulator/GoogleUtilities-Logger.build/Objects-normal/arm64/e6072d4f65d7061329687fe24e3d63a7-common-args.resp
    
    /Applications/Xcode.app/Contents/Developer/Toolchains/XcodeDefault.xctoolchain/usr/bin/clang -x objective-c -ivfsstatcache /Users/aleks/Library/Developer/Xcode/DerivedData/SDKStatCaches.noindex/iphonesimulator18.5-22F76-d5fc8ad4295d2ef488fb7d0f804ce0c4.sdkstatcache -fmessage-length\=0 -fdiagnostics-show-note-include-stack -fmacro-backtrace-limit\=0 -fno-color-diagnostics -fmodules-prune-interval\=86400 -fmodules-prune-after\=345600 -fbuild-session-file\=/Users/aleks/Library/Developer/Xcode/DerivedData/ModuleCache.noindex/Session.modulevalidation -fmodules-validate-once-per-build-session -Wnon-modular-include-in-framework-module -Werror\=non-modular-include-in-framework-module -Wno-trigraphs -Wno-missing-field-initializers -Wno-missing-prototypes -Wno-return-type -Wno-implicit-atomic-properties -Wno-objc-interface-ivars -Wno-arc-repeated-use-of-weak -Wno-missing-braces -Wparentheses -Wswitch -Wno-unused-function -Wno-unused-label -Wno-unused-parameter -Wno-unused-variable -Wunused-value -Wno-empty-body -Wno-uninitialized -Wno-unknown-pragmas -w -Wno-shadow -Wno-four-char-constants -Wno-conversion -Wno-constant-conversion -Wno-int-conversion -Wno-bool-conversion -Wno-enum-conversion -Wno-float-conversion -Wno-non-literal-null-conversion -Wno-objc-literal-conversion -Wshorten-64-to-32 -Wpointer-sign -Wno-newline-eof -Wno-selector -Wno-strict-selector-match -Wno-undeclared-selector -Wno-deprecated-implementations -Wno-implicit-fallthrough -fstrict-aliasing -Wprotocol -Wdeprecated-declarations -Wno-sign-conversion -Wno-infinite-recursion -Wno-comma -Wno-block-capture-autoreleasing -Wno-strict-prototypes -Wno-semicolon-before-method-body -index-store-path /Users/aleks/Library/Developer/Xcode/DerivedData/PlanItApp-gkehojshtcbfvhersqwajfujohau/Index.noindex/DataStore @/Users/aleks/Library/Developer/Xcode/DerivedData/PlanItApp-gkehojshtcbfvhersqwajfujohau/Build/Intermediates.noindex/GoogleUtilities.build/Debug-iphonesimulator/GoogleUtilities-Logger.build/Objects-normal/arm64/e6072d4f65d7061329687fe24e3d63a7-common-args.resp -include /Users/aleks/Library/Developer/Xcode/DerivedData/PlanItApp-gkehojshtcbfvhersqwajfujohau/Build/Intermediates.noindex/GoogleUtilities.build/Debug-iphonesimulator/GoogleUtilities-Logger.build/DerivedSources/resource_bundle_accessor.h -MMD -MT dependencies -MF /Users/aleks/Library/Developer/Xcode/DerivedData/PlanItApp-gkehojshtcbfvhersqwajfujohau/Build/Intermediates.noindex/GoogleUtilities.build/Debug-iphonesimulator/GoogleUtilities-Logger.build/Objects-normal/arm64/resource_bundle_accessor.d --serialize-diagnostics /Users/aleks/Library/Developer/Xcode/DerivedData/PlanItApp-gkehojshtcbfvhersqwajfujohau/Build/Intermediates.noindex/GoogleUtilities.build/Debug-iphonesimulator/GoogleUtilities-Logger.build/Objects-normal/arm64/resource_bundle_accessor.dia -c /Users/aleks/Library/Developer/Xcode/DerivedData/PlanItApp-gkehojshtcbfvhersqwajfujohau/Build/Intermediates.noindex/GoogleUtilities.build/Debug-iphonesimulator/GoogleUtilities-Logger.build/DerivedSources/resource_bundle_accessor.m -o /Users/aleks/Library/Developer/Xcode/DerivedData/PlanItApp-gkehojshtcbfvhersqwajfujohau/Build/Intermediates.noindex/GoogleUtilities.build/Debug-iphonesimulator/GoogleUtilities-Logger.build/Objects-normal/arm64/resource_bundle_accessor.o -index-unit-output-path /GoogleUtilities.build/Debug-iphonesimulator/GoogleUtilities-Logger.build/Objects-normal/arm64/resource_bundle_accessor.o

ScanDependencies /Users/aleks/Library/Developer/Xcode/DerivedData/PlanItApp-gkehojshtcbfvhersqwajfujohau/Build/Intermediates.noindex/Firebase.build/Debug-iphonesimulator/FirebaseAuthInternal.build/Objects-normal/arm64/FIRMultiFactorConstants.o /Users/aleks/Library/Developer/Xcode/DerivedData/PlanItApp-gkehojshtcbfvhersqwajfujohau/SourcePackages/checkouts/firebase-ios-sdk/FirebaseAuth/Sources/ObjC/FIRMultiFactorConstants.m normal arm64 objective-c com.apple.compilers.llvm.clang.1_0.compiler (in target 'FirebaseAuthInternal' from project 'Firebase')
    cd /Users/aleks/Desktop/PlanItApp/PlanItApp.xcodeproj
    
    Using response file: /Users/aleks/Library/Developer/Xcode/DerivedData/PlanItApp-gkehojshtcbfvhersqwajfujohau/Build/Intermediates.noindex/Firebase.build/Debug-iphonesimulator/FirebaseAuthInternal.build/Objects-normal/arm64/e6072d4f65d7061329687fe24e3d63a7-common-args.resp
    
    builtin-ScanDependencies -o /Users/aleks/Library/Developer/Xcode/DerivedData/PlanItApp-gkehojshtcbfvhersqwajfujohau/Build/Intermediates.noindex/Firebase.build/Debug-iphonesimulator/FirebaseAuthInternal.build/Objects-normal/arm64/FIRMultiFactorConstants.o.scan -- /Applications/Xcode.app/Contents/Developer/Toolchains/XcodeDefault.xctoolchain/usr/bin/clang -x objective-c -ivfsstatcache /Users/aleks/Library/Developer/Xcode/DerivedData/SDKStatCaches.noindex/iphonesimulator18.5-22F76-d5fc8ad4295d2ef488fb7d0f804ce0c4.sdkstatcache -fmessage-length\=0 -fdiagnostics-show-note-include-stack -fmacro-backtrace-limit\=0 -fno-color-diagnostics -fmodules-prune-interval\=86400 -fmodules-prune-after\=345600 -fbuild-session-file\=/Users/aleks/Library/Developer/Xcode/DerivedData/ModuleCache.noindex/Session.modulevalidation -fmodules-validate-once-per-build-session -Wnon-modular-include-in-framework-module -Werror\=non-modular-include-in-framework-module -Wno-trigraphs -Wno-missing-field-initializers -Wno-missing-prototypes -Wno-return-type -Wno-implicit-atomic-properties -Wno-objc-interface-ivars -Wno-arc-repeated-use-of-weak -Wno-missing-braces -Wparentheses -Wswitch -Wno-unused-function -Wno-unused-label -Wno-unused-parameter -Wno-unused-variable -Wunused-value -Wno-empty-body -Wno-uninitialized -Wno-unknown-pragmas -w -Wno-shadow -Wno-four-char-constants -Wno-conversion -Wno-constant-conversion -Wno-int-conversion -Wno-bool-conversion -Wno-enum-conversion -Wno-float-conversion -Wno-non-literal-null-conversion -Wno-objc-literal-conversion -Wshorten-64-to-32 -Wpointer-sign -Wno-newline-eof -Wno-selector -Wno-strict-selector-match -Wno-undeclared-selector -Wno-deprecated-implementations -Wno-implicit-fallthrough -fstrict-aliasing -Wprotocol -Wdeprecated-declarations -Wno-sign-conversion -Wno-infinite-recursion -Wno-comma -Wno-block-capture-autoreleasing -Wno-strict-prototypes -Wno-semicolon-before-method-body -index-store-path /Users/aleks/Library/Developer/Xcode/DerivedData/PlanItApp-gkehojshtcbfvhersqwajfujohau/Index.noindex/DataStore @/Users/aleks/Library/Developer/Xcode/DerivedData/PlanItApp-gkehojshtcbfvhersqwajfujohau/Build/Intermediates.noindex/Firebase.build/Debug-iphonesimulator/FirebaseAuthInternal.build/Objects-normal/arm64/e6072d4f65d7061329687fe24e3d63a7-common-args.resp -MMD -MT dependencies -MF /Users/aleks/Library/Developer/Xcode/DerivedData/PlanItApp-gkehojshtcbfvhersqwajfujohau/Build/Intermediates.noindex/Firebase.build/Debug-iphonesimulator/FirebaseAuthInternal.build/Objects-normal/arm64/FIRMultiFactorConstants.d --serialize-diagnostics /Users/aleks/Library/Developer/Xcode/DerivedData/PlanItApp-gkehojshtcbfvhersqwajfujohau/Build/Intermediates.noindex/Firebase.build/Debug-iphonesimulator/FirebaseAuthInternal.build/Objects-normal/arm64/FIRMultiFactorConstants.dia -c /Users/aleks/Library/Developer/Xcode/DerivedData/PlanItApp-gkehojshtcbfvhersqwajfujohau/SourcePackages/checkouts/firebase-ios-sdk/FirebaseAuth/Sources/ObjC/FIRMultiFactorConstants.m -o /Users/aleks/Library/Developer/Xcode/DerivedData/PlanItApp-gkehojshtcbfvhersqwajfujohau/Build/Intermediates.noindex/Firebase.build/Debug-iphonesimulator/FirebaseAuthInternal.build/Objects-normal/arm64/FIRMultiFactorConstants.o -index-unit-output-path /Firebase.build/Debug-iphonesimulator/FirebaseAuthInternal.build/Objects-normal/arm64/FIRMultiFactorConstants.o

WriteAuxiliaryFile /Users/aleks/Library/Developer/Xcode/DerivedData/PlanItApp-gkehojshtcbfvhersqwajfujohau/Build/Intermediates.noindex/Firebase.build/Debug-iphonesimulator/FirebaseFirestoreTarget.build/Objects-normal/arm64/e6072d4f65d7061329687fe24e3d63a7-common-args.resp (in target 'FirebaseFirestoreTarget' from project 'Firebase')
    cd /Users/aleks/Library/Developer/Xcode/DerivedData/PlanItApp-gkehojshtcbfvhersqwajfujohau/SourcePackages/checkouts/firebase-ios-sdk
    write-file /Users/aleks/Library/Developer/Xcode/DerivedData/PlanItApp-gkehojshtcbfvhersqwajfujohau/Build/Intermediates.noindex/Firebase.build/Debug-iphonesimulator/FirebaseFirestoreTarget.build/Objects-normal/arm64/e6072d4f65d7061329687fe24e3d63a7-common-args.resp
-target arm64-apple-ios12.0-simulator -fobjc-arc -fmodules -gmodules '-fmodules-cache-path=/Users/aleks/Library/Developer/Xcode/DerivedData/ModuleCache.noindex' '-fmodule-name=FirebaseFirestoreTarget' -fpascal-strings -O0 -DSWIFT_PACKAGE '-DDEBUG=1' '-DFIREBASE_BINARY_FIRESTORE=1' '-DOBJC_OLD_DISPATCH_PROTOTYPES=1' -isysroot /Applications/Xcode.app/Contents/Developer/Platforms/iPhoneSimulator.platform/Developer/SDKs/iPhoneSimulator18.5.sdk -g '-fobjc-abi-version=2' -fobjc-legacy-dispatch -fprofile-instr-generate -fcoverage-mapping -I/Users/aleks/Library/Developer/Xcode/DerivedData/PlanItApp-gkehojshtcbfvhersqwajfujohau/SourcePackages/checkouts/GoogleUtilities/GoogleUtilities/NSData+zlib/Public -I/Users/aleks/Library/Developer/Xcode/DerivedData/PlanItApp-gkehojshtcbfvhersqwajfujohau/SourcePackages/checkouts/GoogleUtilities/GoogleUtilities/Environment/Public -I/Users/aleks/Library/Developer/Xcode/DerivedData/PlanItApp-gkehojshtcbfvhersqwajfujohau/SourcePackages/checkouts/GoogleUtilities/third_party/IsAppEncrypted/Public -I/Users/aleks/Library/Developer/Xcode/DerivedData/PlanItApp-gkehojshtcbfvhersqwajfujohau/SourcePackages/checkouts/GoogleUtilities/GoogleUtilities/Logger/Public -I/Users/aleks/Library/Developer/Xcode/DerivedData/PlanItApp-gkehojshtcbfvhersqwajfujohau/SourcePackages/checkouts/abseil-cpp-binary/absl-Wrapper/include -I/Users/aleks/Library/Developer/Xcode/DerivedData/PlanItApp-gkehojshtcbfvhersqwajfujohau/SourcePackages/checkouts/grpc-binary/openssl-grpc-Wrapper/include -I/Users/aleks/Library/Developer/Xcode/DerivedData/PlanItApp-gkehojshtcbfvhersqwajfujohau/SourcePackages/checkouts/grpc-binary/grpc-Wrapper/include -I/Users/aleks/Library/Developer/Xcode/DerivedData/PlanItApp-gkehojshtcbfvhersqwajfujohau/SourcePackages/checkouts/grpc-binary/grpcpp-Wrapper/include -I/Users/aleks/Library/Developer/Xcode/DerivedData/PlanItApp-gkehojshtcbfvhersqwajfujohau/SourcePackages/checkouts/nanopb/spm_headers -I/Users/aleks/Library/Developer/Xcode/DerivedData/PlanItApp-gkehojshtcbfvhersqwajfujohau/SourcePackages/checkouts/leveldb/include -I/Users/aleks/Library/Developer/Xcode/DerivedData/PlanItApp-gkehojshtcbfvhersqwajfujohau/SourcePackages/checkouts/firebase-ios-sdk/FirebaseCore/Extension -I/Users/aleks/Library/Developer/Xcode/DerivedData/PlanItApp-gkehojshtcbfvhersqwajfujohau/SourcePackages/checkouts/firebase-ios-sdk/FirebaseCore/Sources/Public -I/Users/aleks/Library/Developer/Xcode/DerivedData/PlanItApp-gkehojshtcbfvhersqwajfujohau/SourcePackages/checkouts/firebase-ios-sdk/CoreOnly/Sources -I/Users/aleks/Library/Developer/Xcode/DerivedData/PlanItApp-gkehojshtcbfvhersqwajfujohau/SourcePackages/checkouts/firebase-ios-sdk/FirebaseAppCheck/Interop/Public -I/Users/aleks/Library/Developer/Xcode/DerivedData/PlanItApp-gkehojshtcbfvhersqwajfujohau/SourcePackages/checkouts/firebase-ios-sdk/FirebaseFirestoreInternal -I/Users/aleks/Library/Developer/Xcode/DerivedData/PlanItApp-gkehojshtcbfvhersqwajfujohau/Build/Products/Debug-iphonesimulator/include -I/Users/aleks/Library/Developer/Xcode/DerivedData/PlanItApp-gkehojshtcbfvhersqwajfujohau/SourcePackages/checkouts/firebase-ios-sdk/SwiftPM-PlatformExclude/FirebaseFirestoreWrap/include -I/Users/aleks/Library/Developer/Xcode/DerivedData/PlanItApp-gkehojshtcbfvhersqwajfujohau/Build/Intermediates.noindex/Firebase.build/Debug-iphonesimulator/FirebaseFirestoreTarget.build/DerivedSources-normal/arm64 -I/Users/aleks/Library/Developer/Xcode/DerivedData/PlanItApp-gkehojshtcbfvhersqwajfujohau/Build/Intermediates.noindex/Firebase.build/Debug-iphonesimulator/FirebaseFirestoreTarget.build/DerivedSources/arm64 -I/Users/aleks/Library/Developer/Xcode/DerivedData/PlanItApp-gkehojshtcbfvhersqwajfujohau/Build/Intermediates.noindex/Firebase.build/Debug-iphonesimulator/FirebaseFirestoreTarget.build/DerivedSources -F/Users/aleks/Library/Developer/Xcode/DerivedData/PlanItApp-gkehojshtcbfvhersqwajfujohau/Build/Products/Debug-iphonesimulator/PackageFrameworks -F/Users/aleks/Library/Developer/Xcode/DerivedData/PlanItApp-gkehojshtcbfvhersqwajfujohau/Build/Products/Debug-iphonesimulator/PackageFrameworks -F/Users/aleks/Library/Developer/Xcode/DerivedData/PlanItApp-gkehojshtcbfvhersqwajfujohau/Build/Products/Debug-iphonesimulator/PackageFrameworks -F/Users/aleks/Library/Developer/Xcode/DerivedData/PlanItApp-gkehojshtcbfvhersqwajfujohau/Build/Products/Debug-iphonesimulator/PackageFrameworks -F/Users/aleks/Library/Developer/Xcode/DerivedData/PlanItApp-gkehojshtcbfvhersqwajfujohau/Build/Products/Debug-iphonesimulator/PackageFrameworks -F/Users/aleks/Library/Developer/Xcode/DerivedData/PlanItApp-gkehojshtcbfvhersqwajfujohau/Build/Products/Debug-iphonesimulator/PackageFrameworks -F/Users/aleks/Library/Developer/Xcode/DerivedData/PlanItApp-gkehojshtcbfvhersqwajfujohau/Build/Products/Debug-iphonesimulator/PackageFrameworks -F/Users/aleks/Library/Developer/Xcode/DerivedData/PlanItApp-gkehojshtcbfvhersqwajfujohau/Build/Products/Debug-iphonesimulator/PackageFrameworks -F/Users/aleks/Library/Developer/Xcode/DerivedData/PlanItApp-gkehojshtcbfvhersqwajfujohau/Build/Products/Debug-iphonesimulator/PackageFrameworks -F/Users/aleks/Library/Developer/Xcode/DerivedData/PlanItApp-gkehojshtcbfvhersqwajfujohau/Build/Products/Debug-iphonesimulator/PackageFrameworks -F/Users/aleks/Library/Developer/Xcode/DerivedData/PlanItApp-gkehojshtcbfvhersqwajfujohau/Build/Products/Debug-iphonesimulator/PackageFrameworks -F/Users/aleks/Library/Developer/Xcode/DerivedData/PlanItApp-gkehojshtcbfvhersqwajfujohau/Build/Products/Debug-iphonesimulator/PackageFrameworks -F/Users/aleks/Library/Developer/Xcode/DerivedData/PlanItApp-gkehojshtcbfvhersqwajfujohau/Build/Products/Debug-iphonesimulator/PackageFrameworks -F/Users/aleks/Library/Developer/Xcode/DerivedData/PlanItApp-gkehojshtcbfvhersqwajfujohau/Build/Products/Debug-iphonesimulator/PackageFrameworks -F/Users/aleks/Library/Developer/Xcode/DerivedData/PlanItApp-gkehojshtcbfvhersqwajfujohau/Build/Products/Debug-iphonesimulator/PackageFrameworks -F/Users/aleks/Library/Developer/Xcode/DerivedData/PlanItApp-gkehojshtcbfvhersqwajfujohau/Build/Products/Debug-iphonesimulator/PackageFrameworks -F/Users/aleks/Library/Developer/Xcode/DerivedData/PlanItApp-gkehojshtcbfvhersqwajfujohau/Build/Products/Debug-iphonesimulator/PackageFrameworks -F/Users/aleks/Library/Developer/Xcode/DerivedData/PlanItApp-gkehojshtcbfvhersqwajfujohau/Build/Products/Debug-iphonesimulator/PackageFrameworks -F/Users/aleks/Library/Developer/Xcode/DerivedData/PlanItApp-gkehojshtcbfvhersqwajfujohau/Build/Products/Debug-iphonesimulator -iframework /Applications/Xcode.app/Contents/Developer/Platforms/iPhoneSimulator.platform/Developer/Library/Frameworks -iframework /Applications/Xcode.app/Contents/Developer/Platforms/iPhoneSimulator.platform/Developer/SDKs/iPhoneSimulator18.5.sdk/Developer/Library/Frameworks '-fmodule-map-file=/Users/aleks/Library/Developer/Xcode/DerivedData/PlanItApp-gkehojshtcbfvhersqwajfujohau/Build/Intermediates.noindex/GeneratedModuleMaps-iphonesimulator/GoogleUtilities-NSData.modulemap' '-fmodule-map-file=/Users/aleks/Library/Developer/Xcode/DerivedData/PlanItApp-gkehojshtcbfvhersqwajfujohau/Build/Intermediates.noindex/GeneratedModuleMaps-iphonesimulator/GoogleUtilities-Environment.modulemap' '-fmodule-map-file=/Users/aleks/Library/Developer/Xcode/DerivedData/PlanItApp-gkehojshtcbfvhersqwajfujohau/Build/Intermediates.noindex/GeneratedModuleMaps-iphonesimulator/third-party-IsAppEncrypted.modulemap' '-fmodule-map-file=/Users/aleks/Library/Developer/Xcode/DerivedData/PlanItApp-gkehojshtcbfvhersqwajfujohau/Build/Intermediates.noindex/GeneratedModuleMaps-iphonesimulator/GoogleUtilities-Logger.modulemap' '-fmodule-map-file=/Users/aleks/Library/Developer/Xcode/DerivedData/PlanItApp-gkehojshtcbfvhersqwajfujohau/Build/Intermediates.noindex/GeneratedModuleMaps-iphonesimulator/abslWrapper.modulemap' '-fmodule-map-file=/Users/aleks/Library/Developer/Xcode/DerivedData/PlanItApp-gkehojshtcbfvhersqwajfujohau/Build/Intermediates.noindex/GeneratedModuleMaps-iphonesimulator/opensslWrapper.modulemap' '-fmodule-map-file=/Users/aleks/Library/Developer/Xcode/DerivedData/PlanItApp-gkehojshtcbfvhersqwajfujohau/Build/Intermediates.noindex/GeneratedModuleMaps-iphonesimulator/grpcWrapper.modulemap' '-fmodule-map-file=/Users/aleks/Library/Developer/Xcode/DerivedData/PlanItApp-gkehojshtcbfvhersqwajfujohau/Build/Intermediates.noindex/GeneratedModuleMaps-iphonesimulator/grpcppWrapper.modulemap' '-fmodule-map-file=/Users/aleks/Library/Developer/Xcode/DerivedData/PlanItApp-gkehojshtcbfvhersqwajfujohau/Build/Intermediates.noindex/GeneratedModuleMaps-iphonesimulator/nanopb.modulemap' '-fmodule-map-file=/Users/aleks/Library/Developer/Xcode/DerivedData/PlanItApp-gkehojshtcbfvhersqwajfujohau/Build/Intermediates.noindex/GeneratedModuleMaps-iphonesimulator/leveldb.modulemap' '-fmodule-map-file=/Users/aleks/Library/Developer/Xcode/DerivedData/PlanItApp-gkehojshtcbfvhersqwajfujohau/Build/Intermediates.noindex/GeneratedModuleMaps-iphonesimulator/FirebaseFirestore.modulemap' '-fmodule-map-file=/Users/aleks/Library/Developer/Xcode/DerivedData/PlanItApp-gkehojshtcbfvhersqwajfujohau/Build/Intermediates.noindex/GeneratedModuleMaps-iphonesimulator/FirebaseSharedSwift.modulemap' '-fmodule-map-file=/Users/aleks/Library/Developer/Xcode/DerivedData/PlanItApp-gkehojshtcbfvhersqwajfujohau/Build/Intermediates.noindex/GeneratedModuleMaps-iphonesimulator/FirebaseCoreExtension.modulemap' '-fmodule-map-file=/Users/aleks/Library/Developer/Xcode/DerivedData/PlanItApp-gkehojshtcbfvhersqwajfujohau/Build/Intermediates.noindex/GeneratedModuleMaps-iphonesimulator/FirebaseCore.modulemap' '-fmodule-map-file=/Users/aleks/Library/Developer/Xcode/DerivedData/PlanItApp-gkehojshtcbfvhersqwajfujohau/Build/Intermediates.noindex/GeneratedModuleMaps-iphonesimulator/FirebaseCoreInternal.modulemap' '-fmodule-map-file=/Users/aleks/Library/Developer/Xcode/DerivedData/PlanItApp-gkehojshtcbfvhersqwajfujohau/Build/Intermediates.noindex/GeneratedModuleMaps-iphonesimulator/FirebaseAppCheckInterop.modulemap' '-fmodule-map-file=/Users/aleks/Library/Developer/Xcode/DerivedData/PlanItApp-gkehojshtcbfvhersqwajfujohau/Build/Intermediates.noindex/GeneratedModuleMaps-iphonesimulator/FirebaseFirestoreInternalWrapper.modulemap' -DXcode

WriteAuxiliaryFile /Users/aleks/Library/Developer/Xcode/DerivedData/PlanItApp-gkehojshtcbfvhersqwajfujohau/Build/Intermediates.noindex/Firebase.build/Debug-iphonesimulator/FirebaseFirestoreTarget.build/Objects-normal/arm64/FirebaseFirestoreTarget.LinkFileList (in target 'FirebaseFirestoreTarget' from project 'Firebase')
    cd /Users/aleks/Library/Developer/Xcode/DerivedData/PlanItApp-gkehojshtcbfvhersqwajfujohau/SourcePackages/checkouts/firebase-ios-sdk
    write-file /Users/aleks/Library/Developer/Xcode/DerivedData/PlanItApp-gkehojshtcbfvhersqwajfujohau/Build/Intermediates.noindex/Firebase.build/Debug-iphonesimulator/FirebaseFirestoreTarget.build/Objects-normal/arm64/FirebaseFirestoreTarget.LinkFileList

WriteAuxiliaryFile /Users/aleks/Library/Developer/Xcode/DerivedData/PlanItApp-gkehojshtcbfvhersqwajfujohau/Build/Intermediates.noindex/Firebase.build/Debug-iphonesimulator/FirebaseFirestoreTarget.build/FirebaseFirestoreTarget.modulemap (in target 'FirebaseFirestoreTarget' from project 'Firebase')
    cd /Users/aleks/Library/Developer/Xcode/DerivedData/PlanItApp-gkehojshtcbfvhersqwajfujohau/SourcePackages/checkouts/firebase-ios-sdk
    write-file /Users/aleks/Library/Developer/Xcode/DerivedData/PlanItApp-gkehojshtcbfvhersqwajfujohau/Build/Intermediates.noindex/Firebase.build/Debug-iphonesimulator/FirebaseFirestoreTarget.build/FirebaseFirestoreTarget.modulemap

WriteAuxiliaryFile /Users/aleks/Library/Developer/Xcode/DerivedData/PlanItApp-gkehojshtcbfvhersqwajfujohau/Build/Intermediates.noindex/Firebase.build/Debug-iphonesimulator/FirebaseFirestoreTarget.build/FirebaseFirestoreTarget.DependencyStaticMetadataFileList (in target 'FirebaseFirestoreTarget' from project 'Firebase')
    cd /Users/aleks/Library/Developer/Xcode/DerivedData/PlanItApp-gkehojshtcbfvhersqwajfujohau/SourcePackages/checkouts/firebase-ios-sdk
    write-file /Users/aleks/Library/Developer/Xcode/DerivedData/PlanItApp-gkehojshtcbfvhersqwajfujohau/Build/Intermediates.noindex/Firebase.build/Debug-iphonesimulator/FirebaseFirestoreTarget.build/FirebaseFirestoreTarget.DependencyStaticMetadataFileList

WriteAuxiliaryFile /Users/aleks/Library/Developer/Xcode/DerivedData/PlanItApp-gkehojshtcbfvhersqwajfujohau/Build/Intermediates.noindex/Firebase.build/Debug-iphonesimulator/FirebaseFirestoreTarget.build/FirebaseFirestoreTarget.DependencyMetadataFileList (in target 'FirebaseFirestoreTarget' from project 'Firebase')
    cd /Users/aleks/Library/Developer/Xcode/DerivedData/PlanItApp-gkehojshtcbfvhersqwajfujohau/SourcePackages/checkouts/firebase-ios-sdk
    write-file /Users/aleks/Library/Developer/Xcode/DerivedData/PlanItApp-gkehojshtcbfvhersqwajfujohau/Build/Intermediates.noindex/Firebase.build/Debug-iphonesimulator/FirebaseFirestoreTarget.build/FirebaseFirestoreTarget.DependencyMetadataFileList

Copy /Users/aleks/Library/Developer/Xcode/DerivedData/PlanItApp-gkehojshtcbfvhersqwajfujohau/Build/Intermediates.noindex/GeneratedModuleMaps-iphonesimulator/FirebaseFirestoreTarget.modulemap /Users/aleks/Library/Developer/Xcode/DerivedData/PlanItApp-gkehojshtcbfvhersqwajfujohau/Build/Intermediates.noindex/Firebase.build/Debug-iphonesimulator/FirebaseFirestoreTarget.build/FirebaseFirestoreTarget.modulemap (in target 'FirebaseFirestoreTarget' from project 'Firebase')
    cd /Users/aleks/Library/Developer/Xcode/DerivedData/PlanItApp-gkehojshtcbfvhersqwajfujohau/SourcePackages/checkouts/firebase-ios-sdk
    builtin-copy -exclude .DS_Store -exclude CVS -exclude .svn -exclude .git -exclude .hg -resolve-src-symlinks /Users/aleks/Library/Developer/Xcode/DerivedData/PlanItApp-gkehojshtcbfvhersqwajfujohau/Build/Intermediates.noindex/Firebase.build/Debug-iphonesimulator/FirebaseFirestoreTarget.build/FirebaseFirestoreTarget.modulemap /Users/aleks/Library/Developer/Xcode/DerivedData/PlanItApp-gkehojshtcbfvhersqwajfujohau/Build/Intermediates.noindex/GeneratedModuleMaps-iphonesimulator

WriteAuxiliaryFile /Users/aleks/Library/Developer/Xcode/DerivedData/PlanItApp-gkehojshtcbfvhersqwajfujohau/Build/Intermediates.noindex/Firebase.build/Debug-iphonesimulator/FirebaseFirestoreInternalWrapper.build/Objects-normal/arm64/e6072d4f65d7061329687fe24e3d63a7-common-args.resp (in target 'FirebaseFirestoreInternalWrapper' from project 'Firebase')
    cd /Users/aleks/Library/Developer/Xcode/DerivedData/PlanItApp-gkehojshtcbfvhersqwajfujohau/SourcePackages/checkouts/firebase-ios-sdk
    write-file /Users/aleks/Library/Developer/Xcode/DerivedData/PlanItApp-gkehojshtcbfvhersqwajfujohau/Build/Intermediates.noindex/Firebase.build/Debug-iphonesimulator/FirebaseFirestoreInternalWrapper.build/Objects-normal/arm64/e6072d4f65d7061329687fe24e3d63a7-common-args.resp
-target arm64-apple-ios12.0-simulator -fobjc-arc -fmodules -gmodules '-fmodules-cache-path=/Users/aleks/Library/Developer/Xcode/DerivedData/ModuleCache.noindex' '-fmodule-name=FirebaseFirestoreInternalWrapper' -fpascal-strings -O0 -DSWIFT_PACKAGE '-DDEBUG=1' '-DOBJC_OLD_DISPATCH_PROTOTYPES=1' -isysroot /Applications/Xcode.app/Contents/Developer/Platforms/iPhoneSimulator.platform/Developer/SDKs/iPhoneSimulator18.5.sdk -g '-fobjc-abi-version=2' -fobjc-legacy-dispatch -fprofile-instr-generate -fcoverage-mapping -I/Users/aleks/Library/Developer/Xcode/DerivedData/PlanItApp-gkehojshtcbfvhersqwajfujohau/Build/Products/Debug-iphonesimulator/include -I/Users/aleks/Library/Developer/Xcode/DerivedData/PlanItApp-gkehojshtcbfvhersqwajfujohau/SourcePackages/checkouts/firebase-ios-sdk/FirebaseFirestoreInternal -I/Users/aleks/Library/Developer/Xcode/DerivedData/PlanItApp-gkehojshtcbfvhersqwajfujohau/Build/Intermediates.noindex/Firebase.build/Debug-iphonesimulator/FirebaseFirestoreInternalWrapper.build/DerivedSources-normal/arm64 -I/Users/aleks/Library/Developer/Xcode/DerivedData/PlanItApp-gkehojshtcbfvhersqwajfujohau/Build/Intermediates.noindex/Firebase.build/Debug-iphonesimulator/FirebaseFirestoreInternalWrapper.build/DerivedSources/arm64 -I/Users/aleks/Library/Developer/Xcode/DerivedData/PlanItApp-gkehojshtcbfvhersqwajfujohau/Build/Intermediates.noindex/Firebase.build/Debug-iphonesimulator/FirebaseFirestoreInternalWrapper.build/DerivedSources -F/Users/aleks/Library/Developer/Xcode/DerivedData/PlanItApp-gkehojshtcbfvhersqwajfujohau/Build/Products/Debug-iphonesimulator -iframework /Applications/Xcode.app/Contents/Developer/Platforms/iPhoneSimulator.platform/Developer/Library/Frameworks -iframework /Applications/Xcode.app/Contents/Developer/Platforms/iPhoneSimulator.platform/Developer/SDKs/iPhoneSimulator18.5.sdk/Developer/Library/Frameworks -DXcode

WriteAuxiliaryFile /Users/aleks/Library/Developer/Xcode/DerivedData/PlanItApp-gkehojshtcbfvhersqwajfujohau/Build/Intermediates.noindex/Firebase.build/Debug-iphonesimulator/FirebaseFirestoreInternalWrapper.build/Objects-normal/arm64/FirebaseFirestoreInternalWrapper.LinkFileList (in target 'FirebaseFirestoreInternalWrapper' from project 'Firebase')
    cd /Users/aleks/Library/Developer/Xcode/DerivedData/PlanItApp-gkehojshtcbfvhersqwajfujohau/SourcePackages/checkouts/firebase-ios-sdk
    write-file /Users/aleks/Library/Developer/Xcode/DerivedData/PlanItApp-gkehojshtcbfvhersqwajfujohau/Build/Intermediates.noindex/Firebase.build/Debug-iphonesimulator/FirebaseFirestoreInternalWrapper.build/Objects-normal/arm64/FirebaseFirestoreInternalWrapper.LinkFileList

WriteAuxiliaryFile /Users/aleks/Library/Developer/Xcode/DerivedData/PlanItApp-gkehojshtcbfvhersqwajfujohau/Build/Intermediates.noindex/Firebase.build/Debug-iphonesimulator/FirebaseFirestoreInternalWrapper.build/FirebaseFirestoreInternalWrapper.modulemap (in target 'FirebaseFirestoreInternalWrapper' from project 'Firebase')
    cd /Users/aleks/Library/Developer/Xcode/DerivedData/PlanItApp-gkehojshtcbfvhersqwajfujohau/SourcePackages/checkouts/firebase-ios-sdk
    write-file /Users/aleks/Library/Developer/Xcode/DerivedData/PlanItApp-gkehojshtcbfvhersqwajfujohau/Build/Intermediates.noindex/Firebase.build/Debug-iphonesimulator/FirebaseFirestoreInternalWrapper.build/FirebaseFirestoreInternalWrapper.modulemap

WriteAuxiliaryFile /Users/aleks/Library/Developer/Xcode/DerivedData/PlanItApp-gkehojshtcbfvhersqwajfujohau/Build/Intermediates.noindex/Firebase.build/Debug-iphonesimulator/FirebaseFirestoreInternalWrapper.build/FirebaseFirestoreInternalWrapper.DependencyStaticMetadataFileList (in target 'FirebaseFirestoreInternalWrapper' from project 'Firebase')
    cd /Users/aleks/Library/Developer/Xcode/DerivedData/PlanItApp-gkehojshtcbfvhersqwajfujohau/SourcePackages/checkouts/firebase-ios-sdk
    write-file /Users/aleks/Library/Developer/Xcode/DerivedData/PlanItApp-gkehojshtcbfvhersqwajfujohau/Build/Intermediates.noindex/Firebase.build/Debug-iphonesimulator/FirebaseFirestoreInternalWrapper.build/FirebaseFirestoreInternalWrapper.DependencyStaticMetadataFileList

WriteAuxiliaryFile /Users/aleks/Library/Developer/Xcode/DerivedData/PlanItApp-gkehojshtcbfvhersqwajfujohau/Build/Intermediates.noindex/Firebase.build/Debug-iphonesimulator/FirebaseFirestoreInternalWrapper.build/FirebaseFirestoreInternalWrapper.DependencyMetadataFileList (in target 'FirebaseFirestoreInternalWrapper' from project 'Firebase')
    cd /Users/aleks/Library/Developer/Xcode/DerivedData/PlanItApp-gkehojshtcbfvhersqwajfujohau/SourcePackages/checkouts/firebase-ios-sdk
    write-file /Users/aleks/Library/Developer/Xcode/DerivedData/PlanItApp-gkehojshtcbfvhersqwajfujohau/Build/Intermediates.noindex/Firebase.build/Debug-iphonesimulator/FirebaseFirestoreInternalWrapper.build/FirebaseFirestoreInternalWrapper.DependencyMetadataFileList

Copy /Users/aleks/Library/Developer/Xcode/DerivedData/PlanItApp-gkehojshtcbfvhersqwajfujohau/Build/Intermediates.noindex/GeneratedModuleMaps-iphonesimulator/FirebaseFirestoreInternalWrapper.modulemap /Users/aleks/Library/Developer/Xcode/DerivedData/PlanItApp-gkehojshtcbfvhersqwajfujohau/Build/Intermediates.noindex/Firebase.build/Debug-iphonesimulator/FirebaseFirestoreInternalWrapper.build/FirebaseFirestoreInternalWrapper.modulemap (in target 'FirebaseFirestoreInternalWrapper' from project 'Firebase')
    cd /Users/aleks/Library/Developer/Xcode/DerivedData/PlanItApp-gkehojshtcbfvhersqwajfujohau/SourcePackages/checkouts/firebase-ios-sdk
    builtin-copy -exclude .DS_Store -exclude CVS -exclude .svn -exclude .git -exclude .hg -resolve-src-symlinks /Users/aleks/Library/Developer/Xcode/DerivedData/PlanItApp-gkehojshtcbfvhersqwajfujohau/Build/Intermediates.noindex/Firebase.build/Debug-iphonesimulator/FirebaseFirestoreInternalWrapper.build/FirebaseFirestoreInternalWrapper.modulemap /Users/aleks/Library/Developer/Xcode/DerivedData/PlanItApp-gkehojshtcbfvhersqwajfujohau/Build/Intermediates.noindex/GeneratedModuleMaps-iphonesimulator

WriteAuxiliaryFile /Users/aleks/Library/Developer/Xcode/DerivedData/PlanItApp-gkehojshtcbfvhersqwajfujohau/Build/Intermediates.noindex/Firebase.build/Debug-iphonesimulator/FirebaseFirestore.build/Objects-normal/arm64/FirebaseFirestore_const_extract_protocols.json (in target 'FirebaseFirestore' from project 'Firebase')
    cd /Users/aleks/Library/Developer/Xcode/DerivedData/PlanItApp-gkehojshtcbfvhersqwajfujohau/SourcePackages/checkouts/firebase-ios-sdk
    write-file /Users/aleks/Library/Developer/Xcode/DerivedData/PlanItApp-gkehojshtcbfvhersqwajfujohau/Build/Intermediates.noindex/Firebase.build/Debug-iphonesimulator/FirebaseFirestore.build/Objects-normal/arm64/FirebaseFirestore_const_extract_protocols.json

WriteAuxiliaryFile /Users/aleks/Library/Developer/Xcode/DerivedData/PlanItApp-gkehojshtcbfvhersqwajfujohau/Build/Intermediates.noindex/Firebase.build/Debug-iphonesimulator/FirebaseFirestore.build/Objects-normal/arm64/FirebaseFirestore.SwiftFileList (in target 'FirebaseFirestore' from project 'Firebase')
    cd /Users/aleks/Library/Developer/Xcode/DerivedData/PlanItApp-gkehojshtcbfvhersqwajfujohau/SourcePackages/checkouts/firebase-ios-sdk
    write-file /Users/aleks/Library/Developer/Xcode/DerivedData/PlanItApp-gkehojshtcbfvhersqwajfujohau/Build/Intermediates.noindex/Firebase.build/Debug-iphonesimulator/FirebaseFirestore.build/Objects-normal/arm64/FirebaseFirestore.SwiftFileList

WriteAuxiliaryFile /Users/aleks/Library/Developer/Xcode/DerivedData/PlanItApp-gkehojshtcbfvhersqwajfujohau/Build/Intermediates.noindex/Firebase.build/Debug-iphonesimulator/FirebaseFirestore.build/Objects-normal/arm64/FirebaseFirestore.SwiftConstValuesFileList (in target 'FirebaseFirestore' from project 'Firebase')
    cd /Users/aleks/Library/Developer/Xcode/DerivedData/PlanItApp-gkehojshtcbfvhersqwajfujohau/SourcePackages/checkouts/firebase-ios-sdk
    write-file /Users/aleks/Library/Developer/Xcode/DerivedData/PlanItApp-gkehojshtcbfvhersqwajfujohau/Build/Intermediates.noindex/Firebase.build/Debug-iphonesimulator/FirebaseFirestore.build/Objects-normal/arm64/FirebaseFirestore.SwiftConstValuesFileList

WriteAuxiliaryFile /Users/aleks/Library/Developer/Xcode/DerivedData/PlanItApp-gkehojshtcbfvhersqwajfujohau/Build/Intermediates.noindex/Firebase.build/Debug-iphonesimulator/FirebaseFirestore.build/Objects-normal/arm64/FirebaseFirestore.LinkFileList (in target 'FirebaseFirestore' from project 'Firebase')
    cd /Users/aleks/Library/Developer/Xcode/DerivedData/PlanItApp-gkehojshtcbfvhersqwajfujohau/SourcePackages/checkouts/firebase-ios-sdk
    write-file /Users/aleks/Library/Developer/Xcode/DerivedData/PlanItApp-gkehojshtcbfvhersqwajfujohau/Build/Intermediates.noindex/Firebase.build/Debug-iphonesimulator/FirebaseFirestore.build/Objects-normal/arm64/FirebaseFirestore.LinkFileList

WriteAuxiliaryFile /Users/aleks/Library/Developer/Xcode/DerivedData/PlanItApp-gkehojshtcbfvhersqwajfujohau/Build/Intermediates.noindex/Firebase.build/Debug-iphonesimulator/FirebaseFirestore.build/Objects-normal/arm64/FirebaseFirestore-OutputFileMap.json (in target 'FirebaseFirestore' from project 'Firebase')
    cd /Users/aleks/Library/Developer/Xcode/DerivedData/PlanItApp-gkehojshtcbfvhersqwajfujohau/SourcePackages/checkouts/firebase-ios-sdk
    write-file /Users/aleks/Library/Developer/Xcode/DerivedData/PlanItApp-gkehojshtcbfvhersqwajfujohau/Build/Intermediates.noindex/Firebase.build/Debug-iphonesimulator/FirebaseFirestore.build/Objects-normal/arm64/FirebaseFirestore-OutputFileMap.json

WriteAuxiliaryFile /Users/aleks/Library/Developer/Xcode/DerivedData/PlanItApp-gkehojshtcbfvhersqwajfujohau/Build/Intermediates.noindex/Firebase.build/Debug-iphonesimulator/FirebaseFirestore.build/FirebaseFirestore.modulemap (in target 'FirebaseFirestore' from project 'Firebase')
    cd /Users/aleks/Library/Developer/Xcode/DerivedData/PlanItApp-gkehojshtcbfvhersqwajfujohau/SourcePackages/checkouts/firebase-ios-sdk
    write-file /Users/aleks/Library/Developer/Xcode/DerivedData/PlanItApp-gkehojshtcbfvhersqwajfujohau/Build/Intermediates.noindex/Firebase.build/Debug-iphonesimulator/FirebaseFirestore.build/FirebaseFirestore.modulemap

WriteAuxiliaryFile /Users/aleks/Library/Developer/Xcode/DerivedData/PlanItApp-gkehojshtcbfvhersqwajfujohau/Build/Intermediates.noindex/Firebase.build/Debug-iphonesimulator/FirebaseFirestore.build/FirebaseFirestore.DependencyStaticMetadataFileList (in target 'FirebaseFirestore' from project 'Firebase')
    cd /Users/aleks/Library/Developer/Xcode/DerivedData/PlanItApp-gkehojshtcbfvhersqwajfujohau/SourcePackages/checkouts/firebase-ios-sdk
    write-file /Users/aleks/Library/Developer/Xcode/DerivedData/PlanItApp-gkehojshtcbfvhersqwajfujohau/Build/Intermediates.noindex/Firebase.build/Debug-iphonesimulator/FirebaseFirestore.build/FirebaseFirestore.DependencyStaticMetadataFileList

WriteAuxiliaryFile /Users/aleks/Library/Developer/Xcode/DerivedData/PlanItApp-gkehojshtcbfvhersqwajfujohau/Build/Intermediates.noindex/Firebase.build/Debug-iphonesimulator/FirebaseFirestore.build/FirebaseFirestore.DependencyMetadataFileList (in target 'FirebaseFirestore' from project 'Firebase')
    cd /Users/aleks/Library/Developer/Xcode/DerivedData/PlanItApp-gkehojshtcbfvhersqwajfujohau/SourcePackages/checkouts/firebase-ios-sdk
    write-file /Users/aleks/Library/Developer/Xcode/DerivedData/PlanItApp-gkehojshtcbfvhersqwajfujohau/Build/Intermediates.noindex/Firebase.build/Debug-iphonesimulator/FirebaseFirestore.build/FirebaseFirestore.DependencyMetadataFileList

WriteAuxiliaryFile /Users/aleks/Library/Developer/Xcode/DerivedData/PlanItApp-gkehojshtcbfvhersqwajfujohau/Build/Intermediates.noindex/Firebase.build/Debug-iphonesimulator/FirebaseFirestore.build/DerivedSources/resource_bundle_accessor.swift (in target 'FirebaseFirestore' from project 'Firebase')
    cd /Users/aleks/Library/Developer/Xcode/DerivedData/PlanItApp-gkehojshtcbfvhersqwajfujohau/SourcePackages/checkouts/firebase-ios-sdk
    write-file /Users/aleks/Library/Developer/Xcode/DerivedData/PlanItApp-gkehojshtcbfvhersqwajfujohau/Build/Intermediates.noindex/Firebase.build/Debug-iphonesimulator/FirebaseFirestore.build/DerivedSources/resource_bundle_accessor.swift

Copy /Users/aleks/Library/Developer/Xcode/DerivedData/PlanItApp-gkehojshtcbfvhersqwajfujohau/Build/Intermediates.noindex/GeneratedModuleMaps-iphonesimulator/FirebaseFirestore.modulemap /Users/aleks/Library/Developer/Xcode/DerivedData/PlanItApp-gkehojshtcbfvhersqwajfujohau/Build/Intermediates.noindex/Firebase.build/Debug-iphonesimulator/FirebaseFirestore.build/FirebaseFirestore.modulemap (in target 'FirebaseFirestore' from project 'Firebase')
    cd /Users/aleks/Library/Developer/Xcode/DerivedData/PlanItApp-gkehojshtcbfvhersqwajfujohau/SourcePackages/checkouts/firebase-ios-sdk
    builtin-copy -exclude .DS_Store -exclude CVS -exclude .svn -exclude .git -exclude .hg -resolve-src-symlinks /Users/aleks/Library/Developer/Xcode/DerivedData/PlanItApp-gkehojshtcbfvhersqwajfujohau/Build/Intermediates.noindex/Firebase.build/Debug-iphonesimulator/FirebaseFirestore.build/FirebaseFirestore.modulemap /Users/aleks/Library/Developer/Xcode/DerivedData/PlanItApp-gkehojshtcbfvhersqwajfujohau/Build/Intermediates.noindex/GeneratedModuleMaps-iphonesimulator

PrecompileModule /Users/aleks/Library/Developer/Xcode/DerivedData/PlanItApp-gkehojshtcbfvhersqwajfujohau/Build/Intermediates.noindex/ExplicitPrecompiledModules/Security-4ITQXSAVD6EFWPJIT6PJHZ71L.scan
    cd /Users/aleks/Desktop/PlanItApp/PlanItApp.xcodeproj
    builtin-precompileModule /Users/aleks/Library/Developer/Xcode/DerivedData/PlanItApp-gkehojshtcbfvhersqwajfujohau/Build/Intermediates.noindex/ExplicitPrecompiledModules/Security-4ITQXSAVD6EFWPJIT6PJHZ71L.scan

PrecompileModule /Users/aleks/Library/Developer/Xcode/DerivedData/PlanItApp-gkehojshtcbfvhersqwajfujohau/Build/Intermediates.noindex/ExplicitPrecompiledModules/CoreGraphics-ET119K55LUL25W8WOEN8E8NJ.scan
    cd /Users/aleks/Desktop/PlanItApp/PlanItApp.xcodeproj
    builtin-precompileModule /Users/aleks/Library/Developer/Xcode/DerivedData/PlanItApp-gkehojshtcbfvhersqwajfujohau/Build/Intermediates.noindex/ExplicitPrecompiledModules/CoreGraphics-ET119K55LUL25W8WOEN8E8NJ.scan

PrecompileModule /Users/aleks/Library/Developer/Xcode/DerivedData/PlanItApp-gkehojshtcbfvhersqwajfujohau/Build/Intermediates.noindex/ExplicitPrecompiledModules/CFNetwork-15T1TJVB0H6A8H41R4NXI8RDI.scan
    cd /Users/aleks/Desktop/PlanItApp/PlanItApp.xcodeproj
    builtin-precompileModule /Users/aleks/Library/Developer/Xcode/DerivedData/PlanItApp-gkehojshtcbfvhersqwajfujohau/Build/Intermediates.noindex/ExplicitPrecompiledModules/CFNetwork-15T1TJVB0H6A8H41R4NXI8RDI.scan

PrecompileModule /Users/aleks/Library/Developer/Xcode/DerivedData/PlanItApp-gkehojshtcbfvhersqwajfujohau/Build/Intermediates.noindex/ExplicitPrecompiledModules/os-8DR48OFATZBN2QNHDJ7J92FU0.scan
    cd /Users/aleks/Desktop/PlanItApp/PlanItApp.xcodeproj
    builtin-precompileModule /Users/aleks/Library/Developer/Xcode/DerivedData/PlanItApp-gkehojshtcbfvhersqwajfujohau/Build/Intermediates.noindex/ExplicitPrecompiledModules/os-8DR48OFATZBN2QNHDJ7J92FU0.scan

PrecompileModule /Users/aleks/Library/Developer/Xcode/DerivedData/PlanItApp-gkehojshtcbfvhersqwajfujohau/Build/Intermediates.noindex/ExplicitPrecompiledModules/GoogleUtilities_Environment-BE4ZWRDDPP7VW0WNPU2MGGOZ1.scan
    cd /Users/aleks/Desktop/PlanItApp/PlanItApp.xcodeproj
    builtin-precompileModule /Users/aleks/Library/Developer/Xcode/DerivedData/PlanItApp-gkehojshtcbfvhersqwajfujohau/Build/Intermediates.noindex/ExplicitPrecompiledModules/GoogleUtilities_Environment-BE4ZWRDDPP7VW0WNPU2MGGOZ1.scan

PrecompileModule /Users/aleks/Library/Developer/Xcode/DerivedData/PlanItApp-gkehojshtcbfvhersqwajfujohau/Build/Intermediates.noindex/ExplicitPrecompiledModules/Foundation-2M202CUKBUWW9YRSB1W6CM1W2.scan
    cd /Users/aleks/Desktop/PlanItApp/PlanItApp.xcodeproj
    builtin-precompileModule /Users/aleks/Library/Developer/Xcode/DerivedData/PlanItApp-gkehojshtcbfvhersqwajfujohau/Build/Intermediates.noindex/ExplicitPrecompiledModules/Foundation-2M202CUKBUWW9YRSB1W6CM1W2.scan

ScanDependencies /Users/aleks/Library/Developer/Xcode/DerivedData/PlanItApp-gkehojshtcbfvhersqwajfujohau/Build/Intermediates.noindex/Firebase.build/Debug-iphonesimulator/FirebaseAuthInternal.build/Objects-normal/arm64/FIRAuthProvider.o /Users/aleks/Library/Developer/Xcode/DerivedData/PlanItApp-gkehojshtcbfvhersqwajfujohau/SourcePackages/checkouts/firebase-ios-sdk/FirebaseAuth/Sources/ObjC/FIRAuthProvider.m normal arm64 objective-c com.apple.compilers.llvm.clang.1_0.compiler (in target 'FirebaseAuthInternal' from project 'Firebase')
    cd /Users/aleks/Desktop/PlanItApp/PlanItApp.xcodeproj
    
    Using response file: /Users/aleks/Library/Developer/Xcode/DerivedData/PlanItApp-gkehojshtcbfvhersqwajfujohau/Build/Intermediates.noindex/Firebase.build/Debug-iphonesimulator/FirebaseAuthInternal.build/Objects-normal/arm64/e6072d4f65d7061329687fe24e3d63a7-common-args.resp
    
    builtin-ScanDependencies -o /Users/aleks/Library/Developer/Xcode/DerivedData/PlanItApp-gkehojshtcbfvhersqwajfujohau/Build/Intermediates.noindex/Firebase.build/Debug-iphonesimulator/FirebaseAuthInternal.build/Objects-normal/arm64/FIRAuthProvider.o.scan -- /Applications/Xcode.app/Contents/Developer/Toolchains/XcodeDefault.xctoolchain/usr/bin/clang -x objective-c -ivfsstatcache /Users/aleks/Library/Developer/Xcode/DerivedData/SDKStatCaches.noindex/iphonesimulator18.5-22F76-d5fc8ad4295d2ef488fb7d0f804ce0c4.sdkstatcache -fmessage-length\=0 -fdiagnostics-show-note-include-stack -fmacro-backtrace-limit\=0 -fno-color-diagnostics -fmodules-prune-interval\=86400 -fmodules-prune-after\=345600 -fbuild-session-file\=/Users/aleks/Library/Developer/Xcode/DerivedData/ModuleCache.noindex/Session.modulevalidation -fmodules-validate-once-per-build-session -Wnon-modular-include-in-framework-module -Werror\=non-modular-include-in-framework-module -Wno-trigraphs -Wno-missing-field-initializers -Wno-missing-prototypes -Wno-return-type -Wno-implicit-atomic-properties -Wno-objc-interface-ivars -Wno-arc-repeated-use-of-weak -Wno-missing-braces -Wparentheses -Wswitch -Wno-unused-function -Wno-unused-label -Wno-unused-parameter -Wno-unused-variable -Wunused-value -Wno-empty-body -Wno-uninitialized -Wno-unknown-pragmas -w -Wno-shadow -Wno-four-char-constants -Wno-conversion -Wno-constant-conversion -Wno-int-conversion -Wno-bool-conversion -Wno-enum-conversion -Wno-float-conversion -Wno-non-literal-null-conversion -Wno-objc-literal-conversion -Wshorten-64-to-32 -Wpointer-sign -Wno-newline-eof -Wno-selector -Wno-strict-selector-match -Wno-undeclared-selector -Wno-deprecated-implementations -Wno-implicit-fallthrough -fstrict-aliasing -Wprotocol -Wdeprecated-declarations -Wno-sign-conversion -Wno-infinite-recursion -Wno-comma -Wno-block-capture-autoreleasing -Wno-strict-prototypes -Wno-semicolon-before-method-body -index-store-path /Users/aleks/Library/Developer/Xcode/DerivedData/PlanItApp-gkehojshtcbfvhersqwajfujohau/Index.noindex/DataStore @/Users/aleks/Library/Developer/Xcode/DerivedData/PlanItApp-gkehojshtcbfvhersqwajfujohau/Build/Intermediates.noindex/Firebase.build/Debug-iphonesimulator/FirebaseAuthInternal.build/Objects-normal/arm64/e6072d4f65d7061329687fe24e3d63a7-common-args.resp -MMD -MT dependencies -MF /Users/aleks/Library/Developer/Xcode/DerivedData/PlanItApp-gkehojshtcbfvhersqwajfujohau/Build/Intermediates.noindex/Firebase.build/Debug-iphonesimulator/FirebaseAuthInternal.build/Objects-normal/arm64/FIRAuthProvider.d --serialize-diagnostics /Users/aleks/Library/Developer/Xcode/DerivedData/PlanItApp-gkehojshtcbfvhersqwajfujohau/Build/Intermediates.noindex/Firebase.build/Debug-iphonesimulator/FirebaseAuthInternal.build/Objects-normal/arm64/FIRAuthProvider.dia -c /Users/aleks/Library/Developer/Xcode/DerivedData/PlanItApp-gkehojshtcbfvhersqwajfujohau/SourcePackages/checkouts/firebase-ios-sdk/FirebaseAuth/Sources/ObjC/FIRAuthProvider.m -o /Users/aleks/Library/Developer/Xcode/DerivedData/PlanItApp-gkehojshtcbfvhersqwajfujohau/Build/Intermediates.noindex/Firebase.build/Debug-iphonesimulator/FirebaseAuthInternal.build/Objects-normal/arm64/FIRAuthProvider.o -index-unit-output-path /Firebase.build/Debug-iphonesimulator/FirebaseAuthInternal.build/Objects-normal/arm64/FIRAuthProvider.o

PrecompileModule /Users/aleks/Library/Developer/Xcode/DerivedData/PlanItApp-gkehojshtcbfvhersqwajfujohau/Build/Intermediates.noindex/ExplicitPrecompiledModules/UIKit-C3RN4SX8F1KQSETITP9I7VLU0.scan
    cd /Users/aleks/Desktop/PlanItApp/PlanItApp.xcodeproj
    builtin-precompileModule /Users/aleks/Library/Developer/Xcode/DerivedData/PlanItApp-gkehojshtcbfvhersqwajfujohau/Build/Intermediates.noindex/ExplicitPrecompiledModules/UIKit-C3RN4SX8F1KQSETITP9I7VLU0.scan

ScanDependencies /Users/aleks/Library/Developer/Xcode/DerivedData/PlanItApp-gkehojshtcbfvhersqwajfujohau/Build/Intermediates.noindex/Firebase.build/Debug-iphonesimulator/FirebaseAuthInternal.build/Objects-normal/arm64/FIRAuthErrorUtils.o /Users/aleks/Library/Developer/Xcode/DerivedData/PlanItApp-gkehojshtcbfvhersqwajfujohau/SourcePackages/checkouts/firebase-ios-sdk/FirebaseAuth/Sources/ObjC/FIRAuthErrorUtils.m normal arm64 objective-c com.apple.compilers.llvm.clang.1_0.compiler (in target 'FirebaseAuthInternal' from project 'Firebase')
    cd /Users/aleks/Desktop/PlanItApp/PlanItApp.xcodeproj
    
    Using response file: /Users/aleks/Library/Developer/Xcode/DerivedData/PlanItApp-gkehojshtcbfvhersqwajfujohau/Build/Intermediates.noindex/Firebase.build/Debug-iphonesimulator/FirebaseAuthInternal.build/Objects-normal/arm64/e6072d4f65d7061329687fe24e3d63a7-common-args.resp
    
    builtin-ScanDependencies -o /Users/aleks/Library/Developer/Xcode/DerivedData/PlanItApp-gkehojshtcbfvhersqwajfujohau/Build/Intermediates.noindex/Firebase.build/Debug-iphonesimulator/FirebaseAuthInternal.build/Objects-normal/arm64/FIRAuthErrorUtils.o.scan -- /Applications/Xcode.app/Contents/Developer/Toolchains/XcodeDefault.xctoolchain/usr/bin/clang -x objective-c -ivfsstatcache /Users/aleks/Library/Developer/Xcode/DerivedData/SDKStatCaches.noindex/iphonesimulator18.5-22F76-d5fc8ad4295d2ef488fb7d0f804ce0c4.sdkstatcache -fmessage-length\=0 -fdiagnostics-show-note-include-stack -fmacro-backtrace-limit\=0 -fno-color-diagnostics -fmodules-prune-interval\=86400 -fmodules-prune-after\=345600 -fbuild-session-file\=/Users/aleks/Library/Developer/Xcode/DerivedData/ModuleCache.noindex/Session.modulevalidation -fmodules-validate-once-per-build-session -Wnon-modular-include-in-framework-module -Werror\=non-modular-include-in-framework-module -Wno-trigraphs -Wno-missing-field-initializers -Wno-missing-prototypes -Wno-return-type -Wno-implicit-atomic-properties -Wno-objc-interface-ivars -Wno-arc-repeated-use-of-weak -Wno-missing-braces -Wparentheses -Wswitch -Wno-unused-function -Wno-unused-label -Wno-unused-parameter -Wno-unused-variable -Wunused-value -Wno-empty-body -Wno-uninitialized -Wno-unknown-pragmas -w -Wno-shadow -Wno-four-char-constants -Wno-conversion -Wno-constant-conversion -Wno-int-conversion -Wno-bool-conversion -Wno-enum-conversion -Wno-float-conversion -Wno-non-literal-null-conversion -Wno-objc-literal-conversion -Wshorten-64-to-32 -Wpointer-sign -Wno-newline-eof -Wno-selector -Wno-strict-selector-match -Wno-undeclared-selector -Wno-deprecated-implementations -Wno-implicit-fallthrough -fstrict-aliasing -Wprotocol -Wdeprecated-declarations -Wno-sign-conversion -Wno-infinite-recursion -Wno-comma -Wno-block-capture-autoreleasing -Wno-strict-prototypes -Wno-semicolon-before-method-body -index-store-path /Users/aleks/Library/Developer/Xcode/DerivedData/PlanItApp-gkehojshtcbfvhersqwajfujohau/Index.noindex/DataStore @/Users/aleks/Library/Developer/Xcode/DerivedData/PlanItApp-gkehojshtcbfvhersqwajfujohau/Build/Intermediates.noindex/Firebase.build/Debug-iphonesimulator/FirebaseAuthInternal.build/Objects-normal/arm64/e6072d4f65d7061329687fe24e3d63a7-common-args.resp -MMD -MT dependencies -MF /Users/aleks/Library/Developer/Xcode/DerivedData/PlanItApp-gkehojshtcbfvhersqwajfujohau/Build/Intermediates.noindex/Firebase.build/Debug-iphonesimulator/FirebaseAuthInternal.build/Objects-normal/arm64/FIRAuthErrorUtils.d --serialize-diagnostics /Users/aleks/Library/Developer/Xcode/DerivedData/PlanItApp-gkehojshtcbfvhersqwajfujohau/Build/Intermediates.noindex/Firebase.build/Debug-iphonesimulator/FirebaseAuthInternal.build/Objects-normal/arm64/FIRAuthErrorUtils.dia -c /Users/aleks/Library/Developer/Xcode/DerivedData/PlanItApp-gkehojshtcbfvhersqwajfujohau/SourcePackages/checkouts/firebase-ios-sdk/FirebaseAuth/Sources/ObjC/FIRAuthErrorUtils.m -o /Users/aleks/Library/Developer/Xcode/DerivedData/PlanItApp-gkehojshtcbfvhersqwajfujohau/Build/Intermediates.noindex/Firebase.build/Debug-iphonesimulator/FirebaseAuthInternal.build/Objects-normal/arm64/FIRAuthErrorUtils.o -index-unit-output-path /Firebase.build/Debug-iphonesimulator/FirebaseAuthInternal.build/Objects-normal/arm64/FIRAuthErrorUtils.o

WriteAuxiliaryFile /Users/aleks/Library/Developer/Xcode/DerivedData/PlanItApp-gkehojshtcbfvhersqwajfujohau/Build/Intermediates.noindex/gRPC.build/Debug-iphonesimulator/opensslWrapper.build/opensslWrapper.modulemap (in target 'opensslWrapper' from project 'gRPC')
    cd /Users/aleks/Library/Developer/Xcode/DerivedData/PlanItApp-gkehojshtcbfvhersqwajfujohau/SourcePackages/checkouts/grpc-binary
    write-file /Users/aleks/Library/Developer/Xcode/DerivedData/PlanItApp-gkehojshtcbfvhersqwajfujohau/Build/Intermediates.noindex/gRPC.build/Debug-iphonesimulator/opensslWrapper.build/opensslWrapper.modulemap

WriteAuxiliaryFile /Users/aleks/Library/Developer/Xcode/DerivedData/PlanItApp-gkehojshtcbfvhersqwajfujohau/Build/Intermediates.noindex/gRPC.build/Debug-iphonesimulator/opensslWrapper.build/opensslWrapper.DependencyStaticMetadataFileList (in target 'opensslWrapper' from project 'gRPC')
    cd /Users/aleks/Library/Developer/Xcode/DerivedData/PlanItApp-gkehojshtcbfvhersqwajfujohau/SourcePackages/checkouts/grpc-binary
    write-file /Users/aleks/Library/Developer/Xcode/DerivedData/PlanItApp-gkehojshtcbfvhersqwajfujohau/Build/Intermediates.noindex/gRPC.build/Debug-iphonesimulator/opensslWrapper.build/opensslWrapper.DependencyStaticMetadataFileList

WriteAuxiliaryFile /Users/aleks/Library/Developer/Xcode/DerivedData/PlanItApp-gkehojshtcbfvhersqwajfujohau/Build/Intermediates.noindex/gRPC.build/Debug-iphonesimulator/opensslWrapper.build/opensslWrapper.DependencyMetadataFileList (in target 'opensslWrapper' from project 'gRPC')
    cd /Users/aleks/Library/Developer/Xcode/DerivedData/PlanItApp-gkehojshtcbfvhersqwajfujohau/SourcePackages/checkouts/grpc-binary
    write-file /Users/aleks/Library/Developer/Xcode/DerivedData/PlanItApp-gkehojshtcbfvhersqwajfujohau/Build/Intermediates.noindex/gRPC.build/Debug-iphonesimulator/opensslWrapper.build/opensslWrapper.DependencyMetadataFileList

WriteAuxiliaryFile /Users/aleks/Library/Developer/Xcode/DerivedData/PlanItApp-gkehojshtcbfvhersqwajfujohau/Build/Intermediates.noindex/gRPC.build/Debug-iphonesimulator/opensslWrapper.build/Objects-normal/arm64/opensslWrapper.LinkFileList (in target 'opensslWrapper' from project 'gRPC')
    cd /Users/aleks/Library/Developer/Xcode/DerivedData/PlanItApp-gkehojshtcbfvhersqwajfujohau/SourcePackages/checkouts/grpc-binary
    write-file /Users/aleks/Library/Developer/Xcode/DerivedData/PlanItApp-gkehojshtcbfvhersqwajfujohau/Build/Intermediates.noindex/gRPC.build/Debug-iphonesimulator/opensslWrapper.build/Objects-normal/arm64/opensslWrapper.LinkFileList

WriteAuxiliaryFile /Users/aleks/Library/Developer/Xcode/DerivedData/PlanItApp-gkehojshtcbfvhersqwajfujohau/Build/Intermediates.noindex/gRPC.build/Debug-iphonesimulator/opensslWrapper.build/Objects-normal/arm64/e6072d4f65d7061329687fe24e3d63a7-common-args.resp (in target 'opensslWrapper' from project 'gRPC')
    cd /Users/aleks/Library/Developer/Xcode/DerivedData/PlanItApp-gkehojshtcbfvhersqwajfujohau/SourcePackages/checkouts/grpc-binary
    write-file /Users/aleks/Library/Developer/Xcode/DerivedData/PlanItApp-gkehojshtcbfvhersqwajfujohau/Build/Intermediates.noindex/gRPC.build/Debug-iphonesimulator/opensslWrapper.build/Objects-normal/arm64/e6072d4f65d7061329687fe24e3d63a7-common-args.resp
-target arm64-apple-ios12.0-simulator -fobjc-arc -fmodules -gmodules '-fmodules-cache-path=/Users/aleks/Library/Developer/Xcode/DerivedData/ModuleCache.noindex' '-fmodule-name=opensslWrapper' -fpascal-strings -O0 -DSWIFT_PACKAGE '-DDEBUG=1' '-DOBJC_OLD_DISPATCH_PROTOTYPES=1' -isysroot /Applications/Xcode.app/Contents/Developer/Platforms/iPhoneSimulator.platform/Developer/SDKs/iPhoneSimulator18.5.sdk -g '-fobjc-abi-version=2' -fobjc-legacy-dispatch -fprofile-instr-generate -fcoverage-mapping -I/Users/aleks/Library/Developer/Xcode/DerivedData/PlanItApp-gkehojshtcbfvhersqwajfujohau/Build/Products/Debug-iphonesimulator/include -I/Users/aleks/Library/Developer/Xcode/DerivedData/PlanItApp-gkehojshtcbfvhersqwajfujohau/SourcePackages/checkouts/grpc-binary/openssl-grpc-Wrapper/include -I/Users/aleks/Library/Developer/Xcode/DerivedData/PlanItApp-gkehojshtcbfvhersqwajfujohau/Build/Intermediates.noindex/gRPC.build/Debug-iphonesimulator/opensslWrapper.build/DerivedSources-normal/arm64 -I/Users/aleks/Library/Developer/Xcode/DerivedData/PlanItApp-gkehojshtcbfvhersqwajfujohau/Build/Intermediates.noindex/gRPC.build/Debug-iphonesimulator/opensslWrapper.build/DerivedSources/arm64 -I/Users/aleks/Library/Developer/Xcode/DerivedData/PlanItApp-gkehojshtcbfvhersqwajfujohau/Build/Intermediates.noindex/gRPC.build/Debug-iphonesimulator/opensslWrapper.build/DerivedSources -F/Users/aleks/Library/Developer/Xcode/DerivedData/PlanItApp-gkehojshtcbfvhersqwajfujohau/Build/Products/Debug-iphonesimulator -iframework /Applications/Xcode.app/Contents/Developer/Platforms/iPhoneSimulator.platform/Developer/Library/Frameworks -iframework /Applications/Xcode.app/Contents/Developer/Platforms/iPhoneSimulator.platform/Developer/SDKs/iPhoneSimulator18.5.sdk/Developer/Library/Frameworks -DXcode

WriteAuxiliaryFile /Users/aleks/Library/Developer/Xcode/DerivedData/PlanItApp-gkehojshtcbfvhersqwajfujohau/Build/Intermediates.noindex/gRPC.build/Debug-iphonesimulator/opensslWrapper.build/DerivedSources/resource_bundle_accessor.m (in target 'opensslWrapper' from project 'gRPC')
    cd /Users/aleks/Library/Developer/Xcode/DerivedData/PlanItApp-gkehojshtcbfvhersqwajfujohau/SourcePackages/checkouts/grpc-binary
    write-file /Users/aleks/Library/Developer/Xcode/DerivedData/PlanItApp-gkehojshtcbfvhersqwajfujohau/Build/Intermediates.noindex/gRPC.build/Debug-iphonesimulator/opensslWrapper.build/DerivedSources/resource_bundle_accessor.m

WriteAuxiliaryFile /Users/aleks/Library/Developer/Xcode/DerivedData/PlanItApp-gkehojshtcbfvhersqwajfujohau/Build/Intermediates.noindex/gRPC.build/Debug-iphonesimulator/opensslWrapper.build/DerivedSources/resource_bundle_accessor.h (in target 'opensslWrapper' from project 'gRPC')
    cd /Users/aleks/Library/Developer/Xcode/DerivedData/PlanItApp-gkehojshtcbfvhersqwajfujohau/SourcePackages/checkouts/grpc-binary
    write-file /Users/aleks/Library/Developer/Xcode/DerivedData/PlanItApp-gkehojshtcbfvhersqwajfujohau/Build/Intermediates.noindex/gRPC.build/Debug-iphonesimulator/opensslWrapper.build/DerivedSources/resource_bundle_accessor.h

Copy /Users/aleks/Library/Developer/Xcode/DerivedData/PlanItApp-gkehojshtcbfvhersqwajfujohau/Build/Intermediates.noindex/GeneratedModuleMaps-iphonesimulator/opensslWrapper.modulemap /Users/aleks/Library/Developer/Xcode/DerivedData/PlanItApp-gkehojshtcbfvhersqwajfujohau/Build/Intermediates.noindex/gRPC.build/Debug-iphonesimulator/opensslWrapper.build/opensslWrapper.modulemap (in target 'opensslWrapper' from project 'gRPC')
    cd /Users/aleks/Library/Developer/Xcode/DerivedData/PlanItApp-gkehojshtcbfvhersqwajfujohau/SourcePackages/checkouts/grpc-binary
    builtin-copy -exclude .DS_Store -exclude CVS -exclude .svn -exclude .git -exclude .hg -resolve-src-symlinks /Users/aleks/Library/Developer/Xcode/DerivedData/PlanItApp-gkehojshtcbfvhersqwajfujohau/Build/Intermediates.noindex/gRPC.build/Debug-iphonesimulator/opensslWrapper.build/opensslWrapper.modulemap /Users/aleks/Library/Developer/Xcode/DerivedData/PlanItApp-gkehojshtcbfvhersqwajfujohau/Build/Intermediates.noindex/GeneratedModuleMaps-iphonesimulator

CompileC /Users/aleks/Library/Developer/Xcode/DerivedData/PlanItApp-gkehojshtcbfvhersqwajfujohau/Build/Intermediates.noindex/GoogleUtilities.build/Debug-iphonesimulator/GoogleUtilities-Logger.build/Objects-normal/arm64/GULLogger.o /Users/aleks/Library/Developer/Xcode/DerivedData/PlanItApp-gkehojshtcbfvhersqwajfujohau/SourcePackages/checkouts/GoogleUtilities/GoogleUtilities/Logger/GULLogger.m normal arm64 objective-c com.apple.compilers.llvm.clang.1_0.compiler (in target 'GoogleUtilities-Logger' from project 'GoogleUtilities')
    cd /Users/aleks/Desktop/PlanItApp/PlanItApp.xcodeproj
    
    Using response file: /Users/aleks/Library/Developer/Xcode/DerivedData/PlanItApp-gkehojshtcbfvhersqwajfujohau/Build/Intermediates.noindex/GoogleUtilities.build/Debug-iphonesimulator/GoogleUtilities-Logger.build/Objects-normal/arm64/e6072d4f65d7061329687fe24e3d63a7-common-args.resp
    
    /Applications/Xcode.app/Contents/Developer/Toolchains/XcodeDefault.xctoolchain/usr/bin/clang -x objective-c -ivfsstatcache /Users/aleks/Library/Developer/Xcode/DerivedData/SDKStatCaches.noindex/iphonesimulator18.5-22F76-d5fc8ad4295d2ef488fb7d0f804ce0c4.sdkstatcache -fmessage-length\=0 -fdiagnostics-show-note-include-stack -fmacro-backtrace-limit\=0 -fno-color-diagnostics -fmodules-prune-interval\=86400 -fmodules-prune-after\=345600 -fbuild-session-file\=/Users/aleks/Library/Developer/Xcode/DerivedData/ModuleCache.noindex/Session.modulevalidation -fmodules-validate-once-per-build-session -Wnon-modular-include-in-framework-module -Werror\=non-modular-include-in-framework-module -Wno-trigraphs -Wno-missing-field-initializers -Wno-missing-prototypes -Wno-return-type -Wno-implicit-atomic-properties -Wno-objc-interface-ivars -Wno-arc-repeated-use-of-weak -Wno-missing-braces -Wparentheses -Wswitch -Wno-unused-function -Wno-unused-label -Wno-unused-parameter -Wno-unused-variable -Wunused-value -Wno-empty-body -Wno-uninitialized -Wno-unknown-pragmas -w -Wno-shadow -Wno-four-char-constants -Wno-conversion -Wno-constant-conversion -Wno-int-conversion -Wno-bool-conversion -Wno-enum-conversion -Wno-float-conversion -Wno-non-literal-null-conversion -Wno-objc-literal-conversion -Wshorten-64-to-32 -Wpointer-sign -Wno-newline-eof -Wno-selector -Wno-strict-selector-match -Wno-undeclared-selector -Wno-deprecated-implementations -Wno-implicit-fallthrough -fstrict-aliasing -Wprotocol -Wdeprecated-declarations -Wno-sign-conversion -Wno-infinite-recursion -Wno-comma -Wno-block-capture-autoreleasing -Wno-strict-prototypes -Wno-semicolon-before-method-body -index-store-path /Users/aleks/Library/Developer/Xcode/DerivedData/PlanItApp-gkehojshtcbfvhersqwajfujohau/Index.noindex/DataStore @/Users/aleks/Library/Developer/Xcode/DerivedData/PlanItApp-gkehojshtcbfvhersqwajfujohau/Build/Intermediates.noindex/GoogleUtilities.build/Debug-iphonesimulator/GoogleUtilities-Logger.build/Objects-normal/arm64/e6072d4f65d7061329687fe24e3d63a7-common-args.resp -include /Users/aleks/Library/Developer/Xcode/DerivedData/PlanItApp-gkehojshtcbfvhersqwajfujohau/Build/Intermediates.noindex/GoogleUtilities.build/Debug-iphonesimulator/GoogleUtilities-Logger.build/DerivedSources/resource_bundle_accessor.h -MMD -MT dependencies -MF /Users/aleks/Library/Developer/Xcode/DerivedData/PlanItApp-gkehojshtcbfvhersqwajfujohau/Build/Intermediates.noindex/GoogleUtilities.build/Debug-iphonesimulator/GoogleUtilities-Logger.build/Objects-normal/arm64/GULLogger.d --serialize-diagnostics /Users/aleks/Library/Developer/Xcode/DerivedData/PlanItApp-gkehojshtcbfvhersqwajfujohau/Build/Intermediates.noindex/GoogleUtilities.build/Debug-iphonesimulator/GoogleUtilities-Logger.build/Objects-normal/arm64/GULLogger.dia -c /Users/aleks/Library/Developer/Xcode/DerivedData/PlanItApp-gkehojshtcbfvhersqwajfujohau/SourcePackages/checkouts/GoogleUtilities/GoogleUtilities/Logger/GULLogger.m -o /Users/aleks/Library/Developer/Xcode/DerivedData/PlanItApp-gkehojshtcbfvhersqwajfujohau/Build/Intermediates.noindex/GoogleUtilities.build/Debug-iphonesimulator/GoogleUtilities-Logger.build/Objects-normal/arm64/GULLogger.o -index-unit-output-path /GoogleUtilities.build/Debug-iphonesimulator/GoogleUtilities-Logger.build/Objects-normal/arm64/GULLogger.o

PrecompileModule /Users/aleks/Library/Developer/Xcode/DerivedData/PlanItApp-gkehojshtcbfvhersqwajfujohau/Build/Intermediates.noindex/ExplicitPrecompiledModules/CoreText-9CM52SA8AUAFUH2FAAVZQ0MYX.scan
    cd /Users/aleks/Desktop/PlanItApp/PlanItApp.xcodeproj
    builtin-precompileModule /Users/aleks/Library/Developer/Xcode/DerivedData/PlanItApp-gkehojshtcbfvhersqwajfujohau/Build/Intermediates.noindex/ExplicitPrecompiledModules/CoreText-9CM52SA8AUAFUH2FAAVZQ0MYX.scan

PrecompileModule /Users/aleks/Library/Developer/Xcode/DerivedData/PlanItApp-gkehojshtcbfvhersqwajfujohau/Build/Intermediates.noindex/ExplicitPrecompiledModules/ImageIO-6937HTGL49M5324DT7T3F65FO.scan
    cd /Users/aleks/Desktop/PlanItApp/PlanItApp.xcodeproj
    builtin-precompileModule /Users/aleks/Library/Developer/Xcode/DerivedData/PlanItApp-gkehojshtcbfvhersqwajfujohau/Build/Intermediates.noindex/ExplicitPrecompiledModules/ImageIO-6937HTGL49M5324DT7T3F65FO.scan

ScanDependencies /Users/aleks/Library/Developer/Xcode/DerivedData/PlanItApp-gkehojshtcbfvhersqwajfujohau/Build/Intermediates.noindex/Firebase.build/Debug-iphonesimulator/FirebaseAuthInternal.build/Objects-normal/arm64/FIRAuth.o /Users/aleks/Library/Developer/Xcode/DerivedData/PlanItApp-gkehojshtcbfvhersqwajfujohau/SourcePackages/checkouts/firebase-ios-sdk/FirebaseAuth/Sources/ObjC/FIRAuth.m normal arm64 objective-c com.apple.compilers.llvm.clang.1_0.compiler (in target 'FirebaseAuthInternal' from project 'Firebase')
    cd /Users/aleks/Desktop/PlanItApp/PlanItApp.xcodeproj
    
    Using response file: /Users/aleks/Library/Developer/Xcode/DerivedData/PlanItApp-gkehojshtcbfvhersqwajfujohau/Build/Intermediates.noindex/Firebase.build/Debug-iphonesimulator/FirebaseAuthInternal.build/Objects-normal/arm64/e6072d4f65d7061329687fe24e3d63a7-common-args.resp
    
    builtin-ScanDependencies -o /Users/aleks/Library/Developer/Xcode/DerivedData/PlanItApp-gkehojshtcbfvhersqwajfujohau/Build/Intermediates.noindex/Firebase.build/Debug-iphonesimulator/FirebaseAuthInternal.build/Objects-normal/arm64/FIRAuth.o.scan -- /Applications/Xcode.app/Contents/Developer/Toolchains/XcodeDefault.xctoolchain/usr/bin/clang -x objective-c -ivfsstatcache /Users/aleks/Library/Developer/Xcode/DerivedData/SDKStatCaches.noindex/iphonesimulator18.5-22F76-d5fc8ad4295d2ef488fb7d0f804ce0c4.sdkstatcache -fmessage-length\=0 -fdiagnostics-show-note-include-stack -fmacro-backtrace-limit\=0 -fno-color-diagnostics -fmodules-prune-interval\=86400 -fmodules-prune-after\=345600 -fbuild-session-file\=/Users/aleks/Library/Developer/Xcode/DerivedData/ModuleCache.noindex/Session.modulevalidation -fmodules-validate-once-per-build-session -Wnon-modular-include-in-framework-module -Werror\=non-modular-include-in-framework-module -Wno-trigraphs -Wno-missing-field-initializers -Wno-missing-prototypes -Wno-return-type -Wno-implicit-atomic-properties -Wno-objc-interface-ivars -Wno-arc-repeated-use-of-weak -Wno-missing-braces -Wparentheses -Wswitch -Wno-unused-function -Wno-unused-label -Wno-unused-parameter -Wno-unused-variable -Wunused-value -Wno-empty-body -Wno-uninitialized -Wno-unknown-pragmas -w -Wno-shadow -Wno-four-char-constants -Wno-conversion -Wno-constant-conversion -Wno-int-conversion -Wno-bool-conversion -Wno-enum-conversion -Wno-float-conversion -Wno-non-literal-null-conversion -Wno-objc-literal-conversion -Wshorten-64-to-32 -Wpointer-sign -Wno-newline-eof -Wno-selector -Wno-strict-selector-match -Wno-undeclared-selector -Wno-deprecated-implementations -Wno-implicit-fallthrough -fstrict-aliasing -Wprotocol -Wdeprecated-declarations -Wno-sign-conversion -Wno-infinite-recursion -Wno-comma -Wno-block-capture-autoreleasing -Wno-strict-prototypes -Wno-semicolon-before-method-body -index-store-path /Users/aleks/Library/Developer/Xcode/DerivedData/PlanItApp-gkehojshtcbfvhersqwajfujohau/Index.noindex/DataStore @/Users/aleks/Library/Developer/Xcode/DerivedData/PlanItApp-gkehojshtcbfvhersqwajfujohau/Build/Intermediates.noindex/Firebase.build/Debug-iphonesimulator/FirebaseAuthInternal.build/Objects-normal/arm64/e6072d4f65d7061329687fe24e3d63a7-common-args.resp -MMD -MT dependencies -MF /Users/aleks/Library/Developer/Xcode/DerivedData/PlanItApp-gkehojshtcbfvhersqwajfujohau/Build/Intermediates.noindex/Firebase.build/Debug-iphonesimulator/FirebaseAuthInternal.build/Objects-normal/arm64/FIRAuth.d --serialize-diagnostics /Users/aleks/Library/Developer/Xcode/DerivedData/PlanItApp-gkehojshtcbfvhersqwajfujohau/Build/Intermediates.noindex/Firebase.build/Debug-iphonesimulator/FirebaseAuthInternal.build/Objects-normal/arm64/FIRAuth.dia -c /Users/aleks/Library/Developer/Xcode/DerivedData/PlanItApp-gkehojshtcbfvhersqwajfujohau/SourcePackages/checkouts/firebase-ios-sdk/FirebaseAuth/Sources/ObjC/FIRAuth.m -o /Users/aleks/Library/Developer/Xcode/DerivedData/PlanItApp-gkehojshtcbfvhersqwajfujohau/Build/Intermediates.noindex/Firebase.build/Debug-iphonesimulator/FirebaseAuthInternal.build/Objects-normal/arm64/FIRAuth.o -index-unit-output-path /Firebase.build/Debug-iphonesimulator/FirebaseAuthInternal.build/Objects-normal/arm64/FIRAuth.o

WriteAuxiliaryFile /Users/aleks/Library/Developer/Xcode/DerivedData/PlanItApp-gkehojshtcbfvhersqwajfujohau/Build/Intermediates.noindex/abseil.build/Debug-iphonesimulator/abslWrapper.build/abslWrapper.modulemap (in target 'abslWrapper' from project 'abseil')
    cd /Users/aleks/Library/Developer/Xcode/DerivedData/PlanItApp-gkehojshtcbfvhersqwajfujohau/SourcePackages/checkouts/abseil-cpp-binary
    write-file /Users/aleks/Library/Developer/Xcode/DerivedData/PlanItApp-gkehojshtcbfvhersqwajfujohau/Build/Intermediates.noindex/abseil.build/Debug-iphonesimulator/abslWrapper.build/abslWrapper.modulemap

WriteAuxiliaryFile /Users/aleks/Library/Developer/Xcode/DerivedData/PlanItApp-gkehojshtcbfvhersqwajfujohau/Build/Intermediates.noindex/abseil.build/Debug-iphonesimulator/abslWrapper.build/abslWrapper.DependencyStaticMetadataFileList (in target 'abslWrapper' from project 'abseil')
    cd /Users/aleks/Library/Developer/Xcode/DerivedData/PlanItApp-gkehojshtcbfvhersqwajfujohau/SourcePackages/checkouts/abseil-cpp-binary
    write-file /Users/aleks/Library/Developer/Xcode/DerivedData/PlanItApp-gkehojshtcbfvhersqwajfujohau/Build/Intermediates.noindex/abseil.build/Debug-iphonesimulator/abslWrapper.build/abslWrapper.DependencyStaticMetadataFileList

WriteAuxiliaryFile /Users/aleks/Library/Developer/Xcode/DerivedData/PlanItApp-gkehojshtcbfvhersqwajfujohau/Build/Intermediates.noindex/abseil.build/Debug-iphonesimulator/abslWrapper.build/abslWrapper.DependencyMetadataFileList (in target 'abslWrapper' from project 'abseil')
    cd /Users/aleks/Library/Developer/Xcode/DerivedData/PlanItApp-gkehojshtcbfvhersqwajfujohau/SourcePackages/checkouts/abseil-cpp-binary
    write-file /Users/aleks/Library/Developer/Xcode/DerivedData/PlanItApp-gkehojshtcbfvhersqwajfujohau/Build/Intermediates.noindex/abseil.build/Debug-iphonesimulator/abslWrapper.build/abslWrapper.DependencyMetadataFileList

WriteAuxiliaryFile /Users/aleks/Library/Developer/Xcode/DerivedData/PlanItApp-gkehojshtcbfvhersqwajfujohau/Build/Intermediates.noindex/abseil.build/Debug-iphonesimulator/abslWrapper.build/Objects-normal/arm64/e6072d4f65d7061329687fe24e3d63a7-common-args.resp (in target 'abslWrapper' from project 'abseil')
    cd /Users/aleks/Library/Developer/Xcode/DerivedData/PlanItApp-gkehojshtcbfvhersqwajfujohau/SourcePackages/checkouts/abseil-cpp-binary
    write-file /Users/aleks/Library/Developer/Xcode/DerivedData/PlanItApp-gkehojshtcbfvhersqwajfujohau/Build/Intermediates.noindex/abseil.build/Debug-iphonesimulator/abslWrapper.build/Objects-normal/arm64/e6072d4f65d7061329687fe24e3d63a7-common-args.resp
-target arm64-apple-ios12.0-simulator -fobjc-arc -fmodules -gmodules '-fmodules-cache-path=/Users/aleks/Library/Developer/Xcode/DerivedData/ModuleCache.noindex' '-fmodule-name=abslWrapper' -fpascal-strings -O0 -DSWIFT_PACKAGE '-DDEBUG=1' '-DOBJC_OLD_DISPATCH_PROTOTYPES=1' -isysroot /Applications/Xcode.app/Contents/Developer/Platforms/iPhoneSimulator.platform/Developer/SDKs/iPhoneSimulator18.5.sdk -g '-fobjc-abi-version=2' -fobjc-legacy-dispatch -fprofile-instr-generate -fcoverage-mapping -I/Users/aleks/Library/Developer/Xcode/DerivedData/PlanItApp-gkehojshtcbfvhersqwajfujohau/Build/Products/Debug-iphonesimulator/include -I/Users/aleks/Library/Developer/Xcode/DerivedData/PlanItApp-gkehojshtcbfvhersqwajfujohau/SourcePackages/checkouts/abseil-cpp-binary/absl-Wrapper/include -I/Users/aleks/Library/Developer/Xcode/DerivedData/PlanItApp-gkehojshtcbfvhersqwajfujohau/Build/Intermediates.noindex/abseil.build/Debug-iphonesimulator/abslWrapper.build/DerivedSources-normal/arm64 -I/Users/aleks/Library/Developer/Xcode/DerivedData/PlanItApp-gkehojshtcbfvhersqwajfujohau/Build/Intermediates.noindex/abseil.build/Debug-iphonesimulator/abslWrapper.build/DerivedSources/arm64 -I/Users/aleks/Library/Developer/Xcode/DerivedData/PlanItApp-gkehojshtcbfvhersqwajfujohau/Build/Intermediates.noindex/abseil.build/Debug-iphonesimulator/abslWrapper.build/DerivedSources -F/Users/aleks/Library/Developer/Xcode/DerivedData/PlanItApp-gkehojshtcbfvhersqwajfujohau/Build/Products/Debug-iphonesimulator -iframework /Applications/Xcode.app/Contents/Developer/Platforms/iPhoneSimulator.platform/Developer/Library/Frameworks -iframework /Applications/Xcode.app/Contents/Developer/Platforms/iPhoneSimulator.platform/Developer/SDKs/iPhoneSimulator18.5.sdk/Developer/Library/Frameworks -DXcode

WriteAuxiliaryFile /Users/aleks/Library/Developer/Xcode/DerivedData/PlanItApp-gkehojshtcbfvhersqwajfujohau/Build/Intermediates.noindex/abseil.build/Debug-iphonesimulator/abslWrapper.build/Objects-normal/arm64/abslWrapper.LinkFileList (in target 'abslWrapper' from project 'abseil')
    cd /Users/aleks/Library/Developer/Xcode/DerivedData/PlanItApp-gkehojshtcbfvhersqwajfujohau/SourcePackages/checkouts/abseil-cpp-binary
    write-file /Users/aleks/Library/Developer/Xcode/DerivedData/PlanItApp-gkehojshtcbfvhersqwajfujohau/Build/Intermediates.noindex/abseil.build/Debug-iphonesimulator/abslWrapper.build/Objects-normal/arm64/abslWrapper.LinkFileList

WriteAuxiliaryFile /Users/aleks/Library/Developer/Xcode/DerivedData/PlanItApp-gkehojshtcbfvhersqwajfujohau/Build/Intermediates.noindex/abseil.build/Debug-iphonesimulator/abslWrapper.build/DerivedSources/resource_bundle_accessor.m (in target 'abslWrapper' from project 'abseil')
    cd /Users/aleks/Library/Developer/Xcode/DerivedData/PlanItApp-gkehojshtcbfvhersqwajfujohau/SourcePackages/checkouts/abseil-cpp-binary
    write-file /Users/aleks/Library/Developer/Xcode/DerivedData/PlanItApp-gkehojshtcbfvhersqwajfujohau/Build/Intermediates.noindex/abseil.build/Debug-iphonesimulator/abslWrapper.build/DerivedSources/resource_bundle_accessor.m

WriteAuxiliaryFile /Users/aleks/Library/Developer/Xcode/DerivedData/PlanItApp-gkehojshtcbfvhersqwajfujohau/Build/Intermediates.noindex/abseil.build/Debug-iphonesimulator/abslWrapper.build/DerivedSources/resource_bundle_accessor.h (in target 'abslWrapper' from project 'abseil')
    cd /Users/aleks/Library/Developer/Xcode/DerivedData/PlanItApp-gkehojshtcbfvhersqwajfujohau/SourcePackages/checkouts/abseil-cpp-binary
    write-file /Users/aleks/Library/Developer/Xcode/DerivedData/PlanItApp-gkehojshtcbfvhersqwajfujohau/Build/Intermediates.noindex/abseil.build/Debug-iphonesimulator/abslWrapper.build/DerivedSources/resource_bundle_accessor.h

Copy /Users/aleks/Library/Developer/Xcode/DerivedData/PlanItApp-gkehojshtcbfvhersqwajfujohau/Build/Intermediates.noindex/GeneratedModuleMaps-iphonesimulator/abslWrapper.modulemap /Users/aleks/Library/Developer/Xcode/DerivedData/PlanItApp-gkehojshtcbfvhersqwajfujohau/Build/Intermediates.noindex/abseil.build/Debug-iphonesimulator/abslWrapper.build/abslWrapper.modulemap (in target 'abslWrapper' from project 'abseil')
    cd /Users/aleks/Library/Developer/Xcode/DerivedData/PlanItApp-gkehojshtcbfvhersqwajfujohau/SourcePackages/checkouts/abseil-cpp-binary
    builtin-copy -exclude .DS_Store -exclude CVS -exclude .svn -exclude .git -exclude .hg -resolve-src-symlinks /Users/aleks/Library/Developer/Xcode/DerivedData/PlanItApp-gkehojshtcbfvhersqwajfujohau/Build/Intermediates.noindex/abseil.build/Debug-iphonesimulator/abslWrapper.build/abslWrapper.modulemap /Users/aleks/Library/Developer/Xcode/DerivedData/PlanItApp-gkehojshtcbfvhersqwajfujohau/Build/Intermediates.noindex/GeneratedModuleMaps-iphonesimulator

SwiftDriver FirebaseCoreInternal normal arm64 com.apple.xcode.tools.swift.compiler (in target 'FirebaseCoreInternal' from project 'Firebase')
    cd /Users/aleks/Desktop/PlanItApp/PlanItApp.xcodeproj
    builtin-SwiftDriver -- /Applications/Xcode.app/Contents/Developer/Toolchains/XcodeDefault.xctoolchain/usr/bin/swiftc -module-name FirebaseCoreInternal -Onone -enforce-exclusivity\=checked @/Users/aleks/Library/Developer/Xcode/DerivedData/PlanItApp-gkehojshtcbfvhersqwajfujohau/Build/Intermediates.noindex/Firebase.build/Debug-iphonesimulator/FirebaseCoreInternal.build/Objects-normal/arm64/FirebaseCoreInternal.SwiftFileList -DSWIFT_PACKAGE -DDEBUG -Xcc -fmodule-map-file\=/Users/aleks/Library/Developer/Xcode/DerivedData/PlanItApp-gkehojshtcbfvhersqwajfujohau/Build/Intermediates.noindex/GeneratedModuleMaps-iphonesimulator/GoogleUtilities-NSData.modulemap -DXcode -plugin-path /Applications/Xcode.app/Contents/Developer/Toolchains/XcodeDefault.xctoolchain/usr/lib/swift/host/plugins/testing -enable-experimental-feature DebugDescriptionMacro -sdk /Applications/Xcode.app/Contents/Developer/Platforms/iPhoneSimulator.platform/Developer/SDKs/iPhoneSimulator18.5.sdk -target arm64-apple-ios12.0-simulator -g -module-cache-path /Users/aleks/Library/Developer/Xcode/DerivedData/ModuleCache.noindex -Xfrontend -serialize-debugging-options -profile-coverage-mapping -profile-generate -enable-testing -suppress-warnings -index-store-path /Users/aleks/Library/Developer/Xcode/DerivedData/PlanItApp-gkehojshtcbfvhersqwajfujohau/Index.noindex/DataStore -swift-version 5 -I /Users/aleks/Library/Developer/Xcode/DerivedData/PlanItApp-gkehojshtcbfvhersqwajfujohau/Build/Products/Debug-iphonesimulator -I /Applications/Xcode.app/Contents/Developer/Platforms/iPhoneSimulator.platform/Developer/usr/lib -F /Users/aleks/Library/Developer/Xcode/DerivedData/PlanItApp-gkehojshtcbfvhersqwajfujohau/Build/Products/Debug-iphonesimulator/PackageFrameworks -F /Users/aleks/Library/Developer/Xcode/DerivedData/PlanItApp-gkehojshtcbfvhersqwajfujohau/Build/Products/Debug-iphonesimulator -F /Applications/Xcode.app/Contents/Developer/Platforms/iPhoneSimulator.platform/Developer/Library/Frameworks -F /Applications/Xcode.app/Contents/Developer/Platforms/iPhoneSimulator.platform/Developer/SDKs/iPhoneSimulator18.5.sdk/Developer/Library/Frameworks -c -j10 -enable-batch-mode -incremental -Xcc -ivfsstatcache -Xcc /Users/aleks/Library/Developer/Xcode/DerivedData/SDKStatCaches.noindex/iphonesimulator18.5-22F76-d5fc8ad4295d2ef488fb7d0f804ce0c4.sdkstatcache -output-file-map /Users/aleks/Library/Developer/Xcode/DerivedData/PlanItApp-gkehojshtcbfvhersqwajfujohau/Build/Intermediates.noindex/Firebase.build/Debug-iphonesimulator/FirebaseCoreInternal.build/Objects-normal/arm64/FirebaseCoreInternal-OutputFileMap.json -use-frontend-parseable-output -save-temps -no-color-diagnostics -serialize-diagnostics -emit-dependencies -emit-module -emit-module-path /Users/aleks/Library/Developer/Xcode/DerivedData/PlanItApp-gkehojshtcbfvhersqwajfujohau/Build/Intermediates.noindex/Firebase.build/Debug-iphonesimulator/FirebaseCoreInternal.build/Objects-normal/arm64/FirebaseCoreInternal.swiftmodule -validate-clang-modules-once -clang-build-session-file /Users/aleks/Library/Developer/Xcode/DerivedData/ModuleCache.noindex/Session.modulevalidation -package-name firebase_ios_sdk -Xcc -I/Users/aleks/Library/Developer/Xcode/DerivedData/PlanItApp-gkehojshtcbfvhersqwajfujohau/Build/Intermediates.noindex/Firebase.build/Debug-iphonesimulator/FirebaseCoreInternal.build/swift-overrides.hmap -emit-const-values -Xfrontend -const-gather-protocols-file -Xfrontend /Users/aleks/Library/Developer/Xcode/DerivedData/PlanItApp-gkehojshtcbfvhersqwajfujohau/Build/Intermediates.noindex/Firebase.build/Debug-iphonesimulator/FirebaseCoreInternal.build/Objects-normal/arm64/FirebaseCoreInternal_const_extract_protocols.json -Xcc -I/Users/aleks/Library/Developer/Xcode/DerivedData/PlanItApp-gkehojshtcbfvhersqwajfujohau/SourcePackages/checkouts/GoogleUtilities/GoogleUtilities/NSData+zlib/Public -Xcc -I/Users/aleks/Library/Developer/Xcode/DerivedData/PlanItApp-gkehojshtcbfvhersqwajfujohau/Build/Products/Debug-iphonesimulator/include -Xcc -I/Users/aleks/Library/Developer/Xcode/DerivedData/PlanItApp-gkehojshtcbfvhersqwajfujohau/Build/Intermediates.noindex/Firebase.build/Debug-iphonesimulator/FirebaseCoreInternal.build/DerivedSources-normal/arm64 -Xcc -I/Users/aleks/Library/Developer/Xcode/DerivedData/PlanItApp-gkehojshtcbfvhersqwajfujohau/Build/Intermediates.noindex/Firebase.build/Debug-iphonesimulator/FirebaseCoreInternal.build/DerivedSources/arm64 -Xcc -I/Users/aleks/Library/Developer/Xcode/DerivedData/PlanItApp-gkehojshtcbfvhersqwajfujohau/Build/Intermediates.noindex/Firebase.build/Debug-iphonesimulator/FirebaseCoreInternal.build/DerivedSources -Xcc -DSWIFT_PACKAGE -Xcc -DDEBUG\=1 -emit-objc-header -emit-objc-header-path /Users/aleks/Library/Developer/Xcode/DerivedData/PlanItApp-gkehojshtcbfvhersqwajfujohau/Build/Intermediates.noindex/Firebase.build/Debug-iphonesimulator/FirebaseCoreInternal.build/Objects-normal/arm64/FirebaseCoreInternal-Swift.h -working-directory /Users/aleks/Desktop/PlanItApp/PlanItApp.xcodeproj -experimental-emit-module-separately -disable-cmo

ScanDependencies /Users/aleks/Library/Developer/Xcode/DerivedData/PlanItApp-gkehojshtcbfvhersqwajfujohau/Build/Intermediates.noindex/GoogleUtilities.build/Debug-iphonesimulator/GoogleUtilities-UserDefaults.build/Objects-normal/arm64/resource_bundle_accessor.o /Users/aleks/Library/Developer/Xcode/DerivedData/PlanItApp-gkehojshtcbfvhersqwajfujohau/Build/Intermediates.noindex/GoogleUtilities.build/Debug-iphonesimulator/GoogleUtilities-UserDefaults.build/DerivedSources/resource_bundle_accessor.m normal arm64 objective-c com.apple.compilers.llvm.clang.1_0.compiler (in target 'GoogleUtilities-UserDefaults' from project 'GoogleUtilities')
    cd /Users/aleks/Desktop/PlanItApp/PlanItApp.xcodeproj
    
    Using response file: /Users/aleks/Library/Developer/Xcode/DerivedData/PlanItApp-gkehojshtcbfvhersqwajfujohau/Build/Intermediates.noindex/GoogleUtilities.build/Debug-iphonesimulator/GoogleUtilities-UserDefaults.build/Objects-normal/arm64/e6072d4f65d7061329687fe24e3d63a7-common-args.resp
    
    builtin-ScanDependencies -o /Users/aleks/Library/Developer/Xcode/DerivedData/PlanItApp-gkehojshtcbfvhersqwajfujohau/Build/Intermediates.noindex/GoogleUtilities.build/Debug-iphonesimulator/GoogleUtilities-UserDefaults.build/Objects-normal/arm64/resource_bundle_accessor.o.scan -- /Applications/Xcode.app/Contents/Developer/Toolchains/XcodeDefault.xctoolchain/usr/bin/clang -x objective-c -ivfsstatcache /Users/aleks/Library/Developer/Xcode/DerivedData/SDKStatCaches.noindex/iphonesimulator18.5-22F76-d5fc8ad4295d2ef488fb7d0f804ce0c4.sdkstatcache -fmessage-length\=0 -fdiagnostics-show-note-include-stack -fmacro-backtrace-limit\=0 -fno-color-diagnostics -fmodules-prune-interval\=86400 -fmodules-prune-after\=345600 -fbuild-session-file\=/Users/aleks/Library/Developer/Xcode/DerivedData/ModuleCache.noindex/Session.modulevalidation -fmodules-validate-once-per-build-session -Wnon-modular-include-in-framework-module -Werror\=non-modular-include-in-framework-module -Wno-trigraphs -Wno-missing-field-initializers -Wno-missing-prototypes -Wno-return-type -Wno-implicit-atomic-properties -Wno-objc-interface-ivars -Wno-arc-repeated-use-of-weak -Wno-missing-braces -Wparentheses -Wswitch -Wno-unused-function -Wno-unused-label -Wno-unused-parameter -Wno-unused-variable -Wunused-value -Wno-empty-body -Wno-uninitialized -Wno-unknown-pragmas -w -Wno-shadow -Wno-four-char-constants -Wno-conversion -Wno-constant-conversion -Wno-int-conversion -Wno-bool-conversion -Wno-enum-conversion -Wno-float-conversion -Wno-non-literal-null-conversion -Wno-objc-literal-conversion -Wshorten-64-to-32 -Wpointer-sign -Wno-newline-eof -Wno-selector -Wno-strict-selector-match -Wno-undeclared-selector -Wno-deprecated-implementations -Wno-implicit-fallthrough -fstrict-aliasing -Wprotocol -Wdeprecated-declarations -Wno-sign-conversion -Wno-infinite-recursion -Wno-comma -Wno-block-capture-autoreleasing -Wno-strict-prototypes -Wno-semicolon-before-method-body -index-store-path /Users/aleks/Library/Developer/Xcode/DerivedData/PlanItApp-gkehojshtcbfvhersqwajfujohau/Index.noindex/DataStore @/Users/aleks/Library/Developer/Xcode/DerivedData/PlanItApp-gkehojshtcbfvhersqwajfujohau/Build/Intermediates.noindex/GoogleUtilities.build/Debug-iphonesimulator/GoogleUtilities-UserDefaults.build/Objects-normal/arm64/e6072d4f65d7061329687fe24e3d63a7-common-args.resp -include /Users/aleks/Library/Developer/Xcode/DerivedData/PlanItApp-gkehojshtcbfvhersqwajfujohau/Build/Intermediates.noindex/GoogleUtilities.build/Debug-iphonesimulator/GoogleUtilities-UserDefaults.build/DerivedSources/resource_bundle_accessor.h -MMD -MT dependencies -MF /Users/aleks/Library/Developer/Xcode/DerivedData/PlanItApp-gkehojshtcbfvhersqwajfujohau/Build/Intermediates.noindex/GoogleUtilities.build/Debug-iphonesimulator/GoogleUtilities-UserDefaults.build/Objects-normal/arm64/resource_bundle_accessor.d --serialize-diagnostics /Users/aleks/Library/Developer/Xcode/DerivedData/PlanItApp-gkehojshtcbfvhersqwajfujohau/Build/Intermediates.noindex/GoogleUtilities.build/Debug-iphonesimulator/GoogleUtilities-UserDefaults.build/Objects-normal/arm64/resource_bundle_accessor.dia -c /Users/aleks/Library/Developer/Xcode/DerivedData/PlanItApp-gkehojshtcbfvhersqwajfujohau/Build/Intermediates.noindex/GoogleUtilities.build/Debug-iphonesimulator/GoogleUtilities-UserDefaults.build/DerivedSources/resource_bundle_accessor.m -o /Users/aleks/Library/Developer/Xcode/DerivedData/PlanItApp-gkehojshtcbfvhersqwajfujohau/Build/Intermediates.noindex/GoogleUtilities.build/Debug-iphonesimulator/GoogleUtilities-UserDefaults.build/Objects-normal/arm64/resource_bundle_accessor.o -index-unit-output-path /GoogleUtilities.build/Debug-iphonesimulator/GoogleUtilities-UserDefaults.build/Objects-normal/arm64/resource_bundle_accessor.o

ScanDependencies /Users/aleks/Library/Developer/Xcode/DerivedData/PlanItApp-gkehojshtcbfvhersqwajfujohau/Build/Intermediates.noindex/GoogleUtilities.build/Debug-iphonesimulator/GoogleUtilities-UserDefaults.build/Objects-normal/arm64/GULUserDefaults.o /Users/aleks/Library/Developer/Xcode/DerivedData/PlanItApp-gkehojshtcbfvhersqwajfujohau/SourcePackages/checkouts/GoogleUtilities/GoogleUtilities/UserDefaults/GULUserDefaults.m normal arm64 objective-c com.apple.compilers.llvm.clang.1_0.compiler (in target 'GoogleUtilities-UserDefaults' from project 'GoogleUtilities')
    cd /Users/aleks/Desktop/PlanItApp/PlanItApp.xcodeproj
    
    Using response file: /Users/aleks/Library/Developer/Xcode/DerivedData/PlanItApp-gkehojshtcbfvhersqwajfujohau/Build/Intermediates.noindex/GoogleUtilities.build/Debug-iphonesimulator/GoogleUtilities-UserDefaults.build/Objects-normal/arm64/e6072d4f65d7061329687fe24e3d63a7-common-args.resp
    
    builtin-ScanDependencies -o /Users/aleks/Library/Developer/Xcode/DerivedData/PlanItApp-gkehojshtcbfvhersqwajfujohau/Build/Intermediates.noindex/GoogleUtilities.build/Debug-iphonesimulator/GoogleUtilities-UserDefaults.build/Objects-normal/arm64/GULUserDefaults.o.scan -- /Applications/Xcode.app/Contents/Developer/Toolchains/XcodeDefault.xctoolchain/usr/bin/clang -x objective-c -ivfsstatcache /Users/aleks/Library/Developer/Xcode/DerivedData/SDKStatCaches.noindex/iphonesimulator18.5-22F76-d5fc8ad4295d2ef488fb7d0f804ce0c4.sdkstatcache -fmessage-length\=0 -fdiagnostics-show-note-include-stack -fmacro-backtrace-limit\=0 -fno-color-diagnostics -fmodules-prune-interval\=86400 -fmodules-prune-after\=345600 -fbuild-session-file\=/Users/aleks/Library/Developer/Xcode/DerivedData/ModuleCache.noindex/Session.modulevalidation -fmodules-validate-once-per-build-session -Wnon-modular-include-in-framework-module -Werror\=non-modular-include-in-framework-module -Wno-trigraphs -Wno-missing-field-initializers -Wno-missing-prototypes -Wno-return-type -Wno-implicit-atomic-properties -Wno-objc-interface-ivars -Wno-arc-repeated-use-of-weak -Wno-missing-braces -Wparentheses -Wswitch -Wno-unused-function -Wno-unused-label -Wno-unused-parameter -Wno-unused-variable -Wunused-value -Wno-empty-body -Wno-uninitialized -Wno-unknown-pragmas -w -Wno-shadow -Wno-four-char-constants -Wno-conversion -Wno-constant-conversion -Wno-int-conversion -Wno-bool-conversion -Wno-enum-conversion -Wno-float-conversion -Wno-non-literal-null-conversion -Wno-objc-literal-conversion -Wshorten-64-to-32 -Wpointer-sign -Wno-newline-eof -Wno-selector -Wno-strict-selector-match -Wno-undeclared-selector -Wno-deprecated-implementations -Wno-implicit-fallthrough -fstrict-aliasing -Wprotocol -Wdeprecated-declarations -Wno-sign-conversion -Wno-infinite-recursion -Wno-comma -Wno-block-capture-autoreleasing -Wno-strict-prototypes -Wno-semicolon-before-method-body -index-store-path /Users/aleks/Library/Developer/Xcode/DerivedData/PlanItApp-gkehojshtcbfvhersqwajfujohau/Index.noindex/DataStore @/Users/aleks/Library/Developer/Xcode/DerivedData/PlanItApp-gkehojshtcbfvhersqwajfujohau/Build/Intermediates.noindex/GoogleUtilities.build/Debug-iphonesimulator/GoogleUtilities-UserDefaults.build/Objects-normal/arm64/e6072d4f65d7061329687fe24e3d63a7-common-args.resp -include /Users/aleks/Library/Developer/Xcode/DerivedData/PlanItApp-gkehojshtcbfvhersqwajfujohau/Build/Intermediates.noindex/GoogleUtilities.build/Debug-iphonesimulator/GoogleUtilities-UserDefaults.build/DerivedSources/resource_bundle_accessor.h -MMD -MT dependencies -MF /Users/aleks/Library/Developer/Xcode/DerivedData/PlanItApp-gkehojshtcbfvhersqwajfujohau/Build/Intermediates.noindex/GoogleUtilities.build/Debug-iphonesimulator/GoogleUtilities-UserDefaults.build/Objects-normal/arm64/GULUserDefaults.d --serialize-diagnostics /Users/aleks/Library/Developer/Xcode/DerivedData/PlanItApp-gkehojshtcbfvhersqwajfujohau/Build/Intermediates.noindex/GoogleUtilities.build/Debug-iphonesimulator/GoogleUtilities-UserDefaults.build/Objects-normal/arm64/GULUserDefaults.dia -c /Users/aleks/Library/Developer/Xcode/DerivedData/PlanItApp-gkehojshtcbfvhersqwajfujohau/SourcePackages/checkouts/GoogleUtilities/GoogleUtilities/UserDefaults/GULUserDefaults.m -o /Users/aleks/Library/Developer/Xcode/DerivedData/PlanItApp-gkehojshtcbfvhersqwajfujohau/Build/Intermediates.noindex/GoogleUtilities.build/Debug-iphonesimulator/GoogleUtilities-UserDefaults.build/Objects-normal/arm64/GULUserDefaults.o -index-unit-output-path /GoogleUtilities.build/Debug-iphonesimulator/GoogleUtilities-UserDefaults.build/Objects-normal/arm64/GULUserDefaults.o

ScanDependencies /Users/aleks/Library/Developer/Xcode/DerivedData/PlanItApp-gkehojshtcbfvhersqwajfujohau/Build/Intermediates.noindex/GoogleUtilities.build/Debug-iphonesimulator/GoogleUtilities-Reachability.build/Objects-normal/arm64/resource_bundle_accessor.o /Users/aleks/Library/Developer/Xcode/DerivedData/PlanItApp-gkehojshtcbfvhersqwajfujohau/Build/Intermediates.noindex/GoogleUtilities.build/Debug-iphonesimulator/GoogleUtilities-Reachability.build/DerivedSources/resource_bundle_accessor.m normal arm64 objective-c com.apple.compilers.llvm.clang.1_0.compiler (in target 'GoogleUtilities-Reachability' from project 'GoogleUtilities')
    cd /Users/aleks/Desktop/PlanItApp/PlanItApp.xcodeproj
    
    Using response file: /Users/aleks/Library/Developer/Xcode/DerivedData/PlanItApp-gkehojshtcbfvhersqwajfujohau/Build/Intermediates.noindex/GoogleUtilities.build/Debug-iphonesimulator/GoogleUtilities-Reachability.build/Objects-normal/arm64/e6072d4f65d7061329687fe24e3d63a7-common-args.resp
    
    builtin-ScanDependencies -o /Users/aleks/Library/Developer/Xcode/DerivedData/PlanItApp-gkehojshtcbfvhersqwajfujohau/Build/Intermediates.noindex/GoogleUtilities.build/Debug-iphonesimulator/GoogleUtilities-Reachability.build/Objects-normal/arm64/resource_bundle_accessor.o.scan -- /Applications/Xcode.app/Contents/Developer/Toolchains/XcodeDefault.xctoolchain/usr/bin/clang -x objective-c -ivfsstatcache /Users/aleks/Library/Developer/Xcode/DerivedData/SDKStatCaches.noindex/iphonesimulator18.5-22F76-d5fc8ad4295d2ef488fb7d0f804ce0c4.sdkstatcache -fmessage-length\=0 -fdiagnostics-show-note-include-stack -fmacro-backtrace-limit\=0 -fno-color-diagnostics -fmodules-prune-interval\=86400 -fmodules-prune-after\=345600 -fbuild-session-file\=/Users/aleks/Library/Developer/Xcode/DerivedData/ModuleCache.noindex/Session.modulevalidation -fmodules-validate-once-per-build-session -Wnon-modular-include-in-framework-module -Werror\=non-modular-include-in-framework-module -Wno-trigraphs -Wno-missing-field-initializers -Wno-missing-prototypes -Wno-return-type -Wno-implicit-atomic-properties -Wno-objc-interface-ivars -Wno-arc-repeated-use-of-weak -Wno-missing-braces -Wparentheses -Wswitch -Wno-unused-function -Wno-unused-label -Wno-unused-parameter -Wno-unused-variable -Wunused-value -Wno-empty-body -Wno-uninitialized -Wno-unknown-pragmas -w -Wno-shadow -Wno-four-char-constants -Wno-conversion -Wno-constant-conversion -Wno-int-conversion -Wno-bool-conversion -Wno-enum-conversion -Wno-float-conversion -Wno-non-literal-null-conversion -Wno-objc-literal-conversion -Wshorten-64-to-32 -Wpointer-sign -Wno-newline-eof -Wno-selector -Wno-strict-selector-match -Wno-undeclared-selector -Wno-deprecated-implementations -Wno-implicit-fallthrough -fstrict-aliasing -Wprotocol -Wdeprecated-declarations -Wno-sign-conversion -Wno-infinite-recursion -Wno-comma -Wno-block-capture-autoreleasing -Wno-strict-prototypes -Wno-semicolon-before-method-body -index-store-path /Users/aleks/Library/Developer/Xcode/DerivedData/PlanItApp-gkehojshtcbfvhersqwajfujohau/Index.noindex/DataStore @/Users/aleks/Library/Developer/Xcode/DerivedData/PlanItApp-gkehojshtcbfvhersqwajfujohau/Build/Intermediates.noindex/GoogleUtilities.build/Debug-iphonesimulator/GoogleUtilities-Reachability.build/Objects-normal/arm64/e6072d4f65d7061329687fe24e3d63a7-common-args.resp -include /Users/aleks/Library/Developer/Xcode/DerivedData/PlanItApp-gkehojshtcbfvhersqwajfujohau/Build/Intermediates.noindex/GoogleUtilities.build/Debug-iphonesimulator/GoogleUtilities-Reachability.build/DerivedSources/resource_bundle_accessor.h -MMD -MT dependencies -MF /Users/aleks/Library/Developer/Xcode/DerivedData/PlanItApp-gkehojshtcbfvhersqwajfujohau/Build/Intermediates.noindex/GoogleUtilities.build/Debug-iphonesimulator/GoogleUtilities-Reachability.build/Objects-normal/arm64/resource_bundle_accessor.d --serialize-diagnostics /Users/aleks/Library/Developer/Xcode/DerivedData/PlanItApp-gkehojshtcbfvhersqwajfujohau/Build/Intermediates.noindex/GoogleUtilities.build/Debug-iphonesimulator/GoogleUtilities-Reachability.build/Objects-normal/arm64/resource_bundle_accessor.dia -c /Users/aleks/Library/Developer/Xcode/DerivedData/PlanItApp-gkehojshtcbfvhersqwajfujohau/Build/Intermediates.noindex/GoogleUtilities.build/Debug-iphonesimulator/GoogleUtilities-Reachability.build/DerivedSources/resource_bundle_accessor.m -o /Users/aleks/Library/Developer/Xcode/DerivedData/PlanItApp-gkehojshtcbfvhersqwajfujohau/Build/Intermediates.noindex/GoogleUtilities.build/Debug-iphonesimulator/GoogleUtilities-Reachability.build/Objects-normal/arm64/resource_bundle_accessor.o -index-unit-output-path /GoogleUtilities.build/Debug-iphonesimulator/GoogleUtilities-Reachability.build/Objects-normal/arm64/resource_bundle_accessor.o

ScanDependencies /Users/aleks/Library/Developer/Xcode/DerivedData/PlanItApp-gkehojshtcbfvhersqwajfujohau/Build/Intermediates.noindex/GoogleUtilities.build/Debug-iphonesimulator/GoogleUtilities-Reachability.build/Objects-normal/arm64/GULReachabilityChecker.o /Users/aleks/Library/Developer/Xcode/DerivedData/PlanItApp-gkehojshtcbfvhersqwajfujohau/SourcePackages/checkouts/GoogleUtilities/GoogleUtilities/Reachability/GULReachabilityChecker.m normal arm64 objective-c com.apple.compilers.llvm.clang.1_0.compiler (in target 'GoogleUtilities-Reachability' from project 'GoogleUtilities')
    cd /Users/aleks/Desktop/PlanItApp/PlanItApp.xcodeproj
    
    Using response file: /Users/aleks/Library/Developer/Xcode/DerivedData/PlanItApp-gkehojshtcbfvhersqwajfujohau/Build/Intermediates.noindex/GoogleUtilities.build/Debug-iphonesimulator/GoogleUtilities-Reachability.build/Objects-normal/arm64/e6072d4f65d7061329687fe24e3d63a7-common-args.resp
    
    builtin-ScanDependencies -o /Users/aleks/Library/Developer/Xcode/DerivedData/PlanItApp-gkehojshtcbfvhersqwajfujohau/Build/Intermediates.noindex/GoogleUtilities.build/Debug-iphonesimulator/GoogleUtilities-Reachability.build/Objects-normal/arm64/GULReachabilityChecker.o.scan -- /Applications/Xcode.app/Contents/Developer/Toolchains/XcodeDefault.xctoolchain/usr/bin/clang -x objective-c -ivfsstatcache /Users/aleks/Library/Developer/Xcode/DerivedData/SDKStatCaches.noindex/iphonesimulator18.5-22F76-d5fc8ad4295d2ef488fb7d0f804ce0c4.sdkstatcache -fmessage-length\=0 -fdiagnostics-show-note-include-stack -fmacro-backtrace-limit\=0 -fno-color-diagnostics -fmodules-prune-interval\=86400 -fmodules-prune-after\=345600 -fbuild-session-file\=/Users/aleks/Library/Developer/Xcode/DerivedData/ModuleCache.noindex/Session.modulevalidation -fmodules-validate-once-per-build-session -Wnon-modular-include-in-framework-module -Werror\=non-modular-include-in-framework-module -Wno-trigraphs -Wno-missing-field-initializers -Wno-missing-prototypes -Wno-return-type -Wno-implicit-atomic-properties -Wno-objc-interface-ivars -Wno-arc-repeated-use-of-weak -Wno-missing-braces -Wparentheses -Wswitch -Wno-unused-function -Wno-unused-label -Wno-unused-parameter -Wno-unused-variable -Wunused-value -Wno-empty-body -Wno-uninitialized -Wno-unknown-pragmas -w -Wno-shadow -Wno-four-char-constants -Wno-conversion -Wno-constant-conversion -Wno-int-conversion -Wno-bool-conversion -Wno-enum-conversion -Wno-float-conversion -Wno-non-literal-null-conversion -Wno-objc-literal-conversion -Wshorten-64-to-32 -Wpointer-sign -Wno-newline-eof -Wno-selector -Wno-strict-selector-match -Wno-undeclared-selector -Wno-deprecated-implementations -Wno-implicit-fallthrough -fstrict-aliasing -Wprotocol -Wdeprecated-declarations -Wno-sign-conversion -Wno-infinite-recursion -Wno-comma -Wno-block-capture-autoreleasing -Wno-strict-prototypes -Wno-semicolon-before-method-body -index-store-path /Users/aleks/Library/Developer/Xcode/DerivedData/PlanItApp-gkehojshtcbfvhersqwajfujohau/Index.noindex/DataStore @/Users/aleks/Library/Developer/Xcode/DerivedData/PlanItApp-gkehojshtcbfvhersqwajfujohau/Build/Intermediates.noindex/GoogleUtilities.build/Debug-iphonesimulator/GoogleUtilities-Reachability.build/Objects-normal/arm64/e6072d4f65d7061329687fe24e3d63a7-common-args.resp -include /Users/aleks/Library/Developer/Xcode/DerivedData/PlanItApp-gkehojshtcbfvhersqwajfujohau/Build/Intermediates.noindex/GoogleUtilities.build/Debug-iphonesimulator/GoogleUtilities-Reachability.build/DerivedSources/resource_bundle_accessor.h -MMD -MT dependencies -MF /Users/aleks/Library/Developer/Xcode/DerivedData/PlanItApp-gkehojshtcbfvhersqwajfujohau/Build/Intermediates.noindex/GoogleUtilities.build/Debug-iphonesimulator/GoogleUtilities-Reachability.build/Objects-normal/arm64/GULReachabilityChecker.d --serialize-diagnostics /Users/aleks/Library/Developer/Xcode/DerivedData/PlanItApp-gkehojshtcbfvhersqwajfujohau/Build/Intermediates.noindex/GoogleUtilities.build/Debug-iphonesimulator/GoogleUtilities-Reachability.build/Objects-normal/arm64/GULReachabilityChecker.dia -c /Users/aleks/Library/Developer/Xcode/DerivedData/PlanItApp-gkehojshtcbfvhersqwajfujohau/SourcePackages/checkouts/GoogleUtilities/GoogleUtilities/Reachability/GULReachabilityChecker.m -o /Users/aleks/Library/Developer/Xcode/DerivedData/PlanItApp-gkehojshtcbfvhersqwajfujohau/Build/Intermediates.noindex/GoogleUtilities.build/Debug-iphonesimulator/GoogleUtilities-Reachability.build/Objects-normal/arm64/GULReachabilityChecker.o -index-unit-output-path /GoogleUtilities.build/Debug-iphonesimulator/GoogleUtilities-Reachability.build/Objects-normal/arm64/GULReachabilityChecker.o

ScanDependencies /Users/aleks/Library/Developer/Xcode/DerivedData/PlanItApp-gkehojshtcbfvhersqwajfujohau/Build/Intermediates.noindex/AppAuth.build/Debug-iphonesimulator/AppAuth.build/Objects-normal/arm64/resource_bundle_accessor.o /Users/aleks/Library/Developer/Xcode/DerivedData/PlanItApp-gkehojshtcbfvhersqwajfujohau/Build/Intermediates.noindex/AppAuth.build/Debug-iphonesimulator/AppAuth.build/DerivedSources/resource_bundle_accessor.m normal arm64 objective-c com.apple.compilers.llvm.clang.1_0.compiler (in target 'AppAuth' from project 'AppAuth')
    cd /Users/aleks/Desktop/PlanItApp/PlanItApp.xcodeproj
    
    Using response file: /Users/aleks/Library/Developer/Xcode/DerivedData/PlanItApp-gkehojshtcbfvhersqwajfujohau/Build/Intermediates.noindex/AppAuth.build/Debug-iphonesimulator/AppAuth.build/Objects-normal/arm64/e6072d4f65d7061329687fe24e3d63a7-common-args.resp
    
    builtin-ScanDependencies -o /Users/aleks/Library/Developer/Xcode/DerivedData/PlanItApp-gkehojshtcbfvhersqwajfujohau/Build/Intermediates.noindex/AppAuth.build/Debug-iphonesimulator/AppAuth.build/Objects-normal/arm64/resource_bundle_accessor.o.scan -- /Applications/Xcode.app/Contents/Developer/Toolchains/XcodeDefault.xctoolchain/usr/bin/clang -x objective-c -ivfsstatcache /Users/aleks/Library/Developer/Xcode/DerivedData/SDKStatCaches.noindex/iphonesimulator18.5-22F76-d5fc8ad4295d2ef488fb7d0f804ce0c4.sdkstatcache -fmessage-length\=0 -fdiagnostics-show-note-include-stack -fmacro-backtrace-limit\=0 -fno-color-diagnostics -fmodules-prune-interval\=86400 -fmodules-prune-after\=345600 -fbuild-session-file\=/Users/aleks/Library/Developer/Xcode/DerivedData/ModuleCache.noindex/Session.modulevalidation -fmodules-validate-once-per-build-session -Wnon-modular-include-in-framework-module -Werror\=non-modular-include-in-framework-module -Wno-trigraphs -Wno-missing-field-initializers -Wno-missing-prototypes -Wno-return-type -Wno-implicit-atomic-properties -Wno-objc-interface-ivars -Wno-arc-repeated-use-of-weak -Wno-missing-braces -Wparentheses -Wswitch -Wno-unused-function -Wno-unused-label -Wno-unused-parameter -Wno-unused-variable -Wunused-value -Wno-empty-body -Wno-uninitialized -Wno-unknown-pragmas -w -Wno-shadow -Wno-four-char-constants -Wno-conversion -Wno-constant-conversion -Wno-int-conversion -Wno-bool-conversion -Wno-enum-conversion -Wno-float-conversion -Wno-non-literal-null-conversion -Wno-objc-literal-conversion -Wshorten-64-to-32 -Wpointer-sign -Wno-newline-eof -Wno-selector -Wno-strict-selector-match -Wno-undeclared-selector -Wno-deprecated-implementations -Wno-implicit-fallthrough -fstrict-aliasing -Wprotocol -Wdeprecated-declarations -Wno-sign-conversion -Wno-infinite-recursion -Wno-comma -Wno-block-capture-autoreleasing -Wno-strict-prototypes -Wno-semicolon-before-method-body -index-store-path /Users/aleks/Library/Developer/Xcode/DerivedData/PlanItApp-gkehojshtcbfvhersqwajfujohau/Index.noindex/DataStore @/Users/aleks/Library/Developer/Xcode/DerivedData/PlanItApp-gkehojshtcbfvhersqwajfujohau/Build/Intermediates.noindex/AppAuth.build/Debug-iphonesimulator/AppAuth.build/Objects-normal/arm64/e6072d4f65d7061329687fe24e3d63a7-common-args.resp -include /Users/aleks/Library/Developer/Xcode/DerivedData/PlanItApp-gkehojshtcbfvhersqwajfujohau/Build/Intermediates.noindex/AppAuth.build/Debug-iphonesimulator/AppAuth.build/DerivedSources/resource_bundle_accessor.h -MMD -MT dependencies -MF /Users/aleks/Library/Developer/Xcode/DerivedData/PlanItApp-gkehojshtcbfvhersqwajfujohau/Build/Intermediates.noindex/AppAuth.build/Debug-iphonesimulator/AppAuth.build/Objects-normal/arm64/resource_bundle_accessor.d --serialize-diagnostics /Users/aleks/Library/Developer/Xcode/DerivedData/PlanItApp-gkehojshtcbfvhersqwajfujohau/Build/Intermediates.noindex/AppAuth.build/Debug-iphonesimulator/AppAuth.build/Objects-normal/arm64/resource_bundle_accessor.dia -c /Users/aleks/Library/Developer/Xcode/DerivedData/PlanItApp-gkehojshtcbfvhersqwajfujohau/Build/Intermediates.noindex/AppAuth.build/Debug-iphonesimulator/AppAuth.build/DerivedSources/resource_bundle_accessor.m -o /Users/aleks/Library/Developer/Xcode/DerivedData/PlanItApp-gkehojshtcbfvhersqwajfujohau/Build/Intermediates.noindex/AppAuth.build/Debug-iphonesimulator/AppAuth.build/Objects-normal/arm64/resource_bundle_accessor.o -index-unit-output-path /AppAuth.build/Debug-iphonesimulator/AppAuth.build/Objects-normal/arm64/resource_bundle_accessor.o

SwiftEmitModule normal arm64 Emitting\ module\ for\ FirebaseCoreInternal (in target 'FirebaseCoreInternal' from project 'Firebase')

EmitSwiftModule normal arm64 (in target 'FirebaseCoreInternal' from project 'Firebase')
    cd /Users/aleks/Desktop/PlanItApp/PlanItApp.xcodeproj
    

CompileC /Users/aleks/Library/Developer/Xcode/DerivedData/PlanItApp-gkehojshtcbfvhersqwajfujohau/Build/Intermediates.noindex/GoogleUtilities.build/Debug-iphonesimulator/GoogleUtilities-UserDefaults.build/Objects-normal/arm64/resource_bundle_accessor.o /Users/aleks/Library/Developer/Xcode/DerivedData/PlanItApp-gkehojshtcbfvhersqwajfujohau/Build/Intermediates.noindex/GoogleUtilities.build/Debug-iphonesimulator/GoogleUtilities-UserDefaults.build/DerivedSources/resource_bundle_accessor.m normal arm64 objective-c com.apple.compilers.llvm.clang.1_0.compiler (in target 'GoogleUtilities-UserDefaults' from project 'GoogleUtilities')
    cd /Users/aleks/Desktop/PlanItApp/PlanItApp.xcodeproj
    
    Using response file: /Users/aleks/Library/Developer/Xcode/DerivedData/PlanItApp-gkehojshtcbfvhersqwajfujohau/Build/Intermediates.noindex/GoogleUtilities.build/Debug-iphonesimulator/GoogleUtilities-UserDefaults.build/Objects-normal/arm64/e6072d4f65d7061329687fe24e3d63a7-common-args.resp
    
    /Applications/Xcode.app/Contents/Developer/Toolchains/XcodeDefault.xctoolchain/usr/bin/clang -x objective-c -ivfsstatcache /Users/aleks/Library/Developer/Xcode/DerivedData/SDKStatCaches.noindex/iphonesimulator18.5-22F76-d5fc8ad4295d2ef488fb7d0f804ce0c4.sdkstatcache -fmessage-length\=0 -fdiagnostics-show-note-include-stack -fmacro-backtrace-limit\=0 -fno-color-diagnostics -fmodules-prune-interval\=86400 -fmodules-prune-after\=345600 -fbuild-session-file\=/Users/aleks/Library/Developer/Xcode/DerivedData/ModuleCache.noindex/Session.modulevalidation -fmodules-validate-once-per-build-session -Wnon-modular-include-in-framework-module -Werror\=non-modular-include-in-framework-module -Wno-trigraphs -Wno-missing-field-initializers -Wno-missing-prototypes -Wno-return-type -Wno-implicit-atomic-properties -Wno-objc-interface-ivars -Wno-arc-repeated-use-of-weak -Wno-missing-braces -Wparentheses -Wswitch -Wno-unused-function -Wno-unused-label -Wno-unused-parameter -Wno-unused-variable -Wunused-value -Wno-empty-body -Wno-uninitialized -Wno-unknown-pragmas -w -Wno-shadow -Wno-four-char-constants -Wno-conversion -Wno-constant-conversion -Wno-int-conversion -Wno-bool-conversion -Wno-enum-conversion -Wno-float-conversion -Wno-non-literal-null-conversion -Wno-objc-literal-conversion -Wshorten-64-to-32 -Wpointer-sign -Wno-newline-eof -Wno-selector -Wno-strict-selector-match -Wno-undeclared-selector -Wno-deprecated-implementations -Wno-implicit-fallthrough -fstrict-aliasing -Wprotocol -Wdeprecated-declarations -Wno-sign-conversion -Wno-infinite-recursion -Wno-comma -Wno-block-capture-autoreleasing -Wno-strict-prototypes -Wno-semicolon-before-method-body -index-store-path /Users/aleks/Library/Developer/Xcode/DerivedData/PlanItApp-gkehojshtcbfvhersqwajfujohau/Index.noindex/DataStore @/Users/aleks/Library/Developer/Xcode/DerivedData/PlanItApp-gkehojshtcbfvhersqwajfujohau/Build/Intermediates.noindex/GoogleUtilities.build/Debug-iphonesimulator/GoogleUtilities-UserDefaults.build/Objects-normal/arm64/e6072d4f65d7061329687fe24e3d63a7-common-args.resp -include /Users/aleks/Library/Developer/Xcode/DerivedData/PlanItApp-gkehojshtcbfvhersqwajfujohau/Build/Intermediates.noindex/GoogleUtilities.build/Debug-iphonesimulator/GoogleUtilities-UserDefaults.build/DerivedSources/resource_bundle_accessor.h -MMD -MT dependencies -MF /Users/aleks/Library/Developer/Xcode/DerivedData/PlanItApp-gkehojshtcbfvhersqwajfujohau/Build/Intermediates.noindex/GoogleUtilities.build/Debug-iphonesimulator/GoogleUtilities-UserDefaults.build/Objects-normal/arm64/resource_bundle_accessor.d --serialize-diagnostics /Users/aleks/Library/Developer/Xcode/DerivedData/PlanItApp-gkehojshtcbfvhersqwajfujohau/Build/Intermediates.noindex/GoogleUtilities.build/Debug-iphonesimulator/GoogleUtilities-UserDefaults.build/Objects-normal/arm64/resource_bundle_accessor.dia -c /Users/aleks/Library/Developer/Xcode/DerivedData/PlanItApp-gkehojshtcbfvhersqwajfujohau/Build/Intermediates.noindex/GoogleUtilities.build/Debug-iphonesimulator/GoogleUtilities-UserDefaults.build/DerivedSources/resource_bundle_accessor.m -o /Users/aleks/Library/Developer/Xcode/DerivedData/PlanItApp-gkehojshtcbfvhersqwajfujohau/Build/Intermediates.noindex/GoogleUtilities.build/Debug-iphonesimulator/GoogleUtilities-UserDefaults.build/Objects-normal/arm64/resource_bundle_accessor.o -index-unit-output-path /GoogleUtilities.build/Debug-iphonesimulator/GoogleUtilities-UserDefaults.build/Objects-normal/arm64/resource_bundle_accessor.o

PrecompileModule /Users/aleks/Library/Developer/Xcode/DerivedData/PlanItApp-gkehojshtcbfvhersqwajfujohau/Build/Intermediates.noindex/ExplicitPrecompiledModules/GoogleUtilities_Logger-42TPQR4Q0W8TZ9BTZO4VCJAIC.scan
    cd /Users/aleks/Desktop/PlanItApp/PlanItApp.xcodeproj
    builtin-precompileModule /Users/aleks/Library/Developer/Xcode/DerivedData/PlanItApp-gkehojshtcbfvhersqwajfujohau/Build/Intermediates.noindex/ExplicitPrecompiledModules/GoogleUtilities_Logger-42TPQR4Q0W8TZ9BTZO4VCJAIC.scan

CompileC /Users/aleks/Library/Developer/Xcode/DerivedData/PlanItApp-gkehojshtcbfvhersqwajfujohau/Build/Intermediates.noindex/GoogleUtilities.build/Debug-iphonesimulator/GoogleUtilities-Reachability.build/Objects-normal/arm64/resource_bundle_accessor.o /Users/aleks/Library/Developer/Xcode/DerivedData/PlanItApp-gkehojshtcbfvhersqwajfujohau/Build/Intermediates.noindex/GoogleUtilities.build/Debug-iphonesimulator/GoogleUtilities-Reachability.build/DerivedSources/resource_bundle_accessor.m normal arm64 objective-c com.apple.compilers.llvm.clang.1_0.compiler (in target 'GoogleUtilities-Reachability' from project 'GoogleUtilities')
    cd /Users/aleks/Desktop/PlanItApp/PlanItApp.xcodeproj
    
    Using response file: /Users/aleks/Library/Developer/Xcode/DerivedData/PlanItApp-gkehojshtcbfvhersqwajfujohau/Build/Intermediates.noindex/GoogleUtilities.build/Debug-iphonesimulator/GoogleUtilities-Reachability.build/Objects-normal/arm64/e6072d4f65d7061329687fe24e3d63a7-common-args.resp
    
    /Applications/Xcode.app/Contents/Developer/Toolchains/XcodeDefault.xctoolchain/usr/bin/clang -x objective-c -ivfsstatcache /Users/aleks/Library/Developer/Xcode/DerivedData/SDKStatCaches.noindex/iphonesimulator18.5-22F76-d5fc8ad4295d2ef488fb7d0f804ce0c4.sdkstatcache -fmessage-length\=0 -fdiagnostics-show-note-include-stack -fmacro-backtrace-limit\=0 -fno-color-diagnostics -fmodules-prune-interval\=86400 -fmodules-prune-after\=345600 -fbuild-session-file\=/Users/aleks/Library/Developer/Xcode/DerivedData/ModuleCache.noindex/Session.modulevalidation -fmodules-validate-once-per-build-session -Wnon-modular-include-in-framework-module -Werror\=non-modular-include-in-framework-module -Wno-trigraphs -Wno-missing-field-initializers -Wno-missing-prototypes -Wno-return-type -Wno-implicit-atomic-properties -Wno-objc-interface-ivars -Wno-arc-repeated-use-of-weak -Wno-missing-braces -Wparentheses -Wswitch -Wno-unused-function -Wno-unused-label -Wno-unused-parameter -Wno-unused-variable -Wunused-value -Wno-empty-body -Wno-uninitialized -Wno-unknown-pragmas -w -Wno-shadow -Wno-four-char-constants -Wno-conversion -Wno-constant-conversion -Wno-int-conversion -Wno-bool-conversion -Wno-enum-conversion -Wno-float-conversion -Wno-non-literal-null-conversion -Wno-objc-literal-conversion -Wshorten-64-to-32 -Wpointer-sign -Wno-newline-eof -Wno-selector -Wno-strict-selector-match -Wno-undeclared-selector -Wno-deprecated-implementations -Wno-implicit-fallthrough -fstrict-aliasing -Wprotocol -Wdeprecated-declarations -Wno-sign-conversion -Wno-infinite-recursion -Wno-comma -Wno-block-capture-autoreleasing -Wno-strict-prototypes -Wno-semicolon-before-method-body -index-store-path /Users/aleks/Library/Developer/Xcode/DerivedData/PlanItApp-gkehojshtcbfvhersqwajfujohau/Index.noindex/DataStore @/Users/aleks/Library/Developer/Xcode/DerivedData/PlanItApp-gkehojshtcbfvhersqwajfujohau/Build/Intermediates.noindex/GoogleUtilities.build/Debug-iphonesimulator/GoogleUtilities-Reachability.build/Objects-normal/arm64/e6072d4f65d7061329687fe24e3d63a7-common-args.resp -include /Users/aleks/Library/Developer/Xcode/DerivedData/PlanItApp-gkehojshtcbfvhersqwajfujohau/Build/Intermediates.noindex/GoogleUtilities.build/Debug-iphonesimulator/GoogleUtilities-Reachability.build/DerivedSources/resource_bundle_accessor.h -MMD -MT dependencies -MF /Users/aleks/Library/Developer/Xcode/DerivedData/PlanItApp-gkehojshtcbfvhersqwajfujohau/Build/Intermediates.noindex/GoogleUtilities.build/Debug-iphonesimulator/GoogleUtilities-Reachability.build/Objects-normal/arm64/resource_bundle_accessor.d --serialize-diagnostics /Users/aleks/Library/Developer/Xcode/DerivedData/PlanItApp-gkehojshtcbfvhersqwajfujohau/Build/Intermediates.noindex/GoogleUtilities.build/Debug-iphonesimulator/GoogleUtilities-Reachability.build/Objects-normal/arm64/resource_bundle_accessor.dia -c /Users/aleks/Library/Developer/Xcode/DerivedData/PlanItApp-gkehojshtcbfvhersqwajfujohau/Build/Intermediates.noindex/GoogleUtilities.build/Debug-iphonesimulator/GoogleUtilities-Reachability.build/DerivedSources/resource_bundle_accessor.m -o /Users/aleks/Library/Developer/Xcode/DerivedData/PlanItApp-gkehojshtcbfvhersqwajfujohau/Build/Intermediates.noindex/GoogleUtilities.build/Debug-iphonesimulator/GoogleUtilities-Reachability.build/Objects-normal/arm64/resource_bundle_accessor.o -index-unit-output-path /GoogleUtilities.build/Debug-iphonesimulator/GoogleUtilities-Reachability.build/Objects-normal/arm64/resource_bundle_accessor.o

SwiftCompile normal arm64 Compiling\ _ObjC_HeartbeatController.swift /Users/aleks/Library/Developer/Xcode/DerivedData/PlanItApp-gkehojshtcbfvhersqwajfujohau/SourcePackages/checkouts/firebase-ios-sdk/FirebaseCore/Internal/Sources/HeartbeatLogging/_ObjC_HeartbeatController.swift (in target 'FirebaseCoreInternal' from project 'Firebase')

SwiftCompile normal arm64 /Users/aleks/Library/Developer/Xcode/DerivedData/PlanItApp-gkehojshtcbfvhersqwajfujohau/SourcePackages/checkouts/firebase-ios-sdk/FirebaseCore/Internal/Sources/HeartbeatLogging/_ObjC_HeartbeatController.swift (in target 'FirebaseCoreInternal' from project 'Firebase')
    cd /Users/aleks/Desktop/PlanItApp/PlanItApp.xcodeproj
    

SwiftCompile normal arm64 Compiling\ AtomicBox.swift /Users/aleks/Library/Developer/Xcode/DerivedData/PlanItApp-gkehojshtcbfvhersqwajfujohau/SourcePackages/checkouts/firebase-ios-sdk/FirebaseCore/Internal/Sources/Utilities/AtomicBox.swift (in target 'FirebaseCoreInternal' from project 'Firebase')

SwiftCompile normal arm64 /Users/aleks/Library/Developer/Xcode/DerivedData/PlanItApp-gkehojshtcbfvhersqwajfujohau/SourcePackages/checkouts/firebase-ios-sdk/FirebaseCore/Internal/Sources/Utilities/AtomicBox.swift (in target 'FirebaseCoreInternal' from project 'Firebase')
    cd /Users/aleks/Desktop/PlanItApp/PlanItApp.xcodeproj
    

SwiftCompile normal arm64 Compiling\ resource_bundle_accessor.swift,\ Heartbeat.swift /Users/aleks/Library/Developer/Xcode/DerivedData/PlanItApp-gkehojshtcbfvhersqwajfujohau/Build/Intermediates.noindex/Firebase.build/Debug-iphonesimulator/FirebaseCoreInternal.build/DerivedSources/resource_bundle_accessor.swift /Users/aleks/Library/Developer/Xcode/DerivedData/PlanItApp-gkehojshtcbfvhersqwajfujohau/SourcePackages/checkouts/firebase-ios-sdk/FirebaseCore/Internal/Sources/HeartbeatLogging/Heartbeat.swift (in target 'FirebaseCoreInternal' from project 'Firebase')

SwiftCompile normal arm64 /Users/aleks/Library/Developer/Xcode/DerivedData/PlanItApp-gkehojshtcbfvhersqwajfujohau/Build/Intermediates.noindex/Firebase.build/Debug-iphonesimulator/FirebaseCoreInternal.build/DerivedSources/resource_bundle_accessor.swift (in target 'FirebaseCoreInternal' from project 'Firebase')
    cd /Users/aleks/Desktop/PlanItApp/PlanItApp.xcodeproj
    

SwiftCompile normal arm64 /Users/aleks/Library/Developer/Xcode/DerivedData/PlanItApp-gkehojshtcbfvhersqwajfujohau/SourcePackages/checkouts/firebase-ios-sdk/FirebaseCore/Internal/Sources/HeartbeatLogging/Heartbeat.swift (in target 'FirebaseCoreInternal' from project 'Firebase')
    cd /Users/aleks/Desktop/PlanItApp/PlanItApp.xcodeproj
    

CompileC /Users/aleks/Library/Developer/Xcode/DerivedData/PlanItApp-gkehojshtcbfvhersqwajfujohau/Build/Intermediates.noindex/GoogleUtilities.build/Debug-iphonesimulator/GoogleUtilities-UserDefaults.build/Objects-normal/arm64/GULUserDefaults.o /Users/aleks/Library/Developer/Xcode/DerivedData/PlanItApp-gkehojshtcbfvhersqwajfujohau/SourcePackages/checkouts/GoogleUtilities/GoogleUtilities/UserDefaults/GULUserDefaults.m normal arm64 objective-c com.apple.compilers.llvm.clang.1_0.compiler (in target 'GoogleUtilities-UserDefaults' from project 'GoogleUtilities')
    cd /Users/aleks/Desktop/PlanItApp/PlanItApp.xcodeproj
    
    Using response file: /Users/aleks/Library/Developer/Xcode/DerivedData/PlanItApp-gkehojshtcbfvhersqwajfujohau/Build/Intermediates.noindex/GoogleUtilities.build/Debug-iphonesimulator/GoogleUtilities-UserDefaults.build/Objects-normal/arm64/e6072d4f65d7061329687fe24e3d63a7-common-args.resp
    
    /Applications/Xcode.app/Contents/Developer/Toolchains/XcodeDefault.xctoolchain/usr/bin/clang -x objective-c -ivfsstatcache /Users/aleks/Library/Developer/Xcode/DerivedData/SDKStatCaches.noindex/iphonesimulator18.5-22F76-d5fc8ad4295d2ef488fb7d0f804ce0c4.sdkstatcache -fmessage-length\=0 -fdiagnostics-show-note-include-stack -fmacro-backtrace-limit\=0 -fno-color-diagnostics -fmodules-prune-interval\=86400 -fmodules-prune-after\=345600 -fbuild-session-file\=/Users/aleks/Library/Developer/Xcode/DerivedData/ModuleCache.noindex/Session.modulevalidation -fmodules-validate-once-per-build-session -Wnon-modular-include-in-framework-module -Werror\=non-modular-include-in-framework-module -Wno-trigraphs -Wno-missing-field-initializers -Wno-missing-prototypes -Wno-return-type -Wno-implicit-atomic-properties -Wno-objc-interface-ivars -Wno-arc-repeated-use-of-weak -Wno-missing-braces -Wparentheses -Wswitch -Wno-unused-function -Wno-unused-label -Wno-unused-parameter -Wno-unused-variable -Wunused-value -Wno-empty-body -Wno-uninitialized -Wno-unknown-pragmas -w -Wno-shadow -Wno-four-char-constants -Wno-conversion -Wno-constant-conversion -Wno-int-conversion -Wno-bool-conversion -Wno-enum-conversion -Wno-float-conversion -Wno-non-literal-null-conversion -Wno-objc-literal-conversion -Wshorten-64-to-32 -Wpointer-sign -Wno-newline-eof -Wno-selector -Wno-strict-selector-match -Wno-undeclared-selector -Wno-deprecated-implementations -Wno-implicit-fallthrough -fstrict-aliasing -Wprotocol -Wdeprecated-declarations -Wno-sign-conversion -Wno-infinite-recursion -Wno-comma -Wno-block-capture-autoreleasing -Wno-strict-prototypes -Wno-semicolon-before-method-body -index-store-path /Users/aleks/Library/Developer/Xcode/DerivedData/PlanItApp-gkehojshtcbfvhersqwajfujohau/Index.noindex/DataStore @/Users/aleks/Library/Developer/Xcode/DerivedData/PlanItApp-gkehojshtcbfvhersqwajfujohau/Build/Intermediates.noindex/GoogleUtilities.build/Debug-iphonesimulator/GoogleUtilities-UserDefaults.build/Objects-normal/arm64/e6072d4f65d7061329687fe24e3d63a7-common-args.resp -include /Users/aleks/Library/Developer/Xcode/DerivedData/PlanItApp-gkehojshtcbfvhersqwajfujohau/Build/Intermediates.noindex/GoogleUtilities.build/Debug-iphonesimulator/GoogleUtilities-UserDefaults.build/DerivedSources/resource_bundle_accessor.h -MMD -MT dependencies -MF /Users/aleks/Library/Developer/Xcode/DerivedData/PlanItApp-gkehojshtcbfvhersqwajfujohau/Build/Intermediates.noindex/GoogleUtilities.build/Debug-iphonesimulator/GoogleUtilities-UserDefaults.build/Objects-normal/arm64/GULUserDefaults.d --serialize-diagnostics /Users/aleks/Library/Developer/Xcode/DerivedData/PlanItApp-gkehojshtcbfvhersqwajfujohau/Build/Intermediates.noindex/GoogleUtilities.build/Debug-iphonesimulator/GoogleUtilities-UserDefaults.build/Objects-normal/arm64/GULUserDefaults.dia -c /Users/aleks/Library/Developer/Xcode/DerivedData/PlanItApp-gkehojshtcbfvhersqwajfujohau/SourcePackages/checkouts/GoogleUtilities/GoogleUtilities/UserDefaults/GULUserDefaults.m -o /Users/aleks/Library/Developer/Xcode/DerivedData/PlanItApp-gkehojshtcbfvhersqwajfujohau/Build/Intermediates.noindex/GoogleUtilities.build/Debug-iphonesimulator/GoogleUtilities-UserDefaults.build/Objects-normal/arm64/GULUserDefaults.o -index-unit-output-path /GoogleUtilities.build/Debug-iphonesimulator/GoogleUtilities-UserDefaults.build/Objects-normal/arm64/GULUserDefaults.o

CompileC /Users/aleks/Library/Developer/Xcode/DerivedData/PlanItApp-gkehojshtcbfvhersqwajfujohau/Build/Intermediates.noindex/GoogleUtilities.build/Debug-iphonesimulator/GoogleUtilities-Reachability.build/Objects-normal/arm64/GULReachabilityChecker.o /Users/aleks/Library/Developer/Xcode/DerivedData/PlanItApp-gkehojshtcbfvhersqwajfujohau/SourcePackages/checkouts/GoogleUtilities/GoogleUtilities/Reachability/GULReachabilityChecker.m normal arm64 objective-c com.apple.compilers.llvm.clang.1_0.compiler (in target 'GoogleUtilities-Reachability' from project 'GoogleUtilities')
    cd /Users/aleks/Desktop/PlanItApp/PlanItApp.xcodeproj
    
    Using response file: /Users/aleks/Library/Developer/Xcode/DerivedData/PlanItApp-gkehojshtcbfvhersqwajfujohau/Build/Intermediates.noindex/GoogleUtilities.build/Debug-iphonesimulator/GoogleUtilities-Reachability.build/Objects-normal/arm64/e6072d4f65d7061329687fe24e3d63a7-common-args.resp
    
    /Applications/Xcode.app/Contents/Developer/Toolchains/XcodeDefault.xctoolchain/usr/bin/clang -x objective-c -ivfsstatcache /Users/aleks/Library/Developer/Xcode/DerivedData/SDKStatCaches.noindex/iphonesimulator18.5-22F76-d5fc8ad4295d2ef488fb7d0f804ce0c4.sdkstatcache -fmessage-length\=0 -fdiagnostics-show-note-include-stack -fmacro-backtrace-limit\=0 -fno-color-diagnostics -fmodules-prune-interval\=86400 -fmodules-prune-after\=345600 -fbuild-session-file\=/Users/aleks/Library/Developer/Xcode/DerivedData/ModuleCache.noindex/Session.modulevalidation -fmodules-validate-once-per-build-session -Wnon-modular-include-in-framework-module -Werror\=non-modular-include-in-framework-module -Wno-trigraphs -Wno-missing-field-initializers -Wno-missing-prototypes -Wno-return-type -Wno-implicit-atomic-properties -Wno-objc-interface-ivars -Wno-arc-repeated-use-of-weak -Wno-missing-braces -Wparentheses -Wswitch -Wno-unused-function -Wno-unused-label -Wno-unused-parameter -Wno-unused-variable -Wunused-value -Wno-empty-body -Wno-uninitialized -Wno-unknown-pragmas -w -Wno-shadow -Wno-four-char-constants -Wno-conversion -Wno-constant-conversion -Wno-int-conversion -Wno-bool-conversion -Wno-enum-conversion -Wno-float-conversion -Wno-non-literal-null-conversion -Wno-objc-literal-conversion -Wshorten-64-to-32 -Wpointer-sign -Wno-newline-eof -Wno-selector -Wno-strict-selector-match -Wno-undeclared-selector -Wno-deprecated-implementations -Wno-implicit-fallthrough -fstrict-aliasing -Wprotocol -Wdeprecated-declarations -Wno-sign-conversion -Wno-infinite-recursion -Wno-comma -Wno-block-capture-autoreleasing -Wno-strict-prototypes -Wno-semicolon-before-method-body -index-store-path /Users/aleks/Library/Developer/Xcode/DerivedData/PlanItApp-gkehojshtcbfvhersqwajfujohau/Index.noindex/DataStore @/Users/aleks/Library/Developer/Xcode/DerivedData/PlanItApp-gkehojshtcbfvhersqwajfujohau/Build/Intermediates.noindex/GoogleUtilities.build/Debug-iphonesimulator/GoogleUtilities-Reachability.build/Objects-normal/arm64/e6072d4f65d7061329687fe24e3d63a7-common-args.resp -include /Users/aleks/Library/Developer/Xcode/DerivedData/PlanItApp-gkehojshtcbfvhersqwajfujohau/Build/Intermediates.noindex/GoogleUtilities.build/Debug-iphonesimulator/GoogleUtilities-Reachability.build/DerivedSources/resource_bundle_accessor.h -MMD -MT dependencies -MF /Users/aleks/Library/Developer/Xcode/DerivedData/PlanItApp-gkehojshtcbfvhersqwajfujohau/Build/Intermediates.noindex/GoogleUtilities.build/Debug-iphonesimulator/GoogleUtilities-Reachability.build/Objects-normal/arm64/GULReachabilityChecker.d --serialize-diagnostics /Users/aleks/Library/Developer/Xcode/DerivedData/PlanItApp-gkehojshtcbfvhersqwajfujohau/Build/Intermediates.noindex/GoogleUtilities.build/Debug-iphonesimulator/GoogleUtilities-Reachability.build/Objects-normal/arm64/GULReachabilityChecker.dia -c /Users/aleks/Library/Developer/Xcode/DerivedData/PlanItApp-gkehojshtcbfvhersqwajfujohau/SourcePackages/checkouts/GoogleUtilities/GoogleUtilities/Reachability/GULReachabilityChecker.m -o /Users/aleks/Library/Developer/Xcode/DerivedData/PlanItApp-gkehojshtcbfvhersqwajfujohau/Build/Intermediates.noindex/GoogleUtilities.build/Debug-iphonesimulator/GoogleUtilities-Reachability.build/Objects-normal/arm64/GULReachabilityChecker.o -index-unit-output-path /GoogleUtilities.build/Debug-iphonesimulator/GoogleUtilities-Reachability.build/Objects-normal/arm64/GULReachabilityChecker.o

SwiftCompile normal arm64 Compiling\ HeartbeatController.swift,\ HeartbeatLoggingTestUtils.swift /Users/aleks/Library/Developer/Xcode/DerivedData/PlanItApp-gkehojshtcbfvhersqwajfujohau/SourcePackages/checkouts/firebase-ios-sdk/FirebaseCore/Internal/Sources/HeartbeatLogging/HeartbeatController.swift /Users/aleks/Library/Developer/Xcode/DerivedData/PlanItApp-gkehojshtcbfvhersqwajfujohau/SourcePackages/checkouts/firebase-ios-sdk/FirebaseCore/Internal/Sources/HeartbeatLogging/HeartbeatLoggingTestUtils.swift (in target 'FirebaseCoreInternal' from project 'Firebase')

SwiftCompile normal arm64 /Users/aleks/Library/Developer/Xcode/DerivedData/PlanItApp-gkehojshtcbfvhersqwajfujohau/SourcePackages/checkouts/firebase-ios-sdk/FirebaseCore/Internal/Sources/HeartbeatLogging/HeartbeatController.swift (in target 'FirebaseCoreInternal' from project 'Firebase')
    cd /Users/aleks/Desktop/PlanItApp/PlanItApp.xcodeproj
    

SwiftCompile normal arm64 /Users/aleks/Library/Developer/Xcode/DerivedData/PlanItApp-gkehojshtcbfvhersqwajfujohau/SourcePackages/checkouts/firebase-ios-sdk/FirebaseCore/Internal/Sources/HeartbeatLogging/HeartbeatLoggingTestUtils.swift (in target 'FirebaseCoreInternal' from project 'Firebase')
    cd /Users/aleks/Desktop/PlanItApp/PlanItApp.xcodeproj
    

SwiftCompile normal arm64 Compiling\ HeartbeatsPayload.swift,\ RingBuffer.swift /Users/aleks/Library/Developer/Xcode/DerivedData/PlanItApp-gkehojshtcbfvhersqwajfujohau/SourcePackages/checkouts/firebase-ios-sdk/FirebaseCore/Internal/Sources/HeartbeatLogging/HeartbeatsPayload.swift /Users/aleks/Library/Developer/Xcode/DerivedData/PlanItApp-gkehojshtcbfvhersqwajfujohau/SourcePackages/checkouts/firebase-ios-sdk/FirebaseCore/Internal/Sources/HeartbeatLogging/RingBuffer.swift (in target 'FirebaseCoreInternal' from project 'Firebase')

SwiftCompile normal arm64 /Users/aleks/Library/Developer/Xcode/DerivedData/PlanItApp-gkehojshtcbfvhersqwajfujohau/SourcePackages/checkouts/firebase-ios-sdk/FirebaseCore/Internal/Sources/HeartbeatLogging/HeartbeatsPayload.swift (in target 'FirebaseCoreInternal' from project 'Firebase')
    cd /Users/aleks/Desktop/PlanItApp/PlanItApp.xcodeproj
    

SwiftCompile normal arm64 /Users/aleks/Library/Developer/Xcode/DerivedData/PlanItApp-gkehojshtcbfvhersqwajfujohau/SourcePackages/checkouts/firebase-ios-sdk/FirebaseCore/Internal/Sources/HeartbeatLogging/RingBuffer.swift (in target 'FirebaseCoreInternal' from project 'Firebase')
    cd /Users/aleks/Desktop/PlanItApp/PlanItApp.xcodeproj
    

CompileC /Users/aleks/Library/Developer/Xcode/DerivedData/PlanItApp-gkehojshtcbfvhersqwajfujohau/Build/Intermediates.noindex/GTMSessionFetcher.build/Debug-iphonesimulator/GTMSessionFetcherCore.build/Objects-normal/arm64/resource_bundle_accessor.o /Users/aleks/Library/Developer/Xcode/DerivedData/PlanItApp-gkehojshtcbfvhersqwajfujohau/Build/Intermediates.noindex/GTMSessionFetcher.build/Debug-iphonesimulator/GTMSessionFetcherCore.build/DerivedSources/resource_bundle_accessor.m normal arm64 objective-c com.apple.compilers.llvm.clang.1_0.compiler (in target 'GTMSessionFetcherCore' from project 'GTMSessionFetcher')
    cd /Users/aleks/Desktop/PlanItApp/PlanItApp.xcodeproj
    
    Using response file: /Users/aleks/Library/Developer/Xcode/DerivedData/PlanItApp-gkehojshtcbfvhersqwajfujohau/Build/Intermediates.noindex/GTMSessionFetcher.build/Debug-iphonesimulator/GTMSessionFetcherCore.build/Objects-normal/arm64/e6072d4f65d7061329687fe24e3d63a7-common-args.resp
    
    /Applications/Xcode.app/Contents/Developer/Toolchains/XcodeDefault.xctoolchain/usr/bin/clang -x objective-c -ivfsstatcache /Users/aleks/Library/Developer/Xcode/DerivedData/SDKStatCaches.noindex/iphonesimulator18.5-22F76-d5fc8ad4295d2ef488fb7d0f804ce0c4.sdkstatcache -fmessage-length\=0 -fdiagnostics-show-note-include-stack -fmacro-backtrace-limit\=0 -fno-color-diagnostics -fmodules-prune-interval\=86400 -fmodules-prune-after\=345600 -fbuild-session-file\=/Users/aleks/Library/Developer/Xcode/DerivedData/ModuleCache.noindex/Session.modulevalidation -fmodules-validate-once-per-build-session -Wnon-modular-include-in-framework-module -Werror\=non-modular-include-in-framework-module -Wno-trigraphs -Wno-missing-field-initializers -Wno-missing-prototypes -Wno-return-type -Wno-implicit-atomic-properties -Wno-objc-interface-ivars -Wno-arc-repeated-use-of-weak -Wno-missing-braces -Wparentheses -Wswitch -Wno-unused-function -Wno-unused-label -Wno-unused-parameter -Wno-unused-variable -Wunused-value -Wno-empty-body -Wno-uninitialized -Wno-unknown-pragmas -w -Wno-shadow -Wno-four-char-constants -Wno-conversion -Wno-constant-conversion -Wno-int-conversion -Wno-bool-conversion -Wno-enum-conversion -Wno-float-conversion -Wno-non-literal-null-conversion -Wno-objc-literal-conversion -Wshorten-64-to-32 -Wpointer-sign -Wno-newline-eof -Wno-selector -Wno-strict-selector-match -Wno-undeclared-selector -Wno-deprecated-implementations -Wno-implicit-fallthrough -fstrict-aliasing -Wprotocol -Wdeprecated-declarations -Wno-sign-conversion -Wno-infinite-recursion -Wno-comma -Wno-block-capture-autoreleasing -Wno-strict-prototypes -Wno-semicolon-before-method-body -index-store-path /Users/aleks/Library/Developer/Xcode/DerivedData/PlanItApp-gkehojshtcbfvhersqwajfujohau/Index.noindex/DataStore @/Users/aleks/Library/Developer/Xcode/DerivedData/PlanItApp-gkehojshtcbfvhersqwajfujohau/Build/Intermediates.noindex/GTMSessionFetcher.build/Debug-iphonesimulator/GTMSessionFetcherCore.build/Objects-normal/arm64/e6072d4f65d7061329687fe24e3d63a7-common-args.resp -include /Users/aleks/Library/Developer/Xcode/DerivedData/PlanItApp-gkehojshtcbfvhersqwajfujohau/Build/Intermediates.noindex/GTMSessionFetcher.build/Debug-iphonesimulator/GTMSessionFetcherCore.build/DerivedSources/resource_bundle_accessor.h -MMD -MT dependencies -MF /Users/aleks/Library/Developer/Xcode/DerivedData/PlanItApp-gkehojshtcbfvhersqwajfujohau/Build/Intermediates.noindex/GTMSessionFetcher.build/Debug-iphonesimulator/GTMSessionFetcherCore.build/Objects-normal/arm64/resource_bundle_accessor.d --serialize-diagnostics /Users/aleks/Library/Developer/Xcode/DerivedData/PlanItApp-gkehojshtcbfvhersqwajfujohau/Build/Intermediates.noindex/GTMSessionFetcher.build/Debug-iphonesimulator/GTMSessionFetcherCore.build/Objects-normal/arm64/resource_bundle_accessor.dia -c /Users/aleks/Library/Developer/Xcode/DerivedData/PlanItApp-gkehojshtcbfvhersqwajfujohau/Build/Intermediates.noindex/GTMSessionFetcher.build/Debug-iphonesimulator/GTMSessionFetcherCore.build/DerivedSources/resource_bundle_accessor.m -o /Users/aleks/Library/Developer/Xcode/DerivedData/PlanItApp-gkehojshtcbfvhersqwajfujohau/Build/Intermediates.noindex/GTMSessionFetcher.build/Debug-iphonesimulator/GTMSessionFetcherCore.build/Objects-normal/arm64/resource_bundle_accessor.o -index-unit-output-path /GTMSessionFetcher.build/Debug-iphonesimulator/GTMSessionFetcherCore.build/Objects-normal/arm64/resource_bundle_accessor.o

SwiftDriverJobDiscovery normal arm64 Compiling AtomicBox.swift (in target 'FirebaseCoreInternal' from project 'Firebase')

CompileC /Users/aleks/Library/Developer/Xcode/DerivedData/PlanItApp-gkehojshtcbfvhersqwajfujohau/Build/Intermediates.noindex/Firebase.build/Debug-iphonesimulator/FirebaseCoreExtension.build/Objects-normal/arm64/resource_bundle_accessor.o /Users/aleks/Library/Developer/Xcode/DerivedData/PlanItApp-gkehojshtcbfvhersqwajfujohau/Build/Intermediates.noindex/Firebase.build/Debug-iphonesimulator/FirebaseCoreExtension.build/DerivedSources/resource_bundle_accessor.m normal arm64 objective-c com.apple.compilers.llvm.clang.1_0.compiler (in target 'FirebaseCoreExtension' from project 'Firebase')
    cd /Users/aleks/Desktop/PlanItApp/PlanItApp.xcodeproj
    
    Using response file: /Users/aleks/Library/Developer/Xcode/DerivedData/PlanItApp-gkehojshtcbfvhersqwajfujohau/Build/Intermediates.noindex/Firebase.build/Debug-iphonesimulator/FirebaseCoreExtension.build/Objects-normal/arm64/e6072d4f65d7061329687fe24e3d63a7-common-args.resp
    
    /Applications/Xcode.app/Contents/Developer/Toolchains/XcodeDefault.xctoolchain/usr/bin/clang -x objective-c -ivfsstatcache /Users/aleks/Library/Developer/Xcode/DerivedData/SDKStatCaches.noindex/iphonesimulator18.5-22F76-d5fc8ad4295d2ef488fb7d0f804ce0c4.sdkstatcache -fmessage-length\=0 -fdiagnostics-show-note-include-stack -fmacro-backtrace-limit\=0 -fno-color-diagnostics -fmodules-prune-interval\=86400 -fmodules-prune-after\=345600 -fbuild-session-file\=/Users/aleks/Library/Developer/Xcode/DerivedData/ModuleCache.noindex/Session.modulevalidation -fmodules-validate-once-per-build-session -Wnon-modular-include-in-framework-module -Werror\=non-modular-include-in-framework-module -Wno-trigraphs -Wno-missing-field-initializers -Wno-missing-prototypes -Wno-return-type -Wno-implicit-atomic-properties -Wno-objc-interface-ivars -Wno-arc-repeated-use-of-weak -Wno-missing-braces -Wparentheses -Wswitch -Wno-unused-function -Wno-unused-label -Wno-unused-parameter -Wno-unused-variable -Wunused-value -Wno-empty-body -Wno-uninitialized -Wno-unknown-pragmas -w -Wno-shadow -Wno-four-char-constants -Wno-conversion -Wno-constant-conversion -Wno-int-conversion -Wno-bool-conversion -Wno-enum-conversion -Wno-float-conversion -Wno-non-literal-null-conversion -Wno-objc-literal-conversion -Wshorten-64-to-32 -Wpointer-sign -Wno-newline-eof -Wno-selector -Wno-strict-selector-match -Wno-undeclared-selector -Wno-deprecated-implementations -Wno-implicit-fallthrough -fstrict-aliasing -Wprotocol -Wdeprecated-declarations -Wno-sign-conversion -Wno-infinite-recursion -Wno-comma -Wno-block-capture-autoreleasing -Wno-strict-prototypes -Wno-semicolon-before-method-body -index-store-path /Users/aleks/Library/Developer/Xcode/DerivedData/PlanItApp-gkehojshtcbfvhersqwajfujohau/Index.noindex/DataStore @/Users/aleks/Library/Developer/Xcode/DerivedData/PlanItApp-gkehojshtcbfvhersqwajfujohau/Build/Intermediates.noindex/Firebase.build/Debug-iphonesimulator/FirebaseCoreExtension.build/Objects-normal/arm64/e6072d4f65d7061329687fe24e3d63a7-common-args.resp -include /Users/aleks/Library/Developer/Xcode/DerivedData/PlanItApp-gkehojshtcbfvhersqwajfujohau/Build/Intermediates.noindex/Firebase.build/Debug-iphonesimulator/FirebaseCoreExtension.build/DerivedSources/resource_bundle_accessor.h -MMD -MT dependencies -MF /Users/aleks/Library/Developer/Xcode/DerivedData/PlanItApp-gkehojshtcbfvhersqwajfujohau/Build/Intermediates.noindex/Firebase.build/Debug-iphonesimulator/FirebaseCoreExtension.build/Objects-normal/arm64/resource_bundle_accessor.d --serialize-diagnostics /Users/aleks/Library/Developer/Xcode/DerivedData/PlanItApp-gkehojshtcbfvhersqwajfujohau/Build/Intermediates.noindex/Firebase.build/Debug-iphonesimulator/FirebaseCoreExtension.build/Objects-normal/arm64/resource_bundle_accessor.dia -c /Users/aleks/Library/Developer/Xcode/DerivedData/PlanItApp-gkehojshtcbfvhersqwajfujohau/Build/Intermediates.noindex/Firebase.build/Debug-iphonesimulator/FirebaseCoreExtension.build/DerivedSources/resource_bundle_accessor.m -o /Users/aleks/Library/Developer/Xcode/DerivedData/PlanItApp-gkehojshtcbfvhersqwajfujohau/Build/Intermediates.noindex/Firebase.build/Debug-iphonesimulator/FirebaseCoreExtension.build/Objects-normal/arm64/resource_bundle_accessor.o -index-unit-output-path /Firebase.build/Debug-iphonesimulator/FirebaseCoreExtension.build/Objects-normal/arm64/resource_bundle_accessor.o

CompileC /Users/aleks/Library/Developer/Xcode/DerivedData/PlanItApp-gkehojshtcbfvhersqwajfujohau/Build/Intermediates.noindex/Firebase.build/Debug-iphonesimulator/FirebaseCoreExtension.build/Objects-normal/arm64/dummy.o /Users/aleks/Library/Developer/Xcode/DerivedData/PlanItApp-gkehojshtcbfvhersqwajfujohau/SourcePackages/checkouts/firebase-ios-sdk/FirebaseCore/Extension/dummy.m normal arm64 objective-c com.apple.compilers.llvm.clang.1_0.compiler (in target 'FirebaseCoreExtension' from project 'Firebase')
    cd /Users/aleks/Desktop/PlanItApp/PlanItApp.xcodeproj
    
    Using response file: /Users/aleks/Library/Developer/Xcode/DerivedData/PlanItApp-gkehojshtcbfvhersqwajfujohau/Build/Intermediates.noindex/Firebase.build/Debug-iphonesimulator/FirebaseCoreExtension.build/Objects-normal/arm64/e6072d4f65d7061329687fe24e3d63a7-common-args.resp
    
    /Applications/Xcode.app/Contents/Developer/Toolchains/XcodeDefault.xctoolchain/usr/bin/clang -x objective-c -ivfsstatcache /Users/aleks/Library/Developer/Xcode/DerivedData/SDKStatCaches.noindex/iphonesimulator18.5-22F76-d5fc8ad4295d2ef488fb7d0f804ce0c4.sdkstatcache -fmessage-length\=0 -fdiagnostics-show-note-include-stack -fmacro-backtrace-limit\=0 -fno-color-diagnostics -fmodules-prune-interval\=86400 -fmodules-prune-after\=345600 -fbuild-session-file\=/Users/aleks/Library/Developer/Xcode/DerivedData/ModuleCache.noindex/Session.modulevalidation -fmodules-validate-once-per-build-session -Wnon-modular-include-in-framework-module -Werror\=non-modular-include-in-framework-module -Wno-trigraphs -Wno-missing-field-initializers -Wno-missing-prototypes -Wno-return-type -Wno-implicit-atomic-properties -Wno-objc-interface-ivars -Wno-arc-repeated-use-of-weak -Wno-missing-braces -Wparentheses -Wswitch -Wno-unused-function -Wno-unused-label -Wno-unused-parameter -Wno-unused-variable -Wunused-value -Wno-empty-body -Wno-uninitialized -Wno-unknown-pragmas -w -Wno-shadow -Wno-four-char-constants -Wno-conversion -Wno-constant-conversion -Wno-int-conversion -Wno-bool-conversion -Wno-enum-conversion -Wno-float-conversion -Wno-non-literal-null-conversion -Wno-objc-literal-conversion -Wshorten-64-to-32 -Wpointer-sign -Wno-newline-eof -Wno-selector -Wno-strict-selector-match -Wno-undeclared-selector -Wno-deprecated-implementations -Wno-implicit-fallthrough -fstrict-aliasing -Wprotocol -Wdeprecated-declarations -Wno-sign-conversion -Wno-infinite-recursion -Wno-comma -Wno-block-capture-autoreleasing -Wno-strict-prototypes -Wno-semicolon-before-method-body -index-store-path /Users/aleks/Library/Developer/Xcode/DerivedData/PlanItApp-gkehojshtcbfvhersqwajfujohau/Index.noindex/DataStore @/Users/aleks/Library/Developer/Xcode/DerivedData/PlanItApp-gkehojshtcbfvhersqwajfujohau/Build/Intermediates.noindex/Firebase.build/Debug-iphonesimulator/FirebaseCoreExtension.build/Objects-normal/arm64/e6072d4f65d7061329687fe24e3d63a7-common-args.resp -include /Users/aleks/Library/Developer/Xcode/DerivedData/PlanItApp-gkehojshtcbfvhersqwajfujohau/Build/Intermediates.noindex/Firebase.build/Debug-iphonesimulator/FirebaseCoreExtension.build/DerivedSources/resource_bundle_accessor.h -MMD -MT dependencies -MF /Users/aleks/Library/Developer/Xcode/DerivedData/PlanItApp-gkehojshtcbfvhersqwajfujohau/Build/Intermediates.noindex/Firebase.build/Debug-iphonesimulator/FirebaseCoreExtension.build/Objects-normal/arm64/dummy.d --serialize-diagnostics /Users/aleks/Library/Developer/Xcode/DerivedData/PlanItApp-gkehojshtcbfvhersqwajfujohau/Build/Intermediates.noindex/Firebase.build/Debug-iphonesimulator/FirebaseCoreExtension.build/Objects-normal/arm64/dummy.dia -c /Users/aleks/Library/Developer/Xcode/DerivedData/PlanItApp-gkehojshtcbfvhersqwajfujohau/SourcePackages/checkouts/firebase-ios-sdk/FirebaseCore/Extension/dummy.m -o /Users/aleks/Library/Developer/Xcode/DerivedData/PlanItApp-gkehojshtcbfvhersqwajfujohau/Build/Intermediates.noindex/Firebase.build/Debug-iphonesimulator/FirebaseCoreExtension.build/Objects-normal/arm64/dummy.o -index-unit-output-path /Firebase.build/Debug-iphonesimulator/FirebaseCoreExtension.build/Objects-normal/arm64/dummy.o

SwiftDriverJobDiscovery normal arm64 Compiling _ObjC_HeartbeatController.swift (in target 'FirebaseCoreInternal' from project 'Firebase')

CompileC /Users/aleks/Library/Developer/Xcode/DerivedData/PlanItApp-gkehojshtcbfvhersqwajfujohau/Build/Intermediates.noindex/Firebase.build/Debug-iphonesimulator/FirebaseAuthInternal.build/Objects-normal/arm64/FIRMultiFactorConstants.o /Users/aleks/Library/Developer/Xcode/DerivedData/PlanItApp-gkehojshtcbfvhersqwajfujohau/SourcePackages/checkouts/firebase-ios-sdk/FirebaseAuth/Sources/ObjC/FIRMultiFactorConstants.m normal arm64 objective-c com.apple.compilers.llvm.clang.1_0.compiler (in target 'FirebaseAuthInternal' from project 'Firebase')
    cd /Users/aleks/Desktop/PlanItApp/PlanItApp.xcodeproj
    
    Using response file: /Users/aleks/Library/Developer/Xcode/DerivedData/PlanItApp-gkehojshtcbfvhersqwajfujohau/Build/Intermediates.noindex/Firebase.build/Debug-iphonesimulator/FirebaseAuthInternal.build/Objects-normal/arm64/e6072d4f65d7061329687fe24e3d63a7-common-args.resp
    
    /Applications/Xcode.app/Contents/Developer/Toolchains/XcodeDefault.xctoolchain/usr/bin/clang -x objective-c -ivfsstatcache /Users/aleks/Library/Developer/Xcode/DerivedData/SDKStatCaches.noindex/iphonesimulator18.5-22F76-d5fc8ad4295d2ef488fb7d0f804ce0c4.sdkstatcache -fmessage-length\=0 -fdiagnostics-show-note-include-stack -fmacro-backtrace-limit\=0 -fno-color-diagnostics -fmodules-prune-interval\=86400 -fmodules-prune-after\=345600 -fbuild-session-file\=/Users/aleks/Library/Developer/Xcode/DerivedData/ModuleCache.noindex/Session.modulevalidation -fmodules-validate-once-per-build-session -Wnon-modular-include-in-framework-module -Werror\=non-modular-include-in-framework-module -Wno-trigraphs -Wno-missing-field-initializers -Wno-missing-prototypes -Wno-return-type -Wno-implicit-atomic-properties -Wno-objc-interface-ivars -Wno-arc-repeated-use-of-weak -Wno-missing-braces -Wparentheses -Wswitch -Wno-unused-function -Wno-unused-label -Wno-unused-parameter -Wno-unused-variable -Wunused-value -Wno-empty-body -Wno-uninitialized -Wno-unknown-pragmas -w -Wno-shadow -Wno-four-char-constants -Wno-conversion -Wno-constant-conversion -Wno-int-conversion -Wno-bool-conversion -Wno-enum-conversion -Wno-float-conversion -Wno-non-literal-null-conversion -Wno-objc-literal-conversion -Wshorten-64-to-32 -Wpointer-sign -Wno-newline-eof -Wno-selector -Wno-strict-selector-match -Wno-undeclared-selector -Wno-deprecated-implementations -Wno-implicit-fallthrough -fstrict-aliasing -Wprotocol -Wdeprecated-declarations -Wno-sign-conversion -Wno-infinite-recursion -Wno-comma -Wno-block-capture-autoreleasing -Wno-strict-prototypes -Wno-semicolon-before-method-body -index-store-path /Users/aleks/Library/Developer/Xcode/DerivedData/PlanItApp-gkehojshtcbfvhersqwajfujohau/Index.noindex/DataStore @/Users/aleks/Library/Developer/Xcode/DerivedData/PlanItApp-gkehojshtcbfvhersqwajfujohau/Build/Intermediates.noindex/Firebase.build/Debug-iphonesimulator/FirebaseAuthInternal.build/Objects-normal/arm64/e6072d4f65d7061329687fe24e3d63a7-common-args.resp -MMD -MT dependencies -MF /Users/aleks/Library/Developer/Xcode/DerivedData/PlanItApp-gkehojshtcbfvhersqwajfujohau/Build/Intermediates.noindex/Firebase.build/Debug-iphonesimulator/FirebaseAuthInternal.build/Objects-normal/arm64/FIRMultiFactorConstants.d --serialize-diagnostics /Users/aleks/Library/Developer/Xcode/DerivedData/PlanItApp-gkehojshtcbfvhersqwajfujohau/Build/Intermediates.noindex/Firebase.build/Debug-iphonesimulator/FirebaseAuthInternal.build/Objects-normal/arm64/FIRMultiFactorConstants.dia -c /Users/aleks/Library/Developer/Xcode/DerivedData/PlanItApp-gkehojshtcbfvhersqwajfujohau/SourcePackages/checkouts/firebase-ios-sdk/FirebaseAuth/Sources/ObjC/FIRMultiFactorConstants.m -o /Users/aleks/Library/Developer/Xcode/DerivedData/PlanItApp-gkehojshtcbfvhersqwajfujohau/Build/Intermediates.noindex/Firebase.build/Debug-iphonesimulator/FirebaseAuthInternal.build/Objects-normal/arm64/FIRMultiFactorConstants.o -index-unit-output-path /Firebase.build/Debug-iphonesimulator/FirebaseAuthInternal.build/Objects-normal/arm64/FIRMultiFactorConstants.o

CompileC /Users/aleks/Library/Developer/Xcode/DerivedData/PlanItApp-gkehojshtcbfvhersqwajfujohau/Build/Intermediates.noindex/Firebase.build/Debug-iphonesimulator/FirebaseAuthInternal.build/Objects-normal/arm64/FIRAuthProvider.o /Users/aleks/Library/Developer/Xcode/DerivedData/PlanItApp-gkehojshtcbfvhersqwajfujohau/SourcePackages/checkouts/firebase-ios-sdk/FirebaseAuth/Sources/ObjC/FIRAuthProvider.m normal arm64 objective-c com.apple.compilers.llvm.clang.1_0.compiler (in target 'FirebaseAuthInternal' from project 'Firebase')
    cd /Users/aleks/Desktop/PlanItApp/PlanItApp.xcodeproj
    
    Using response file: /Users/aleks/Library/Developer/Xcode/DerivedData/PlanItApp-gkehojshtcbfvhersqwajfujohau/Build/Intermediates.noindex/Firebase.build/Debug-iphonesimulator/FirebaseAuthInternal.build/Objects-normal/arm64/e6072d4f65d7061329687fe24e3d63a7-common-args.resp
    
    /Applications/Xcode.app/Contents/Developer/Toolchains/XcodeDefault.xctoolchain/usr/bin/clang -x objective-c -ivfsstatcache /Users/aleks/Library/Developer/Xcode/DerivedData/SDKStatCaches.noindex/iphonesimulator18.5-22F76-d5fc8ad4295d2ef488fb7d0f804ce0c4.sdkstatcache -fmessage-length\=0 -fdiagnostics-show-note-include-stack -fmacro-backtrace-limit\=0 -fno-color-diagnostics -fmodules-prune-interval\=86400 -fmodules-prune-after\=345600 -fbuild-session-file\=/Users/aleks/Library/Developer/Xcode/DerivedData/ModuleCache.noindex/Session.modulevalidation -fmodules-validate-once-per-build-session -Wnon-modular-include-in-framework-module -Werror\=non-modular-include-in-framework-module -Wno-trigraphs -Wno-missing-field-initializers -Wno-missing-prototypes -Wno-return-type -Wno-implicit-atomic-properties -Wno-objc-interface-ivars -Wno-arc-repeated-use-of-weak -Wno-missing-braces -Wparentheses -Wswitch -Wno-unused-function -Wno-unused-label -Wno-unused-parameter -Wno-unused-variable -Wunused-value -Wno-empty-body -Wno-uninitialized -Wno-unknown-pragmas -w -Wno-shadow -Wno-four-char-constants -Wno-conversion -Wno-constant-conversion -Wno-int-conversion -Wno-bool-conversion -Wno-enum-conversion -Wno-float-conversion -Wno-non-literal-null-conversion -Wno-objc-literal-conversion -Wshorten-64-to-32 -Wpointer-sign -Wno-newline-eof -Wno-selector -Wno-strict-selector-match -Wno-undeclared-selector -Wno-deprecated-implementations -Wno-implicit-fallthrough -fstrict-aliasing -Wprotocol -Wdeprecated-declarations -Wno-sign-conversion -Wno-infinite-recursion -Wno-comma -Wno-block-capture-autoreleasing -Wno-strict-prototypes -Wno-semicolon-before-method-body -index-store-path /Users/aleks/Library/Developer/Xcode/DerivedData/PlanItApp-gkehojshtcbfvhersqwajfujohau/Index.noindex/DataStore @/Users/aleks/Library/Developer/Xcode/DerivedData/PlanItApp-gkehojshtcbfvhersqwajfujohau/Build/Intermediates.noindex/Firebase.build/Debug-iphonesimulator/FirebaseAuthInternal.build/Objects-normal/arm64/e6072d4f65d7061329687fe24e3d63a7-common-args.resp -MMD -MT dependencies -MF /Users/aleks/Library/Developer/Xcode/DerivedData/PlanItApp-gkehojshtcbfvhersqwajfujohau/Build/Intermediates.noindex/Firebase.build/Debug-iphonesimulator/FirebaseAuthInternal.build/Objects-normal/arm64/FIRAuthProvider.d --serialize-diagnostics /Users/aleks/Library/Developer/Xcode/DerivedData/PlanItApp-gkehojshtcbfvhersqwajfujohau/Build/Intermediates.noindex/Firebase.build/Debug-iphonesimulator/FirebaseAuthInternal.build/Objects-normal/arm64/FIRAuthProvider.dia -c /Users/aleks/Library/Developer/Xcode/DerivedData/PlanItApp-gkehojshtcbfvhersqwajfujohau/SourcePackages/checkouts/firebase-ios-sdk/FirebaseAuth/Sources/ObjC/FIRAuthProvider.m -o /Users/aleks/Library/Developer/Xcode/DerivedData/PlanItApp-gkehojshtcbfvhersqwajfujohau/Build/Intermediates.noindex/Firebase.build/Debug-iphonesimulator/FirebaseAuthInternal.build/Objects-normal/arm64/FIRAuthProvider.o -index-unit-output-path /Firebase.build/Debug-iphonesimulator/FirebaseAuthInternal.build/Objects-normal/arm64/FIRAuthProvider.o

CompileC /Users/aleks/Library/Developer/Xcode/DerivedData/PlanItApp-gkehojshtcbfvhersqwajfujohau/Build/Intermediates.noindex/Firebase.build/Debug-iphonesimulator/FirebaseAuthInternal.build/Objects-normal/arm64/FIRAuthErrorUtils.o /Users/aleks/Library/Developer/Xcode/DerivedData/PlanItApp-gkehojshtcbfvhersqwajfujohau/SourcePackages/checkouts/firebase-ios-sdk/FirebaseAuth/Sources/ObjC/FIRAuthErrorUtils.m normal arm64 objective-c com.apple.compilers.llvm.clang.1_0.compiler (in target 'FirebaseAuthInternal' from project 'Firebase')
    cd /Users/aleks/Desktop/PlanItApp/PlanItApp.xcodeproj
    
    Using response file: /Users/aleks/Library/Developer/Xcode/DerivedData/PlanItApp-gkehojshtcbfvhersqwajfujohau/Build/Intermediates.noindex/Firebase.build/Debug-iphonesimulator/FirebaseAuthInternal.build/Objects-normal/arm64/e6072d4f65d7061329687fe24e3d63a7-common-args.resp
    
    /Applications/Xcode.app/Contents/Developer/Toolchains/XcodeDefault.xctoolchain/usr/bin/clang -x objective-c -ivfsstatcache /Users/aleks/Library/Developer/Xcode/DerivedData/SDKStatCaches.noindex/iphonesimulator18.5-22F76-d5fc8ad4295d2ef488fb7d0f804ce0c4.sdkstatcache -fmessage-length\=0 -fdiagnostics-show-note-include-stack -fmacro-backtrace-limit\=0 -fno-color-diagnostics -fmodules-prune-interval\=86400 -fmodules-prune-after\=345600 -fbuild-session-file\=/Users/aleks/Library/Developer/Xcode/DerivedData/ModuleCache.noindex/Session.modulevalidation -fmodules-validate-once-per-build-session -Wnon-modular-include-in-framework-module -Werror\=non-modular-include-in-framework-module -Wno-trigraphs -Wno-missing-field-initializers -Wno-missing-prototypes -Wno-return-type -Wno-implicit-atomic-properties -Wno-objc-interface-ivars -Wno-arc-repeated-use-of-weak -Wno-missing-braces -Wparentheses -Wswitch -Wno-unused-function -Wno-unused-label -Wno-unused-parameter -Wno-unused-variable -Wunused-value -Wno-empty-body -Wno-uninitialized -Wno-unknown-pragmas -w -Wno-shadow -Wno-four-char-constants -Wno-conversion -Wno-constant-conversion -Wno-int-conversion -Wno-bool-conversion -Wno-enum-conversion -Wno-float-conversion -Wno-non-literal-null-conversion -Wno-objc-literal-conversion -Wshorten-64-to-32 -Wpointer-sign -Wno-newline-eof -Wno-selector -Wno-strict-selector-match -Wno-undeclared-selector -Wno-deprecated-implementations -Wno-implicit-fallthrough -fstrict-aliasing -Wprotocol -Wdeprecated-declarations -Wno-sign-conversion -Wno-infinite-recursion -Wno-comma -Wno-block-capture-autoreleasing -Wno-strict-prototypes -Wno-semicolon-before-method-body -index-store-path /Users/aleks/Library/Developer/Xcode/DerivedData/PlanItApp-gkehojshtcbfvhersqwajfujohau/Index.noindex/DataStore @/Users/aleks/Library/Developer/Xcode/DerivedData/PlanItApp-gkehojshtcbfvhersqwajfujohau/Build/Intermediates.noindex/Firebase.build/Debug-iphonesimulator/FirebaseAuthInternal.build/Objects-normal/arm64/e6072d4f65d7061329687fe24e3d63a7-common-args.resp -MMD -MT dependencies -MF /Users/aleks/Library/Developer/Xcode/DerivedData/PlanItApp-gkehojshtcbfvhersqwajfujohau/Build/Intermediates.noindex/Firebase.build/Debug-iphonesimulator/FirebaseAuthInternal.build/Objects-normal/arm64/FIRAuthErrorUtils.d --serialize-diagnostics /Users/aleks/Library/Developer/Xcode/DerivedData/PlanItApp-gkehojshtcbfvhersqwajfujohau/Build/Intermediates.noindex/Firebase.build/Debug-iphonesimulator/FirebaseAuthInternal.build/Objects-normal/arm64/FIRAuthErrorUtils.dia -c /Users/aleks/Library/Developer/Xcode/DerivedData/PlanItApp-gkehojshtcbfvhersqwajfujohau/SourcePackages/checkouts/firebase-ios-sdk/FirebaseAuth/Sources/ObjC/FIRAuthErrorUtils.m -o /Users/aleks/Library/Developer/Xcode/DerivedData/PlanItApp-gkehojshtcbfvhersqwajfujohau/Build/Intermediates.noindex/Firebase.build/Debug-iphonesimulator/FirebaseAuthInternal.build/Objects-normal/arm64/FIRAuthErrorUtils.o -index-unit-output-path /Firebase.build/Debug-iphonesimulator/FirebaseAuthInternal.build/Objects-normal/arm64/FIRAuthErrorUtils.o

CompileC /Users/aleks/Library/Developer/Xcode/DerivedData/PlanItApp-gkehojshtcbfvhersqwajfujohau/Build/Intermediates.noindex/Firebase.build/Debug-iphonesimulator/FirebaseAuthInternal.build/Objects-normal/arm64/FIRAuth.o /Users/aleks/Library/Developer/Xcode/DerivedData/PlanItApp-gkehojshtcbfvhersqwajfujohau/SourcePackages/checkouts/firebase-ios-sdk/FirebaseAuth/Sources/ObjC/FIRAuth.m normal arm64 objective-c com.apple.compilers.llvm.clang.1_0.compiler (in target 'FirebaseAuthInternal' from project 'Firebase')
    cd /Users/aleks/Desktop/PlanItApp/PlanItApp.xcodeproj
    
    Using response file: /Users/aleks/Library/Developer/Xcode/DerivedData/PlanItApp-gkehojshtcbfvhersqwajfujohau/Build/Intermediates.noindex/Firebase.build/Debug-iphonesimulator/FirebaseAuthInternal.build/Objects-normal/arm64/e6072d4f65d7061329687fe24e3d63a7-common-args.resp
    
    /Applications/Xcode.app/Contents/Developer/Toolchains/XcodeDefault.xctoolchain/usr/bin/clang -x objective-c -ivfsstatcache /Users/aleks/Library/Developer/Xcode/DerivedData/SDKStatCaches.noindex/iphonesimulator18.5-22F76-d5fc8ad4295d2ef488fb7d0f804ce0c4.sdkstatcache -fmessage-length\=0 -fdiagnostics-show-note-include-stack -fmacro-backtrace-limit\=0 -fno-color-diagnostics -fmodules-prune-interval\=86400 -fmodules-prune-after\=345600 -fbuild-session-file\=/Users/aleks/Library/Developer/Xcode/DerivedData/ModuleCache.noindex/Session.modulevalidation -fmodules-validate-once-per-build-session -Wnon-modular-include-in-framework-module -Werror\=non-modular-include-in-framework-module -Wno-trigraphs -Wno-missing-field-initializers -Wno-missing-prototypes -Wno-return-type -Wno-implicit-atomic-properties -Wno-objc-interface-ivars -Wno-arc-repeated-use-of-weak -Wno-missing-braces -Wparentheses -Wswitch -Wno-unused-function -Wno-unused-label -Wno-unused-parameter -Wno-unused-variable -Wunused-value -Wno-empty-body -Wno-uninitialized -Wno-unknown-pragmas -w -Wno-shadow -Wno-four-char-constants -Wno-conversion -Wno-constant-conversion -Wno-int-conversion -Wno-bool-conversion -Wno-enum-conversion -Wno-float-conversion -Wno-non-literal-null-conversion -Wno-objc-literal-conversion -Wshorten-64-to-32 -Wpointer-sign -Wno-newline-eof -Wno-selector -Wno-strict-selector-match -Wno-undeclared-selector -Wno-deprecated-implementations -Wno-implicit-fallthrough -fstrict-aliasing -Wprotocol -Wdeprecated-declarations -Wno-sign-conversion -Wno-infinite-recursion -Wno-comma -Wno-block-capture-autoreleasing -Wno-strict-prototypes -Wno-semicolon-before-method-body -index-store-path /Users/aleks/Library/Developer/Xcode/DerivedData/PlanItApp-gkehojshtcbfvhersqwajfujohau/Index.noindex/DataStore @/Users/aleks/Library/Developer/Xcode/DerivedData/PlanItApp-gkehojshtcbfvhersqwajfujohau/Build/Intermediates.noindex/Firebase.build/Debug-iphonesimulator/FirebaseAuthInternal.build/Objects-normal/arm64/e6072d4f65d7061329687fe24e3d63a7-common-args.resp -MMD -MT dependencies -MF /Users/aleks/Library/Developer/Xcode/DerivedData/PlanItApp-gkehojshtcbfvhersqwajfujohau/Build/Intermediates.noindex/Firebase.build/Debug-iphonesimulator/FirebaseAuthInternal.build/Objects-normal/arm64/FIRAuth.d --serialize-diagnostics /Users/aleks/Library/Developer/Xcode/DerivedData/PlanItApp-gkehojshtcbfvhersqwajfujohau/Build/Intermediates.noindex/Firebase.build/Debug-iphonesimulator/FirebaseAuthInternal.build/Objects-normal/arm64/FIRAuth.dia -c /Users/aleks/Library/Developer/Xcode/DerivedData/PlanItApp-gkehojshtcbfvhersqwajfujohau/SourcePackages/checkouts/firebase-ios-sdk/FirebaseAuth/Sources/ObjC/FIRAuth.m -o /Users/aleks/Library/Developer/Xcode/DerivedData/PlanItApp-gkehojshtcbfvhersqwajfujohau/Build/Intermediates.noindex/Firebase.build/Debug-iphonesimulator/FirebaseAuthInternal.build/Objects-normal/arm64/FIRAuth.o -index-unit-output-path /Firebase.build/Debug-iphonesimulator/FirebaseAuthInternal.build/Objects-normal/arm64/FIRAuth.o

CompileC /Users/aleks/Library/Developer/Xcode/DerivedData/PlanItApp-gkehojshtcbfvhersqwajfujohau/Build/Intermediates.noindex/Promises.build/Debug-iphonesimulator/FBLPromises.build/Objects-normal/arm64/resource_bundle_accessor.o /Users/aleks/Library/Developer/Xcode/DerivedData/PlanItApp-gkehojshtcbfvhersqwajfujohau/Build/Intermediates.noindex/Promises.build/Debug-iphonesimulator/FBLPromises.build/DerivedSources/resource_bundle_accessor.m normal arm64 objective-c com.apple.compilers.llvm.clang.1_0.compiler (in target 'FBLPromises' from project 'Promises')
    cd /Users/aleks/Desktop/PlanItApp/PlanItApp.xcodeproj
    
    Using response file: /Users/aleks/Library/Developer/Xcode/DerivedData/PlanItApp-gkehojshtcbfvhersqwajfujohau/Build/Intermediates.noindex/Promises.build/Debug-iphonesimulator/FBLPromises.build/Objects-normal/arm64/e6072d4f65d7061329687fe24e3d63a7-common-args.resp
    
    /Applications/Xcode.app/Contents/Developer/Toolchains/XcodeDefault.xctoolchain/usr/bin/clang -x objective-c -ivfsstatcache /Users/aleks/Library/Developer/Xcode/DerivedData/SDKStatCaches.noindex/iphonesimulator18.5-22F76-d5fc8ad4295d2ef488fb7d0f804ce0c4.sdkstatcache -fmessage-length\=0 -fdiagnostics-show-note-include-stack -fmacro-backtrace-limit\=0 -fno-color-diagnostics -fmodules-prune-interval\=86400 -fmodules-prune-after\=345600 -fbuild-session-file\=/Users/aleks/Library/Developer/Xcode/DerivedData/ModuleCache.noindex/Session.modulevalidation -fmodules-validate-once-per-build-session -Wnon-modular-include-in-framework-module -Werror\=non-modular-include-in-framework-module -Wno-trigraphs -Wno-missing-field-initializers -Wno-missing-prototypes -Wno-return-type -Wno-implicit-atomic-properties -Wno-objc-interface-ivars -Wno-arc-repeated-use-of-weak -Wno-missing-braces -Wparentheses -Wswitch -Wno-unused-function -Wno-unused-label -Wno-unused-parameter -Wno-unused-variable -Wunused-value -Wno-empty-body -Wno-uninitialized -Wno-unknown-pragmas -w -Wno-shadow -Wno-four-char-constants -Wno-conversion -Wno-constant-conversion -Wno-int-conversion -Wno-bool-conversion -Wno-enum-conversion -Wno-float-conversion -Wno-non-literal-null-conversion -Wno-objc-literal-conversion -Wshorten-64-to-32 -Wpointer-sign -Wno-newline-eof -Wno-selector -Wno-strict-selector-match -Wno-undeclared-selector -Wno-deprecated-implementations -Wno-implicit-fallthrough -fstrict-aliasing -Wprotocol -Wdeprecated-declarations -Wno-sign-conversion -Wno-infinite-recursion -Wno-comma -Wno-block-capture-autoreleasing -Wno-strict-prototypes -Wno-semicolon-before-method-body -index-store-path /Users/aleks/Library/Developer/Xcode/DerivedData/PlanItApp-gkehojshtcbfvhersqwajfujohau/Index.noindex/DataStore @/Users/aleks/Library/Developer/Xcode/DerivedData/PlanItApp-gkehojshtcbfvhersqwajfujohau/Build/Intermediates.noindex/Promises.build/Debug-iphonesimulator/FBLPromises.build/Objects-normal/arm64/e6072d4f65d7061329687fe24e3d63a7-common-args.resp -include /Users/aleks/Library/Developer/Xcode/DerivedData/PlanItApp-gkehojshtcbfvhersqwajfujohau/Build/Intermediates.noindex/Promises.build/Debug-iphonesimulator/FBLPromises.build/DerivedSources/resource_bundle_accessor.h -MMD -MT dependencies -MF /Users/aleks/Library/Developer/Xcode/DerivedData/PlanItApp-gkehojshtcbfvhersqwajfujohau/Build/Intermediates.noindex/Promises.build/Debug-iphonesimulator/FBLPromises.build/Objects-normal/arm64/resource_bundle_accessor.d --serialize-diagnostics /Users/aleks/Library/Developer/Xcode/DerivedData/PlanItApp-gkehojshtcbfvhersqwajfujohau/Build/Intermediates.noindex/Promises.build/Debug-iphonesimulator/FBLPromises.build/Objects-normal/arm64/resource_bundle_accessor.dia -c /Users/aleks/Library/Developer/Xcode/DerivedData/PlanItApp-gkehojshtcbfvhersqwajfujohau/Build/Intermediates.noindex/Promises.build/Debug-iphonesimulator/FBLPromises.build/DerivedSources/resource_bundle_accessor.m -o /Users/aleks/Library/Developer/Xcode/DerivedData/PlanItApp-gkehojshtcbfvhersqwajfujohau/Build/Intermediates.noindex/Promises.build/Debug-iphonesimulator/FBLPromises.build/Objects-normal/arm64/resource_bundle_accessor.o -index-unit-output-path /Promises.build/Debug-iphonesimulator/FBLPromises.build/Objects-normal/arm64/resource_bundle_accessor.o

CompileC /Users/aleks/Library/Developer/Xcode/DerivedData/PlanItApp-gkehojshtcbfvhersqwajfujohau/Build/Intermediates.noindex/Promises.build/Debug-iphonesimulator/FBLPromises.build/Objects-normal/arm64/FBLPromiseError.o /Users/aleks/Library/Developer/Xcode/DerivedData/PlanItApp-gkehojshtcbfvhersqwajfujohau/SourcePackages/checkouts/promises/Sources/FBLPromises/FBLPromiseError.m normal arm64 objective-c com.apple.compilers.llvm.clang.1_0.compiler (in target 'FBLPromises' from project 'Promises')
    cd /Users/aleks/Desktop/PlanItApp/PlanItApp.xcodeproj
    
    Using response file: /Users/aleks/Library/Developer/Xcode/DerivedData/PlanItApp-gkehojshtcbfvhersqwajfujohau/Build/Intermediates.noindex/Promises.build/Debug-iphonesimulator/FBLPromises.build/Objects-normal/arm64/e6072d4f65d7061329687fe24e3d63a7-common-args.resp
    
    /Applications/Xcode.app/Contents/Developer/Toolchains/XcodeDefault.xctoolchain/usr/bin/clang -x objective-c -ivfsstatcache /Users/aleks/Library/Developer/Xcode/DerivedData/SDKStatCaches.noindex/iphonesimulator18.5-22F76-d5fc8ad4295d2ef488fb7d0f804ce0c4.sdkstatcache -fmessage-length\=0 -fdiagnostics-show-note-include-stack -fmacro-backtrace-limit\=0 -fno-color-diagnostics -fmodules-prune-interval\=86400 -fmodules-prune-after\=345600 -fbuild-session-file\=/Users/aleks/Library/Developer/Xcode/DerivedData/ModuleCache.noindex/Session.modulevalidation -fmodules-validate-once-per-build-session -Wnon-modular-include-in-framework-module -Werror\=non-modular-include-in-framework-module -Wno-trigraphs -Wno-missing-field-initializers -Wno-missing-prototypes -Wno-return-type -Wno-implicit-atomic-properties -Wno-objc-interface-ivars -Wno-arc-repeated-use-of-weak -Wno-missing-braces -Wparentheses -Wswitch -Wno-unused-function -Wno-unused-label -Wno-unused-parameter -Wno-unused-variable -Wunused-value -Wno-empty-body -Wno-uninitialized -Wno-unknown-pragmas -w -Wno-shadow -Wno-four-char-constants -Wno-conversion -Wno-constant-conversion -Wno-int-conversion -Wno-bool-conversion -Wno-enum-conversion -Wno-float-conversion -Wno-non-literal-null-conversion -Wno-objc-literal-conversion -Wshorten-64-to-32 -Wpointer-sign -Wno-newline-eof -Wno-selector -Wno-strict-selector-match -Wno-undeclared-selector -Wno-deprecated-implementations -Wno-implicit-fallthrough -fstrict-aliasing -Wprotocol -Wdeprecated-declarations -Wno-sign-conversion -Wno-infinite-recursion -Wno-comma -Wno-block-capture-autoreleasing -Wno-strict-prototypes -Wno-semicolon-before-method-body -index-store-path /Users/aleks/Library/Developer/Xcode/DerivedData/PlanItApp-gkehojshtcbfvhersqwajfujohau/Index.noindex/DataStore @/Users/aleks/Library/Developer/Xcode/DerivedData/PlanItApp-gkehojshtcbfvhersqwajfujohau/Build/Intermediates.noindex/Promises.build/Debug-iphonesimulator/FBLPromises.build/Objects-normal/arm64/e6072d4f65d7061329687fe24e3d63a7-common-args.resp -include /Users/aleks/Library/Developer/Xcode/DerivedData/PlanItApp-gkehojshtcbfvhersqwajfujohau/Build/Intermediates.noindex/Promises.build/Debug-iphonesimulator/FBLPromises.build/DerivedSources/resource_bundle_accessor.h -MMD -MT dependencies -MF /Users/aleks/Library/Developer/Xcode/DerivedData/PlanItApp-gkehojshtcbfvhersqwajfujohau/Build/Intermediates.noindex/Promises.build/Debug-iphonesimulator/FBLPromises.build/Objects-normal/arm64/FBLPromiseError.d --serialize-diagnostics /Users/aleks/Library/Developer/Xcode/DerivedData/PlanItApp-gkehojshtcbfvhersqwajfujohau/Build/Intermediates.noindex/Promises.build/Debug-iphonesimulator/FBLPromises.build/Objects-normal/arm64/FBLPromiseError.dia -c /Users/aleks/Library/Developer/Xcode/DerivedData/PlanItApp-gkehojshtcbfvhersqwajfujohau/SourcePackages/checkouts/promises/Sources/FBLPromises/FBLPromiseError.m -o /Users/aleks/Library/Developer/Xcode/DerivedData/PlanItApp-gkehojshtcbfvhersqwajfujohau/Build/Intermediates.noindex/Promises.build/Debug-iphonesimulator/FBLPromises.build/Objects-normal/arm64/FBLPromiseError.o -index-unit-output-path /Promises.build/Debug-iphonesimulator/FBLPromises.build/Objects-normal/arm64/FBLPromiseError.o

CompileC /Users/aleks/Library/Developer/Xcode/DerivedData/PlanItApp-gkehojshtcbfvhersqwajfujohau/Build/Intermediates.noindex/Promises.build/Debug-iphonesimulator/FBLPromises.build/Objects-normal/arm64/FBLPromise.o /Users/aleks/Library/Developer/Xcode/DerivedData/PlanItApp-gkehojshtcbfvhersqwajfujohau/SourcePackages/checkouts/promises/Sources/FBLPromises/FBLPromise.m normal arm64 objective-c com.apple.compilers.llvm.clang.1_0.compiler (in target 'FBLPromises' from project 'Promises')
    cd /Users/aleks/Desktop/PlanItApp/PlanItApp.xcodeproj
    
    Using response file: /Users/aleks/Library/Developer/Xcode/DerivedData/PlanItApp-gkehojshtcbfvhersqwajfujohau/Build/Intermediates.noindex/Promises.build/Debug-iphonesimulator/FBLPromises.build/Objects-normal/arm64/e6072d4f65d7061329687fe24e3d63a7-common-args.resp
    
    /Applications/Xcode.app/Contents/Developer/Toolchains/XcodeDefault.xctoolchain/usr/bin/clang -x objective-c -ivfsstatcache /Users/aleks/Library/Developer/Xcode/DerivedData/SDKStatCaches.noindex/iphonesimulator18.5-22F76-d5fc8ad4295d2ef488fb7d0f804ce0c4.sdkstatcache -fmessage-length\=0 -fdiagnostics-show-note-include-stack -fmacro-backtrace-limit\=0 -fno-color-diagnostics -fmodules-prune-interval\=86400 -fmodules-prune-after\=345600 -fbuild-session-file\=/Users/aleks/Library/Developer/Xcode/DerivedData/ModuleCache.noindex/Session.modulevalidation -fmodules-validate-once-per-build-session -Wnon-modular-include-in-framework-module -Werror\=non-modular-include-in-framework-module -Wno-trigraphs -Wno-missing-field-initializers -Wno-missing-prototypes -Wno-return-type -Wno-implicit-atomic-properties -Wno-objc-interface-ivars -Wno-arc-repeated-use-of-weak -Wno-missing-braces -Wparentheses -Wswitch -Wno-unused-function -Wno-unused-label -Wno-unused-parameter -Wno-unused-variable -Wunused-value -Wno-empty-body -Wno-uninitialized -Wno-unknown-pragmas -w -Wno-shadow -Wno-four-char-constants -Wno-conversion -Wno-constant-conversion -Wno-int-conversion -Wno-bool-conversion -Wno-enum-conversion -Wno-float-conversion -Wno-non-literal-null-conversion -Wno-objc-literal-conversion -Wshorten-64-to-32 -Wpointer-sign -Wno-newline-eof -Wno-selector -Wno-strict-selector-match -Wno-undeclared-selector -Wno-deprecated-implementations -Wno-implicit-fallthrough -fstrict-aliasing -Wprotocol -Wdeprecated-declarations -Wno-sign-conversion -Wno-infinite-recursion -Wno-comma -Wno-block-capture-autoreleasing -Wno-strict-prototypes -Wno-semicolon-before-method-body -index-store-path /Users/aleks/Library/Developer/Xcode/DerivedData/PlanItApp-gkehojshtcbfvhersqwajfujohau/Index.noindex/DataStore @/Users/aleks/Library/Developer/Xcode/DerivedData/PlanItApp-gkehojshtcbfvhersqwajfujohau/Build/Intermediates.noindex/Promises.build/Debug-iphonesimulator/FBLPromises.build/Objects-normal/arm64/e6072d4f65d7061329687fe24e3d63a7-common-args.resp -include /Users/aleks/Library/Developer/Xcode/DerivedData/PlanItApp-gkehojshtcbfvhersqwajfujohau/Build/Intermediates.noindex/Promises.build/Debug-iphonesimulator/FBLPromises.build/DerivedSources/resource_bundle_accessor.h -MMD -MT dependencies -MF /Users/aleks/Library/Developer/Xcode/DerivedData/PlanItApp-gkehojshtcbfvhersqwajfujohau/Build/Intermediates.noindex/Promises.build/Debug-iphonesimulator/FBLPromises.build/Objects-normal/arm64/FBLPromise.d --serialize-diagnostics /Users/aleks/Library/Developer/Xcode/DerivedData/PlanItApp-gkehojshtcbfvhersqwajfujohau/Build/Intermediates.noindex/Promises.build/Debug-iphonesimulator/FBLPromises.build/Objects-normal/arm64/FBLPromise.dia -c /Users/aleks/Library/Developer/Xcode/DerivedData/PlanItApp-gkehojshtcbfvhersqwajfujohau/SourcePackages/checkouts/promises/Sources/FBLPromises/FBLPromise.m -o /Users/aleks/Library/Developer/Xcode/DerivedData/PlanItApp-gkehojshtcbfvhersqwajfujohau/Build/Intermediates.noindex/Promises.build/Debug-iphonesimulator/FBLPromises.build/Objects-normal/arm64/FBLPromise.o -index-unit-output-path /Promises.build/Debug-iphonesimulator/FBLPromises.build/Objects-normal/arm64/FBLPromise.o

SwiftDriverJobDiscovery normal arm64 Emitting module for FirebaseCoreInternal (in target 'FirebaseCoreInternal' from project 'Firebase')

CompileC /Users/aleks/Library/Developer/Xcode/DerivedData/PlanItApp-gkehojshtcbfvhersqwajfujohau/Build/Intermediates.noindex/Promises.build/Debug-iphonesimulator/FBLPromises.build/Objects-normal/arm64/FBLPromise+Wrap.o /Users/aleks/Library/Developer/Xcode/DerivedData/PlanItApp-gkehojshtcbfvhersqwajfujohau/SourcePackages/checkouts/promises/Sources/FBLPromises/FBLPromise+Wrap.m normal arm64 objective-c com.apple.compilers.llvm.clang.1_0.compiler (in target 'FBLPromises' from project 'Promises')
    cd /Users/aleks/Desktop/PlanItApp/PlanItApp.xcodeproj
    
    Using response file: /Users/aleks/Library/Developer/Xcode/DerivedData/PlanItApp-gkehojshtcbfvhersqwajfujohau/Build/Intermediates.noindex/Promises.build/Debug-iphonesimulator/FBLPromises.build/Objects-normal/arm64/e6072d4f65d7061329687fe24e3d63a7-common-args.resp
    
    /Applications/Xcode.app/Contents/Developer/Toolchains/XcodeDefault.xctoolchain/usr/bin/clang -x objective-c -ivfsstatcache /Users/aleks/Library/Developer/Xcode/DerivedData/SDKStatCaches.noindex/iphonesimulator18.5-22F76-d5fc8ad4295d2ef488fb7d0f804ce0c4.sdkstatcache -fmessage-length\=0 -fdiagnostics-show-note-include-stack -fmacro-backtrace-limit\=0 -fno-color-diagnostics -fmodules-prune-interval\=86400 -fmodules-prune-after\=345600 -fbuild-session-file\=/Users/aleks/Library/Developer/Xcode/DerivedData/ModuleCache.noindex/Session.modulevalidation -fmodules-validate-once-per-build-session -Wnon-modular-include-in-framework-module -Werror\=non-modular-include-in-framework-module -Wno-trigraphs -Wno-missing-field-initializers -Wno-missing-prototypes -Wno-return-type -Wno-implicit-atomic-properties -Wno-objc-interface-ivars -Wno-arc-repeated-use-of-weak -Wno-missing-braces -Wparentheses -Wswitch -Wno-unused-function -Wno-unused-label -Wno-unused-parameter -Wno-unused-variable -Wunused-value -Wno-empty-body -Wno-uninitialized -Wno-unknown-pragmas -w -Wno-shadow -Wno-four-char-constants -Wno-conversion -Wno-constant-conversion -Wno-int-conversion -Wno-bool-conversion -Wno-enum-conversion -Wno-float-conversion -Wno-non-literal-null-conversion -Wno-objc-literal-conversion -Wshorten-64-to-32 -Wpointer-sign -Wno-newline-eof -Wno-selector -Wno-strict-selector-match -Wno-undeclared-selector -Wno-deprecated-implementations -Wno-implicit-fallthrough -fstrict-aliasing -Wprotocol -Wdeprecated-declarations -Wno-sign-conversion -Wno-infinite-recursion -Wno-comma -Wno-block-capture-autoreleasing -Wno-strict-prototypes -Wno-semicolon-before-method-body -index-store-path /Users/aleks/Library/Developer/Xcode/DerivedData/PlanItApp-gkehojshtcbfvhersqwajfujohau/Index.noindex/DataStore @/Users/aleks/Library/Developer/Xcode/DerivedData/PlanItApp-gkehojshtcbfvhersqwajfujohau/Build/Intermediates.noindex/Promises.build/Debug-iphonesimulator/FBLPromises.build/Objects-normal/arm64/e6072d4f65d7061329687fe24e3d63a7-common-args.resp -include /Users/aleks/Library/Developer/Xcode/DerivedData/PlanItApp-gkehojshtcbfvhersqwajfujohau/Build/Intermediates.noindex/Promises.build/Debug-iphonesimulator/FBLPromises.build/DerivedSources/resource_bundle_accessor.h -MMD -MT dependencies -MF /Users/aleks/Library/Developer/Xcode/DerivedData/PlanItApp-gkehojshtcbfvhersqwajfujohau/Build/Intermediates.noindex/Promises.build/Debug-iphonesimulator/FBLPromises.build/Objects-normal/arm64/FBLPromise+Wrap.d --serialize-diagnostics /Users/aleks/Library/Developer/Xcode/DerivedData/PlanItApp-gkehojshtcbfvhersqwajfujohau/Build/Intermediates.noindex/Promises.build/Debug-iphonesimulator/FBLPromises.build/Objects-normal/arm64/FBLPromise+Wrap.dia -c /Users/aleks/Library/Developer/Xcode/DerivedData/PlanItApp-gkehojshtcbfvhersqwajfujohau/SourcePackages/checkouts/promises/Sources/FBLPromises/FBLPromise+Wrap.m -o /Users/aleks/Library/Developer/Xcode/DerivedData/PlanItApp-gkehojshtcbfvhersqwajfujohau/Build/Intermediates.noindex/Promises.build/Debug-iphonesimulator/FBLPromises.build/Objects-normal/arm64/FBLPromise+Wrap.o -index-unit-output-path /Promises.build/Debug-iphonesimulator/FBLPromises.build/Objects-normal/arm64/FBLPromise+Wrap.o

SwiftDriver\ Compilation\ Requirements FirebaseCoreInternal normal arm64 com.apple.xcode.tools.swift.compiler (in target 'FirebaseCoreInternal' from project 'Firebase')
    cd /Users/aleks/Desktop/PlanItApp/PlanItApp.xcodeproj
    builtin-Swift-Compilation-Requirements -- /Applications/Xcode.app/Contents/Developer/Toolchains/XcodeDefault.xctoolchain/usr/bin/swiftc -module-name FirebaseCoreInternal -Onone -enforce-exclusivity\=checked @/Users/aleks/Library/Developer/Xcode/DerivedData/PlanItApp-gkehojshtcbfvhersqwajfujohau/Build/Intermediates.noindex/Firebase.build/Debug-iphonesimulator/FirebaseCoreInternal.build/Objects-normal/arm64/FirebaseCoreInternal.SwiftFileList -DSWIFT_PACKAGE -DDEBUG -Xcc -fmodule-map-file\=/Users/aleks/Library/Developer/Xcode/DerivedData/PlanItApp-gkehojshtcbfvhersqwajfujohau/Build/Intermediates.noindex/GeneratedModuleMaps-iphonesimulator/GoogleUtilities-NSData.modulemap -DXcode -plugin-path /Applications/Xcode.app/Contents/Developer/Toolchains/XcodeDefault.xctoolchain/usr/lib/swift/host/plugins/testing -enable-experimental-feature DebugDescriptionMacro -sdk /Applications/Xcode.app/Contents/Developer/Platforms/iPhoneSimulator.platform/Developer/SDKs/iPhoneSimulator18.5.sdk -target arm64-apple-ios12.0-simulator -g -module-cache-path /Users/aleks/Library/Developer/Xcode/DerivedData/ModuleCache.noindex -Xfrontend -serialize-debugging-options -profile-coverage-mapping -profile-generate -enable-testing -suppress-warnings -index-store-path /Users/aleks/Library/Developer/Xcode/DerivedData/PlanItApp-gkehojshtcbfvhersqwajfujohau/Index.noindex/DataStore -swift-version 5 -I /Users/aleks/Library/Developer/Xcode/DerivedData/PlanItApp-gkehojshtcbfvhersqwajfujohau/Build/Products/Debug-iphonesimulator -I /Applications/Xcode.app/Contents/Developer/Platforms/iPhoneSimulator.platform/Developer/usr/lib -F /Users/aleks/Library/Developer/Xcode/DerivedData/PlanItApp-gkehojshtcbfvhersqwajfujohau/Build/Products/Debug-iphonesimulator/PackageFrameworks -F /Users/aleks/Library/Developer/Xcode/DerivedData/PlanItApp-gkehojshtcbfvhersqwajfujohau/Build/Products/Debug-iphonesimulator -F /Applications/Xcode.app/Contents/Developer/Platforms/iPhoneSimulator.platform/Developer/Library/Frameworks -F /Applications/Xcode.app/Contents/Developer/Platforms/iPhoneSimulator.platform/Developer/SDKs/iPhoneSimulator18.5.sdk/Developer/Library/Frameworks -c -j10 -enable-batch-mode -incremental -Xcc -ivfsstatcache -Xcc /Users/aleks/Library/Developer/Xcode/DerivedData/SDKStatCaches.noindex/iphonesimulator18.5-22F76-d5fc8ad4295d2ef488fb7d0f804ce0c4.sdkstatcache -output-file-map /Users/aleks/Library/Developer/Xcode/DerivedData/PlanItApp-gkehojshtcbfvhersqwajfujohau/Build/Intermediates.noindex/Firebase.build/Debug-iphonesimulator/FirebaseCoreInternal.build/Objects-normal/arm64/FirebaseCoreInternal-OutputFileMap.json -use-frontend-parseable-output -save-temps -no-color-diagnostics -serialize-diagnostics -emit-dependencies -emit-module -emit-module-path /Users/aleks/Library/Developer/Xcode/DerivedData/PlanItApp-gkehojshtcbfvhersqwajfujohau/Build/Intermediates.noindex/Firebase.build/Debug-iphonesimulator/FirebaseCoreInternal.build/Objects-normal/arm64/FirebaseCoreInternal.swiftmodule -validate-clang-modules-once -clang-build-session-file /Users/aleks/Library/Developer/Xcode/DerivedData/ModuleCache.noindex/Session.modulevalidation -package-name firebase_ios_sdk -Xcc -I/Users/aleks/Library/Developer/Xcode/DerivedData/PlanItApp-gkehojshtcbfvhersqwajfujohau/Build/Intermediates.noindex/Firebase.build/Debug-iphonesimulator/FirebaseCoreInternal.build/swift-overrides.hmap -emit-const-values -Xfrontend -const-gather-protocols-file -Xfrontend /Users/aleks/Library/Developer/Xcode/DerivedData/PlanItApp-gkehojshtcbfvhersqwajfujohau/Build/Intermediates.noindex/Firebase.build/Debug-iphonesimulator/FirebaseCoreInternal.build/Objects-normal/arm64/FirebaseCoreInternal_const_extract_protocols.json -Xcc -I/Users/aleks/Library/Developer/Xcode/DerivedData/PlanItApp-gkehojshtcbfvhersqwajfujohau/SourcePackages/checkouts/GoogleUtilities/GoogleUtilities/NSData+zlib/Public -Xcc -I/Users/aleks/Library/Developer/Xcode/DerivedData/PlanItApp-gkehojshtcbfvhersqwajfujohau/Build/Products/Debug-iphonesimulator/include -Xcc -I/Users/aleks/Library/Developer/Xcode/DerivedData/PlanItApp-gkehojshtcbfvhersqwajfujohau/Build/Intermediates.noindex/Firebase.build/Debug-iphonesimulator/FirebaseCoreInternal.build/DerivedSources-normal/arm64 -Xcc -I/Users/aleks/Library/Developer/Xcode/DerivedData/PlanItApp-gkehojshtcbfvhersqwajfujohau/Build/Intermediates.noindex/Firebase.build/Debug-iphonesimulator/FirebaseCoreInternal.build/DerivedSources/arm64 -Xcc -I/Users/aleks/Library/Developer/Xcode/DerivedData/PlanItApp-gkehojshtcbfvhersqwajfujohau/Build/Intermediates.noindex/Firebase.build/Debug-iphonesimulator/FirebaseCoreInternal.build/DerivedSources -Xcc -DSWIFT_PACKAGE -Xcc -DDEBUG\=1 -emit-objc-header -emit-objc-header-path /Users/aleks/Library/Developer/Xcode/DerivedData/PlanItApp-gkehojshtcbfvhersqwajfujohau/Build/Intermediates.noindex/Firebase.build/Debug-iphonesimulator/FirebaseCoreInternal.build/Objects-normal/arm64/FirebaseCoreInternal-Swift.h -working-directory /Users/aleks/Desktop/PlanItApp/PlanItApp.xcodeproj -experimental-emit-module-separately -disable-cmo

CompileC /Users/aleks/Library/Developer/Xcode/DerivedData/PlanItApp-gkehojshtcbfvhersqwajfujohau/Build/Intermediates.noindex/Promises.build/Debug-iphonesimulator/FBLPromises.build/Objects-normal/arm64/FBLPromise+Validate.o /Users/aleks/Library/Developer/Xcode/DerivedData/PlanItApp-gkehojshtcbfvhersqwajfujohau/SourcePackages/checkouts/promises/Sources/FBLPromises/FBLPromise+Validate.m normal arm64 objective-c com.apple.compilers.llvm.clang.1_0.compiler (in target 'FBLPromises' from project 'Promises')
    cd /Users/aleks/Desktop/PlanItApp/PlanItApp.xcodeproj
    
    Using response file: /Users/aleks/Library/Developer/Xcode/DerivedData/PlanItApp-gkehojshtcbfvhersqwajfujohau/Build/Intermediates.noindex/Promises.build/Debug-iphonesimulator/FBLPromises.build/Objects-normal/arm64/e6072d4f65d7061329687fe24e3d63a7-common-args.resp
    
    /Applications/Xcode.app/Contents/Developer/Toolchains/XcodeDefault.xctoolchain/usr/bin/clang -x objective-c -ivfsstatcache /Users/aleks/Library/Developer/Xcode/DerivedData/SDKStatCaches.noindex/iphonesimulator18.5-22F76-d5fc8ad4295d2ef488fb7d0f804ce0c4.sdkstatcache -fmessage-length\=0 -fdiagnostics-show-note-include-stack -fmacro-backtrace-limit\=0 -fno-color-diagnostics -fmodules-prune-interval\=86400 -fmodules-prune-after\=345600 -fbuild-session-file\=/Users/aleks/Library/Developer/Xcode/DerivedData/ModuleCache.noindex/Session.modulevalidation -fmodules-validate-once-per-build-session -Wnon-modular-include-in-framework-module -Werror\=non-modular-include-in-framework-module -Wno-trigraphs -Wno-missing-field-initializers -Wno-missing-prototypes -Wno-return-type -Wno-implicit-atomic-properties -Wno-objc-interface-ivars -Wno-arc-repeated-use-of-weak -Wno-missing-braces -Wparentheses -Wswitch -Wno-unused-function -Wno-unused-label -Wno-unused-parameter -Wno-unused-variable -Wunused-value -Wno-empty-body -Wno-uninitialized -Wno-unknown-pragmas -w -Wno-shadow -Wno-four-char-constants -Wno-conversion -Wno-constant-conversion -Wno-int-conversion -Wno-bool-conversion -Wno-enum-conversion -Wno-float-conversion -Wno-non-literal-null-conversion -Wno-objc-literal-conversion -Wshorten-64-to-32 -Wpointer-sign -Wno-newline-eof -Wno-selector -Wno-strict-selector-match -Wno-undeclared-selector -Wno-deprecated-implementations -Wno-implicit-fallthrough -fstrict-aliasing -Wprotocol -Wdeprecated-declarations -Wno-sign-conversion -Wno-infinite-recursion -Wno-comma -Wno-block-capture-autoreleasing -Wno-strict-prototypes -Wno-semicolon-before-method-body -index-store-path /Users/aleks/Library/Developer/Xcode/DerivedData/PlanItApp-gkehojshtcbfvhersqwajfujohau/Index.noindex/DataStore @/Users/aleks/Library/Developer/Xcode/DerivedData/PlanItApp-gkehojshtcbfvhersqwajfujohau/Build/Intermediates.noindex/Promises.build/Debug-iphonesimulator/FBLPromises.build/Objects-normal/arm64/e6072d4f65d7061329687fe24e3d63a7-common-args.resp -include /Users/aleks/Library/Developer/Xcode/DerivedData/PlanItApp-gkehojshtcbfvhersqwajfujohau/Build/Intermediates.noindex/Promises.build/Debug-iphonesimulator/FBLPromises.build/DerivedSources/resource_bundle_accessor.h -MMD -MT dependencies -MF /Users/aleks/Library/Developer/Xcode/DerivedData/PlanItApp-gkehojshtcbfvhersqwajfujohau/Build/Intermediates.noindex/Promises.build/Debug-iphonesimulator/FBLPromises.build/Objects-normal/arm64/FBLPromise+Validate.d --serialize-diagnostics /Users/aleks/Library/Developer/Xcode/DerivedData/PlanItApp-gkehojshtcbfvhersqwajfujohau/Build/Intermediates.noindex/Promises.build/Debug-iphonesimulator/FBLPromises.build/Objects-normal/arm64/FBLPromise+Validate.dia -c /Users/aleks/Library/Developer/Xcode/DerivedData/PlanItApp-gkehojshtcbfvhersqwajfujohau/SourcePackages/checkouts/promises/Sources/FBLPromises/FBLPromise+Validate.m -o /Users/aleks/Library/Developer/Xcode/DerivedData/PlanItApp-gkehojshtcbfvhersqwajfujohau/Build/Intermediates.noindex/Promises.build/Debug-iphonesimulator/FBLPromises.build/Objects-normal/arm64/FBLPromise+Validate.o -index-unit-output-path /Promises.build/Debug-iphonesimulator/FBLPromises.build/Objects-normal/arm64/FBLPromise+Validate.o

SwiftMergeGeneratedHeaders /Users/aleks/Library/Developer/Xcode/DerivedData/PlanItApp-gkehojshtcbfvhersqwajfujohau/Build/Intermediates.noindex/GeneratedModuleMaps-iphonesimulator/FirebaseCoreInternal-Swift.h /Users/aleks/Library/Developer/Xcode/DerivedData/PlanItApp-gkehojshtcbfvhersqwajfujohau/Build/Intermediates.noindex/Firebase.build/Debug-iphonesimulator/FirebaseCoreInternal.build/Objects-normal/arm64/FirebaseCoreInternal-Swift.h (in target 'FirebaseCoreInternal' from project 'Firebase')
    cd /Users/aleks/Library/Developer/Xcode/DerivedData/PlanItApp-gkehojshtcbfvhersqwajfujohau/SourcePackages/checkouts/firebase-ios-sdk
    builtin-swiftHeaderTool -arch arm64 /Users/aleks/Library/Developer/Xcode/DerivedData/PlanItApp-gkehojshtcbfvhersqwajfujohau/Build/Intermediates.noindex/Firebase.build/Debug-iphonesimulator/FirebaseCoreInternal.build/Objects-normal/arm64/FirebaseCoreInternal-Swift.h -o /Users/aleks/Library/Developer/Xcode/DerivedData/PlanItApp-gkehojshtcbfvhersqwajfujohau/Build/Intermediates.noindex/GeneratedModuleMaps-iphonesimulator/FirebaseCoreInternal-Swift.h

SwiftDriverJobDiscovery normal arm64 Compiling resource_bundle_accessor.swift, Heartbeat.swift (in target 'FirebaseCoreInternal' from project 'Firebase')

Copy /Users/aleks/Library/Developer/Xcode/DerivedData/PlanItApp-gkehojshtcbfvhersqwajfujohau/Build/Products/Debug-iphonesimulator/FirebaseCoreInternal.swiftmodule/arm64-apple-ios-simulator.swiftdoc /Users/aleks/Library/Developer/Xcode/DerivedData/PlanItApp-gkehojshtcbfvhersqwajfujohau/Build/Intermediates.noindex/Firebase.build/Debug-iphonesimulator/FirebaseCoreInternal.build/Objects-normal/arm64/FirebaseCoreInternal.swiftdoc (in target 'FirebaseCoreInternal' from project 'Firebase')
    cd /Users/aleks/Library/Developer/Xcode/DerivedData/PlanItApp-gkehojshtcbfvhersqwajfujohau/SourcePackages/checkouts/firebase-ios-sdk
    builtin-copy -exclude .DS_Store -exclude CVS -exclude .svn -exclude .git -exclude .hg -resolve-src-symlinks -rename /Users/aleks/Library/Developer/Xcode/DerivedData/PlanItApp-gkehojshtcbfvhersqwajfujohau/Build/Intermediates.noindex/Firebase.build/Debug-iphonesimulator/FirebaseCoreInternal.build/Objects-normal/arm64/FirebaseCoreInternal.swiftdoc /Users/aleks/Library/Developer/Xcode/DerivedData/PlanItApp-gkehojshtcbfvhersqwajfujohau/Build/Products/Debug-iphonesimulator/FirebaseCoreInternal.swiftmodule/arm64-apple-ios-simulator.swiftdoc

Copy /Users/aleks/Library/Developer/Xcode/DerivedData/PlanItApp-gkehojshtcbfvhersqwajfujohau/Build/Products/Debug-iphonesimulator/FirebaseCoreInternal.swiftmodule/arm64-apple-ios-simulator.swiftmodule /Users/aleks/Library/Developer/Xcode/DerivedData/PlanItApp-gkehojshtcbfvhersqwajfujohau/Build/Intermediates.noindex/Firebase.build/Debug-iphonesimulator/FirebaseCoreInternal.build/Objects-normal/arm64/FirebaseCoreInternal.swiftmodule (in target 'FirebaseCoreInternal' from project 'Firebase')
    cd /Users/aleks/Library/Developer/Xcode/DerivedData/PlanItApp-gkehojshtcbfvhersqwajfujohau/SourcePackages/checkouts/firebase-ios-sdk
    builtin-copy -exclude .DS_Store -exclude CVS -exclude .svn -exclude .git -exclude .hg -resolve-src-symlinks -rename /Users/aleks/Library/Developer/Xcode/DerivedData/PlanItApp-gkehojshtcbfvhersqwajfujohau/Build/Intermediates.noindex/Firebase.build/Debug-iphonesimulator/FirebaseCoreInternal.build/Objects-normal/arm64/FirebaseCoreInternal.swiftmodule /Users/aleks/Library/Developer/Xcode/DerivedData/PlanItApp-gkehojshtcbfvhersqwajfujohau/Build/Products/Debug-iphonesimulator/FirebaseCoreInternal.swiftmodule/arm64-apple-ios-simulator.swiftmodule

Copy /Users/aleks/Library/Developer/Xcode/DerivedData/PlanItApp-gkehojshtcbfvhersqwajfujohau/Build/Products/Debug-iphonesimulator/FirebaseCoreInternal.swiftmodule/arm64-apple-ios-simulator.abi.json /Users/aleks/Library/Developer/Xcode/DerivedData/PlanItApp-gkehojshtcbfvhersqwajfujohau/Build/Intermediates.noindex/Firebase.build/Debug-iphonesimulator/FirebaseCoreInternal.build/Objects-normal/arm64/FirebaseCoreInternal.abi.json (in target 'FirebaseCoreInternal' from project 'Firebase')
    cd /Users/aleks/Library/Developer/Xcode/DerivedData/PlanItApp-gkehojshtcbfvhersqwajfujohau/SourcePackages/checkouts/firebase-ios-sdk
    builtin-copy -exclude .DS_Store -exclude CVS -exclude .svn -exclude .git -exclude .hg -resolve-src-symlinks -rename /Users/aleks/Library/Developer/Xcode/DerivedData/PlanItApp-gkehojshtcbfvhersqwajfujohau/Build/Intermediates.noindex/Firebase.build/Debug-iphonesimulator/FirebaseCoreInternal.build/Objects-normal/arm64/FirebaseCoreInternal.abi.json /Users/aleks/Library/Developer/Xcode/DerivedData/PlanItApp-gkehojshtcbfvhersqwajfujohau/Build/Products/Debug-iphonesimulator/FirebaseCoreInternal.swiftmodule/arm64-apple-ios-simulator.abi.json

Copy /Users/aleks/Library/Developer/Xcode/DerivedData/PlanItApp-gkehojshtcbfvhersqwajfujohau/Build/Products/Debug-iphonesimulator/FirebaseCoreInternal.swiftmodule/Project/arm64-apple-ios-simulator.swiftsourceinfo /Users/aleks/Library/Developer/Xcode/DerivedData/PlanItApp-gkehojshtcbfvhersqwajfujohau/Build/Intermediates.noindex/Firebase.build/Debug-iphonesimulator/FirebaseCoreInternal.build/Objects-normal/arm64/FirebaseCoreInternal.swiftsourceinfo (in target 'FirebaseCoreInternal' from project 'Firebase')
    cd /Users/aleks/Library/Developer/Xcode/DerivedData/PlanItApp-gkehojshtcbfvhersqwajfujohau/SourcePackages/checkouts/firebase-ios-sdk
    builtin-copy -exclude .DS_Store -exclude CVS -exclude .svn -exclude .git -exclude .hg -resolve-src-symlinks -rename /Users/aleks/Library/Developer/Xcode/DerivedData/PlanItApp-gkehojshtcbfvhersqwajfujohau/Build/Intermediates.noindex/Firebase.build/Debug-iphonesimulator/FirebaseCoreInternal.build/Objects-normal/arm64/FirebaseCoreInternal.swiftsourceinfo /Users/aleks/Library/Developer/Xcode/DerivedData/PlanItApp-gkehojshtcbfvhersqwajfujohau/Build/Products/Debug-iphonesimulator/FirebaseCoreInternal.swiftmodule/Project/arm64-apple-ios-simulator.swiftsourceinfo

CompileC /Users/aleks/Library/Developer/Xcode/DerivedData/PlanItApp-gkehojshtcbfvhersqwajfujohau/Build/Intermediates.noindex/GoogleUtilities.build/Debug-iphonesimulator/GoogleUtilities-Environment.build/Objects-normal/arm64/GULAppEnvironmentUtil.o /Users/aleks/Library/Developer/Xcode/DerivedData/PlanItApp-gkehojshtcbfvhersqwajfujohau/SourcePackages/checkouts/GoogleUtilities/GoogleUtilities/Environment/GULAppEnvironmentUtil.m normal arm64 objective-c com.apple.compilers.llvm.clang.1_0.compiler (in target 'GoogleUtilities-Environment' from project 'GoogleUtilities')
    cd /Users/aleks/Desktop/PlanItApp/PlanItApp.xcodeproj
    
    Using response file: /Users/aleks/Library/Developer/Xcode/DerivedData/PlanItApp-gkehojshtcbfvhersqwajfujohau/Build/Intermediates.noindex/GoogleUtilities.build/Debug-iphonesimulator/GoogleUtilities-Environment.build/Objects-normal/arm64/e6072d4f65d7061329687fe24e3d63a7-common-args.resp
    
    /Applications/Xcode.app/Contents/Developer/Toolchains/XcodeDefault.xctoolchain/usr/bin/clang -x objective-c -ivfsstatcache /Users/aleks/Library/Developer/Xcode/DerivedData/SDKStatCaches.noindex/iphonesimulator18.5-22F76-d5fc8ad4295d2ef488fb7d0f804ce0c4.sdkstatcache -fmessage-length\=0 -fdiagnostics-show-note-include-stack -fmacro-backtrace-limit\=0 -fno-color-diagnostics -fmodules-prune-interval\=86400 -fmodules-prune-after\=345600 -fbuild-session-file\=/Users/aleks/Library/Developer/Xcode/DerivedData/ModuleCache.noindex/Session.modulevalidation -fmodules-validate-once-per-build-session -Wnon-modular-include-in-framework-module -Werror\=non-modular-include-in-framework-module -Wno-trigraphs -Wno-missing-field-initializers -Wno-missing-prototypes -Wno-return-type -Wno-implicit-atomic-properties -Wno-objc-interface-ivars -Wno-arc-repeated-use-of-weak -Wno-missing-braces -Wparentheses -Wswitch -Wno-unused-function -Wno-unused-label -Wno-unused-parameter -Wno-unused-variable -Wunused-value -Wno-empty-body -Wno-uninitialized -Wno-unknown-pragmas -w -Wno-shadow -Wno-four-char-constants -Wno-conversion -Wno-constant-conversion -Wno-int-conversion -Wno-bool-conversion -Wno-enum-conversion -Wno-float-conversion -Wno-non-literal-null-conversion -Wno-objc-literal-conversion -Wshorten-64-to-32 -Wpointer-sign -Wno-newline-eof -Wno-selector -Wno-strict-selector-match -Wno-undeclared-selector -Wno-deprecated-implementations -Wno-implicit-fallthrough -fstrict-aliasing -Wprotocol -Wdeprecated-declarations -Wno-sign-conversion -Wno-infinite-recursion -Wno-comma -Wno-block-capture-autoreleasing -Wno-strict-prototypes -Wno-semicolon-before-method-body -index-store-path /Users/aleks/Library/Developer/Xcode/DerivedData/PlanItApp-gkehojshtcbfvhersqwajfujohau/Index.noindex/DataStore @/Users/aleks/Library/Developer/Xcode/DerivedData/PlanItApp-gkehojshtcbfvhersqwajfujohau/Build/Intermediates.noindex/GoogleUtilities.build/Debug-iphonesimulator/GoogleUtilities-Environment.build/Objects-normal/arm64/e6072d4f65d7061329687fe24e3d63a7-common-args.resp -include /Users/aleks/Library/Developer/Xcode/DerivedData/PlanItApp-gkehojshtcbfvhersqwajfujohau/Build/Intermediates.noindex/GoogleUtilities.build/Debug-iphonesimulator/GoogleUtilities-Environment.build/DerivedSources/resource_bundle_accessor.h -MMD -MT dependencies -MF /Users/aleks/Library/Developer/Xcode/DerivedData/PlanItApp-gkehojshtcbfvhersqwajfujohau/Build/Intermediates.noindex/GoogleUtilities.build/Debug-iphonesimulator/GoogleUtilities-Environment.build/Objects-normal/arm64/GULAppEnvironmentUtil.d --serialize-diagnostics /Users/aleks/Library/Developer/Xcode/DerivedData/PlanItApp-gkehojshtcbfvhersqwajfujohau/Build/Intermediates.noindex/GoogleUtilities.build/Debug-iphonesimulator/GoogleUtilities-Environment.build/Objects-normal/arm64/GULAppEnvironmentUtil.dia -c /Users/aleks/Library/Developer/Xcode/DerivedData/PlanItApp-gkehojshtcbfvhersqwajfujohau/SourcePackages/checkouts/GoogleUtilities/GoogleUtilities/Environment/GULAppEnvironmentUtil.m -o /Users/aleks/Library/Developer/Xcode/DerivedData/PlanItApp-gkehojshtcbfvhersqwajfujohau/Build/Intermediates.noindex/GoogleUtilities.build/Debug-iphonesimulator/GoogleUtilities-Environment.build/Objects-normal/arm64/GULAppEnvironmentUtil.o -index-unit-output-path /GoogleUtilities.build/Debug-iphonesimulator/GoogleUtilities-Environment.build/Objects-normal/arm64/GULAppEnvironmentUtil.o

CompileC /Users/aleks/Library/Developer/Xcode/DerivedData/PlanItApp-gkehojshtcbfvhersqwajfujohau/Build/Intermediates.noindex/Promises.build/Debug-iphonesimulator/FBLPromises.build/Objects-normal/arm64/FBLPromise+Timeout.o /Users/aleks/Library/Developer/Xcode/DerivedData/PlanItApp-gkehojshtcbfvhersqwajfujohau/SourcePackages/checkouts/promises/Sources/FBLPromises/FBLPromise+Timeout.m normal arm64 objective-c com.apple.compilers.llvm.clang.1_0.compiler (in target 'FBLPromises' from project 'Promises')
    cd /Users/aleks/Desktop/PlanItApp/PlanItApp.xcodeproj
    
    Using response file: /Users/aleks/Library/Developer/Xcode/DerivedData/PlanItApp-gkehojshtcbfvhersqwajfujohau/Build/Intermediates.noindex/Promises.build/Debug-iphonesimulator/FBLPromises.build/Objects-normal/arm64/e6072d4f65d7061329687fe24e3d63a7-common-args.resp
    
    /Applications/Xcode.app/Contents/Developer/Toolchains/XcodeDefault.xctoolchain/usr/bin/clang -x objective-c -ivfsstatcache /Users/aleks/Library/Developer/Xcode/DerivedData/SDKStatCaches.noindex/iphonesimulator18.5-22F76-d5fc8ad4295d2ef488fb7d0f804ce0c4.sdkstatcache -fmessage-length\=0 -fdiagnostics-show-note-include-stack -fmacro-backtrace-limit\=0 -fno-color-diagnostics -fmodules-prune-interval\=86400 -fmodules-prune-after\=345600 -fbuild-session-file\=/Users/aleks/Library/Developer/Xcode/DerivedData/ModuleCache.noindex/Session.modulevalidation -fmodules-validate-once-per-build-session -Wnon-modular-include-in-framework-module -Werror\=non-modular-include-in-framework-module -Wno-trigraphs -Wno-missing-field-initializers -Wno-missing-prototypes -Wno-return-type -Wno-implicit-atomic-properties -Wno-objc-interface-ivars -Wno-arc-repeated-use-of-weak -Wno-missing-braces -Wparentheses -Wswitch -Wno-unused-function -Wno-unused-label -Wno-unused-parameter -Wno-unused-variable -Wunused-value -Wno-empty-body -Wno-uninitialized -Wno-unknown-pragmas -w -Wno-shadow -Wno-four-char-constants -Wno-conversion -Wno-constant-conversion -Wno-int-conversion -Wno-bool-conversion -Wno-enum-conversion -Wno-float-conversion -Wno-non-literal-null-conversion -Wno-objc-literal-conversion -Wshorten-64-to-32 -Wpointer-sign -Wno-newline-eof -Wno-selector -Wno-strict-selector-match -Wno-undeclared-selector -Wno-deprecated-implementations -Wno-implicit-fallthrough -fstrict-aliasing -Wprotocol -Wdeprecated-declarations -Wno-sign-conversion -Wno-infinite-recursion -Wno-comma -Wno-block-capture-autoreleasing -Wno-strict-prototypes -Wno-semicolon-before-method-body -index-store-path /Users/aleks/Library/Developer/Xcode/DerivedData/PlanItApp-gkehojshtcbfvhersqwajfujohau/Index.noindex/DataStore @/Users/aleks/Library/Developer/Xcode/DerivedData/PlanItApp-gkehojshtcbfvhersqwajfujohau/Build/Intermediates.noindex/Promises.build/Debug-iphonesimulator/FBLPromises.build/Objects-normal/arm64/e6072d4f65d7061329687fe24e3d63a7-common-args.resp -include /Users/aleks/Library/Developer/Xcode/DerivedData/PlanItApp-gkehojshtcbfvhersqwajfujohau/Build/Intermediates.noindex/Promises.build/Debug-iphonesimulator/FBLPromises.build/DerivedSources/resource_bundle_accessor.h -MMD -MT dependencies -MF /Users/aleks/Library/Developer/Xcode/DerivedData/PlanItApp-gkehojshtcbfvhersqwajfujohau/Build/Intermediates.noindex/Promises.build/Debug-iphonesimulator/FBLPromises.build/Objects-normal/arm64/FBLPromise+Timeout.d --serialize-diagnostics /Users/aleks/Library/Developer/Xcode/DerivedData/PlanItApp-gkehojshtcbfvhersqwajfujohau/Build/Intermediates.noindex/Promises.build/Debug-iphonesimulator/FBLPromises.build/Objects-normal/arm64/FBLPromise+Timeout.dia -c /Users/aleks/Library/Developer/Xcode/DerivedData/PlanItApp-gkehojshtcbfvhersqwajfujohau/SourcePackages/checkouts/promises/Sources/FBLPromises/FBLPromise+Timeout.m -o /Users/aleks/Library/Developer/Xcode/DerivedData/PlanItApp-gkehojshtcbfvhersqwajfujohau/Build/Intermediates.noindex/Promises.build/Debug-iphonesimulator/FBLPromises.build/Objects-normal/arm64/FBLPromise+Timeout.o -index-unit-output-path /Promises.build/Debug-iphonesimulator/FBLPromises.build/Objects-normal/arm64/FBLPromise+Timeout.o

CompileC /Users/aleks/Library/Developer/Xcode/DerivedData/PlanItApp-gkehojshtcbfvhersqwajfujohau/Build/Intermediates.noindex/Promises.build/Debug-iphonesimulator/FBLPromises.build/Objects-normal/arm64/FBLPromise+Then.o /Users/aleks/Library/Developer/Xcode/DerivedData/PlanItApp-gkehojshtcbfvhersqwajfujohau/SourcePackages/checkouts/promises/Sources/FBLPromises/FBLPromise+Then.m normal arm64 objective-c com.apple.compilers.llvm.clang.1_0.compiler (in target 'FBLPromises' from project 'Promises')
    cd /Users/aleks/Desktop/PlanItApp/PlanItApp.xcodeproj
    
    Using response file: /Users/aleks/Library/Developer/Xcode/DerivedData/PlanItApp-gkehojshtcbfvhersqwajfujohau/Build/Intermediates.noindex/Promises.build/Debug-iphonesimulator/FBLPromises.build/Objects-normal/arm64/e6072d4f65d7061329687fe24e3d63a7-common-args.resp
    
    /Applications/Xcode.app/Contents/Developer/Toolchains/XcodeDefault.xctoolchain/usr/bin/clang -x objective-c -ivfsstatcache /Users/aleks/Library/Developer/Xcode/DerivedData/SDKStatCaches.noindex/iphonesimulator18.5-22F76-d5fc8ad4295d2ef488fb7d0f804ce0c4.sdkstatcache -fmessage-length\=0 -fdiagnostics-show-note-include-stack -fmacro-backtrace-limit\=0 -fno-color-diagnostics -fmodules-prune-interval\=86400 -fmodules-prune-after\=345600 -fbuild-session-file\=/Users/aleks/Library/Developer/Xcode/DerivedData/ModuleCache.noindex/Session.modulevalidation -fmodules-validate-once-per-build-session -Wnon-modular-include-in-framework-module -Werror\=non-modular-include-in-framework-module -Wno-trigraphs -Wno-missing-field-initializers -Wno-missing-prototypes -Wno-return-type -Wno-implicit-atomic-properties -Wno-objc-interface-ivars -Wno-arc-repeated-use-of-weak -Wno-missing-braces -Wparentheses -Wswitch -Wno-unused-function -Wno-unused-label -Wno-unused-parameter -Wno-unused-variable -Wunused-value -Wno-empty-body -Wno-uninitialized -Wno-unknown-pragmas -w -Wno-shadow -Wno-four-char-constants -Wno-conversion -Wno-constant-conversion -Wno-int-conversion -Wno-bool-conversion -Wno-enum-conversion -Wno-float-conversion -Wno-non-literal-null-conversion -Wno-objc-literal-conversion -Wshorten-64-to-32 -Wpointer-sign -Wno-newline-eof -Wno-selector -Wno-strict-selector-match -Wno-undeclared-selector -Wno-deprecated-implementations -Wno-implicit-fallthrough -fstrict-aliasing -Wprotocol -Wdeprecated-declarations -Wno-sign-conversion -Wno-infinite-recursion -Wno-comma -Wno-block-capture-autoreleasing -Wno-strict-prototypes -Wno-semicolon-before-method-body -index-store-path /Users/aleks/Library/Developer/Xcode/DerivedData/PlanItApp-gkehojshtcbfvhersqwajfujohau/Index.noindex/DataStore @/Users/aleks/Library/Developer/Xcode/DerivedData/PlanItApp-gkehojshtcbfvhersqwajfujohau/Build/Intermediates.noindex/Promises.build/Debug-iphonesimulator/FBLPromises.build/Objects-normal/arm64/e6072d4f65d7061329687fe24e3d63a7-common-args.resp -include /Users/aleks/Library/Developer/Xcode/DerivedData/PlanItApp-gkehojshtcbfvhersqwajfujohau/Build/Intermediates.noindex/Promises.build/Debug-iphonesimulator/FBLPromises.build/DerivedSources/resource_bundle_accessor.h -MMD -MT dependencies -MF /Users/aleks/Library/Developer/Xcode/DerivedData/PlanItApp-gkehojshtcbfvhersqwajfujohau/Build/Intermediates.noindex/Promises.build/Debug-iphonesimulator/FBLPromises.build/Objects-normal/arm64/FBLPromise+Then.d --serialize-diagnostics /Users/aleks/Library/Developer/Xcode/DerivedData/PlanItApp-gkehojshtcbfvhersqwajfujohau/Build/Intermediates.noindex/Promises.build/Debug-iphonesimulator/FBLPromises.build/Objects-normal/arm64/FBLPromise+Then.dia -c /Users/aleks/Library/Developer/Xcode/DerivedData/PlanItApp-gkehojshtcbfvhersqwajfujohau/SourcePackages/checkouts/promises/Sources/FBLPromises/FBLPromise+Then.m -o /Users/aleks/Library/Developer/Xcode/DerivedData/PlanItApp-gkehojshtcbfvhersqwajfujohau/Build/Intermediates.noindex/Promises.build/Debug-iphonesimulator/FBLPromises.build/Objects-normal/arm64/FBLPromise+Then.o -index-unit-output-path /Promises.build/Debug-iphonesimulator/FBLPromises.build/Objects-normal/arm64/FBLPromise+Then.o

CompileC /Users/aleks/Library/Developer/Xcode/DerivedData/PlanItApp-gkehojshtcbfvhersqwajfujohau/Build/Intermediates.noindex/Promises.build/Debug-iphonesimulator/FBLPromises.build/Objects-normal/arm64/FBLPromise+Testing.o /Users/aleks/Library/Developer/Xcode/DerivedData/PlanItApp-gkehojshtcbfvhersqwajfujohau/SourcePackages/checkouts/promises/Sources/FBLPromises/FBLPromise+Testing.m normal arm64 objective-c com.apple.compilers.llvm.clang.1_0.compiler (in target 'FBLPromises' from project 'Promises')
    cd /Users/aleks/Desktop/PlanItApp/PlanItApp.xcodeproj
    
    Using response file: /Users/aleks/Library/Developer/Xcode/DerivedData/PlanItApp-gkehojshtcbfvhersqwajfujohau/Build/Intermediates.noindex/Promises.build/Debug-iphonesimulator/FBLPromises.build/Objects-normal/arm64/e6072d4f65d7061329687fe24e3d63a7-common-args.resp
    
    /Applications/Xcode.app/Contents/Developer/Toolchains/XcodeDefault.xctoolchain/usr/bin/clang -x objective-c -ivfsstatcache /Users/aleks/Library/Developer/Xcode/DerivedData/SDKStatCaches.noindex/iphonesimulator18.5-22F76-d5fc8ad4295d2ef488fb7d0f804ce0c4.sdkstatcache -fmessage-length\=0 -fdiagnostics-show-note-include-stack -fmacro-backtrace-limit\=0 -fno-color-diagnostics -fmodules-prune-interval\=86400 -fmodules-prune-after\=345600 -fbuild-session-file\=/Users/aleks/Library/Developer/Xcode/DerivedData/ModuleCache.noindex/Session.modulevalidation -fmodules-validate-once-per-build-session -Wnon-modular-include-in-framework-module -Werror\=non-modular-include-in-framework-module -Wno-trigraphs -Wno-missing-field-initializers -Wno-missing-prototypes -Wno-return-type -Wno-implicit-atomic-properties -Wno-objc-interface-ivars -Wno-arc-repeated-use-of-weak -Wno-missing-braces -Wparentheses -Wswitch -Wno-unused-function -Wno-unused-label -Wno-unused-parameter -Wno-unused-variable -Wunused-value -Wno-empty-body -Wno-uninitialized -Wno-unknown-pragmas -w -Wno-shadow -Wno-four-char-constants -Wno-conversion -Wno-constant-conversion -Wno-int-conversion -Wno-bool-conversion -Wno-enum-conversion -Wno-float-conversion -Wno-non-literal-null-conversion -Wno-objc-literal-conversion -Wshorten-64-to-32 -Wpointer-sign -Wno-newline-eof -Wno-selector -Wno-strict-selector-match -Wno-undeclared-selector -Wno-deprecated-implementations -Wno-implicit-fallthrough -fstrict-aliasing -Wprotocol -Wdeprecated-declarations -Wno-sign-conversion -Wno-infinite-recursion -Wno-comma -Wno-block-capture-autoreleasing -Wno-strict-prototypes -Wno-semicolon-before-method-body -index-store-path /Users/aleks/Library/Developer/Xcode/DerivedData/PlanItApp-gkehojshtcbfvhersqwajfujohau/Index.noindex/DataStore @/Users/aleks/Library/Developer/Xcode/DerivedData/PlanItApp-gkehojshtcbfvhersqwajfujohau/Build/Intermediates.noindex/Promises.build/Debug-iphonesimulator/FBLPromises.build/Objects-normal/arm64/e6072d4f65d7061329687fe24e3d63a7-common-args.resp -include /Users/aleks/Library/Developer/Xcode/DerivedData/PlanItApp-gkehojshtcbfvhersqwajfujohau/Build/Intermediates.noindex/Promises.build/Debug-iphonesimulator/FBLPromises.build/DerivedSources/resource_bundle_accessor.h -MMD -MT dependencies -MF /Users/aleks/Library/Developer/Xcode/DerivedData/PlanItApp-gkehojshtcbfvhersqwajfujohau/Build/Intermediates.noindex/Promises.build/Debug-iphonesimulator/FBLPromises.build/Objects-normal/arm64/FBLPromise+Testing.d --serialize-diagnostics /Users/aleks/Library/Developer/Xcode/DerivedData/PlanItApp-gkehojshtcbfvhersqwajfujohau/Build/Intermediates.noindex/Promises.build/Debug-iphonesimulator/FBLPromises.build/Objects-normal/arm64/FBLPromise+Testing.dia -c /Users/aleks/Library/Developer/Xcode/DerivedData/PlanItApp-gkehojshtcbfvhersqwajfujohau/SourcePackages/checkouts/promises/Sources/FBLPromises/FBLPromise+Testing.m -o /Users/aleks/Library/Developer/Xcode/DerivedData/PlanItApp-gkehojshtcbfvhersqwajfujohau/Build/Intermediates.noindex/Promises.build/Debug-iphonesimulator/FBLPromises.build/Objects-normal/arm64/FBLPromise+Testing.o -index-unit-output-path /Promises.build/Debug-iphonesimulator/FBLPromises.build/Objects-normal/arm64/FBLPromise+Testing.o

CompileC /Users/aleks/Library/Developer/Xcode/DerivedData/PlanItApp-gkehojshtcbfvhersqwajfujohau/Build/Intermediates.noindex/Promises.build/Debug-iphonesimulator/FBLPromises.build/Objects-normal/arm64/FBLPromise+Retry.o /Users/aleks/Library/Developer/Xcode/DerivedData/PlanItApp-gkehojshtcbfvhersqwajfujohau/SourcePackages/checkouts/promises/Sources/FBLPromises/FBLPromise+Retry.m normal arm64 objective-c com.apple.compilers.llvm.clang.1_0.compiler (in target 'FBLPromises' from project 'Promises')
    cd /Users/aleks/Desktop/PlanItApp/PlanItApp.xcodeproj
    
    Using response file: /Users/aleks/Library/Developer/Xcode/DerivedData/PlanItApp-gkehojshtcbfvhersqwajfujohau/Build/Intermediates.noindex/Promises.build/Debug-iphonesimulator/FBLPromises.build/Objects-normal/arm64/e6072d4f65d7061329687fe24e3d63a7-common-args.resp
    
    /Applications/Xcode.app/Contents/Developer/Toolchains/XcodeDefault.xctoolchain/usr/bin/clang -x objective-c -ivfsstatcache /Users/aleks/Library/Developer/Xcode/DerivedData/SDKStatCaches.noindex/iphonesimulator18.5-22F76-d5fc8ad4295d2ef488fb7d0f804ce0c4.sdkstatcache -fmessage-length\=0 -fdiagnostics-show-note-include-stack -fmacro-backtrace-limit\=0 -fno-color-diagnostics -fmodules-prune-interval\=86400 -fmodules-prune-after\=345600 -fbuild-session-file\=/Users/aleks/Library/Developer/Xcode/DerivedData/ModuleCache.noindex/Session.modulevalidation -fmodules-validate-once-per-build-session -Wnon-modular-include-in-framework-module -Werror\=non-modular-include-in-framework-module -Wno-trigraphs -Wno-missing-field-initializers -Wno-missing-prototypes -Wno-return-type -Wno-implicit-atomic-properties -Wno-objc-interface-ivars -Wno-arc-repeated-use-of-weak -Wno-missing-braces -Wparentheses -Wswitch -Wno-unused-function -Wno-unused-label -Wno-unused-parameter -Wno-unused-variable -Wunused-value -Wno-empty-body -Wno-uninitialized -Wno-unknown-pragmas -w -Wno-shadow -Wno-four-char-constants -Wno-conversion -Wno-constant-conversion -Wno-int-conversion -Wno-bool-conversion -Wno-enum-conversion -Wno-float-conversion -Wno-non-literal-null-conversion -Wno-objc-literal-conversion -Wshorten-64-to-32 -Wpointer-sign -Wno-newline-eof -Wno-selector -Wno-strict-selector-match -Wno-undeclared-selector -Wno-deprecated-implementations -Wno-implicit-fallthrough -fstrict-aliasing -Wprotocol -Wdeprecated-declarations -Wno-sign-conversion -Wno-infinite-recursion -Wno-comma -Wno-block-capture-autoreleasing -Wno-strict-prototypes -Wno-semicolon-before-method-body -index-store-path /Users/aleks/Library/Developer/Xcode/DerivedData/PlanItApp-gkehojshtcbfvhersqwajfujohau/Index.noindex/DataStore @/Users/aleks/Library/Developer/Xcode/DerivedData/PlanItApp-gkehojshtcbfvhersqwajfujohau/Build/Intermediates.noindex/Promises.build/Debug-iphonesimulator/FBLPromises.build/Objects-normal/arm64/e6072d4f65d7061329687fe24e3d63a7-common-args.resp -include /Users/aleks/Library/Developer/Xcode/DerivedData/PlanItApp-gkehojshtcbfvhersqwajfujohau/Build/Intermediates.noindex/Promises.build/Debug-iphonesimulator/FBLPromises.build/DerivedSources/resource_bundle_accessor.h -MMD -MT dependencies -MF /Users/aleks/Library/Developer/Xcode/DerivedData/PlanItApp-gkehojshtcbfvhersqwajfujohau/Build/Intermediates.noindex/Promises.build/Debug-iphonesimulator/FBLPromises.build/Objects-normal/arm64/FBLPromise+Retry.d --serialize-diagnostics /Users/aleks/Library/Developer/Xcode/DerivedData/PlanItApp-gkehojshtcbfvhersqwajfujohau/Build/Intermediates.noindex/Promises.build/Debug-iphonesimulator/FBLPromises.build/Objects-normal/arm64/FBLPromise+Retry.dia -c /Users/aleks/Library/Developer/Xcode/DerivedData/PlanItApp-gkehojshtcbfvhersqwajfujohau/SourcePackages/checkouts/promises/Sources/FBLPromises/FBLPromise+Retry.m -o /Users/aleks/Library/Developer/Xcode/DerivedData/PlanItApp-gkehojshtcbfvhersqwajfujohau/Build/Intermediates.noindex/Promises.build/Debug-iphonesimulator/FBLPromises.build/Objects-normal/arm64/FBLPromise+Retry.o -index-unit-output-path /Promises.build/Debug-iphonesimulator/FBLPromises.build/Objects-normal/arm64/FBLPromise+Retry.o

CompileC /Users/aleks/Library/Developer/Xcode/DerivedData/PlanItApp-gkehojshtcbfvhersqwajfujohau/Build/Intermediates.noindex/Promises.build/Debug-iphonesimulator/FBLPromises.build/Objects-normal/arm64/FBLPromise+Reduce.o /Users/aleks/Library/Developer/Xcode/DerivedData/PlanItApp-gkehojshtcbfvhersqwajfujohau/SourcePackages/checkouts/promises/Sources/FBLPromises/FBLPromise+Reduce.m normal arm64 objective-c com.apple.compilers.llvm.clang.1_0.compiler (in target 'FBLPromises' from project 'Promises')
    cd /Users/aleks/Desktop/PlanItApp/PlanItApp.xcodeproj
    
    Using response file: /Users/aleks/Library/Developer/Xcode/DerivedData/PlanItApp-gkehojshtcbfvhersqwajfujohau/Build/Intermediates.noindex/Promises.build/Debug-iphonesimulator/FBLPromises.build/Objects-normal/arm64/e6072d4f65d7061329687fe24e3d63a7-common-args.resp
    
    /Applications/Xcode.app/Contents/Developer/Toolchains/XcodeDefault.xctoolchain/usr/bin/clang -x objective-c -ivfsstatcache /Users/aleks/Library/Developer/Xcode/DerivedData/SDKStatCaches.noindex/iphonesimulator18.5-22F76-d5fc8ad4295d2ef488fb7d0f804ce0c4.sdkstatcache -fmessage-length\=0 -fdiagnostics-show-note-include-stack -fmacro-backtrace-limit\=0 -fno-color-diagnostics -fmodules-prune-interval\=86400 -fmodules-prune-after\=345600 -fbuild-session-file\=/Users/aleks/Library/Developer/Xcode/DerivedData/ModuleCache.noindex/Session.modulevalidation -fmodules-validate-once-per-build-session -Wnon-modular-include-in-framework-module -Werror\=non-modular-include-in-framework-module -Wno-trigraphs -Wno-missing-field-initializers -Wno-missing-prototypes -Wno-return-type -Wno-implicit-atomic-properties -Wno-objc-interface-ivars -Wno-arc-repeated-use-of-weak -Wno-missing-braces -Wparentheses -Wswitch -Wno-unused-function -Wno-unused-label -Wno-unused-parameter -Wno-unused-variable -Wunused-value -Wno-empty-body -Wno-uninitialized -Wno-unknown-pragmas -w -Wno-shadow -Wno-four-char-constants -Wno-conversion -Wno-constant-conversion -Wno-int-conversion -Wno-bool-conversion -Wno-enum-conversion -Wno-float-conversion -Wno-non-literal-null-conversion -Wno-objc-literal-conversion -Wshorten-64-to-32 -Wpointer-sign -Wno-newline-eof -Wno-selector -Wno-strict-selector-match -Wno-undeclared-selector -Wno-deprecated-implementations -Wno-implicit-fallthrough -fstrict-aliasing -Wprotocol -Wdeprecated-declarations -Wno-sign-conversion -Wno-infinite-recursion -Wno-comma -Wno-block-capture-autoreleasing -Wno-strict-prototypes -Wno-semicolon-before-method-body -index-store-path /Users/aleks/Library/Developer/Xcode/DerivedData/PlanItApp-gkehojshtcbfvhersqwajfujohau/Index.noindex/DataStore @/Users/aleks/Library/Developer/Xcode/DerivedData/PlanItApp-gkehojshtcbfvhersqwajfujohau/Build/Intermediates.noindex/Promises.build/Debug-iphonesimulator/FBLPromises.build/Objects-normal/arm64/e6072d4f65d7061329687fe24e3d63a7-common-args.resp -include /Users/aleks/Library/Developer/Xcode/DerivedData/PlanItApp-gkehojshtcbfvhersqwajfujohau/Build/Intermediates.noindex/Promises.build/Debug-iphonesimulator/FBLPromises.build/DerivedSources/resource_bundle_accessor.h -MMD -MT dependencies -MF /Users/aleks/Library/Developer/Xcode/DerivedData/PlanItApp-gkehojshtcbfvhersqwajfujohau/Build/Intermediates.noindex/Promises.build/Debug-iphonesimulator/FBLPromises.build/Objects-normal/arm64/FBLPromise+Reduce.d --serialize-diagnostics /Users/aleks/Library/Developer/Xcode/DerivedData/PlanItApp-gkehojshtcbfvhersqwajfujohau/Build/Intermediates.noindex/Promises.build/Debug-iphonesimulator/FBLPromises.build/Objects-normal/arm64/FBLPromise+Reduce.dia -c /Users/aleks/Library/Developer/Xcode/DerivedData/PlanItApp-gkehojshtcbfvhersqwajfujohau/SourcePackages/checkouts/promises/Sources/FBLPromises/FBLPromise+Reduce.m -o /Users/aleks/Library/Developer/Xcode/DerivedData/PlanItApp-gkehojshtcbfvhersqwajfujohau/Build/Intermediates.noindex/Promises.build/Debug-iphonesimulator/FBLPromises.build/Objects-normal/arm64/FBLPromise+Reduce.o -index-unit-output-path /Promises.build/Debug-iphonesimulator/FBLPromises.build/Objects-normal/arm64/FBLPromise+Reduce.o

CompileC /Users/aleks/Library/Developer/Xcode/DerivedData/PlanItApp-gkehojshtcbfvhersqwajfujohau/Build/Intermediates.noindex/Promises.build/Debug-iphonesimulator/FBLPromises.build/Objects-normal/arm64/FBLPromise+Recover.o /Users/aleks/Library/Developer/Xcode/DerivedData/PlanItApp-gkehojshtcbfvhersqwajfujohau/SourcePackages/checkouts/promises/Sources/FBLPromises/FBLPromise+Recover.m normal arm64 objective-c com.apple.compilers.llvm.clang.1_0.compiler (in target 'FBLPromises' from project 'Promises')
    cd /Users/aleks/Desktop/PlanItApp/PlanItApp.xcodeproj
    
    Using response file: /Users/aleks/Library/Developer/Xcode/DerivedData/PlanItApp-gkehojshtcbfvhersqwajfujohau/Build/Intermediates.noindex/Promises.build/Debug-iphonesimulator/FBLPromises.build/Objects-normal/arm64/e6072d4f65d7061329687fe24e3d63a7-common-args.resp
    
    /Applications/Xcode.app/Contents/Developer/Toolchains/XcodeDefault.xctoolchain/usr/bin/clang -x objective-c -ivfsstatcache /Users/aleks/Library/Developer/Xcode/DerivedData/SDKStatCaches.noindex/iphonesimulator18.5-22F76-d5fc8ad4295d2ef488fb7d0f804ce0c4.sdkstatcache -fmessage-length\=0 -fdiagnostics-show-note-include-stack -fmacro-backtrace-limit\=0 -fno-color-diagnostics -fmodules-prune-interval\=86400 -fmodules-prune-after\=345600 -fbuild-session-file\=/Users/aleks/Library/Developer/Xcode/DerivedData/ModuleCache.noindex/Session.modulevalidation -fmodules-validate-once-per-build-session -Wnon-modular-include-in-framework-module -Werror\=non-modular-include-in-framework-module -Wno-trigraphs -Wno-missing-field-initializers -Wno-missing-prototypes -Wno-return-type -Wno-implicit-atomic-properties -Wno-objc-interface-ivars -Wno-arc-repeated-use-of-weak -Wno-missing-braces -Wparentheses -Wswitch -Wno-unused-function -Wno-unused-label -Wno-unused-parameter -Wno-unused-variable -Wunused-value -Wno-empty-body -Wno-uninitialized -Wno-unknown-pragmas -w -Wno-shadow -Wno-four-char-constants -Wno-conversion -Wno-constant-conversion -Wno-int-conversion -Wno-bool-conversion -Wno-enum-conversion -Wno-float-conversion -Wno-non-literal-null-conversion -Wno-objc-literal-conversion -Wshorten-64-to-32 -Wpointer-sign -Wno-newline-eof -Wno-selector -Wno-strict-selector-match -Wno-undeclared-selector -Wno-deprecated-implementations -Wno-implicit-fallthrough -fstrict-aliasing -Wprotocol -Wdeprecated-declarations -Wno-sign-conversion -Wno-infinite-recursion -Wno-comma -Wno-block-capture-autoreleasing -Wno-strict-prototypes -Wno-semicolon-before-method-body -index-store-path /Users/aleks/Library/Developer/Xcode/DerivedData/PlanItApp-gkehojshtcbfvhersqwajfujohau/Index.noindex/DataStore @/Users/aleks/Library/Developer/Xcode/DerivedData/PlanItApp-gkehojshtcbfvhersqwajfujohau/Build/Intermediates.noindex/Promises.build/Debug-iphonesimulator/FBLPromises.build/Objects-normal/arm64/e6072d4f65d7061329687fe24e3d63a7-common-args.resp -include /Users/aleks/Library/Developer/Xcode/DerivedData/PlanItApp-gkehojshtcbfvhersqwajfujohau/Build/Intermediates.noindex/Promises.build/Debug-iphonesimulator/FBLPromises.build/DerivedSources/resource_bundle_accessor.h -MMD -MT dependencies -MF /Users/aleks/Library/Developer/Xcode/DerivedData/PlanItApp-gkehojshtcbfvhersqwajfujohau/Build/Intermediates.noindex/Promises.build/Debug-iphonesimulator/FBLPromises.build/Objects-normal/arm64/FBLPromise+Recover.d --serialize-diagnostics /Users/aleks/Library/Developer/Xcode/DerivedData/PlanItApp-gkehojshtcbfvhersqwajfujohau/Build/Intermediates.noindex/Promises.build/Debug-iphonesimulator/FBLPromises.build/Objects-normal/arm64/FBLPromise+Recover.dia -c /Users/aleks/Library/Developer/Xcode/DerivedData/PlanItApp-gkehojshtcbfvhersqwajfujohau/SourcePackages/checkouts/promises/Sources/FBLPromises/FBLPromise+Recover.m -o /Users/aleks/Library/Developer/Xcode/DerivedData/PlanItApp-gkehojshtcbfvhersqwajfujohau/Build/Intermediates.noindex/Promises.build/Debug-iphonesimulator/FBLPromises.build/Objects-normal/arm64/FBLPromise+Recover.o -index-unit-output-path /Promises.build/Debug-iphonesimulator/FBLPromises.build/Objects-normal/arm64/FBLPromise+Recover.o

CompileC /Users/aleks/Library/Developer/Xcode/DerivedData/PlanItApp-gkehojshtcbfvhersqwajfujohau/Build/Intermediates.noindex/Promises.build/Debug-iphonesimulator/FBLPromises.build/Objects-normal/arm64/FBLPromise+Race.o /Users/aleks/Library/Developer/Xcode/DerivedData/PlanItApp-gkehojshtcbfvhersqwajfujohau/SourcePackages/checkouts/promises/Sources/FBLPromises/FBLPromise+Race.m normal arm64 objective-c com.apple.compilers.llvm.clang.1_0.compiler (in target 'FBLPromises' from project 'Promises')
    cd /Users/aleks/Desktop/PlanItApp/PlanItApp.xcodeproj
    
    Using response file: /Users/aleks/Library/Developer/Xcode/DerivedData/PlanItApp-gkehojshtcbfvhersqwajfujohau/Build/Intermediates.noindex/Promises.build/Debug-iphonesimulator/FBLPromises.build/Objects-normal/arm64/e6072d4f65d7061329687fe24e3d63a7-common-args.resp
    
    /Applications/Xcode.app/Contents/Developer/Toolchains/XcodeDefault.xctoolchain/usr/bin/clang -x objective-c -ivfsstatcache /Users/aleks/Library/Developer/Xcode/DerivedData/SDKStatCaches.noindex/iphonesimulator18.5-22F76-d5fc8ad4295d2ef488fb7d0f804ce0c4.sdkstatcache -fmessage-length\=0 -fdiagnostics-show-note-include-stack -fmacro-backtrace-limit\=0 -fno-color-diagnostics -fmodules-prune-interval\=86400 -fmodules-prune-after\=345600 -fbuild-session-file\=/Users/aleks/Library/Developer/Xcode/DerivedData/ModuleCache.noindex/Session.modulevalidation -fmodules-validate-once-per-build-session -Wnon-modular-include-in-framework-module -Werror\=non-modular-include-in-framework-module -Wno-trigraphs -Wno-missing-field-initializers -Wno-missing-prototypes -Wno-return-type -Wno-implicit-atomic-properties -Wno-objc-interface-ivars -Wno-arc-repeated-use-of-weak -Wno-missing-braces -Wparentheses -Wswitch -Wno-unused-function -Wno-unused-label -Wno-unused-parameter -Wno-unused-variable -Wunused-value -Wno-empty-body -Wno-uninitialized -Wno-unknown-pragmas -w -Wno-shadow -Wno-four-char-constants -Wno-conversion -Wno-constant-conversion -Wno-int-conversion -Wno-bool-conversion -Wno-enum-conversion -Wno-float-conversion -Wno-non-literal-null-conversion -Wno-objc-literal-conversion -Wshorten-64-to-32 -Wpointer-sign -Wno-newline-eof -Wno-selector -Wno-strict-selector-match -Wno-undeclared-selector -Wno-deprecated-implementations -Wno-implicit-fallthrough -fstrict-aliasing -Wprotocol -Wdeprecated-declarations -Wno-sign-conversion -Wno-infinite-recursion -Wno-comma -Wno-block-capture-autoreleasing -Wno-strict-prototypes -Wno-semicolon-before-method-body -index-store-path /Users/aleks/Library/Developer/Xcode/DerivedData/PlanItApp-gkehojshtcbfvhersqwajfujohau/Index.noindex/DataStore @/Users/aleks/Library/Developer/Xcode/DerivedData/PlanItApp-gkehojshtcbfvhersqwajfujohau/Build/Intermediates.noindex/Promises.build/Debug-iphonesimulator/FBLPromises.build/Objects-normal/arm64/e6072d4f65d7061329687fe24e3d63a7-common-args.resp -include /Users/aleks/Library/Developer/Xcode/DerivedData/PlanItApp-gkehojshtcbfvhersqwajfujohau/Build/Intermediates.noindex/Promises.build/Debug-iphonesimulator/FBLPromises.build/DerivedSources/resource_bundle_accessor.h -MMD -MT dependencies -MF /Users/aleks/Library/Developer/Xcode/DerivedData/PlanItApp-gkehojshtcbfvhersqwajfujohau/Build/Intermediates.noindex/Promises.build/Debug-iphonesimulator/FBLPromises.build/Objects-normal/arm64/FBLPromise+Race.d --serialize-diagnostics /Users/aleks/Library/Developer/Xcode/DerivedData/PlanItApp-gkehojshtcbfvhersqwajfujohau/Build/Intermediates.noindex/Promises.build/Debug-iphonesimulator/FBLPromises.build/Objects-normal/arm64/FBLPromise+Race.dia -c /Users/aleks/Library/Developer/Xcode/DerivedData/PlanItApp-gkehojshtcbfvhersqwajfujohau/SourcePackages/checkouts/promises/Sources/FBLPromises/FBLPromise+Race.m -o /Users/aleks/Library/Developer/Xcode/DerivedData/PlanItApp-gkehojshtcbfvhersqwajfujohau/Build/Intermediates.noindex/Promises.build/Debug-iphonesimulator/FBLPromises.build/Objects-normal/arm64/FBLPromise+Race.o -index-unit-output-path /Promises.build/Debug-iphonesimulator/FBLPromises.build/Objects-normal/arm64/FBLPromise+Race.o

CompileC /Users/aleks/Library/Developer/Xcode/DerivedData/PlanItApp-gkehojshtcbfvhersqwajfujohau/Build/Intermediates.noindex/Promises.build/Debug-iphonesimulator/FBLPromises.build/Objects-normal/arm64/FBLPromise+Do.o /Users/aleks/Library/Developer/Xcode/DerivedData/PlanItApp-gkehojshtcbfvhersqwajfujohau/SourcePackages/checkouts/promises/Sources/FBLPromises/FBLPromise+Do.m normal arm64 objective-c com.apple.compilers.llvm.clang.1_0.compiler (in target 'FBLPromises' from project 'Promises')
    cd /Users/aleks/Desktop/PlanItApp/PlanItApp.xcodeproj
    
    Using response file: /Users/aleks/Library/Developer/Xcode/DerivedData/PlanItApp-gkehojshtcbfvhersqwajfujohau/Build/Intermediates.noindex/Promises.build/Debug-iphonesimulator/FBLPromises.build/Objects-normal/arm64/e6072d4f65d7061329687fe24e3d63a7-common-args.resp
    
    /Applications/Xcode.app/Contents/Developer/Toolchains/XcodeDefault.xctoolchain/usr/bin/clang -x objective-c -ivfsstatcache /Users/aleks/Library/Developer/Xcode/DerivedData/SDKStatCaches.noindex/iphonesimulator18.5-22F76-d5fc8ad4295d2ef488fb7d0f804ce0c4.sdkstatcache -fmessage-length\=0 -fdiagnostics-show-note-include-stack -fmacro-backtrace-limit\=0 -fno-color-diagnostics -fmodules-prune-interval\=86400 -fmodules-prune-after\=345600 -fbuild-session-file\=/Users/aleks/Library/Developer/Xcode/DerivedData/ModuleCache.noindex/Session.modulevalidation -fmodules-validate-once-per-build-session -Wnon-modular-include-in-framework-module -Werror\=non-modular-include-in-framework-module -Wno-trigraphs -Wno-missing-field-initializers -Wno-missing-prototypes -Wno-return-type -Wno-implicit-atomic-properties -Wno-objc-interface-ivars -Wno-arc-repeated-use-of-weak -Wno-missing-braces -Wparentheses -Wswitch -Wno-unused-function -Wno-unused-label -Wno-unused-parameter -Wno-unused-variable -Wunused-value -Wno-empty-body -Wno-uninitialized -Wno-unknown-pragmas -w -Wno-shadow -Wno-four-char-constants -Wno-conversion -Wno-constant-conversion -Wno-int-conversion -Wno-bool-conversion -Wno-enum-conversion -Wno-float-conversion -Wno-non-literal-null-conversion -Wno-objc-literal-conversion -Wshorten-64-to-32 -Wpointer-sign -Wno-newline-eof -Wno-selector -Wno-strict-selector-match -Wno-undeclared-selector -Wno-deprecated-implementations -Wno-implicit-fallthrough -fstrict-aliasing -Wprotocol -Wdeprecated-declarations -Wno-sign-conversion -Wno-infinite-recursion -Wno-comma -Wno-block-capture-autoreleasing -Wno-strict-prototypes -Wno-semicolon-before-method-body -index-store-path /Users/aleks/Library/Developer/Xcode/DerivedData/PlanItApp-gkehojshtcbfvhersqwajfujohau/Index.noindex/DataStore @/Users/aleks/Library/Developer/Xcode/DerivedData/PlanItApp-gkehojshtcbfvhersqwajfujohau/Build/Intermediates.noindex/Promises.build/Debug-iphonesimulator/FBLPromises.build/Objects-normal/arm64/e6072d4f65d7061329687fe24e3d63a7-common-args.resp -include /Users/aleks/Library/Developer/Xcode/DerivedData/PlanItApp-gkehojshtcbfvhersqwajfujohau/Build/Intermediates.noindex/Promises.build/Debug-iphonesimulator/FBLPromises.build/DerivedSources/resource_bundle_accessor.h -MMD -MT dependencies -MF /Users/aleks/Library/Developer/Xcode/DerivedData/PlanItApp-gkehojshtcbfvhersqwajfujohau/Build/Intermediates.noindex/Promises.build/Debug-iphonesimulator/FBLPromises.build/Objects-normal/arm64/FBLPromise+Do.d --serialize-diagnostics /Users/aleks/Library/Developer/Xcode/DerivedData/PlanItApp-gkehojshtcbfvhersqwajfujohau/Build/Intermediates.noindex/Promises.build/Debug-iphonesimulator/FBLPromises.build/Objects-normal/arm64/FBLPromise+Do.dia -c /Users/aleks/Library/Developer/Xcode/DerivedData/PlanItApp-gkehojshtcbfvhersqwajfujohau/SourcePackages/checkouts/promises/Sources/FBLPromises/FBLPromise+Do.m -o /Users/aleks/Library/Developer/Xcode/DerivedData/PlanItApp-gkehojshtcbfvhersqwajfujohau/Build/Intermediates.noindex/Promises.build/Debug-iphonesimulator/FBLPromises.build/Objects-normal/arm64/FBLPromise+Do.o -index-unit-output-path /Promises.build/Debug-iphonesimulator/FBLPromises.build/Objects-normal/arm64/FBLPromise+Do.o

CompileC /Users/aleks/Library/Developer/Xcode/DerivedData/PlanItApp-gkehojshtcbfvhersqwajfujohau/Build/Intermediates.noindex/Promises.build/Debug-iphonesimulator/FBLPromises.build/Objects-normal/arm64/FBLPromise+Delay.o /Users/aleks/Library/Developer/Xcode/DerivedData/PlanItApp-gkehojshtcbfvhersqwajfujohau/SourcePackages/checkouts/promises/Sources/FBLPromises/FBLPromise+Delay.m normal arm64 objective-c com.apple.compilers.llvm.clang.1_0.compiler (in target 'FBLPromises' from project 'Promises')
    cd /Users/aleks/Desktop/PlanItApp/PlanItApp.xcodeproj
    
    Using response file: /Users/aleks/Library/Developer/Xcode/DerivedData/PlanItApp-gkehojshtcbfvhersqwajfujohau/Build/Intermediates.noindex/Promises.build/Debug-iphonesimulator/FBLPromises.build/Objects-normal/arm64/e6072d4f65d7061329687fe24e3d63a7-common-args.resp
    
    /Applications/Xcode.app/Contents/Developer/Toolchains/XcodeDefault.xctoolchain/usr/bin/clang -x objective-c -ivfsstatcache /Users/aleks/Library/Developer/Xcode/DerivedData/SDKStatCaches.noindex/iphonesimulator18.5-22F76-d5fc8ad4295d2ef488fb7d0f804ce0c4.sdkstatcache -fmessage-length\=0 -fdiagnostics-show-note-include-stack -fmacro-backtrace-limit\=0 -fno-color-diagnostics -fmodules-prune-interval\=86400 -fmodules-prune-after\=345600 -fbuild-session-file\=/Users/aleks/Library/Developer/Xcode/DerivedData/ModuleCache.noindex/Session.modulevalidation -fmodules-validate-once-per-build-session -Wnon-modular-include-in-framework-module -Werror\=non-modular-include-in-framework-module -Wno-trigraphs -Wno-missing-field-initializers -Wno-missing-prototypes -Wno-return-type -Wno-implicit-atomic-properties -Wno-objc-interface-ivars -Wno-arc-repeated-use-of-weak -Wno-missing-braces -Wparentheses -Wswitch -Wno-unused-function -Wno-unused-label -Wno-unused-parameter -Wno-unused-variable -Wunused-value -Wno-empty-body -Wno-uninitialized -Wno-unknown-pragmas -w -Wno-shadow -Wno-four-char-constants -Wno-conversion -Wno-constant-conversion -Wno-int-conversion -Wno-bool-conversion -Wno-enum-conversion -Wno-float-conversion -Wno-non-literal-null-conversion -Wno-objc-literal-conversion -Wshorten-64-to-32 -Wpointer-sign -Wno-newline-eof -Wno-selector -Wno-strict-selector-match -Wno-undeclared-selector -Wno-deprecated-implementations -Wno-implicit-fallthrough -fstrict-aliasing -Wprotocol -Wdeprecated-declarations -Wno-sign-conversion -Wno-infinite-recursion -Wno-comma -Wno-block-capture-autoreleasing -Wno-strict-prototypes -Wno-semicolon-before-method-body -index-store-path /Users/aleks/Library/Developer/Xcode/DerivedData/PlanItApp-gkehojshtcbfvhersqwajfujohau/Index.noindex/DataStore @/Users/aleks/Library/Developer/Xcode/DerivedData/PlanItApp-gkehojshtcbfvhersqwajfujohau/Build/Intermediates.noindex/Promises.build/Debug-iphonesimulator/FBLPromises.build/Objects-normal/arm64/e6072d4f65d7061329687fe24e3d63a7-common-args.resp -include /Users/aleks/Library/Developer/Xcode/DerivedData/PlanItApp-gkehojshtcbfvhersqwajfujohau/Build/Intermediates.noindex/Promises.build/Debug-iphonesimulator/FBLPromises.build/DerivedSources/resource_bundle_accessor.h -MMD -MT dependencies -MF /Users/aleks/Library/Developer/Xcode/DerivedData/PlanItApp-gkehojshtcbfvhersqwajfujohau/Build/Intermediates.noindex/Promises.build/Debug-iphonesimulator/FBLPromises.build/Objects-normal/arm64/FBLPromise+Delay.d --serialize-diagnostics /Users/aleks/Library/Developer/Xcode/DerivedData/PlanItApp-gkehojshtcbfvhersqwajfujohau/Build/Intermediates.noindex/Promises.build/Debug-iphonesimulator/FBLPromises.build/Objects-normal/arm64/FBLPromise+Delay.dia -c /Users/aleks/Library/Developer/Xcode/DerivedData/PlanItApp-gkehojshtcbfvhersqwajfujohau/SourcePackages/checkouts/promises/Sources/FBLPromises/FBLPromise+Delay.m -o /Users/aleks/Library/Developer/Xcode/DerivedData/PlanItApp-gkehojshtcbfvhersqwajfujohau/Build/Intermediates.noindex/Promises.build/Debug-iphonesimulator/FBLPromises.build/Objects-normal/arm64/FBLPromise+Delay.o -index-unit-output-path /Promises.build/Debug-iphonesimulator/FBLPromises.build/Objects-normal/arm64/FBLPromise+Delay.o

CompileC /Users/aleks/Library/Developer/Xcode/DerivedData/PlanItApp-gkehojshtcbfvhersqwajfujohau/Build/Intermediates.noindex/Promises.build/Debug-iphonesimulator/FBLPromises.build/Objects-normal/arm64/FBLPromise+Catch.o /Users/aleks/Library/Developer/Xcode/DerivedData/PlanItApp-gkehojshtcbfvhersqwajfujohau/SourcePackages/checkouts/promises/Sources/FBLPromises/FBLPromise+Catch.m normal arm64 objective-c com.apple.compilers.llvm.clang.1_0.compiler (in target 'FBLPromises' from project 'Promises')
    cd /Users/aleks/Desktop/PlanItApp/PlanItApp.xcodeproj
    
    Using response file: /Users/aleks/Library/Developer/Xcode/DerivedData/PlanItApp-gkehojshtcbfvhersqwajfujohau/Build/Intermediates.noindex/Promises.build/Debug-iphonesimulator/FBLPromises.build/Objects-normal/arm64/e6072d4f65d7061329687fe24e3d63a7-common-args.resp
    
    /Applications/Xcode.app/Contents/Developer/Toolchains/XcodeDefault.xctoolchain/usr/bin/clang -x objective-c -ivfsstatcache /Users/aleks/Library/Developer/Xcode/DerivedData/SDKStatCaches.noindex/iphonesimulator18.5-22F76-d5fc8ad4295d2ef488fb7d0f804ce0c4.sdkstatcache -fmessage-length\=0 -fdiagnostics-show-note-include-stack -fmacro-backtrace-limit\=0 -fno-color-diagnostics -fmodules-prune-interval\=86400 -fmodules-prune-after\=345600 -fbuild-session-file\=/Users/aleks/Library/Developer/Xcode/DerivedData/ModuleCache.noindex/Session.modulevalidation -fmodules-validate-once-per-build-session -Wnon-modular-include-in-framework-module -Werror\=non-modular-include-in-framework-module -Wno-trigraphs -Wno-missing-field-initializers -Wno-missing-prototypes -Wno-return-type -Wno-implicit-atomic-properties -Wno-objc-interface-ivars -Wno-arc-repeated-use-of-weak -Wno-missing-braces -Wparentheses -Wswitch -Wno-unused-function -Wno-unused-label -Wno-unused-parameter -Wno-unused-variable -Wunused-value -Wno-empty-body -Wno-uninitialized -Wno-unknown-pragmas -w -Wno-shadow -Wno-four-char-constants -Wno-conversion -Wno-constant-conversion -Wno-int-conversion -Wno-bool-conversion -Wno-enum-conversion -Wno-float-conversion -Wno-non-literal-null-conversion -Wno-objc-literal-conversion -Wshorten-64-to-32 -Wpointer-sign -Wno-newline-eof -Wno-selector -Wno-strict-selector-match -Wno-undeclared-selector -Wno-deprecated-implementations -Wno-implicit-fallthrough -fstrict-aliasing -Wprotocol -Wdeprecated-declarations -Wno-sign-conversion -Wno-infinite-recursion -Wno-comma -Wno-block-capture-autoreleasing -Wno-strict-prototypes -Wno-semicolon-before-method-body -index-store-path /Users/aleks/Library/Developer/Xcode/DerivedData/PlanItApp-gkehojshtcbfvhersqwajfujohau/Index.noindex/DataStore @/Users/aleks/Library/Developer/Xcode/DerivedData/PlanItApp-gkehojshtcbfvhersqwajfujohau/Build/Intermediates.noindex/Promises.build/Debug-iphonesimulator/FBLPromises.build/Objects-normal/arm64/e6072d4f65d7061329687fe24e3d63a7-common-args.resp -include /Users/aleks/Library/Developer/Xcode/DerivedData/PlanItApp-gkehojshtcbfvhersqwajfujohau/Build/Intermediates.noindex/Promises.build/Debug-iphonesimulator/FBLPromises.build/DerivedSources/resource_bundle_accessor.h -MMD -MT dependencies -MF /Users/aleks/Library/Developer/Xcode/DerivedData/PlanItApp-gkehojshtcbfvhersqwajfujohau/Build/Intermediates.noindex/Promises.build/Debug-iphonesimulator/FBLPromises.build/Objects-normal/arm64/FBLPromise+Catch.d --serialize-diagnostics /Users/aleks/Library/Developer/Xcode/DerivedData/PlanItApp-gkehojshtcbfvhersqwajfujohau/Build/Intermediates.noindex/Promises.build/Debug-iphonesimulator/FBLPromises.build/Objects-normal/arm64/FBLPromise+Catch.dia -c /Users/aleks/Library/Developer/Xcode/DerivedData/PlanItApp-gkehojshtcbfvhersqwajfujohau/SourcePackages/checkouts/promises/Sources/FBLPromises/FBLPromise+Catch.m -o /Users/aleks/Library/Developer/Xcode/DerivedData/PlanItApp-gkehojshtcbfvhersqwajfujohau/Build/Intermediates.noindex/Promises.build/Debug-iphonesimulator/FBLPromises.build/Objects-normal/arm64/FBLPromise+Catch.o -index-unit-output-path /Promises.build/Debug-iphonesimulator/FBLPromises.build/Objects-normal/arm64/FBLPromise+Catch.o

CompileC /Users/aleks/Library/Developer/Xcode/DerivedData/PlanItApp-gkehojshtcbfvhersqwajfujohau/Build/Intermediates.noindex/Promises.build/Debug-iphonesimulator/FBLPromises.build/Objects-normal/arm64/FBLPromise+Await.o /Users/aleks/Library/Developer/Xcode/DerivedData/PlanItApp-gkehojshtcbfvhersqwajfujohau/SourcePackages/checkouts/promises/Sources/FBLPromises/FBLPromise+Await.m normal arm64 objective-c com.apple.compilers.llvm.clang.1_0.compiler (in target 'FBLPromises' from project 'Promises')
    cd /Users/aleks/Desktop/PlanItApp/PlanItApp.xcodeproj
    
    Using response file: /Users/aleks/Library/Developer/Xcode/DerivedData/PlanItApp-gkehojshtcbfvhersqwajfujohau/Build/Intermediates.noindex/Promises.build/Debug-iphonesimulator/FBLPromises.build/Objects-normal/arm64/e6072d4f65d7061329687fe24e3d63a7-common-args.resp
    
    /Applications/Xcode.app/Contents/Developer/Toolchains/XcodeDefault.xctoolchain/usr/bin/clang -x objective-c -ivfsstatcache /Users/aleks/Library/Developer/Xcode/DerivedData/SDKStatCaches.noindex/iphonesimulator18.5-22F76-d5fc8ad4295d2ef488fb7d0f804ce0c4.sdkstatcache -fmessage-length\=0 -fdiagnostics-show-note-include-stack -fmacro-backtrace-limit\=0 -fno-color-diagnostics -fmodules-prune-interval\=86400 -fmodules-prune-after\=345600 -fbuild-session-file\=/Users/aleks/Library/Developer/Xcode/DerivedData/ModuleCache.noindex/Session.modulevalidation -fmodules-validate-once-per-build-session -Wnon-modular-include-in-framework-module -Werror\=non-modular-include-in-framework-module -Wno-trigraphs -Wno-missing-field-initializers -Wno-missing-prototypes -Wno-return-type -Wno-implicit-atomic-properties -Wno-objc-interface-ivars -Wno-arc-repeated-use-of-weak -Wno-missing-braces -Wparentheses -Wswitch -Wno-unused-function -Wno-unused-label -Wno-unused-parameter -Wno-unused-variable -Wunused-value -Wno-empty-body -Wno-uninitialized -Wno-unknown-pragmas -w -Wno-shadow -Wno-four-char-constants -Wno-conversion -Wno-constant-conversion -Wno-int-conversion -Wno-bool-conversion -Wno-enum-conversion -Wno-float-conversion -Wno-non-literal-null-conversion -Wno-objc-literal-conversion -Wshorten-64-to-32 -Wpointer-sign -Wno-newline-eof -Wno-selector -Wno-strict-selector-match -Wno-undeclared-selector -Wno-deprecated-implementations -Wno-implicit-fallthrough -fstrict-aliasing -Wprotocol -Wdeprecated-declarations -Wno-sign-conversion -Wno-infinite-recursion -Wno-comma -Wno-block-capture-autoreleasing -Wno-strict-prototypes -Wno-semicolon-before-method-body -index-store-path /Users/aleks/Library/Developer/Xcode/DerivedData/PlanItApp-gkehojshtcbfvhersqwajfujohau/Index.noindex/DataStore @/Users/aleks/Library/Developer/Xcode/DerivedData/PlanItApp-gkehojshtcbfvhersqwajfujohau/Build/Intermediates.noindex/Promises.build/Debug-iphonesimulator/FBLPromises.build/Objects-normal/arm64/e6072d4f65d7061329687fe24e3d63a7-common-args.resp -include /Users/aleks/Library/Developer/Xcode/DerivedData/PlanItApp-gkehojshtcbfvhersqwajfujohau/Build/Intermediates.noindex/Promises.build/Debug-iphonesimulator/FBLPromises.build/DerivedSources/resource_bundle_accessor.h -MMD -MT dependencies -MF /Users/aleks/Library/Developer/Xcode/DerivedData/PlanItApp-gkehojshtcbfvhersqwajfujohau/Build/Intermediates.noindex/Promises.build/Debug-iphonesimulator/FBLPromises.build/Objects-normal/arm64/FBLPromise+Await.d --serialize-diagnostics /Users/aleks/Library/Developer/Xcode/DerivedData/PlanItApp-gkehojshtcbfvhersqwajfujohau/Build/Intermediates.noindex/Promises.build/Debug-iphonesimulator/FBLPromises.build/Objects-normal/arm64/FBLPromise+Await.dia -c /Users/aleks/Library/Developer/Xcode/DerivedData/PlanItApp-gkehojshtcbfvhersqwajfujohau/SourcePackages/checkouts/promises/Sources/FBLPromises/FBLPromise+Await.m -o /Users/aleks/Library/Developer/Xcode/DerivedData/PlanItApp-gkehojshtcbfvhersqwajfujohau/Build/Intermediates.noindex/Promises.build/Debug-iphonesimulator/FBLPromises.build/Objects-normal/arm64/FBLPromise+Await.o -index-unit-output-path /Promises.build/Debug-iphonesimulator/FBLPromises.build/Objects-normal/arm64/FBLPromise+Await.o

CompileC /Users/aleks/Library/Developer/Xcode/DerivedData/PlanItApp-gkehojshtcbfvhersqwajfujohau/Build/Intermediates.noindex/Promises.build/Debug-iphonesimulator/FBLPromises.build/Objects-normal/arm64/FBLPromise+Async.o /Users/aleks/Library/Developer/Xcode/DerivedData/PlanItApp-gkehojshtcbfvhersqwajfujohau/SourcePackages/checkouts/promises/Sources/FBLPromises/FBLPromise+Async.m normal arm64 objective-c com.apple.compilers.llvm.clang.1_0.compiler (in target 'FBLPromises' from project 'Promises')
    cd /Users/aleks/Desktop/PlanItApp/PlanItApp.xcodeproj
    
    Using response file: /Users/aleks/Library/Developer/Xcode/DerivedData/PlanItApp-gkehojshtcbfvhersqwajfujohau/Build/Intermediates.noindex/Promises.build/Debug-iphonesimulator/FBLPromises.build/Objects-normal/arm64/e6072d4f65d7061329687fe24e3d63a7-common-args.resp
    
    /Applications/Xcode.app/Contents/Developer/Toolchains/XcodeDefault.xctoolchain/usr/bin/clang -x objective-c -ivfsstatcache /Users/aleks/Library/Developer/Xcode/DerivedData/SDKStatCaches.noindex/iphonesimulator18.5-22F76-d5fc8ad4295d2ef488fb7d0f804ce0c4.sdkstatcache -fmessage-length\=0 -fdiagnostics-show-note-include-stack -fmacro-backtrace-limit\=0 -fno-color-diagnostics -fmodules-prune-interval\=86400 -fmodules-prune-after\=345600 -fbuild-session-file\=/Users/aleks/Library/Developer/Xcode/DerivedData/ModuleCache.noindex/Session.modulevalidation -fmodules-validate-once-per-build-session -Wnon-modular-include-in-framework-module -Werror\=non-modular-include-in-framework-module -Wno-trigraphs -Wno-missing-field-initializers -Wno-missing-prototypes -Wno-return-type -Wno-implicit-atomic-properties -Wno-objc-interface-ivars -Wno-arc-repeated-use-of-weak -Wno-missing-braces -Wparentheses -Wswitch -Wno-unused-function -Wno-unused-label -Wno-unused-parameter -Wno-unused-variable -Wunused-value -Wno-empty-body -Wno-uninitialized -Wno-unknown-pragmas -w -Wno-shadow -Wno-four-char-constants -Wno-conversion -Wno-constant-conversion -Wno-int-conversion -Wno-bool-conversion -Wno-enum-conversion -Wno-float-conversion -Wno-non-literal-null-conversion -Wno-objc-literal-conversion -Wshorten-64-to-32 -Wpointer-sign -Wno-newline-eof -Wno-selector -Wno-strict-selector-match -Wno-undeclared-selector -Wno-deprecated-implementations -Wno-implicit-fallthrough -fstrict-aliasing -Wprotocol -Wdeprecated-declarations -Wno-sign-conversion -Wno-infinite-recursion -Wno-comma -Wno-block-capture-autoreleasing -Wno-strict-prototypes -Wno-semicolon-before-method-body -index-store-path /Users/aleks/Library/Developer/Xcode/DerivedData/PlanItApp-gkehojshtcbfvhersqwajfujohau/Index.noindex/DataStore @/Users/aleks/Library/Developer/Xcode/DerivedData/PlanItApp-gkehojshtcbfvhersqwajfujohau/Build/Intermediates.noindex/Promises.build/Debug-iphonesimulator/FBLPromises.build/Objects-normal/arm64/e6072d4f65d7061329687fe24e3d63a7-common-args.resp -include /Users/aleks/Library/Developer/Xcode/DerivedData/PlanItApp-gkehojshtcbfvhersqwajfujohau/Build/Intermediates.noindex/Promises.build/Debug-iphonesimulator/FBLPromises.build/DerivedSources/resource_bundle_accessor.h -MMD -MT dependencies -MF /Users/aleks/Library/Developer/Xcode/DerivedData/PlanItApp-gkehojshtcbfvhersqwajfujohau/Build/Intermediates.noindex/Promises.build/Debug-iphonesimulator/FBLPromises.build/Objects-normal/arm64/FBLPromise+Async.d --serialize-diagnostics /Users/aleks/Library/Developer/Xcode/DerivedData/PlanItApp-gkehojshtcbfvhersqwajfujohau/Build/Intermediates.noindex/Promises.build/Debug-iphonesimulator/FBLPromises.build/Objects-normal/arm64/FBLPromise+Async.dia -c /Users/aleks/Library/Developer/Xcode/DerivedData/PlanItApp-gkehojshtcbfvhersqwajfujohau/SourcePackages/checkouts/promises/Sources/FBLPromises/FBLPromise+Async.m -o /Users/aleks/Library/Developer/Xcode/DerivedData/PlanItApp-gkehojshtcbfvhersqwajfujohau/Build/Intermediates.noindex/Promises.build/Debug-iphonesimulator/FBLPromises.build/Objects-normal/arm64/FBLPromise+Async.o -index-unit-output-path /Promises.build/Debug-iphonesimulator/FBLPromises.build/Objects-normal/arm64/FBLPromise+Async.o

CompileC /Users/aleks/Library/Developer/Xcode/DerivedData/PlanItApp-gkehojshtcbfvhersqwajfujohau/Build/Intermediates.noindex/Promises.build/Debug-iphonesimulator/FBLPromises.build/Objects-normal/arm64/FBLPromise+Any.o /Users/aleks/Library/Developer/Xcode/DerivedData/PlanItApp-gkehojshtcbfvhersqwajfujohau/SourcePackages/checkouts/promises/Sources/FBLPromises/FBLPromise+Any.m normal arm64 objective-c com.apple.compilers.llvm.clang.1_0.compiler (in target 'FBLPromises' from project 'Promises')
    cd /Users/aleks/Desktop/PlanItApp/PlanItApp.xcodeproj
    
    Using response file: /Users/aleks/Library/Developer/Xcode/DerivedData/PlanItApp-gkehojshtcbfvhersqwajfujohau/Build/Intermediates.noindex/Promises.build/Debug-iphonesimulator/FBLPromises.build/Objects-normal/arm64/e6072d4f65d7061329687fe24e3d63a7-common-args.resp
    
    /Applications/Xcode.app/Contents/Developer/Toolchains/XcodeDefault.xctoolchain/usr/bin/clang -x objective-c -ivfsstatcache /Users/aleks/Library/Developer/Xcode/DerivedData/SDKStatCaches.noindex/iphonesimulator18.5-22F76-d5fc8ad4295d2ef488fb7d0f804ce0c4.sdkstatcache -fmessage-length\=0 -fdiagnostics-show-note-include-stack -fmacro-backtrace-limit\=0 -fno-color-diagnostics -fmodules-prune-interval\=86400 -fmodules-prune-after\=345600 -fbuild-session-file\=/Users/aleks/Library/Developer/Xcode/DerivedData/ModuleCache.noindex/Session.modulevalidation -fmodules-validate-once-per-build-session -Wnon-modular-include-in-framework-module -Werror\=non-modular-include-in-framework-module -Wno-trigraphs -Wno-missing-field-initializers -Wno-missing-prototypes -Wno-return-type -Wno-implicit-atomic-properties -Wno-objc-interface-ivars -Wno-arc-repeated-use-of-weak -Wno-missing-braces -Wparentheses -Wswitch -Wno-unused-function -Wno-unused-label -Wno-unused-parameter -Wno-unused-variable -Wunused-value -Wno-empty-body -Wno-uninitialized -Wno-unknown-pragmas -w -Wno-shadow -Wno-four-char-constants -Wno-conversion -Wno-constant-conversion -Wno-int-conversion -Wno-bool-conversion -Wno-enum-conversion -Wno-float-conversion -Wno-non-literal-null-conversion -Wno-objc-literal-conversion -Wshorten-64-to-32 -Wpointer-sign -Wno-newline-eof -Wno-selector -Wno-strict-selector-match -Wno-undeclared-selector -Wno-deprecated-implementations -Wno-implicit-fallthrough -fstrict-aliasing -Wprotocol -Wdeprecated-declarations -Wno-sign-conversion -Wno-infinite-recursion -Wno-comma -Wno-block-capture-autoreleasing -Wno-strict-prototypes -Wno-semicolon-before-method-body -index-store-path /Users/aleks/Library/Developer/Xcode/DerivedData/PlanItApp-gkehojshtcbfvhersqwajfujohau/Index.noindex/DataStore @/Users/aleks/Library/Developer/Xcode/DerivedData/PlanItApp-gkehojshtcbfvhersqwajfujohau/Build/Intermediates.noindex/Promises.build/Debug-iphonesimulator/FBLPromises.build/Objects-normal/arm64/e6072d4f65d7061329687fe24e3d63a7-common-args.resp -include /Users/aleks/Library/Developer/Xcode/DerivedData/PlanItApp-gkehojshtcbfvhersqwajfujohau/Build/Intermediates.noindex/Promises.build/Debug-iphonesimulator/FBLPromises.build/DerivedSources/resource_bundle_accessor.h -MMD -MT dependencies -MF /Users/aleks/Library/Developer/Xcode/DerivedData/PlanItApp-gkehojshtcbfvhersqwajfujohau/Build/Intermediates.noindex/Promises.build/Debug-iphonesimulator/FBLPromises.build/Objects-normal/arm64/FBLPromise+Any.d --serialize-diagnostics /Users/aleks/Library/Developer/Xcode/DerivedData/PlanItApp-gkehojshtcbfvhersqwajfujohau/Build/Intermediates.noindex/Promises.build/Debug-iphonesimulator/FBLPromises.build/Objects-normal/arm64/FBLPromise+Any.dia -c /Users/aleks/Library/Developer/Xcode/DerivedData/PlanItApp-gkehojshtcbfvhersqwajfujohau/SourcePackages/checkouts/promises/Sources/FBLPromises/FBLPromise+Any.m -o /Users/aleks/Library/Developer/Xcode/DerivedData/PlanItApp-gkehojshtcbfvhersqwajfujohau/Build/Intermediates.noindex/Promises.build/Debug-iphonesimulator/FBLPromises.build/Objects-normal/arm64/FBLPromise+Any.o -index-unit-output-path /Promises.build/Debug-iphonesimulator/FBLPromises.build/Objects-normal/arm64/FBLPromise+Any.o

CompileC /Users/aleks/Library/Developer/Xcode/DerivedData/PlanItApp-gkehojshtcbfvhersqwajfujohau/Build/Intermediates.noindex/Promises.build/Debug-iphonesimulator/FBLPromises.build/Objects-normal/arm64/FBLPromise+Always.o /Users/aleks/Library/Developer/Xcode/DerivedData/PlanItApp-gkehojshtcbfvhersqwajfujohau/SourcePackages/checkouts/promises/Sources/FBLPromises/FBLPromise+Always.m normal arm64 objective-c com.apple.compilers.llvm.clang.1_0.compiler (in target 'FBLPromises' from project 'Promises')
    cd /Users/aleks/Desktop/PlanItApp/PlanItApp.xcodeproj
    
    Using response file: /Users/aleks/Library/Developer/Xcode/DerivedData/PlanItApp-gkehojshtcbfvhersqwajfujohau/Build/Intermediates.noindex/Promises.build/Debug-iphonesimulator/FBLPromises.build/Objects-normal/arm64/e6072d4f65d7061329687fe24e3d63a7-common-args.resp
    
    /Applications/Xcode.app/Contents/Developer/Toolchains/XcodeDefault.xctoolchain/usr/bin/clang -x objective-c -ivfsstatcache /Users/aleks/Library/Developer/Xcode/DerivedData/SDKStatCaches.noindex/iphonesimulator18.5-22F76-d5fc8ad4295d2ef488fb7d0f804ce0c4.sdkstatcache -fmessage-length\=0 -fdiagnostics-show-note-include-stack -fmacro-backtrace-limit\=0 -fno-color-diagnostics -fmodules-prune-interval\=86400 -fmodules-prune-after\=345600 -fbuild-session-file\=/Users/aleks/Library/Developer/Xcode/DerivedData/ModuleCache.noindex/Session.modulevalidation -fmodules-validate-once-per-build-session -Wnon-modular-include-in-framework-module -Werror\=non-modular-include-in-framework-module -Wno-trigraphs -Wno-missing-field-initializers -Wno-missing-prototypes -Wno-return-type -Wno-implicit-atomic-properties -Wno-objc-interface-ivars -Wno-arc-repeated-use-of-weak -Wno-missing-braces -Wparentheses -Wswitch -Wno-unused-function -Wno-unused-label -Wno-unused-parameter -Wno-unused-variable -Wunused-value -Wno-empty-body -Wno-uninitialized -Wno-unknown-pragmas -w -Wno-shadow -Wno-four-char-constants -Wno-conversion -Wno-constant-conversion -Wno-int-conversion -Wno-bool-conversion -Wno-enum-conversion -Wno-float-conversion -Wno-non-literal-null-conversion -Wno-objc-literal-conversion -Wshorten-64-to-32 -Wpointer-sign -Wno-newline-eof -Wno-selector -Wno-strict-selector-match -Wno-undeclared-selector -Wno-deprecated-implementations -Wno-implicit-fallthrough -fstrict-aliasing -Wprotocol -Wdeprecated-declarations -Wno-sign-conversion -Wno-infinite-recursion -Wno-comma -Wno-block-capture-autoreleasing -Wno-strict-prototypes -Wno-semicolon-before-method-body -index-store-path /Users/aleks/Library/Developer/Xcode/DerivedData/PlanItApp-gkehojshtcbfvhersqwajfujohau/Index.noindex/DataStore @/Users/aleks/Library/Developer/Xcode/DerivedData/PlanItApp-gkehojshtcbfvhersqwajfujohau/Build/Intermediates.noindex/Promises.build/Debug-iphonesimulator/FBLPromises.build/Objects-normal/arm64/e6072d4f65d7061329687fe24e3d63a7-common-args.resp -include /Users/aleks/Library/Developer/Xcode/DerivedData/PlanItApp-gkehojshtcbfvhersqwajfujohau/Build/Intermediates.noindex/Promises.build/Debug-iphonesimulator/FBLPromises.build/DerivedSources/resource_bundle_accessor.h -MMD -MT dependencies -MF /Users/aleks/Library/Developer/Xcode/DerivedData/PlanItApp-gkehojshtcbfvhersqwajfujohau/Build/Intermediates.noindex/Promises.build/Debug-iphonesimulator/FBLPromises.build/Objects-normal/arm64/FBLPromise+Always.d --serialize-diagnostics /Users/aleks/Library/Developer/Xcode/DerivedData/PlanItApp-gkehojshtcbfvhersqwajfujohau/Build/Intermediates.noindex/Promises.build/Debug-iphonesimulator/FBLPromises.build/Objects-normal/arm64/FBLPromise+Always.dia -c /Users/aleks/Library/Developer/Xcode/DerivedData/PlanItApp-gkehojshtcbfvhersqwajfujohau/SourcePackages/checkouts/promises/Sources/FBLPromises/FBLPromise+Always.m -o /Users/aleks/Library/Developer/Xcode/DerivedData/PlanItApp-gkehojshtcbfvhersqwajfujohau/Build/Intermediates.noindex/Promises.build/Debug-iphonesimulator/FBLPromises.build/Objects-normal/arm64/FBLPromise+Always.o -index-unit-output-path /Promises.build/Debug-iphonesimulator/FBLPromises.build/Objects-normal/arm64/FBLPromise+Always.o

CompileC /Users/aleks/Library/Developer/Xcode/DerivedData/PlanItApp-gkehojshtcbfvhersqwajfujohau/Build/Intermediates.noindex/Promises.build/Debug-iphonesimulator/FBLPromises.build/Objects-normal/arm64/FBLPromise+All.o /Users/aleks/Library/Developer/Xcode/DerivedData/PlanItApp-gkehojshtcbfvhersqwajfujohau/SourcePackages/checkouts/promises/Sources/FBLPromises/FBLPromise+All.m normal arm64 objective-c com.apple.compilers.llvm.clang.1_0.compiler (in target 'FBLPromises' from project 'Promises')
    cd /Users/aleks/Desktop/PlanItApp/PlanItApp.xcodeproj
    
    Using response file: /Users/aleks/Library/Developer/Xcode/DerivedData/PlanItApp-gkehojshtcbfvhersqwajfujohau/Build/Intermediates.noindex/Promises.build/Debug-iphonesimulator/FBLPromises.build/Objects-normal/arm64/e6072d4f65d7061329687fe24e3d63a7-common-args.resp
    
    /Applications/Xcode.app/Contents/Developer/Toolchains/XcodeDefault.xctoolchain/usr/bin/clang -x objective-c -ivfsstatcache /Users/aleks/Library/Developer/Xcode/DerivedData/SDKStatCaches.noindex/iphonesimulator18.5-22F76-d5fc8ad4295d2ef488fb7d0f804ce0c4.sdkstatcache -fmessage-length\=0 -fdiagnostics-show-note-include-stack -fmacro-backtrace-limit\=0 -fno-color-diagnostics -fmodules-prune-interval\=86400 -fmodules-prune-after\=345600 -fbuild-session-file\=/Users/aleks/Library/Developer/Xcode/DerivedData/ModuleCache.noindex/Session.modulevalidation -fmodules-validate-once-per-build-session -Wnon-modular-include-in-framework-module -Werror\=non-modular-include-in-framework-module -Wno-trigraphs -Wno-missing-field-initializers -Wno-missing-prototypes -Wno-return-type -Wno-implicit-atomic-properties -Wno-objc-interface-ivars -Wno-arc-repeated-use-of-weak -Wno-missing-braces -Wparentheses -Wswitch -Wno-unused-function -Wno-unused-label -Wno-unused-parameter -Wno-unused-variable -Wunused-value -Wno-empty-body -Wno-uninitialized -Wno-unknown-pragmas -w -Wno-shadow -Wno-four-char-constants -Wno-conversion -Wno-constant-conversion -Wno-int-conversion -Wno-bool-conversion -Wno-enum-conversion -Wno-float-conversion -Wno-non-literal-null-conversion -Wno-objc-literal-conversion -Wshorten-64-to-32 -Wpointer-sign -Wno-newline-eof -Wno-selector -Wno-strict-selector-match -Wno-undeclared-selector -Wno-deprecated-implementations -Wno-implicit-fallthrough -fstrict-aliasing -Wprotocol -Wdeprecated-declarations -Wno-sign-conversion -Wno-infinite-recursion -Wno-comma -Wno-block-capture-autoreleasing -Wno-strict-prototypes -Wno-semicolon-before-method-body -index-store-path /Users/aleks/Library/Developer/Xcode/DerivedData/PlanItApp-gkehojshtcbfvhersqwajfujohau/Index.noindex/DataStore @/Users/aleks/Library/Developer/Xcode/DerivedData/PlanItApp-gkehojshtcbfvhersqwajfujohau/Build/Intermediates.noindex/Promises.build/Debug-iphonesimulator/FBLPromises.build/Objects-normal/arm64/e6072d4f65d7061329687fe24e3d63a7-common-args.resp -include /Users/aleks/Library/Developer/Xcode/DerivedData/PlanItApp-gkehojshtcbfvhersqwajfujohau/Build/Intermediates.noindex/Promises.build/Debug-iphonesimulator/FBLPromises.build/DerivedSources/resource_bundle_accessor.h -MMD -MT dependencies -MF /Users/aleks/Library/Developer/Xcode/DerivedData/PlanItApp-gkehojshtcbfvhersqwajfujohau/Build/Intermediates.noindex/Promises.build/Debug-iphonesimulator/FBLPromises.build/Objects-normal/arm64/FBLPromise+All.d --serialize-diagnostics /Users/aleks/Library/Developer/Xcode/DerivedData/PlanItApp-gkehojshtcbfvhersqwajfujohau/Build/Intermediates.noindex/Promises.build/Debug-iphonesimulator/FBLPromises.build/Objects-normal/arm64/FBLPromise+All.dia -c /Users/aleks/Library/Developer/Xcode/DerivedData/PlanItApp-gkehojshtcbfvhersqwajfujohau/SourcePackages/checkouts/promises/Sources/FBLPromises/FBLPromise+All.m -o /Users/aleks/Library/Developer/Xcode/DerivedData/PlanItApp-gkehojshtcbfvhersqwajfujohau/Build/Intermediates.noindex/Promises.build/Debug-iphonesimulator/FBLPromises.build/Objects-normal/arm64/FBLPromise+All.o -index-unit-output-path /Promises.build/Debug-iphonesimulator/FBLPromises.build/Objects-normal/arm64/FBLPromise+All.o

CompileC /Users/aleks/Library/Developer/Xcode/DerivedData/PlanItApp-gkehojshtcbfvhersqwajfujohau/Build/Intermediates.noindex/AppAuth.build/Debug-iphonesimulator/AppAuthCore.build/Objects-normal/arm64/resource_bundle_accessor.o /Users/aleks/Library/Developer/Xcode/DerivedData/PlanItApp-gkehojshtcbfvhersqwajfujohau/Build/Intermediates.noindex/AppAuth.build/Debug-iphonesimulator/AppAuthCore.build/DerivedSources/resource_bundle_accessor.m normal arm64 objective-c com.apple.compilers.llvm.clang.1_0.compiler (in target 'AppAuthCore' from project 'AppAuth')
    cd /Users/aleks/Desktop/PlanItApp/PlanItApp.xcodeproj
    
    Using response file: /Users/aleks/Library/Developer/Xcode/DerivedData/PlanItApp-gkehojshtcbfvhersqwajfujohau/Build/Intermediates.noindex/AppAuth.build/Debug-iphonesimulator/AppAuthCore.build/Objects-normal/arm64/e6072d4f65d7061329687fe24e3d63a7-common-args.resp
    
    /Applications/Xcode.app/Contents/Developer/Toolchains/XcodeDefault.xctoolchain/usr/bin/clang -x objective-c -ivfsstatcache /Users/aleks/Library/Developer/Xcode/DerivedData/SDKStatCaches.noindex/iphonesimulator18.5-22F76-d5fc8ad4295d2ef488fb7d0f804ce0c4.sdkstatcache -fmessage-length\=0 -fdiagnostics-show-note-include-stack -fmacro-backtrace-limit\=0 -fno-color-diagnostics -fmodules-prune-interval\=86400 -fmodules-prune-after\=345600 -fbuild-session-file\=/Users/aleks/Library/Developer/Xcode/DerivedData/ModuleCache.noindex/Session.modulevalidation -fmodules-validate-once-per-build-session -Wnon-modular-include-in-framework-module -Werror\=non-modular-include-in-framework-module -Wno-trigraphs -Wno-missing-field-initializers -Wno-missing-prototypes -Wno-return-type -Wno-implicit-atomic-properties -Wno-objc-interface-ivars -Wno-arc-repeated-use-of-weak -Wno-missing-braces -Wparentheses -Wswitch -Wno-unused-function -Wno-unused-label -Wno-unused-parameter -Wno-unused-variable -Wunused-value -Wno-empty-body -Wno-uninitialized -Wno-unknown-pragmas -w -Wno-shadow -Wno-four-char-constants -Wno-conversion -Wno-constant-conversion -Wno-int-conversion -Wno-bool-conversion -Wno-enum-conversion -Wno-float-conversion -Wno-non-literal-null-conversion -Wno-objc-literal-conversion -Wshorten-64-to-32 -Wpointer-sign -Wno-newline-eof -Wno-selector -Wno-strict-selector-match -Wno-undeclared-selector -Wno-deprecated-implementations -Wno-implicit-fallthrough -fstrict-aliasing -Wprotocol -Wdeprecated-declarations -Wno-sign-conversion -Wno-infinite-recursion -Wno-comma -Wno-block-capture-autoreleasing -Wno-strict-prototypes -Wno-semicolon-before-method-body -index-store-path /Users/aleks/Library/Developer/Xcode/DerivedData/PlanItApp-gkehojshtcbfvhersqwajfujohau/Index.noindex/DataStore @/Users/aleks/Library/Developer/Xcode/DerivedData/PlanItApp-gkehojshtcbfvhersqwajfujohau/Build/Intermediates.noindex/AppAuth.build/Debug-iphonesimulator/AppAuthCore.build/Objects-normal/arm64/e6072d4f65d7061329687fe24e3d63a7-common-args.resp -include /Users/aleks/Library/Developer/Xcode/DerivedData/PlanItApp-gkehojshtcbfvhersqwajfujohau/Build/Intermediates.noindex/AppAuth.build/Debug-iphonesimulator/AppAuthCore.build/DerivedSources/resource_bundle_accessor.h -MMD -MT dependencies -MF /Users/aleks/Library/Developer/Xcode/DerivedData/PlanItApp-gkehojshtcbfvhersqwajfujohau/Build/Intermediates.noindex/AppAuth.build/Debug-iphonesimulator/AppAuthCore.build/Objects-normal/arm64/resource_bundle_accessor.d --serialize-diagnostics /Users/aleks/Library/Developer/Xcode/DerivedData/PlanItApp-gkehojshtcbfvhersqwajfujohau/Build/Intermediates.noindex/AppAuth.build/Debug-iphonesimulator/AppAuthCore.build/Objects-normal/arm64/resource_bundle_accessor.dia -c /Users/aleks/Library/Developer/Xcode/DerivedData/PlanItApp-gkehojshtcbfvhersqwajfujohau/Build/Intermediates.noindex/AppAuth.build/Debug-iphonesimulator/AppAuthCore.build/DerivedSources/resource_bundle_accessor.m -o /Users/aleks/Library/Developer/Xcode/DerivedData/PlanItApp-gkehojshtcbfvhersqwajfujohau/Build/Intermediates.noindex/AppAuth.build/Debug-iphonesimulator/AppAuthCore.build/Objects-normal/arm64/resource_bundle_accessor.o -index-unit-output-path /AppAuth.build/Debug-iphonesimulator/AppAuthCore.build/Objects-normal/arm64/resource_bundle_accessor.o

CompileC /Users/aleks/Library/Developer/Xcode/DerivedData/PlanItApp-gkehojshtcbfvhersqwajfujohau/Build/Intermediates.noindex/AppAuth.build/Debug-iphonesimulator/AppAuthCore.build/Objects-normal/arm64/OIDURLSessionProvider.o /Users/aleks/Library/Developer/Xcode/DerivedData/PlanItApp-gkehojshtcbfvhersqwajfujohau/SourcePackages/checkouts/AppAuth-iOS/Sources/AppAuthCore/OIDURLSessionProvider.m normal arm64 objective-c com.apple.compilers.llvm.clang.1_0.compiler (in target 'AppAuthCore' from project 'AppAuth')
    cd /Users/aleks/Desktop/PlanItApp/PlanItApp.xcodeproj
    
    Using response file: /Users/aleks/Library/Developer/Xcode/DerivedData/PlanItApp-gkehojshtcbfvhersqwajfujohau/Build/Intermediates.noindex/AppAuth.build/Debug-iphonesimulator/AppAuthCore.build/Objects-normal/arm64/e6072d4f65d7061329687fe24e3d63a7-common-args.resp
    
    /Applications/Xcode.app/Contents/Developer/Toolchains/XcodeDefault.xctoolchain/usr/bin/clang -x objective-c -ivfsstatcache /Users/aleks/Library/Developer/Xcode/DerivedData/SDKStatCaches.noindex/iphonesimulator18.5-22F76-d5fc8ad4295d2ef488fb7d0f804ce0c4.sdkstatcache -fmessage-length\=0 -fdiagnostics-show-note-include-stack -fmacro-backtrace-limit\=0 -fno-color-diagnostics -fmodules-prune-interval\=86400 -fmodules-prune-after\=345600 -fbuild-session-file\=/Users/aleks/Library/Developer/Xcode/DerivedData/ModuleCache.noindex/Session.modulevalidation -fmodules-validate-once-per-build-session -Wnon-modular-include-in-framework-module -Werror\=non-modular-include-in-framework-module -Wno-trigraphs -Wno-missing-field-initializers -Wno-missing-prototypes -Wno-return-type -Wno-implicit-atomic-properties -Wno-objc-interface-ivars -Wno-arc-repeated-use-of-weak -Wno-missing-braces -Wparentheses -Wswitch -Wno-unused-function -Wno-unused-label -Wno-unused-parameter -Wno-unused-variable -Wunused-value -Wno-empty-body -Wno-uninitialized -Wno-unknown-pragmas -w -Wno-shadow -Wno-four-char-constants -Wno-conversion -Wno-constant-conversion -Wno-int-conversion -Wno-bool-conversion -Wno-enum-conversion -Wno-float-conversion -Wno-non-literal-null-conversion -Wno-objc-literal-conversion -Wshorten-64-to-32 -Wpointer-sign -Wno-newline-eof -Wno-selector -Wno-strict-selector-match -Wno-undeclared-selector -Wno-deprecated-implementations -Wno-implicit-fallthrough -fstrict-aliasing -Wprotocol -Wdeprecated-declarations -Wno-sign-conversion -Wno-infinite-recursion -Wno-comma -Wno-block-capture-autoreleasing -Wno-strict-prototypes -Wno-semicolon-before-method-body -index-store-path /Users/aleks/Library/Developer/Xcode/DerivedData/PlanItApp-gkehojshtcbfvhersqwajfujohau/Index.noindex/DataStore @/Users/aleks/Library/Developer/Xcode/DerivedData/PlanItApp-gkehojshtcbfvhersqwajfujohau/Build/Intermediates.noindex/AppAuth.build/Debug-iphonesimulator/AppAuthCore.build/Objects-normal/arm64/e6072d4f65d7061329687fe24e3d63a7-common-args.resp -include /Users/aleks/Library/Developer/Xcode/DerivedData/PlanItApp-gkehojshtcbfvhersqwajfujohau/Build/Intermediates.noindex/AppAuth.build/Debug-iphonesimulator/AppAuthCore.build/DerivedSources/resource_bundle_accessor.h -MMD -MT dependencies -MF /Users/aleks/Library/Developer/Xcode/DerivedData/PlanItApp-gkehojshtcbfvhersqwajfujohau/Build/Intermediates.noindex/AppAuth.build/Debug-iphonesimulator/AppAuthCore.build/Objects-normal/arm64/OIDURLSessionProvider.d --serialize-diagnostics /Users/aleks/Library/Developer/Xcode/DerivedData/PlanItApp-gkehojshtcbfvhersqwajfujohau/Build/Intermediates.noindex/AppAuth.build/Debug-iphonesimulator/AppAuthCore.build/Objects-normal/arm64/OIDURLSessionProvider.dia -c /Users/aleks/Library/Developer/Xcode/DerivedData/PlanItApp-gkehojshtcbfvhersqwajfujohau/SourcePackages/checkouts/AppAuth-iOS/Sources/AppAuthCore/OIDURLSessionProvider.m -o /Users/aleks/Library/Developer/Xcode/DerivedData/PlanItApp-gkehojshtcbfvhersqwajfujohau/Build/Intermediates.noindex/AppAuth.build/Debug-iphonesimulator/AppAuthCore.build/Objects-normal/arm64/OIDURLSessionProvider.o -index-unit-output-path /AppAuth.build/Debug-iphonesimulator/AppAuthCore.build/Objects-normal/arm64/OIDURLSessionProvider.o

CompileC /Users/aleks/Library/Developer/Xcode/DerivedData/PlanItApp-gkehojshtcbfvhersqwajfujohau/Build/Intermediates.noindex/AppAuth.build/Debug-iphonesimulator/AppAuthCore.build/Objects-normal/arm64/OIDURLQueryComponent.o /Users/aleks/Library/Developer/Xcode/DerivedData/PlanItApp-gkehojshtcbfvhersqwajfujohau/SourcePackages/checkouts/AppAuth-iOS/Sources/AppAuthCore/OIDURLQueryComponent.m normal arm64 objective-c com.apple.compilers.llvm.clang.1_0.compiler (in target 'AppAuthCore' from project 'AppAuth')
    cd /Users/aleks/Desktop/PlanItApp/PlanItApp.xcodeproj
    
    Using response file: /Users/aleks/Library/Developer/Xcode/DerivedData/PlanItApp-gkehojshtcbfvhersqwajfujohau/Build/Intermediates.noindex/AppAuth.build/Debug-iphonesimulator/AppAuthCore.build/Objects-normal/arm64/e6072d4f65d7061329687fe24e3d63a7-common-args.resp
    
    /Applications/Xcode.app/Contents/Developer/Toolchains/XcodeDefault.xctoolchain/usr/bin/clang -x objective-c -ivfsstatcache /Users/aleks/Library/Developer/Xcode/DerivedData/SDKStatCaches.noindex/iphonesimulator18.5-22F76-d5fc8ad4295d2ef488fb7d0f804ce0c4.sdkstatcache -fmessage-length\=0 -fdiagnostics-show-note-include-stack -fmacro-backtrace-limit\=0 -fno-color-diagnostics -fmodules-prune-interval\=86400 -fmodules-prune-after\=345600 -fbuild-session-file\=/Users/aleks/Library/Developer/Xcode/DerivedData/ModuleCache.noindex/Session.modulevalidation -fmodules-validate-once-per-build-session -Wnon-modular-include-in-framework-module -Werror\=non-modular-include-in-framework-module -Wno-trigraphs -Wno-missing-field-initializers -Wno-missing-prototypes -Wno-return-type -Wno-implicit-atomic-properties -Wno-objc-interface-ivars -Wno-arc-repeated-use-of-weak -Wno-missing-braces -Wparentheses -Wswitch -Wno-unused-function -Wno-unused-label -Wno-unused-parameter -Wno-unused-variable -Wunused-value -Wno-empty-body -Wno-uninitialized -Wno-unknown-pragmas -w -Wno-shadow -Wno-four-char-constants -Wno-conversion -Wno-constant-conversion -Wno-int-conversion -Wno-bool-conversion -Wno-enum-conversion -Wno-float-conversion -Wno-non-literal-null-conversion -Wno-objc-literal-conversion -Wshorten-64-to-32 -Wpointer-sign -Wno-newline-eof -Wno-selector -Wno-strict-selector-match -Wno-undeclared-selector -Wno-deprecated-implementations -Wno-implicit-fallthrough -fstrict-aliasing -Wprotocol -Wdeprecated-declarations -Wno-sign-conversion -Wno-infinite-recursion -Wno-comma -Wno-block-capture-autoreleasing -Wno-strict-prototypes -Wno-semicolon-before-method-body -index-store-path /Users/aleks/Library/Developer/Xcode/DerivedData/PlanItApp-gkehojshtcbfvhersqwajfujohau/Index.noindex/DataStore @/Users/aleks/Library/Developer/Xcode/DerivedData/PlanItApp-gkehojshtcbfvhersqwajfujohau/Build/Intermediates.noindex/AppAuth.build/Debug-iphonesimulator/AppAuthCore.build/Objects-normal/arm64/e6072d4f65d7061329687fe24e3d63a7-common-args.resp -include /Users/aleks/Library/Developer/Xcode/DerivedData/PlanItApp-gkehojshtcbfvhersqwajfujohau/Build/Intermediates.noindex/AppAuth.build/Debug-iphonesimulator/AppAuthCore.build/DerivedSources/resource_bundle_accessor.h -MMD -MT dependencies -MF /Users/aleks/Library/Developer/Xcode/DerivedData/PlanItApp-gkehojshtcbfvhersqwajfujohau/Build/Intermediates.noindex/AppAuth.build/Debug-iphonesimulator/AppAuthCore.build/Objects-normal/arm64/OIDURLQueryComponent.d --serialize-diagnostics /Users/aleks/Library/Developer/Xcode/DerivedData/PlanItApp-gkehojshtcbfvhersqwajfujohau/Build/Intermediates.noindex/AppAuth.build/Debug-iphonesimulator/AppAuthCore.build/Objects-normal/arm64/OIDURLQueryComponent.dia -c /Users/aleks/Library/Developer/Xcode/DerivedData/PlanItApp-gkehojshtcbfvhersqwajfujohau/SourcePackages/checkouts/AppAuth-iOS/Sources/AppAuthCore/OIDURLQueryComponent.m -o /Users/aleks/Library/Developer/Xcode/DerivedData/PlanItApp-gkehojshtcbfvhersqwajfujohau/Build/Intermediates.noindex/AppAuth.build/Debug-iphonesimulator/AppAuthCore.build/Objects-normal/arm64/OIDURLQueryComponent.o -index-unit-output-path /AppAuth.build/Debug-iphonesimulator/AppAuthCore.build/Objects-normal/arm64/OIDURLQueryComponent.o

CompileC /Users/aleks/Library/Developer/Xcode/DerivedData/PlanItApp-gkehojshtcbfvhersqwajfujohau/Build/Intermediates.noindex/AppAuth.build/Debug-iphonesimulator/AppAuthCore.build/Objects-normal/arm64/OIDTokenUtilities.o /Users/aleks/Library/Developer/Xcode/DerivedData/PlanItApp-gkehojshtcbfvhersqwajfujohau/SourcePackages/checkouts/AppAuth-iOS/Sources/AppAuthCore/OIDTokenUtilities.m normal arm64 objective-c com.apple.compilers.llvm.clang.1_0.compiler (in target 'AppAuthCore' from project 'AppAuth')
    cd /Users/aleks/Desktop/PlanItApp/PlanItApp.xcodeproj
    
    Using response file: /Users/aleks/Library/Developer/Xcode/DerivedData/PlanItApp-gkehojshtcbfvhersqwajfujohau/Build/Intermediates.noindex/AppAuth.build/Debug-iphonesimulator/AppAuthCore.build/Objects-normal/arm64/e6072d4f65d7061329687fe24e3d63a7-common-args.resp
    
    /Applications/Xcode.app/Contents/Developer/Toolchains/XcodeDefault.xctoolchain/usr/bin/clang -x objective-c -ivfsstatcache /Users/aleks/Library/Developer/Xcode/DerivedData/SDKStatCaches.noindex/iphonesimulator18.5-22F76-d5fc8ad4295d2ef488fb7d0f804ce0c4.sdkstatcache -fmessage-length\=0 -fdiagnostics-show-note-include-stack -fmacro-backtrace-limit\=0 -fno-color-diagnostics -fmodules-prune-interval\=86400 -fmodules-prune-after\=345600 -fbuild-session-file\=/Users/aleks/Library/Developer/Xcode/DerivedData/ModuleCache.noindex/Session.modulevalidation -fmodules-validate-once-per-build-session -Wnon-modular-include-in-framework-module -Werror\=non-modular-include-in-framework-module -Wno-trigraphs -Wno-missing-field-initializers -Wno-missing-prototypes -Wno-return-type -Wno-implicit-atomic-properties -Wno-objc-interface-ivars -Wno-arc-repeated-use-of-weak -Wno-missing-braces -Wparentheses -Wswitch -Wno-unused-function -Wno-unused-label -Wno-unused-parameter -Wno-unused-variable -Wunused-value -Wno-empty-body -Wno-uninitialized -Wno-unknown-pragmas -w -Wno-shadow -Wno-four-char-constants -Wno-conversion -Wno-constant-conversion -Wno-int-conversion -Wno-bool-conversion -Wno-enum-conversion -Wno-float-conversion -Wno-non-literal-null-conversion -Wno-objc-literal-conversion -Wshorten-64-to-32 -Wpointer-sign -Wno-newline-eof -Wno-selector -Wno-strict-selector-match -Wno-undeclared-selector -Wno-deprecated-implementations -Wno-implicit-fallthrough -fstrict-aliasing -Wprotocol -Wdeprecated-declarations -Wno-sign-conversion -Wno-infinite-recursion -Wno-comma -Wno-block-capture-autoreleasing -Wno-strict-prototypes -Wno-semicolon-before-method-body -index-store-path /Users/aleks/Library/Developer/Xcode/DerivedData/PlanItApp-gkehojshtcbfvhersqwajfujohau/Index.noindex/DataStore @/Users/aleks/Library/Developer/Xcode/DerivedData/PlanItApp-gkehojshtcbfvhersqwajfujohau/Build/Intermediates.noindex/AppAuth.build/Debug-iphonesimulator/AppAuthCore.build/Objects-normal/arm64/e6072d4f65d7061329687fe24e3d63a7-common-args.resp -include /Users/aleks/Library/Developer/Xcode/DerivedData/PlanItApp-gkehojshtcbfvhersqwajfujohau/Build/Intermediates.noindex/AppAuth.build/Debug-iphonesimulator/AppAuthCore.build/DerivedSources/resource_bundle_accessor.h -MMD -MT dependencies -MF /Users/aleks/Library/Developer/Xcode/DerivedData/PlanItApp-gkehojshtcbfvhersqwajfujohau/Build/Intermediates.noindex/AppAuth.build/Debug-iphonesimulator/AppAuthCore.build/Objects-normal/arm64/OIDTokenUtilities.d --serialize-diagnostics /Users/aleks/Library/Developer/Xcode/DerivedData/PlanItApp-gkehojshtcbfvhersqwajfujohau/Build/Intermediates.noindex/AppAuth.build/Debug-iphonesimulator/AppAuthCore.build/Objects-normal/arm64/OIDTokenUtilities.dia -c /Users/aleks/Library/Developer/Xcode/DerivedData/PlanItApp-gkehojshtcbfvhersqwajfujohau/SourcePackages/checkouts/AppAuth-iOS/Sources/AppAuthCore/OIDTokenUtilities.m -o /Users/aleks/Library/Developer/Xcode/DerivedData/PlanItApp-gkehojshtcbfvhersqwajfujohau/Build/Intermediates.noindex/AppAuth.build/Debug-iphonesimulator/AppAuthCore.build/Objects-normal/arm64/OIDTokenUtilities.o -index-unit-output-path /AppAuth.build/Debug-iphonesimulator/AppAuthCore.build/Objects-normal/arm64/OIDTokenUtilities.o

CompileC /Users/aleks/Library/Developer/Xcode/DerivedData/PlanItApp-gkehojshtcbfvhersqwajfujohau/Build/Intermediates.noindex/AppAuth.build/Debug-iphonesimulator/AppAuthCore.build/Objects-normal/arm64/OIDTokenResponse.o /Users/aleks/Library/Developer/Xcode/DerivedData/PlanItApp-gkehojshtcbfvhersqwajfujohau/SourcePackages/checkouts/AppAuth-iOS/Sources/AppAuthCore/OIDTokenResponse.m normal arm64 objective-c com.apple.compilers.llvm.clang.1_0.compiler (in target 'AppAuthCore' from project 'AppAuth')
    cd /Users/aleks/Desktop/PlanItApp/PlanItApp.xcodeproj
    
    Using response file: /Users/aleks/Library/Developer/Xcode/DerivedData/PlanItApp-gkehojshtcbfvhersqwajfujohau/Build/Intermediates.noindex/AppAuth.build/Debug-iphonesimulator/AppAuthCore.build/Objects-normal/arm64/e6072d4f65d7061329687fe24e3d63a7-common-args.resp
    
    /Applications/Xcode.app/Contents/Developer/Toolchains/XcodeDefault.xctoolchain/usr/bin/clang -x objective-c -ivfsstatcache /Users/aleks/Library/Developer/Xcode/DerivedData/SDKStatCaches.noindex/iphonesimulator18.5-22F76-d5fc8ad4295d2ef488fb7d0f804ce0c4.sdkstatcache -fmessage-length\=0 -fdiagnostics-show-note-include-stack -fmacro-backtrace-limit\=0 -fno-color-diagnostics -fmodules-prune-interval\=86400 -fmodules-prune-after\=345600 -fbuild-session-file\=/Users/aleks/Library/Developer/Xcode/DerivedData/ModuleCache.noindex/Session.modulevalidation -fmodules-validate-once-per-build-session -Wnon-modular-include-in-framework-module -Werror\=non-modular-include-in-framework-module -Wno-trigraphs -Wno-missing-field-initializers -Wno-missing-prototypes -Wno-return-type -Wno-implicit-atomic-properties -Wno-objc-interface-ivars -Wno-arc-repeated-use-of-weak -Wno-missing-braces -Wparentheses -Wswitch -Wno-unused-function -Wno-unused-label -Wno-unused-parameter -Wno-unused-variable -Wunused-value -Wno-empty-body -Wno-uninitialized -Wno-unknown-pragmas -w -Wno-shadow -Wno-four-char-constants -Wno-conversion -Wno-constant-conversion -Wno-int-conversion -Wno-bool-conversion -Wno-enum-conversion -Wno-float-conversion -Wno-non-literal-null-conversion -Wno-objc-literal-conversion -Wshorten-64-to-32 -Wpointer-sign -Wno-newline-eof -Wno-selector -Wno-strict-selector-match -Wno-undeclared-selector -Wno-deprecated-implementations -Wno-implicit-fallthrough -fstrict-aliasing -Wprotocol -Wdeprecated-declarations -Wno-sign-conversion -Wno-infinite-recursion -Wno-comma -Wno-block-capture-autoreleasing -Wno-strict-prototypes -Wno-semicolon-before-method-body -index-store-path /Users/aleks/Library/Developer/Xcode/DerivedData/PlanItApp-gkehojshtcbfvhersqwajfujohau/Index.noindex/DataStore @/Users/aleks/Library/Developer/Xcode/DerivedData/PlanItApp-gkehojshtcbfvhersqwajfujohau/Build/Intermediates.noindex/AppAuth.build/Debug-iphonesimulator/AppAuthCore.build/Objects-normal/arm64/e6072d4f65d7061329687fe24e3d63a7-common-args.resp -include /Users/aleks/Library/Developer/Xcode/DerivedData/PlanItApp-gkehojshtcbfvhersqwajfujohau/Build/Intermediates.noindex/AppAuth.build/Debug-iphonesimulator/AppAuthCore.build/DerivedSources/resource_bundle_accessor.h -MMD -MT dependencies -MF /Users/aleks/Library/Developer/Xcode/DerivedData/PlanItApp-gkehojshtcbfvhersqwajfujohau/Build/Intermediates.noindex/AppAuth.build/Debug-iphonesimulator/AppAuthCore.build/Objects-normal/arm64/OIDTokenResponse.d --serialize-diagnostics /Users/aleks/Library/Developer/Xcode/DerivedData/PlanItApp-gkehojshtcbfvhersqwajfujohau/Build/Intermediates.noindex/AppAuth.build/Debug-iphonesimulator/AppAuthCore.build/Objects-normal/arm64/OIDTokenResponse.dia -c /Users/aleks/Library/Developer/Xcode/DerivedData/PlanItApp-gkehojshtcbfvhersqwajfujohau/SourcePackages/checkouts/AppAuth-iOS/Sources/AppAuthCore/OIDTokenResponse.m -o /Users/aleks/Library/Developer/Xcode/DerivedData/PlanItApp-gkehojshtcbfvhersqwajfujohau/Build/Intermediates.noindex/AppAuth.build/Debug-iphonesimulator/AppAuthCore.build/Objects-normal/arm64/OIDTokenResponse.o -index-unit-output-path /AppAuth.build/Debug-iphonesimulator/AppAuthCore.build/Objects-normal/arm64/OIDTokenResponse.o

CompileC /Users/aleks/Library/Developer/Xcode/DerivedData/PlanItApp-gkehojshtcbfvhersqwajfujohau/Build/Intermediates.noindex/AppAuth.build/Debug-iphonesimulator/AppAuthCore.build/Objects-normal/arm64/OIDTokenRequest.o /Users/aleks/Library/Developer/Xcode/DerivedData/PlanItApp-gkehojshtcbfvhersqwajfujohau/SourcePackages/checkouts/AppAuth-iOS/Sources/AppAuthCore/OIDTokenRequest.m normal arm64 objective-c com.apple.compilers.llvm.clang.1_0.compiler (in target 'AppAuthCore' from project 'AppAuth')
    cd /Users/aleks/Desktop/PlanItApp/PlanItApp.xcodeproj
    
    Using response file: /Users/aleks/Library/Developer/Xcode/DerivedData/PlanItApp-gkehojshtcbfvhersqwajfujohau/Build/Intermediates.noindex/AppAuth.build/Debug-iphonesimulator/AppAuthCore.build/Objects-normal/arm64/e6072d4f65d7061329687fe24e3d63a7-common-args.resp
    
    /Applications/Xcode.app/Contents/Developer/Toolchains/XcodeDefault.xctoolchain/usr/bin/clang -x objective-c -ivfsstatcache /Users/aleks/Library/Developer/Xcode/DerivedData/SDKStatCaches.noindex/iphonesimulator18.5-22F76-d5fc8ad4295d2ef488fb7d0f804ce0c4.sdkstatcache -fmessage-length\=0 -fdiagnostics-show-note-include-stack -fmacro-backtrace-limit\=0 -fno-color-diagnostics -fmodules-prune-interval\=86400 -fmodules-prune-after\=345600 -fbuild-session-file\=/Users/aleks/Library/Developer/Xcode/DerivedData/ModuleCache.noindex/Session.modulevalidation -fmodules-validate-once-per-build-session -Wnon-modular-include-in-framework-module -Werror\=non-modular-include-in-framework-module -Wno-trigraphs -Wno-missing-field-initializers -Wno-missing-prototypes -Wno-return-type -Wno-implicit-atomic-properties -Wno-objc-interface-ivars -Wno-arc-repeated-use-of-weak -Wno-missing-braces -Wparentheses -Wswitch -Wno-unused-function -Wno-unused-label -Wno-unused-parameter -Wno-unused-variable -Wunused-value -Wno-empty-body -Wno-uninitialized -Wno-unknown-pragmas -w -Wno-shadow -Wno-four-char-constants -Wno-conversion -Wno-constant-conversion -Wno-int-conversion -Wno-bool-conversion -Wno-enum-conversion -Wno-float-conversion -Wno-non-literal-null-conversion -Wno-objc-literal-conversion -Wshorten-64-to-32 -Wpointer-sign -Wno-newline-eof -Wno-selector -Wno-strict-selector-match -Wno-undeclared-selector -Wno-deprecated-implementations -Wno-implicit-fallthrough -fstrict-aliasing -Wprotocol -Wdeprecated-declarations -Wno-sign-conversion -Wno-infinite-recursion -Wno-comma -Wno-block-capture-autoreleasing -Wno-strict-prototypes -Wno-semicolon-before-method-body -index-store-path /Users/aleks/Library/Developer/Xcode/DerivedData/PlanItApp-gkehojshtcbfvhersqwajfujohau/Index.noindex/DataStore @/Users/aleks/Library/Developer/Xcode/DerivedData/PlanItApp-gkehojshtcbfvhersqwajfujohau/Build/Intermediates.noindex/AppAuth.build/Debug-iphonesimulator/AppAuthCore.build/Objects-normal/arm64/e6072d4f65d7061329687fe24e3d63a7-common-args.resp -include /Users/aleks/Library/Developer/Xcode/DerivedData/PlanItApp-gkehojshtcbfvhersqwajfujohau/Build/Intermediates.noindex/AppAuth.build/Debug-iphonesimulator/AppAuthCore.build/DerivedSources/resource_bundle_accessor.h -MMD -MT dependencies -MF /Users/aleks/Library/Developer/Xcode/DerivedData/PlanItApp-gkehojshtcbfvhersqwajfujohau/Build/Intermediates.noindex/AppAuth.build/Debug-iphonesimulator/AppAuthCore.build/Objects-normal/arm64/OIDTokenRequest.d --serialize-diagnostics /Users/aleks/Library/Developer/Xcode/DerivedData/PlanItApp-gkehojshtcbfvhersqwajfujohau/Build/Intermediates.noindex/AppAuth.build/Debug-iphonesimulator/AppAuthCore.build/Objects-normal/arm64/OIDTokenRequest.dia -c /Users/aleks/Library/Developer/Xcode/DerivedData/PlanItApp-gkehojshtcbfvhersqwajfujohau/SourcePackages/checkouts/AppAuth-iOS/Sources/AppAuthCore/OIDTokenRequest.m -o /Users/aleks/Library/Developer/Xcode/DerivedData/PlanItApp-gkehojshtcbfvhersqwajfujohau/Build/Intermediates.noindex/AppAuth.build/Debug-iphonesimulator/AppAuthCore.build/Objects-normal/arm64/OIDTokenRequest.o -index-unit-output-path /AppAuth.build/Debug-iphonesimulator/AppAuthCore.build/Objects-normal/arm64/OIDTokenRequest.o

CompileC /Users/aleks/Library/Developer/Xcode/DerivedData/PlanItApp-gkehojshtcbfvhersqwajfujohau/Build/Intermediates.noindex/AppAuth.build/Debug-iphonesimulator/AppAuthCore.build/Objects-normal/arm64/OIDServiceDiscovery.o /Users/aleks/Library/Developer/Xcode/DerivedData/PlanItApp-gkehojshtcbfvhersqwajfujohau/SourcePackages/checkouts/AppAuth-iOS/Sources/AppAuthCore/OIDServiceDiscovery.m normal arm64 objective-c com.apple.compilers.llvm.clang.1_0.compiler (in target 'AppAuthCore' from project 'AppAuth')
    cd /Users/aleks/Desktop/PlanItApp/PlanItApp.xcodeproj
    
    Using response file: /Users/aleks/Library/Developer/Xcode/DerivedData/PlanItApp-gkehojshtcbfvhersqwajfujohau/Build/Intermediates.noindex/AppAuth.build/Debug-iphonesimulator/AppAuthCore.build/Objects-normal/arm64/e6072d4f65d7061329687fe24e3d63a7-common-args.resp
    
    /Applications/Xcode.app/Contents/Developer/Toolchains/XcodeDefault.xctoolchain/usr/bin/clang -x objective-c -ivfsstatcache /Users/aleks/Library/Developer/Xcode/DerivedData/SDKStatCaches.noindex/iphonesimulator18.5-22F76-d5fc8ad4295d2ef488fb7d0f804ce0c4.sdkstatcache -fmessage-length\=0 -fdiagnostics-show-note-include-stack -fmacro-backtrace-limit\=0 -fno-color-diagnostics -fmodules-prune-interval\=86400 -fmodules-prune-after\=345600 -fbuild-session-file\=/Users/aleks/Library/Developer/Xcode/DerivedData/ModuleCache.noindex/Session.modulevalidation -fmodules-validate-once-per-build-session -Wnon-modular-include-in-framework-module -Werror\=non-modular-include-in-framework-module -Wno-trigraphs -Wno-missing-field-initializers -Wno-missing-prototypes -Wno-return-type -Wno-implicit-atomic-properties -Wno-objc-interface-ivars -Wno-arc-repeated-use-of-weak -Wno-missing-braces -Wparentheses -Wswitch -Wno-unused-function -Wno-unused-label -Wno-unused-parameter -Wno-unused-variable -Wunused-value -Wno-empty-body -Wno-uninitialized -Wno-unknown-pragmas -w -Wno-shadow -Wno-four-char-constants -Wno-conversion -Wno-constant-conversion -Wno-int-conversion -Wno-bool-conversion -Wno-enum-conversion -Wno-float-conversion -Wno-non-literal-null-conversion -Wno-objc-literal-conversion -Wshorten-64-to-32 -Wpointer-sign -Wno-newline-eof -Wno-selector -Wno-strict-selector-match -Wno-undeclared-selector -Wno-deprecated-implementations -Wno-implicit-fallthrough -fstrict-aliasing -Wprotocol -Wdeprecated-declarations -Wno-sign-conversion -Wno-infinite-recursion -Wno-comma -Wno-block-capture-autoreleasing -Wno-strict-prototypes -Wno-semicolon-before-method-body -index-store-path /Users/aleks/Library/Developer/Xcode/DerivedData/PlanItApp-gkehojshtcbfvhersqwajfujohau/Index.noindex/DataStore @/Users/aleks/Library/Developer/Xcode/DerivedData/PlanItApp-gkehojshtcbfvhersqwajfujohau/Build/Intermediates.noindex/AppAuth.build/Debug-iphonesimulator/AppAuthCore.build/Objects-normal/arm64/e6072d4f65d7061329687fe24e3d63a7-common-args.resp -include /Users/aleks/Library/Developer/Xcode/DerivedData/PlanItApp-gkehojshtcbfvhersqwajfujohau/Build/Intermediates.noindex/AppAuth.build/Debug-iphonesimulator/AppAuthCore.build/DerivedSources/resource_bundle_accessor.h -MMD -MT dependencies -MF /Users/aleks/Library/Developer/Xcode/DerivedData/PlanItApp-gkehojshtcbfvhersqwajfujohau/Build/Intermediates.noindex/AppAuth.build/Debug-iphonesimulator/AppAuthCore.build/Objects-normal/arm64/OIDServiceDiscovery.d --serialize-diagnostics /Users/aleks/Library/Developer/Xcode/DerivedData/PlanItApp-gkehojshtcbfvhersqwajfujohau/Build/Intermediates.noindex/AppAuth.build/Debug-iphonesimulator/AppAuthCore.build/Objects-normal/arm64/OIDServiceDiscovery.dia -c /Users/aleks/Library/Developer/Xcode/DerivedData/PlanItApp-gkehojshtcbfvhersqwajfujohau/SourcePackages/checkouts/AppAuth-iOS/Sources/AppAuthCore/OIDServiceDiscovery.m -o /Users/aleks/Library/Developer/Xcode/DerivedData/PlanItApp-gkehojshtcbfvhersqwajfujohau/Build/Intermediates.noindex/AppAuth.build/Debug-iphonesimulator/AppAuthCore.build/Objects-normal/arm64/OIDServiceDiscovery.o -index-unit-output-path /AppAuth.build/Debug-iphonesimulator/AppAuthCore.build/Objects-normal/arm64/OIDServiceDiscovery.o

CompileC /Users/aleks/Library/Developer/Xcode/DerivedData/PlanItApp-gkehojshtcbfvhersqwajfujohau/Build/Intermediates.noindex/AppAuth.build/Debug-iphonesimulator/AppAuthCore.build/Objects-normal/arm64/OIDServiceConfiguration.o /Users/aleks/Library/Developer/Xcode/DerivedData/PlanItApp-gkehojshtcbfvhersqwajfujohau/SourcePackages/checkouts/AppAuth-iOS/Sources/AppAuthCore/OIDServiceConfiguration.m normal arm64 objective-c com.apple.compilers.llvm.clang.1_0.compiler (in target 'AppAuthCore' from project 'AppAuth')
    cd /Users/aleks/Desktop/PlanItApp/PlanItApp.xcodeproj
    
    Using response file: /Users/aleks/Library/Developer/Xcode/DerivedData/PlanItApp-gkehojshtcbfvhersqwajfujohau/Build/Intermediates.noindex/AppAuth.build/Debug-iphonesimulator/AppAuthCore.build/Objects-normal/arm64/e6072d4f65d7061329687fe24e3d63a7-common-args.resp
    
    /Applications/Xcode.app/Contents/Developer/Toolchains/XcodeDefault.xctoolchain/usr/bin/clang -x objective-c -ivfsstatcache /Users/aleks/Library/Developer/Xcode/DerivedData/SDKStatCaches.noindex/iphonesimulator18.5-22F76-d5fc8ad4295d2ef488fb7d0f804ce0c4.sdkstatcache -fmessage-length\=0 -fdiagnostics-show-note-include-stack -fmacro-backtrace-limit\=0 -fno-color-diagnostics -fmodules-prune-interval\=86400 -fmodules-prune-after\=345600 -fbuild-session-file\=/Users/aleks/Library/Developer/Xcode/DerivedData/ModuleCache.noindex/Session.modulevalidation -fmodules-validate-once-per-build-session -Wnon-modular-include-in-framework-module -Werror\=non-modular-include-in-framework-module -Wno-trigraphs -Wno-missing-field-initializers -Wno-missing-prototypes -Wno-return-type -Wno-implicit-atomic-properties -Wno-objc-interface-ivars -Wno-arc-repeated-use-of-weak -Wno-missing-braces -Wparentheses -Wswitch -Wno-unused-function -Wno-unused-label -Wno-unused-parameter -Wno-unused-variable -Wunused-value -Wno-empty-body -Wno-uninitialized -Wno-unknown-pragmas -w -Wno-shadow -Wno-four-char-constants -Wno-conversion -Wno-constant-conversion -Wno-int-conversion -Wno-bool-conversion -Wno-enum-conversion -Wno-float-conversion -Wno-non-literal-null-conversion -Wno-objc-literal-conversion -Wshorten-64-to-32 -Wpointer-sign -Wno-newline-eof -Wno-selector -Wno-strict-selector-match -Wno-undeclared-selector -Wno-deprecated-implementations -Wno-implicit-fallthrough -fstrict-aliasing -Wprotocol -Wdeprecated-declarations -Wno-sign-conversion -Wno-infinite-recursion -Wno-comma -Wno-block-capture-autoreleasing -Wno-strict-prototypes -Wno-semicolon-before-method-body -index-store-path /Users/aleks/Library/Developer/Xcode/DerivedData/PlanItApp-gkehojshtcbfvhersqwajfujohau/Index.noindex/DataStore @/Users/aleks/Library/Developer/Xcode/DerivedData/PlanItApp-gkehojshtcbfvhersqwajfujohau/Build/Intermediates.noindex/AppAuth.build/Debug-iphonesimulator/AppAuthCore.build/Objects-normal/arm64/e6072d4f65d7061329687fe24e3d63a7-common-args.resp -include /Users/aleks/Library/Developer/Xcode/DerivedData/PlanItApp-gkehojshtcbfvhersqwajfujohau/Build/Intermediates.noindex/AppAuth.build/Debug-iphonesimulator/AppAuthCore.build/DerivedSources/resource_bundle_accessor.h -MMD -MT dependencies -MF /Users/aleks/Library/Developer/Xcode/DerivedData/PlanItApp-gkehojshtcbfvhersqwajfujohau/Build/Intermediates.noindex/AppAuth.build/Debug-iphonesimulator/AppAuthCore.build/Objects-normal/arm64/OIDServiceConfiguration.d --serialize-diagnostics /Users/aleks/Library/Developer/Xcode/DerivedData/PlanItApp-gkehojshtcbfvhersqwajfujohau/Build/Intermediates.noindex/AppAuth.build/Debug-iphonesimulator/AppAuthCore.build/Objects-normal/arm64/OIDServiceConfiguration.dia -c /Users/aleks/Library/Developer/Xcode/DerivedData/PlanItApp-gkehojshtcbfvhersqwajfujohau/SourcePackages/checkouts/AppAuth-iOS/Sources/AppAuthCore/OIDServiceConfiguration.m -o /Users/aleks/Library/Developer/Xcode/DerivedData/PlanItApp-gkehojshtcbfvhersqwajfujohau/Build/Intermediates.noindex/AppAuth.build/Debug-iphonesimulator/AppAuthCore.build/Objects-normal/arm64/OIDServiceConfiguration.o -index-unit-output-path /AppAuth.build/Debug-iphonesimulator/AppAuthCore.build/Objects-normal/arm64/OIDServiceConfiguration.o

SwiftDriverJobDiscovery normal arm64 Compiling HeartbeatController.swift, HeartbeatLoggingTestUtils.swift (in target 'FirebaseCoreInternal' from project 'Firebase')

CompileC /Users/aleks/Library/Developer/Xcode/DerivedData/PlanItApp-gkehojshtcbfvhersqwajfujohau/Build/Intermediates.noindex/AppAuth.build/Debug-iphonesimulator/AppAuthCore.build/Objects-normal/arm64/OIDScopes.o /Users/aleks/Library/Developer/Xcode/DerivedData/PlanItApp-gkehojshtcbfvhersqwajfujohau/SourcePackages/checkouts/AppAuth-iOS/Sources/AppAuthCore/OIDScopes.m normal arm64 objective-c com.apple.compilers.llvm.clang.1_0.compiler (in target 'AppAuthCore' from project 'AppAuth')
    cd /Users/aleks/Desktop/PlanItApp/PlanItApp.xcodeproj
    
    Using response file: /Users/aleks/Library/Developer/Xcode/DerivedData/PlanItApp-gkehojshtcbfvhersqwajfujohau/Build/Intermediates.noindex/AppAuth.build/Debug-iphonesimulator/AppAuthCore.build/Objects-normal/arm64/e6072d4f65d7061329687fe24e3d63a7-common-args.resp
    
    /Applications/Xcode.app/Contents/Developer/Toolchains/XcodeDefault.xctoolchain/usr/bin/clang -x objective-c -ivfsstatcache /Users/aleks/Library/Developer/Xcode/DerivedData/SDKStatCaches.noindex/iphonesimulator18.5-22F76-d5fc8ad4295d2ef488fb7d0f804ce0c4.sdkstatcache -fmessage-length\=0 -fdiagnostics-show-note-include-stack -fmacro-backtrace-limit\=0 -fno-color-diagnostics -fmodules-prune-interval\=86400 -fmodules-prune-after\=345600 -fbuild-session-file\=/Users/aleks/Library/Developer/Xcode/DerivedData/ModuleCache.noindex/Session.modulevalidation -fmodules-validate-once-per-build-session -Wnon-modular-include-in-framework-module -Werror\=non-modular-include-in-framework-module -Wno-trigraphs -Wno-missing-field-initializers -Wno-missing-prototypes -Wno-return-type -Wno-implicit-atomic-properties -Wno-objc-interface-ivars -Wno-arc-repeated-use-of-weak -Wno-missing-braces -Wparentheses -Wswitch -Wno-unused-function -Wno-unused-label -Wno-unused-parameter -Wno-unused-variable -Wunused-value -Wno-empty-body -Wno-uninitialized -Wno-unknown-pragmas -w -Wno-shadow -Wno-four-char-constants -Wno-conversion -Wno-constant-conversion -Wno-int-conversion -Wno-bool-conversion -Wno-enum-conversion -Wno-float-conversion -Wno-non-literal-null-conversion -Wno-objc-literal-conversion -Wshorten-64-to-32 -Wpointer-sign -Wno-newline-eof -Wno-selector -Wno-strict-selector-match -Wno-undeclared-selector -Wno-deprecated-implementations -Wno-implicit-fallthrough -fstrict-aliasing -Wprotocol -Wdeprecated-declarations -Wno-sign-conversion -Wno-infinite-recursion -Wno-comma -Wno-block-capture-autoreleasing -Wno-strict-prototypes -Wno-semicolon-before-method-body -index-store-path /Users/aleks/Library/Developer/Xcode/DerivedData/PlanItApp-gkehojshtcbfvhersqwajfujohau/Index.noindex/DataStore @/Users/aleks/Library/Developer/Xcode/DerivedData/PlanItApp-gkehojshtcbfvhersqwajfujohau/Build/Intermediates.noindex/AppAuth.build/Debug-iphonesimulator/AppAuthCore.build/Objects-normal/arm64/e6072d4f65d7061329687fe24e3d63a7-common-args.resp -include /Users/aleks/Library/Developer/Xcode/DerivedData/PlanItApp-gkehojshtcbfvhersqwajfujohau/Build/Intermediates.noindex/AppAuth.build/Debug-iphonesimulator/AppAuthCore.build/DerivedSources/resource_bundle_accessor.h -MMD -MT dependencies -MF /Users/aleks/Library/Developer/Xcode/DerivedData/PlanItApp-gkehojshtcbfvhersqwajfujohau/Build/Intermediates.noindex/AppAuth.build/Debug-iphonesimulator/AppAuthCore.build/Objects-normal/arm64/OIDScopes.d --serialize-diagnostics /Users/aleks/Library/Developer/Xcode/DerivedData/PlanItApp-gkehojshtcbfvhersqwajfujohau/Build/Intermediates.noindex/AppAuth.build/Debug-iphonesimulator/AppAuthCore.build/Objects-normal/arm64/OIDScopes.dia -c /Users/aleks/Library/Developer/Xcode/DerivedData/PlanItApp-gkehojshtcbfvhersqwajfujohau/SourcePackages/checkouts/AppAuth-iOS/Sources/AppAuthCore/OIDScopes.m -o /Users/aleks/Library/Developer/Xcode/DerivedData/PlanItApp-gkehojshtcbfvhersqwajfujohau/Build/Intermediates.noindex/AppAuth.build/Debug-iphonesimulator/AppAuthCore.build/Objects-normal/arm64/OIDScopes.o -index-unit-output-path /AppAuth.build/Debug-iphonesimulator/AppAuthCore.build/Objects-normal/arm64/OIDScopes.o

CompileC /Users/aleks/Library/Developer/Xcode/DerivedData/PlanItApp-gkehojshtcbfvhersqwajfujohau/Build/Intermediates.noindex/AppAuth.build/Debug-iphonesimulator/AppAuthCore.build/Objects-normal/arm64/OIDScopeUtilities.o /Users/aleks/Library/Developer/Xcode/DerivedData/PlanItApp-gkehojshtcbfvhersqwajfujohau/SourcePackages/checkouts/AppAuth-iOS/Sources/AppAuthCore/OIDScopeUtilities.m normal arm64 objective-c com.apple.compilers.llvm.clang.1_0.compiler (in target 'AppAuthCore' from project 'AppAuth')
    cd /Users/aleks/Desktop/PlanItApp/PlanItApp.xcodeproj
    
    Using response file: /Users/aleks/Library/Developer/Xcode/DerivedData/PlanItApp-gkehojshtcbfvhersqwajfujohau/Build/Intermediates.noindex/AppAuth.build/Debug-iphonesimulator/AppAuthCore.build/Objects-normal/arm64/e6072d4f65d7061329687fe24e3d63a7-common-args.resp
    
    /Applications/Xcode.app/Contents/Developer/Toolchains/XcodeDefault.xctoolchain/usr/bin/clang -x objective-c -ivfsstatcache /Users/aleks/Library/Developer/Xcode/DerivedData/SDKStatCaches.noindex/iphonesimulator18.5-22F76-d5fc8ad4295d2ef488fb7d0f804ce0c4.sdkstatcache -fmessage-length\=0 -fdiagnostics-show-note-include-stack -fmacro-backtrace-limit\=0 -fno-color-diagnostics -fmodules-prune-interval\=86400 -fmodules-prune-after\=345600 -fbuild-session-file\=/Users/aleks/Library/Developer/Xcode/DerivedData/ModuleCache.noindex/Session.modulevalidation -fmodules-validate-once-per-build-session -Wnon-modular-include-in-framework-module -Werror\=non-modular-include-in-framework-module -Wno-trigraphs -Wno-missing-field-initializers -Wno-missing-prototypes -Wno-return-type -Wno-implicit-atomic-properties -Wno-objc-interface-ivars -Wno-arc-repeated-use-of-weak -Wno-missing-braces -Wparentheses -Wswitch -Wno-unused-function -Wno-unused-label -Wno-unused-parameter -Wno-unused-variable -Wunused-value -Wno-empty-body -Wno-uninitialized -Wno-unknown-pragmas -w -Wno-shadow -Wno-four-char-constants -Wno-conversion -Wno-constant-conversion -Wno-int-conversion -Wno-bool-conversion -Wno-enum-conversion -Wno-float-conversion -Wno-non-literal-null-conversion -Wno-objc-literal-conversion -Wshorten-64-to-32 -Wpointer-sign -Wno-newline-eof -Wno-selector -Wno-strict-selector-match -Wno-undeclared-selector -Wno-deprecated-implementations -Wno-implicit-fallthrough -fstrict-aliasing -Wprotocol -Wdeprecated-declarations -Wno-sign-conversion -Wno-infinite-recursion -Wno-comma -Wno-block-capture-autoreleasing -Wno-strict-prototypes -Wno-semicolon-before-method-body -index-store-path /Users/aleks/Library/Developer/Xcode/DerivedData/PlanItApp-gkehojshtcbfvhersqwajfujohau/Index.noindex/DataStore @/Users/aleks/Library/Developer/Xcode/DerivedData/PlanItApp-gkehojshtcbfvhersqwajfujohau/Build/Intermediates.noindex/AppAuth.build/Debug-iphonesimulator/AppAuthCore.build/Objects-normal/arm64/e6072d4f65d7061329687fe24e3d63a7-common-args.resp -include /Users/aleks/Library/Developer/Xcode/DerivedData/PlanItApp-gkehojshtcbfvhersqwajfujohau/Build/Intermediates.noindex/AppAuth.build/Debug-iphonesimulator/AppAuthCore.build/DerivedSources/resource_bundle_accessor.h -MMD -MT dependencies -MF /Users/aleks/Library/Developer/Xcode/DerivedData/PlanItApp-gkehojshtcbfvhersqwajfujohau/Build/Intermediates.noindex/AppAuth.build/Debug-iphonesimulator/AppAuthCore.build/Objects-normal/arm64/OIDScopeUtilities.d --serialize-diagnostics /Users/aleks/Library/Developer/Xcode/DerivedData/PlanItApp-gkehojshtcbfvhersqwajfujohau/Build/Intermediates.noindex/AppAuth.build/Debug-iphonesimulator/AppAuthCore.build/Objects-normal/arm64/OIDScopeUtilities.dia -c /Users/aleks/Library/Developer/Xcode/DerivedData/PlanItApp-gkehojshtcbfvhersqwajfujohau/SourcePackages/checkouts/AppAuth-iOS/Sources/AppAuthCore/OIDScopeUtilities.m -o /Users/aleks/Library/Developer/Xcode/DerivedData/PlanItApp-gkehojshtcbfvhersqwajfujohau/Build/Intermediates.noindex/AppAuth.build/Debug-iphonesimulator/AppAuthCore.build/Objects-normal/arm64/OIDScopeUtilities.o -index-unit-output-path /AppAuth.build/Debug-iphonesimulator/AppAuthCore.build/Objects-normal/arm64/OIDScopeUtilities.o

CompileC /Users/aleks/Library/Developer/Xcode/DerivedData/PlanItApp-gkehojshtcbfvhersqwajfujohau/Build/Intermediates.noindex/AppAuth.build/Debug-iphonesimulator/AppAuthCore.build/Objects-normal/arm64/OIDResponseTypes.o /Users/aleks/Library/Developer/Xcode/DerivedData/PlanItApp-gkehojshtcbfvhersqwajfujohau/SourcePackages/checkouts/AppAuth-iOS/Sources/AppAuthCore/OIDResponseTypes.m normal arm64 objective-c com.apple.compilers.llvm.clang.1_0.compiler (in target 'AppAuthCore' from project 'AppAuth')
    cd /Users/aleks/Desktop/PlanItApp/PlanItApp.xcodeproj
    
    Using response file: /Users/aleks/Library/Developer/Xcode/DerivedData/PlanItApp-gkehojshtcbfvhersqwajfujohau/Build/Intermediates.noindex/AppAuth.build/Debug-iphonesimulator/AppAuthCore.build/Objects-normal/arm64/e6072d4f65d7061329687fe24e3d63a7-common-args.resp
    
    /Applications/Xcode.app/Contents/Developer/Toolchains/XcodeDefault.xctoolchain/usr/bin/clang -x objective-c -ivfsstatcache /Users/aleks/Library/Developer/Xcode/DerivedData/SDKStatCaches.noindex/iphonesimulator18.5-22F76-d5fc8ad4295d2ef488fb7d0f804ce0c4.sdkstatcache -fmessage-length\=0 -fdiagnostics-show-note-include-stack -fmacro-backtrace-limit\=0 -fno-color-diagnostics -fmodules-prune-interval\=86400 -fmodules-prune-after\=345600 -fbuild-session-file\=/Users/aleks/Library/Developer/Xcode/DerivedData/ModuleCache.noindex/Session.modulevalidation -fmodules-validate-once-per-build-session -Wnon-modular-include-in-framework-module -Werror\=non-modular-include-in-framework-module -Wno-trigraphs -Wno-missing-field-initializers -Wno-missing-prototypes -Wno-return-type -Wno-implicit-atomic-properties -Wno-objc-interface-ivars -Wno-arc-repeated-use-of-weak -Wno-missing-braces -Wparentheses -Wswitch -Wno-unused-function -Wno-unused-label -Wno-unused-parameter -Wno-unused-variable -Wunused-value -Wno-empty-body -Wno-uninitialized -Wno-unknown-pragmas -w -Wno-shadow -Wno-four-char-constants -Wno-conversion -Wno-constant-conversion -Wno-int-conversion -Wno-bool-conversion -Wno-enum-conversion -Wno-float-conversion -Wno-non-literal-null-conversion -Wno-objc-literal-conversion -Wshorten-64-to-32 -Wpointer-sign -Wno-newline-eof -Wno-selector -Wno-strict-selector-match -Wno-undeclared-selector -Wno-deprecated-implementations -Wno-implicit-fallthrough -fstrict-aliasing -Wprotocol -Wdeprecated-declarations -Wno-sign-conversion -Wno-infinite-recursion -Wno-comma -Wno-block-capture-autoreleasing -Wno-strict-prototypes -Wno-semicolon-before-method-body -index-store-path /Users/aleks/Library/Developer/Xcode/DerivedData/PlanItApp-gkehojshtcbfvhersqwajfujohau/Index.noindex/DataStore @/Users/aleks/Library/Developer/Xcode/DerivedData/PlanItApp-gkehojshtcbfvhersqwajfujohau/Build/Intermediates.noindex/AppAuth.build/Debug-iphonesimulator/AppAuthCore.build/Objects-normal/arm64/e6072d4f65d7061329687fe24e3d63a7-common-args.resp -include /Users/aleks/Library/Developer/Xcode/DerivedData/PlanItApp-gkehojshtcbfvhersqwajfujohau/Build/Intermediates.noindex/AppAuth.build/Debug-iphonesimulator/AppAuthCore.build/DerivedSources/resource_bundle_accessor.h -MMD -MT dependencies -MF /Users/aleks/Library/Developer/Xcode/DerivedData/PlanItApp-gkehojshtcbfvhersqwajfujohau/Build/Intermediates.noindex/AppAuth.build/Debug-iphonesimulator/AppAuthCore.build/Objects-normal/arm64/OIDResponseTypes.d --serialize-diagnostics /Users/aleks/Library/Developer/Xcode/DerivedData/PlanItApp-gkehojshtcbfvhersqwajfujohau/Build/Intermediates.noindex/AppAuth.build/Debug-iphonesimulator/AppAuthCore.build/Objects-normal/arm64/OIDResponseTypes.dia -c /Users/aleks/Library/Developer/Xcode/DerivedData/PlanItApp-gkehojshtcbfvhersqwajfujohau/SourcePackages/checkouts/AppAuth-iOS/Sources/AppAuthCore/OIDResponseTypes.m -o /Users/aleks/Library/Developer/Xcode/DerivedData/PlanItApp-gkehojshtcbfvhersqwajfujohau/Build/Intermediates.noindex/AppAuth.build/Debug-iphonesimulator/AppAuthCore.build/Objects-normal/arm64/OIDResponseTypes.o -index-unit-output-path /AppAuth.build/Debug-iphonesimulator/AppAuthCore.build/Objects-normal/arm64/OIDResponseTypes.o

CompileC /Users/aleks/Library/Developer/Xcode/DerivedData/PlanItApp-gkehojshtcbfvhersqwajfujohau/Build/Intermediates.noindex/AppAuth.build/Debug-iphonesimulator/AppAuthCore.build/Objects-normal/arm64/OIDRegistrationResponse.o /Users/aleks/Library/Developer/Xcode/DerivedData/PlanItApp-gkehojshtcbfvhersqwajfujohau/SourcePackages/checkouts/AppAuth-iOS/Sources/AppAuthCore/OIDRegistrationResponse.m normal arm64 objective-c com.apple.compilers.llvm.clang.1_0.compiler (in target 'AppAuthCore' from project 'AppAuth')
    cd /Users/aleks/Desktop/PlanItApp/PlanItApp.xcodeproj
    
    Using response file: /Users/aleks/Library/Developer/Xcode/DerivedData/PlanItApp-gkehojshtcbfvhersqwajfujohau/Build/Intermediates.noindex/AppAuth.build/Debug-iphonesimulator/AppAuthCore.build/Objects-normal/arm64/e6072d4f65d7061329687fe24e3d63a7-common-args.resp
    
    /Applications/Xcode.app/Contents/Developer/Toolchains/XcodeDefault.xctoolchain/usr/bin/clang -x objective-c -ivfsstatcache /Users/aleks/Library/Developer/Xcode/DerivedData/SDKStatCaches.noindex/iphonesimulator18.5-22F76-d5fc8ad4295d2ef488fb7d0f804ce0c4.sdkstatcache -fmessage-length\=0 -fdiagnostics-show-note-include-stack -fmacro-backtrace-limit\=0 -fno-color-diagnostics -fmodules-prune-interval\=86400 -fmodules-prune-after\=345600 -fbuild-session-file\=/Users/aleks/Library/Developer/Xcode/DerivedData/ModuleCache.noindex/Session.modulevalidation -fmodules-validate-once-per-build-session -Wnon-modular-include-in-framework-module -Werror\=non-modular-include-in-framework-module -Wno-trigraphs -Wno-missing-field-initializers -Wno-missing-prototypes -Wno-return-type -Wno-implicit-atomic-properties -Wno-objc-interface-ivars -Wno-arc-repeated-use-of-weak -Wno-missing-braces -Wparentheses -Wswitch -Wno-unused-function -Wno-unused-label -Wno-unused-parameter -Wno-unused-variable -Wunused-value -Wno-empty-body -Wno-uninitialized -Wno-unknown-pragmas -w -Wno-shadow -Wno-four-char-constants -Wno-conversion -Wno-constant-conversion -Wno-int-conversion -Wno-bool-conversion -Wno-enum-conversion -Wno-float-conversion -Wno-non-literal-null-conversion -Wno-objc-literal-conversion -Wshorten-64-to-32 -Wpointer-sign -Wno-newline-eof -Wno-selector -Wno-strict-selector-match -Wno-undeclared-selector -Wno-deprecated-implementations -Wno-implicit-fallthrough -fstrict-aliasing -Wprotocol -Wdeprecated-declarations -Wno-sign-conversion -Wno-infinite-recursion -Wno-comma -Wno-block-capture-autoreleasing -Wno-strict-prototypes -Wno-semicolon-before-method-body -index-store-path /Users/aleks/Library/Developer/Xcode/DerivedData/PlanItApp-gkehojshtcbfvhersqwajfujohau/Index.noindex/DataStore @/Users/aleks/Library/Developer/Xcode/DerivedData/PlanItApp-gkehojshtcbfvhersqwajfujohau/Build/Intermediates.noindex/AppAuth.build/Debug-iphonesimulator/AppAuthCore.build/Objects-normal/arm64/e6072d4f65d7061329687fe24e3d63a7-common-args.resp -include /Users/aleks/Library/Developer/Xcode/DerivedData/PlanItApp-gkehojshtcbfvhersqwajfujohau/Build/Intermediates.noindex/AppAuth.build/Debug-iphonesimulator/AppAuthCore.build/DerivedSources/resource_bundle_accessor.h -MMD -MT dependencies -MF /Users/aleks/Library/Developer/Xcode/DerivedData/PlanItApp-gkehojshtcbfvhersqwajfujohau/Build/Intermediates.noindex/AppAuth.build/Debug-iphonesimulator/AppAuthCore.build/Objects-normal/arm64/OIDRegistrationResponse.d --serialize-diagnostics /Users/aleks/Library/Developer/Xcode/DerivedData/PlanItApp-gkehojshtcbfvhersqwajfujohau/Build/Intermediates.noindex/AppAuth.build/Debug-iphonesimulator/AppAuthCore.build/Objects-normal/arm64/OIDRegistrationResponse.dia -c /Users/aleks/Library/Developer/Xcode/DerivedData/PlanItApp-gkehojshtcbfvhersqwajfujohau/SourcePackages/checkouts/AppAuth-iOS/Sources/AppAuthCore/OIDRegistrationResponse.m -o /Users/aleks/Library/Developer/Xcode/DerivedData/PlanItApp-gkehojshtcbfvhersqwajfujohau/Build/Intermediates.noindex/AppAuth.build/Debug-iphonesimulator/AppAuthCore.build/Objects-normal/arm64/OIDRegistrationResponse.o -index-unit-output-path /AppAuth.build/Debug-iphonesimulator/AppAuthCore.build/Objects-normal/arm64/OIDRegistrationResponse.o

CompileC /Users/aleks/Library/Developer/Xcode/DerivedData/PlanItApp-gkehojshtcbfvhersqwajfujohau/Build/Intermediates.noindex/AppAuth.build/Debug-iphonesimulator/AppAuthCore.build/Objects-normal/arm64/OIDRegistrationRequest.o /Users/aleks/Library/Developer/Xcode/DerivedData/PlanItApp-gkehojshtcbfvhersqwajfujohau/SourcePackages/checkouts/AppAuth-iOS/Sources/AppAuthCore/OIDRegistrationRequest.m normal arm64 objective-c com.apple.compilers.llvm.clang.1_0.compiler (in target 'AppAuthCore' from project 'AppAuth')
    cd /Users/aleks/Desktop/PlanItApp/PlanItApp.xcodeproj
    
    Using response file: /Users/aleks/Library/Developer/Xcode/DerivedData/PlanItApp-gkehojshtcbfvhersqwajfujohau/Build/Intermediates.noindex/AppAuth.build/Debug-iphonesimulator/AppAuthCore.build/Objects-normal/arm64/e6072d4f65d7061329687fe24e3d63a7-common-args.resp
    
    /Applications/Xcode.app/Contents/Developer/Toolchains/XcodeDefault.xctoolchain/usr/bin/clang -x objective-c -ivfsstatcache /Users/aleks/Library/Developer/Xcode/DerivedData/SDKStatCaches.noindex/iphonesimulator18.5-22F76-d5fc8ad4295d2ef488fb7d0f804ce0c4.sdkstatcache -fmessage-length\=0 -fdiagnostics-show-note-include-stack -fmacro-backtrace-limit\=0 -fno-color-diagnostics -fmodules-prune-interval\=86400 -fmodules-prune-after\=345600 -fbuild-session-file\=/Users/aleks/Library/Developer/Xcode/DerivedData/ModuleCache.noindex/Session.modulevalidation -fmodules-validate-once-per-build-session -Wnon-modular-include-in-framework-module -Werror\=non-modular-include-in-framework-module -Wno-trigraphs -Wno-missing-field-initializers -Wno-missing-prototypes -Wno-return-type -Wno-implicit-atomic-properties -Wno-objc-interface-ivars -Wno-arc-repeated-use-of-weak -Wno-missing-braces -Wparentheses -Wswitch -Wno-unused-function -Wno-unused-label -Wno-unused-parameter -Wno-unused-variable -Wunused-value -Wno-empty-body -Wno-uninitialized -Wno-unknown-pragmas -w -Wno-shadow -Wno-four-char-constants -Wno-conversion -Wno-constant-conversion -Wno-int-conversion -Wno-bool-conversion -Wno-enum-conversion -Wno-float-conversion -Wno-non-literal-null-conversion -Wno-objc-literal-conversion -Wshorten-64-to-32 -Wpointer-sign -Wno-newline-eof -Wno-selector -Wno-strict-selector-match -Wno-undeclared-selector -Wno-deprecated-implementations -Wno-implicit-fallthrough -fstrict-aliasing -Wprotocol -Wdeprecated-declarations -Wno-sign-conversion -Wno-infinite-recursion -Wno-comma -Wno-block-capture-autoreleasing -Wno-strict-prototypes -Wno-semicolon-before-method-body -index-store-path /Users/aleks/Library/Developer/Xcode/DerivedData/PlanItApp-gkehojshtcbfvhersqwajfujohau/Index.noindex/DataStore @/Users/aleks/Library/Developer/Xcode/DerivedData/PlanItApp-gkehojshtcbfvhersqwajfujohau/Build/Intermediates.noindex/AppAuth.build/Debug-iphonesimulator/AppAuthCore.build/Objects-normal/arm64/e6072d4f65d7061329687fe24e3d63a7-common-args.resp -include /Users/aleks/Library/Developer/Xcode/DerivedData/PlanItApp-gkehojshtcbfvhersqwajfujohau/Build/Intermediates.noindex/AppAuth.build/Debug-iphonesimulator/AppAuthCore.build/DerivedSources/resource_bundle_accessor.h -MMD -MT dependencies -MF /Users/aleks/Library/Developer/Xcode/DerivedData/PlanItApp-gkehojshtcbfvhersqwajfujohau/Build/Intermediates.noindex/AppAuth.build/Debug-iphonesimulator/AppAuthCore.build/Objects-normal/arm64/OIDRegistrationRequest.d --serialize-diagnostics /Users/aleks/Library/Developer/Xcode/DerivedData/PlanItApp-gkehojshtcbfvhersqwajfujohau/Build/Intermediates.noindex/AppAuth.build/Debug-iphonesimulator/AppAuthCore.build/Objects-normal/arm64/OIDRegistrationRequest.dia -c /Users/aleks/Library/Developer/Xcode/DerivedData/PlanItApp-gkehojshtcbfvhersqwajfujohau/SourcePackages/checkouts/AppAuth-iOS/Sources/AppAuthCore/OIDRegistrationRequest.m -o /Users/aleks/Library/Developer/Xcode/DerivedData/PlanItApp-gkehojshtcbfvhersqwajfujohau/Build/Intermediates.noindex/AppAuth.build/Debug-iphonesimulator/AppAuthCore.build/Objects-normal/arm64/OIDRegistrationRequest.o -index-unit-output-path /AppAuth.build/Debug-iphonesimulator/AppAuthCore.build/Objects-normal/arm64/OIDRegistrationRequest.o

CompileC /Users/aleks/Library/Developer/Xcode/DerivedData/PlanItApp-gkehojshtcbfvhersqwajfujohau/Build/Intermediates.noindex/AppAuth.build/Debug-iphonesimulator/AppAuthCore.build/Objects-normal/arm64/OIDIDToken.o /Users/aleks/Library/Developer/Xcode/DerivedData/PlanItApp-gkehojshtcbfvhersqwajfujohau/SourcePackages/checkouts/AppAuth-iOS/Sources/AppAuthCore/OIDIDToken.m normal arm64 objective-c com.apple.compilers.llvm.clang.1_0.compiler (in target 'AppAuthCore' from project 'AppAuth')
    cd /Users/aleks/Desktop/PlanItApp/PlanItApp.xcodeproj
    
    Using response file: /Users/aleks/Library/Developer/Xcode/DerivedData/PlanItApp-gkehojshtcbfvhersqwajfujohau/Build/Intermediates.noindex/AppAuth.build/Debug-iphonesimulator/AppAuthCore.build/Objects-normal/arm64/e6072d4f65d7061329687fe24e3d63a7-common-args.resp
    
    /Applications/Xcode.app/Contents/Developer/Toolchains/XcodeDefault.xctoolchain/usr/bin/clang -x objective-c -ivfsstatcache /Users/aleks/Library/Developer/Xcode/DerivedData/SDKStatCaches.noindex/iphonesimulator18.5-22F76-d5fc8ad4295d2ef488fb7d0f804ce0c4.sdkstatcache -fmessage-length\=0 -fdiagnostics-show-note-include-stack -fmacro-backtrace-limit\=0 -fno-color-diagnostics -fmodules-prune-interval\=86400 -fmodules-prune-after\=345600 -fbuild-session-file\=/Users/aleks/Library/Developer/Xcode/DerivedData/ModuleCache.noindex/Session.modulevalidation -fmodules-validate-once-per-build-session -Wnon-modular-include-in-framework-module -Werror\=non-modular-include-in-framework-module -Wno-trigraphs -Wno-missing-field-initializers -Wno-missing-prototypes -Wno-return-type -Wno-implicit-atomic-properties -Wno-objc-interface-ivars -Wno-arc-repeated-use-of-weak -Wno-missing-braces -Wparentheses -Wswitch -Wno-unused-function -Wno-unused-label -Wno-unused-parameter -Wno-unused-variable -Wunused-value -Wno-empty-body -Wno-uninitialized -Wno-unknown-pragmas -w -Wno-shadow -Wno-four-char-constants -Wno-conversion -Wno-constant-conversion -Wno-int-conversion -Wno-bool-conversion -Wno-enum-conversion -Wno-float-conversion -Wno-non-literal-null-conversion -Wno-objc-literal-conversion -Wshorten-64-to-32 -Wpointer-sign -Wno-newline-eof -Wno-selector -Wno-strict-selector-match -Wno-undeclared-selector -Wno-deprecated-implementations -Wno-implicit-fallthrough -fstrict-aliasing -Wprotocol -Wdeprecated-declarations -Wno-sign-conversion -Wno-infinite-recursion -Wno-comma -Wno-block-capture-autoreleasing -Wno-strict-prototypes -Wno-semicolon-before-method-body -index-store-path /Users/aleks/Library/Developer/Xcode/DerivedData/PlanItApp-gkehojshtcbfvhersqwajfujohau/Index.noindex/DataStore @/Users/aleks/Library/Developer/Xcode/DerivedData/PlanItApp-gkehojshtcbfvhersqwajfujohau/Build/Intermediates.noindex/AppAuth.build/Debug-iphonesimulator/AppAuthCore.build/Objects-normal/arm64/e6072d4f65d7061329687fe24e3d63a7-common-args.resp -include /Users/aleks/Library/Developer/Xcode/DerivedData/PlanItApp-gkehojshtcbfvhersqwajfujohau/Build/Intermediates.noindex/AppAuth.build/Debug-iphonesimulator/AppAuthCore.build/DerivedSources/resource_bundle_accessor.h -MMD -MT dependencies -MF /Users/aleks/Library/Developer/Xcode/DerivedData/PlanItApp-gkehojshtcbfvhersqwajfujohau/Build/Intermediates.noindex/AppAuth.build/Debug-iphonesimulator/AppAuthCore.build/Objects-normal/arm64/OIDIDToken.d --serialize-diagnostics /Users/aleks/Library/Developer/Xcode/DerivedData/PlanItApp-gkehojshtcbfvhersqwajfujohau/Build/Intermediates.noindex/AppAuth.build/Debug-iphonesimulator/AppAuthCore.build/Objects-normal/arm64/OIDIDToken.dia -c /Users/aleks/Library/Developer/Xcode/DerivedData/PlanItApp-gkehojshtcbfvhersqwajfujohau/SourcePackages/checkouts/AppAuth-iOS/Sources/AppAuthCore/OIDIDToken.m -o /Users/aleks/Library/Developer/Xcode/DerivedData/PlanItApp-gkehojshtcbfvhersqwajfujohau/Build/Intermediates.noindex/AppAuth.build/Debug-iphonesimulator/AppAuthCore.build/Objects-normal/arm64/OIDIDToken.o -index-unit-output-path /AppAuth.build/Debug-iphonesimulator/AppAuthCore.build/Objects-normal/arm64/OIDIDToken.o

CompileC /Users/aleks/Library/Developer/Xcode/DerivedData/PlanItApp-gkehojshtcbfvhersqwajfujohau/Build/Intermediates.noindex/AppAuth.build/Debug-iphonesimulator/AppAuthCore.build/Objects-normal/arm64/OIDGrantTypes.o /Users/aleks/Library/Developer/Xcode/DerivedData/PlanItApp-gkehojshtcbfvhersqwajfujohau/SourcePackages/checkouts/AppAuth-iOS/Sources/AppAuthCore/OIDGrantTypes.m normal arm64 objective-c com.apple.compilers.llvm.clang.1_0.compiler (in target 'AppAuthCore' from project 'AppAuth')
    cd /Users/aleks/Desktop/PlanItApp/PlanItApp.xcodeproj
    
    Using response file: /Users/aleks/Library/Developer/Xcode/DerivedData/PlanItApp-gkehojshtcbfvhersqwajfujohau/Build/Intermediates.noindex/AppAuth.build/Debug-iphonesimulator/AppAuthCore.build/Objects-normal/arm64/e6072d4f65d7061329687fe24e3d63a7-common-args.resp
    
    /Applications/Xcode.app/Contents/Developer/Toolchains/XcodeDefault.xctoolchain/usr/bin/clang -x objective-c -ivfsstatcache /Users/aleks/Library/Developer/Xcode/DerivedData/SDKStatCaches.noindex/iphonesimulator18.5-22F76-d5fc8ad4295d2ef488fb7d0f804ce0c4.sdkstatcache -fmessage-length\=0 -fdiagnostics-show-note-include-stack -fmacro-backtrace-limit\=0 -fno-color-diagnostics -fmodules-prune-interval\=86400 -fmodules-prune-after\=345600 -fbuild-session-file\=/Users/aleks/Library/Developer/Xcode/DerivedData/ModuleCache.noindex/Session.modulevalidation -fmodules-validate-once-per-build-session -Wnon-modular-include-in-framework-module -Werror\=non-modular-include-in-framework-module -Wno-trigraphs -Wno-missing-field-initializers -Wno-missing-prototypes -Wno-return-type -Wno-implicit-atomic-properties -Wno-objc-interface-ivars -Wno-arc-repeated-use-of-weak -Wno-missing-braces -Wparentheses -Wswitch -Wno-unused-function -Wno-unused-label -Wno-unused-parameter -Wno-unused-variable -Wunused-value -Wno-empty-body -Wno-uninitialized -Wno-unknown-pragmas -w -Wno-shadow -Wno-four-char-constants -Wno-conversion -Wno-constant-conversion -Wno-int-conversion -Wno-bool-conversion -Wno-enum-conversion -Wno-float-conversion -Wno-non-literal-null-conversion -Wno-objc-literal-conversion -Wshorten-64-to-32 -Wpointer-sign -Wno-newline-eof -Wno-selector -Wno-strict-selector-match -Wno-undeclared-selector -Wno-deprecated-implementations -Wno-implicit-fallthrough -fstrict-aliasing -Wprotocol -Wdeprecated-declarations -Wno-sign-conversion -Wno-infinite-recursion -Wno-comma -Wno-block-capture-autoreleasing -Wno-strict-prototypes -Wno-semicolon-before-method-body -index-store-path /Users/aleks/Library/Developer/Xcode/DerivedData/PlanItApp-gkehojshtcbfvhersqwajfujohau/Index.noindex/DataStore @/Users/aleks/Library/Developer/Xcode/DerivedData/PlanItApp-gkehojshtcbfvhersqwajfujohau/Build/Intermediates.noindex/AppAuth.build/Debug-iphonesimulator/AppAuthCore.build/Objects-normal/arm64/e6072d4f65d7061329687fe24e3d63a7-common-args.resp -include /Users/aleks/Library/Developer/Xcode/DerivedData/PlanItApp-gkehojshtcbfvhersqwajfujohau/Build/Intermediates.noindex/AppAuth.build/Debug-iphonesimulator/AppAuthCore.build/DerivedSources/resource_bundle_accessor.h -MMD -MT dependencies -MF /Users/aleks/Library/Developer/Xcode/DerivedData/PlanItApp-gkehojshtcbfvhersqwajfujohau/Build/Intermediates.noindex/AppAuth.build/Debug-iphonesimulator/AppAuthCore.build/Objects-normal/arm64/OIDGrantTypes.d --serialize-diagnostics /Users/aleks/Library/Developer/Xcode/DerivedData/PlanItApp-gkehojshtcbfvhersqwajfujohau/Build/Intermediates.noindex/AppAuth.build/Debug-iphonesimulator/AppAuthCore.build/Objects-normal/arm64/OIDGrantTypes.dia -c /Users/aleks/Library/Developer/Xcode/DerivedData/PlanItApp-gkehojshtcbfvhersqwajfujohau/SourcePackages/checkouts/AppAuth-iOS/Sources/AppAuthCore/OIDGrantTypes.m -o /Users/aleks/Library/Developer/Xcode/DerivedData/PlanItApp-gkehojshtcbfvhersqwajfujohau/Build/Intermediates.noindex/AppAuth.build/Debug-iphonesimulator/AppAuthCore.build/Objects-normal/arm64/OIDGrantTypes.o -index-unit-output-path /AppAuth.build/Debug-iphonesimulator/AppAuthCore.build/Objects-normal/arm64/OIDGrantTypes.o

CompileC /Users/aleks/Library/Developer/Xcode/DerivedData/PlanItApp-gkehojshtcbfvhersqwajfujohau/Build/Intermediates.noindex/AppAuth.build/Debug-iphonesimulator/AppAuthCore.build/Objects-normal/arm64/OIDFieldMapping.o /Users/aleks/Library/Developer/Xcode/DerivedData/PlanItApp-gkehojshtcbfvhersqwajfujohau/SourcePackages/checkouts/AppAuth-iOS/Sources/AppAuthCore/OIDFieldMapping.m normal arm64 objective-c com.apple.compilers.llvm.clang.1_0.compiler (in target 'AppAuthCore' from project 'AppAuth')
    cd /Users/aleks/Desktop/PlanItApp/PlanItApp.xcodeproj
    
    Using response file: /Users/aleks/Library/Developer/Xcode/DerivedData/PlanItApp-gkehojshtcbfvhersqwajfujohau/Build/Intermediates.noindex/AppAuth.build/Debug-iphonesimulator/AppAuthCore.build/Objects-normal/arm64/e6072d4f65d7061329687fe24e3d63a7-common-args.resp
    
    /Applications/Xcode.app/Contents/Developer/Toolchains/XcodeDefault.xctoolchain/usr/bin/clang -x objective-c -ivfsstatcache /Users/aleks/Library/Developer/Xcode/DerivedData/SDKStatCaches.noindex/iphonesimulator18.5-22F76-d5fc8ad4295d2ef488fb7d0f804ce0c4.sdkstatcache -fmessage-length\=0 -fdiagnostics-show-note-include-stack -fmacro-backtrace-limit\=0 -fno-color-diagnostics -fmodules-prune-interval\=86400 -fmodules-prune-after\=345600 -fbuild-session-file\=/Users/aleks/Library/Developer/Xcode/DerivedData/ModuleCache.noindex/Session.modulevalidation -fmodules-validate-once-per-build-session -Wnon-modular-include-in-framework-module -Werror\=non-modular-include-in-framework-module -Wno-trigraphs -Wno-missing-field-initializers -Wno-missing-prototypes -Wno-return-type -Wno-implicit-atomic-properties -Wno-objc-interface-ivars -Wno-arc-repeated-use-of-weak -Wno-missing-braces -Wparentheses -Wswitch -Wno-unused-function -Wno-unused-label -Wno-unused-parameter -Wno-unused-variable -Wunused-value -Wno-empty-body -Wno-uninitialized -Wno-unknown-pragmas -w -Wno-shadow -Wno-four-char-constants -Wno-conversion -Wno-constant-conversion -Wno-int-conversion -Wno-bool-conversion -Wno-enum-conversion -Wno-float-conversion -Wno-non-literal-null-conversion -Wno-objc-literal-conversion -Wshorten-64-to-32 -Wpointer-sign -Wno-newline-eof -Wno-selector -Wno-strict-selector-match -Wno-undeclared-selector -Wno-deprecated-implementations -Wno-implicit-fallthrough -fstrict-aliasing -Wprotocol -Wdeprecated-declarations -Wno-sign-conversion -Wno-infinite-recursion -Wno-comma -Wno-block-capture-autoreleasing -Wno-strict-prototypes -Wno-semicolon-before-method-body -index-store-path /Users/aleks/Library/Developer/Xcode/DerivedData/PlanItApp-gkehojshtcbfvhersqwajfujohau/Index.noindex/DataStore @/Users/aleks/Library/Developer/Xcode/DerivedData/PlanItApp-gkehojshtcbfvhersqwajfujohau/Build/Intermediates.noindex/AppAuth.build/Debug-iphonesimulator/AppAuthCore.build/Objects-normal/arm64/e6072d4f65d7061329687fe24e3d63a7-common-args.resp -include /Users/aleks/Library/Developer/Xcode/DerivedData/PlanItApp-gkehojshtcbfvhersqwajfujohau/Build/Intermediates.noindex/AppAuth.build/Debug-iphonesimulator/AppAuthCore.build/DerivedSources/resource_bundle_accessor.h -MMD -MT dependencies -MF /Users/aleks/Library/Developer/Xcode/DerivedData/PlanItApp-gkehojshtcbfvhersqwajfujohau/Build/Intermediates.noindex/AppAuth.build/Debug-iphonesimulator/AppAuthCore.build/Objects-normal/arm64/OIDFieldMapping.d --serialize-diagnostics /Users/aleks/Library/Developer/Xcode/DerivedData/PlanItApp-gkehojshtcbfvhersqwajfujohau/Build/Intermediates.noindex/AppAuth.build/Debug-iphonesimulator/AppAuthCore.build/Objects-normal/arm64/OIDFieldMapping.dia -c /Users/aleks/Library/Developer/Xcode/DerivedData/PlanItApp-gkehojshtcbfvhersqwajfujohau/SourcePackages/checkouts/AppAuth-iOS/Sources/AppAuthCore/OIDFieldMapping.m -o /Users/aleks/Library/Developer/Xcode/DerivedData/PlanItApp-gkehojshtcbfvhersqwajfujohau/Build/Intermediates.noindex/AppAuth.build/Debug-iphonesimulator/AppAuthCore.build/Objects-normal/arm64/OIDFieldMapping.o -index-unit-output-path /AppAuth.build/Debug-iphonesimulator/AppAuthCore.build/Objects-normal/arm64/OIDFieldMapping.o

CompileC /Users/aleks/Library/Developer/Xcode/DerivedData/PlanItApp-gkehojshtcbfvhersqwajfujohau/Build/Intermediates.noindex/AppAuth.build/Debug-iphonesimulator/AppAuthCore.build/Objects-normal/arm64/OIDErrorUtilities.o /Users/aleks/Library/Developer/Xcode/DerivedData/PlanItApp-gkehojshtcbfvhersqwajfujohau/SourcePackages/checkouts/AppAuth-iOS/Sources/AppAuthCore/OIDErrorUtilities.m normal arm64 objective-c com.apple.compilers.llvm.clang.1_0.compiler (in target 'AppAuthCore' from project 'AppAuth')
    cd /Users/aleks/Desktop/PlanItApp/PlanItApp.xcodeproj
    
    Using response file: /Users/aleks/Library/Developer/Xcode/DerivedData/PlanItApp-gkehojshtcbfvhersqwajfujohau/Build/Intermediates.noindex/AppAuth.build/Debug-iphonesimulator/AppAuthCore.build/Objects-normal/arm64/e6072d4f65d7061329687fe24e3d63a7-common-args.resp
    
    /Applications/Xcode.app/Contents/Developer/Toolchains/XcodeDefault.xctoolchain/usr/bin/clang -x objective-c -ivfsstatcache /Users/aleks/Library/Developer/Xcode/DerivedData/SDKStatCaches.noindex/iphonesimulator18.5-22F76-d5fc8ad4295d2ef488fb7d0f804ce0c4.sdkstatcache -fmessage-length\=0 -fdiagnostics-show-note-include-stack -fmacro-backtrace-limit\=0 -fno-color-diagnostics -fmodules-prune-interval\=86400 -fmodules-prune-after\=345600 -fbuild-session-file\=/Users/aleks/Library/Developer/Xcode/DerivedData/ModuleCache.noindex/Session.modulevalidation -fmodules-validate-once-per-build-session -Wnon-modular-include-in-framework-module -Werror\=non-modular-include-in-framework-module -Wno-trigraphs -Wno-missing-field-initializers -Wno-missing-prototypes -Wno-return-type -Wno-implicit-atomic-properties -Wno-objc-interface-ivars -Wno-arc-repeated-use-of-weak -Wno-missing-braces -Wparentheses -Wswitch -Wno-unused-function -Wno-unused-label -Wno-unused-parameter -Wno-unused-variable -Wunused-value -Wno-empty-body -Wno-uninitialized -Wno-unknown-pragmas -w -Wno-shadow -Wno-four-char-constants -Wno-conversion -Wno-constant-conversion -Wno-int-conversion -Wno-bool-conversion -Wno-enum-conversion -Wno-float-conversion -Wno-non-literal-null-conversion -Wno-objc-literal-conversion -Wshorten-64-to-32 -Wpointer-sign -Wno-newline-eof -Wno-selector -Wno-strict-selector-match -Wno-undeclared-selector -Wno-deprecated-implementations -Wno-implicit-fallthrough -fstrict-aliasing -Wprotocol -Wdeprecated-declarations -Wno-sign-conversion -Wno-infinite-recursion -Wno-comma -Wno-block-capture-autoreleasing -Wno-strict-prototypes -Wno-semicolon-before-method-body -index-store-path /Users/aleks/Library/Developer/Xcode/DerivedData/PlanItApp-gkehojshtcbfvhersqwajfujohau/Index.noindex/DataStore @/Users/aleks/Library/Developer/Xcode/DerivedData/PlanItApp-gkehojshtcbfvhersqwajfujohau/Build/Intermediates.noindex/AppAuth.build/Debug-iphonesimulator/AppAuthCore.build/Objects-normal/arm64/e6072d4f65d7061329687fe24e3d63a7-common-args.resp -include /Users/aleks/Library/Developer/Xcode/DerivedData/PlanItApp-gkehojshtcbfvhersqwajfujohau/Build/Intermediates.noindex/AppAuth.build/Debug-iphonesimulator/AppAuthCore.build/DerivedSources/resource_bundle_accessor.h -MMD -MT dependencies -MF /Users/aleks/Library/Developer/Xcode/DerivedData/PlanItApp-gkehojshtcbfvhersqwajfujohau/Build/Intermediates.noindex/AppAuth.build/Debug-iphonesimulator/AppAuthCore.build/Objects-normal/arm64/OIDErrorUtilities.d --serialize-diagnostics /Users/aleks/Library/Developer/Xcode/DerivedData/PlanItApp-gkehojshtcbfvhersqwajfujohau/Build/Intermediates.noindex/AppAuth.build/Debug-iphonesimulator/AppAuthCore.build/Objects-normal/arm64/OIDErrorUtilities.dia -c /Users/aleks/Library/Developer/Xcode/DerivedData/PlanItApp-gkehojshtcbfvhersqwajfujohau/SourcePackages/checkouts/AppAuth-iOS/Sources/AppAuthCore/OIDErrorUtilities.m -o /Users/aleks/Library/Developer/Xcode/DerivedData/PlanItApp-gkehojshtcbfvhersqwajfujohau/Build/Intermediates.noindex/AppAuth.build/Debug-iphonesimulator/AppAuthCore.build/Objects-normal/arm64/OIDErrorUtilities.o -index-unit-output-path /AppAuth.build/Debug-iphonesimulator/AppAuthCore.build/Objects-normal/arm64/OIDErrorUtilities.o

CompileC /Users/aleks/Library/Developer/Xcode/DerivedData/PlanItApp-gkehojshtcbfvhersqwajfujohau/Build/Intermediates.noindex/AppAuth.build/Debug-iphonesimulator/AppAuthCore.build/Objects-normal/arm64/OIDError.o /Users/aleks/Library/Developer/Xcode/DerivedData/PlanItApp-gkehojshtcbfvhersqwajfujohau/SourcePackages/checkouts/AppAuth-iOS/Sources/AppAuthCore/OIDError.m normal arm64 objective-c com.apple.compilers.llvm.clang.1_0.compiler (in target 'AppAuthCore' from project 'AppAuth')
    cd /Users/aleks/Desktop/PlanItApp/PlanItApp.xcodeproj
    
    Using response file: /Users/aleks/Library/Developer/Xcode/DerivedData/PlanItApp-gkehojshtcbfvhersqwajfujohau/Build/Intermediates.noindex/AppAuth.build/Debug-iphonesimulator/AppAuthCore.build/Objects-normal/arm64/e6072d4f65d7061329687fe24e3d63a7-common-args.resp
    
    /Applications/Xcode.app/Contents/Developer/Toolchains/XcodeDefault.xctoolchain/usr/bin/clang -x objective-c -ivfsstatcache /Users/aleks/Library/Developer/Xcode/DerivedData/SDKStatCaches.noindex/iphonesimulator18.5-22F76-d5fc8ad4295d2ef488fb7d0f804ce0c4.sdkstatcache -fmessage-length\=0 -fdiagnostics-show-note-include-stack -fmacro-backtrace-limit\=0 -fno-color-diagnostics -fmodules-prune-interval\=86400 -fmodules-prune-after\=345600 -fbuild-session-file\=/Users/aleks/Library/Developer/Xcode/DerivedData/ModuleCache.noindex/Session.modulevalidation -fmodules-validate-once-per-build-session -Wnon-modular-include-in-framework-module -Werror\=non-modular-include-in-framework-module -Wno-trigraphs -Wno-missing-field-initializers -Wno-missing-prototypes -Wno-return-type -Wno-implicit-atomic-properties -Wno-objc-interface-ivars -Wno-arc-repeated-use-of-weak -Wno-missing-braces -Wparentheses -Wswitch -Wno-unused-function -Wno-unused-label -Wno-unused-parameter -Wno-unused-variable -Wunused-value -Wno-empty-body -Wno-uninitialized -Wno-unknown-pragmas -w -Wno-shadow -Wno-four-char-constants -Wno-conversion -Wno-constant-conversion -Wno-int-conversion -Wno-bool-conversion -Wno-enum-conversion -Wno-float-conversion -Wno-non-literal-null-conversion -Wno-objc-literal-conversion -Wshorten-64-to-32 -Wpointer-sign -Wno-newline-eof -Wno-selector -Wno-strict-selector-match -Wno-undeclared-selector -Wno-deprecated-implementations -Wno-implicit-fallthrough -fstrict-aliasing -Wprotocol -Wdeprecated-declarations -Wno-sign-conversion -Wno-infinite-recursion -Wno-comma -Wno-block-capture-autoreleasing -Wno-strict-prototypes -Wno-semicolon-before-method-body -index-store-path /Users/aleks/Library/Developer/Xcode/DerivedData/PlanItApp-gkehojshtcbfvhersqwajfujohau/Index.noindex/DataStore @/Users/aleks/Library/Developer/Xcode/DerivedData/PlanItApp-gkehojshtcbfvhersqwajfujohau/Build/Intermediates.noindex/AppAuth.build/Debug-iphonesimulator/AppAuthCore.build/Objects-normal/arm64/e6072d4f65d7061329687fe24e3d63a7-common-args.resp -include /Users/aleks/Library/Developer/Xcode/DerivedData/PlanItApp-gkehojshtcbfvhersqwajfujohau/Build/Intermediates.noindex/AppAuth.build/Debug-iphonesimulator/AppAuthCore.build/DerivedSources/resource_bundle_accessor.h -MMD -MT dependencies -MF /Users/aleks/Library/Developer/Xcode/DerivedData/PlanItApp-gkehojshtcbfvhersqwajfujohau/Build/Intermediates.noindex/AppAuth.build/Debug-iphonesimulator/AppAuthCore.build/Objects-normal/arm64/OIDError.d --serialize-diagnostics /Users/aleks/Library/Developer/Xcode/DerivedData/PlanItApp-gkehojshtcbfvhersqwajfujohau/Build/Intermediates.noindex/AppAuth.build/Debug-iphonesimulator/AppAuthCore.build/Objects-normal/arm64/OIDError.dia -c /Users/aleks/Library/Developer/Xcode/DerivedData/PlanItApp-gkehojshtcbfvhersqwajfujohau/SourcePackages/checkouts/AppAuth-iOS/Sources/AppAuthCore/OIDError.m -o /Users/aleks/Library/Developer/Xcode/DerivedData/PlanItApp-gkehojshtcbfvhersqwajfujohau/Build/Intermediates.noindex/AppAuth.build/Debug-iphonesimulator/AppAuthCore.build/Objects-normal/arm64/OIDError.o -index-unit-output-path /AppAuth.build/Debug-iphonesimulator/AppAuthCore.build/Objects-normal/arm64/OIDError.o

CompileC /Users/aleks/Library/Developer/Xcode/DerivedData/PlanItApp-gkehojshtcbfvhersqwajfujohau/Build/Intermediates.noindex/AppAuth.build/Debug-iphonesimulator/AppAuthCore.build/Objects-normal/arm64/OIDEndSessionResponse.o /Users/aleks/Library/Developer/Xcode/DerivedData/PlanItApp-gkehojshtcbfvhersqwajfujohau/SourcePackages/checkouts/AppAuth-iOS/Sources/AppAuthCore/OIDEndSessionResponse.m normal arm64 objective-c com.apple.compilers.llvm.clang.1_0.compiler (in target 'AppAuthCore' from project 'AppAuth')
    cd /Users/aleks/Desktop/PlanItApp/PlanItApp.xcodeproj
    
    Using response file: /Users/aleks/Library/Developer/Xcode/DerivedData/PlanItApp-gkehojshtcbfvhersqwajfujohau/Build/Intermediates.noindex/AppAuth.build/Debug-iphonesimulator/AppAuthCore.build/Objects-normal/arm64/e6072d4f65d7061329687fe24e3d63a7-common-args.resp
    
    /Applications/Xcode.app/Contents/Developer/Toolchains/XcodeDefault.xctoolchain/usr/bin/clang -x objective-c -ivfsstatcache /Users/aleks/Library/Developer/Xcode/DerivedData/SDKStatCaches.noindex/iphonesimulator18.5-22F76-d5fc8ad4295d2ef488fb7d0f804ce0c4.sdkstatcache -fmessage-length\=0 -fdiagnostics-show-note-include-stack -fmacro-backtrace-limit\=0 -fno-color-diagnostics -fmodules-prune-interval\=86400 -fmodules-prune-after\=345600 -fbuild-session-file\=/Users/aleks/Library/Developer/Xcode/DerivedData/ModuleCache.noindex/Session.modulevalidation -fmodules-validate-once-per-build-session -Wnon-modular-include-in-framework-module -Werror\=non-modular-include-in-framework-module -Wno-trigraphs -Wno-missing-field-initializers -Wno-missing-prototypes -Wno-return-type -Wno-implicit-atomic-properties -Wno-objc-interface-ivars -Wno-arc-repeated-use-of-weak -Wno-missing-braces -Wparentheses -Wswitch -Wno-unused-function -Wno-unused-label -Wno-unused-parameter -Wno-unused-variable -Wunused-value -Wno-empty-body -Wno-uninitialized -Wno-unknown-pragmas -w -Wno-shadow -Wno-four-char-constants -Wno-conversion -Wno-constant-conversion -Wno-int-conversion -Wno-bool-conversion -Wno-enum-conversion -Wno-float-conversion -Wno-non-literal-null-conversion -Wno-objc-literal-conversion -Wshorten-64-to-32 -Wpointer-sign -Wno-newline-eof -Wno-selector -Wno-strict-selector-match -Wno-undeclared-selector -Wno-deprecated-implementations -Wno-implicit-fallthrough -fstrict-aliasing -Wprotocol -Wdeprecated-declarations -Wno-sign-conversion -Wno-infinite-recursion -Wno-comma -Wno-block-capture-autoreleasing -Wno-strict-prototypes -Wno-semicolon-before-method-body -index-store-path /Users/aleks/Library/Developer/Xcode/DerivedData/PlanItApp-gkehojshtcbfvhersqwajfujohau/Index.noindex/DataStore @/Users/aleks/Library/Developer/Xcode/DerivedData/PlanItApp-gkehojshtcbfvhersqwajfujohau/Build/Intermediates.noindex/AppAuth.build/Debug-iphonesimulator/AppAuthCore.build/Objects-normal/arm64/e6072d4f65d7061329687fe24e3d63a7-common-args.resp -include /Users/aleks/Library/Developer/Xcode/DerivedData/PlanItApp-gkehojshtcbfvhersqwajfujohau/Build/Intermediates.noindex/AppAuth.build/Debug-iphonesimulator/AppAuthCore.build/DerivedSources/resource_bundle_accessor.h -MMD -MT dependencies -MF /Users/aleks/Library/Developer/Xcode/DerivedData/PlanItApp-gkehojshtcbfvhersqwajfujohau/Build/Intermediates.noindex/AppAuth.build/Debug-iphonesimulator/AppAuthCore.build/Objects-normal/arm64/OIDEndSessionResponse.d --serialize-diagnostics /Users/aleks/Library/Developer/Xcode/DerivedData/PlanItApp-gkehojshtcbfvhersqwajfujohau/Build/Intermediates.noindex/AppAuth.build/Debug-iphonesimulator/AppAuthCore.build/Objects-normal/arm64/OIDEndSessionResponse.dia -c /Users/aleks/Library/Developer/Xcode/DerivedData/PlanItApp-gkehojshtcbfvhersqwajfujohau/SourcePackages/checkouts/AppAuth-iOS/Sources/AppAuthCore/OIDEndSessionResponse.m -o /Users/aleks/Library/Developer/Xcode/DerivedData/PlanItApp-gkehojshtcbfvhersqwajfujohau/Build/Intermediates.noindex/AppAuth.build/Debug-iphonesimulator/AppAuthCore.build/Objects-normal/arm64/OIDEndSessionResponse.o -index-unit-output-path /AppAuth.build/Debug-iphonesimulator/AppAuthCore.build/Objects-normal/arm64/OIDEndSessionResponse.o

CompileC /Users/aleks/Library/Developer/Xcode/DerivedData/PlanItApp-gkehojshtcbfvhersqwajfujohau/Build/Intermediates.noindex/AppAuth.build/Debug-iphonesimulator/AppAuthCore.build/Objects-normal/arm64/OIDEndSessionRequest.o /Users/aleks/Library/Developer/Xcode/DerivedData/PlanItApp-gkehojshtcbfvhersqwajfujohau/SourcePackages/checkouts/AppAuth-iOS/Sources/AppAuthCore/OIDEndSessionRequest.m normal arm64 objective-c com.apple.compilers.llvm.clang.1_0.compiler (in target 'AppAuthCore' from project 'AppAuth')
    cd /Users/aleks/Desktop/PlanItApp/PlanItApp.xcodeproj
    
    Using response file: /Users/aleks/Library/Developer/Xcode/DerivedData/PlanItApp-gkehojshtcbfvhersqwajfujohau/Build/Intermediates.noindex/AppAuth.build/Debug-iphonesimulator/AppAuthCore.build/Objects-normal/arm64/e6072d4f65d7061329687fe24e3d63a7-common-args.resp
    
    /Applications/Xcode.app/Contents/Developer/Toolchains/XcodeDefault.xctoolchain/usr/bin/clang -x objective-c -ivfsstatcache /Users/aleks/Library/Developer/Xcode/DerivedData/SDKStatCaches.noindex/iphonesimulator18.5-22F76-d5fc8ad4295d2ef488fb7d0f804ce0c4.sdkstatcache -fmessage-length\=0 -fdiagnostics-show-note-include-stack -fmacro-backtrace-limit\=0 -fno-color-diagnostics -fmodules-prune-interval\=86400 -fmodules-prune-after\=345600 -fbuild-session-file\=/Users/aleks/Library/Developer/Xcode/DerivedData/ModuleCache.noindex/Session.modulevalidation -fmodules-validate-once-per-build-session -Wnon-modular-include-in-framework-module -Werror\=non-modular-include-in-framework-module -Wno-trigraphs -Wno-missing-field-initializers -Wno-missing-prototypes -Wno-return-type -Wno-implicit-atomic-properties -Wno-objc-interface-ivars -Wno-arc-repeated-use-of-weak -Wno-missing-braces -Wparentheses -Wswitch -Wno-unused-function -Wno-unused-label -Wno-unused-parameter -Wno-unused-variable -Wunused-value -Wno-empty-body -Wno-uninitialized -Wno-unknown-pragmas -w -Wno-shadow -Wno-four-char-constants -Wno-conversion -Wno-constant-conversion -Wno-int-conversion -Wno-bool-conversion -Wno-enum-conversion -Wno-float-conversion -Wno-non-literal-null-conversion -Wno-objc-literal-conversion -Wshorten-64-to-32 -Wpointer-sign -Wno-newline-eof -Wno-selector -Wno-strict-selector-match -Wno-undeclared-selector -Wno-deprecated-implementations -Wno-implicit-fallthrough -fstrict-aliasing -Wprotocol -Wdeprecated-declarations -Wno-sign-conversion -Wno-infinite-recursion -Wno-comma -Wno-block-capture-autoreleasing -Wno-strict-prototypes -Wno-semicolon-before-method-body -index-store-path /Users/aleks/Library/Developer/Xcode/DerivedData/PlanItApp-gkehojshtcbfvhersqwajfujohau/Index.noindex/DataStore @/Users/aleks/Library/Developer/Xcode/DerivedData/PlanItApp-gkehojshtcbfvhersqwajfujohau/Build/Intermediates.noindex/AppAuth.build/Debug-iphonesimulator/AppAuthCore.build/Objects-normal/arm64/e6072d4f65d7061329687fe24e3d63a7-common-args.resp -include /Users/aleks/Library/Developer/Xcode/DerivedData/PlanItApp-gkehojshtcbfvhersqwajfujohau/Build/Intermediates.noindex/AppAuth.build/Debug-iphonesimulator/AppAuthCore.build/DerivedSources/resource_bundle_accessor.h -MMD -MT dependencies -MF /Users/aleks/Library/Developer/Xcode/DerivedData/PlanItApp-gkehojshtcbfvhersqwajfujohau/Build/Intermediates.noindex/AppAuth.build/Debug-iphonesimulator/AppAuthCore.build/Objects-normal/arm64/OIDEndSessionRequest.d --serialize-diagnostics /Users/aleks/Library/Developer/Xcode/DerivedData/PlanItApp-gkehojshtcbfvhersqwajfujohau/Build/Intermediates.noindex/AppAuth.build/Debug-iphonesimulator/AppAuthCore.build/Objects-normal/arm64/OIDEndSessionRequest.dia -c /Users/aleks/Library/Developer/Xcode/DerivedData/PlanItApp-gkehojshtcbfvhersqwajfujohau/SourcePackages/checkouts/AppAuth-iOS/Sources/AppAuthCore/OIDEndSessionRequest.m -o /Users/aleks/Library/Developer/Xcode/DerivedData/PlanItApp-gkehojshtcbfvhersqwajfujohau/Build/Intermediates.noindex/AppAuth.build/Debug-iphonesimulator/AppAuthCore.build/Objects-normal/arm64/OIDEndSessionRequest.o -index-unit-output-path /AppAuth.build/Debug-iphonesimulator/AppAuthCore.build/Objects-normal/arm64/OIDEndSessionRequest.o

CompileC /Users/aleks/Library/Developer/Xcode/DerivedData/PlanItApp-gkehojshtcbfvhersqwajfujohau/Build/Intermediates.noindex/AppAuth.build/Debug-iphonesimulator/AppAuthCore.build/Objects-normal/arm64/OIDClientMetadataParameters.o /Users/aleks/Library/Developer/Xcode/DerivedData/PlanItApp-gkehojshtcbfvhersqwajfujohau/SourcePackages/checkouts/AppAuth-iOS/Sources/AppAuthCore/OIDClientMetadataParameters.m normal arm64 objective-c com.apple.compilers.llvm.clang.1_0.compiler (in target 'AppAuthCore' from project 'AppAuth')
    cd /Users/aleks/Desktop/PlanItApp/PlanItApp.xcodeproj
    
    Using response file: /Users/aleks/Library/Developer/Xcode/DerivedData/PlanItApp-gkehojshtcbfvhersqwajfujohau/Build/Intermediates.noindex/AppAuth.build/Debug-iphonesimulator/AppAuthCore.build/Objects-normal/arm64/e6072d4f65d7061329687fe24e3d63a7-common-args.resp
    
    /Applications/Xcode.app/Contents/Developer/Toolchains/XcodeDefault.xctoolchain/usr/bin/clang -x objective-c -ivfsstatcache /Users/aleks/Library/Developer/Xcode/DerivedData/SDKStatCaches.noindex/iphonesimulator18.5-22F76-d5fc8ad4295d2ef488fb7d0f804ce0c4.sdkstatcache -fmessage-length\=0 -fdiagnostics-show-note-include-stack -fmacro-backtrace-limit\=0 -fno-color-diagnostics -fmodules-prune-interval\=86400 -fmodules-prune-after\=345600 -fbuild-session-file\=/Users/aleks/Library/Developer/Xcode/DerivedData/ModuleCache.noindex/Session.modulevalidation -fmodules-validate-once-per-build-session -Wnon-modular-include-in-framework-module -Werror\=non-modular-include-in-framework-module -Wno-trigraphs -Wno-missing-field-initializers -Wno-missing-prototypes -Wno-return-type -Wno-implicit-atomic-properties -Wno-objc-interface-ivars -Wno-arc-repeated-use-of-weak -Wno-missing-braces -Wparentheses -Wswitch -Wno-unused-function -Wno-unused-label -Wno-unused-parameter -Wno-unused-variable -Wunused-value -Wno-empty-body -Wno-uninitialized -Wno-unknown-pragmas -w -Wno-shadow -Wno-four-char-constants -Wno-conversion -Wno-constant-conversion -Wno-int-conversion -Wno-bool-conversion -Wno-enum-conversion -Wno-float-conversion -Wno-non-literal-null-conversion -Wno-objc-literal-conversion -Wshorten-64-to-32 -Wpointer-sign -Wno-newline-eof -Wno-selector -Wno-strict-selector-match -Wno-undeclared-selector -Wno-deprecated-implementations -Wno-implicit-fallthrough -fstrict-aliasing -Wprotocol -Wdeprecated-declarations -Wno-sign-conversion -Wno-infinite-recursion -Wno-comma -Wno-block-capture-autoreleasing -Wno-strict-prototypes -Wno-semicolon-before-method-body -index-store-path /Users/aleks/Library/Developer/Xcode/DerivedData/PlanItApp-gkehojshtcbfvhersqwajfujohau/Index.noindex/DataStore @/Users/aleks/Library/Developer/Xcode/DerivedData/PlanItApp-gkehojshtcbfvhersqwajfujohau/Build/Intermediates.noindex/AppAuth.build/Debug-iphonesimulator/AppAuthCore.build/Objects-normal/arm64/e6072d4f65d7061329687fe24e3d63a7-common-args.resp -include /Users/aleks/Library/Developer/Xcode/DerivedData/PlanItApp-gkehojshtcbfvhersqwajfujohau/Build/Intermediates.noindex/AppAuth.build/Debug-iphonesimulator/AppAuthCore.build/DerivedSources/resource_bundle_accessor.h -MMD -MT dependencies -MF /Users/aleks/Library/Developer/Xcode/DerivedData/PlanItApp-gkehojshtcbfvhersqwajfujohau/Build/Intermediates.noindex/AppAuth.build/Debug-iphonesimulator/AppAuthCore.build/Objects-normal/arm64/OIDClientMetadataParameters.d --serialize-diagnostics /Users/aleks/Library/Developer/Xcode/DerivedData/PlanItApp-gkehojshtcbfvhersqwajfujohau/Build/Intermediates.noindex/AppAuth.build/Debug-iphonesimulator/AppAuthCore.build/Objects-normal/arm64/OIDClientMetadataParameters.dia -c /Users/aleks/Library/Developer/Xcode/DerivedData/PlanItApp-gkehojshtcbfvhersqwajfujohau/SourcePackages/checkouts/AppAuth-iOS/Sources/AppAuthCore/OIDClientMetadataParameters.m -o /Users/aleks/Library/Developer/Xcode/DerivedData/PlanItApp-gkehojshtcbfvhersqwajfujohau/Build/Intermediates.noindex/AppAuth.build/Debug-iphonesimulator/AppAuthCore.build/Objects-normal/arm64/OIDClientMetadataParameters.o -index-unit-output-path /AppAuth.build/Debug-iphonesimulator/AppAuthCore.build/Objects-normal/arm64/OIDClientMetadataParameters.o

CompileC /Users/aleks/Library/Developer/Xcode/DerivedData/PlanItApp-gkehojshtcbfvhersqwajfujohau/Build/Intermediates.noindex/AppAuth.build/Debug-iphonesimulator/AppAuthCore.build/Objects-normal/arm64/OIDAuthorizationService.o /Users/aleks/Library/Developer/Xcode/DerivedData/PlanItApp-gkehojshtcbfvhersqwajfujohau/SourcePackages/checkouts/AppAuth-iOS/Sources/AppAuthCore/OIDAuthorizationService.m normal arm64 objective-c com.apple.compilers.llvm.clang.1_0.compiler (in target 'AppAuthCore' from project 'AppAuth')
    cd /Users/aleks/Desktop/PlanItApp/PlanItApp.xcodeproj
    
    Using response file: /Users/aleks/Library/Developer/Xcode/DerivedData/PlanItApp-gkehojshtcbfvhersqwajfujohau/Build/Intermediates.noindex/AppAuth.build/Debug-iphonesimulator/AppAuthCore.build/Objects-normal/arm64/e6072d4f65d7061329687fe24e3d63a7-common-args.resp
    
    /Applications/Xcode.app/Contents/Developer/Toolchains/XcodeDefault.xctoolchain/usr/bin/clang -x objective-c -ivfsstatcache /Users/aleks/Library/Developer/Xcode/DerivedData/SDKStatCaches.noindex/iphonesimulator18.5-22F76-d5fc8ad4295d2ef488fb7d0f804ce0c4.sdkstatcache -fmessage-length\=0 -fdiagnostics-show-note-include-stack -fmacro-backtrace-limit\=0 -fno-color-diagnostics -fmodules-prune-interval\=86400 -fmodules-prune-after\=345600 -fbuild-session-file\=/Users/aleks/Library/Developer/Xcode/DerivedData/ModuleCache.noindex/Session.modulevalidation -fmodules-validate-once-per-build-session -Wnon-modular-include-in-framework-module -Werror\=non-modular-include-in-framework-module -Wno-trigraphs -Wno-missing-field-initializers -Wno-missing-prototypes -Wno-return-type -Wno-implicit-atomic-properties -Wno-objc-interface-ivars -Wno-arc-repeated-use-of-weak -Wno-missing-braces -Wparentheses -Wswitch -Wno-unused-function -Wno-unused-label -Wno-unused-parameter -Wno-unused-variable -Wunused-value -Wno-empty-body -Wno-uninitialized -Wno-unknown-pragmas -w -Wno-shadow -Wno-four-char-constants -Wno-conversion -Wno-constant-conversion -Wno-int-conversion -Wno-bool-conversion -Wno-enum-conversion -Wno-float-conversion -Wno-non-literal-null-conversion -Wno-objc-literal-conversion -Wshorten-64-to-32 -Wpointer-sign -Wno-newline-eof -Wno-selector -Wno-strict-selector-match -Wno-undeclared-selector -Wno-deprecated-implementations -Wno-implicit-fallthrough -fstrict-aliasing -Wprotocol -Wdeprecated-declarations -Wno-sign-conversion -Wno-infinite-recursion -Wno-comma -Wno-block-capture-autoreleasing -Wno-strict-prototypes -Wno-semicolon-before-method-body -index-store-path /Users/aleks/Library/Developer/Xcode/DerivedData/PlanItApp-gkehojshtcbfvhersqwajfujohau/Index.noindex/DataStore @/Users/aleks/Library/Developer/Xcode/DerivedData/PlanItApp-gkehojshtcbfvhersqwajfujohau/Build/Intermediates.noindex/AppAuth.build/Debug-iphonesimulator/AppAuthCore.build/Objects-normal/arm64/e6072d4f65d7061329687fe24e3d63a7-common-args.resp -include /Users/aleks/Library/Developer/Xcode/DerivedData/PlanItApp-gkehojshtcbfvhersqwajfujohau/Build/Intermediates.noindex/AppAuth.build/Debug-iphonesimulator/AppAuthCore.build/DerivedSources/resource_bundle_accessor.h -MMD -MT dependencies -MF /Users/aleks/Library/Developer/Xcode/DerivedData/PlanItApp-gkehojshtcbfvhersqwajfujohau/Build/Intermediates.noindex/AppAuth.build/Debug-iphonesimulator/AppAuthCore.build/Objects-normal/arm64/OIDAuthorizationService.d --serialize-diagnostics /Users/aleks/Library/Developer/Xcode/DerivedData/PlanItApp-gkehojshtcbfvhersqwajfujohau/Build/Intermediates.noindex/AppAuth.build/Debug-iphonesimulator/AppAuthCore.build/Objects-normal/arm64/OIDAuthorizationService.dia -c /Users/aleks/Library/Developer/Xcode/DerivedData/PlanItApp-gkehojshtcbfvhersqwajfujohau/SourcePackages/checkouts/AppAuth-iOS/Sources/AppAuthCore/OIDAuthorizationService.m -o /Users/aleks/Library/Developer/Xcode/DerivedData/PlanItApp-gkehojshtcbfvhersqwajfujohau/Build/Intermediates.noindex/AppAuth.build/Debug-iphonesimulator/AppAuthCore.build/Objects-normal/arm64/OIDAuthorizationService.o -index-unit-output-path /AppAuth.build/Debug-iphonesimulator/AppAuthCore.build/Objects-normal/arm64/OIDAuthorizationService.o

CompileC /Users/aleks/Library/Developer/Xcode/DerivedData/PlanItApp-gkehojshtcbfvhersqwajfujohau/Build/Intermediates.noindex/AppAuth.build/Debug-iphonesimulator/AppAuthCore.build/Objects-normal/arm64/OIDAuthorizationResponse.o /Users/aleks/Library/Developer/Xcode/DerivedData/PlanItApp-gkehojshtcbfvhersqwajfujohau/SourcePackages/checkouts/AppAuth-iOS/Sources/AppAuthCore/OIDAuthorizationResponse.m normal arm64 objective-c com.apple.compilers.llvm.clang.1_0.compiler (in target 'AppAuthCore' from project 'AppAuth')
    cd /Users/aleks/Desktop/PlanItApp/PlanItApp.xcodeproj
    
    Using response file: /Users/aleks/Library/Developer/Xcode/DerivedData/PlanItApp-gkehojshtcbfvhersqwajfujohau/Build/Intermediates.noindex/AppAuth.build/Debug-iphonesimulator/AppAuthCore.build/Objects-normal/arm64/e6072d4f65d7061329687fe24e3d63a7-common-args.resp
    
    /Applications/Xcode.app/Contents/Developer/Toolchains/XcodeDefault.xctoolchain/usr/bin/clang -x objective-c -ivfsstatcache /Users/aleks/Library/Developer/Xcode/DerivedData/SDKStatCaches.noindex/iphonesimulator18.5-22F76-d5fc8ad4295d2ef488fb7d0f804ce0c4.sdkstatcache -fmessage-length\=0 -fdiagnostics-show-note-include-stack -fmacro-backtrace-limit\=0 -fno-color-diagnostics -fmodules-prune-interval\=86400 -fmodules-prune-after\=345600 -fbuild-session-file\=/Users/aleks/Library/Developer/Xcode/DerivedData/ModuleCache.noindex/Session.modulevalidation -fmodules-validate-once-per-build-session -Wnon-modular-include-in-framework-module -Werror\=non-modular-include-in-framework-module -Wno-trigraphs -Wno-missing-field-initializers -Wno-missing-prototypes -Wno-return-type -Wno-implicit-atomic-properties -Wno-objc-interface-ivars -Wno-arc-repeated-use-of-weak -Wno-missing-braces -Wparentheses -Wswitch -Wno-unused-function -Wno-unused-label -Wno-unused-parameter -Wno-unused-variable -Wunused-value -Wno-empty-body -Wno-uninitialized -Wno-unknown-pragmas -w -Wno-shadow -Wno-four-char-constants -Wno-conversion -Wno-constant-conversion -Wno-int-conversion -Wno-bool-conversion -Wno-enum-conversion -Wno-float-conversion -Wno-non-literal-null-conversion -Wno-objc-literal-conversion -Wshorten-64-to-32 -Wpointer-sign -Wno-newline-eof -Wno-selector -Wno-strict-selector-match -Wno-undeclared-selector -Wno-deprecated-implementations -Wno-implicit-fallthrough -fstrict-aliasing -Wprotocol -Wdeprecated-declarations -Wno-sign-conversion -Wno-infinite-recursion -Wno-comma -Wno-block-capture-autoreleasing -Wno-strict-prototypes -Wno-semicolon-before-method-body -index-store-path /Users/aleks/Library/Developer/Xcode/DerivedData/PlanItApp-gkehojshtcbfvhersqwajfujohau/Index.noindex/DataStore @/Users/aleks/Library/Developer/Xcode/DerivedData/PlanItApp-gkehojshtcbfvhersqwajfujohau/Build/Intermediates.noindex/AppAuth.build/Debug-iphonesimulator/AppAuthCore.build/Objects-normal/arm64/e6072d4f65d7061329687fe24e3d63a7-common-args.resp -include /Users/aleks/Library/Developer/Xcode/DerivedData/PlanItApp-gkehojshtcbfvhersqwajfujohau/Build/Intermediates.noindex/AppAuth.build/Debug-iphonesimulator/AppAuthCore.build/DerivedSources/resource_bundle_accessor.h -MMD -MT dependencies -MF /Users/aleks/Library/Developer/Xcode/DerivedData/PlanItApp-gkehojshtcbfvhersqwajfujohau/Build/Intermediates.noindex/AppAuth.build/Debug-iphonesimulator/AppAuthCore.build/Objects-normal/arm64/OIDAuthorizationResponse.d --serialize-diagnostics /Users/aleks/Library/Developer/Xcode/DerivedData/PlanItApp-gkehojshtcbfvhersqwajfujohau/Build/Intermediates.noindex/AppAuth.build/Debug-iphonesimulator/AppAuthCore.build/Objects-normal/arm64/OIDAuthorizationResponse.dia -c /Users/aleks/Library/Developer/Xcode/DerivedData/PlanItApp-gkehojshtcbfvhersqwajfujohau/SourcePackages/checkouts/AppAuth-iOS/Sources/AppAuthCore/OIDAuthorizationResponse.m -o /Users/aleks/Library/Developer/Xcode/DerivedData/PlanItApp-gkehojshtcbfvhersqwajfujohau/Build/Intermediates.noindex/AppAuth.build/Debug-iphonesimulator/AppAuthCore.build/Objects-normal/arm64/OIDAuthorizationResponse.o -index-unit-output-path /AppAuth.build/Debug-iphonesimulator/AppAuthCore.build/Objects-normal/arm64/OIDAuthorizationResponse.o

CompileC /Users/aleks/Library/Developer/Xcode/DerivedData/PlanItApp-gkehojshtcbfvhersqwajfujohau/Build/Intermediates.noindex/AppAuth.build/Debug-iphonesimulator/AppAuthCore.build/Objects-normal/arm64/OIDAuthorizationRequest.o /Users/aleks/Library/Developer/Xcode/DerivedData/PlanItApp-gkehojshtcbfvhersqwajfujohau/SourcePackages/checkouts/AppAuth-iOS/Sources/AppAuthCore/OIDAuthorizationRequest.m normal arm64 objective-c com.apple.compilers.llvm.clang.1_0.compiler (in target 'AppAuthCore' from project 'AppAuth')
    cd /Users/aleks/Desktop/PlanItApp/PlanItApp.xcodeproj
    
    Using response file: /Users/aleks/Library/Developer/Xcode/DerivedData/PlanItApp-gkehojshtcbfvhersqwajfujohau/Build/Intermediates.noindex/AppAuth.build/Debug-iphonesimulator/AppAuthCore.build/Objects-normal/arm64/e6072d4f65d7061329687fe24e3d63a7-common-args.resp
    
    /Applications/Xcode.app/Contents/Developer/Toolchains/XcodeDefault.xctoolchain/usr/bin/clang -x objective-c -ivfsstatcache /Users/aleks/Library/Developer/Xcode/DerivedData/SDKStatCaches.noindex/iphonesimulator18.5-22F76-d5fc8ad4295d2ef488fb7d0f804ce0c4.sdkstatcache -fmessage-length\=0 -fdiagnostics-show-note-include-stack -fmacro-backtrace-limit\=0 -fno-color-diagnostics -fmodules-prune-interval\=86400 -fmodules-prune-after\=345600 -fbuild-session-file\=/Users/aleks/Library/Developer/Xcode/DerivedData/ModuleCache.noindex/Session.modulevalidation -fmodules-validate-once-per-build-session -Wnon-modular-include-in-framework-module -Werror\=non-modular-include-in-framework-module -Wno-trigraphs -Wno-missing-field-initializers -Wno-missing-prototypes -Wno-return-type -Wno-implicit-atomic-properties -Wno-objc-interface-ivars -Wno-arc-repeated-use-of-weak -Wno-missing-braces -Wparentheses -Wswitch -Wno-unused-function -Wno-unused-label -Wno-unused-parameter -Wno-unused-variable -Wunused-value -Wno-empty-body -Wno-uninitialized -Wno-unknown-pragmas -w -Wno-shadow -Wno-four-char-constants -Wno-conversion -Wno-constant-conversion -Wno-int-conversion -Wno-bool-conversion -Wno-enum-conversion -Wno-float-conversion -Wno-non-literal-null-conversion -Wno-objc-literal-conversion -Wshorten-64-to-32 -Wpointer-sign -Wno-newline-eof -Wno-selector -Wno-strict-selector-match -Wno-undeclared-selector -Wno-deprecated-implementations -Wno-implicit-fallthrough -fstrict-aliasing -Wprotocol -Wdeprecated-declarations -Wno-sign-conversion -Wno-infinite-recursion -Wno-comma -Wno-block-capture-autoreleasing -Wno-strict-prototypes -Wno-semicolon-before-method-body -index-store-path /Users/aleks/Library/Developer/Xcode/DerivedData/PlanItApp-gkehojshtcbfvhersqwajfujohau/Index.noindex/DataStore @/Users/aleks/Library/Developer/Xcode/DerivedData/PlanItApp-gkehojshtcbfvhersqwajfujohau/Build/Intermediates.noindex/AppAuth.build/Debug-iphonesimulator/AppAuthCore.build/Objects-normal/arm64/e6072d4f65d7061329687fe24e3d63a7-common-args.resp -include /Users/aleks/Library/Developer/Xcode/DerivedData/PlanItApp-gkehojshtcbfvhersqwajfujohau/Build/Intermediates.noindex/AppAuth.build/Debug-iphonesimulator/AppAuthCore.build/DerivedSources/resource_bundle_accessor.h -MMD -MT dependencies -MF /Users/aleks/Library/Developer/Xcode/DerivedData/PlanItApp-gkehojshtcbfvhersqwajfujohau/Build/Intermediates.noindex/AppAuth.build/Debug-iphonesimulator/AppAuthCore.build/Objects-normal/arm64/OIDAuthorizationRequest.d --serialize-diagnostics /Users/aleks/Library/Developer/Xcode/DerivedData/PlanItApp-gkehojshtcbfvhersqwajfujohau/Build/Intermediates.noindex/AppAuth.build/Debug-iphonesimulator/AppAuthCore.build/Objects-normal/arm64/OIDAuthorizationRequest.dia -c /Users/aleks/Library/Developer/Xcode/DerivedData/PlanItApp-gkehojshtcbfvhersqwajfujohau/SourcePackages/checkouts/AppAuth-iOS/Sources/AppAuthCore/OIDAuthorizationRequest.m -o /Users/aleks/Library/Developer/Xcode/DerivedData/PlanItApp-gkehojshtcbfvhersqwajfujohau/Build/Intermediates.noindex/AppAuth.build/Debug-iphonesimulator/AppAuthCore.build/Objects-normal/arm64/OIDAuthorizationRequest.o -index-unit-output-path /AppAuth.build/Debug-iphonesimulator/AppAuthCore.build/Objects-normal/arm64/OIDAuthorizationRequest.o

CompileC /Users/aleks/Library/Developer/Xcode/DerivedData/PlanItApp-gkehojshtcbfvhersqwajfujohau/Build/Intermediates.noindex/AppAuth.build/Debug-iphonesimulator/AppAuthCore.build/Objects-normal/arm64/OIDAuthState.o /Users/aleks/Library/Developer/Xcode/DerivedData/PlanItApp-gkehojshtcbfvhersqwajfujohau/SourcePackages/checkouts/AppAuth-iOS/Sources/AppAuthCore/OIDAuthState.m normal arm64 objective-c com.apple.compilers.llvm.clang.1_0.compiler (in target 'AppAuthCore' from project 'AppAuth')
    cd /Users/aleks/Desktop/PlanItApp/PlanItApp.xcodeproj
    
    Using response file: /Users/aleks/Library/Developer/Xcode/DerivedData/PlanItApp-gkehojshtcbfvhersqwajfujohau/Build/Intermediates.noindex/AppAuth.build/Debug-iphonesimulator/AppAuthCore.build/Objects-normal/arm64/e6072d4f65d7061329687fe24e3d63a7-common-args.resp
    
    /Applications/Xcode.app/Contents/Developer/Toolchains/XcodeDefault.xctoolchain/usr/bin/clang -x objective-c -ivfsstatcache /Users/aleks/Library/Developer/Xcode/DerivedData/SDKStatCaches.noindex/iphonesimulator18.5-22F76-d5fc8ad4295d2ef488fb7d0f804ce0c4.sdkstatcache -fmessage-length\=0 -fdiagnostics-show-note-include-stack -fmacro-backtrace-limit\=0 -fno-color-diagnostics -fmodules-prune-interval\=86400 -fmodules-prune-after\=345600 -fbuild-session-file\=/Users/aleks/Library/Developer/Xcode/DerivedData/ModuleCache.noindex/Session.modulevalidation -fmodules-validate-once-per-build-session -Wnon-modular-include-in-framework-module -Werror\=non-modular-include-in-framework-module -Wno-trigraphs -Wno-missing-field-initializers -Wno-missing-prototypes -Wno-return-type -Wno-implicit-atomic-properties -Wno-objc-interface-ivars -Wno-arc-repeated-use-of-weak -Wno-missing-braces -Wparentheses -Wswitch -Wno-unused-function -Wno-unused-label -Wno-unused-parameter -Wno-unused-variable -Wunused-value -Wno-empty-body -Wno-uninitialized -Wno-unknown-pragmas -w -Wno-shadow -Wno-four-char-constants -Wno-conversion -Wno-constant-conversion -Wno-int-conversion -Wno-bool-conversion -Wno-enum-conversion -Wno-float-conversion -Wno-non-literal-null-conversion -Wno-objc-literal-conversion -Wshorten-64-to-32 -Wpointer-sign -Wno-newline-eof -Wno-selector -Wno-strict-selector-match -Wno-undeclared-selector -Wno-deprecated-implementations -Wno-implicit-fallthrough -fstrict-aliasing -Wprotocol -Wdeprecated-declarations -Wno-sign-conversion -Wno-infinite-recursion -Wno-comma -Wno-block-capture-autoreleasing -Wno-strict-prototypes -Wno-semicolon-before-method-body -index-store-path /Users/aleks/Library/Developer/Xcode/DerivedData/PlanItApp-gkehojshtcbfvhersqwajfujohau/Index.noindex/DataStore @/Users/aleks/Library/Developer/Xcode/DerivedData/PlanItApp-gkehojshtcbfvhersqwajfujohau/Build/Intermediates.noindex/AppAuth.build/Debug-iphonesimulator/AppAuthCore.build/Objects-normal/arm64/e6072d4f65d7061329687fe24e3d63a7-common-args.resp -include /Users/aleks/Library/Developer/Xcode/DerivedData/PlanItApp-gkehojshtcbfvhersqwajfujohau/Build/Intermediates.noindex/AppAuth.build/Debug-iphonesimulator/AppAuthCore.build/DerivedSources/resource_bundle_accessor.h -MMD -MT dependencies -MF /Users/aleks/Library/Developer/Xcode/DerivedData/PlanItApp-gkehojshtcbfvhersqwajfujohau/Build/Intermediates.noindex/AppAuth.build/Debug-iphonesimulator/AppAuthCore.build/Objects-normal/arm64/OIDAuthState.d --serialize-diagnostics /Users/aleks/Library/Developer/Xcode/DerivedData/PlanItApp-gkehojshtcbfvhersqwajfujohau/Build/Intermediates.noindex/AppAuth.build/Debug-iphonesimulator/AppAuthCore.build/Objects-normal/arm64/OIDAuthState.dia -c /Users/aleks/Library/Developer/Xcode/DerivedData/PlanItApp-gkehojshtcbfvhersqwajfujohau/SourcePackages/checkouts/AppAuth-iOS/Sources/AppAuthCore/OIDAuthState.m -o /Users/aleks/Library/Developer/Xcode/DerivedData/PlanItApp-gkehojshtcbfvhersqwajfujohau/Build/Intermediates.noindex/AppAuth.build/Debug-iphonesimulator/AppAuthCore.build/Objects-normal/arm64/OIDAuthState.o -index-unit-output-path /AppAuth.build/Debug-iphonesimulator/AppAuthCore.build/Objects-normal/arm64/OIDAuthState.o

CompileC /Users/aleks/Library/Developer/Xcode/DerivedData/PlanItApp-gkehojshtcbfvhersqwajfujohau/Build/Intermediates.noindex/AppAuth.build/Debug-iphonesimulator/AppAuth.build/Objects-normal/arm64/resource_bundle_accessor.o /Users/aleks/Library/Developer/Xcode/DerivedData/PlanItApp-gkehojshtcbfvhersqwajfujohau/Build/Intermediates.noindex/AppAuth.build/Debug-iphonesimulator/AppAuth.build/DerivedSources/resource_bundle_accessor.m normal arm64 objective-c com.apple.compilers.llvm.clang.1_0.compiler (in target 'AppAuth' from project 'AppAuth')
    cd /Users/aleks/Desktop/PlanItApp/PlanItApp.xcodeproj
    
    Using response file: /Users/aleks/Library/Developer/Xcode/DerivedData/PlanItApp-gkehojshtcbfvhersqwajfujohau/Build/Intermediates.noindex/AppAuth.build/Debug-iphonesimulator/AppAuth.build/Objects-normal/arm64/e6072d4f65d7061329687fe24e3d63a7-common-args.resp
    
    /Applications/Xcode.app/Contents/Developer/Toolchains/XcodeDefault.xctoolchain/usr/bin/clang -x objective-c -ivfsstatcache /Users/aleks/Library/Developer/Xcode/DerivedData/SDKStatCaches.noindex/iphonesimulator18.5-22F76-d5fc8ad4295d2ef488fb7d0f804ce0c4.sdkstatcache -fmessage-length\=0 -fdiagnostics-show-note-include-stack -fmacro-backtrace-limit\=0 -fno-color-diagnostics -fmodules-prune-interval\=86400 -fmodules-prune-after\=345600 -fbuild-session-file\=/Users/aleks/Library/Developer/Xcode/DerivedData/ModuleCache.noindex/Session.modulevalidation -fmodules-validate-once-per-build-session -Wnon-modular-include-in-framework-module -Werror\=non-modular-include-in-framework-module -Wno-trigraphs -Wno-missing-field-initializers -Wno-missing-prototypes -Wno-return-type -Wno-implicit-atomic-properties -Wno-objc-interface-ivars -Wno-arc-repeated-use-of-weak -Wno-missing-braces -Wparentheses -Wswitch -Wno-unused-function -Wno-unused-label -Wno-unused-parameter -Wno-unused-variable -Wunused-value -Wno-empty-body -Wno-uninitialized -Wno-unknown-pragmas -w -Wno-shadow -Wno-four-char-constants -Wno-conversion -Wno-constant-conversion -Wno-int-conversion -Wno-bool-conversion -Wno-enum-conversion -Wno-float-conversion -Wno-non-literal-null-conversion -Wno-objc-literal-conversion -Wshorten-64-to-32 -Wpointer-sign -Wno-newline-eof -Wno-selector -Wno-strict-selector-match -Wno-undeclared-selector -Wno-deprecated-implementations -Wno-implicit-fallthrough -fstrict-aliasing -Wprotocol -Wdeprecated-declarations -Wno-sign-conversion -Wno-infinite-recursion -Wno-comma -Wno-block-capture-autoreleasing -Wno-strict-prototypes -Wno-semicolon-before-method-body -index-store-path /Users/aleks/Library/Developer/Xcode/DerivedData/PlanItApp-gkehojshtcbfvhersqwajfujohau/Index.noindex/DataStore @/Users/aleks/Library/Developer/Xcode/DerivedData/PlanItApp-gkehojshtcbfvhersqwajfujohau/Build/Intermediates.noindex/AppAuth.build/Debug-iphonesimulator/AppAuth.build/Objects-normal/arm64/e6072d4f65d7061329687fe24e3d63a7-common-args.resp -include /Users/aleks/Library/Developer/Xcode/DerivedData/PlanItApp-gkehojshtcbfvhersqwajfujohau/Build/Intermediates.noindex/AppAuth.build/Debug-iphonesimulator/AppAuth.build/DerivedSources/resource_bundle_accessor.h -MMD -MT dependencies -MF /Users/aleks/Library/Developer/Xcode/DerivedData/PlanItApp-gkehojshtcbfvhersqwajfujohau/Build/Intermediates.noindex/AppAuth.build/Debug-iphonesimulator/AppAuth.build/Objects-normal/arm64/resource_bundle_accessor.d --serialize-diagnostics /Users/aleks/Library/Developer/Xcode/DerivedData/PlanItApp-gkehojshtcbfvhersqwajfujohau/Build/Intermediates.noindex/AppAuth.build/Debug-iphonesimulator/AppAuth.build/Objects-normal/arm64/resource_bundle_accessor.dia -c /Users/aleks/Library/Developer/Xcode/DerivedData/PlanItApp-gkehojshtcbfvhersqwajfujohau/Build/Intermediates.noindex/AppAuth.build/Debug-iphonesimulator/AppAuth.build/DerivedSources/resource_bundle_accessor.m -o /Users/aleks/Library/Developer/Xcode/DerivedData/PlanItApp-gkehojshtcbfvhersqwajfujohau/Build/Intermediates.noindex/AppAuth.build/Debug-iphonesimulator/AppAuth.build/Objects-normal/arm64/resource_bundle_accessor.o -index-unit-output-path /AppAuth.build/Debug-iphonesimulator/AppAuth.build/Objects-normal/arm64/resource_bundle_accessor.o

PrecompileModule /Users/aleks/Library/Developer/Xcode/DerivedData/PlanItApp-gkehojshtcbfvhersqwajfujohau/Build/Intermediates.noindex/ExplicitPrecompiledModules/Symbols-AKNWE8ZZ53MFEAHJR3JVLYL3P.scan
    cd /Users/aleks/Desktop/PlanItApp/PlanItApp.xcodeproj
    builtin-precompileModule /Users/aleks/Library/Developer/Xcode/DerivedData/PlanItApp-gkehojshtcbfvhersqwajfujohau/Build/Intermediates.noindex/ExplicitPrecompiledModules/Symbols-AKNWE8ZZ53MFEAHJR3JVLYL3P.scan

PrecompileModule /Users/aleks/Library/Developer/Xcode/DerivedData/PlanItApp-gkehojshtcbfvhersqwajfujohau/Build/Intermediates.noindex/ExplicitPrecompiledModules/FileProvider-6LXPSKQNTFYPEO4DBX73FKL4A.scan
    cd /Users/aleks/Desktop/PlanItApp/PlanItApp.xcodeproj
    builtin-precompileModule /Users/aleks/Library/Developer/Xcode/DerivedData/PlanItApp-gkehojshtcbfvhersqwajfujohau/Build/Intermediates.noindex/ExplicitPrecompiledModules/FileProvider-6LXPSKQNTFYPEO4DBX73FKL4A.scan

PrecompileModule /Users/aleks/Library/Developer/Xcode/DerivedData/PlanItApp-gkehojshtcbfvhersqwajfujohau/Build/Intermediates.noindex/ExplicitPrecompiledModules/IOSurface-7AMMIYKK88L6O2YFYZ05QCJJG.scan
    cd /Users/aleks/Desktop/PlanItApp/PlanItApp.xcodeproj
    builtin-precompileModule /Users/aleks/Library/Developer/Xcode/DerivedData/PlanItApp-gkehojshtcbfvhersqwajfujohau/Build/Intermediates.noindex/ExplicitPrecompiledModules/IOSurface-7AMMIYKK88L6O2YFYZ05QCJJG.scan

PrecompileModule /Users/aleks/Library/Developer/Xcode/DerivedData/PlanItApp-gkehojshtcbfvhersqwajfujohau/Build/Intermediates.noindex/ExplicitPrecompiledModules/OpenGLES-EYK01GF5NE33ESQR41LMGI6XI.scan
    cd /Users/aleks/Desktop/PlanItApp/PlanItApp.xcodeproj
    builtin-precompileModule /Users/aleks/Library/Developer/Xcode/DerivedData/PlanItApp-gkehojshtcbfvhersqwajfujohau/Build/Intermediates.noindex/ExplicitPrecompiledModules/OpenGLES-EYK01GF5NE33ESQR41LMGI6XI.scan

PrecompileModule /Users/aleks/Library/Developer/Xcode/DerivedData/PlanItApp-gkehojshtcbfvhersqwajfujohau/Build/Intermediates.noindex/ExplicitPrecompiledModules/UserNotifications-2LQKQP6MDQ54FH447IF738U5B.scan
    cd /Users/aleks/Desktop/PlanItApp/PlanItApp.xcodeproj
    builtin-precompileModule /Users/aleks/Library/Developer/Xcode/DerivedData/PlanItApp-gkehojshtcbfvhersqwajfujohau/Build/Intermediates.noindex/ExplicitPrecompiledModules/UserNotifications-2LQKQP6MDQ54FH447IF738U5B.scan

SwiftCompile normal arm64 Compiling\ FIRAllocatedUnfairLock.swift /Users/aleks/Library/Developer/Xcode/DerivedData/PlanItApp-gkehojshtcbfvhersqwajfujohau/SourcePackages/checkouts/firebase-ios-sdk/FirebaseCore/Internal/Sources/Utilities/FIRAllocatedUnfairLock.swift (in target 'FirebaseCoreInternal' from project 'Firebase')

SwiftCompile normal arm64 /Users/aleks/Library/Developer/Xcode/DerivedData/PlanItApp-gkehojshtcbfvhersqwajfujohau/SourcePackages/checkouts/firebase-ios-sdk/FirebaseCore/Internal/Sources/Utilities/FIRAllocatedUnfairLock.swift (in target 'FirebaseCoreInternal' from project 'Firebase')
    cd /Users/aleks/Desktop/PlanItApp/PlanItApp.xcodeproj
    

SwiftCompile normal arm64 Compiling\ Storage.swift,\ StorageFactory.swift /Users/aleks/Library/Developer/Xcode/DerivedData/PlanItApp-gkehojshtcbfvhersqwajfujohau/SourcePackages/checkouts/firebase-ios-sdk/FirebaseCore/Internal/Sources/HeartbeatLogging/Storage.swift /Users/aleks/Library/Developer/Xcode/DerivedData/PlanItApp-gkehojshtcbfvhersqwajfujohau/SourcePackages/checkouts/firebase-ios-sdk/FirebaseCore/Internal/Sources/HeartbeatLogging/StorageFactory.swift (in target 'FirebaseCoreInternal' from project 'Firebase')

SwiftCompile normal arm64 /Users/aleks/Library/Developer/Xcode/DerivedData/PlanItApp-gkehojshtcbfvhersqwajfujohau/SourcePackages/checkouts/firebase-ios-sdk/FirebaseCore/Internal/Sources/HeartbeatLogging/Storage.swift (in target 'FirebaseCoreInternal' from project 'Firebase')
    cd /Users/aleks/Desktop/PlanItApp/PlanItApp.xcodeproj
    

SwiftCompile normal arm64 /Users/aleks/Library/Developer/Xcode/DerivedData/PlanItApp-gkehojshtcbfvhersqwajfujohau/SourcePackages/checkouts/firebase-ios-sdk/FirebaseCore/Internal/Sources/HeartbeatLogging/StorageFactory.swift (in target 'FirebaseCoreInternal' from project 'Firebase')
    cd /Users/aleks/Desktop/PlanItApp/PlanItApp.xcodeproj
    

SwiftCompile normal arm64 Compiling\ HeartbeatStorage.swift,\ HeartbeatsBundle.swift /Users/aleks/Library/Developer/Xcode/DerivedData/PlanItApp-gkehojshtcbfvhersqwajfujohau/SourcePackages/checkouts/firebase-ios-sdk/FirebaseCore/Internal/Sources/HeartbeatLogging/HeartbeatStorage.swift /Users/aleks/Library/Developer/Xcode/DerivedData/PlanItApp-gkehojshtcbfvhersqwajfujohau/SourcePackages/checkouts/firebase-ios-sdk/FirebaseCore/Internal/Sources/HeartbeatLogging/HeartbeatsBundle.swift (in target 'FirebaseCoreInternal' from project 'Firebase')

SwiftCompile normal arm64 /Users/aleks/Library/Developer/Xcode/DerivedData/PlanItApp-gkehojshtcbfvhersqwajfujohau/SourcePackages/checkouts/firebase-ios-sdk/FirebaseCore/Internal/Sources/HeartbeatLogging/HeartbeatStorage.swift (in target 'FirebaseCoreInternal' from project 'Firebase')
    cd /Users/aleks/Desktop/PlanItApp/PlanItApp.xcodeproj
    

SwiftCompile normal arm64 /Users/aleks/Library/Developer/Xcode/DerivedData/PlanItApp-gkehojshtcbfvhersqwajfujohau/SourcePackages/checkouts/firebase-ios-sdk/FirebaseCore/Internal/Sources/HeartbeatLogging/HeartbeatsBundle.swift (in target 'FirebaseCoreInternal' from project 'Firebase')
    cd /Users/aleks/Desktop/PlanItApp/PlanItApp.xcodeproj
    

PrecompileModule /Users/aleks/Library/Developer/Xcode/DerivedData/PlanItApp-gkehojshtcbfvhersqwajfujohau/Build/Intermediates.noindex/ExplicitPrecompiledModules/Metal-8WZNMVG1H8VW1TWF3CJ0RJAH3.scan
    cd /Users/aleks/Desktop/PlanItApp/PlanItApp.xcodeproj
    builtin-precompileModule /Users/aleks/Library/Developer/Xcode/DerivedData/PlanItApp-gkehojshtcbfvhersqwajfujohau/Build/Intermediates.noindex/ExplicitPrecompiledModules/Metal-8WZNMVG1H8VW1TWF3CJ0RJAH3.scan

SwiftCompile normal arm64 Compiling\ _ObjC_HeartbeatsPayload.swift /Users/aleks/Library/Developer/Xcode/DerivedData/PlanItApp-gkehojshtcbfvhersqwajfujohau/SourcePackages/checkouts/firebase-ios-sdk/FirebaseCore/Internal/Sources/HeartbeatLogging/_ObjC_HeartbeatsPayload.swift (in target 'FirebaseCoreInternal' from project 'Firebase')

SwiftCompile normal arm64 /Users/aleks/Library/Developer/Xcode/DerivedData/PlanItApp-gkehojshtcbfvhersqwajfujohau/SourcePackages/checkouts/firebase-ios-sdk/FirebaseCore/Internal/Sources/HeartbeatLogging/_ObjC_HeartbeatsPayload.swift (in target 'FirebaseCoreInternal' from project 'Firebase')
    cd /Users/aleks/Desktop/PlanItApp/PlanItApp.xcodeproj
    

SwiftCompile normal arm64 Compiling\ WeakContainer.swift /Users/aleks/Library/Developer/Xcode/DerivedData/PlanItApp-gkehojshtcbfvhersqwajfujohau/SourcePackages/checkouts/firebase-ios-sdk/FirebaseCore/Internal/Sources/HeartbeatLogging/WeakContainer.swift (in target 'FirebaseCoreInternal' from project 'Firebase')

SwiftCompile normal arm64 /Users/aleks/Library/Developer/Xcode/DerivedData/PlanItApp-gkehojshtcbfvhersqwajfujohau/SourcePackages/checkouts/firebase-ios-sdk/FirebaseCore/Internal/Sources/HeartbeatLogging/WeakContainer.swift (in target 'FirebaseCoreInternal' from project 'Firebase')
    cd /Users/aleks/Desktop/PlanItApp/PlanItApp.xcodeproj
    

ScanDependencies /Users/aleks/Library/Developer/Xcode/DerivedData/PlanItApp-gkehojshtcbfvhersqwajfujohau/Build/Intermediates.noindex/AppAuth.build/Debug-iphonesimulator/AppAuth.build/Objects-normal/arm64/OIDRedirectHTTPHandler.o /Users/aleks/Library/Developer/Xcode/DerivedData/PlanItApp-gkehojshtcbfvhersqwajfujohau/SourcePackages/checkouts/AppAuth-iOS/Sources/AppAuth/macOS/OIDRedirectHTTPHandler.m normal arm64 objective-c com.apple.compilers.llvm.clang.1_0.compiler (in target 'AppAuth' from project 'AppAuth')
    cd /Users/aleks/Desktop/PlanItApp/PlanItApp.xcodeproj
    
    Using response file: /Users/aleks/Library/Developer/Xcode/DerivedData/PlanItApp-gkehojshtcbfvhersqwajfujohau/Build/Intermediates.noindex/AppAuth.build/Debug-iphonesimulator/AppAuth.build/Objects-normal/arm64/e6072d4f65d7061329687fe24e3d63a7-common-args.resp
    
    builtin-ScanDependencies -o /Users/aleks/Library/Developer/Xcode/DerivedData/PlanItApp-gkehojshtcbfvhersqwajfujohau/Build/Intermediates.noindex/AppAuth.build/Debug-iphonesimulator/AppAuth.build/Objects-normal/arm64/OIDRedirectHTTPHandler.o.scan -- /Applications/Xcode.app/Contents/Developer/Toolchains/XcodeDefault.xctoolchain/usr/bin/clang -x objective-c -ivfsstatcache /Users/aleks/Library/Developer/Xcode/DerivedData/SDKStatCaches.noindex/iphonesimulator18.5-22F76-d5fc8ad4295d2ef488fb7d0f804ce0c4.sdkstatcache -fmessage-length\=0 -fdiagnostics-show-note-include-stack -fmacro-backtrace-limit\=0 -fno-color-diagnostics -fmodules-prune-interval\=86400 -fmodules-prune-after\=345600 -fbuild-session-file\=/Users/aleks/Library/Developer/Xcode/DerivedData/ModuleCache.noindex/Session.modulevalidation -fmodules-validate-once-per-build-session -Wnon-modular-include-in-framework-module -Werror\=non-modular-include-in-framework-module -Wno-trigraphs -Wno-missing-field-initializers -Wno-missing-prototypes -Wno-return-type -Wno-implicit-atomic-properties -Wno-objc-interface-ivars -Wno-arc-repeated-use-of-weak -Wno-missing-braces -Wparentheses -Wswitch -Wno-unused-function -Wno-unused-label -Wno-unused-parameter -Wno-unused-variable -Wunused-value -Wno-empty-body -Wno-uninitialized -Wno-unknown-pragmas -w -Wno-shadow -Wno-four-char-constants -Wno-conversion -Wno-constant-conversion -Wno-int-conversion -Wno-bool-conversion -Wno-enum-conversion -Wno-float-conversion -Wno-non-literal-null-conversion -Wno-objc-literal-conversion -Wshorten-64-to-32 -Wpointer-sign -Wno-newline-eof -Wno-selector -Wno-strict-selector-match -Wno-undeclared-selector -Wno-deprecated-implementations -Wno-implicit-fallthrough -fstrict-aliasing -Wprotocol -Wdeprecated-declarations -Wno-sign-conversion -Wno-infinite-recursion -Wno-comma -Wno-block-capture-autoreleasing -Wno-strict-prototypes -Wno-semicolon-before-method-body -index-store-path /Users/aleks/Library/Developer/Xcode/DerivedData/PlanItApp-gkehojshtcbfvhersqwajfujohau/Index.noindex/DataStore @/Users/aleks/Library/Developer/Xcode/DerivedData/PlanItApp-gkehojshtcbfvhersqwajfujohau/Build/Intermediates.noindex/AppAuth.build/Debug-iphonesimulator/AppAuth.build/Objects-normal/arm64/e6072d4f65d7061329687fe24e3d63a7-common-args.resp -include /Users/aleks/Library/Developer/Xcode/DerivedData/PlanItApp-gkehojshtcbfvhersqwajfujohau/Build/Intermediates.noindex/AppAuth.build/Debug-iphonesimulator/AppAuth.build/DerivedSources/resource_bundle_accessor.h -MMD -MT dependencies -MF /Users/aleks/Library/Developer/Xcode/DerivedData/PlanItApp-gkehojshtcbfvhersqwajfujohau/Build/Intermediates.noindex/AppAuth.build/Debug-iphonesimulator/AppAuth.build/Objects-normal/arm64/OIDRedirectHTTPHandler.d --serialize-diagnostics /Users/aleks/Library/Developer/Xcode/DerivedData/PlanItApp-gkehojshtcbfvhersqwajfujohau/Build/Intermediates.noindex/AppAuth.build/Debug-iphonesimulator/AppAuth.build/Objects-normal/arm64/OIDRedirectHTTPHandler.dia -c /Users/aleks/Library/Developer/Xcode/DerivedData/PlanItApp-gkehojshtcbfvhersqwajfujohau/SourcePackages/checkouts/AppAuth-iOS/Sources/AppAuth/macOS/OIDRedirectHTTPHandler.m -o /Users/aleks/Library/Developer/Xcode/DerivedData/PlanItApp-gkehojshtcbfvhersqwajfujohau/Build/Intermediates.noindex/AppAuth.build/Debug-iphonesimulator/AppAuth.build/Objects-normal/arm64/OIDRedirectHTTPHandler.o -index-unit-output-path /AppAuth.build/Debug-iphonesimulator/AppAuth.build/Objects-normal/arm64/OIDRedirectHTTPHandler.o

SwiftDriverJobDiscovery normal arm64 Compiling HeartbeatsPayload.swift, RingBuffer.swift (in target 'FirebaseCoreInternal' from project 'Firebase')

ScanDependencies /Users/aleks/Library/Developer/Xcode/DerivedData/PlanItApp-gkehojshtcbfvhersqwajfujohau/Build/Intermediates.noindex/AppAuth.build/Debug-iphonesimulator/AppAuth.build/Objects-normal/arm64/OIDLoopbackHTTPServer.o /Users/aleks/Library/Developer/Xcode/DerivedData/PlanItApp-gkehojshtcbfvhersqwajfujohau/SourcePackages/checkouts/AppAuth-iOS/Sources/AppAuth/macOS/LoopbackHTTPServer/OIDLoopbackHTTPServer.m normal arm64 objective-c com.apple.compilers.llvm.clang.1_0.compiler (in target 'AppAuth' from project 'AppAuth')
    cd /Users/aleks/Desktop/PlanItApp/PlanItApp.xcodeproj
    
    Using response file: /Users/aleks/Library/Developer/Xcode/DerivedData/PlanItApp-gkehojshtcbfvhersqwajfujohau/Build/Intermediates.noindex/AppAuth.build/Debug-iphonesimulator/AppAuth.build/Objects-normal/arm64/e6072d4f65d7061329687fe24e3d63a7-common-args.resp
    
    builtin-ScanDependencies -o /Users/aleks/Library/Developer/Xcode/DerivedData/PlanItApp-gkehojshtcbfvhersqwajfujohau/Build/Intermediates.noindex/AppAuth.build/Debug-iphonesimulator/AppAuth.build/Objects-normal/arm64/OIDLoopbackHTTPServer.o.scan -- /Applications/Xcode.app/Contents/Developer/Toolchains/XcodeDefault.xctoolchain/usr/bin/clang -x objective-c -ivfsstatcache /Users/aleks/Library/Developer/Xcode/DerivedData/SDKStatCaches.noindex/iphonesimulator18.5-22F76-d5fc8ad4295d2ef488fb7d0f804ce0c4.sdkstatcache -fmessage-length\=0 -fdiagnostics-show-note-include-stack -fmacro-backtrace-limit\=0 -fno-color-diagnostics -fmodules-prune-interval\=86400 -fmodules-prune-after\=345600 -fbuild-session-file\=/Users/aleks/Library/Developer/Xcode/DerivedData/ModuleCache.noindex/Session.modulevalidation -fmodules-validate-once-per-build-session -Wnon-modular-include-in-framework-module -Werror\=non-modular-include-in-framework-module -Wno-trigraphs -Wno-missing-field-initializers -Wno-missing-prototypes -Wno-return-type -Wno-implicit-atomic-properties -Wno-objc-interface-ivars -Wno-arc-repeated-use-of-weak -Wno-missing-braces -Wparentheses -Wswitch -Wno-unused-function -Wno-unused-label -Wno-unused-parameter -Wno-unused-variable -Wunused-value -Wno-empty-body -Wno-uninitialized -Wno-unknown-pragmas -w -Wno-shadow -Wno-four-char-constants -Wno-conversion -Wno-constant-conversion -Wno-int-conversion -Wno-bool-conversion -Wno-enum-conversion -Wno-float-conversion -Wno-non-literal-null-conversion -Wno-objc-literal-conversion -Wshorten-64-to-32 -Wpointer-sign -Wno-newline-eof -Wno-selector -Wno-strict-selector-match -Wno-undeclared-selector -Wno-deprecated-implementations -Wno-implicit-fallthrough -fstrict-aliasing -Wprotocol -Wdeprecated-declarations -Wno-sign-conversion -Wno-infinite-recursion -Wno-comma -Wno-block-capture-autoreleasing -Wno-strict-prototypes -Wno-semicolon-before-method-body -index-store-path /Users/aleks/Library/Developer/Xcode/DerivedData/PlanItApp-gkehojshtcbfvhersqwajfujohau/Index.noindex/DataStore @/Users/aleks/Library/Developer/Xcode/DerivedData/PlanItApp-gkehojshtcbfvhersqwajfujohau/Build/Intermediates.noindex/AppAuth.build/Debug-iphonesimulator/AppAuth.build/Objects-normal/arm64/e6072d4f65d7061329687fe24e3d63a7-common-args.resp -include /Users/aleks/Library/Developer/Xcode/DerivedData/PlanItApp-gkehojshtcbfvhersqwajfujohau/Build/Intermediates.noindex/AppAuth.build/Debug-iphonesimulator/AppAuth.build/DerivedSources/resource_bundle_accessor.h -MMD -MT dependencies -MF /Users/aleks/Library/Developer/Xcode/DerivedData/PlanItApp-gkehojshtcbfvhersqwajfujohau/Build/Intermediates.noindex/AppAuth.build/Debug-iphonesimulator/AppAuth.build/Objects-normal/arm64/OIDLoopbackHTTPServer.d --serialize-diagnostics /Users/aleks/Library/Developer/Xcode/DerivedData/PlanItApp-gkehojshtcbfvhersqwajfujohau/Build/Intermediates.noindex/AppAuth.build/Debug-iphonesimulator/AppAuth.build/Objects-normal/arm64/OIDLoopbackHTTPServer.dia -c /Users/aleks/Library/Developer/Xcode/DerivedData/PlanItApp-gkehojshtcbfvhersqwajfujohau/SourcePackages/checkouts/AppAuth-iOS/Sources/AppAuth/macOS/LoopbackHTTPServer/OIDLoopbackHTTPServer.m -o /Users/aleks/Library/Developer/Xcode/DerivedData/PlanItApp-gkehojshtcbfvhersqwajfujohau/Build/Intermediates.noindex/AppAuth.build/Debug-iphonesimulator/AppAuth.build/Objects-normal/arm64/OIDLoopbackHTTPServer.o -index-unit-output-path /AppAuth.build/Debug-iphonesimulator/AppAuth.build/Objects-normal/arm64/OIDLoopbackHTTPServer.o

CompileC /Users/aleks/Library/Developer/Xcode/DerivedData/PlanItApp-gkehojshtcbfvhersqwajfujohau/Build/Intermediates.noindex/AppAuth.build/Debug-iphonesimulator/AppAuth.build/Objects-normal/arm64/OIDRedirectHTTPHandler.o /Users/aleks/Library/Developer/Xcode/DerivedData/PlanItApp-gkehojshtcbfvhersqwajfujohau/SourcePackages/checkouts/AppAuth-iOS/Sources/AppAuth/macOS/OIDRedirectHTTPHandler.m normal arm64 objective-c com.apple.compilers.llvm.clang.1_0.compiler (in target 'AppAuth' from project 'AppAuth')
    cd /Users/aleks/Desktop/PlanItApp/PlanItApp.xcodeproj
    
    Using response file: /Users/aleks/Library/Developer/Xcode/DerivedData/PlanItApp-gkehojshtcbfvhersqwajfujohau/Build/Intermediates.noindex/AppAuth.build/Debug-iphonesimulator/AppAuth.build/Objects-normal/arm64/e6072d4f65d7061329687fe24e3d63a7-common-args.resp
    
    /Applications/Xcode.app/Contents/Developer/Toolchains/XcodeDefault.xctoolchain/usr/bin/clang -x objective-c -ivfsstatcache /Users/aleks/Library/Developer/Xcode/DerivedData/SDKStatCaches.noindex/iphonesimulator18.5-22F76-d5fc8ad4295d2ef488fb7d0f804ce0c4.sdkstatcache -fmessage-length\=0 -fdiagnostics-show-note-include-stack -fmacro-backtrace-limit\=0 -fno-color-diagnostics -fmodules-prune-interval\=86400 -fmodules-prune-after\=345600 -fbuild-session-file\=/Users/aleks/Library/Developer/Xcode/DerivedData/ModuleCache.noindex/Session.modulevalidation -fmodules-validate-once-per-build-session -Wnon-modular-include-in-framework-module -Werror\=non-modular-include-in-framework-module -Wno-trigraphs -Wno-missing-field-initializers -Wno-missing-prototypes -Wno-return-type -Wno-implicit-atomic-properties -Wno-objc-interface-ivars -Wno-arc-repeated-use-of-weak -Wno-missing-braces -Wparentheses -Wswitch -Wno-unused-function -Wno-unused-label -Wno-unused-parameter -Wno-unused-variable -Wunused-value -Wno-empty-body -Wno-uninitialized -Wno-unknown-pragmas -w -Wno-shadow -Wno-four-char-constants -Wno-conversion -Wno-constant-conversion -Wno-int-conversion -Wno-bool-conversion -Wno-enum-conversion -Wno-float-conversion -Wno-non-literal-null-conversion -Wno-objc-literal-conversion -Wshorten-64-to-32 -Wpointer-sign -Wno-newline-eof -Wno-selector -Wno-strict-selector-match -Wno-undeclared-selector -Wno-deprecated-implementations -Wno-implicit-fallthrough -fstrict-aliasing -Wprotocol -Wdeprecated-declarations -Wno-sign-conversion -Wno-infinite-recursion -Wno-comma -Wno-block-capture-autoreleasing -Wno-strict-prototypes -Wno-semicolon-before-method-body -index-store-path /Users/aleks/Library/Developer/Xcode/DerivedData/PlanItApp-gkehojshtcbfvhersqwajfujohau/Index.noindex/DataStore @/Users/aleks/Library/Developer/Xcode/DerivedData/PlanItApp-gkehojshtcbfvhersqwajfujohau/Build/Intermediates.noindex/AppAuth.build/Debug-iphonesimulator/AppAuth.build/Objects-normal/arm64/e6072d4f65d7061329687fe24e3d63a7-common-args.resp -include /Users/aleks/Library/Developer/Xcode/DerivedData/PlanItApp-gkehojshtcbfvhersqwajfujohau/Build/Intermediates.noindex/AppAuth.build/Debug-iphonesimulator/AppAuth.build/DerivedSources/resource_bundle_accessor.h -MMD -MT dependencies -MF /Users/aleks/Library/Developer/Xcode/DerivedData/PlanItApp-gkehojshtcbfvhersqwajfujohau/Build/Intermediates.noindex/AppAuth.build/Debug-iphonesimulator/AppAuth.build/Objects-normal/arm64/OIDRedirectHTTPHandler.d --serialize-diagnostics /Users/aleks/Library/Developer/Xcode/DerivedData/PlanItApp-gkehojshtcbfvhersqwajfujohau/Build/Intermediates.noindex/AppAuth.build/Debug-iphonesimulator/AppAuth.build/Objects-normal/arm64/OIDRedirectHTTPHandler.dia -c /Users/aleks/Library/Developer/Xcode/DerivedData/PlanItApp-gkehojshtcbfvhersqwajfujohau/SourcePackages/checkouts/AppAuth-iOS/Sources/AppAuth/macOS/OIDRedirectHTTPHandler.m -o /Users/aleks/Library/Developer/Xcode/DerivedData/PlanItApp-gkehojshtcbfvhersqwajfujohau/Build/Intermediates.noindex/AppAuth.build/Debug-iphonesimulator/AppAuth.build/Objects-normal/arm64/OIDRedirectHTTPHandler.o -index-unit-output-path /AppAuth.build/Debug-iphonesimulator/AppAuth.build/Objects-normal/arm64/OIDRedirectHTTPHandler.o

PrecompileModule /Users/aleks/Library/Developer/Xcode/DerivedData/PlanItApp-gkehojshtcbfvhersqwajfujohau/Build/Intermediates.noindex/ExplicitPrecompiledModules/CoreVideo-ENAU0CTP4OA8WOBALGI5UUR3Q.scan
    cd /Users/aleks/Desktop/PlanItApp/PlanItApp.xcodeproj
    builtin-precompileModule /Users/aleks/Library/Developer/Xcode/DerivedData/PlanItApp-gkehojshtcbfvhersqwajfujohau/Build/Intermediates.noindex/ExplicitPrecompiledModules/CoreVideo-ENAU0CTP4OA8WOBALGI5UUR3Q.scan

CompileC /Users/aleks/Library/Developer/Xcode/DerivedData/PlanItApp-gkehojshtcbfvhersqwajfujohau/Build/Intermediates.noindex/AppAuth.build/Debug-iphonesimulator/AppAuth.build/Objects-normal/arm64/OIDLoopbackHTTPServer.o /Users/aleks/Library/Developer/Xcode/DerivedData/PlanItApp-gkehojshtcbfvhersqwajfujohau/SourcePackages/checkouts/AppAuth-iOS/Sources/AppAuth/macOS/LoopbackHTTPServer/OIDLoopbackHTTPServer.m normal arm64 objective-c com.apple.compilers.llvm.clang.1_0.compiler (in target 'AppAuth' from project 'AppAuth')
    cd /Users/aleks/Desktop/PlanItApp/PlanItApp.xcodeproj
    
    Using response file: /Users/aleks/Library/Developer/Xcode/DerivedData/PlanItApp-gkehojshtcbfvhersqwajfujohau/Build/Intermediates.noindex/AppAuth.build/Debug-iphonesimulator/AppAuth.build/Objects-normal/arm64/e6072d4f65d7061329687fe24e3d63a7-common-args.resp
    
    /Applications/Xcode.app/Contents/Developer/Toolchains/XcodeDefault.xctoolchain/usr/bin/clang -x objective-c -ivfsstatcache /Users/aleks/Library/Developer/Xcode/DerivedData/SDKStatCaches.noindex/iphonesimulator18.5-22F76-d5fc8ad4295d2ef488fb7d0f804ce0c4.sdkstatcache -fmessage-length\=0 -fdiagnostics-show-note-include-stack -fmacro-backtrace-limit\=0 -fno-color-diagnostics -fmodules-prune-interval\=86400 -fmodules-prune-after\=345600 -fbuild-session-file\=/Users/aleks/Library/Developer/Xcode/DerivedData/ModuleCache.noindex/Session.modulevalidation -fmodules-validate-once-per-build-session -Wnon-modular-include-in-framework-module -Werror\=non-modular-include-in-framework-module -Wno-trigraphs -Wno-missing-field-initializers -Wno-missing-prototypes -Wno-return-type -Wno-implicit-atomic-properties -Wno-objc-interface-ivars -Wno-arc-repeated-use-of-weak -Wno-missing-braces -Wparentheses -Wswitch -Wno-unused-function -Wno-unused-label -Wno-unused-parameter -Wno-unused-variable -Wunused-value -Wno-empty-body -Wno-uninitialized -Wno-unknown-pragmas -w -Wno-shadow -Wno-four-char-constants -Wno-conversion -Wno-constant-conversion -Wno-int-conversion -Wno-bool-conversion -Wno-enum-conversion -Wno-float-conversion -Wno-non-literal-null-conversion -Wno-objc-literal-conversion -Wshorten-64-to-32 -Wpointer-sign -Wno-newline-eof -Wno-selector -Wno-strict-selector-match -Wno-undeclared-selector -Wno-deprecated-implementations -Wno-implicit-fallthrough -fstrict-aliasing -Wprotocol -Wdeprecated-declarations -Wno-sign-conversion -Wno-infinite-recursion -Wno-comma -Wno-block-capture-autoreleasing -Wno-strict-prototypes -Wno-semicolon-before-method-body -index-store-path /Users/aleks/Library/Developer/Xcode/DerivedData/PlanItApp-gkehojshtcbfvhersqwajfujohau/Index.noindex/DataStore @/Users/aleks/Library/Developer/Xcode/DerivedData/PlanItApp-gkehojshtcbfvhersqwajfujohau/Build/Intermediates.noindex/AppAuth.build/Debug-iphonesimulator/AppAuth.build/Objects-normal/arm64/e6072d4f65d7061329687fe24e3d63a7-common-args.resp -include /Users/aleks/Library/Developer/Xcode/DerivedData/PlanItApp-gkehojshtcbfvhersqwajfujohau/Build/Intermediates.noindex/AppAuth.build/Debug-iphonesimulator/AppAuth.build/DerivedSources/resource_bundle_accessor.h -MMD -MT dependencies -MF /Users/aleks/Library/Developer/Xcode/DerivedData/PlanItApp-gkehojshtcbfvhersqwajfujohau/Build/Intermediates.noindex/AppAuth.build/Debug-iphonesimulator/AppAuth.build/Objects-normal/arm64/OIDLoopbackHTTPServer.d --serialize-diagnostics /Users/aleks/Library/Developer/Xcode/DerivedData/PlanItApp-gkehojshtcbfvhersqwajfujohau/Build/Intermediates.noindex/AppAuth.build/Debug-iphonesimulator/AppAuth.build/Objects-normal/arm64/OIDLoopbackHTTPServer.dia -c /Users/aleks/Library/Developer/Xcode/DerivedData/PlanItApp-gkehojshtcbfvhersqwajfujohau/SourcePackages/checkouts/AppAuth-iOS/Sources/AppAuth/macOS/LoopbackHTTPServer/OIDLoopbackHTTPServer.m -o /Users/aleks/Library/Developer/Xcode/DerivedData/PlanItApp-gkehojshtcbfvhersqwajfujohau/Build/Intermediates.noindex/AppAuth.build/Debug-iphonesimulator/AppAuth.build/Objects-normal/arm64/OIDLoopbackHTTPServer.o -index-unit-output-path /AppAuth.build/Debug-iphonesimulator/AppAuth.build/Objects-normal/arm64/OIDLoopbackHTTPServer.o

ScanDependencies /Users/aleks/Library/Developer/Xcode/DerivedData/PlanItApp-gkehojshtcbfvhersqwajfujohau/Build/Intermediates.noindex/AppAuth.build/Debug-iphonesimulator/AppAuth.build/Objects-normal/arm64/OIDExternalUserAgentIOSCustomBrowser.o /Users/aleks/Library/Developer/Xcode/DerivedData/PlanItApp-gkehojshtcbfvhersqwajfujohau/SourcePackages/checkouts/AppAuth-iOS/Sources/AppAuth/iOS/OIDExternalUserAgentIOSCustomBrowser.m normal arm64 objective-c com.apple.compilers.llvm.clang.1_0.compiler (in target 'AppAuth' from project 'AppAuth')
    cd /Users/aleks/Desktop/PlanItApp/PlanItApp.xcodeproj
    
    Using response file: /Users/aleks/Library/Developer/Xcode/DerivedData/PlanItApp-gkehojshtcbfvhersqwajfujohau/Build/Intermediates.noindex/AppAuth.build/Debug-iphonesimulator/AppAuth.build/Objects-normal/arm64/e6072d4f65d7061329687fe24e3d63a7-common-args.resp
    
    builtin-ScanDependencies -o /Users/aleks/Library/Developer/Xcode/DerivedData/PlanItApp-gkehojshtcbfvhersqwajfujohau/Build/Intermediates.noindex/AppAuth.build/Debug-iphonesimulator/AppAuth.build/Objects-normal/arm64/OIDExternalUserAgentIOSCustomBrowser.o.scan -- /Applications/Xcode.app/Contents/Developer/Toolchains/XcodeDefault.xctoolchain/usr/bin/clang -x objective-c -ivfsstatcache /Users/aleks/Library/Developer/Xcode/DerivedData/SDKStatCaches.noindex/iphonesimulator18.5-22F76-d5fc8ad4295d2ef488fb7d0f804ce0c4.sdkstatcache -fmessage-length\=0 -fdiagnostics-show-note-include-stack -fmacro-backtrace-limit\=0 -fno-color-diagnostics -fmodules-prune-interval\=86400 -fmodules-prune-after\=345600 -fbuild-session-file\=/Users/aleks/Library/Developer/Xcode/DerivedData/ModuleCache.noindex/Session.modulevalidation -fmodules-validate-once-per-build-session -Wnon-modular-include-in-framework-module -Werror\=non-modular-include-in-framework-module -Wno-trigraphs -Wno-missing-field-initializers -Wno-missing-prototypes -Wno-return-type -Wno-implicit-atomic-properties -Wno-objc-interface-ivars -Wno-arc-repeated-use-of-weak -Wno-missing-braces -Wparentheses -Wswitch -Wno-unused-function -Wno-unused-label -Wno-unused-parameter -Wno-unused-variable -Wunused-value -Wno-empty-body -Wno-uninitialized -Wno-unknown-pragmas -w -Wno-shadow -Wno-four-char-constants -Wno-conversion -Wno-constant-conversion -Wno-int-conversion -Wno-bool-conversion -Wno-enum-conversion -Wno-float-conversion -Wno-non-literal-null-conversion -Wno-objc-literal-conversion -Wshorten-64-to-32 -Wpointer-sign -Wno-newline-eof -Wno-selector -Wno-strict-selector-match -Wno-undeclared-selector -Wno-deprecated-implementations -Wno-implicit-fallthrough -fstrict-aliasing -Wprotocol -Wdeprecated-declarations -Wno-sign-conversion -Wno-infinite-recursion -Wno-comma -Wno-block-capture-autoreleasing -Wno-strict-prototypes -Wno-semicolon-before-method-body -index-store-path /Users/aleks/Library/Developer/Xcode/DerivedData/PlanItApp-gkehojshtcbfvhersqwajfujohau/Index.noindex/DataStore @/Users/aleks/Library/Developer/Xcode/DerivedData/PlanItApp-gkehojshtcbfvhersqwajfujohau/Build/Intermediates.noindex/AppAuth.build/Debug-iphonesimulator/AppAuth.build/Objects-normal/arm64/e6072d4f65d7061329687fe24e3d63a7-common-args.resp -include /Users/aleks/Library/Developer/Xcode/DerivedData/PlanItApp-gkehojshtcbfvhersqwajfujohau/Build/Intermediates.noindex/AppAuth.build/Debug-iphonesimulator/AppAuth.build/DerivedSources/resource_bundle_accessor.h -MMD -MT dependencies -MF /Users/aleks/Library/Developer/Xcode/DerivedData/PlanItApp-gkehojshtcbfvhersqwajfujohau/Build/Intermediates.noindex/AppAuth.build/Debug-iphonesimulator/AppAuth.build/Objects-normal/arm64/OIDExternalUserAgentIOSCustomBrowser.d --serialize-diagnostics /Users/aleks/Library/Developer/Xcode/DerivedData/PlanItApp-gkehojshtcbfvhersqwajfujohau/Build/Intermediates.noindex/AppAuth.build/Debug-iphonesimulator/AppAuth.build/Objects-normal/arm64/OIDExternalUserAgentIOSCustomBrowser.dia -c /Users/aleks/Library/Developer/Xcode/DerivedData/PlanItApp-gkehojshtcbfvhersqwajfujohau/SourcePackages/checkouts/AppAuth-iOS/Sources/AppAuth/iOS/OIDExternalUserAgentIOSCustomBrowser.m -o /Users/aleks/Library/Developer/Xcode/DerivedData/PlanItApp-gkehojshtcbfvhersqwajfujohau/Build/Intermediates.noindex/AppAuth.build/Debug-iphonesimulator/AppAuth.build/Objects-normal/arm64/OIDExternalUserAgentIOSCustomBrowser.o -index-unit-output-path /AppAuth.build/Debug-iphonesimulator/AppAuth.build/Objects-normal/arm64/OIDExternalUserAgentIOSCustomBrowser.o

ScanDependencies /Users/aleks/Library/Developer/Xcode/DerivedData/PlanItApp-gkehojshtcbfvhersqwajfujohau/Build/Intermediates.noindex/AppAuth.build/Debug-iphonesimulator/AppAuth.build/Objects-normal/arm64/OIDExternalUserAgentMac.o /Users/aleks/Library/Developer/Xcode/DerivedData/PlanItApp-gkehojshtcbfvhersqwajfujohau/SourcePackages/checkouts/AppAuth-iOS/Sources/AppAuth/macOS/OIDExternalUserAgentMac.m normal arm64 objective-c com.apple.compilers.llvm.clang.1_0.compiler (in target 'AppAuth' from project 'AppAuth')
    cd /Users/aleks/Desktop/PlanItApp/PlanItApp.xcodeproj
    
    Using response file: /Users/aleks/Library/Developer/Xcode/DerivedData/PlanItApp-gkehojshtcbfvhersqwajfujohau/Build/Intermediates.noindex/AppAuth.build/Debug-iphonesimulator/AppAuth.build/Objects-normal/arm64/e6072d4f65d7061329687fe24e3d63a7-common-args.resp
    
    builtin-ScanDependencies -o /Users/aleks/Library/Developer/Xcode/DerivedData/PlanItApp-gkehojshtcbfvhersqwajfujohau/Build/Intermediates.noindex/AppAuth.build/Debug-iphonesimulator/AppAuth.build/Objects-normal/arm64/OIDExternalUserAgentMac.o.scan -- /Applications/Xcode.app/Contents/Developer/Toolchains/XcodeDefault.xctoolchain/usr/bin/clang -x objective-c -ivfsstatcache /Users/aleks/Library/Developer/Xcode/DerivedData/SDKStatCaches.noindex/iphonesimulator18.5-22F76-d5fc8ad4295d2ef488fb7d0f804ce0c4.sdkstatcache -fmessage-length\=0 -fdiagnostics-show-note-include-stack -fmacro-backtrace-limit\=0 -fno-color-diagnostics -fmodules-prune-interval\=86400 -fmodules-prune-after\=345600 -fbuild-session-file\=/Users/aleks/Library/Developer/Xcode/DerivedData/ModuleCache.noindex/Session.modulevalidation -fmodules-validate-once-per-build-session -Wnon-modular-include-in-framework-module -Werror\=non-modular-include-in-framework-module -Wno-trigraphs -Wno-missing-field-initializers -Wno-missing-prototypes -Wno-return-type -Wno-implicit-atomic-properties -Wno-objc-interface-ivars -Wno-arc-repeated-use-of-weak -Wno-missing-braces -Wparentheses -Wswitch -Wno-unused-function -Wno-unused-label -Wno-unused-parameter -Wno-unused-variable -Wunused-value -Wno-empty-body -Wno-uninitialized -Wno-unknown-pragmas -w -Wno-shadow -Wno-four-char-constants -Wno-conversion -Wno-constant-conversion -Wno-int-conversion -Wno-bool-conversion -Wno-enum-conversion -Wno-float-conversion -Wno-non-literal-null-conversion -Wno-objc-literal-conversion -Wshorten-64-to-32 -Wpointer-sign -Wno-newline-eof -Wno-selector -Wno-strict-selector-match -Wno-undeclared-selector -Wno-deprecated-implementations -Wno-implicit-fallthrough -fstrict-aliasing -Wprotocol -Wdeprecated-declarations -Wno-sign-conversion -Wno-infinite-recursion -Wno-comma -Wno-block-capture-autoreleasing -Wno-strict-prototypes -Wno-semicolon-before-method-body -index-store-path /Users/aleks/Library/Developer/Xcode/DerivedData/PlanItApp-gkehojshtcbfvhersqwajfujohau/Index.noindex/DataStore @/Users/aleks/Library/Developer/Xcode/DerivedData/PlanItApp-gkehojshtcbfvhersqwajfujohau/Build/Intermediates.noindex/AppAuth.build/Debug-iphonesimulator/AppAuth.build/Objects-normal/arm64/e6072d4f65d7061329687fe24e3d63a7-common-args.resp -include /Users/aleks/Library/Developer/Xcode/DerivedData/PlanItApp-gkehojshtcbfvhersqwajfujohau/Build/Intermediates.noindex/AppAuth.build/Debug-iphonesimulator/AppAuth.build/DerivedSources/resource_bundle_accessor.h -MMD -MT dependencies -MF /Users/aleks/Library/Developer/Xcode/DerivedData/PlanItApp-gkehojshtcbfvhersqwajfujohau/Build/Intermediates.noindex/AppAuth.build/Debug-iphonesimulator/AppAuth.build/Objects-normal/arm64/OIDExternalUserAgentMac.d --serialize-diagnostics /Users/aleks/Library/Developer/Xcode/DerivedData/PlanItApp-gkehojshtcbfvhersqwajfujohau/Build/Intermediates.noindex/AppAuth.build/Debug-iphonesimulator/AppAuth.build/Objects-normal/arm64/OIDExternalUserAgentMac.dia -c /Users/aleks/Library/Developer/Xcode/DerivedData/PlanItApp-gkehojshtcbfvhersqwajfujohau/SourcePackages/checkouts/AppAuth-iOS/Sources/AppAuth/macOS/OIDExternalUserAgentMac.m -o /Users/aleks/Library/Developer/Xcode/DerivedData/PlanItApp-gkehojshtcbfvhersqwajfujohau/Build/Intermediates.noindex/AppAuth.build/Debug-iphonesimulator/AppAuth.build/Objects-normal/arm64/OIDExternalUserAgentMac.o -index-unit-output-path /AppAuth.build/Debug-iphonesimulator/AppAuth.build/Objects-normal/arm64/OIDExternalUserAgentMac.o

SwiftDriverJobDiscovery normal arm64 Compiling FIRAllocatedUnfairLock.swift (in target 'FirebaseCoreInternal' from project 'Firebase')

SwiftDriverJobDiscovery normal arm64 Compiling WeakContainer.swift (in target 'FirebaseCoreInternal' from project 'Firebase')

ScanDependencies /Users/aleks/Library/Developer/Xcode/DerivedData/PlanItApp-gkehojshtcbfvhersqwajfujohau/Build/Intermediates.noindex/AppAuth.build/Debug-iphonesimulator/AppAuth.build/Objects-normal/arm64/OIDExternalUserAgentIOS.o /Users/aleks/Library/Developer/Xcode/DerivedData/PlanItApp-gkehojshtcbfvhersqwajfujohau/SourcePackages/checkouts/AppAuth-iOS/Sources/AppAuth/iOS/OIDExternalUserAgentIOS.m normal arm64 objective-c com.apple.compilers.llvm.clang.1_0.compiler (in target 'AppAuth' from project 'AppAuth')
    cd /Users/aleks/Desktop/PlanItApp/PlanItApp.xcodeproj
    
    Using response file: /Users/aleks/Library/Developer/Xcode/DerivedData/PlanItApp-gkehojshtcbfvhersqwajfujohau/Build/Intermediates.noindex/AppAuth.build/Debug-iphonesimulator/AppAuth.build/Objects-normal/arm64/e6072d4f65d7061329687fe24e3d63a7-common-args.resp
    
    builtin-ScanDependencies -o /Users/aleks/Library/Developer/Xcode/DerivedData/PlanItApp-gkehojshtcbfvhersqwajfujohau/Build/Intermediates.noindex/AppAuth.build/Debug-iphonesimulator/AppAuth.build/Objects-normal/arm64/OIDExternalUserAgentIOS.o.scan -- /Applications/Xcode.app/Contents/Developer/Toolchains/XcodeDefault.xctoolchain/usr/bin/clang -x objective-c -ivfsstatcache /Users/aleks/Library/Developer/Xcode/DerivedData/SDKStatCaches.noindex/iphonesimulator18.5-22F76-d5fc8ad4295d2ef488fb7d0f804ce0c4.sdkstatcache -fmessage-length\=0 -fdiagnostics-show-note-include-stack -fmacro-backtrace-limit\=0 -fno-color-diagnostics -fmodules-prune-interval\=86400 -fmodules-prune-after\=345600 -fbuild-session-file\=/Users/aleks/Library/Developer/Xcode/DerivedData/ModuleCache.noindex/Session.modulevalidation -fmodules-validate-once-per-build-session -Wnon-modular-include-in-framework-module -Werror\=non-modular-include-in-framework-module -Wno-trigraphs -Wno-missing-field-initializers -Wno-missing-prototypes -Wno-return-type -Wno-implicit-atomic-properties -Wno-objc-interface-ivars -Wno-arc-repeated-use-of-weak -Wno-missing-braces -Wparentheses -Wswitch -Wno-unused-function -Wno-unused-label -Wno-unused-parameter -Wno-unused-variable -Wunused-value -Wno-empty-body -Wno-uninitialized -Wno-unknown-pragmas -w -Wno-shadow -Wno-four-char-constants -Wno-conversion -Wno-constant-conversion -Wno-int-conversion -Wno-bool-conversion -Wno-enum-conversion -Wno-float-conversion -Wno-non-literal-null-conversion -Wno-objc-literal-conversion -Wshorten-64-to-32 -Wpointer-sign -Wno-newline-eof -Wno-selector -Wno-strict-selector-match -Wno-undeclared-selector -Wno-deprecated-implementations -Wno-implicit-fallthrough -fstrict-aliasing -Wprotocol -Wdeprecated-declarations -Wno-sign-conversion -Wno-infinite-recursion -Wno-comma -Wno-block-capture-autoreleasing -Wno-strict-prototypes -Wno-semicolon-before-method-body -index-store-path /Users/aleks/Library/Developer/Xcode/DerivedData/PlanItApp-gkehojshtcbfvhersqwajfujohau/Index.noindex/DataStore @/Users/aleks/Library/Developer/Xcode/DerivedData/PlanItApp-gkehojshtcbfvhersqwajfujohau/Build/Intermediates.noindex/AppAuth.build/Debug-iphonesimulator/AppAuth.build/Objects-normal/arm64/e6072d4f65d7061329687fe24e3d63a7-common-args.resp -include /Users/aleks/Library/Developer/Xcode/DerivedData/PlanItApp-gkehojshtcbfvhersqwajfujohau/Build/Intermediates.noindex/AppAuth.build/Debug-iphonesimulator/AppAuth.build/DerivedSources/resource_bundle_accessor.h -MMD -MT dependencies -MF /Users/aleks/Library/Developer/Xcode/DerivedData/PlanItApp-gkehojshtcbfvhersqwajfujohau/Build/Intermediates.noindex/AppAuth.build/Debug-iphonesimulator/AppAuth.build/Objects-normal/arm64/OIDExternalUserAgentIOS.d --serialize-diagnostics /Users/aleks/Library/Developer/Xcode/DerivedData/PlanItApp-gkehojshtcbfvhersqwajfujohau/Build/Intermediates.noindex/AppAuth.build/Debug-iphonesimulator/AppAuth.build/Objects-normal/arm64/OIDExternalUserAgentIOS.dia -c /Users/aleks/Library/Developer/Xcode/DerivedData/PlanItApp-gkehojshtcbfvhersqwajfujohau/SourcePackages/checkouts/AppAuth-iOS/Sources/AppAuth/iOS/OIDExternalUserAgentIOS.m -o /Users/aleks/Library/Developer/Xcode/DerivedData/PlanItApp-gkehojshtcbfvhersqwajfujohau/Build/Intermediates.noindex/AppAuth.build/Debug-iphonesimulator/AppAuth.build/Objects-normal/arm64/OIDExternalUserAgentIOS.o -index-unit-output-path /AppAuth.build/Debug-iphonesimulator/AppAuth.build/Objects-normal/arm64/OIDExternalUserAgentIOS.o

ScanDependencies /Users/aleks/Library/Developer/Xcode/DerivedData/PlanItApp-gkehojshtcbfvhersqwajfujohau/Build/Intermediates.noindex/AppAuth.build/Debug-iphonesimulator/AppAuth.build/Objects-normal/arm64/OIDExternalUserAgentCatalyst.o /Users/aleks/Library/Developer/Xcode/DerivedData/PlanItApp-gkehojshtcbfvhersqwajfujohau/SourcePackages/checkouts/AppAuth-iOS/Sources/AppAuth/iOS/OIDExternalUserAgentCatalyst.m normal arm64 objective-c com.apple.compilers.llvm.clang.1_0.compiler (in target 'AppAuth' from project 'AppAuth')
    cd /Users/aleks/Desktop/PlanItApp/PlanItApp.xcodeproj
    
    Using response file: /Users/aleks/Library/Developer/Xcode/DerivedData/PlanItApp-gkehojshtcbfvhersqwajfujohau/Build/Intermediates.noindex/AppAuth.build/Debug-iphonesimulator/AppAuth.build/Objects-normal/arm64/e6072d4f65d7061329687fe24e3d63a7-common-args.resp
    
    builtin-ScanDependencies -o /Users/aleks/Library/Developer/Xcode/DerivedData/PlanItApp-gkehojshtcbfvhersqwajfujohau/Build/Intermediates.noindex/AppAuth.build/Debug-iphonesimulator/AppAuth.build/Objects-normal/arm64/OIDExternalUserAgentCatalyst.o.scan -- /Applications/Xcode.app/Contents/Developer/Toolchains/XcodeDefault.xctoolchain/usr/bin/clang -x objective-c -ivfsstatcache /Users/aleks/Library/Developer/Xcode/DerivedData/SDKStatCaches.noindex/iphonesimulator18.5-22F76-d5fc8ad4295d2ef488fb7d0f804ce0c4.sdkstatcache -fmessage-length\=0 -fdiagnostics-show-note-include-stack -fmacro-backtrace-limit\=0 -fno-color-diagnostics -fmodules-prune-interval\=86400 -fmodules-prune-after\=345600 -fbuild-session-file\=/Users/aleks/Library/Developer/Xcode/DerivedData/ModuleCache.noindex/Session.modulevalidation -fmodules-validate-once-per-build-session -Wnon-modular-include-in-framework-module -Werror\=non-modular-include-in-framework-module -Wno-trigraphs -Wno-missing-field-initializers -Wno-missing-prototypes -Wno-return-type -Wno-implicit-atomic-properties -Wno-objc-interface-ivars -Wno-arc-repeated-use-of-weak -Wno-missing-braces -Wparentheses -Wswitch -Wno-unused-function -Wno-unused-label -Wno-unused-parameter -Wno-unused-variable -Wunused-value -Wno-empty-body -Wno-uninitialized -Wno-unknown-pragmas -w -Wno-shadow -Wno-four-char-constants -Wno-conversion -Wno-constant-conversion -Wno-int-conversion -Wno-bool-conversion -Wno-enum-conversion -Wno-float-conversion -Wno-non-literal-null-conversion -Wno-objc-literal-conversion -Wshorten-64-to-32 -Wpointer-sign -Wno-newline-eof -Wno-selector -Wno-strict-selector-match -Wno-undeclared-selector -Wno-deprecated-implementations -Wno-implicit-fallthrough -fstrict-aliasing -Wprotocol -Wdeprecated-declarations -Wno-sign-conversion -Wno-infinite-recursion -Wno-comma -Wno-block-capture-autoreleasing -Wno-strict-prototypes -Wno-semicolon-before-method-body -index-store-path /Users/aleks/Library/Developer/Xcode/DerivedData/PlanItApp-gkehojshtcbfvhersqwajfujohau/Index.noindex/DataStore @/Users/aleks/Library/Developer/Xcode/DerivedData/PlanItApp-gkehojshtcbfvhersqwajfujohau/Build/Intermediates.noindex/AppAuth.build/Debug-iphonesimulator/AppAuth.build/Objects-normal/arm64/e6072d4f65d7061329687fe24e3d63a7-common-args.resp -include /Users/aleks/Library/Developer/Xcode/DerivedData/PlanItApp-gkehojshtcbfvhersqwajfujohau/Build/Intermediates.noindex/AppAuth.build/Debug-iphonesimulator/AppAuth.build/DerivedSources/resource_bundle_accessor.h -MMD -MT dependencies -MF /Users/aleks/Library/Developer/Xcode/DerivedData/PlanItApp-gkehojshtcbfvhersqwajfujohau/Build/Intermediates.noindex/AppAuth.build/Debug-iphonesimulator/AppAuth.build/Objects-normal/arm64/OIDExternalUserAgentCatalyst.d --serialize-diagnostics /Users/aleks/Library/Developer/Xcode/DerivedData/PlanItApp-gkehojshtcbfvhersqwajfujohau/Build/Intermediates.noindex/AppAuth.build/Debug-iphonesimulator/AppAuth.build/Objects-normal/arm64/OIDExternalUserAgentCatalyst.dia -c /Users/aleks/Library/Developer/Xcode/DerivedData/PlanItApp-gkehojshtcbfvhersqwajfujohau/SourcePackages/checkouts/AppAuth-iOS/Sources/AppAuth/iOS/OIDExternalUserAgentCatalyst.m -o /Users/aleks/Library/Developer/Xcode/DerivedData/PlanItApp-gkehojshtcbfvhersqwajfujohau/Build/Intermediates.noindex/AppAuth.build/Debug-iphonesimulator/AppAuth.build/Objects-normal/arm64/OIDExternalUserAgentCatalyst.o -index-unit-output-path /AppAuth.build/Debug-iphonesimulator/AppAuth.build/Objects-normal/arm64/OIDExternalUserAgentCatalyst.o

SwiftDriverJobDiscovery normal arm64 Compiling _ObjC_HeartbeatsPayload.swift (in target 'FirebaseCoreInternal' from project 'Firebase')

ScanDependencies /Users/aleks/Library/Developer/Xcode/DerivedData/PlanItApp-gkehojshtcbfvhersqwajfujohau/Build/Intermediates.noindex/AppAuth.build/Debug-iphonesimulator/AppAuth.build/Objects-normal/arm64/OIDAuthorizationService+Mac.o /Users/aleks/Library/Developer/Xcode/DerivedData/PlanItApp-gkehojshtcbfvhersqwajfujohau/SourcePackages/checkouts/AppAuth-iOS/Sources/AppAuth/macOS/OIDAuthorizationService+Mac.m normal arm64 objective-c com.apple.compilers.llvm.clang.1_0.compiler (in target 'AppAuth' from project 'AppAuth')
    cd /Users/aleks/Desktop/PlanItApp/PlanItApp.xcodeproj
    
    Using response file: /Users/aleks/Library/Developer/Xcode/DerivedData/PlanItApp-gkehojshtcbfvhersqwajfujohau/Build/Intermediates.noindex/AppAuth.build/Debug-iphonesimulator/AppAuth.build/Objects-normal/arm64/e6072d4f65d7061329687fe24e3d63a7-common-args.resp
    
    builtin-ScanDependencies -o /Users/aleks/Library/Developer/Xcode/DerivedData/PlanItApp-gkehojshtcbfvhersqwajfujohau/Build/Intermediates.noindex/AppAuth.build/Debug-iphonesimulator/AppAuth.build/Objects-normal/arm64/OIDAuthorizationService+Mac.o.scan -- /Applications/Xcode.app/Contents/Developer/Toolchains/XcodeDefault.xctoolchain/usr/bin/clang -x objective-c -ivfsstatcache /Users/aleks/Library/Developer/Xcode/DerivedData/SDKStatCaches.noindex/iphonesimulator18.5-22F76-d5fc8ad4295d2ef488fb7d0f804ce0c4.sdkstatcache -fmessage-length\=0 -fdiagnostics-show-note-include-stack -fmacro-backtrace-limit\=0 -fno-color-diagnostics -fmodules-prune-interval\=86400 -fmodules-prune-after\=345600 -fbuild-session-file\=/Users/aleks/Library/Developer/Xcode/DerivedData/ModuleCache.noindex/Session.modulevalidation -fmodules-validate-once-per-build-session -Wnon-modular-include-in-framework-module -Werror\=non-modular-include-in-framework-module -Wno-trigraphs -Wno-missing-field-initializers -Wno-missing-prototypes -Wno-return-type -Wno-implicit-atomic-properties -Wno-objc-interface-ivars -Wno-arc-repeated-use-of-weak -Wno-missing-braces -Wparentheses -Wswitch -Wno-unused-function -Wno-unused-label -Wno-unused-parameter -Wno-unused-variable -Wunused-value -Wno-empty-body -Wno-uninitialized -Wno-unknown-pragmas -w -Wno-shadow -Wno-four-char-constants -Wno-conversion -Wno-constant-conversion -Wno-int-conversion -Wno-bool-conversion -Wno-enum-conversion -Wno-float-conversion -Wno-non-literal-null-conversion -Wno-objc-literal-conversion -Wshorten-64-to-32 -Wpointer-sign -Wno-newline-eof -Wno-selector -Wno-strict-selector-match -Wno-undeclared-selector -Wno-deprecated-implementations -Wno-implicit-fallthrough -fstrict-aliasing -Wprotocol -Wdeprecated-declarations -Wno-sign-conversion -Wno-infinite-recursion -Wno-comma -Wno-block-capture-autoreleasing -Wno-strict-prototypes -Wno-semicolon-before-method-body -index-store-path /Users/aleks/Library/Developer/Xcode/DerivedData/PlanItApp-gkehojshtcbfvhersqwajfujohau/Index.noindex/DataStore @/Users/aleks/Library/Developer/Xcode/DerivedData/PlanItApp-gkehojshtcbfvhersqwajfujohau/Build/Intermediates.noindex/AppAuth.build/Debug-iphonesimulator/AppAuth.build/Objects-normal/arm64/e6072d4f65d7061329687fe24e3d63a7-common-args.resp -include /Users/aleks/Library/Developer/Xcode/DerivedData/PlanItApp-gkehojshtcbfvhersqwajfujohau/Build/Intermediates.noindex/AppAuth.build/Debug-iphonesimulator/AppAuth.build/DerivedSources/resource_bundle_accessor.h -MMD -MT dependencies -MF /Users/aleks/Library/Developer/Xcode/DerivedData/PlanItApp-gkehojshtcbfvhersqwajfujohau/Build/Intermediates.noindex/AppAuth.build/Debug-iphonesimulator/AppAuth.build/Objects-normal/arm64/OIDAuthorizationService+Mac.d --serialize-diagnostics /Users/aleks/Library/Developer/Xcode/DerivedData/PlanItApp-gkehojshtcbfvhersqwajfujohau/Build/Intermediates.noindex/AppAuth.build/Debug-iphonesimulator/AppAuth.build/Objects-normal/arm64/OIDAuthorizationService+Mac.dia -c /Users/aleks/Library/Developer/Xcode/DerivedData/PlanItApp-gkehojshtcbfvhersqwajfujohau/SourcePackages/checkouts/AppAuth-iOS/Sources/AppAuth/macOS/OIDAuthorizationService+Mac.m -o /Users/aleks/Library/Developer/Xcode/DerivedData/PlanItApp-gkehojshtcbfvhersqwajfujohau/Build/Intermediates.noindex/AppAuth.build/Debug-iphonesimulator/AppAuth.build/Objects-normal/arm64/OIDAuthorizationService+Mac.o -index-unit-output-path /AppAuth.build/Debug-iphonesimulator/AppAuth.build/Objects-normal/arm64/OIDAuthorizationService+Mac.o

CompileC /Users/aleks/Library/Developer/Xcode/DerivedData/PlanItApp-gkehojshtcbfvhersqwajfujohau/Build/Intermediates.noindex/AppAuth.build/Debug-iphonesimulator/AppAuth.build/Objects-normal/arm64/OIDExternalUserAgentMac.o /Users/aleks/Library/Developer/Xcode/DerivedData/PlanItApp-gkehojshtcbfvhersqwajfujohau/SourcePackages/checkouts/AppAuth-iOS/Sources/AppAuth/macOS/OIDExternalUserAgentMac.m normal arm64 objective-c com.apple.compilers.llvm.clang.1_0.compiler (in target 'AppAuth' from project 'AppAuth')
    cd /Users/aleks/Desktop/PlanItApp/PlanItApp.xcodeproj
    
    Using response file: /Users/aleks/Library/Developer/Xcode/DerivedData/PlanItApp-gkehojshtcbfvhersqwajfujohau/Build/Intermediates.noindex/AppAuth.build/Debug-iphonesimulator/AppAuth.build/Objects-normal/arm64/e6072d4f65d7061329687fe24e3d63a7-common-args.resp
    
    /Applications/Xcode.app/Contents/Developer/Toolchains/XcodeDefault.xctoolchain/usr/bin/clang -x objective-c -ivfsstatcache /Users/aleks/Library/Developer/Xcode/DerivedData/SDKStatCaches.noindex/iphonesimulator18.5-22F76-d5fc8ad4295d2ef488fb7d0f804ce0c4.sdkstatcache -fmessage-length\=0 -fdiagnostics-show-note-include-stack -fmacro-backtrace-limit\=0 -fno-color-diagnostics -fmodules-prune-interval\=86400 -fmodules-prune-after\=345600 -fbuild-session-file\=/Users/aleks/Library/Developer/Xcode/DerivedData/ModuleCache.noindex/Session.modulevalidation -fmodules-validate-once-per-build-session -Wnon-modular-include-in-framework-module -Werror\=non-modular-include-in-framework-module -Wno-trigraphs -Wno-missing-field-initializers -Wno-missing-prototypes -Wno-return-type -Wno-implicit-atomic-properties -Wno-objc-interface-ivars -Wno-arc-repeated-use-of-weak -Wno-missing-braces -Wparentheses -Wswitch -Wno-unused-function -Wno-unused-label -Wno-unused-parameter -Wno-unused-variable -Wunused-value -Wno-empty-body -Wno-uninitialized -Wno-unknown-pragmas -w -Wno-shadow -Wno-four-char-constants -Wno-conversion -Wno-constant-conversion -Wno-int-conversion -Wno-bool-conversion -Wno-enum-conversion -Wno-float-conversion -Wno-non-literal-null-conversion -Wno-objc-literal-conversion -Wshorten-64-to-32 -Wpointer-sign -Wno-newline-eof -Wno-selector -Wno-strict-selector-match -Wno-undeclared-selector -Wno-deprecated-implementations -Wno-implicit-fallthrough -fstrict-aliasing -Wprotocol -Wdeprecated-declarations -Wno-sign-conversion -Wno-infinite-recursion -Wno-comma -Wno-block-capture-autoreleasing -Wno-strict-prototypes -Wno-semicolon-before-method-body -index-store-path /Users/aleks/Library/Developer/Xcode/DerivedData/PlanItApp-gkehojshtcbfvhersqwajfujohau/Index.noindex/DataStore @/Users/aleks/Library/Developer/Xcode/DerivedData/PlanItApp-gkehojshtcbfvhersqwajfujohau/Build/Intermediates.noindex/AppAuth.build/Debug-iphonesimulator/AppAuth.build/Objects-normal/arm64/e6072d4f65d7061329687fe24e3d63a7-common-args.resp -include /Users/aleks/Library/Developer/Xcode/DerivedData/PlanItApp-gkehojshtcbfvhersqwajfujohau/Build/Intermediates.noindex/AppAuth.build/Debug-iphonesimulator/AppAuth.build/DerivedSources/resource_bundle_accessor.h -MMD -MT dependencies -MF /Users/aleks/Library/Developer/Xcode/DerivedData/PlanItApp-gkehojshtcbfvhersqwajfujohau/Build/Intermediates.noindex/AppAuth.build/Debug-iphonesimulator/AppAuth.build/Objects-normal/arm64/OIDExternalUserAgentMac.d --serialize-diagnostics /Users/aleks/Library/Developer/Xcode/DerivedData/PlanItApp-gkehojshtcbfvhersqwajfujohau/Build/Intermediates.noindex/AppAuth.build/Debug-iphonesimulator/AppAuth.build/Objects-normal/arm64/OIDExternalUserAgentMac.dia -c /Users/aleks/Library/Developer/Xcode/DerivedData/PlanItApp-gkehojshtcbfvhersqwajfujohau/SourcePackages/checkouts/AppAuth-iOS/Sources/AppAuth/macOS/OIDExternalUserAgentMac.m -o /Users/aleks/Library/Developer/Xcode/DerivedData/PlanItApp-gkehojshtcbfvhersqwajfujohau/Build/Intermediates.noindex/AppAuth.build/Debug-iphonesimulator/AppAuth.build/Objects-normal/arm64/OIDExternalUserAgentMac.o -index-unit-output-path /AppAuth.build/Debug-iphonesimulator/AppAuth.build/Objects-normal/arm64/OIDExternalUserAgentMac.o

PrecompileModule /Users/aleks/Library/Developer/Xcode/DerivedData/PlanItApp-gkehojshtcbfvhersqwajfujohau/Build/Intermediates.noindex/ExplicitPrecompiledModules/CoreImage-9EX23P0566404KPM34LIGIW05.scan
    cd /Users/aleks/Desktop/PlanItApp/PlanItApp.xcodeproj
    builtin-precompileModule /Users/aleks/Library/Developer/Xcode/DerivedData/PlanItApp-gkehojshtcbfvhersqwajfujohau/Build/Intermediates.noindex/ExplicitPrecompiledModules/CoreImage-9EX23P0566404KPM34LIGIW05.scan

CompileC /Users/aleks/Library/Developer/Xcode/DerivedData/PlanItApp-gkehojshtcbfvhersqwajfujohau/Build/Intermediates.noindex/AppAuth.build/Debug-iphonesimulator/AppAuth.build/Objects-normal/arm64/OIDAuthorizationService+Mac.o /Users/aleks/Library/Developer/Xcode/DerivedData/PlanItApp-gkehojshtcbfvhersqwajfujohau/SourcePackages/checkouts/AppAuth-iOS/Sources/AppAuth/macOS/OIDAuthorizationService+Mac.m normal arm64 objective-c com.apple.compilers.llvm.clang.1_0.compiler (in target 'AppAuth' from project 'AppAuth')
    cd /Users/aleks/Desktop/PlanItApp/PlanItApp.xcodeproj
    
    Using response file: /Users/aleks/Library/Developer/Xcode/DerivedData/PlanItApp-gkehojshtcbfvhersqwajfujohau/Build/Intermediates.noindex/AppAuth.build/Debug-iphonesimulator/AppAuth.build/Objects-normal/arm64/e6072d4f65d7061329687fe24e3d63a7-common-args.resp
    
    /Applications/Xcode.app/Contents/Developer/Toolchains/XcodeDefault.xctoolchain/usr/bin/clang -x objective-c -ivfsstatcache /Users/aleks/Library/Developer/Xcode/DerivedData/SDKStatCaches.noindex/iphonesimulator18.5-22F76-d5fc8ad4295d2ef488fb7d0f804ce0c4.sdkstatcache -fmessage-length\=0 -fdiagnostics-show-note-include-stack -fmacro-backtrace-limit\=0 -fno-color-diagnostics -fmodules-prune-interval\=86400 -fmodules-prune-after\=345600 -fbuild-session-file\=/Users/aleks/Library/Developer/Xcode/DerivedData/ModuleCache.noindex/Session.modulevalidation -fmodules-validate-once-per-build-session -Wnon-modular-include-in-framework-module -Werror\=non-modular-include-in-framework-module -Wno-trigraphs -Wno-missing-field-initializers -Wno-missing-prototypes -Wno-return-type -Wno-implicit-atomic-properties -Wno-objc-interface-ivars -Wno-arc-repeated-use-of-weak -Wno-missing-braces -Wparentheses -Wswitch -Wno-unused-function -Wno-unused-label -Wno-unused-parameter -Wno-unused-variable -Wunused-value -Wno-empty-body -Wno-uninitialized -Wno-unknown-pragmas -w -Wno-shadow -Wno-four-char-constants -Wno-conversion -Wno-constant-conversion -Wno-int-conversion -Wno-bool-conversion -Wno-enum-conversion -Wno-float-conversion -Wno-non-literal-null-conversion -Wno-objc-literal-conversion -Wshorten-64-to-32 -Wpointer-sign -Wno-newline-eof -Wno-selector -Wno-strict-selector-match -Wno-undeclared-selector -Wno-deprecated-implementations -Wno-implicit-fallthrough -fstrict-aliasing -Wprotocol -Wdeprecated-declarations -Wno-sign-conversion -Wno-infinite-recursion -Wno-comma -Wno-block-capture-autoreleasing -Wno-strict-prototypes -Wno-semicolon-before-method-body -index-store-path /Users/aleks/Library/Developer/Xcode/DerivedData/PlanItApp-gkehojshtcbfvhersqwajfujohau/Index.noindex/DataStore @/Users/aleks/Library/Developer/Xcode/DerivedData/PlanItApp-gkehojshtcbfvhersqwajfujohau/Build/Intermediates.noindex/AppAuth.build/Debug-iphonesimulator/AppAuth.build/Objects-normal/arm64/e6072d4f65d7061329687fe24e3d63a7-common-args.resp -include /Users/aleks/Library/Developer/Xcode/DerivedData/PlanItApp-gkehojshtcbfvhersqwajfujohau/Build/Intermediates.noindex/AppAuth.build/Debug-iphonesimulator/AppAuth.build/DerivedSources/resource_bundle_accessor.h -MMD -MT dependencies -MF /Users/aleks/Library/Developer/Xcode/DerivedData/PlanItApp-gkehojshtcbfvhersqwajfujohau/Build/Intermediates.noindex/AppAuth.build/Debug-iphonesimulator/AppAuth.build/Objects-normal/arm64/OIDAuthorizationService+Mac.d --serialize-diagnostics /Users/aleks/Library/Developer/Xcode/DerivedData/PlanItApp-gkehojshtcbfvhersqwajfujohau/Build/Intermediates.noindex/AppAuth.build/Debug-iphonesimulator/AppAuth.build/Objects-normal/arm64/OIDAuthorizationService+Mac.dia -c /Users/aleks/Library/Developer/Xcode/DerivedData/PlanItApp-gkehojshtcbfvhersqwajfujohau/SourcePackages/checkouts/AppAuth-iOS/Sources/AppAuth/macOS/OIDAuthorizationService+Mac.m -o /Users/aleks/Library/Developer/Xcode/DerivedData/PlanItApp-gkehojshtcbfvhersqwajfujohau/Build/Intermediates.noindex/AppAuth.build/Debug-iphonesimulator/AppAuth.build/Objects-normal/arm64/OIDAuthorizationService+Mac.o -index-unit-output-path /AppAuth.build/Debug-iphonesimulator/AppAuth.build/Objects-normal/arm64/OIDAuthorizationService+Mac.o

PrecompileModule /Users/aleks/Library/Developer/Xcode/DerivedData/PlanItApp-gkehojshtcbfvhersqwajfujohau/Build/Intermediates.noindex/ExplicitPrecompiledModules/QuartzCore-4LB4ZY7RZ829SSHSZWJ3DVQOC.scan
    cd /Users/aleks/Desktop/PlanItApp/PlanItApp.xcodeproj
    builtin-precompileModule /Users/aleks/Library/Developer/Xcode/DerivedData/PlanItApp-gkehojshtcbfvhersqwajfujohau/Build/Intermediates.noindex/ExplicitPrecompiledModules/QuartzCore-4LB4ZY7RZ829SSHSZWJ3DVQOC.scan

PrecompileModule /Users/aleks/Library/Developer/Xcode/DerivedData/PlanItApp-gkehojshtcbfvhersqwajfujohau/Build/Intermediates.noindex/ExplicitPrecompiledModules/AppAuthCore-B5462VZ1KHKN6TPW2J8ZHWX9Z.scan
    cd /Users/aleks/Desktop/PlanItApp/PlanItApp.xcodeproj
    builtin-precompileModule /Users/aleks/Library/Developer/Xcode/DerivedData/PlanItApp-gkehojshtcbfvhersqwajfujohau/Build/Intermediates.noindex/ExplicitPrecompiledModules/AppAuthCore-B5462VZ1KHKN6TPW2J8ZHWX9Z.scan

ScanDependencies /Users/aleks/Library/Developer/Xcode/DerivedData/PlanItApp-gkehojshtcbfvhersqwajfujohau/Build/Intermediates.noindex/AppAuth.build/Debug-iphonesimulator/AppAuth.build/Objects-normal/arm64/OIDAuthorizationService+IOS.o /Users/aleks/Library/Developer/Xcode/DerivedData/PlanItApp-gkehojshtcbfvhersqwajfujohau/SourcePackages/checkouts/AppAuth-iOS/Sources/AppAuth/iOS/OIDAuthorizationService+IOS.m normal arm64 objective-c com.apple.compilers.llvm.clang.1_0.compiler (in target 'AppAuth' from project 'AppAuth')
    cd /Users/aleks/Desktop/PlanItApp/PlanItApp.xcodeproj
    
    Using response file: /Users/aleks/Library/Developer/Xcode/DerivedData/PlanItApp-gkehojshtcbfvhersqwajfujohau/Build/Intermediates.noindex/AppAuth.build/Debug-iphonesimulator/AppAuth.build/Objects-normal/arm64/e6072d4f65d7061329687fe24e3d63a7-common-args.resp
    
    builtin-ScanDependencies -o /Users/aleks/Library/Developer/Xcode/DerivedData/PlanItApp-gkehojshtcbfvhersqwajfujohau/Build/Intermediates.noindex/AppAuth.build/Debug-iphonesimulator/AppAuth.build/Objects-normal/arm64/OIDAuthorizationService+IOS.o.scan -- /Applications/Xcode.app/Contents/Developer/Toolchains/XcodeDefault.xctoolchain/usr/bin/clang -x objective-c -ivfsstatcache /Users/aleks/Library/Developer/Xcode/DerivedData/SDKStatCaches.noindex/iphonesimulator18.5-22F76-d5fc8ad4295d2ef488fb7d0f804ce0c4.sdkstatcache -fmessage-length\=0 -fdiagnostics-show-note-include-stack -fmacro-backtrace-limit\=0 -fno-color-diagnostics -fmodules-prune-interval\=86400 -fmodules-prune-after\=345600 -fbuild-session-file\=/Users/aleks/Library/Developer/Xcode/DerivedData/ModuleCache.noindex/Session.modulevalidation -fmodules-validate-once-per-build-session -Wnon-modular-include-in-framework-module -Werror\=non-modular-include-in-framework-module -Wno-trigraphs -Wno-missing-field-initializers -Wno-missing-prototypes -Wno-return-type -Wno-implicit-atomic-properties -Wno-objc-interface-ivars -Wno-arc-repeated-use-of-weak -Wno-missing-braces -Wparentheses -Wswitch -Wno-unused-function -Wno-unused-label -Wno-unused-parameter -Wno-unused-variable -Wunused-value -Wno-empty-body -Wno-uninitialized -Wno-unknown-pragmas -w -Wno-shadow -Wno-four-char-constants -Wno-conversion -Wno-constant-conversion -Wno-int-conversion -Wno-bool-conversion -Wno-enum-conversion -Wno-float-conversion -Wno-non-literal-null-conversion -Wno-objc-literal-conversion -Wshorten-64-to-32 -Wpointer-sign -Wno-newline-eof -Wno-selector -Wno-strict-selector-match -Wno-undeclared-selector -Wno-deprecated-implementations -Wno-implicit-fallthrough -fstrict-aliasing -Wprotocol -Wdeprecated-declarations -Wno-sign-conversion -Wno-infinite-recursion -Wno-comma -Wno-block-capture-autoreleasing -Wno-strict-prototypes -Wno-semicolon-before-method-body -index-store-path /Users/aleks/Library/Developer/Xcode/DerivedData/PlanItApp-gkehojshtcbfvhersqwajfujohau/Index.noindex/DataStore @/Users/aleks/Library/Developer/Xcode/DerivedData/PlanItApp-gkehojshtcbfvhersqwajfujohau/Build/Intermediates.noindex/AppAuth.build/Debug-iphonesimulator/AppAuth.build/Objects-normal/arm64/e6072d4f65d7061329687fe24e3d63a7-common-args.resp -include /Users/aleks/Library/Developer/Xcode/DerivedData/PlanItApp-gkehojshtcbfvhersqwajfujohau/Build/Intermediates.noindex/AppAuth.build/Debug-iphonesimulator/AppAuth.build/DerivedSources/resource_bundle_accessor.h -MMD -MT dependencies -MF /Users/aleks/Library/Developer/Xcode/DerivedData/PlanItApp-gkehojshtcbfvhersqwajfujohau/Build/Intermediates.noindex/AppAuth.build/Debug-iphonesimulator/AppAuth.build/Objects-normal/arm64/OIDAuthorizationService+IOS.d --serialize-diagnostics /Users/aleks/Library/Developer/Xcode/DerivedData/PlanItApp-gkehojshtcbfvhersqwajfujohau/Build/Intermediates.noindex/AppAuth.build/Debug-iphonesimulator/AppAuth.build/Objects-normal/arm64/OIDAuthorizationService+IOS.dia -c /Users/aleks/Library/Developer/Xcode/DerivedData/PlanItApp-gkehojshtcbfvhersqwajfujohau/SourcePackages/checkouts/AppAuth-iOS/Sources/AppAuth/iOS/OIDAuthorizationService+IOS.m -o /Users/aleks/Library/Developer/Xcode/DerivedData/PlanItApp-gkehojshtcbfvhersqwajfujohau/Build/Intermediates.noindex/AppAuth.build/Debug-iphonesimulator/AppAuth.build/Objects-normal/arm64/OIDAuthorizationService+IOS.o -index-unit-output-path /AppAuth.build/Debug-iphonesimulator/AppAuth.build/Objects-normal/arm64/OIDAuthorizationService+IOS.o

ScanDependencies /Users/aleks/Library/Developer/Xcode/DerivedData/PlanItApp-gkehojshtcbfvhersqwajfujohau/Build/Intermediates.noindex/AppAuth.build/Debug-iphonesimulator/AppAuth.build/Objects-normal/arm64/OIDAuthState+Mac.o /Users/aleks/Library/Developer/Xcode/DerivedData/PlanItApp-gkehojshtcbfvhersqwajfujohau/SourcePackages/checkouts/AppAuth-iOS/Sources/AppAuth/macOS/OIDAuthState+Mac.m normal arm64 objective-c com.apple.compilers.llvm.clang.1_0.compiler (in target 'AppAuth' from project 'AppAuth')
    cd /Users/aleks/Desktop/PlanItApp/PlanItApp.xcodeproj
    
    Using response file: /Users/aleks/Library/Developer/Xcode/DerivedData/PlanItApp-gkehojshtcbfvhersqwajfujohau/Build/Intermediates.noindex/AppAuth.build/Debug-iphonesimulator/AppAuth.build/Objects-normal/arm64/e6072d4f65d7061329687fe24e3d63a7-common-args.resp
    
    builtin-ScanDependencies -o /Users/aleks/Library/Developer/Xcode/DerivedData/PlanItApp-gkehojshtcbfvhersqwajfujohau/Build/Intermediates.noindex/AppAuth.build/Debug-iphonesimulator/AppAuth.build/Objects-normal/arm64/OIDAuthState+Mac.o.scan -- /Applications/Xcode.app/Contents/Developer/Toolchains/XcodeDefault.xctoolchain/usr/bin/clang -x objective-c -ivfsstatcache /Users/aleks/Library/Developer/Xcode/DerivedData/SDKStatCaches.noindex/iphonesimulator18.5-22F76-d5fc8ad4295d2ef488fb7d0f804ce0c4.sdkstatcache -fmessage-length\=0 -fdiagnostics-show-note-include-stack -fmacro-backtrace-limit\=0 -fno-color-diagnostics -fmodules-prune-interval\=86400 -fmodules-prune-after\=345600 -fbuild-session-file\=/Users/aleks/Library/Developer/Xcode/DerivedData/ModuleCache.noindex/Session.modulevalidation -fmodules-validate-once-per-build-session -Wnon-modular-include-in-framework-module -Werror\=non-modular-include-in-framework-module -Wno-trigraphs -Wno-missing-field-initializers -Wno-missing-prototypes -Wno-return-type -Wno-implicit-atomic-properties -Wno-objc-interface-ivars -Wno-arc-repeated-use-of-weak -Wno-missing-braces -Wparentheses -Wswitch -Wno-unused-function -Wno-unused-label -Wno-unused-parameter -Wno-unused-variable -Wunused-value -Wno-empty-body -Wno-uninitialized -Wno-unknown-pragmas -w -Wno-shadow -Wno-four-char-constants -Wno-conversion -Wno-constant-conversion -Wno-int-conversion -Wno-bool-conversion -Wno-enum-conversion -Wno-float-conversion -Wno-non-literal-null-conversion -Wno-objc-literal-conversion -Wshorten-64-to-32 -Wpointer-sign -Wno-newline-eof -Wno-selector -Wno-strict-selector-match -Wno-undeclared-selector -Wno-deprecated-implementations -Wno-implicit-fallthrough -fstrict-aliasing -Wprotocol -Wdeprecated-declarations -Wno-sign-conversion -Wno-infinite-recursion -Wno-comma -Wno-block-capture-autoreleasing -Wno-strict-prototypes -Wno-semicolon-before-method-body -index-store-path /Users/aleks/Library/Developer/Xcode/DerivedData/PlanItApp-gkehojshtcbfvhersqwajfujohau/Index.noindex/DataStore @/Users/aleks/Library/Developer/Xcode/DerivedData/PlanItApp-gkehojshtcbfvhersqwajfujohau/Build/Intermediates.noindex/AppAuth.build/Debug-iphonesimulator/AppAuth.build/Objects-normal/arm64/e6072d4f65d7061329687fe24e3d63a7-common-args.resp -include /Users/aleks/Library/Developer/Xcode/DerivedData/PlanItApp-gkehojshtcbfvhersqwajfujohau/Build/Intermediates.noindex/AppAuth.build/Debug-iphonesimulator/AppAuth.build/DerivedSources/resource_bundle_accessor.h -MMD -MT dependencies -MF /Users/aleks/Library/Developer/Xcode/DerivedData/PlanItApp-gkehojshtcbfvhersqwajfujohau/Build/Intermediates.noindex/AppAuth.build/Debug-iphonesimulator/AppAuth.build/Objects-normal/arm64/OIDAuthState+Mac.d --serialize-diagnostics /Users/aleks/Library/Developer/Xcode/DerivedData/PlanItApp-gkehojshtcbfvhersqwajfujohau/Build/Intermediates.noindex/AppAuth.build/Debug-iphonesimulator/AppAuth.build/Objects-normal/arm64/OIDAuthState+Mac.dia -c /Users/aleks/Library/Developer/Xcode/DerivedData/PlanItApp-gkehojshtcbfvhersqwajfujohau/SourcePackages/checkouts/AppAuth-iOS/Sources/AppAuth/macOS/OIDAuthState+Mac.m -o /Users/aleks/Library/Developer/Xcode/DerivedData/PlanItApp-gkehojshtcbfvhersqwajfujohau/Build/Intermediates.noindex/AppAuth.build/Debug-iphonesimulator/AppAuth.build/Objects-normal/arm64/OIDAuthState+Mac.o -index-unit-output-path /AppAuth.build/Debug-iphonesimulator/AppAuth.build/Objects-normal/arm64/OIDAuthState+Mac.o

ScanDependencies /Users/aleks/Library/Developer/Xcode/DerivedData/PlanItApp-gkehojshtcbfvhersqwajfujohau/Build/Intermediates.noindex/AppAuth.build/Debug-iphonesimulator/AppAuth.build/Objects-normal/arm64/OIDAuthState+IOS.o /Users/aleks/Library/Developer/Xcode/DerivedData/PlanItApp-gkehojshtcbfvhersqwajfujohau/SourcePackages/checkouts/AppAuth-iOS/Sources/AppAuth/iOS/OIDAuthState+IOS.m normal arm64 objective-c com.apple.compilers.llvm.clang.1_0.compiler (in target 'AppAuth' from project 'AppAuth')
    cd /Users/aleks/Desktop/PlanItApp/PlanItApp.xcodeproj
    
    Using response file: /Users/aleks/Library/Developer/Xcode/DerivedData/PlanItApp-gkehojshtcbfvhersqwajfujohau/Build/Intermediates.noindex/AppAuth.build/Debug-iphonesimulator/AppAuth.build/Objects-normal/arm64/e6072d4f65d7061329687fe24e3d63a7-common-args.resp
    
    builtin-ScanDependencies -o /Users/aleks/Library/Developer/Xcode/DerivedData/PlanItApp-gkehojshtcbfvhersqwajfujohau/Build/Intermediates.noindex/AppAuth.build/Debug-iphonesimulator/AppAuth.build/Objects-normal/arm64/OIDAuthState+IOS.o.scan -- /Applications/Xcode.app/Contents/Developer/Toolchains/XcodeDefault.xctoolchain/usr/bin/clang -x objective-c -ivfsstatcache /Users/aleks/Library/Developer/Xcode/DerivedData/SDKStatCaches.noindex/iphonesimulator18.5-22F76-d5fc8ad4295d2ef488fb7d0f804ce0c4.sdkstatcache -fmessage-length\=0 -fdiagnostics-show-note-include-stack -fmacro-backtrace-limit\=0 -fno-color-diagnostics -fmodules-prune-interval\=86400 -fmodules-prune-after\=345600 -fbuild-session-file\=/Users/aleks/Library/Developer/Xcode/DerivedData/ModuleCache.noindex/Session.modulevalidation -fmodules-validate-once-per-build-session -Wnon-modular-include-in-framework-module -Werror\=non-modular-include-in-framework-module -Wno-trigraphs -Wno-missing-field-initializers -Wno-missing-prototypes -Wno-return-type -Wno-implicit-atomic-properties -Wno-objc-interface-ivars -Wno-arc-repeated-use-of-weak -Wno-missing-braces -Wparentheses -Wswitch -Wno-unused-function -Wno-unused-label -Wno-unused-parameter -Wno-unused-variable -Wunused-value -Wno-empty-body -Wno-uninitialized -Wno-unknown-pragmas -w -Wno-shadow -Wno-four-char-constants -Wno-conversion -Wno-constant-conversion -Wno-int-conversion -Wno-bool-conversion -Wno-enum-conversion -Wno-float-conversion -Wno-non-literal-null-conversion -Wno-objc-literal-conversion -Wshorten-64-to-32 -Wpointer-sign -Wno-newline-eof -Wno-selector -Wno-strict-selector-match -Wno-undeclared-selector -Wno-deprecated-implementations -Wno-implicit-fallthrough -fstrict-aliasing -Wprotocol -Wdeprecated-declarations -Wno-sign-conversion -Wno-infinite-recursion -Wno-comma -Wno-block-capture-autoreleasing -Wno-strict-prototypes -Wno-semicolon-before-method-body -index-store-path /Users/aleks/Library/Developer/Xcode/DerivedData/PlanItApp-gkehojshtcbfvhersqwajfujohau/Index.noindex/DataStore @/Users/aleks/Library/Developer/Xcode/DerivedData/PlanItApp-gkehojshtcbfvhersqwajfujohau/Build/Intermediates.noindex/AppAuth.build/Debug-iphonesimulator/AppAuth.build/Objects-normal/arm64/e6072d4f65d7061329687fe24e3d63a7-common-args.resp -include /Users/aleks/Library/Developer/Xcode/DerivedData/PlanItApp-gkehojshtcbfvhersqwajfujohau/Build/Intermediates.noindex/AppAuth.build/Debug-iphonesimulator/AppAuth.build/DerivedSources/resource_bundle_accessor.h -MMD -MT dependencies -MF /Users/aleks/Library/Developer/Xcode/DerivedData/PlanItApp-gkehojshtcbfvhersqwajfujohau/Build/Intermediates.noindex/AppAuth.build/Debug-iphonesimulator/AppAuth.build/Objects-normal/arm64/OIDAuthState+IOS.d --serialize-diagnostics /Users/aleks/Library/Developer/Xcode/DerivedData/PlanItApp-gkehojshtcbfvhersqwajfujohau/Build/Intermediates.noindex/AppAuth.build/Debug-iphonesimulator/AppAuth.build/Objects-normal/arm64/OIDAuthState+IOS.dia -c /Users/aleks/Library/Developer/Xcode/DerivedData/PlanItApp-gkehojshtcbfvhersqwajfujohau/SourcePackages/checkouts/AppAuth-iOS/Sources/AppAuth/iOS/OIDAuthState+IOS.m -o /Users/aleks/Library/Developer/Xcode/DerivedData/PlanItApp-gkehojshtcbfvhersqwajfujohau/Build/Intermediates.noindex/AppAuth.build/Debug-iphonesimulator/AppAuth.build/Objects-normal/arm64/OIDAuthState+IOS.o -index-unit-output-path /AppAuth.build/Debug-iphonesimulator/AppAuth.build/Objects-normal/arm64/OIDAuthState+IOS.o

SwiftDriverJobDiscovery normal arm64 Compiling Storage.swift, StorageFactory.swift (in target 'FirebaseCoreInternal' from project 'Firebase')

SwiftDriver GTMAppAuth normal arm64 com.apple.xcode.tools.swift.compiler (in target 'GTMAppAuth' from project 'GTMAppAuth')
    cd /Users/aleks/Desktop/PlanItApp/PlanItApp.xcodeproj
    builtin-SwiftDriver -- /Applications/Xcode.app/Contents/Developer/Toolchains/XcodeDefault.xctoolchain/usr/bin/swiftc -module-name GTMAppAuth -Onone -enforce-exclusivity\=checked @/Users/aleks/Library/Developer/Xcode/DerivedData/PlanItApp-gkehojshtcbfvhersqwajfujohau/Build/Intermediates.noindex/GTMAppAuth.build/Debug-iphonesimulator/GTMAppAuth.build/Objects-normal/arm64/GTMAppAuth.SwiftFileList -DSWIFT_PACKAGE -DDEBUG -Xcc -fmodule-map-file\=/Users/aleks/Library/Developer/Xcode/DerivedData/PlanItApp-gkehojshtcbfvhersqwajfujohau/Build/Intermediates.noindex/GeneratedModuleMaps-iphonesimulator/GTMSessionFetcherCore.modulemap -Xcc -fmodule-map-file\=/Users/aleks/Library/Developer/Xcode/DerivedData/PlanItApp-gkehojshtcbfvhersqwajfujohau/Build/Intermediates.noindex/GeneratedModuleMaps-iphonesimulator/AppAuthCore.modulemap -DXcode -plugin-path /Applications/Xcode.app/Contents/Developer/Toolchains/XcodeDefault.xctoolchain/usr/lib/swift/host/plugins/testing -enable-experimental-feature DebugDescriptionMacro -sdk /Applications/Xcode.app/Contents/Developer/Platforms/iPhoneSimulator.platform/Developer/SDKs/iPhoneSimulator18.5.sdk -target arm64-apple-ios12.0-simulator -g -module-cache-path /Users/aleks/Library/Developer/Xcode/DerivedData/ModuleCache.noindex -Xfrontend -serialize-debugging-options -profile-coverage-mapping -profile-generate -enable-testing -suppress-warnings -index-store-path /Users/aleks/Library/Developer/Xcode/DerivedData/PlanItApp-gkehojshtcbfvhersqwajfujohau/Index.noindex/DataStore -swift-version 5 -I /Users/aleks/Library/Developer/Xcode/DerivedData/PlanItApp-gkehojshtcbfvhersqwajfujohau/Build/Products/Debug-iphonesimulator -I /Applications/Xcode.app/Contents/Developer/Platforms/iPhoneSimulator.platform/Developer/usr/lib -F /Users/aleks/Library/Developer/Xcode/DerivedData/PlanItApp-gkehojshtcbfvhersqwajfujohau/Build/Products/Debug-iphonesimulator/PackageFrameworks -F /Users/aleks/Library/Developer/Xcode/DerivedData/PlanItApp-gkehojshtcbfvhersqwajfujohau/Build/Products/Debug-iphonesimulator/PackageFrameworks -F /Users/aleks/Library/Developer/Xcode/DerivedData/PlanItApp-gkehojshtcbfvhersqwajfujohau/Build/Products/Debug-iphonesimulator -F /Applications/Xcode.app/Contents/Developer/Platforms/iPhoneSimulator.platform/Developer/Library/Frameworks -F /Applications/Xcode.app/Contents/Developer/Platforms/iPhoneSimulator.platform/Developer/SDKs/iPhoneSimulator18.5.sdk/Developer/Library/Frameworks -c -j10 -enable-batch-mode -incremental -Xcc -ivfsstatcache -Xcc /Users/aleks/Library/Developer/Xcode/DerivedData/SDKStatCaches.noindex/iphonesimulator18.5-22F76-d5fc8ad4295d2ef488fb7d0f804ce0c4.sdkstatcache -output-file-map /Users/aleks/Library/Developer/Xcode/DerivedData/PlanItApp-gkehojshtcbfvhersqwajfujohau/Build/Intermediates.noindex/GTMAppAuth.build/Debug-iphonesimulator/GTMAppAuth.build/Objects-normal/arm64/GTMAppAuth-OutputFileMap.json -use-frontend-parseable-output -save-temps -no-color-diagnostics -serialize-diagnostics -emit-dependencies -emit-module -emit-module-path /Users/aleks/Library/Developer/Xcode/DerivedData/PlanItApp-gkehojshtcbfvhersqwajfujohau/Build/Intermediates.noindex/GTMAppAuth.build/Debug-iphonesimulator/GTMAppAuth.build/Objects-normal/arm64/GTMAppAuth.swiftmodule -validate-clang-modules-once -clang-build-session-file /Users/aleks/Library/Developer/Xcode/DerivedData/ModuleCache.noindex/Session.modulevalidation -Xcc -I/Users/aleks/Library/Developer/Xcode/DerivedData/PlanItApp-gkehojshtcbfvhersqwajfujohau/Build/Intermediates.noindex/GTMAppAuth.build/Debug-iphonesimulator/GTMAppAuth.build/swift-overrides.hmap -emit-const-values -Xfrontend -const-gather-protocols-file -Xfrontend /Users/aleks/Library/Developer/Xcode/DerivedData/PlanItApp-gkehojshtcbfvhersqwajfujohau/Build/Intermediates.noindex/GTMAppAuth.build/Debug-iphonesimulator/GTMAppAuth.build/Objects-normal/arm64/GTMAppAuth_const_extract_protocols.json -Xcc -I/Users/aleks/Library/Developer/Xcode/DerivedData/PlanItApp-gkehojshtcbfvhersqwajfujohau/SourcePackages/checkouts/gtm-session-fetcher/Sources/Core/Public -Xcc -I/Users/aleks/Library/Developer/Xcode/DerivedData/PlanItApp-gkehojshtcbfvhersqwajfujohau/SourcePackages/checkouts/AppAuth-iOS/Sources/AppAuthCore -Xcc -I/Users/aleks/Library/Developer/Xcode/DerivedData/PlanItApp-gkehojshtcbfvhersqwajfujohau/Build/Products/Debug-iphonesimulator/include -Xcc -I/Users/aleks/Library/Developer/Xcode/DerivedData/PlanItApp-gkehojshtcbfvhersqwajfujohau/Build/Intermediates.noindex/GTMAppAuth.build/Debug-iphonesimulator/GTMAppAuth.build/DerivedSources-normal/arm64 -Xcc -I/Users/aleks/Library/Developer/Xcode/DerivedData/PlanItApp-gkehojshtcbfvhersqwajfujohau/Build/Intermediates.noindex/GTMAppAuth.build/Debug-iphonesimulator/GTMAppAuth.build/DerivedSources/arm64 -Xcc -I/Users/aleks/Library/Developer/Xcode/DerivedData/PlanItApp-gkehojshtcbfvhersqwajfujohau/Build/Intermediates.noindex/GTMAppAuth.build/Debug-iphonesimulator/GTMAppAuth.build/DerivedSources -Xcc -DSWIFT_PACKAGE -Xcc -DDEBUG\=1 -emit-objc-header -emit-objc-header-path /Users/aleks/Library/Developer/Xcode/DerivedData/PlanItApp-gkehojshtcbfvhersqwajfujohau/Build/Intermediates.noindex/GTMAppAuth.build/Debug-iphonesimulator/GTMAppAuth.build/Objects-normal/arm64/GTMAppAuth-Swift.h -working-directory /Users/aleks/Desktop/PlanItApp/PlanItApp.xcodeproj -experimental-emit-module-separately -disable-cmo

CodeSign /Users/aleks/Library/Developer/Xcode/DerivedData/PlanItApp-gkehojshtcbfvhersqwajfujohau/Build/Products/Debug-iphonesimulator/nanopb_nanopb.bundle (in target 'nanopb_nanopb' from project 'nanopb')
    cd /Users/aleks/Library/Developer/Xcode/DerivedData/PlanItApp-gkehojshtcbfvhersqwajfujohau/SourcePackages/checkouts/nanopb
    
    Signing Identity:     "Sign to Run Locally"
    
    /usr/bin/codesign --force --sign - --timestamp\=none --generate-entitlement-der /Users/aleks/Library/Developer/Xcode/DerivedData/PlanItApp-gkehojshtcbfvhersqwajfujohau/Build/Products/Debug-iphonesimulator/nanopb_nanopb.bundle

CodeSign /Users/aleks/Library/Developer/Xcode/DerivedData/PlanItApp-gkehojshtcbfvhersqwajfujohau/Build/Products/Debug-iphonesimulator/leveldb_leveldb.bundle (in target 'leveldb_leveldb' from project 'leveldb')
    cd /Users/aleks/Library/Developer/Xcode/DerivedData/PlanItApp-gkehojshtcbfvhersqwajfujohau/SourcePackages/checkouts/leveldb
    
    Signing Identity:     "Sign to Run Locally"
    
    /usr/bin/codesign --force --sign - --timestamp\=none --generate-entitlement-der /Users/aleks/Library/Developer/Xcode/DerivedData/PlanItApp-gkehojshtcbfvhersqwajfujohau/Build/Products/Debug-iphonesimulator/leveldb_leveldb.bundle

CodeSign /Users/aleks/Library/Developer/Xcode/DerivedData/PlanItApp-gkehojshtcbfvhersqwajfujohau/Build/Products/Debug-iphonesimulator/gRPC_opensslWrapper.bundle (in target 'gRPC_opensslWrapper' from project 'gRPC')
    cd /Users/aleks/Library/Developer/Xcode/DerivedData/PlanItApp-gkehojshtcbfvhersqwajfujohau/SourcePackages/checkouts/grpc-binary
    
    Signing Identity:     "Sign to Run Locally"
    
    /usr/bin/codesign --force --sign - --timestamp\=none --generate-entitlement-der /Users/aleks/Library/Developer/Xcode/DerivedData/PlanItApp-gkehojshtcbfvhersqwajfujohau/Build/Products/Debug-iphonesimulator/gRPC_opensslWrapper.bundle

CompileC /Users/aleks/Library/Developer/Xcode/DerivedData/PlanItApp-gkehojshtcbfvhersqwajfujohau/Build/Intermediates.noindex/AppAuth.build/Debug-iphonesimulator/AppAuth.build/Objects-normal/arm64/OIDAuthState+Mac.o /Users/aleks/Library/Developer/Xcode/DerivedData/PlanItApp-gkehojshtcbfvhersqwajfujohau/SourcePackages/checkouts/AppAuth-iOS/Sources/AppAuth/macOS/OIDAuthState+Mac.m normal arm64 objective-c com.apple.compilers.llvm.clang.1_0.compiler (in target 'AppAuth' from project 'AppAuth')
    cd /Users/aleks/Desktop/PlanItApp/PlanItApp.xcodeproj
    
    Using response file: /Users/aleks/Library/Developer/Xcode/DerivedData/PlanItApp-gkehojshtcbfvhersqwajfujohau/Build/Intermediates.noindex/AppAuth.build/Debug-iphonesimulator/AppAuth.build/Objects-normal/arm64/e6072d4f65d7061329687fe24e3d63a7-common-args.resp
    
    /Applications/Xcode.app/Contents/Developer/Toolchains/XcodeDefault.xctoolchain/usr/bin/clang -x objective-c -ivfsstatcache /Users/aleks/Library/Developer/Xcode/DerivedData/SDKStatCaches.noindex/iphonesimulator18.5-22F76-d5fc8ad4295d2ef488fb7d0f804ce0c4.sdkstatcache -fmessage-length\=0 -fdiagnostics-show-note-include-stack -fmacro-backtrace-limit\=0 -fno-color-diagnostics -fmodules-prune-interval\=86400 -fmodules-prune-after\=345600 -fbuild-session-file\=/Users/aleks/Library/Developer/Xcode/DerivedData/ModuleCache.noindex/Session.modulevalidation -fmodules-validate-once-per-build-session -Wnon-modular-include-in-framework-module -Werror\=non-modular-include-in-framework-module -Wno-trigraphs -Wno-missing-field-initializers -Wno-missing-prototypes -Wno-return-type -Wno-implicit-atomic-properties -Wno-objc-interface-ivars -Wno-arc-repeated-use-of-weak -Wno-missing-braces -Wparentheses -Wswitch -Wno-unused-function -Wno-unused-label -Wno-unused-parameter -Wno-unused-variable -Wunused-value -Wno-empty-body -Wno-uninitialized -Wno-unknown-pragmas -w -Wno-shadow -Wno-four-char-constants -Wno-conversion -Wno-constant-conversion -Wno-int-conversion -Wno-bool-conversion -Wno-enum-conversion -Wno-float-conversion -Wno-non-literal-null-conversion -Wno-objc-literal-conversion -Wshorten-64-to-32 -Wpointer-sign -Wno-newline-eof -Wno-selector -Wno-strict-selector-match -Wno-undeclared-selector -Wno-deprecated-implementations -Wno-implicit-fallthrough -fstrict-aliasing -Wprotocol -Wdeprecated-declarations -Wno-sign-conversion -Wno-infinite-recursion -Wno-comma -Wno-block-capture-autoreleasing -Wno-strict-prototypes -Wno-semicolon-before-method-body -index-store-path /Users/aleks/Library/Developer/Xcode/DerivedData/PlanItApp-gkehojshtcbfvhersqwajfujohau/Index.noindex/DataStore @/Users/aleks/Library/Developer/Xcode/DerivedData/PlanItApp-gkehojshtcbfvhersqwajfujohau/Build/Intermediates.noindex/AppAuth.build/Debug-iphonesimulator/AppAuth.build/Objects-normal/arm64/e6072d4f65d7061329687fe24e3d63a7-common-args.resp -include /Users/aleks/Library/Developer/Xcode/DerivedData/PlanItApp-gkehojshtcbfvhersqwajfujohau/Build/Intermediates.noindex/AppAuth.build/Debug-iphonesimulator/AppAuth.build/DerivedSources/resource_bundle_accessor.h -MMD -MT dependencies -MF /Users/aleks/Library/Developer/Xcode/DerivedData/PlanItApp-gkehojshtcbfvhersqwajfujohau/Build/Intermediates.noindex/AppAuth.build/Debug-iphonesimulator/AppAuth.build/Objects-normal/arm64/OIDAuthState+Mac.d --serialize-diagnostics /Users/aleks/Library/Developer/Xcode/DerivedData/PlanItApp-gkehojshtcbfvhersqwajfujohau/Build/Intermediates.noindex/AppAuth.build/Debug-iphonesimulator/AppAuth.build/Objects-normal/arm64/OIDAuthState+Mac.dia -c /Users/aleks/Library/Developer/Xcode/DerivedData/PlanItApp-gkehojshtcbfvhersqwajfujohau/SourcePackages/checkouts/AppAuth-iOS/Sources/AppAuth/macOS/OIDAuthState+Mac.m -o /Users/aleks/Library/Developer/Xcode/DerivedData/PlanItApp-gkehojshtcbfvhersqwajfujohau/Build/Intermediates.noindex/AppAuth.build/Debug-iphonesimulator/AppAuth.build/Objects-normal/arm64/OIDAuthState+Mac.o -index-unit-output-path /AppAuth.build/Debug-iphonesimulator/AppAuth.build/Objects-normal/arm64/OIDAuthState+Mac.o

PrecompileModule /Users/aleks/Library/Developer/Xcode/DerivedData/PlanItApp-gkehojshtcbfvhersqwajfujohau/Build/Intermediates.noindex/ExplicitPrecompiledModules/UIKit-9Z9L5UG74HNVTZ9FU898J1HTC.scan
    cd /Users/aleks/Desktop/PlanItApp/PlanItApp.xcodeproj
    builtin-precompileModule /Users/aleks/Library/Developer/Xcode/DerivedData/PlanItApp-gkehojshtcbfvhersqwajfujohau/Build/Intermediates.noindex/ExplicitPrecompiledModules/UIKit-9Z9L5UG74HNVTZ9FU898J1HTC.scan

CodeSign /Users/aleks/Library/Developer/Xcode/DerivedData/PlanItApp-gkehojshtcbfvhersqwajfujohau/Build/Products/Debug-iphonesimulator/gRPC_grpcppWrapper.bundle (in target 'gRPC_grpcppWrapper' from project 'gRPC')
    cd /Users/aleks/Library/Developer/Xcode/DerivedData/PlanItApp-gkehojshtcbfvhersqwajfujohau/SourcePackages/checkouts/grpc-binary
    
    Signing Identity:     "Sign to Run Locally"
    
    /usr/bin/codesign --force --sign - --timestamp\=none --generate-entitlement-der /Users/aleks/Library/Developer/Xcode/DerivedData/PlanItApp-gkehojshtcbfvhersqwajfujohau/Build/Products/Debug-iphonesimulator/gRPC_grpcppWrapper.bundle

SwiftEmitModule normal arm64 Emitting\ module\ for\ GTMAppAuth (in target 'GTMAppAuth' from project 'GTMAppAuth')

EmitSwiftModule normal arm64 (in target 'GTMAppAuth' from project 'GTMAppAuth')
    cd /Users/aleks/Desktop/PlanItApp/PlanItApp.xcodeproj
    

CodeSign /Users/aleks/Library/Developer/Xcode/DerivedData/PlanItApp-gkehojshtcbfvhersqwajfujohau/Build/Products/Debug-iphonesimulator/gRPC_grpcWrapper.bundle (in target 'gRPC_grpcWrapper' from project 'gRPC')
    cd /Users/aleks/Library/Developer/Xcode/DerivedData/PlanItApp-gkehojshtcbfvhersqwajfujohau/SourcePackages/checkouts/grpc-binary
    
    Signing Identity:     "Sign to Run Locally"
    
    /usr/bin/codesign --force --sign - --timestamp\=none --generate-entitlement-der /Users/aleks/Library/Developer/Xcode/DerivedData/PlanItApp-gkehojshtcbfvhersqwajfujohau/Build/Products/Debug-iphonesimulator/gRPC_grpcWrapper.bundle

CodeSign /Users/aleks/Library/Developer/Xcode/DerivedData/PlanItApp-gkehojshtcbfvhersqwajfujohau/Build/Products/Debug-iphonesimulator/abseil_abslWrapper.bundle (in target 'abseil_abslWrapper' from project 'abseil')
    cd /Users/aleks/Library/Developer/Xcode/DerivedData/PlanItApp-gkehojshtcbfvhersqwajfujohau/SourcePackages/checkouts/abseil-cpp-binary
    
    Signing Identity:     "Sign to Run Locally"
    
    /usr/bin/codesign --force --sign - --timestamp\=none --generate-entitlement-der /Users/aleks/Library/Developer/Xcode/DerivedData/PlanItApp-gkehojshtcbfvhersqwajfujohau/Build/Products/Debug-iphonesimulator/abseil_abslWrapper.bundle

CodeSign /Users/aleks/Library/Developer/Xcode/DerivedData/PlanItApp-gkehojshtcbfvhersqwajfujohau/Build/Products/Debug-iphonesimulator/Promises_FBLPromises.bundle (in target 'Promises_FBLPromises' from project 'Promises')
    cd /Users/aleks/Library/Developer/Xcode/DerivedData/PlanItApp-gkehojshtcbfvhersqwajfujohau/SourcePackages/checkouts/promises
    
    Signing Identity:     "Sign to Run Locally"
    
    /usr/bin/codesign --force --sign - --timestamp\=none --generate-entitlement-der /Users/aleks/Library/Developer/Xcode/DerivedData/PlanItApp-gkehojshtcbfvhersqwajfujohau/Build/Products/Debug-iphonesimulator/Promises_FBLPromises.bundle

CodeSign /Users/aleks/Library/Developer/Xcode/DerivedData/PlanItApp-gkehojshtcbfvhersqwajfujohau/Build/Products/Debug-iphonesimulator/GoogleUtilities_GoogleUtilities-UserDefaults.bundle (in target 'GoogleUtilities_GoogleUtilities-UserDefaults' from project 'GoogleUtilities')
    cd /Users/aleks/Library/Developer/Xcode/DerivedData/PlanItApp-gkehojshtcbfvhersqwajfujohau/SourcePackages/checkouts/GoogleUtilities
    
    Signing Identity:     "Sign to Run Locally"
    
    /usr/bin/codesign --force --sign - --timestamp\=none --generate-entitlement-der /Users/aleks/Library/Developer/Xcode/DerivedData/PlanItApp-gkehojshtcbfvhersqwajfujohau/Build/Products/Debug-iphonesimulator/GoogleUtilities_GoogleUtilities-UserDefaults.bundle

ScanDependencies /Users/aleks/Library/Developer/Xcode/DerivedData/PlanItApp-gkehojshtcbfvhersqwajfujohau/Build/Intermediates.noindex/GoogleUtilities.build/Debug-iphonesimulator/GoogleUtilities-Network.build/Objects-normal/arm64/resource_bundle_accessor.o /Users/aleks/Library/Developer/Xcode/DerivedData/PlanItApp-gkehojshtcbfvhersqwajfujohau/Build/Intermediates.noindex/GoogleUtilities.build/Debug-iphonesimulator/GoogleUtilities-Network.build/DerivedSources/resource_bundle_accessor.m normal arm64 objective-c com.apple.compilers.llvm.clang.1_0.compiler (in target 'GoogleUtilities-Network' from project 'GoogleUtilities')
    cd /Users/aleks/Desktop/PlanItApp/PlanItApp.xcodeproj
    
    Using response file: /Users/aleks/Library/Developer/Xcode/DerivedData/PlanItApp-gkehojshtcbfvhersqwajfujohau/Build/Intermediates.noindex/GoogleUtilities.build/Debug-iphonesimulator/GoogleUtilities-Network.build/Objects-normal/arm64/e6072d4f65d7061329687fe24e3d63a7-common-args.resp
    
    builtin-ScanDependencies -o /Users/aleks/Library/Developer/Xcode/DerivedData/PlanItApp-gkehojshtcbfvhersqwajfujohau/Build/Intermediates.noindex/GoogleUtilities.build/Debug-iphonesimulator/GoogleUtilities-Network.build/Objects-normal/arm64/resource_bundle_accessor.o.scan -- /Applications/Xcode.app/Contents/Developer/Toolchains/XcodeDefault.xctoolchain/usr/bin/clang -x objective-c -ivfsstatcache /Users/aleks/Library/Developer/Xcode/DerivedData/SDKStatCaches.noindex/iphonesimulator18.5-22F76-d5fc8ad4295d2ef488fb7d0f804ce0c4.sdkstatcache -fmessage-length\=0 -fdiagnostics-show-note-include-stack -fmacro-backtrace-limit\=0 -fno-color-diagnostics -fmodules-prune-interval\=86400 -fmodules-prune-after\=345600 -fbuild-session-file\=/Users/aleks/Library/Developer/Xcode/DerivedData/ModuleCache.noindex/Session.modulevalidation -fmodules-validate-once-per-build-session -Wnon-modular-include-in-framework-module -Werror\=non-modular-include-in-framework-module -Wno-trigraphs -Wno-missing-field-initializers -Wno-missing-prototypes -Wno-return-type -Wno-implicit-atomic-properties -Wno-objc-interface-ivars -Wno-arc-repeated-use-of-weak -Wno-missing-braces -Wparentheses -Wswitch -Wno-unused-function -Wno-unused-label -Wno-unused-parameter -Wno-unused-variable -Wunused-value -Wno-empty-body -Wno-uninitialized -Wno-unknown-pragmas -w -Wno-shadow -Wno-four-char-constants -Wno-conversion -Wno-constant-conversion -Wno-int-conversion -Wno-bool-conversion -Wno-enum-conversion -Wno-float-conversion -Wno-non-literal-null-conversion -Wno-objc-literal-conversion -Wshorten-64-to-32 -Wpointer-sign -Wno-newline-eof -Wno-selector -Wno-strict-selector-match -Wno-undeclared-selector -Wno-deprecated-implementations -Wno-implicit-fallthrough -fstrict-aliasing -Wprotocol -Wdeprecated-declarations -Wno-sign-conversion -Wno-infinite-recursion -Wno-comma -Wno-block-capture-autoreleasing -Wno-strict-prototypes -Wno-semicolon-before-method-body -index-store-path /Users/aleks/Library/Developer/Xcode/DerivedData/PlanItApp-gkehojshtcbfvhersqwajfujohau/Index.noindex/DataStore @/Users/aleks/Library/Developer/Xcode/DerivedData/PlanItApp-gkehojshtcbfvhersqwajfujohau/Build/Intermediates.noindex/GoogleUtilities.build/Debug-iphonesimulator/GoogleUtilities-Network.build/Objects-normal/arm64/e6072d4f65d7061329687fe24e3d63a7-common-args.resp -include /Users/aleks/Library/Developer/Xcode/DerivedData/PlanItApp-gkehojshtcbfvhersqwajfujohau/Build/Intermediates.noindex/GoogleUtilities.build/Debug-iphonesimulator/GoogleUtilities-Network.build/DerivedSources/resource_bundle_accessor.h -MMD -MT dependencies -MF /Users/aleks/Library/Developer/Xcode/DerivedData/PlanItApp-gkehojshtcbfvhersqwajfujohau/Build/Intermediates.noindex/GoogleUtilities.build/Debug-iphonesimulator/GoogleUtilities-Network.build/Objects-normal/arm64/resource_bundle_accessor.d --serialize-diagnostics /Users/aleks/Library/Developer/Xcode/DerivedData/PlanItApp-gkehojshtcbfvhersqwajfujohau/Build/Intermediates.noindex/GoogleUtilities.build/Debug-iphonesimulator/GoogleUtilities-Network.build/Objects-normal/arm64/resource_bundle_accessor.dia -c /Users/aleks/Library/Developer/Xcode/DerivedData/PlanItApp-gkehojshtcbfvhersqwajfujohau/Build/Intermediates.noindex/GoogleUtilities.build/Debug-iphonesimulator/GoogleUtilities-Network.build/DerivedSources/resource_bundle_accessor.m -o /Users/aleks/Library/Developer/Xcode/DerivedData/PlanItApp-gkehojshtcbfvhersqwajfujohau/Build/Intermediates.noindex/GoogleUtilities.build/Debug-iphonesimulator/GoogleUtilities-Network.build/Objects-normal/arm64/resource_bundle_accessor.o -index-unit-output-path /GoogleUtilities.build/Debug-iphonesimulator/GoogleUtilities-Network.build/Objects-normal/arm64/resource_bundle_accessor.o

ScanDependencies /Users/aleks/Library/Developer/Xcode/DerivedData/PlanItApp-gkehojshtcbfvhersqwajfujohau/Build/Intermediates.noindex/GoogleUtilities.build/Debug-iphonesimulator/GoogleUtilities-Network.build/Objects-normal/arm64/GULNetworkURLSession.o /Users/aleks/Library/Developer/Xcode/DerivedData/PlanItApp-gkehojshtcbfvhersqwajfujohau/SourcePackages/checkouts/GoogleUtilities/GoogleUtilities/Network/GULNetworkURLSession.m normal arm64 objective-c com.apple.compilers.llvm.clang.1_0.compiler (in target 'GoogleUtilities-Network' from project 'GoogleUtilities')
    cd /Users/aleks/Desktop/PlanItApp/PlanItApp.xcodeproj
    
    Using response file: /Users/aleks/Library/Developer/Xcode/DerivedData/PlanItApp-gkehojshtcbfvhersqwajfujohau/Build/Intermediates.noindex/GoogleUtilities.build/Debug-iphonesimulator/GoogleUtilities-Network.build/Objects-normal/arm64/e6072d4f65d7061329687fe24e3d63a7-common-args.resp
    
    builtin-ScanDependencies -o /Users/aleks/Library/Developer/Xcode/DerivedData/PlanItApp-gkehojshtcbfvhersqwajfujohau/Build/Intermediates.noindex/GoogleUtilities.build/Debug-iphonesimulator/GoogleUtilities-Network.build/Objects-normal/arm64/GULNetworkURLSession.o.scan -- /Applications/Xcode.app/Contents/Developer/Toolchains/XcodeDefault.xctoolchain/usr/bin/clang -x objective-c -ivfsstatcache /Users/aleks/Library/Developer/Xcode/DerivedData/SDKStatCaches.noindex/iphonesimulator18.5-22F76-d5fc8ad4295d2ef488fb7d0f804ce0c4.sdkstatcache -fmessage-length\=0 -fdiagnostics-show-note-include-stack -fmacro-backtrace-limit\=0 -fno-color-diagnostics -fmodules-prune-interval\=86400 -fmodules-prune-after\=345600 -fbuild-session-file\=/Users/aleks/Library/Developer/Xcode/DerivedData/ModuleCache.noindex/Session.modulevalidation -fmodules-validate-once-per-build-session -Wnon-modular-include-in-framework-module -Werror\=non-modular-include-in-framework-module -Wno-trigraphs -Wno-missing-field-initializers -Wno-missing-prototypes -Wno-return-type -Wno-implicit-atomic-properties -Wno-objc-interface-ivars -Wno-arc-repeated-use-of-weak -Wno-missing-braces -Wparentheses -Wswitch -Wno-unused-function -Wno-unused-label -Wno-unused-parameter -Wno-unused-variable -Wunused-value -Wno-empty-body -Wno-uninitialized -Wno-unknown-pragmas -w -Wno-shadow -Wno-four-char-constants -Wno-conversion -Wno-constant-conversion -Wno-int-conversion -Wno-bool-conversion -Wno-enum-conversion -Wno-float-conversion -Wno-non-literal-null-conversion -Wno-objc-literal-conversion -Wshorten-64-to-32 -Wpointer-sign -Wno-newline-eof -Wno-selector -Wno-strict-selector-match -Wno-undeclared-selector -Wno-deprecated-implementations -Wno-implicit-fallthrough -fstrict-aliasing -Wprotocol -Wdeprecated-declarations -Wno-sign-conversion -Wno-infinite-recursion -Wno-comma -Wno-block-capture-autoreleasing -Wno-strict-prototypes -Wno-semicolon-before-method-body -index-store-path /Users/aleks/Library/Developer/Xcode/DerivedData/PlanItApp-gkehojshtcbfvhersqwajfujohau/Index.noindex/DataStore @/Users/aleks/Library/Developer/Xcode/DerivedData/PlanItApp-gkehojshtcbfvhersqwajfujohau/Build/Intermediates.noindex/GoogleUtilities.build/Debug-iphonesimulator/GoogleUtilities-Network.build/Objects-normal/arm64/e6072d4f65d7061329687fe24e3d63a7-common-args.resp -include /Users/aleks/Library/Developer/Xcode/DerivedData/PlanItApp-gkehojshtcbfvhersqwajfujohau/Build/Intermediates.noindex/GoogleUtilities.build/Debug-iphonesimulator/GoogleUtilities-Network.build/DerivedSources/resource_bundle_accessor.h -MMD -MT dependencies -MF /Users/aleks/Library/Developer/Xcode/DerivedData/PlanItApp-gkehojshtcbfvhersqwajfujohau/Build/Intermediates.noindex/GoogleUtilities.build/Debug-iphonesimulator/GoogleUtilities-Network.build/Objects-normal/arm64/GULNetworkURLSession.d --serialize-diagnostics /Users/aleks/Library/Developer/Xcode/DerivedData/PlanItApp-gkehojshtcbfvhersqwajfujohau/Build/Intermediates.noindex/GoogleUtilities.build/Debug-iphonesimulator/GoogleUtilities-Network.build/Objects-normal/arm64/GULNetworkURLSession.dia -c /Users/aleks/Library/Developer/Xcode/DerivedData/PlanItApp-gkehojshtcbfvhersqwajfujohau/SourcePackages/checkouts/GoogleUtilities/GoogleUtilities/Network/GULNetworkURLSession.m -o /Users/aleks/Library/Developer/Xcode/DerivedData/PlanItApp-gkehojshtcbfvhersqwajfujohau/Build/Intermediates.noindex/GoogleUtilities.build/Debug-iphonesimulator/GoogleUtilities-Network.build/Objects-normal/arm64/GULNetworkURLSession.o -index-unit-output-path /GoogleUtilities.build/Debug-iphonesimulator/GoogleUtilities-Network.build/Objects-normal/arm64/GULNetworkURLSession.o

ScanDependencies /Users/aleks/Library/Developer/Xcode/DerivedData/PlanItApp-gkehojshtcbfvhersqwajfujohau/Build/Intermediates.noindex/GoogleUtilities.build/Debug-iphonesimulator/GoogleUtilities-Network.build/Objects-normal/arm64/GULNetworkConstants.o /Users/aleks/Library/Developer/Xcode/DerivedData/PlanItApp-gkehojshtcbfvhersqwajfujohau/SourcePackages/checkouts/GoogleUtilities/GoogleUtilities/Network/GULNetworkConstants.m normal arm64 objective-c com.apple.compilers.llvm.clang.1_0.compiler (in target 'GoogleUtilities-Network' from project 'GoogleUtilities')
    cd /Users/aleks/Desktop/PlanItApp/PlanItApp.xcodeproj
    
    Using response file: /Users/aleks/Library/Developer/Xcode/DerivedData/PlanItApp-gkehojshtcbfvhersqwajfujohau/Build/Intermediates.noindex/GoogleUtilities.build/Debug-iphonesimulator/GoogleUtilities-Network.build/Objects-normal/arm64/e6072d4f65d7061329687fe24e3d63a7-common-args.resp
    
    builtin-ScanDependencies -o /Users/aleks/Library/Developer/Xcode/DerivedData/PlanItApp-gkehojshtcbfvhersqwajfujohau/Build/Intermediates.noindex/GoogleUtilities.build/Debug-iphonesimulator/GoogleUtilities-Network.build/Objects-normal/arm64/GULNetworkConstants.o.scan -- /Applications/Xcode.app/Contents/Developer/Toolchains/XcodeDefault.xctoolchain/usr/bin/clang -x objective-c -ivfsstatcache /Users/aleks/Library/Developer/Xcode/DerivedData/SDKStatCaches.noindex/iphonesimulator18.5-22F76-d5fc8ad4295d2ef488fb7d0f804ce0c4.sdkstatcache -fmessage-length\=0 -fdiagnostics-show-note-include-stack -fmacro-backtrace-limit\=0 -fno-color-diagnostics -fmodules-prune-interval\=86400 -fmodules-prune-after\=345600 -fbuild-session-file\=/Users/aleks/Library/Developer/Xcode/DerivedData/ModuleCache.noindex/Session.modulevalidation -fmodules-validate-once-per-build-session -Wnon-modular-include-in-framework-module -Werror\=non-modular-include-in-framework-module -Wno-trigraphs -Wno-missing-field-initializers -Wno-missing-prototypes -Wno-return-type -Wno-implicit-atomic-properties -Wno-objc-interface-ivars -Wno-arc-repeated-use-of-weak -Wno-missing-braces -Wparentheses -Wswitch -Wno-unused-function -Wno-unused-label -Wno-unused-parameter -Wno-unused-variable -Wunused-value -Wno-empty-body -Wno-uninitialized -Wno-unknown-pragmas -w -Wno-shadow -Wno-four-char-constants -Wno-conversion -Wno-constant-conversion -Wno-int-conversion -Wno-bool-conversion -Wno-enum-conversion -Wno-float-conversion -Wno-non-literal-null-conversion -Wno-objc-literal-conversion -Wshorten-64-to-32 -Wpointer-sign -Wno-newline-eof -Wno-selector -Wno-strict-selector-match -Wno-undeclared-selector -Wno-deprecated-implementations -Wno-implicit-fallthrough -fstrict-aliasing -Wprotocol -Wdeprecated-declarations -Wno-sign-conversion -Wno-infinite-recursion -Wno-comma -Wno-block-capture-autoreleasing -Wno-strict-prototypes -Wno-semicolon-before-method-body -index-store-path /Users/aleks/Library/Developer/Xcode/DerivedData/PlanItApp-gkehojshtcbfvhersqwajfujohau/Index.noindex/DataStore @/Users/aleks/Library/Developer/Xcode/DerivedData/PlanItApp-gkehojshtcbfvhersqwajfujohau/Build/Intermediates.noindex/GoogleUtilities.build/Debug-iphonesimulator/GoogleUtilities-Network.build/Objects-normal/arm64/e6072d4f65d7061329687fe24e3d63a7-common-args.resp -include /Users/aleks/Library/Developer/Xcode/DerivedData/PlanItApp-gkehojshtcbfvhersqwajfujohau/Build/Intermediates.noindex/GoogleUtilities.build/Debug-iphonesimulator/GoogleUtilities-Network.build/DerivedSources/resource_bundle_accessor.h -MMD -MT dependencies -MF /Users/aleks/Library/Developer/Xcode/DerivedData/PlanItApp-gkehojshtcbfvhersqwajfujohau/Build/Intermediates.noindex/GoogleUtilities.build/Debug-iphonesimulator/GoogleUtilities-Network.build/Objects-normal/arm64/GULNetworkConstants.d --serialize-diagnostics /Users/aleks/Library/Developer/Xcode/DerivedData/PlanItApp-gkehojshtcbfvhersqwajfujohau/Build/Intermediates.noindex/GoogleUtilities.build/Debug-iphonesimulator/GoogleUtilities-Network.build/Objects-normal/arm64/GULNetworkConstants.dia -c /Users/aleks/Library/Developer/Xcode/DerivedData/PlanItApp-gkehojshtcbfvhersqwajfujohau/SourcePackages/checkouts/GoogleUtilities/GoogleUtilities/Network/GULNetworkConstants.m -o /Users/aleks/Library/Developer/Xcode/DerivedData/PlanItApp-gkehojshtcbfvhersqwajfujohau/Build/Intermediates.noindex/GoogleUtilities.build/Debug-iphonesimulator/GoogleUtilities-Network.build/Objects-normal/arm64/GULNetworkConstants.o -index-unit-output-path /GoogleUtilities.build/Debug-iphonesimulator/GoogleUtilities-Network.build/Objects-normal/arm64/GULNetworkConstants.o

ScanDependencies /Users/aleks/Library/Developer/Xcode/DerivedData/PlanItApp-gkehojshtcbfvhersqwajfujohau/Build/Intermediates.noindex/GoogleUtilities.build/Debug-iphonesimulator/GoogleUtilities-Network.build/Objects-normal/arm64/GULNetwork.o /Users/aleks/Library/Developer/Xcode/DerivedData/PlanItApp-gkehojshtcbfvhersqwajfujohau/SourcePackages/checkouts/GoogleUtilities/GoogleUtilities/Network/GULNetwork.m normal arm64 objective-c com.apple.compilers.llvm.clang.1_0.compiler (in target 'GoogleUtilities-Network' from project 'GoogleUtilities')
    cd /Users/aleks/Desktop/PlanItApp/PlanItApp.xcodeproj
    
    Using response file: /Users/aleks/Library/Developer/Xcode/DerivedData/PlanItApp-gkehojshtcbfvhersqwajfujohau/Build/Intermediates.noindex/GoogleUtilities.build/Debug-iphonesimulator/GoogleUtilities-Network.build/Objects-normal/arm64/e6072d4f65d7061329687fe24e3d63a7-common-args.resp
    
    builtin-ScanDependencies -o /Users/aleks/Library/Developer/Xcode/DerivedData/PlanItApp-gkehojshtcbfvhersqwajfujohau/Build/Intermediates.noindex/GoogleUtilities.build/Debug-iphonesimulator/GoogleUtilities-Network.build/Objects-normal/arm64/GULNetwork.o.scan -- /Applications/Xcode.app/Contents/Developer/Toolchains/XcodeDefault.xctoolchain/usr/bin/clang -x objective-c -ivfsstatcache /Users/aleks/Library/Developer/Xcode/DerivedData/SDKStatCaches.noindex/iphonesimulator18.5-22F76-d5fc8ad4295d2ef488fb7d0f804ce0c4.sdkstatcache -fmessage-length\=0 -fdiagnostics-show-note-include-stack -fmacro-backtrace-limit\=0 -fno-color-diagnostics -fmodules-prune-interval\=86400 -fmodules-prune-after\=345600 -fbuild-session-file\=/Users/aleks/Library/Developer/Xcode/DerivedData/ModuleCache.noindex/Session.modulevalidation -fmodules-validate-once-per-build-session -Wnon-modular-include-in-framework-module -Werror\=non-modular-include-in-framework-module -Wno-trigraphs -Wno-missing-field-initializers -Wno-missing-prototypes -Wno-return-type -Wno-implicit-atomic-properties -Wno-objc-interface-ivars -Wno-arc-repeated-use-of-weak -Wno-missing-braces -Wparentheses -Wswitch -Wno-unused-function -Wno-unused-label -Wno-unused-parameter -Wno-unused-variable -Wunused-value -Wno-empty-body -Wno-uninitialized -Wno-unknown-pragmas -w -Wno-shadow -Wno-four-char-constants -Wno-conversion -Wno-constant-conversion -Wno-int-conversion -Wno-bool-conversion -Wno-enum-conversion -Wno-float-conversion -Wno-non-literal-null-conversion -Wno-objc-literal-conversion -Wshorten-64-to-32 -Wpointer-sign -Wno-newline-eof -Wno-selector -Wno-strict-selector-match -Wno-undeclared-selector -Wno-deprecated-implementations -Wno-implicit-fallthrough -fstrict-aliasing -Wprotocol -Wdeprecated-declarations -Wno-sign-conversion -Wno-infinite-recursion -Wno-comma -Wno-block-capture-autoreleasing -Wno-strict-prototypes -Wno-semicolon-before-method-body -index-store-path /Users/aleks/Library/Developer/Xcode/DerivedData/PlanItApp-gkehojshtcbfvhersqwajfujohau/Index.noindex/DataStore @/Users/aleks/Library/Developer/Xcode/DerivedData/PlanItApp-gkehojshtcbfvhersqwajfujohau/Build/Intermediates.noindex/GoogleUtilities.build/Debug-iphonesimulator/GoogleUtilities-Network.build/Objects-normal/arm64/e6072d4f65d7061329687fe24e3d63a7-common-args.resp -include /Users/aleks/Library/Developer/Xcode/DerivedData/PlanItApp-gkehojshtcbfvhersqwajfujohau/Build/Intermediates.noindex/GoogleUtilities.build/Debug-iphonesimulator/GoogleUtilities-Network.build/DerivedSources/resource_bundle_accessor.h -MMD -MT dependencies -MF /Users/aleks/Library/Developer/Xcode/DerivedData/PlanItApp-gkehojshtcbfvhersqwajfujohau/Build/Intermediates.noindex/GoogleUtilities.build/Debug-iphonesimulator/GoogleUtilities-Network.build/Objects-normal/arm64/GULNetwork.d --serialize-diagnostics /Users/aleks/Library/Developer/Xcode/DerivedData/PlanItApp-gkehojshtcbfvhersqwajfujohau/Build/Intermediates.noindex/GoogleUtilities.build/Debug-iphonesimulator/GoogleUtilities-Network.build/Objects-normal/arm64/GULNetwork.dia -c /Users/aleks/Library/Developer/Xcode/DerivedData/PlanItApp-gkehojshtcbfvhersqwajfujohau/SourcePackages/checkouts/GoogleUtilities/GoogleUtilities/Network/GULNetwork.m -o /Users/aleks/Library/Developer/Xcode/DerivedData/PlanItApp-gkehojshtcbfvhersqwajfujohau/Build/Intermediates.noindex/GoogleUtilities.build/Debug-iphonesimulator/GoogleUtilities-Network.build/Objects-normal/arm64/GULNetwork.o -index-unit-output-path /GoogleUtilities.build/Debug-iphonesimulator/GoogleUtilities-Network.build/Objects-normal/arm64/GULNetwork.o

ScanDependencies /Users/aleks/Library/Developer/Xcode/DerivedData/PlanItApp-gkehojshtcbfvhersqwajfujohau/Build/Intermediates.noindex/GoogleUtilities.build/Debug-iphonesimulator/GoogleUtilities-Network.build/Objects-normal/arm64/GULMutableDictionary.o /Users/aleks/Library/Developer/Xcode/DerivedData/PlanItApp-gkehojshtcbfvhersqwajfujohau/SourcePackages/checkouts/GoogleUtilities/GoogleUtilities/Network/GULMutableDictionary.m normal arm64 objective-c com.apple.compilers.llvm.clang.1_0.compiler (in target 'GoogleUtilities-Network' from project 'GoogleUtilities')
    cd /Users/aleks/Desktop/PlanItApp/PlanItApp.xcodeproj
    
    Using response file: /Users/aleks/Library/Developer/Xcode/DerivedData/PlanItApp-gkehojshtcbfvhersqwajfujohau/Build/Intermediates.noindex/GoogleUtilities.build/Debug-iphonesimulator/GoogleUtilities-Network.build/Objects-normal/arm64/e6072d4f65d7061329687fe24e3d63a7-common-args.resp
    
    builtin-ScanDependencies -o /Users/aleks/Library/Developer/Xcode/DerivedData/PlanItApp-gkehojshtcbfvhersqwajfujohau/Build/Intermediates.noindex/GoogleUtilities.build/Debug-iphonesimulator/GoogleUtilities-Network.build/Objects-normal/arm64/GULMutableDictionary.o.scan -- /Applications/Xcode.app/Contents/Developer/Toolchains/XcodeDefault.xctoolchain/usr/bin/clang -x objective-c -ivfsstatcache /Users/aleks/Library/Developer/Xcode/DerivedData/SDKStatCaches.noindex/iphonesimulator18.5-22F76-d5fc8ad4295d2ef488fb7d0f804ce0c4.sdkstatcache -fmessage-length\=0 -fdiagnostics-show-note-include-stack -fmacro-backtrace-limit\=0 -fno-color-diagnostics -fmodules-prune-interval\=86400 -fmodules-prune-after\=345600 -fbuild-session-file\=/Users/aleks/Library/Developer/Xcode/DerivedData/ModuleCache.noindex/Session.modulevalidation -fmodules-validate-once-per-build-session -Wnon-modular-include-in-framework-module -Werror\=non-modular-include-in-framework-module -Wno-trigraphs -Wno-missing-field-initializers -Wno-missing-prototypes -Wno-return-type -Wno-implicit-atomic-properties -Wno-objc-interface-ivars -Wno-arc-repeated-use-of-weak -Wno-missing-braces -Wparentheses -Wswitch -Wno-unused-function -Wno-unused-label -Wno-unused-parameter -Wno-unused-variable -Wunused-value -Wno-empty-body -Wno-uninitialized -Wno-unknown-pragmas -w -Wno-shadow -Wno-four-char-constants -Wno-conversion -Wno-constant-conversion -Wno-int-conversion -Wno-bool-conversion -Wno-enum-conversion -Wno-float-conversion -Wno-non-literal-null-conversion -Wno-objc-literal-conversion -Wshorten-64-to-32 -Wpointer-sign -Wno-newline-eof -Wno-selector -Wno-strict-selector-match -Wno-undeclared-selector -Wno-deprecated-implementations -Wno-implicit-fallthrough -fstrict-aliasing -Wprotocol -Wdeprecated-declarations -Wno-sign-conversion -Wno-infinite-recursion -Wno-comma -Wno-block-capture-autoreleasing -Wno-strict-prototypes -Wno-semicolon-before-method-body -index-store-path /Users/aleks/Library/Developer/Xcode/DerivedData/PlanItApp-gkehojshtcbfvhersqwajfujohau/Index.noindex/DataStore @/Users/aleks/Library/Developer/Xcode/DerivedData/PlanItApp-gkehojshtcbfvhersqwajfujohau/Build/Intermediates.noindex/GoogleUtilities.build/Debug-iphonesimulator/GoogleUtilities-Network.build/Objects-normal/arm64/e6072d4f65d7061329687fe24e3d63a7-common-args.resp -include /Users/aleks/Library/Developer/Xcode/DerivedData/PlanItApp-gkehojshtcbfvhersqwajfujohau/Build/Intermediates.noindex/GoogleUtilities.build/Debug-iphonesimulator/GoogleUtilities-Network.build/DerivedSources/resource_bundle_accessor.h -MMD -MT dependencies -MF /Users/aleks/Library/Developer/Xcode/DerivedData/PlanItApp-gkehojshtcbfvhersqwajfujohau/Build/Intermediates.noindex/GoogleUtilities.build/Debug-iphonesimulator/GoogleUtilities-Network.build/Objects-normal/arm64/GULMutableDictionary.d --serialize-diagnostics /Users/aleks/Library/Developer/Xcode/DerivedData/PlanItApp-gkehojshtcbfvhersqwajfujohau/Build/Intermediates.noindex/GoogleUtilities.build/Debug-iphonesimulator/GoogleUtilities-Network.build/Objects-normal/arm64/GULMutableDictionary.dia -c /Users/aleks/Library/Developer/Xcode/DerivedData/PlanItApp-gkehojshtcbfvhersqwajfujohau/SourcePackages/checkouts/GoogleUtilities/GoogleUtilities/Network/GULMutableDictionary.m -o /Users/aleks/Library/Developer/Xcode/DerivedData/PlanItApp-gkehojshtcbfvhersqwajfujohau/Build/Intermediates.noindex/GoogleUtilities.build/Debug-iphonesimulator/GoogleUtilities-Network.build/Objects-normal/arm64/GULMutableDictionary.o -index-unit-output-path /GoogleUtilities.build/Debug-iphonesimulator/GoogleUtilities-Network.build/Objects-normal/arm64/GULMutableDictionary.o

CompileC /Users/aleks/Library/Developer/Xcode/DerivedData/PlanItApp-gkehojshtcbfvhersqwajfujohau/Build/Intermediates.noindex/GoogleUtilities.build/Debug-iphonesimulator/GoogleUtilities-Network.build/Objects-normal/arm64/resource_bundle_accessor.o /Users/aleks/Library/Developer/Xcode/DerivedData/PlanItApp-gkehojshtcbfvhersqwajfujohau/Build/Intermediates.noindex/GoogleUtilities.build/Debug-iphonesimulator/GoogleUtilities-Network.build/DerivedSources/resource_bundle_accessor.m normal arm64 objective-c com.apple.compilers.llvm.clang.1_0.compiler (in target 'GoogleUtilities-Network' from project 'GoogleUtilities')
    cd /Users/aleks/Desktop/PlanItApp/PlanItApp.xcodeproj
    
    Using response file: /Users/aleks/Library/Developer/Xcode/DerivedData/PlanItApp-gkehojshtcbfvhersqwajfujohau/Build/Intermediates.noindex/GoogleUtilities.build/Debug-iphonesimulator/GoogleUtilities-Network.build/Objects-normal/arm64/e6072d4f65d7061329687fe24e3d63a7-common-args.resp
    
    /Applications/Xcode.app/Contents/Developer/Toolchains/XcodeDefault.xctoolchain/usr/bin/clang -x objective-c -ivfsstatcache /Users/aleks/Library/Developer/Xcode/DerivedData/SDKStatCaches.noindex/iphonesimulator18.5-22F76-d5fc8ad4295d2ef488fb7d0f804ce0c4.sdkstatcache -fmessage-length\=0 -fdiagnostics-show-note-include-stack -fmacro-backtrace-limit\=0 -fno-color-diagnostics -fmodules-prune-interval\=86400 -fmodules-prune-after\=345600 -fbuild-session-file\=/Users/aleks/Library/Developer/Xcode/DerivedData/ModuleCache.noindex/Session.modulevalidation -fmodules-validate-once-per-build-session -Wnon-modular-include-in-framework-module -Werror\=non-modular-include-in-framework-module -Wno-trigraphs -Wno-missing-field-initializers -Wno-missing-prototypes -Wno-return-type -Wno-implicit-atomic-properties -Wno-objc-interface-ivars -Wno-arc-repeated-use-of-weak -Wno-missing-braces -Wparentheses -Wswitch -Wno-unused-function -Wno-unused-label -Wno-unused-parameter -Wno-unused-variable -Wunused-value -Wno-empty-body -Wno-uninitialized -Wno-unknown-pragmas -w -Wno-shadow -Wno-four-char-constants -Wno-conversion -Wno-constant-conversion -Wno-int-conversion -Wno-bool-conversion -Wno-enum-conversion -Wno-float-conversion -Wno-non-literal-null-conversion -Wno-objc-literal-conversion -Wshorten-64-to-32 -Wpointer-sign -Wno-newline-eof -Wno-selector -Wno-strict-selector-match -Wno-undeclared-selector -Wno-deprecated-implementations -Wno-implicit-fallthrough -fstrict-aliasing -Wprotocol -Wdeprecated-declarations -Wno-sign-conversion -Wno-infinite-recursion -Wno-comma -Wno-block-capture-autoreleasing -Wno-strict-prototypes -Wno-semicolon-before-method-body -index-store-path /Users/aleks/Library/Developer/Xcode/DerivedData/PlanItApp-gkehojshtcbfvhersqwajfujohau/Index.noindex/DataStore @/Users/aleks/Library/Developer/Xcode/DerivedData/PlanItApp-gkehojshtcbfvhersqwajfujohau/Build/Intermediates.noindex/GoogleUtilities.build/Debug-iphonesimulator/GoogleUtilities-Network.build/Objects-normal/arm64/e6072d4f65d7061329687fe24e3d63a7-common-args.resp -include /Users/aleks/Library/Developer/Xcode/DerivedData/PlanItApp-gkehojshtcbfvhersqwajfujohau/Build/Intermediates.noindex/GoogleUtilities.build/Debug-iphonesimulator/GoogleUtilities-Network.build/DerivedSources/resource_bundle_accessor.h -MMD -MT dependencies -MF /Users/aleks/Library/Developer/Xcode/DerivedData/PlanItApp-gkehojshtcbfvhersqwajfujohau/Build/Intermediates.noindex/GoogleUtilities.build/Debug-iphonesimulator/GoogleUtilities-Network.build/Objects-normal/arm64/resource_bundle_accessor.d --serialize-diagnostics /Users/aleks/Library/Developer/Xcode/DerivedData/PlanItApp-gkehojshtcbfvhersqwajfujohau/Build/Intermediates.noindex/GoogleUtilities.build/Debug-iphonesimulator/GoogleUtilities-Network.build/Objects-normal/arm64/resource_bundle_accessor.dia -c /Users/aleks/Library/Developer/Xcode/DerivedData/PlanItApp-gkehojshtcbfvhersqwajfujohau/Build/Intermediates.noindex/GoogleUtilities.build/Debug-iphonesimulator/GoogleUtilities-Network.build/DerivedSources/resource_bundle_accessor.m -o /Users/aleks/Library/Developer/Xcode/DerivedData/PlanItApp-gkehojshtcbfvhersqwajfujohau/Build/Intermediates.noindex/GoogleUtilities.build/Debug-iphonesimulator/GoogleUtilities-Network.build/Objects-normal/arm64/resource_bundle_accessor.o -index-unit-output-path /GoogleUtilities.build/Debug-iphonesimulator/GoogleUtilities-Network.build/Objects-normal/arm64/resource_bundle_accessor.o

SwiftDriverJobDiscovery normal arm64 Compiling HeartbeatStorage.swift, HeartbeatsBundle.swift (in target 'FirebaseCoreInternal' from project 'Firebase')

ScanDependencies /Users/aleks/Library/Developer/Xcode/DerivedData/PlanItApp-gkehojshtcbfvhersqwajfujohau/Build/Intermediates.noindex/GoogleUtilities.build/Debug-iphonesimulator/GoogleUtilities-AppDelegateSwizzler.build/Objects-normal/arm64/resource_bundle_accessor.o /Users/aleks/Library/Developer/Xcode/DerivedData/PlanItApp-gkehojshtcbfvhersqwajfujohau/Build/Intermediates.noindex/GoogleUtilities.build/Debug-iphonesimulator/GoogleUtilities-AppDelegateSwizzler.build/DerivedSources/resource_bundle_accessor.m normal arm64 objective-c com.apple.compilers.llvm.clang.1_0.compiler (in target 'GoogleUtilities-AppDelegateSwizzler' from project 'GoogleUtilities')
    cd /Users/aleks/Desktop/PlanItApp/PlanItApp.xcodeproj
    
    Using response file: /Users/aleks/Library/Developer/Xcode/DerivedData/PlanItApp-gkehojshtcbfvhersqwajfujohau/Build/Intermediates.noindex/GoogleUtilities.build/Debug-iphonesimulator/GoogleUtilities-AppDelegateSwizzler.build/Objects-normal/arm64/e6072d4f65d7061329687fe24e3d63a7-common-args.resp
    
    builtin-ScanDependencies -o /Users/aleks/Library/Developer/Xcode/DerivedData/PlanItApp-gkehojshtcbfvhersqwajfujohau/Build/Intermediates.noindex/GoogleUtilities.build/Debug-iphonesimulator/GoogleUtilities-AppDelegateSwizzler.build/Objects-normal/arm64/resource_bundle_accessor.o.scan -- /Applications/Xcode.app/Contents/Developer/Toolchains/XcodeDefault.xctoolchain/usr/bin/clang -x objective-c -ivfsstatcache /Users/aleks/Library/Developer/Xcode/DerivedData/SDKStatCaches.noindex/iphonesimulator18.5-22F76-d5fc8ad4295d2ef488fb7d0f804ce0c4.sdkstatcache -fmessage-length\=0 -fdiagnostics-show-note-include-stack -fmacro-backtrace-limit\=0 -fno-color-diagnostics -fmodules-prune-interval\=86400 -fmodules-prune-after\=345600 -fbuild-session-file\=/Users/aleks/Library/Developer/Xcode/DerivedData/ModuleCache.noindex/Session.modulevalidation -fmodules-validate-once-per-build-session -Wnon-modular-include-in-framework-module -Werror\=non-modular-include-in-framework-module -Wno-trigraphs -Wno-missing-field-initializers -Wno-missing-prototypes -Wno-return-type -Wno-implicit-atomic-properties -Wno-objc-interface-ivars -Wno-arc-repeated-use-of-weak -Wno-missing-braces -Wparentheses -Wswitch -Wno-unused-function -Wno-unused-label -Wno-unused-parameter -Wno-unused-variable -Wunused-value -Wno-empty-body -Wno-uninitialized -Wno-unknown-pragmas -w -Wno-shadow -Wno-four-char-constants -Wno-conversion -Wno-constant-conversion -Wno-int-conversion -Wno-bool-conversion -Wno-enum-conversion -Wno-float-conversion -Wno-non-literal-null-conversion -Wno-objc-literal-conversion -Wshorten-64-to-32 -Wpointer-sign -Wno-newline-eof -Wno-selector -Wno-strict-selector-match -Wno-undeclared-selector -Wno-deprecated-implementations -Wno-implicit-fallthrough -fstrict-aliasing -Wprotocol -Wdeprecated-declarations -Wno-sign-conversion -Wno-infinite-recursion -Wno-comma -Wno-block-capture-autoreleasing -Wno-strict-prototypes -Wno-semicolon-before-method-body -index-store-path /Users/aleks/Library/Developer/Xcode/DerivedData/PlanItApp-gkehojshtcbfvhersqwajfujohau/Index.noindex/DataStore @/Users/aleks/Library/Developer/Xcode/DerivedData/PlanItApp-gkehojshtcbfvhersqwajfujohau/Build/Intermediates.noindex/GoogleUtilities.build/Debug-iphonesimulator/GoogleUtilities-AppDelegateSwizzler.build/Objects-normal/arm64/e6072d4f65d7061329687fe24e3d63a7-common-args.resp -include /Users/aleks/Library/Developer/Xcode/DerivedData/PlanItApp-gkehojshtcbfvhersqwajfujohau/Build/Intermediates.noindex/GoogleUtilities.build/Debug-iphonesimulator/GoogleUtilities-AppDelegateSwizzler.build/DerivedSources/resource_bundle_accessor.h -MMD -MT dependencies -MF /Users/aleks/Library/Developer/Xcode/DerivedData/PlanItApp-gkehojshtcbfvhersqwajfujohau/Build/Intermediates.noindex/GoogleUtilities.build/Debug-iphonesimulator/GoogleUtilities-AppDelegateSwizzler.build/Objects-normal/arm64/resource_bundle_accessor.d --serialize-diagnostics /Users/aleks/Library/Developer/Xcode/DerivedData/PlanItApp-gkehojshtcbfvhersqwajfujohau/Build/Intermediates.noindex/GoogleUtilities.build/Debug-iphonesimulator/GoogleUtilities-AppDelegateSwizzler.build/Objects-normal/arm64/resource_bundle_accessor.dia -c /Users/aleks/Library/Developer/Xcode/DerivedData/PlanItApp-gkehojshtcbfvhersqwajfujohau/Build/Intermediates.noindex/GoogleUtilities.build/Debug-iphonesimulator/GoogleUtilities-AppDelegateSwizzler.build/DerivedSources/resource_bundle_accessor.m -o /Users/aleks/Library/Developer/Xcode/DerivedData/PlanItApp-gkehojshtcbfvhersqwajfujohau/Build/Intermediates.noindex/GoogleUtilities.build/Debug-iphonesimulator/GoogleUtilities-AppDelegateSwizzler.build/Objects-normal/arm64/resource_bundle_accessor.o -index-unit-output-path /GoogleUtilities.build/Debug-iphonesimulator/GoogleUtilities-AppDelegateSwizzler.build/Objects-normal/arm64/resource_bundle_accessor.o

ScanDependencies /Users/aleks/Library/Developer/Xcode/DerivedData/PlanItApp-gkehojshtcbfvhersqwajfujohau/Build/Intermediates.noindex/GoogleUtilities.build/Debug-iphonesimulator/GoogleUtilities-AppDelegateSwizzler.build/Objects-normal/arm64/GULSceneDelegateSwizzler.o /Users/aleks/Library/Developer/Xcode/DerivedData/PlanItApp-gkehojshtcbfvhersqwajfujohau/SourcePackages/checkouts/GoogleUtilities/GoogleUtilities/AppDelegateSwizzler/GULSceneDelegateSwizzler.m normal arm64 objective-c com.apple.compilers.llvm.clang.1_0.compiler (in target 'GoogleUtilities-AppDelegateSwizzler' from project 'GoogleUtilities')
    cd /Users/aleks/Desktop/PlanItApp/PlanItApp.xcodeproj
    
    Using response file: /Users/aleks/Library/Developer/Xcode/DerivedData/PlanItApp-gkehojshtcbfvhersqwajfujohau/Build/Intermediates.noindex/GoogleUtilities.build/Debug-iphonesimulator/GoogleUtilities-AppDelegateSwizzler.build/Objects-normal/arm64/e6072d4f65d7061329687fe24e3d63a7-common-args.resp
    
    builtin-ScanDependencies -o /Users/aleks/Library/Developer/Xcode/DerivedData/PlanItApp-gkehojshtcbfvhersqwajfujohau/Build/Intermediates.noindex/GoogleUtilities.build/Debug-iphonesimulator/GoogleUtilities-AppDelegateSwizzler.build/Objects-normal/arm64/GULSceneDelegateSwizzler.o.scan -- /Applications/Xcode.app/Contents/Developer/Toolchains/XcodeDefault.xctoolchain/usr/bin/clang -x objective-c -ivfsstatcache /Users/aleks/Library/Developer/Xcode/DerivedData/SDKStatCaches.noindex/iphonesimulator18.5-22F76-d5fc8ad4295d2ef488fb7d0f804ce0c4.sdkstatcache -fmessage-length\=0 -fdiagnostics-show-note-include-stack -fmacro-backtrace-limit\=0 -fno-color-diagnostics -fmodules-prune-interval\=86400 -fmodules-prune-after\=345600 -fbuild-session-file\=/Users/aleks/Library/Developer/Xcode/DerivedData/ModuleCache.noindex/Session.modulevalidation -fmodules-validate-once-per-build-session -Wnon-modular-include-in-framework-module -Werror\=non-modular-include-in-framework-module -Wno-trigraphs -Wno-missing-field-initializers -Wno-missing-prototypes -Wno-return-type -Wno-implicit-atomic-properties -Wno-objc-interface-ivars -Wno-arc-repeated-use-of-weak -Wno-missing-braces -Wparentheses -Wswitch -Wno-unused-function -Wno-unused-label -Wno-unused-parameter -Wno-unused-variable -Wunused-value -Wno-empty-body -Wno-uninitialized -Wno-unknown-pragmas -w -Wno-shadow -Wno-four-char-constants -Wno-conversion -Wno-constant-conversion -Wno-int-conversion -Wno-bool-conversion -Wno-enum-conversion -Wno-float-conversion -Wno-non-literal-null-conversion -Wno-objc-literal-conversion -Wshorten-64-to-32 -Wpointer-sign -Wno-newline-eof -Wno-selector -Wno-strict-selector-match -Wno-undeclared-selector -Wno-deprecated-implementations -Wno-implicit-fallthrough -fstrict-aliasing -Wprotocol -Wdeprecated-declarations -Wno-sign-conversion -Wno-infinite-recursion -Wno-comma -Wno-block-capture-autoreleasing -Wno-strict-prototypes -Wno-semicolon-before-method-body -index-store-path /Users/aleks/Library/Developer/Xcode/DerivedData/PlanItApp-gkehojshtcbfvhersqwajfujohau/Index.noindex/DataStore @/Users/aleks/Library/Developer/Xcode/DerivedData/PlanItApp-gkehojshtcbfvhersqwajfujohau/Build/Intermediates.noindex/GoogleUtilities.build/Debug-iphonesimulator/GoogleUtilities-AppDelegateSwizzler.build/Objects-normal/arm64/e6072d4f65d7061329687fe24e3d63a7-common-args.resp -include /Users/aleks/Library/Developer/Xcode/DerivedData/PlanItApp-gkehojshtcbfvhersqwajfujohau/Build/Intermediates.noindex/GoogleUtilities.build/Debug-iphonesimulator/GoogleUtilities-AppDelegateSwizzler.build/DerivedSources/resource_bundle_accessor.h -MMD -MT dependencies -MF /Users/aleks/Library/Developer/Xcode/DerivedData/PlanItApp-gkehojshtcbfvhersqwajfujohau/Build/Intermediates.noindex/GoogleUtilities.build/Debug-iphonesimulator/GoogleUtilities-AppDelegateSwizzler.build/Objects-normal/arm64/GULSceneDelegateSwizzler.d --serialize-diagnostics /Users/aleks/Library/Developer/Xcode/DerivedData/PlanItApp-gkehojshtcbfvhersqwajfujohau/Build/Intermediates.noindex/GoogleUtilities.build/Debug-iphonesimulator/GoogleUtilities-AppDelegateSwizzler.build/Objects-normal/arm64/GULSceneDelegateSwizzler.dia -c /Users/aleks/Library/Developer/Xcode/DerivedData/PlanItApp-gkehojshtcbfvhersqwajfujohau/SourcePackages/checkouts/GoogleUtilities/GoogleUtilities/AppDelegateSwizzler/GULSceneDelegateSwizzler.m -o /Users/aleks/Library/Developer/Xcode/DerivedData/PlanItApp-gkehojshtcbfvhersqwajfujohau/Build/Intermediates.noindex/GoogleUtilities.build/Debug-iphonesimulator/GoogleUtilities-AppDelegateSwizzler.build/Objects-normal/arm64/GULSceneDelegateSwizzler.o -index-unit-output-path /GoogleUtilities.build/Debug-iphonesimulator/GoogleUtilities-AppDelegateSwizzler.build/Objects-normal/arm64/GULSceneDelegateSwizzler.o

CompileC /Users/aleks/Library/Developer/Xcode/DerivedData/PlanItApp-gkehojshtcbfvhersqwajfujohau/Build/Intermediates.noindex/GoogleUtilities.build/Debug-iphonesimulator/GoogleUtilities-Network.build/Objects-normal/arm64/GULNetworkConstants.o /Users/aleks/Library/Developer/Xcode/DerivedData/PlanItApp-gkehojshtcbfvhersqwajfujohau/SourcePackages/checkouts/GoogleUtilities/GoogleUtilities/Network/GULNetworkConstants.m normal arm64 objective-c com.apple.compilers.llvm.clang.1_0.compiler (in target 'GoogleUtilities-Network' from project 'GoogleUtilities')
    cd /Users/aleks/Desktop/PlanItApp/PlanItApp.xcodeproj
    
    Using response file: /Users/aleks/Library/Developer/Xcode/DerivedData/PlanItApp-gkehojshtcbfvhersqwajfujohau/Build/Intermediates.noindex/GoogleUtilities.build/Debug-iphonesimulator/GoogleUtilities-Network.build/Objects-normal/arm64/e6072d4f65d7061329687fe24e3d63a7-common-args.resp
    
    /Applications/Xcode.app/Contents/Developer/Toolchains/XcodeDefault.xctoolchain/usr/bin/clang -x objective-c -ivfsstatcache /Users/aleks/Library/Developer/Xcode/DerivedData/SDKStatCaches.noindex/iphonesimulator18.5-22F76-d5fc8ad4295d2ef488fb7d0f804ce0c4.sdkstatcache -fmessage-length\=0 -fdiagnostics-show-note-include-stack -fmacro-backtrace-limit\=0 -fno-color-diagnostics -fmodules-prune-interval\=86400 -fmodules-prune-after\=345600 -fbuild-session-file\=/Users/aleks/Library/Developer/Xcode/DerivedData/ModuleCache.noindex/Session.modulevalidation -fmodules-validate-once-per-build-session -Wnon-modular-include-in-framework-module -Werror\=non-modular-include-in-framework-module -Wno-trigraphs -Wno-missing-field-initializers -Wno-missing-prototypes -Wno-return-type -Wno-implicit-atomic-properties -Wno-objc-interface-ivars -Wno-arc-repeated-use-of-weak -Wno-missing-braces -Wparentheses -Wswitch -Wno-unused-function -Wno-unused-label -Wno-unused-parameter -Wno-unused-variable -Wunused-value -Wno-empty-body -Wno-uninitialized -Wno-unknown-pragmas -w -Wno-shadow -Wno-four-char-constants -Wno-conversion -Wno-constant-conversion -Wno-int-conversion -Wno-bool-conversion -Wno-enum-conversion -Wno-float-conversion -Wno-non-literal-null-conversion -Wno-objc-literal-conversion -Wshorten-64-to-32 -Wpointer-sign -Wno-newline-eof -Wno-selector -Wno-strict-selector-match -Wno-undeclared-selector -Wno-deprecated-implementations -Wno-implicit-fallthrough -fstrict-aliasing -Wprotocol -Wdeprecated-declarations -Wno-sign-conversion -Wno-infinite-recursion -Wno-comma -Wno-block-capture-autoreleasing -Wno-strict-prototypes -Wno-semicolon-before-method-body -index-store-path /Users/aleks/Library/Developer/Xcode/DerivedData/PlanItApp-gkehojshtcbfvhersqwajfujohau/Index.noindex/DataStore @/Users/aleks/Library/Developer/Xcode/DerivedData/PlanItApp-gkehojshtcbfvhersqwajfujohau/Build/Intermediates.noindex/GoogleUtilities.build/Debug-iphonesimulator/GoogleUtilities-Network.build/Objects-normal/arm64/e6072d4f65d7061329687fe24e3d63a7-common-args.resp -include /Users/aleks/Library/Developer/Xcode/DerivedData/PlanItApp-gkehojshtcbfvhersqwajfujohau/Build/Intermediates.noindex/GoogleUtilities.build/Debug-iphonesimulator/GoogleUtilities-Network.build/DerivedSources/resource_bundle_accessor.h -MMD -MT dependencies -MF /Users/aleks/Library/Developer/Xcode/DerivedData/PlanItApp-gkehojshtcbfvhersqwajfujohau/Build/Intermediates.noindex/GoogleUtilities.build/Debug-iphonesimulator/GoogleUtilities-Network.build/Objects-normal/arm64/GULNetworkConstants.d --serialize-diagnostics /Users/aleks/Library/Developer/Xcode/DerivedData/PlanItApp-gkehojshtcbfvhersqwajfujohau/Build/Intermediates.noindex/GoogleUtilities.build/Debug-iphonesimulator/GoogleUtilities-Network.build/Objects-normal/arm64/GULNetworkConstants.dia -c /Users/aleks/Library/Developer/Xcode/DerivedData/PlanItApp-gkehojshtcbfvhersqwajfujohau/SourcePackages/checkouts/GoogleUtilities/GoogleUtilities/Network/GULNetworkConstants.m -o /Users/aleks/Library/Developer/Xcode/DerivedData/PlanItApp-gkehojshtcbfvhersqwajfujohau/Build/Intermediates.noindex/GoogleUtilities.build/Debug-iphonesimulator/GoogleUtilities-Network.build/Objects-normal/arm64/GULNetworkConstants.o -index-unit-output-path /GoogleUtilities.build/Debug-iphonesimulator/GoogleUtilities-Network.build/Objects-normal/arm64/GULNetworkConstants.o

CompileC /Users/aleks/Library/Developer/Xcode/DerivedData/PlanItApp-gkehojshtcbfvhersqwajfujohau/Build/Intermediates.noindex/GoogleUtilities.build/Debug-iphonesimulator/GoogleUtilities-Network.build/Objects-normal/arm64/GULNetworkURLSession.o /Users/aleks/Library/Developer/Xcode/DerivedData/PlanItApp-gkehojshtcbfvhersqwajfujohau/SourcePackages/checkouts/GoogleUtilities/GoogleUtilities/Network/GULNetworkURLSession.m normal arm64 objective-c com.apple.compilers.llvm.clang.1_0.compiler (in target 'GoogleUtilities-Network' from project 'GoogleUtilities')
    cd /Users/aleks/Desktop/PlanItApp/PlanItApp.xcodeproj
    
    Using response file: /Users/aleks/Library/Developer/Xcode/DerivedData/PlanItApp-gkehojshtcbfvhersqwajfujohau/Build/Intermediates.noindex/GoogleUtilities.build/Debug-iphonesimulator/GoogleUtilities-Network.build/Objects-normal/arm64/e6072d4f65d7061329687fe24e3d63a7-common-args.resp
    
    /Applications/Xcode.app/Contents/Developer/Toolchains/XcodeDefault.xctoolchain/usr/bin/clang -x objective-c -ivfsstatcache /Users/aleks/Library/Developer/Xcode/DerivedData/SDKStatCaches.noindex/iphonesimulator18.5-22F76-d5fc8ad4295d2ef488fb7d0f804ce0c4.sdkstatcache -fmessage-length\=0 -fdiagnostics-show-note-include-stack -fmacro-backtrace-limit\=0 -fno-color-diagnostics -fmodules-prune-interval\=86400 -fmodules-prune-after\=345600 -fbuild-session-file\=/Users/aleks/Library/Developer/Xcode/DerivedData/ModuleCache.noindex/Session.modulevalidation -fmodules-validate-once-per-build-session -Wnon-modular-include-in-framework-module -Werror\=non-modular-include-in-framework-module -Wno-trigraphs -Wno-missing-field-initializers -Wno-missing-prototypes -Wno-return-type -Wno-implicit-atomic-properties -Wno-objc-interface-ivars -Wno-arc-repeated-use-of-weak -Wno-missing-braces -Wparentheses -Wswitch -Wno-unused-function -Wno-unused-label -Wno-unused-parameter -Wno-unused-variable -Wunused-value -Wno-empty-body -Wno-uninitialized -Wno-unknown-pragmas -w -Wno-shadow -Wno-four-char-constants -Wno-conversion -Wno-constant-conversion -Wno-int-conversion -Wno-bool-conversion -Wno-enum-conversion -Wno-float-conversion -Wno-non-literal-null-conversion -Wno-objc-literal-conversion -Wshorten-64-to-32 -Wpointer-sign -Wno-newline-eof -Wno-selector -Wno-strict-selector-match -Wno-undeclared-selector -Wno-deprecated-implementations -Wno-implicit-fallthrough -fstrict-aliasing -Wprotocol -Wdeprecated-declarations -Wno-sign-conversion -Wno-infinite-recursion -Wno-comma -Wno-block-capture-autoreleasing -Wno-strict-prototypes -Wno-semicolon-before-method-body -index-store-path /Users/aleks/Library/Developer/Xcode/DerivedData/PlanItApp-gkehojshtcbfvhersqwajfujohau/Index.noindex/DataStore @/Users/aleks/Library/Developer/Xcode/DerivedData/PlanItApp-gkehojshtcbfvhersqwajfujohau/Build/Intermediates.noindex/GoogleUtilities.build/Debug-iphonesimulator/GoogleUtilities-Network.build/Objects-normal/arm64/e6072d4f65d7061329687fe24e3d63a7-common-args.resp -include /Users/aleks/Library/Developer/Xcode/DerivedData/PlanItApp-gkehojshtcbfvhersqwajfujohau/Build/Intermediates.noindex/GoogleUtilities.build/Debug-iphonesimulator/GoogleUtilities-Network.build/DerivedSources/resource_bundle_accessor.h -MMD -MT dependencies -MF /Users/aleks/Library/Developer/Xcode/DerivedData/PlanItApp-gkehojshtcbfvhersqwajfujohau/Build/Intermediates.noindex/GoogleUtilities.build/Debug-iphonesimulator/GoogleUtilities-Network.build/Objects-normal/arm64/GULNetworkURLSession.d --serialize-diagnostics /Users/aleks/Library/Developer/Xcode/DerivedData/PlanItApp-gkehojshtcbfvhersqwajfujohau/Build/Intermediates.noindex/GoogleUtilities.build/Debug-iphonesimulator/GoogleUtilities-Network.build/Objects-normal/arm64/GULNetworkURLSession.dia -c /Users/aleks/Library/Developer/Xcode/DerivedData/PlanItApp-gkehojshtcbfvhersqwajfujohau/SourcePackages/checkouts/GoogleUtilities/GoogleUtilities/Network/GULNetworkURLSession.m -o /Users/aleks/Library/Developer/Xcode/DerivedData/PlanItApp-gkehojshtcbfvhersqwajfujohau/Build/Intermediates.noindex/GoogleUtilities.build/Debug-iphonesimulator/GoogleUtilities-Network.build/Objects-normal/arm64/GULNetworkURLSession.o -index-unit-output-path /GoogleUtilities.build/Debug-iphonesimulator/GoogleUtilities-Network.build/Objects-normal/arm64/GULNetworkURLSession.o

CompileC /Users/aleks/Library/Developer/Xcode/DerivedData/PlanItApp-gkehojshtcbfvhersqwajfujohau/Build/Intermediates.noindex/GoogleUtilities.build/Debug-iphonesimulator/GoogleUtilities-Network.build/Objects-normal/arm64/GULMutableDictionary.o /Users/aleks/Library/Developer/Xcode/DerivedData/PlanItApp-gkehojshtcbfvhersqwajfujohau/SourcePackages/checkouts/GoogleUtilities/GoogleUtilities/Network/GULMutableDictionary.m normal arm64 objective-c com.apple.compilers.llvm.clang.1_0.compiler (in target 'GoogleUtilities-Network' from project 'GoogleUtilities')
    cd /Users/aleks/Desktop/PlanItApp/PlanItApp.xcodeproj
    
    Using response file: /Users/aleks/Library/Developer/Xcode/DerivedData/PlanItApp-gkehojshtcbfvhersqwajfujohau/Build/Intermediates.noindex/GoogleUtilities.build/Debug-iphonesimulator/GoogleUtilities-Network.build/Objects-normal/arm64/e6072d4f65d7061329687fe24e3d63a7-common-args.resp
    
    /Applications/Xcode.app/Contents/Developer/Toolchains/XcodeDefault.xctoolchain/usr/bin/clang -x objective-c -ivfsstatcache /Users/aleks/Library/Developer/Xcode/DerivedData/SDKStatCaches.noindex/iphonesimulator18.5-22F76-d5fc8ad4295d2ef488fb7d0f804ce0c4.sdkstatcache -fmessage-length\=0 -fdiagnostics-show-note-include-stack -fmacro-backtrace-limit\=0 -fno-color-diagnostics -fmodules-prune-interval\=86400 -fmodules-prune-after\=345600 -fbuild-session-file\=/Users/aleks/Library/Developer/Xcode/DerivedData/ModuleCache.noindex/Session.modulevalidation -fmodules-validate-once-per-build-session -Wnon-modular-include-in-framework-module -Werror\=non-modular-include-in-framework-module -Wno-trigraphs -Wno-missing-field-initializers -Wno-missing-prototypes -Wno-return-type -Wno-implicit-atomic-properties -Wno-objc-interface-ivars -Wno-arc-repeated-use-of-weak -Wno-missing-braces -Wparentheses -Wswitch -Wno-unused-function -Wno-unused-label -Wno-unused-parameter -Wno-unused-variable -Wunused-value -Wno-empty-body -Wno-uninitialized -Wno-unknown-pragmas -w -Wno-shadow -Wno-four-char-constants -Wno-conversion -Wno-constant-conversion -Wno-int-conversion -Wno-bool-conversion -Wno-enum-conversion -Wno-float-conversion -Wno-non-literal-null-conversion -Wno-objc-literal-conversion -Wshorten-64-to-32 -Wpointer-sign -Wno-newline-eof -Wno-selector -Wno-strict-selector-match -Wno-undeclared-selector -Wno-deprecated-implementations -Wno-implicit-fallthrough -fstrict-aliasing -Wprotocol -Wdeprecated-declarations -Wno-sign-conversion -Wno-infinite-recursion -Wno-comma -Wno-block-capture-autoreleasing -Wno-strict-prototypes -Wno-semicolon-before-method-body -index-store-path /Users/aleks/Library/Developer/Xcode/DerivedData/PlanItApp-gkehojshtcbfvhersqwajfujohau/Index.noindex/DataStore @/Users/aleks/Library/Developer/Xcode/DerivedData/PlanItApp-gkehojshtcbfvhersqwajfujohau/Build/Intermediates.noindex/GoogleUtilities.build/Debug-iphonesimulator/GoogleUtilities-Network.build/Objects-normal/arm64/e6072d4f65d7061329687fe24e3d63a7-common-args.resp -include /Users/aleks/Library/Developer/Xcode/DerivedData/PlanItApp-gkehojshtcbfvhersqwajfujohau/Build/Intermediates.noindex/GoogleUtilities.build/Debug-iphonesimulator/GoogleUtilities-Network.build/DerivedSources/resource_bundle_accessor.h -MMD -MT dependencies -MF /Users/aleks/Library/Developer/Xcode/DerivedData/PlanItApp-gkehojshtcbfvhersqwajfujohau/Build/Intermediates.noindex/GoogleUtilities.build/Debug-iphonesimulator/GoogleUtilities-Network.build/Objects-normal/arm64/GULMutableDictionary.d --serialize-diagnostics /Users/aleks/Library/Developer/Xcode/DerivedData/PlanItApp-gkehojshtcbfvhersqwajfujohau/Build/Intermediates.noindex/GoogleUtilities.build/Debug-iphonesimulator/GoogleUtilities-Network.build/Objects-normal/arm64/GULMutableDictionary.dia -c /Users/aleks/Library/Developer/Xcode/DerivedData/PlanItApp-gkehojshtcbfvhersqwajfujohau/SourcePackages/checkouts/GoogleUtilities/GoogleUtilities/Network/GULMutableDictionary.m -o /Users/aleks/Library/Developer/Xcode/DerivedData/PlanItApp-gkehojshtcbfvhersqwajfujohau/Build/Intermediates.noindex/GoogleUtilities.build/Debug-iphonesimulator/GoogleUtilities-Network.build/Objects-normal/arm64/GULMutableDictionary.o -index-unit-output-path /GoogleUtilities.build/Debug-iphonesimulator/GoogleUtilities-Network.build/Objects-normal/arm64/GULMutableDictionary.o

ScanDependencies /Users/aleks/Library/Developer/Xcode/DerivedData/PlanItApp-gkehojshtcbfvhersqwajfujohau/Build/Intermediates.noindex/GoogleUtilities.build/Debug-iphonesimulator/GoogleUtilities-AppDelegateSwizzler.build/Objects-normal/arm64/GULAppDelegateSwizzler.o /Users/aleks/Library/Developer/Xcode/DerivedData/PlanItApp-gkehojshtcbfvhersqwajfujohau/SourcePackages/checkouts/GoogleUtilities/GoogleUtilities/AppDelegateSwizzler/GULAppDelegateSwizzler.m normal arm64 objective-c com.apple.compilers.llvm.clang.1_0.compiler (in target 'GoogleUtilities-AppDelegateSwizzler' from project 'GoogleUtilities')
    cd /Users/aleks/Desktop/PlanItApp/PlanItApp.xcodeproj
    
    Using response file: /Users/aleks/Library/Developer/Xcode/DerivedData/PlanItApp-gkehojshtcbfvhersqwajfujohau/Build/Intermediates.noindex/GoogleUtilities.build/Debug-iphonesimulator/GoogleUtilities-AppDelegateSwizzler.build/Objects-normal/arm64/e6072d4f65d7061329687fe24e3d63a7-common-args.resp
    
    builtin-ScanDependencies -o /Users/aleks/Library/Developer/Xcode/DerivedData/PlanItApp-gkehojshtcbfvhersqwajfujohau/Build/Intermediates.noindex/GoogleUtilities.build/Debug-iphonesimulator/GoogleUtilities-AppDelegateSwizzler.build/Objects-normal/arm64/GULAppDelegateSwizzler.o.scan -- /Applications/Xcode.app/Contents/Developer/Toolchains/XcodeDefault.xctoolchain/usr/bin/clang -x objective-c -ivfsstatcache /Users/aleks/Library/Developer/Xcode/DerivedData/SDKStatCaches.noindex/iphonesimulator18.5-22F76-d5fc8ad4295d2ef488fb7d0f804ce0c4.sdkstatcache -fmessage-length\=0 -fdiagnostics-show-note-include-stack -fmacro-backtrace-limit\=0 -fno-color-diagnostics -fmodules-prune-interval\=86400 -fmodules-prune-after\=345600 -fbuild-session-file\=/Users/aleks/Library/Developer/Xcode/DerivedData/ModuleCache.noindex/Session.modulevalidation -fmodules-validate-once-per-build-session -Wnon-modular-include-in-framework-module -Werror\=non-modular-include-in-framework-module -Wno-trigraphs -Wno-missing-field-initializers -Wno-missing-prototypes -Wno-return-type -Wno-implicit-atomic-properties -Wno-objc-interface-ivars -Wno-arc-repeated-use-of-weak -Wno-missing-braces -Wparentheses -Wswitch -Wno-unused-function -Wno-unused-label -Wno-unused-parameter -Wno-unused-variable -Wunused-value -Wno-empty-body -Wno-uninitialized -Wno-unknown-pragmas -w -Wno-shadow -Wno-four-char-constants -Wno-conversion -Wno-constant-conversion -Wno-int-conversion -Wno-bool-conversion -Wno-enum-conversion -Wno-float-conversion -Wno-non-literal-null-conversion -Wno-objc-literal-conversion -Wshorten-64-to-32 -Wpointer-sign -Wno-newline-eof -Wno-selector -Wno-strict-selector-match -Wno-undeclared-selector -Wno-deprecated-implementations -Wno-implicit-fallthrough -fstrict-aliasing -Wprotocol -Wdeprecated-declarations -Wno-sign-conversion -Wno-infinite-recursion -Wno-comma -Wno-block-capture-autoreleasing -Wno-strict-prototypes -Wno-semicolon-before-method-body -index-store-path /Users/aleks/Library/Developer/Xcode/DerivedData/PlanItApp-gkehojshtcbfvhersqwajfujohau/Index.noindex/DataStore @/Users/aleks/Library/Developer/Xcode/DerivedData/PlanItApp-gkehojshtcbfvhersqwajfujohau/Build/Intermediates.noindex/GoogleUtilities.build/Debug-iphonesimulator/GoogleUtilities-AppDelegateSwizzler.build/Objects-normal/arm64/e6072d4f65d7061329687fe24e3d63a7-common-args.resp -include /Users/aleks/Library/Developer/Xcode/DerivedData/PlanItApp-gkehojshtcbfvhersqwajfujohau/Build/Intermediates.noindex/GoogleUtilities.build/Debug-iphonesimulator/GoogleUtilities-AppDelegateSwizzler.build/DerivedSources/resource_bundle_accessor.h -MMD -MT dependencies -MF /Users/aleks/Library/Developer/Xcode/DerivedData/PlanItApp-gkehojshtcbfvhersqwajfujohau/Build/Intermediates.noindex/GoogleUtilities.build/Debug-iphonesimulator/GoogleUtilities-AppDelegateSwizzler.build/Objects-normal/arm64/GULAppDelegateSwizzler.d --serialize-diagnostics /Users/aleks/Library/Developer/Xcode/DerivedData/PlanItApp-gkehojshtcbfvhersqwajfujohau/Build/Intermediates.noindex/GoogleUtilities.build/Debug-iphonesimulator/GoogleUtilities-AppDelegateSwizzler.build/Objects-normal/arm64/GULAppDelegateSwizzler.dia -c /Users/aleks/Library/Developer/Xcode/DerivedData/PlanItApp-gkehojshtcbfvhersqwajfujohau/SourcePackages/checkouts/GoogleUtilities/GoogleUtilities/AppDelegateSwizzler/GULAppDelegateSwizzler.m -o /Users/aleks/Library/Developer/Xcode/DerivedData/PlanItApp-gkehojshtcbfvhersqwajfujohau/Build/Intermediates.noindex/GoogleUtilities.build/Debug-iphonesimulator/GoogleUtilities-AppDelegateSwizzler.build/Objects-normal/arm64/GULAppDelegateSwizzler.o -index-unit-output-path /GoogleUtilities.build/Debug-iphonesimulator/GoogleUtilities-AppDelegateSwizzler.build/Objects-normal/arm64/GULAppDelegateSwizzler.o

CompileC /Users/aleks/Library/Developer/Xcode/DerivedData/PlanItApp-gkehojshtcbfvhersqwajfujohau/Build/Intermediates.noindex/GoogleUtilities.build/Debug-iphonesimulator/GoogleUtilities-AppDelegateSwizzler.build/Objects-normal/arm64/resource_bundle_accessor.o /Users/aleks/Library/Developer/Xcode/DerivedData/PlanItApp-gkehojshtcbfvhersqwajfujohau/Build/Intermediates.noindex/GoogleUtilities.build/Debug-iphonesimulator/GoogleUtilities-AppDelegateSwizzler.build/DerivedSources/resource_bundle_accessor.m normal arm64 objective-c com.apple.compilers.llvm.clang.1_0.compiler (in target 'GoogleUtilities-AppDelegateSwizzler' from project 'GoogleUtilities')
    cd /Users/aleks/Desktop/PlanItApp/PlanItApp.xcodeproj
    
    Using response file: /Users/aleks/Library/Developer/Xcode/DerivedData/PlanItApp-gkehojshtcbfvhersqwajfujohau/Build/Intermediates.noindex/GoogleUtilities.build/Debug-iphonesimulator/GoogleUtilities-AppDelegateSwizzler.build/Objects-normal/arm64/e6072d4f65d7061329687fe24e3d63a7-common-args.resp
    
    /Applications/Xcode.app/Contents/Developer/Toolchains/XcodeDefault.xctoolchain/usr/bin/clang -x objective-c -ivfsstatcache /Users/aleks/Library/Developer/Xcode/DerivedData/SDKStatCaches.noindex/iphonesimulator18.5-22F76-d5fc8ad4295d2ef488fb7d0f804ce0c4.sdkstatcache -fmessage-length\=0 -fdiagnostics-show-note-include-stack -fmacro-backtrace-limit\=0 -fno-color-diagnostics -fmodules-prune-interval\=86400 -fmodules-prune-after\=345600 -fbuild-session-file\=/Users/aleks/Library/Developer/Xcode/DerivedData/ModuleCache.noindex/Session.modulevalidation -fmodules-validate-once-per-build-session -Wnon-modular-include-in-framework-module -Werror\=non-modular-include-in-framework-module -Wno-trigraphs -Wno-missing-field-initializers -Wno-missing-prototypes -Wno-return-type -Wno-implicit-atomic-properties -Wno-objc-interface-ivars -Wno-arc-repeated-use-of-weak -Wno-missing-braces -Wparentheses -Wswitch -Wno-unused-function -Wno-unused-label -Wno-unused-parameter -Wno-unused-variable -Wunused-value -Wno-empty-body -Wno-uninitialized -Wno-unknown-pragmas -w -Wno-shadow -Wno-four-char-constants -Wno-conversion -Wno-constant-conversion -Wno-int-conversion -Wno-bool-conversion -Wno-enum-conversion -Wno-float-conversion -Wno-non-literal-null-conversion -Wno-objc-literal-conversion -Wshorten-64-to-32 -Wpointer-sign -Wno-newline-eof -Wno-selector -Wno-strict-selector-match -Wno-undeclared-selector -Wno-deprecated-implementations -Wno-implicit-fallthrough -fstrict-aliasing -Wprotocol -Wdeprecated-declarations -Wno-sign-conversion -Wno-infinite-recursion -Wno-comma -Wno-block-capture-autoreleasing -Wno-strict-prototypes -Wno-semicolon-before-method-body -index-store-path /Users/aleks/Library/Developer/Xcode/DerivedData/PlanItApp-gkehojshtcbfvhersqwajfujohau/Index.noindex/DataStore @/Users/aleks/Library/Developer/Xcode/DerivedData/PlanItApp-gkehojshtcbfvhersqwajfujohau/Build/Intermediates.noindex/GoogleUtilities.build/Debug-iphonesimulator/GoogleUtilities-AppDelegateSwizzler.build/Objects-normal/arm64/e6072d4f65d7061329687fe24e3d63a7-common-args.resp -include /Users/aleks/Library/Developer/Xcode/DerivedData/PlanItApp-gkehojshtcbfvhersqwajfujohau/Build/Intermediates.noindex/GoogleUtilities.build/Debug-iphonesimulator/GoogleUtilities-AppDelegateSwizzler.build/DerivedSources/resource_bundle_accessor.h -MMD -MT dependencies -MF /Users/aleks/Library/Developer/Xcode/DerivedData/PlanItApp-gkehojshtcbfvhersqwajfujohau/Build/Intermediates.noindex/GoogleUtilities.build/Debug-iphonesimulator/GoogleUtilities-AppDelegateSwizzler.build/Objects-normal/arm64/resource_bundle_accessor.d --serialize-diagnostics /Users/aleks/Library/Developer/Xcode/DerivedData/PlanItApp-gkehojshtcbfvhersqwajfujohau/Build/Intermediates.noindex/GoogleUtilities.build/Debug-iphonesimulator/GoogleUtilities-AppDelegateSwizzler.build/Objects-normal/arm64/resource_bundle_accessor.dia -c /Users/aleks/Library/Developer/Xcode/DerivedData/PlanItApp-gkehojshtcbfvhersqwajfujohau/Build/Intermediates.noindex/GoogleUtilities.build/Debug-iphonesimulator/GoogleUtilities-AppDelegateSwizzler.build/DerivedSources/resource_bundle_accessor.m -o /Users/aleks/Library/Developer/Xcode/DerivedData/PlanItApp-gkehojshtcbfvhersqwajfujohau/Build/Intermediates.noindex/GoogleUtilities.build/Debug-iphonesimulator/GoogleUtilities-AppDelegateSwizzler.build/Objects-normal/arm64/resource_bundle_accessor.o -index-unit-output-path /GoogleUtilities.build/Debug-iphonesimulator/GoogleUtilities-AppDelegateSwizzler.build/Objects-normal/arm64/resource_bundle_accessor.o

SwiftCompile normal arm64 Compiling\ KeychainHelper.swift /Users/aleks/Library/Developer/Xcode/DerivedData/PlanItApp-gkehojshtcbfvhersqwajfujohau/SourcePackages/checkouts/GTMAppAuth/GTMAppAuth/Sources/KeychainStore/KeychainHelper.swift (in target 'GTMAppAuth' from project 'GTMAppAuth')

SwiftCompile normal arm64 /Users/aleks/Library/Developer/Xcode/DerivedData/PlanItApp-gkehojshtcbfvhersqwajfujohau/SourcePackages/checkouts/GTMAppAuth/GTMAppAuth/Sources/KeychainStore/KeychainHelper.swift (in target 'GTMAppAuth' from project 'GTMAppAuth')
    cd /Users/aleks/Desktop/PlanItApp/PlanItApp.xcodeproj
    

PrecompileModule /Users/aleks/Library/Developer/Xcode/DerivedData/PlanItApp-gkehojshtcbfvhersqwajfujohau/Build/Intermediates.noindex/ExplicitPrecompiledModules/GoogleUtilities_NSData-9YD9NBYMRDVSV3PN2TNCUNBGS.scan
    cd /Users/aleks/Desktop/PlanItApp/PlanItApp.xcodeproj
    builtin-precompileModule /Users/aleks/Library/Developer/Xcode/DerivedData/PlanItApp-gkehojshtcbfvhersqwajfujohau/Build/Intermediates.noindex/ExplicitPrecompiledModules/GoogleUtilities_NSData-9YD9NBYMRDVSV3PN2TNCUNBGS.scan

PrecompileModule /Users/aleks/Library/Developer/Xcode/DerivedData/PlanItApp-gkehojshtcbfvhersqwajfujohau/Build/Intermediates.noindex/ExplicitPrecompiledModules/GoogleUtilities_Reachability-L5RCTDOG5YS95YG0JE0WC2WY.scan
    cd /Users/aleks/Desktop/PlanItApp/PlanItApp.xcodeproj
    builtin-precompileModule /Users/aleks/Library/Developer/Xcode/DerivedData/PlanItApp-gkehojshtcbfvhersqwajfujohau/Build/Intermediates.noindex/ExplicitPrecompiledModules/GoogleUtilities_Reachability-L5RCTDOG5YS95YG0JE0WC2WY.scan

SwiftCompile normal arm64 Compiling\ AuthSession.swift /Users/aleks/Library/Developer/Xcode/DerivedData/PlanItApp-gkehojshtcbfvhersqwajfujohau/SourcePackages/checkouts/GTMAppAuth/GTMAppAuth/Sources/AuthSession.swift (in target 'GTMAppAuth' from project 'GTMAppAuth')

SwiftCompile normal arm64 /Users/aleks/Library/Developer/Xcode/DerivedData/PlanItApp-gkehojshtcbfvhersqwajfujohau/SourcePackages/checkouts/GTMAppAuth/GTMAppAuth/Sources/AuthSession.swift (in target 'GTMAppAuth' from project 'GTMAppAuth')
    cd /Users/aleks/Desktop/PlanItApp/PlanItApp.xcodeproj
    

PrecompileModule /Users/aleks/Library/Developer/Xcode/DerivedData/PlanItApp-gkehojshtcbfvhersqwajfujohau/Build/Intermediates.noindex/ExplicitPrecompiledModules/GoogleUtilities_Network-AL07IN83D1E96TBGGO9MYA2XZ.scan
    cd /Users/aleks/Desktop/PlanItApp/PlanItApp.xcodeproj
    builtin-precompileModule /Users/aleks/Library/Developer/Xcode/DerivedData/PlanItApp-gkehojshtcbfvhersqwajfujohau/Build/Intermediates.noindex/ExplicitPrecompiledModules/GoogleUtilities_Network-AL07IN83D1E96TBGGO9MYA2XZ.scan

SwiftCompile normal arm64 Compiling\ KeychainAttribute.swift /Users/aleks/Library/Developer/Xcode/DerivedData/PlanItApp-gkehojshtcbfvhersqwajfujohau/SourcePackages/checkouts/GTMAppAuth/GTMAppAuth/Sources/KeychainStore/KeychainAttribute.swift (in target 'GTMAppAuth' from project 'GTMAppAuth')

SwiftCompile normal arm64 /Users/aleks/Library/Developer/Xcode/DerivedData/PlanItApp-gkehojshtcbfvhersqwajfujohau/SourcePackages/checkouts/GTMAppAuth/GTMAppAuth/Sources/KeychainStore/KeychainAttribute.swift (in target 'GTMAppAuth' from project 'GTMAppAuth')
    cd /Users/aleks/Desktop/PlanItApp/PlanItApp.xcodeproj
    

SwiftCompile normal arm64 Compiling\ GTMOAuth2Compatibility.swift /Users/aleks/Library/Developer/Xcode/DerivedData/PlanItApp-gkehojshtcbfvhersqwajfujohau/SourcePackages/checkouts/GTMAppAuth/GTMAppAuth/Sources/KeychainStore/GTMOAuth2Compatibility.swift (in target 'GTMAppAuth' from project 'GTMAppAuth')

SwiftCompile normal arm64 /Users/aleks/Library/Developer/Xcode/DerivedData/PlanItApp-gkehojshtcbfvhersqwajfujohau/SourcePackages/checkouts/GTMAppAuth/GTMAppAuth/Sources/KeychainStore/GTMOAuth2Compatibility.swift (in target 'GTMAppAuth' from project 'GTMAppAuth')
    cd /Users/aleks/Desktop/PlanItApp/PlanItApp.xcodeproj
    

CompileC /Users/aleks/Library/Developer/Xcode/DerivedData/PlanItApp-gkehojshtcbfvhersqwajfujohau/Build/Intermediates.noindex/GoogleUtilities.build/Debug-iphonesimulator/GoogleUtilities-Network.build/Objects-normal/arm64/GULNetwork.o /Users/aleks/Library/Developer/Xcode/DerivedData/PlanItApp-gkehojshtcbfvhersqwajfujohau/SourcePackages/checkouts/GoogleUtilities/GoogleUtilities/Network/GULNetwork.m normal arm64 objective-c com.apple.compilers.llvm.clang.1_0.compiler (in target 'GoogleUtilities-Network' from project 'GoogleUtilities')
    cd /Users/aleks/Desktop/PlanItApp/PlanItApp.xcodeproj
    
    Using response file: /Users/aleks/Library/Developer/Xcode/DerivedData/PlanItApp-gkehojshtcbfvhersqwajfujohau/Build/Intermediates.noindex/GoogleUtilities.build/Debug-iphonesimulator/GoogleUtilities-Network.build/Objects-normal/arm64/e6072d4f65d7061329687fe24e3d63a7-common-args.resp
    
    /Applications/Xcode.app/Contents/Developer/Toolchains/XcodeDefault.xctoolchain/usr/bin/clang -x objective-c -ivfsstatcache /Users/aleks/Library/Developer/Xcode/DerivedData/SDKStatCaches.noindex/iphonesimulator18.5-22F76-d5fc8ad4295d2ef488fb7d0f804ce0c4.sdkstatcache -fmessage-length\=0 -fdiagnostics-show-note-include-stack -fmacro-backtrace-limit\=0 -fno-color-diagnostics -fmodules-prune-interval\=86400 -fmodules-prune-after\=345600 -fbuild-session-file\=/Users/aleks/Library/Developer/Xcode/DerivedData/ModuleCache.noindex/Session.modulevalidation -fmodules-validate-once-per-build-session -Wnon-modular-include-in-framework-module -Werror\=non-modular-include-in-framework-module -Wno-trigraphs -Wno-missing-field-initializers -Wno-missing-prototypes -Wno-return-type -Wno-implicit-atomic-properties -Wno-objc-interface-ivars -Wno-arc-repeated-use-of-weak -Wno-missing-braces -Wparentheses -Wswitch -Wno-unused-function -Wno-unused-label -Wno-unused-parameter -Wno-unused-variable -Wunused-value -Wno-empty-body -Wno-uninitialized -Wno-unknown-pragmas -w -Wno-shadow -Wno-four-char-constants -Wno-conversion -Wno-constant-conversion -Wno-int-conversion -Wno-bool-conversion -Wno-enum-conversion -Wno-float-conversion -Wno-non-literal-null-conversion -Wno-objc-literal-conversion -Wshorten-64-to-32 -Wpointer-sign -Wno-newline-eof -Wno-selector -Wno-strict-selector-match -Wno-undeclared-selector -Wno-deprecated-implementations -Wno-implicit-fallthrough -fstrict-aliasing -Wprotocol -Wdeprecated-declarations -Wno-sign-conversion -Wno-infinite-recursion -Wno-comma -Wno-block-capture-autoreleasing -Wno-strict-prototypes -Wno-semicolon-before-method-body -index-store-path /Users/aleks/Library/Developer/Xcode/DerivedData/PlanItApp-gkehojshtcbfvhersqwajfujohau/Index.noindex/DataStore @/Users/aleks/Library/Developer/Xcode/DerivedData/PlanItApp-gkehojshtcbfvhersqwajfujohau/Build/Intermediates.noindex/GoogleUtilities.build/Debug-iphonesimulator/GoogleUtilities-Network.build/Objects-normal/arm64/e6072d4f65d7061329687fe24e3d63a7-common-args.resp -include /Users/aleks/Library/Developer/Xcode/DerivedData/PlanItApp-gkehojshtcbfvhersqwajfujohau/Build/Intermediates.noindex/GoogleUtilities.build/Debug-iphonesimulator/GoogleUtilities-Network.build/DerivedSources/resource_bundle_accessor.h -MMD -MT dependencies -MF /Users/aleks/Library/Developer/Xcode/DerivedData/PlanItApp-gkehojshtcbfvhersqwajfujohau/Build/Intermediates.noindex/GoogleUtilities.build/Debug-iphonesimulator/GoogleUtilities-Network.build/Objects-normal/arm64/GULNetwork.d --serialize-diagnostics /Users/aleks/Library/Developer/Xcode/DerivedData/PlanItApp-gkehojshtcbfvhersqwajfujohau/Build/Intermediates.noindex/GoogleUtilities.build/Debug-iphonesimulator/GoogleUtilities-Network.build/Objects-normal/arm64/GULNetwork.dia -c /Users/aleks/Library/Developer/Xcode/DerivedData/PlanItApp-gkehojshtcbfvhersqwajfujohau/SourcePackages/checkouts/GoogleUtilities/GoogleUtilities/Network/GULNetwork.m -o /Users/aleks/Library/Developer/Xcode/DerivedData/PlanItApp-gkehojshtcbfvhersqwajfujohau/Build/Intermediates.noindex/GoogleUtilities.build/Debug-iphonesimulator/GoogleUtilities-Network.build/Objects-normal/arm64/GULNetwork.o -index-unit-output-path /GoogleUtilities.build/Debug-iphonesimulator/GoogleUtilities-Network.build/Objects-normal/arm64/GULNetwork.o

CompileC /Users/aleks/Library/Developer/Xcode/DerivedData/PlanItApp-gkehojshtcbfvhersqwajfujohau/Build/Intermediates.noindex/GoogleUtilities.build/Debug-iphonesimulator/GoogleUtilities-AppDelegateSwizzler.build/Objects-normal/arm64/GULSceneDelegateSwizzler.o /Users/aleks/Library/Developer/Xcode/DerivedData/PlanItApp-gkehojshtcbfvhersqwajfujohau/SourcePackages/checkouts/GoogleUtilities/GoogleUtilities/AppDelegateSwizzler/GULSceneDelegateSwizzler.m normal arm64 objective-c com.apple.compilers.llvm.clang.1_0.compiler (in target 'GoogleUtilities-AppDelegateSwizzler' from project 'GoogleUtilities')
    cd /Users/aleks/Desktop/PlanItApp/PlanItApp.xcodeproj
    
    Using response file: /Users/aleks/Library/Developer/Xcode/DerivedData/PlanItApp-gkehojshtcbfvhersqwajfujohau/Build/Intermediates.noindex/GoogleUtilities.build/Debug-iphonesimulator/GoogleUtilities-AppDelegateSwizzler.build/Objects-normal/arm64/e6072d4f65d7061329687fe24e3d63a7-common-args.resp
    
    /Applications/Xcode.app/Contents/Developer/Toolchains/XcodeDefault.xctoolchain/usr/bin/clang -x objective-c -ivfsstatcache /Users/aleks/Library/Developer/Xcode/DerivedData/SDKStatCaches.noindex/iphonesimulator18.5-22F76-d5fc8ad4295d2ef488fb7d0f804ce0c4.sdkstatcache -fmessage-length\=0 -fdiagnostics-show-note-include-stack -fmacro-backtrace-limit\=0 -fno-color-diagnostics -fmodules-prune-interval\=86400 -fmodules-prune-after\=345600 -fbuild-session-file\=/Users/aleks/Library/Developer/Xcode/DerivedData/ModuleCache.noindex/Session.modulevalidation -fmodules-validate-once-per-build-session -Wnon-modular-include-in-framework-module -Werror\=non-modular-include-in-framework-module -Wno-trigraphs -Wno-missing-field-initializers -Wno-missing-prototypes -Wno-return-type -Wno-implicit-atomic-properties -Wno-objc-interface-ivars -Wno-arc-repeated-use-of-weak -Wno-missing-braces -Wparentheses -Wswitch -Wno-unused-function -Wno-unused-label -Wno-unused-parameter -Wno-unused-variable -Wunused-value -Wno-empty-body -Wno-uninitialized -Wno-unknown-pragmas -w -Wno-shadow -Wno-four-char-constants -Wno-conversion -Wno-constant-conversion -Wno-int-conversion -Wno-bool-conversion -Wno-enum-conversion -Wno-float-conversion -Wno-non-literal-null-conversion -Wno-objc-literal-conversion -Wshorten-64-to-32 -Wpointer-sign -Wno-newline-eof -Wno-selector -Wno-strict-selector-match -Wno-undeclared-selector -Wno-deprecated-implementations -Wno-implicit-fallthrough -fstrict-aliasing -Wprotocol -Wdeprecated-declarations -Wno-sign-conversion -Wno-infinite-recursion -Wno-comma -Wno-block-capture-autoreleasing -Wno-strict-prototypes -Wno-semicolon-before-method-body -index-store-path /Users/aleks/Library/Developer/Xcode/DerivedData/PlanItApp-gkehojshtcbfvhersqwajfujohau/Index.noindex/DataStore @/Users/aleks/Library/Developer/Xcode/DerivedData/PlanItApp-gkehojshtcbfvhersqwajfujohau/Build/Intermediates.noindex/GoogleUtilities.build/Debug-iphonesimulator/GoogleUtilities-AppDelegateSwizzler.build/Objects-normal/arm64/e6072d4f65d7061329687fe24e3d63a7-common-args.resp -include /Users/aleks/Library/Developer/Xcode/DerivedData/PlanItApp-gkehojshtcbfvhersqwajfujohau/Build/Intermediates.noindex/GoogleUtilities.build/Debug-iphonesimulator/GoogleUtilities-AppDelegateSwizzler.build/DerivedSources/resource_bundle_accessor.h -MMD -MT dependencies -MF /Users/aleks/Library/Developer/Xcode/DerivedData/PlanItApp-gkehojshtcbfvhersqwajfujohau/Build/Intermediates.noindex/GoogleUtilities.build/Debug-iphonesimulator/GoogleUtilities-AppDelegateSwizzler.build/Objects-normal/arm64/GULSceneDelegateSwizzler.d --serialize-diagnostics /Users/aleks/Library/Developer/Xcode/DerivedData/PlanItApp-gkehojshtcbfvhersqwajfujohau/Build/Intermediates.noindex/GoogleUtilities.build/Debug-iphonesimulator/GoogleUtilities-AppDelegateSwizzler.build/Objects-normal/arm64/GULSceneDelegateSwizzler.dia -c /Users/aleks/Library/Developer/Xcode/DerivedData/PlanItApp-gkehojshtcbfvhersqwajfujohau/SourcePackages/checkouts/GoogleUtilities/GoogleUtilities/AppDelegateSwizzler/GULSceneDelegateSwizzler.m -o /Users/aleks/Library/Developer/Xcode/DerivedData/PlanItApp-gkehojshtcbfvhersqwajfujohau/Build/Intermediates.noindex/GoogleUtilities.build/Debug-iphonesimulator/GoogleUtilities-AppDelegateSwizzler.build/Objects-normal/arm64/GULSceneDelegateSwizzler.o -index-unit-output-path /GoogleUtilities.build/Debug-iphonesimulator/GoogleUtilities-AppDelegateSwizzler.build/Objects-normal/arm64/GULSceneDelegateSwizzler.o

SwiftDriverJobDiscovery normal arm64 Compiling FirebaseDataEncoder.swift (in target 'FirebaseSharedSwift' from project 'Firebase')

CompileC /Users/aleks/Library/Developer/Xcode/DerivedData/PlanItApp-gkehojshtcbfvhersqwajfujohau/Build/Intermediates.noindex/GoogleUtilities.build/Debug-iphonesimulator/GoogleUtilities-AppDelegateSwizzler.build/Objects-normal/arm64/GULAppDelegateSwizzler.o /Users/aleks/Library/Developer/Xcode/DerivedData/PlanItApp-gkehojshtcbfvhersqwajfujohau/SourcePackages/checkouts/GoogleUtilities/GoogleUtilities/AppDelegateSwizzler/GULAppDelegateSwizzler.m normal arm64 objective-c com.apple.compilers.llvm.clang.1_0.compiler (in target 'GoogleUtilities-AppDelegateSwizzler' from project 'GoogleUtilities')
    cd /Users/aleks/Desktop/PlanItApp/PlanItApp.xcodeproj
    
    Using response file: /Users/aleks/Library/Developer/Xcode/DerivedData/PlanItApp-gkehojshtcbfvhersqwajfujohau/Build/Intermediates.noindex/GoogleUtilities.build/Debug-iphonesimulator/GoogleUtilities-AppDelegateSwizzler.build/Objects-normal/arm64/e6072d4f65d7061329687fe24e3d63a7-common-args.resp
    
    /Applications/Xcode.app/Contents/Developer/Toolchains/XcodeDefault.xctoolchain/usr/bin/clang -x objective-c -ivfsstatcache /Users/aleks/Library/Developer/Xcode/DerivedData/SDKStatCaches.noindex/iphonesimulator18.5-22F76-d5fc8ad4295d2ef488fb7d0f804ce0c4.sdkstatcache -fmessage-length\=0 -fdiagnostics-show-note-include-stack -fmacro-backtrace-limit\=0 -fno-color-diagnostics -fmodules-prune-interval\=86400 -fmodules-prune-after\=345600 -fbuild-session-file\=/Users/aleks/Library/Developer/Xcode/DerivedData/ModuleCache.noindex/Session.modulevalidation -fmodules-validate-once-per-build-session -Wnon-modular-include-in-framework-module -Werror\=non-modular-include-in-framework-module -Wno-trigraphs -Wno-missing-field-initializers -Wno-missing-prototypes -Wno-return-type -Wno-implicit-atomic-properties -Wno-objc-interface-ivars -Wno-arc-repeated-use-of-weak -Wno-missing-braces -Wparentheses -Wswitch -Wno-unused-function -Wno-unused-label -Wno-unused-parameter -Wno-unused-variable -Wunused-value -Wno-empty-body -Wno-uninitialized -Wno-unknown-pragmas -w -Wno-shadow -Wno-four-char-constants -Wno-conversion -Wno-constant-conversion -Wno-int-conversion -Wno-bool-conversion -Wno-enum-conversion -Wno-float-conversion -Wno-non-literal-null-conversion -Wno-objc-literal-conversion -Wshorten-64-to-32 -Wpointer-sign -Wno-newline-eof -Wno-selector -Wno-strict-selector-match -Wno-undeclared-selector -Wno-deprecated-implementations -Wno-implicit-fallthrough -fstrict-aliasing -Wprotocol -Wdeprecated-declarations -Wno-sign-conversion -Wno-infinite-recursion -Wno-comma -Wno-block-capture-autoreleasing -Wno-strict-prototypes -Wno-semicolon-before-method-body -index-store-path /Users/aleks/Library/Developer/Xcode/DerivedData/PlanItApp-gkehojshtcbfvhersqwajfujohau/Index.noindex/DataStore @/Users/aleks/Library/Developer/Xcode/DerivedData/PlanItApp-gkehojshtcbfvhersqwajfujohau/Build/Intermediates.noindex/GoogleUtilities.build/Debug-iphonesimulator/GoogleUtilities-AppDelegateSwizzler.build/Objects-normal/arm64/e6072d4f65d7061329687fe24e3d63a7-common-args.resp -include /Users/aleks/Library/Developer/Xcode/DerivedData/PlanItApp-gkehojshtcbfvhersqwajfujohau/Build/Intermediates.noindex/GoogleUtilities.build/Debug-iphonesimulator/GoogleUtilities-AppDelegateSwizzler.build/DerivedSources/resource_bundle_accessor.h -MMD -MT dependencies -MF /Users/aleks/Library/Developer/Xcode/DerivedData/PlanItApp-gkehojshtcbfvhersqwajfujohau/Build/Intermediates.noindex/GoogleUtilities.build/Debug-iphonesimulator/GoogleUtilities-AppDelegateSwizzler.build/Objects-normal/arm64/GULAppDelegateSwizzler.d --serialize-diagnostics /Users/aleks/Library/Developer/Xcode/DerivedData/PlanItApp-gkehojshtcbfvhersqwajfujohau/Build/Intermediates.noindex/GoogleUtilities.build/Debug-iphonesimulator/GoogleUtilities-AppDelegateSwizzler.build/Objects-normal/arm64/GULAppDelegateSwizzler.dia -c /Users/aleks/Library/Developer/Xcode/DerivedData/PlanItApp-gkehojshtcbfvhersqwajfujohau/SourcePackages/checkouts/GoogleUtilities/GoogleUtilities/AppDelegateSwizzler/GULAppDelegateSwizzler.m -o /Users/aleks/Library/Developer/Xcode/DerivedData/PlanItApp-gkehojshtcbfvhersqwajfujohau/Build/Intermediates.noindex/GoogleUtilities.build/Debug-iphonesimulator/GoogleUtilities-AppDelegateSwizzler.build/Objects-normal/arm64/GULAppDelegateSwizzler.o -index-unit-output-path /GoogleUtilities.build/Debug-iphonesimulator/GoogleUtilities-AppDelegateSwizzler.build/Objects-normal/arm64/GULAppDelegateSwizzler.o

SwiftCompile normal arm64 Compiling\ AuthSessionStore.swift /Users/aleks/Library/Developer/Xcode/DerivedData/PlanItApp-gkehojshtcbfvhersqwajfujohau/SourcePackages/checkouts/GTMAppAuth/GTMAppAuth/Sources/AuthSessionStore.swift (in target 'GTMAppAuth' from project 'GTMAppAuth')

SwiftCompile normal arm64 /Users/aleks/Library/Developer/Xcode/DerivedData/PlanItApp-gkehojshtcbfvhersqwajfujohau/SourcePackages/checkouts/GTMAppAuth/GTMAppAuth/Sources/AuthSessionStore.swift (in target 'GTMAppAuth' from project 'GTMAppAuth')
    cd /Users/aleks/Desktop/PlanItApp/PlanItApp.xcodeproj
    

SwiftDriverJobDiscovery normal arm64 Emitting module for GTMAppAuth (in target 'GTMAppAuth' from project 'GTMAppAuth')

SwiftDriver\ Compilation\ Requirements GTMAppAuth normal arm64 com.apple.xcode.tools.swift.compiler (in target 'GTMAppAuth' from project 'GTMAppAuth')
    cd /Users/aleks/Desktop/PlanItApp/PlanItApp.xcodeproj
    builtin-Swift-Compilation-Requirements -- /Applications/Xcode.app/Contents/Developer/Toolchains/XcodeDefault.xctoolchain/usr/bin/swiftc -module-name GTMAppAuth -Onone -enforce-exclusivity\=checked @/Users/aleks/Library/Developer/Xcode/DerivedData/PlanItApp-gkehojshtcbfvhersqwajfujohau/Build/Intermediates.noindex/GTMAppAuth.build/Debug-iphonesimulator/GTMAppAuth.build/Objects-normal/arm64/GTMAppAuth.SwiftFileList -DSWIFT_PACKAGE -DDEBUG -Xcc -fmodule-map-file\=/Users/aleks/Library/Developer/Xcode/DerivedData/PlanItApp-gkehojshtcbfvhersqwajfujohau/Build/Intermediates.noindex/GeneratedModuleMaps-iphonesimulator/GTMSessionFetcherCore.modulemap -Xcc -fmodule-map-file\=/Users/aleks/Library/Developer/Xcode/DerivedData/PlanItApp-gkehojshtcbfvhersqwajfujohau/Build/Intermediates.noindex/GeneratedModuleMaps-iphonesimulator/AppAuthCore.modulemap -DXcode -plugin-path /Applications/Xcode.app/Contents/Developer/Toolchains/XcodeDefault.xctoolchain/usr/lib/swift/host/plugins/testing -enable-experimental-feature DebugDescriptionMacro -sdk /Applications/Xcode.app/Contents/Developer/Platforms/iPhoneSimulator.platform/Developer/SDKs/iPhoneSimulator18.5.sdk -target arm64-apple-ios12.0-simulator -g -module-cache-path /Users/aleks/Library/Developer/Xcode/DerivedData/ModuleCache.noindex -Xfrontend -serialize-debugging-options -profile-coverage-mapping -profile-generate -enable-testing -suppress-warnings -index-store-path /Users/aleks/Library/Developer/Xcode/DerivedData/PlanItApp-gkehojshtcbfvhersqwajfujohau/Index.noindex/DataStore -swift-version 5 -I /Users/aleks/Library/Developer/Xcode/DerivedData/PlanItApp-gkehojshtcbfvhersqwajfujohau/Build/Products/Debug-iphonesimulator -I /Applications/Xcode.app/Contents/Developer/Platforms/iPhoneSimulator.platform/Developer/usr/lib -F /Users/aleks/Library/Developer/Xcode/DerivedData/PlanItApp-gkehojshtcbfvhersqwajfujohau/Build/Products/Debug-iphonesimulator/PackageFrameworks -F /Users/aleks/Library/Developer/Xcode/DerivedData/PlanItApp-gkehojshtcbfvhersqwajfujohau/Build/Products/Debug-iphonesimulator/PackageFrameworks -F /Users/aleks/Library/Developer/Xcode/DerivedData/PlanItApp-gkehojshtcbfvhersqwajfujohau/Build/Products/Debug-iphonesimulator -F /Applications/Xcode.app/Contents/Developer/Platforms/iPhoneSimulator.platform/Developer/Library/Frameworks -F /Applications/Xcode.app/Contents/Developer/Platforms/iPhoneSimulator.platform/Developer/SDKs/iPhoneSimulator18.5.sdk/Developer/Library/Frameworks -c -j10 -enable-batch-mode -incremental -Xcc -ivfsstatcache -Xcc /Users/aleks/Library/Developer/Xcode/DerivedData/SDKStatCaches.noindex/iphonesimulator18.5-22F76-d5fc8ad4295d2ef488fb7d0f804ce0c4.sdkstatcache -output-file-map /Users/aleks/Library/Developer/Xcode/DerivedData/PlanItApp-gkehojshtcbfvhersqwajfujohau/Build/Intermediates.noindex/GTMAppAuth.build/Debug-iphonesimulator/GTMAppAuth.build/Objects-normal/arm64/GTMAppAuth-OutputFileMap.json -use-frontend-parseable-output -save-temps -no-color-diagnostics -serialize-diagnostics -emit-dependencies -emit-module -emit-module-path /Users/aleks/Library/Developer/Xcode/DerivedData/PlanItApp-gkehojshtcbfvhersqwajfujohau/Build/Intermediates.noindex/GTMAppAuth.build/Debug-iphonesimulator/GTMAppAuth.build/Objects-normal/arm64/GTMAppAuth.swiftmodule -validate-clang-modules-once -clang-build-session-file /Users/aleks/Library/Developer/Xcode/DerivedData/ModuleCache.noindex/Session.modulevalidation -Xcc -I/Users/aleks/Library/Developer/Xcode/DerivedData/PlanItApp-gkehojshtcbfvhersqwajfujohau/Build/Intermediates.noindex/GTMAppAuth.build/Debug-iphonesimulator/GTMAppAuth.build/swift-overrides.hmap -emit-const-values -Xfrontend -const-gather-protocols-file -Xfrontend /Users/aleks/Library/Developer/Xcode/DerivedData/PlanItApp-gkehojshtcbfvhersqwajfujohau/Build/Intermediates.noindex/GTMAppAuth.build/Debug-iphonesimulator/GTMAppAuth.build/Objects-normal/arm64/GTMAppAuth_const_extract_protocols.json -Xcc -I/Users/aleks/Library/Developer/Xcode/DerivedData/PlanItApp-gkehojshtcbfvhersqwajfujohau/SourcePackages/checkouts/gtm-session-fetcher/Sources/Core/Public -Xcc -I/Users/aleks/Library/Developer/Xcode/DerivedData/PlanItApp-gkehojshtcbfvhersqwajfujohau/SourcePackages/checkouts/AppAuth-iOS/Sources/AppAuthCore -Xcc -I/Users/aleks/Library/Developer/Xcode/DerivedData/PlanItApp-gkehojshtcbfvhersqwajfujohau/Build/Products/Debug-iphonesimulator/include -Xcc -I/Users/aleks/Library/Developer/Xcode/DerivedData/PlanItApp-gkehojshtcbfvhersqwajfujohau/Build/Intermediates.noindex/GTMAppAuth.build/Debug-iphonesimulator/GTMAppAuth.build/DerivedSources-normal/arm64 -Xcc -I/Users/aleks/Library/Developer/Xcode/DerivedData/PlanItApp-gkehojshtcbfvhersqwajfujohau/Build/Intermediates.noindex/GTMAppAuth.build/Debug-iphonesimulator/GTMAppAuth.build/DerivedSources/arm64 -Xcc -I/Users/aleks/Library/Developer/Xcode/DerivedData/PlanItApp-gkehojshtcbfvhersqwajfujohau/Build/Intermediates.noindex/GTMAppAuth.build/Debug-iphonesimulator/GTMAppAuth.build/DerivedSources -Xcc -DSWIFT_PACKAGE -Xcc -DDEBUG\=1 -emit-objc-header -emit-objc-header-path /Users/aleks/Library/Developer/Xcode/DerivedData/PlanItApp-gkehojshtcbfvhersqwajfujohau/Build/Intermediates.noindex/GTMAppAuth.build/Debug-iphonesimulator/GTMAppAuth.build/Objects-normal/arm64/GTMAppAuth-Swift.h -working-directory /Users/aleks/Desktop/PlanItApp/PlanItApp.xcodeproj -experimental-emit-module-separately -disable-cmo

SwiftCompile normal arm64 Compiling\ resource_bundle_accessor.swift /Users/aleks/Library/Developer/Xcode/DerivedData/PlanItApp-gkehojshtcbfvhersqwajfujohau/Build/Intermediates.noindex/GTMAppAuth.build/Debug-iphonesimulator/GTMAppAuth.build/DerivedSources/resource_bundle_accessor.swift (in target 'GTMAppAuth' from project 'GTMAppAuth')

SwiftCompile normal arm64 /Users/aleks/Library/Developer/Xcode/DerivedData/PlanItApp-gkehojshtcbfvhersqwajfujohau/Build/Intermediates.noindex/GTMAppAuth.build/Debug-iphonesimulator/GTMAppAuth.build/DerivedSources/resource_bundle_accessor.swift (in target 'GTMAppAuth' from project 'GTMAppAuth')
    cd /Users/aleks/Desktop/PlanItApp/PlanItApp.xcodeproj
    

SwiftCompile normal arm64 Compiling\ KeychainStore.swift /Users/aleks/Library/Developer/Xcode/DerivedData/PlanItApp-gkehojshtcbfvhersqwajfujohau/SourcePackages/checkouts/GTMAppAuth/GTMAppAuth/Sources/KeychainStore/KeychainStore.swift (in target 'GTMAppAuth' from project 'GTMAppAuth')
SwiftCompile normal arm64 /Users/aleks/Library/Developer/Xcode/DerivedData/PlanItApp-gkehojshtcbfvhersqwajfujohau/SourcePackages/checkouts/GTMAppAuth/GTMAppAuth/Sources/KeychainStore/KeychainStore.swift (in target 'GTMAppAuth' from project 'GTMAppAuth')
    cd /Users/aleks/Desktop/PlanItApp/PlanItApp.xcodeproj
    

SwiftCompile normal arm64 Compiling\ AuthSessionDelegate.swift /Users/aleks/Library/Developer/Xcode/DerivedData/PlanItApp-gkehojshtcbfvhersqwajfujohau/SourcePackages/checkouts/GTMAppAuth/GTMAppAuth/Sources/AuthSessionDelegate.swift (in target 'GTMAppAuth' from project 'GTMAppAuth')

SwiftCompile normal arm64 /Users/aleks/Library/Developer/Xcode/DerivedData/PlanItApp-gkehojshtcbfvhersqwajfujohau/SourcePackages/checkouts/GTMAppAuth/GTMAppAuth/Sources/AuthSessionDelegate.swift (in target 'GTMAppAuth' from project 'GTMAppAuth')
    cd /Users/aleks/Desktop/PlanItApp/PlanItApp.xcodeproj
    

SwiftDriver\ Compilation FirebaseSharedSwift normal arm64 com.apple.xcode.tools.swift.compiler (in target 'FirebaseSharedSwift' from project 'Firebase')
    cd /Users/aleks/Desktop/PlanItApp/PlanItApp.xcodeproj
    builtin-Swift-Compilation -- /Applications/Xcode.app/Contents/Developer/Toolchains/XcodeDefault.xctoolchain/usr/bin/swiftc -module-name FirebaseSharedSwift -Onone -enforce-exclusivity\=checked @/Users/aleks/Library/Developer/Xcode/DerivedData/PlanItApp-gkehojshtcbfvhersqwajfujohau/Build/Intermediates.noindex/Firebase.build/Debug-iphonesimulator/FirebaseSharedSwift.build/Objects-normal/arm64/FirebaseSharedSwift.SwiftFileList -DSWIFT_PACKAGE -DDEBUG -DXcode -plugin-path /Applications/Xcode.app/Contents/Developer/Toolchains/XcodeDefault.xctoolchain/usr/lib/swift/host/plugins/testing -enable-experimental-feature DebugDescriptionMacro -sdk /Applications/Xcode.app/Contents/Developer/Platforms/iPhoneSimulator.platform/Developer/SDKs/iPhoneSimulator18.5.sdk -target arm64-apple-ios12.0-simulator -g -module-cache-path /Users/aleks/Library/Developer/Xcode/DerivedData/ModuleCache.noindex -Xfrontend -serialize-debugging-options -profile-coverage-mapping -profile-generate -enable-testing -suppress-warnings -index-store-path /Users/aleks/Library/Developer/Xcode/DerivedData/PlanItApp-gkehojshtcbfvhersqwajfujohau/Index.noindex/DataStore -swift-version 5 -I /Users/aleks/Library/Developer/Xcode/DerivedData/PlanItApp-gkehojshtcbfvhersqwajfujohau/Build/Products/Debug-iphonesimulator -I /Applications/Xcode.app/Contents/Developer/Platforms/iPhoneSimulator.platform/Developer/usr/lib -F /Users/aleks/Library/Developer/Xcode/DerivedData/PlanItApp-gkehojshtcbfvhersqwajfujohau/Build/Products/Debug-iphonesimulator -F /Applications/Xcode.app/Contents/Developer/Platforms/iPhoneSimulator.platform/Developer/Library/Frameworks -F /Applications/Xcode.app/Contents/Developer/Platforms/iPhoneSimulator.platform/Developer/SDKs/iPhoneSimulator18.5.sdk/Developer/Library/Frameworks -c -j10 -enable-batch-mode -incremental -Xcc -ivfsstatcache -Xcc /Users/aleks/Library/Developer/Xcode/DerivedData/SDKStatCaches.noindex/iphonesimulator18.5-22F76-d5fc8ad4295d2ef488fb7d0f804ce0c4.sdkstatcache -output-file-map /Users/aleks/Library/Developer/Xcode/DerivedData/PlanItApp-gkehojshtcbfvhersqwajfujohau/Build/Intermediates.noindex/Firebase.build/Debug-iphonesimulator/FirebaseSharedSwift.build/Objects-normal/arm64/FirebaseSharedSwift-OutputFileMap.json -use-frontend-parseable-output -save-temps -no-color-diagnostics -serialize-diagnostics -emit-dependencies -emit-module -emit-module-path /Users/aleks/Library/Developer/Xcode/DerivedData/PlanItApp-gkehojshtcbfvhersqwajfujohau/Build/Intermediates.noindex/Firebase.build/Debug-iphonesimulator/FirebaseSharedSwift.build/Objects-normal/arm64/FirebaseSharedSwift.swiftmodule -validate-clang-modules-once -clang-build-session-file /Users/aleks/Library/Developer/Xcode/DerivedData/ModuleCache.noindex/Session.modulevalidation -package-name firebase_ios_sdk -Xcc -I/Users/aleks/Library/Developer/Xcode/DerivedData/PlanItApp-gkehojshtcbfvhersqwajfujohau/Build/Intermediates.noindex/Firebase.build/Debug-iphonesimulator/FirebaseSharedSwift.build/swift-overrides.hmap -emit-const-values -Xfrontend -const-gather-protocols-file -Xfrontend /Users/aleks/Library/Developer/Xcode/DerivedData/PlanItApp-gkehojshtcbfvhersqwajfujohau/Build/Intermediates.noindex/Firebase.build/Debug-iphonesimulator/FirebaseSharedSwift.build/Objects-normal/arm64/FirebaseSharedSwift_const_extract_protocols.json -Xcc -I/Users/aleks/Library/Developer/Xcode/DerivedData/PlanItApp-gkehojshtcbfvhersqwajfujohau/Build/Products/Debug-iphonesimulator/include -Xcc -I/Users/aleks/Library/Developer/Xcode/DerivedData/PlanItApp-gkehojshtcbfvhersqwajfujohau/Build/Intermediates.noindex/Firebase.build/Debug-iphonesimulator/FirebaseSharedSwift.build/DerivedSources-normal/arm64 -Xcc -I/Users/aleks/Library/Developer/Xcode/DerivedData/PlanItApp-gkehojshtcbfvhersqwajfujohau/Build/Intermediates.noindex/Firebase.build/Debug-iphonesimulator/FirebaseSharedSwift.build/DerivedSources/arm64 -Xcc -I/Users/aleks/Library/Developer/Xcode/DerivedData/PlanItApp-gkehojshtcbfvhersqwajfujohau/Build/Intermediates.noindex/Firebase.build/Debug-iphonesimulator/FirebaseSharedSwift.build/DerivedSources -Xcc -DSWIFT_PACKAGE -Xcc -DDEBUG\=1 -emit-objc-header -emit-objc-header-path /Users/aleks/Library/Developer/Xcode/DerivedData/PlanItApp-gkehojshtcbfvhersqwajfujohau/Build/Intermediates.noindex/Firebase.build/Debug-iphonesimulator/FirebaseSharedSwift.build/Objects-normal/arm64/FirebaseSharedSwift-Swift.h -working-directory /Users/aleks/Desktop/PlanItApp/PlanItApp.xcodeproj -experimental-emit-module-separately -disable-cmo

SwiftDriver\ Compilation FirebaseCoreInternal normal arm64 com.apple.xcode.tools.swift.compiler (in target 'FirebaseCoreInternal' from project 'Firebase')
    cd /Users/aleks/Desktop/PlanItApp/PlanItApp.xcodeproj
    builtin-Swift-Compilation -- /Applications/Xcode.app/Contents/Developer/Toolchains/XcodeDefault.xctoolchain/usr/bin/swiftc -module-name FirebaseCoreInternal -Onone -enforce-exclusivity\=checked @/Users/aleks/Library/Developer/Xcode/DerivedData/PlanItApp-gkehojshtcbfvhersqwajfujohau/Build/Intermediates.noindex/Firebase.build/Debug-iphonesimulator/FirebaseCoreInternal.build/Objects-normal/arm64/FirebaseCoreInternal.SwiftFileList -DSWIFT_PACKAGE -DDEBUG -Xcc -fmodule-map-file\=/Users/aleks/Library/Developer/Xcode/DerivedData/PlanItApp-gkehojshtcbfvhersqwajfujohau/Build/Intermediates.noindex/GeneratedModuleMaps-iphonesimulator/GoogleUtilities-NSData.modulemap -DXcode -plugin-path /Applications/Xcode.app/Contents/Developer/Toolchains/XcodeDefault.xctoolchain/usr/lib/swift/host/plugins/testing -enable-experimental-feature DebugDescriptionMacro -sdk /Applications/Xcode.app/Contents/Developer/Platforms/iPhoneSimulator.platform/Developer/SDKs/iPhoneSimulator18.5.sdk -target arm64-apple-ios12.0-simulator -g -module-cache-path /Users/aleks/Library/Developer/Xcode/DerivedData/ModuleCache.noindex -Xfrontend -serialize-debugging-options -profile-coverage-mapping -profile-generate -enable-testing -suppress-warnings -index-store-path /Users/aleks/Library/Developer/Xcode/DerivedData/PlanItApp-gkehojshtcbfvhersqwajfujohau/Index.noindex/DataStore -swift-version 5 -I /Users/aleks/Library/Developer/Xcode/DerivedData/PlanItApp-gkehojshtcbfvhersqwajfujohau/Build/Products/Debug-iphonesimulator -I /Applications/Xcode.app/Contents/Developer/Platforms/iPhoneSimulator.platform/Developer/usr/lib -F /Users/aleks/Library/Developer/Xcode/DerivedData/PlanItApp-gkehojshtcbfvhersqwajfujohau/Build/Products/Debug-iphonesimulator/PackageFrameworks -F /Users/aleks/Library/Developer/Xcode/DerivedData/PlanItApp-gkehojshtcbfvhersqwajfujohau/Build/Products/Debug-iphonesimulator -F /Applications/Xcode.app/Contents/Developer/Platforms/iPhoneSimulator.platform/Developer/Library/Frameworks -F /Applications/Xcode.app/Contents/Developer/Platforms/iPhoneSimulator.platform/Developer/SDKs/iPhoneSimulator18.5.sdk/Developer/Library/Frameworks -c -j10 -enable-batch-mode -incremental -Xcc -ivfsstatcache -Xcc /Users/aleks/Library/Developer/Xcode/DerivedData/SDKStatCaches.noindex/iphonesimulator18.5-22F76-d5fc8ad4295d2ef488fb7d0f804ce0c4.sdkstatcache -output-file-map /Users/aleks/Library/Developer/Xcode/DerivedData/PlanItApp-gkehojshtcbfvhersqwajfujohau/Build/Intermediates.noindex/Firebase.build/Debug-iphonesimulator/FirebaseCoreInternal.build/Objects-normal/arm64/FirebaseCoreInternal-OutputFileMap.json -use-frontend-parseable-output -save-temps -no-color-diagnostics -serialize-diagnostics -emit-dependencies -emit-module -emit-module-path /Users/aleks/Library/Developer/Xcode/DerivedData/PlanItApp-gkehojshtcbfvhersqwajfujohau/Build/Intermediates.noindex/Firebase.build/Debug-iphonesimulator/FirebaseCoreInternal.build/Objects-normal/arm64/FirebaseCoreInternal.swiftmodule -validate-clang-modules-once -clang-build-session-file /Users/aleks/Library/Developer/Xcode/DerivedData/ModuleCache.noindex/Session.modulevalidation -package-name firebase_ios_sdk -Xcc -I/Users/aleks/Library/Developer/Xcode/DerivedData/PlanItApp-gkehojshtcbfvhersqwajfujohau/Build/Intermediates.noindex/Firebase.build/Debug-iphonesimulator/FirebaseCoreInternal.build/swift-overrides.hmap -emit-const-values -Xfrontend -const-gather-protocols-file -Xfrontend /Users/aleks/Library/Developer/Xcode/DerivedData/PlanItApp-gkehojshtcbfvhersqwajfujohau/Build/Intermediates.noindex/Firebase.build/Debug-iphonesimulator/FirebaseCoreInternal.build/Objects-normal/arm64/FirebaseCoreInternal_const_extract_protocols.json -Xcc -I/Users/aleks/Library/Developer/Xcode/DerivedData/PlanItApp-gkehojshtcbfvhersqwajfujohau/SourcePackages/checkouts/GoogleUtilities/GoogleUtilities/NSData+zlib/Public -Xcc -I/Users/aleks/Library/Developer/Xcode/DerivedData/PlanItApp-gkehojshtcbfvhersqwajfujohau/Build/Products/Debug-iphonesimulator/include -Xcc -I/Users/aleks/Library/Developer/Xcode/DerivedData/PlanItApp-gkehojshtcbfvhersqwajfujohau/Build/Intermediates.noindex/Firebase.build/Debug-iphonesimulator/FirebaseCoreInternal.build/DerivedSources-normal/arm64 -Xcc -I/Users/aleks/Library/Developer/Xcode/DerivedData/PlanItApp-gkehojshtcbfvhersqwajfujohau/Build/Intermediates.noindex/Firebase.build/Debug-iphonesimulator/FirebaseCoreInternal.build/DerivedSources/arm64 -Xcc -I/Users/aleks/Library/Developer/Xcode/DerivedData/PlanItApp-gkehojshtcbfvhersqwajfujohau/Build/Intermediates.noindex/Firebase.build/Debug-iphonesimulator/FirebaseCoreInternal.build/DerivedSources -Xcc -DSWIFT_PACKAGE -Xcc -DDEBUG\=1 -emit-objc-header -emit-objc-header-path /Users/aleks/Library/Developer/Xcode/DerivedData/PlanItApp-gkehojshtcbfvhersqwajfujohau/Build/Intermediates.noindex/Firebase.build/Debug-iphonesimulator/FirebaseCoreInternal.build/Objects-normal/arm64/FirebaseCoreInternal-Swift.h -working-directory /Users/aleks/Desktop/PlanItApp/PlanItApp.xcodeproj -experimental-emit-module-separately -disable-cmo

ScanDependencies /Users/aleks/Library/Developer/Xcode/DerivedData/PlanItApp-gkehojshtcbfvhersqwajfujohau/Build/Intermediates.noindex/AppCheck.build/Debug-iphonesimulator/AppCheckCore.build/Objects-normal/arm64/NSURLSession+GACPromises.o /Users/aleks/Library/Developer/Xcode/DerivedData/PlanItApp-gkehojshtcbfvhersqwajfujohau/SourcePackages/checkouts/app-check/AppCheckCore/Sources/Core/APIService/NSURLSession+GACPromises.m normal arm64 objective-c com.apple.compilers.llvm.clang.1_0.compiler (in target 'AppCheckCore' from project 'AppCheck')
    cd /Users/aleks/Desktop/PlanItApp/PlanItApp.xcodeproj
    
    Using response file: /Users/aleks/Library/Developer/Xcode/DerivedData/PlanItApp-gkehojshtcbfvhersqwajfujohau/Build/Intermediates.noindex/AppCheck.build/Debug-iphonesimulator/AppCheckCore.build/Objects-normal/arm64/e6072d4f65d7061329687fe24e3d63a7-common-args.resp
    
    builtin-ScanDependencies -o /Users/aleks/Library/Developer/Xcode/DerivedData/PlanItApp-gkehojshtcbfvhersqwajfujohau/Build/Intermediates.noindex/AppCheck.build/Debug-iphonesimulator/AppCheckCore.build/Objects-normal/arm64/NSURLSession+GACPromises.o.scan -- /Applications/Xcode.app/Contents/Developer/Toolchains/XcodeDefault.xctoolchain/usr/bin/clang -x objective-c -ivfsstatcache /Users/aleks/Library/Developer/Xcode/DerivedData/SDKStatCaches.noindex/iphonesimulator18.5-22F76-d5fc8ad4295d2ef488fb7d0f804ce0c4.sdkstatcache -fmessage-length\=0 -fdiagnostics-show-note-include-stack -fmacro-backtrace-limit\=0 -fno-color-diagnostics -fmodules-prune-interval\=86400 -fmodules-prune-after\=345600 -fbuild-session-file\=/Users/aleks/Library/Developer/Xcode/DerivedData/ModuleCache.noindex/Session.modulevalidation -fmodules-validate-once-per-build-session -Wnon-modular-include-in-framework-module -Werror\=non-modular-include-in-framework-module -Wno-trigraphs -Wno-missing-field-initializers -Wno-missing-prototypes -Wno-return-type -Wno-implicit-atomic-properties -Wno-objc-interface-ivars -Wno-arc-repeated-use-of-weak -Wno-missing-braces -Wparentheses -Wswitch -Wno-unused-function -Wno-unused-label -Wno-unused-parameter -Wno-unused-variable -Wunused-value -Wno-empty-body -Wno-uninitialized -Wno-unknown-pragmas -w -Wno-shadow -Wno-four-char-constants -Wno-conversion -Wno-constant-conversion -Wno-int-conversion -Wno-bool-conversion -Wno-enum-conversion -Wno-float-conversion -Wno-non-literal-null-conversion -Wno-objc-literal-conversion -Wshorten-64-to-32 -Wpointer-sign -Wno-newline-eof -Wno-selector -Wno-strict-selector-match -Wno-undeclared-selector -Wno-deprecated-implementations -Wno-implicit-fallthrough -fstrict-aliasing -Wprotocol -Wdeprecated-declarations -Wno-sign-conversion -Wno-infinite-recursion -Wno-comma -Wno-block-capture-autoreleasing -Wno-strict-prototypes -Wno-semicolon-before-method-body -index-store-path /Users/aleks/Library/Developer/Xcode/DerivedData/PlanItApp-gkehojshtcbfvhersqwajfujohau/Index.noindex/DataStore @/Users/aleks/Library/Developer/Xcode/DerivedData/PlanItApp-gkehojshtcbfvhersqwajfujohau/Build/Intermediates.noindex/AppCheck.build/Debug-iphonesimulator/AppCheckCore.build/Objects-normal/arm64/e6072d4f65d7061329687fe24e3d63a7-common-args.resp -MMD -MT dependencies -MF /Users/aleks/Library/Developer/Xcode/DerivedData/PlanItApp-gkehojshtcbfvhersqwajfujohau/Build/Intermediates.noindex/AppCheck.build/Debug-iphonesimulator/AppCheckCore.build/Objects-normal/arm64/NSURLSession+GACPromises.d --serialize-diagnostics /Users/aleks/Library/Developer/Xcode/DerivedData/PlanItApp-gkehojshtcbfvhersqwajfujohau/Build/Intermediates.noindex/AppCheck.build/Debug-iphonesimulator/AppCheckCore.build/Objects-normal/arm64/NSURLSession+GACPromises.dia -c /Users/aleks/Library/Developer/Xcode/DerivedData/PlanItApp-gkehojshtcbfvhersqwajfujohau/SourcePackages/checkouts/app-check/AppCheckCore/Sources/Core/APIService/NSURLSession+GACPromises.m -o /Users/aleks/Library/Developer/Xcode/DerivedData/PlanItApp-gkehojshtcbfvhersqwajfujohau/Build/Intermediates.noindex/AppCheck.build/Debug-iphonesimulator/AppCheckCore.build/Objects-normal/arm64/NSURLSession+GACPromises.o -index-unit-output-path /AppCheck.build/Debug-iphonesimulator/AppCheckCore.build/Objects-normal/arm64/NSURLSession+GACPromises.o

ScanDependencies /Users/aleks/Library/Developer/Xcode/DerivedData/PlanItApp-gkehojshtcbfvhersqwajfujohau/Build/Intermediates.noindex/AppCheck.build/Debug-iphonesimulator/AppCheckCore.build/Objects-normal/arm64/GACURLSessionDataResponse.o /Users/aleks/Library/Developer/Xcode/DerivedData/PlanItApp-gkehojshtcbfvhersqwajfujohau/SourcePackages/checkouts/app-check/AppCheckCore/Sources/Core/APIService/GACURLSessionDataResponse.m normal arm64 objective-c com.apple.compilers.llvm.clang.1_0.compiler (in target 'AppCheckCore' from project 'AppCheck')
    cd /Users/aleks/Desktop/PlanItApp/PlanItApp.xcodeproj
    
    Using response file: /Users/aleks/Library/Developer/Xcode/DerivedData/PlanItApp-gkehojshtcbfvhersqwajfujohau/Build/Intermediates.noindex/AppCheck.build/Debug-iphonesimulator/AppCheckCore.build/Objects-normal/arm64/e6072d4f65d7061329687fe24e3d63a7-common-args.resp
    
    builtin-ScanDependencies -o /Users/aleks/Library/Developer/Xcode/DerivedData/PlanItApp-gkehojshtcbfvhersqwajfujohau/Build/Intermediates.noindex/AppCheck.build/Debug-iphonesimulator/AppCheckCore.build/Objects-normal/arm64/GACURLSessionDataResponse.o.scan -- /Applications/Xcode.app/Contents/Developer/Toolchains/XcodeDefault.xctoolchain/usr/bin/clang -x objective-c -ivfsstatcache /Users/aleks/Library/Developer/Xcode/DerivedData/SDKStatCaches.noindex/iphonesimulator18.5-22F76-d5fc8ad4295d2ef488fb7d0f804ce0c4.sdkstatcache -fmessage-length\=0 -fdiagnostics-show-note-include-stack -fmacro-backtrace-limit\=0 -fno-color-diagnostics -fmodules-prune-interval\=86400 -fmodules-prune-after\=345600 -fbuild-session-file\=/Users/aleks/Library/Developer/Xcode/DerivedData/ModuleCache.noindex/Session.modulevalidation -fmodules-validate-once-per-build-session -Wnon-modular-include-in-framework-module -Werror\=non-modular-include-in-framework-module -Wno-trigraphs -Wno-missing-field-initializers -Wno-missing-prototypes -Wno-return-type -Wno-implicit-atomic-properties -Wno-objc-interface-ivars -Wno-arc-repeated-use-of-weak -Wno-missing-braces -Wparentheses -Wswitch -Wno-unused-function -Wno-unused-label -Wno-unused-parameter -Wno-unused-variable -Wunused-value -Wno-empty-body -Wno-uninitialized -Wno-unknown-pragmas -w -Wno-shadow -Wno-four-char-constants -Wno-conversion -Wno-constant-conversion -Wno-int-conversion -Wno-bool-conversion -Wno-enum-conversion -Wno-float-conversion -Wno-non-literal-null-conversion -Wno-objc-literal-conversion -Wshorten-64-to-32 -Wpointer-sign -Wno-newline-eof -Wno-selector -Wno-strict-selector-match -Wno-undeclared-selector -Wno-deprecated-implementations -Wno-implicit-fallthrough -fstrict-aliasing -Wprotocol -Wdeprecated-declarations -Wno-sign-conversion -Wno-infinite-recursion -Wno-comma -Wno-block-capture-autoreleasing -Wno-strict-prototypes -Wno-semicolon-before-method-body -index-store-path /Users/aleks/Library/Developer/Xcode/DerivedData/PlanItApp-gkehojshtcbfvhersqwajfujohau/Index.noindex/DataStore @/Users/aleks/Library/Developer/Xcode/DerivedData/PlanItApp-gkehojshtcbfvhersqwajfujohau/Build/Intermediates.noindex/AppCheck.build/Debug-iphonesimulator/AppCheckCore.build/Objects-normal/arm64/e6072d4f65d7061329687fe24e3d63a7-common-args.resp -MMD -MT dependencies -MF /Users/aleks/Library/Developer/Xcode/DerivedData/PlanItApp-gkehojshtcbfvhersqwajfujohau/Build/Intermediates.noindex/AppCheck.build/Debug-iphonesimulator/AppCheckCore.build/Objects-normal/arm64/GACURLSessionDataResponse.d --serialize-diagnostics /Users/aleks/Library/Developer/Xcode/DerivedData/PlanItApp-gkehojshtcbfvhersqwajfujohau/Build/Intermediates.noindex/AppCheck.build/Debug-iphonesimulator/AppCheckCore.build/Objects-normal/arm64/GACURLSessionDataResponse.dia -c /Users/aleks/Library/Developer/Xcode/DerivedData/PlanItApp-gkehojshtcbfvhersqwajfujohau/SourcePackages/checkouts/app-check/AppCheckCore/Sources/Core/APIService/GACURLSessionDataResponse.m -o /Users/aleks/Library/Developer/Xcode/DerivedData/PlanItApp-gkehojshtcbfvhersqwajfujohau/Build/Intermediates.noindex/AppCheck.build/Debug-iphonesimulator/AppCheckCore.build/Objects-normal/arm64/GACURLSessionDataResponse.o -index-unit-output-path /AppCheck.build/Debug-iphonesimulator/AppCheckCore.build/Objects-normal/arm64/GACURLSessionDataResponse.o

ScanDependencies /Users/aleks/Library/Developer/Xcode/DerivedData/PlanItApp-gkehojshtcbfvhersqwajfujohau/Build/Intermediates.noindex/AppCheck.build/Debug-iphonesimulator/AppCheckCore.build/Objects-normal/arm64/GACDeviceCheckProvider.o /Users/aleks/Library/Developer/Xcode/DerivedData/PlanItApp-gkehojshtcbfvhersqwajfujohau/SourcePackages/checkouts/app-check/AppCheckCore/Sources/DeviceCheckProvider/GACDeviceCheckProvider.m normal arm64 objective-c com.apple.compilers.llvm.clang.1_0.compiler (in target 'AppCheckCore' from project 'AppCheck')
    cd /Users/aleks/Desktop/PlanItApp/PlanItApp.xcodeproj
    
    Using response file: /Users/aleks/Library/Developer/Xcode/DerivedData/PlanItApp-gkehojshtcbfvhersqwajfujohau/Build/Intermediates.noindex/AppCheck.build/Debug-iphonesimulator/AppCheckCore.build/Objects-normal/arm64/e6072d4f65d7061329687fe24e3d63a7-common-args.resp
    
    builtin-ScanDependencies -o /Users/aleks/Library/Developer/Xcode/DerivedData/PlanItApp-gkehojshtcbfvhersqwajfujohau/Build/Intermediates.noindex/AppCheck.build/Debug-iphonesimulator/AppCheckCore.build/Objects-normal/arm64/GACDeviceCheckProvider.o.scan -- /Applications/Xcode.app/Contents/Developer/Toolchains/XcodeDefault.xctoolchain/usr/bin/clang -x objective-c -ivfsstatcache /Users/aleks/Library/Developer/Xcode/DerivedData/SDKStatCaches.noindex/iphonesimulator18.5-22F76-d5fc8ad4295d2ef488fb7d0f804ce0c4.sdkstatcache -fmessage-length\=0 -fdiagnostics-show-note-include-stack -fmacro-backtrace-limit\=0 -fno-color-diagnostics -fmodules-prune-interval\=86400 -fmodules-prune-after\=345600 -fbuild-session-file\=/Users/aleks/Library/Developer/Xcode/DerivedData/ModuleCache.noindex/Session.modulevalidation -fmodules-validate-once-per-build-session -Wnon-modular-include-in-framework-module -Werror\=non-modular-include-in-framework-module -Wno-trigraphs -Wno-missing-field-initializers -Wno-missing-prototypes -Wno-return-type -Wno-implicit-atomic-properties -Wno-objc-interface-ivars -Wno-arc-repeated-use-of-weak -Wno-missing-braces -Wparentheses -Wswitch -Wno-unused-function -Wno-unused-label -Wno-unused-parameter -Wno-unused-variable -Wunused-value -Wno-empty-body -Wno-uninitialized -Wno-unknown-pragmas -w -Wno-shadow -Wno-four-char-constants -Wno-conversion -Wno-constant-conversion -Wno-int-conversion -Wno-bool-conversion -Wno-enum-conversion -Wno-float-conversion -Wno-non-literal-null-conversion -Wno-objc-literal-conversion -Wshorten-64-to-32 -Wpointer-sign -Wno-newline-eof -Wno-selector -Wno-strict-selector-match -Wno-undeclared-selector -Wno-deprecated-implementations -Wno-implicit-fallthrough -fstrict-aliasing -Wprotocol -Wdeprecated-declarations -Wno-sign-conversion -Wno-infinite-recursion -Wno-comma -Wno-block-capture-autoreleasing -Wno-strict-prototypes -Wno-semicolon-before-method-body -index-store-path /Users/aleks/Library/Developer/Xcode/DerivedData/PlanItApp-gkehojshtcbfvhersqwajfujohau/Index.noindex/DataStore @/Users/aleks/Library/Developer/Xcode/DerivedData/PlanItApp-gkehojshtcbfvhersqwajfujohau/Build/Intermediates.noindex/AppCheck.build/Debug-iphonesimulator/AppCheckCore.build/Objects-normal/arm64/e6072d4f65d7061329687fe24e3d63a7-common-args.resp -MMD -MT dependencies -MF /Users/aleks/Library/Developer/Xcode/DerivedData/PlanItApp-gkehojshtcbfvhersqwajfujohau/Build/Intermediates.noindex/AppCheck.build/Debug-iphonesimulator/AppCheckCore.build/Objects-normal/arm64/GACDeviceCheckProvider.d --serialize-diagnostics /Users/aleks/Library/Developer/Xcode/DerivedData/PlanItApp-gkehojshtcbfvhersqwajfujohau/Build/Intermediates.noindex/AppCheck.build/Debug-iphonesimulator/AppCheckCore.build/Objects-normal/arm64/GACDeviceCheckProvider.dia -c /Users/aleks/Library/Developer/Xcode/DerivedData/PlanItApp-gkehojshtcbfvhersqwajfujohau/SourcePackages/checkouts/app-check/AppCheckCore/Sources/DeviceCheckProvider/GACDeviceCheckProvider.m -o /Users/aleks/Library/Developer/Xcode/DerivedData/PlanItApp-gkehojshtcbfvhersqwajfujohau/Build/Intermediates.noindex/AppCheck.build/Debug-iphonesimulator/AppCheckCore.build/Objects-normal/arm64/GACDeviceCheckProvider.o -index-unit-output-path /AppCheck.build/Debug-iphonesimulator/AppCheckCore.build/Objects-normal/arm64/GACDeviceCheckProvider.o

ScanDependencies /Users/aleks/Library/Developer/Xcode/DerivedData/PlanItApp-gkehojshtcbfvhersqwajfujohau/Build/Intermediates.noindex/AppCheck.build/Debug-iphonesimulator/AppCheckCore.build/Objects-normal/arm64/GACDeviceCheckAPIService.o /Users/aleks/Library/Developer/Xcode/DerivedData/PlanItApp-gkehojshtcbfvhersqwajfujohau/SourcePackages/checkouts/app-check/AppCheckCore/Sources/DeviceCheckProvider/API/GACDeviceCheckAPIService.m normal arm64 objective-c com.apple.compilers.llvm.clang.1_0.compiler (in target 'AppCheckCore' from project 'AppCheck')
    cd /Users/aleks/Desktop/PlanItApp/PlanItApp.xcodeproj
    
    Using response file: /Users/aleks/Library/Developer/Xcode/DerivedData/PlanItApp-gkehojshtcbfvhersqwajfujohau/Build/Intermediates.noindex/AppCheck.build/Debug-iphonesimulator/AppCheckCore.build/Objects-normal/arm64/e6072d4f65d7061329687fe24e3d63a7-common-args.resp
    
    builtin-ScanDependencies -o /Users/aleks/Library/Developer/Xcode/DerivedData/PlanItApp-gkehojshtcbfvhersqwajfujohau/Build/Intermediates.noindex/AppCheck.build/Debug-iphonesimulator/AppCheckCore.build/Objects-normal/arm64/GACDeviceCheckAPIService.o.scan -- /Applications/Xcode.app/Contents/Developer/Toolchains/XcodeDefault.xctoolchain/usr/bin/clang -x objective-c -ivfsstatcache /Users/aleks/Library/Developer/Xcode/DerivedData/SDKStatCaches.noindex/iphonesimulator18.5-22F76-d5fc8ad4295d2ef488fb7d0f804ce0c4.sdkstatcache -fmessage-length\=0 -fdiagnostics-show-note-include-stack -fmacro-backtrace-limit\=0 -fno-color-diagnostics -fmodules-prune-interval\=86400 -fmodules-prune-after\=345600 -fbuild-session-file\=/Users/aleks/Library/Developer/Xcode/DerivedData/ModuleCache.noindex/Session.modulevalidation -fmodules-validate-once-per-build-session -Wnon-modular-include-in-framework-module -Werror\=non-modular-include-in-framework-module -Wno-trigraphs -Wno-missing-field-initializers -Wno-missing-prototypes -Wno-return-type -Wno-implicit-atomic-properties -Wno-objc-interface-ivars -Wno-arc-repeated-use-of-weak -Wno-missing-braces -Wparentheses -Wswitch -Wno-unused-function -Wno-unused-label -Wno-unused-parameter -Wno-unused-variable -Wunused-value -Wno-empty-body -Wno-uninitialized -Wno-unknown-pragmas -w -Wno-shadow -Wno-four-char-constants -Wno-conversion -Wno-constant-conversion -Wno-int-conversion -Wno-bool-conversion -Wno-enum-conversion -Wno-float-conversion -Wno-non-literal-null-conversion -Wno-objc-literal-conversion -Wshorten-64-to-32 -Wpointer-sign -Wno-newline-eof -Wno-selector -Wno-strict-selector-match -Wno-undeclared-selector -Wno-deprecated-implementations -Wno-implicit-fallthrough -fstrict-aliasing -Wprotocol -Wdeprecated-declarations -Wno-sign-conversion -Wno-infinite-recursion -Wno-comma -Wno-block-capture-autoreleasing -Wno-strict-prototypes -Wno-semicolon-before-method-body -index-store-path /Users/aleks/Library/Developer/Xcode/DerivedData/PlanItApp-gkehojshtcbfvhersqwajfujohau/Index.noindex/DataStore @/Users/aleks/Library/Developer/Xcode/DerivedData/PlanItApp-gkehojshtcbfvhersqwajfujohau/Build/Intermediates.noindex/AppCheck.build/Debug-iphonesimulator/AppCheckCore.build/Objects-normal/arm64/e6072d4f65d7061329687fe24e3d63a7-common-args.resp -MMD -MT dependencies -MF /Users/aleks/Library/Developer/Xcode/DerivedData/PlanItApp-gkehojshtcbfvhersqwajfujohau/Build/Intermediates.noindex/AppCheck.build/Debug-iphonesimulator/AppCheckCore.build/Objects-normal/arm64/GACDeviceCheckAPIService.d --serialize-diagnostics /Users/aleks/Library/Developer/Xcode/DerivedData/PlanItApp-gkehojshtcbfvhersqwajfujohau/Build/Intermediates.noindex/AppCheck.build/Debug-iphonesimulator/AppCheckCore.build/Objects-normal/arm64/GACDeviceCheckAPIService.dia -c /Users/aleks/Library/Developer/Xcode/DerivedData/PlanItApp-gkehojshtcbfvhersqwajfujohau/SourcePackages/checkouts/app-check/AppCheckCore/Sources/DeviceCheckProvider/API/GACDeviceCheckAPIService.m -o /Users/aleks/Library/Developer/Xcode/DerivedData/PlanItApp-gkehojshtcbfvhersqwajfujohau/Build/Intermediates.noindex/AppCheck.build/Debug-iphonesimulator/AppCheckCore.build/Objects-normal/arm64/GACDeviceCheckAPIService.o -index-unit-output-path /AppCheck.build/Debug-iphonesimulator/AppCheckCore.build/Objects-normal/arm64/GACDeviceCheckAPIService.o

ScanDependencies /Users/aleks/Library/Developer/Xcode/DerivedData/PlanItApp-gkehojshtcbfvhersqwajfujohau/Build/Intermediates.noindex/AppCheck.build/Debug-iphonesimulator/AppCheckCore.build/Objects-normal/arm64/GACAppCheckTokenResult.o /Users/aleks/Library/Developer/Xcode/DerivedData/PlanItApp-gkehojshtcbfvhersqwajfujohau/SourcePackages/checkouts/app-check/AppCheckCore/Sources/Core/GACAppCheckTokenResult.m normal arm64 objective-c com.apple.compilers.llvm.clang.1_0.compiler (in target 'AppCheckCore' from project 'AppCheck')
    cd /Users/aleks/Desktop/PlanItApp/PlanItApp.xcodeproj
    
    Using response file: /Users/aleks/Library/Developer/Xcode/DerivedData/PlanItApp-gkehojshtcbfvhersqwajfujohau/Build/Intermediates.noindex/AppCheck.build/Debug-iphonesimulator/AppCheckCore.build/Objects-normal/arm64/e6072d4f65d7061329687fe24e3d63a7-common-args.resp
    
    builtin-ScanDependencies -o /Users/aleks/Library/Developer/Xcode/DerivedData/PlanItApp-gkehojshtcbfvhersqwajfujohau/Build/Intermediates.noindex/AppCheck.build/Debug-iphonesimulator/AppCheckCore.build/Objects-normal/arm64/GACAppCheckTokenResult.o.scan -- /Applications/Xcode.app/Contents/Developer/Toolchains/XcodeDefault.xctoolchain/usr/bin/clang -x objective-c -ivfsstatcache /Users/aleks/Library/Developer/Xcode/DerivedData/SDKStatCaches.noindex/iphonesimulator18.5-22F76-d5fc8ad4295d2ef488fb7d0f804ce0c4.sdkstatcache -fmessage-length\=0 -fdiagnostics-show-note-include-stack -fmacro-backtrace-limit\=0 -fno-color-diagnostics -fmodules-prune-interval\=86400 -fmodules-prune-after\=345600 -fbuild-session-file\=/Users/aleks/Library/Developer/Xcode/DerivedData/ModuleCache.noindex/Session.modulevalidation -fmodules-validate-once-per-build-session -Wnon-modular-include-in-framework-module -Werror\=non-modular-include-in-framework-module -Wno-trigraphs -Wno-missing-field-initializers -Wno-missing-prototypes -Wno-return-type -Wno-implicit-atomic-properties -Wno-objc-interface-ivars -Wno-arc-repeated-use-of-weak -Wno-missing-braces -Wparentheses -Wswitch -Wno-unused-function -Wno-unused-label -Wno-unused-parameter -Wno-unused-variable -Wunused-value -Wno-empty-body -Wno-uninitialized -Wno-unknown-pragmas -w -Wno-shadow -Wno-four-char-constants -Wno-conversion -Wno-constant-conversion -Wno-int-conversion -Wno-bool-conversion -Wno-enum-conversion -Wno-float-conversion -Wno-non-literal-null-conversion -Wno-objc-literal-conversion -Wshorten-64-to-32 -Wpointer-sign -Wno-newline-eof -Wno-selector -Wno-strict-selector-match -Wno-undeclared-selector -Wno-deprecated-implementations -Wno-implicit-fallthrough -fstrict-aliasing -Wprotocol -Wdeprecated-declarations -Wno-sign-conversion -Wno-infinite-recursion -Wno-comma -Wno-block-capture-autoreleasing -Wno-strict-prototypes -Wno-semicolon-before-method-body -index-store-path /Users/aleks/Library/Developer/Xcode/DerivedData/PlanItApp-gkehojshtcbfvhersqwajfujohau/Index.noindex/DataStore @/Users/aleks/Library/Developer/Xcode/DerivedData/PlanItApp-gkehojshtcbfvhersqwajfujohau/Build/Intermediates.noindex/AppCheck.build/Debug-iphonesimulator/AppCheckCore.build/Objects-normal/arm64/e6072d4f65d7061329687fe24e3d63a7-common-args.resp -MMD -MT dependencies -MF /Users/aleks/Library/Developer/Xcode/DerivedData/PlanItApp-gkehojshtcbfvhersqwajfujohau/Build/Intermediates.noindex/AppCheck.build/Debug-iphonesimulator/AppCheckCore.build/Objects-normal/arm64/GACAppCheckTokenResult.d --serialize-diagnostics /Users/aleks/Library/Developer/Xcode/DerivedData/PlanItApp-gkehojshtcbfvhersqwajfujohau/Build/Intermediates.noindex/AppCheck.build/Debug-iphonesimulator/AppCheckCore.build/Objects-normal/arm64/GACAppCheckTokenResult.dia -c /Users/aleks/Library/Developer/Xcode/DerivedData/PlanItApp-gkehojshtcbfvhersqwajfujohau/SourcePackages/checkouts/app-check/AppCheckCore/Sources/Core/GACAppCheckTokenResult.m -o /Users/aleks/Library/Developer/Xcode/DerivedData/PlanItApp-gkehojshtcbfvhersqwajfujohau/Build/Intermediates.noindex/AppCheck.build/Debug-iphonesimulator/AppCheckCore.build/Objects-normal/arm64/GACAppCheckTokenResult.o -index-unit-output-path /AppCheck.build/Debug-iphonesimulator/AppCheckCore.build/Objects-normal/arm64/GACAppCheckTokenResult.o

ScanDependencies /Users/aleks/Library/Developer/Xcode/DerivedData/PlanItApp-gkehojshtcbfvhersqwajfujohau/Build/Intermediates.noindex/AppCheck.build/Debug-iphonesimulator/AppCheckCore.build/Objects-normal/arm64/GACAppCheckTokenRefresher.o /Users/aleks/Library/Developer/Xcode/DerivedData/PlanItApp-gkehojshtcbfvhersqwajfujohau/SourcePackages/checkouts/app-check/AppCheckCore/Sources/Core/TokenRefresh/GACAppCheckTokenRefresher.m normal arm64 objective-c com.apple.compilers.llvm.clang.1_0.compiler (in target 'AppCheckCore' from project 'AppCheck')
    cd /Users/aleks/Desktop/PlanItApp/PlanItApp.xcodeproj
    
    Using response file: /Users/aleks/Library/Developer/Xcode/DerivedData/PlanItApp-gkehojshtcbfvhersqwajfujohau/Build/Intermediates.noindex/AppCheck.build/Debug-iphonesimulator/AppCheckCore.build/Objects-normal/arm64/e6072d4f65d7061329687fe24e3d63a7-common-args.resp
    
    builtin-ScanDependencies -o /Users/aleks/Library/Developer/Xcode/DerivedData/PlanItApp-gkehojshtcbfvhersqwajfujohau/Build/Intermediates.noindex/AppCheck.build/Debug-iphonesimulator/AppCheckCore.build/Objects-normal/arm64/GACAppCheckTokenRefresher.o.scan -- /Applications/Xcode.app/Contents/Developer/Toolchains/XcodeDefault.xctoolchain/usr/bin/clang -x objective-c -ivfsstatcache /Users/aleks/Library/Developer/Xcode/DerivedData/SDKStatCaches.noindex/iphonesimulator18.5-22F76-d5fc8ad4295d2ef488fb7d0f804ce0c4.sdkstatcache -fmessage-length\=0 -fdiagnostics-show-note-include-stack -fmacro-backtrace-limit\=0 -fno-color-diagnostics -fmodules-prune-interval\=86400 -fmodules-prune-after\=345600 -fbuild-session-file\=/Users/aleks/Library/Developer/Xcode/DerivedData/ModuleCache.noindex/Session.modulevalidation -fmodules-validate-once-per-build-session -Wnon-modular-include-in-framework-module -Werror\=non-modular-include-in-framework-module -Wno-trigraphs -Wno-missing-field-initializers -Wno-missing-prototypes -Wno-return-type -Wno-implicit-atomic-properties -Wno-objc-interface-ivars -Wno-arc-repeated-use-of-weak -Wno-missing-braces -Wparentheses -Wswitch -Wno-unused-function -Wno-unused-label -Wno-unused-parameter -Wno-unused-variable -Wunused-value -Wno-empty-body -Wno-uninitialized -Wno-unknown-pragmas -w -Wno-shadow -Wno-four-char-constants -Wno-conversion -Wno-constant-conversion -Wno-int-conversion -Wno-bool-conversion -Wno-enum-conversion -Wno-float-conversion -Wno-non-literal-null-conversion -Wno-objc-literal-conversion -Wshorten-64-to-32 -Wpointer-sign -Wno-newline-eof -Wno-selector -Wno-strict-selector-match -Wno-undeclared-selector -Wno-deprecated-implementations -Wno-implicit-fallthrough -fstrict-aliasing -Wprotocol -Wdeprecated-declarations -Wno-sign-conversion -Wno-infinite-recursion -Wno-comma -Wno-block-capture-autoreleasing -Wno-strict-prototypes -Wno-semicolon-before-method-body -index-store-path /Users/aleks/Library/Developer/Xcode/DerivedData/PlanItApp-gkehojshtcbfvhersqwajfujohau/Index.noindex/DataStore @/Users/aleks/Library/Developer/Xcode/DerivedData/PlanItApp-gkehojshtcbfvhersqwajfujohau/Build/Intermediates.noindex/AppCheck.build/Debug-iphonesimulator/AppCheckCore.build/Objects-normal/arm64/e6072d4f65d7061329687fe24e3d63a7-common-args.resp -MMD -MT dependencies -MF /Users/aleks/Library/Developer/Xcode/DerivedData/PlanItApp-gkehojshtcbfvhersqwajfujohau/Build/Intermediates.noindex/AppCheck.build/Debug-iphonesimulator/AppCheckCore.build/Objects-normal/arm64/GACAppCheckTokenRefresher.d --serialize-diagnostics /Users/aleks/Library/Developer/Xcode/DerivedData/PlanItApp-gkehojshtcbfvhersqwajfujohau/Build/Intermediates.noindex/AppCheck.build/Debug-iphonesimulator/AppCheckCore.build/Objects-normal/arm64/GACAppCheckTokenRefresher.dia -c /Users/aleks/Library/Developer/Xcode/DerivedData/PlanItApp-gkehojshtcbfvhersqwajfujohau/SourcePackages/checkouts/app-check/AppCheckCore/Sources/Core/TokenRefresh/GACAppCheckTokenRefresher.m -o /Users/aleks/Library/Developer/Xcode/DerivedData/PlanItApp-gkehojshtcbfvhersqwajfujohau/Build/Intermediates.noindex/AppCheck.build/Debug-iphonesimulator/AppCheckCore.build/Objects-normal/arm64/GACAppCheckTokenRefresher.o -index-unit-output-path /AppCheck.build/Debug-iphonesimulator/AppCheckCore.build/Objects-normal/arm64/GACAppCheckTokenRefresher.o

ScanDependencies /Users/aleks/Library/Developer/Xcode/DerivedData/PlanItApp-gkehojshtcbfvhersqwajfujohau/Build/Intermediates.noindex/AppCheck.build/Debug-iphonesimulator/AppCheckCore.build/Objects-normal/arm64/GACAppCheckTokenRefreshResult.o /Users/aleks/Library/Developer/Xcode/DerivedData/PlanItApp-gkehojshtcbfvhersqwajfujohau/SourcePackages/checkouts/app-check/AppCheckCore/Sources/Core/TokenRefresh/GACAppCheckTokenRefreshResult.m normal arm64 objective-c com.apple.compilers.llvm.clang.1_0.compiler (in target 'AppCheckCore' from project 'AppCheck')
    cd /Users/aleks/Desktop/PlanItApp/PlanItApp.xcodeproj
    
    Using response file: /Users/aleks/Library/Developer/Xcode/DerivedData/PlanItApp-gkehojshtcbfvhersqwajfujohau/Build/Intermediates.noindex/AppCheck.build/Debug-iphonesimulator/AppCheckCore.build/Objects-normal/arm64/e6072d4f65d7061329687fe24e3d63a7-common-args.resp
    
    builtin-ScanDependencies -o /Users/aleks/Library/Developer/Xcode/DerivedData/PlanItApp-gkehojshtcbfvhersqwajfujohau/Build/Intermediates.noindex/AppCheck.build/Debug-iphonesimulator/AppCheckCore.build/Objects-normal/arm64/GACAppCheckTokenRefreshResult.o.scan -- /Applications/Xcode.app/Contents/Developer/Toolchains/XcodeDefault.xctoolchain/usr/bin/clang -x objective-c -ivfsstatcache /Users/aleks/Library/Developer/Xcode/DerivedData/SDKStatCaches.noindex/iphonesimulator18.5-22F76-d5fc8ad4295d2ef488fb7d0f804ce0c4.sdkstatcache -fmessage-length\=0 -fdiagnostics-show-note-include-stack -fmacro-backtrace-limit\=0 -fno-color-diagnostics -fmodules-prune-interval\=86400 -fmodules-prune-after\=345600 -fbuild-session-file\=/Users/aleks/Library/Developer/Xcode/DerivedData/ModuleCache.noindex/Session.modulevalidation -fmodules-validate-once-per-build-session -Wnon-modular-include-in-framework-module -Werror\=non-modular-include-in-framework-module -Wno-trigraphs -Wno-missing-field-initializers -Wno-missing-prototypes -Wno-return-type -Wno-implicit-atomic-properties -Wno-objc-interface-ivars -Wno-arc-repeated-use-of-weak -Wno-missing-braces -Wparentheses -Wswitch -Wno-unused-function -Wno-unused-label -Wno-unused-parameter -Wno-unused-variable -Wunused-value -Wno-empty-body -Wno-uninitialized -Wno-unknown-pragmas -w -Wno-shadow -Wno-four-char-constants -Wno-conversion -Wno-constant-conversion -Wno-int-conversion -Wno-bool-conversion -Wno-enum-conversion -Wno-float-conversion -Wno-non-literal-null-conversion -Wno-objc-literal-conversion -Wshorten-64-to-32 -Wpointer-sign -Wno-newline-eof -Wno-selector -Wno-strict-selector-match -Wno-undeclared-selector -Wno-deprecated-implementations -Wno-implicit-fallthrough -fstrict-aliasing -Wprotocol -Wdeprecated-declarations -Wno-sign-conversion -Wno-infinite-recursion -Wno-comma -Wno-block-capture-autoreleasing -Wno-strict-prototypes -Wno-semicolon-before-method-body -index-store-path /Users/aleks/Library/Developer/Xcode/DerivedData/PlanItApp-gkehojshtcbfvhersqwajfujohau/Index.noindex/DataStore @/Users/aleks/Library/Developer/Xcode/DerivedData/PlanItApp-gkehojshtcbfvhersqwajfujohau/Build/Intermediates.noindex/AppCheck.build/Debug-iphonesimulator/AppCheckCore.build/Objects-normal/arm64/e6072d4f65d7061329687fe24e3d63a7-common-args.resp -MMD -MT dependencies -MF /Users/aleks/Library/Developer/Xcode/DerivedData/PlanItApp-gkehojshtcbfvhersqwajfujohau/Build/Intermediates.noindex/AppCheck.build/Debug-iphonesimulator/AppCheckCore.build/Objects-normal/arm64/GACAppCheckTokenRefreshResult.d --serialize-diagnostics /Users/aleks/Library/Developer/Xcode/DerivedData/PlanItApp-gkehojshtcbfvhersqwajfujohau/Build/Intermediates.noindex/AppCheck.build/Debug-iphonesimulator/AppCheckCore.build/Objects-normal/arm64/GACAppCheckTokenRefreshResult.dia -c /Users/aleks/Library/Developer/Xcode/DerivedData/PlanItApp-gkehojshtcbfvhersqwajfujohau/SourcePackages/checkouts/app-check/AppCheckCore/Sources/Core/TokenRefresh/GACAppCheckTokenRefreshResult.m -o /Users/aleks/Library/Developer/Xcode/DerivedData/PlanItApp-gkehojshtcbfvhersqwajfujohau/Build/Intermediates.noindex/AppCheck.build/Debug-iphonesimulator/AppCheckCore.build/Objects-normal/arm64/GACAppCheckTokenRefreshResult.o -index-unit-output-path /AppCheck.build/Debug-iphonesimulator/AppCheckCore.build/Objects-normal/arm64/GACAppCheckTokenRefreshResult.o

ScanDependencies /Users/aleks/Library/Developer/Xcode/DerivedData/PlanItApp-gkehojshtcbfvhersqwajfujohau/Build/Intermediates.noindex/AppCheck.build/Debug-iphonesimulator/AppCheckCore.build/Objects-normal/arm64/GACAppCheckToken.o /Users/aleks/Library/Developer/Xcode/DerivedData/PlanItApp-gkehojshtcbfvhersqwajfujohau/SourcePackages/checkouts/app-check/AppCheckCore/Sources/Core/GACAppCheckToken.m normal arm64 objective-c com.apple.compilers.llvm.clang.1_0.compiler (in target 'AppCheckCore' from project 'AppCheck')
    cd /Users/aleks/Desktop/PlanItApp/PlanItApp.xcodeproj
    
    Using response file: /Users/aleks/Library/Developer/Xcode/DerivedData/PlanItApp-gkehojshtcbfvhersqwajfujohau/Build/Intermediates.noindex/AppCheck.build/Debug-iphonesimulator/AppCheckCore.build/Objects-normal/arm64/e6072d4f65d7061329687fe24e3d63a7-common-args.resp
    
    builtin-ScanDependencies -o /Users/aleks/Library/Developer/Xcode/DerivedData/PlanItApp-gkehojshtcbfvhersqwajfujohau/Build/Intermediates.noindex/AppCheck.build/Debug-iphonesimulator/AppCheckCore.build/Objects-normal/arm64/GACAppCheckToken.o.scan -- /Applications/Xcode.app/Contents/Developer/Toolchains/XcodeDefault.xctoolchain/usr/bin/clang -x objective-c -ivfsstatcache /Users/aleks/Library/Developer/Xcode/DerivedData/SDKStatCaches.noindex/iphonesimulator18.5-22F76-d5fc8ad4295d2ef488fb7d0f804ce0c4.sdkstatcache -fmessage-length\=0 -fdiagnostics-show-note-include-stack -fmacro-backtrace-limit\=0 -fno-color-diagnostics -fmodules-prune-interval\=86400 -fmodules-prune-after\=345600 -fbuild-session-file\=/Users/aleks/Library/Developer/Xcode/DerivedData/ModuleCache.noindex/Session.modulevalidation -fmodules-validate-once-per-build-session -Wnon-modular-include-in-framework-module -Werror\=non-modular-include-in-framework-module -Wno-trigraphs -Wno-missing-field-initializers -Wno-missing-prototypes -Wno-return-type -Wno-implicit-atomic-properties -Wno-objc-interface-ivars -Wno-arc-repeated-use-of-weak -Wno-missing-braces -Wparentheses -Wswitch -Wno-unused-function -Wno-unused-label -Wno-unused-parameter -Wno-unused-variable -Wunused-value -Wno-empty-body -Wno-uninitialized -Wno-unknown-pragmas -w -Wno-shadow -Wno-four-char-constants -Wno-conversion -Wno-constant-conversion -Wno-int-conversion -Wno-bool-conversion -Wno-enum-conversion -Wno-float-conversion -Wno-non-literal-null-conversion -Wno-objc-literal-conversion -Wshorten-64-to-32 -Wpointer-sign -Wno-newline-eof -Wno-selector -Wno-strict-selector-match -Wno-undeclared-selector -Wno-deprecated-implementations -Wno-implicit-fallthrough -fstrict-aliasing -Wprotocol -Wdeprecated-declarations -Wno-sign-conversion -Wno-infinite-recursion -Wno-comma -Wno-block-capture-autoreleasing -Wno-strict-prototypes -Wno-semicolon-before-method-body -index-store-path /Users/aleks/Library/Developer/Xcode/DerivedData/PlanItApp-gkehojshtcbfvhersqwajfujohau/Index.noindex/DataStore @/Users/aleks/Library/Developer/Xcode/DerivedData/PlanItApp-gkehojshtcbfvhersqwajfujohau/Build/Intermediates.noindex/AppCheck.build/Debug-iphonesimulator/AppCheckCore.build/Objects-normal/arm64/e6072d4f65d7061329687fe24e3d63a7-common-args.resp -MMD -MT dependencies -MF /Users/aleks/Library/Developer/Xcode/DerivedData/PlanItApp-gkehojshtcbfvhersqwajfujohau/Build/Intermediates.noindex/AppCheck.build/Debug-iphonesimulator/AppCheckCore.build/Objects-normal/arm64/GACAppCheckToken.d --serialize-diagnostics /Users/aleks/Library/Developer/Xcode/DerivedData/PlanItApp-gkehojshtcbfvhersqwajfujohau/Build/Intermediates.noindex/AppCheck.build/Debug-iphonesimulator/AppCheckCore.build/Objects-normal/arm64/GACAppCheckToken.dia -c /Users/aleks/Library/Developer/Xcode/DerivedData/PlanItApp-gkehojshtcbfvhersqwajfujohau/SourcePackages/checkouts/app-check/AppCheckCore/Sources/Core/GACAppCheckToken.m -o /Users/aleks/Library/Developer/Xcode/DerivedData/PlanItApp-gkehojshtcbfvhersqwajfujohau/Build/Intermediates.noindex/AppCheck.build/Debug-iphonesimulator/AppCheckCore.build/Objects-normal/arm64/GACAppCheckToken.o -index-unit-output-path /AppCheck.build/Debug-iphonesimulator/AppCheckCore.build/Objects-normal/arm64/GACAppCheckToken.o

ScanDependencies /Users/aleks/Library/Developer/Xcode/DerivedData/PlanItApp-gkehojshtcbfvhersqwajfujohau/Build/Intermediates.noindex/AppCheck.build/Debug-iphonesimulator/AppCheckCore.build/Objects-normal/arm64/GACAppCheckToken+APIResponse.o /Users/aleks/Library/Developer/Xcode/DerivedData/PlanItApp-gkehojshtcbfvhersqwajfujohau/SourcePackages/checkouts/app-check/AppCheckCore/Sources/Core/APIService/GACAppCheckToken+APIResponse.m normal arm64 objective-c com.apple.compilers.llvm.clang.1_0.compiler (in target 'AppCheckCore' from project 'AppCheck')
    cd /Users/aleks/Desktop/PlanItApp/PlanItApp.xcodeproj
    
    Using response file: /Users/aleks/Library/Developer/Xcode/DerivedData/PlanItApp-gkehojshtcbfvhersqwajfujohau/Build/Intermediates.noindex/AppCheck.build/Debug-iphonesimulator/AppCheckCore.build/Objects-normal/arm64/e6072d4f65d7061329687fe24e3d63a7-common-args.resp
    
    builtin-ScanDependencies -o /Users/aleks/Library/Developer/Xcode/DerivedData/PlanItApp-gkehojshtcbfvhersqwajfujohau/Build/Intermediates.noindex/AppCheck.build/Debug-iphonesimulator/AppCheckCore.build/Objects-normal/arm64/GACAppCheckToken+APIResponse.o.scan -- /Applications/Xcode.app/Contents/Developer/Toolchains/XcodeDefault.xctoolchain/usr/bin/clang -x objective-c -ivfsstatcache /Users/aleks/Library/Developer/Xcode/DerivedData/SDKStatCaches.noindex/iphonesimulator18.5-22F76-d5fc8ad4295d2ef488fb7d0f804ce0c4.sdkstatcache -fmessage-length\=0 -fdiagnostics-show-note-include-stack -fmacro-backtrace-limit\=0 -fno-color-diagnostics -fmodules-prune-interval\=86400 -fmodules-prune-after\=345600 -fbuild-session-file\=/Users/aleks/Library/Developer/Xcode/DerivedData/ModuleCache.noindex/Session.modulevalidation -fmodules-validate-once-per-build-session -Wnon-modular-include-in-framework-module -Werror\=non-modular-include-in-framework-module -Wno-trigraphs -Wno-missing-field-initializers -Wno-missing-prototypes -Wno-return-type -Wno-implicit-atomic-properties -Wno-objc-interface-ivars -Wno-arc-repeated-use-of-weak -Wno-missing-braces -Wparentheses -Wswitch -Wno-unused-function -Wno-unused-label -Wno-unused-parameter -Wno-unused-variable -Wunused-value -Wno-empty-body -Wno-uninitialized -Wno-unknown-pragmas -w -Wno-shadow -Wno-four-char-constants -Wno-conversion -Wno-constant-conversion -Wno-int-conversion -Wno-bool-conversion -Wno-enum-conversion -Wno-float-conversion -Wno-non-literal-null-conversion -Wno-objc-literal-conversion -Wshorten-64-to-32 -Wpointer-sign -Wno-newline-eof -Wno-selector -Wno-strict-selector-match -Wno-undeclared-selector -Wno-deprecated-implementations -Wno-implicit-fallthrough -fstrict-aliasing -Wprotocol -Wdeprecated-declarations -Wno-sign-conversion -Wno-infinite-recursion -Wno-comma -Wno-block-capture-autoreleasing -Wno-strict-prototypes -Wno-semicolon-before-method-body -index-store-path /Users/aleks/Library/Developer/Xcode/DerivedData/PlanItApp-gkehojshtcbfvhersqwajfujohau/Index.noindex/DataStore @/Users/aleks/Library/Developer/Xcode/DerivedData/PlanItApp-gkehojshtcbfvhersqwajfujohau/Build/Intermediates.noindex/AppCheck.build/Debug-iphonesimulator/AppCheckCore.build/Objects-normal/arm64/e6072d4f65d7061329687fe24e3d63a7-common-args.resp -MMD -MT dependencies -MF /Users/aleks/Library/Developer/Xcode/DerivedData/PlanItApp-gkehojshtcbfvhersqwajfujohau/Build/Intermediates.noindex/AppCheck.build/Debug-iphonesimulator/AppCheckCore.build/Objects-normal/arm64/GACAppCheckToken+APIResponse.d --serialize-diagnostics /Users/aleks/Library/Developer/Xcode/DerivedData/PlanItApp-gkehojshtcbfvhersqwajfujohau/Build/Intermediates.noindex/AppCheck.build/Debug-iphonesimulator/AppCheckCore.build/Objects-normal/arm64/GACAppCheckToken+APIResponse.dia -c /Users/aleks/Library/Developer/Xcode/DerivedData/PlanItApp-gkehojshtcbfvhersqwajfujohau/SourcePackages/checkouts/app-check/AppCheckCore/Sources/Core/APIService/GACAppCheckToken+APIResponse.m -o /Users/aleks/Library/Developer/Xcode/DerivedData/PlanItApp-gkehojshtcbfvhersqwajfujohau/Build/Intermediates.noindex/AppCheck.build/Debug-iphonesimulator/AppCheckCore.build/Objects-normal/arm64/GACAppCheckToken+APIResponse.o -index-unit-output-path /AppCheck.build/Debug-iphonesimulator/AppCheckCore.build/Objects-normal/arm64/GACAppCheckToken+APIResponse.o

ScanDependencies /Users/aleks/Library/Developer/Xcode/DerivedData/PlanItApp-gkehojshtcbfvhersqwajfujohau/Build/Intermediates.noindex/AppCheck.build/Debug-iphonesimulator/AppCheckCore.build/Objects-normal/arm64/GACAppCheckTimer.o /Users/aleks/Library/Developer/Xcode/DerivedData/PlanItApp-gkehojshtcbfvhersqwajfujohau/SourcePackages/checkouts/app-check/AppCheckCore/Sources/Core/TokenRefresh/GACAppCheckTimer.m normal arm64 objective-c com.apple.compilers.llvm.clang.1_0.compiler (in target 'AppCheckCore' from project 'AppCheck')
    cd /Users/aleks/Desktop/PlanItApp/PlanItApp.xcodeproj
    
    Using response file: /Users/aleks/Library/Developer/Xcode/DerivedData/PlanItApp-gkehojshtcbfvhersqwajfujohau/Build/Intermediates.noindex/AppCheck.build/Debug-iphonesimulator/AppCheckCore.build/Objects-normal/arm64/e6072d4f65d7061329687fe24e3d63a7-common-args.resp
    
    builtin-ScanDependencies -o /Users/aleks/Library/Developer/Xcode/DerivedData/PlanItApp-gkehojshtcbfvhersqwajfujohau/Build/Intermediates.noindex/AppCheck.build/Debug-iphonesimulator/AppCheckCore.build/Objects-normal/arm64/GACAppCheckTimer.o.scan -- /Applications/Xcode.app/Contents/Developer/Toolchains/XcodeDefault.xctoolchain/usr/bin/clang -x objective-c -ivfsstatcache /Users/aleks/Library/Developer/Xcode/DerivedData/SDKStatCaches.noindex/iphonesimulator18.5-22F76-d5fc8ad4295d2ef488fb7d0f804ce0c4.sdkstatcache -fmessage-length\=0 -fdiagnostics-show-note-include-stack -fmacro-backtrace-limit\=0 -fno-color-diagnostics -fmodules-prune-interval\=86400 -fmodules-prune-after\=345600 -fbuild-session-file\=/Users/aleks/Library/Developer/Xcode/DerivedData/ModuleCache.noindex/Session.modulevalidation -fmodules-validate-once-per-build-session -Wnon-modular-include-in-framework-module -Werror\=non-modular-include-in-framework-module -Wno-trigraphs -Wno-missing-field-initializers -Wno-missing-prototypes -Wno-return-type -Wno-implicit-atomic-properties -Wno-objc-interface-ivars -Wno-arc-repeated-use-of-weak -Wno-missing-braces -Wparentheses -Wswitch -Wno-unused-function -Wno-unused-label -Wno-unused-parameter -Wno-unused-variable -Wunused-value -Wno-empty-body -Wno-uninitialized -Wno-unknown-pragmas -w -Wno-shadow -Wno-four-char-constants -Wno-conversion -Wno-constant-conversion -Wno-int-conversion -Wno-bool-conversion -Wno-enum-conversion -Wno-float-conversion -Wno-non-literal-null-conversion -Wno-objc-literal-conversion -Wshorten-64-to-32 -Wpointer-sign -Wno-newline-eof -Wno-selector -Wno-strict-selector-match -Wno-undeclared-selector -Wno-deprecated-implementations -Wno-implicit-fallthrough -fstrict-aliasing -Wprotocol -Wdeprecated-declarations -Wno-sign-conversion -Wno-infinite-recursion -Wno-comma -Wno-block-capture-autoreleasing -Wno-strict-prototypes -Wno-semicolon-before-method-body -index-store-path /Users/aleks/Library/Developer/Xcode/DerivedData/PlanItApp-gkehojshtcbfvhersqwajfujohau/Index.noindex/DataStore @/Users/aleks/Library/Developer/Xcode/DerivedData/PlanItApp-gkehojshtcbfvhersqwajfujohau/Build/Intermediates.noindex/AppCheck.build/Debug-iphonesimulator/AppCheckCore.build/Objects-normal/arm64/e6072d4f65d7061329687fe24e3d63a7-common-args.resp -MMD -MT dependencies -MF /Users/aleks/Library/Developer/Xcode/DerivedData/PlanItApp-gkehojshtcbfvhersqwajfujohau/Build/Intermediates.noindex/AppCheck.build/Debug-iphonesimulator/AppCheckCore.build/Objects-normal/arm64/GACAppCheckTimer.d --serialize-diagnostics /Users/aleks/Library/Developer/Xcode/DerivedData/PlanItApp-gkehojshtcbfvhersqwajfujohau/Build/Intermediates.noindex/AppCheck.build/Debug-iphonesimulator/AppCheckCore.build/Objects-normal/arm64/GACAppCheckTimer.dia -c /Users/aleks/Library/Developer/Xcode/DerivedData/PlanItApp-gkehojshtcbfvhersqwajfujohau/SourcePackages/checkouts/app-check/AppCheckCore/Sources/Core/TokenRefresh/GACAppCheckTimer.m -o /Users/aleks/Library/Developer/Xcode/DerivedData/PlanItApp-gkehojshtcbfvhersqwajfujohau/Build/Intermediates.noindex/AppCheck.build/Debug-iphonesimulator/AppCheckCore.build/Objects-normal/arm64/GACAppCheckTimer.o -index-unit-output-path /AppCheck.build/Debug-iphonesimulator/AppCheckCore.build/Objects-normal/arm64/GACAppCheckTimer.o

ScanDependencies /Users/aleks/Library/Developer/Xcode/DerivedData/PlanItApp-gkehojshtcbfvhersqwajfujohau/Build/Intermediates.noindex/AppCheck.build/Debug-iphonesimulator/AppCheckCore.build/Objects-normal/arm64/GACAppCheckStoredToken.o /Users/aleks/Library/Developer/Xcode/DerivedData/PlanItApp-gkehojshtcbfvhersqwajfujohau/SourcePackages/checkouts/app-check/AppCheckCore/Sources/Core/Storage/GACAppCheckStoredToken.m normal arm64 objective-c com.apple.compilers.llvm.clang.1_0.compiler (in target 'AppCheckCore' from project 'AppCheck')
    cd /Users/aleks/Desktop/PlanItApp/PlanItApp.xcodeproj
    
    Using response file: /Users/aleks/Library/Developer/Xcode/DerivedData/PlanItApp-gkehojshtcbfvhersqwajfujohau/Build/Intermediates.noindex/AppCheck.build/Debug-iphonesimulator/AppCheckCore.build/Objects-normal/arm64/e6072d4f65d7061329687fe24e3d63a7-common-args.resp
    
    builtin-ScanDependencies -o /Users/aleks/Library/Developer/Xcode/DerivedData/PlanItApp-gkehojshtcbfvhersqwajfujohau/Build/Intermediates.noindex/AppCheck.build/Debug-iphonesimulator/AppCheckCore.build/Objects-normal/arm64/GACAppCheckStoredToken.o.scan -- /Applications/Xcode.app/Contents/Developer/Toolchains/XcodeDefault.xctoolchain/usr/bin/clang -x objective-c -ivfsstatcache /Users/aleks/Library/Developer/Xcode/DerivedData/SDKStatCaches.noindex/iphonesimulator18.5-22F76-d5fc8ad4295d2ef488fb7d0f804ce0c4.sdkstatcache -fmessage-length\=0 -fdiagnostics-show-note-include-stack -fmacro-backtrace-limit\=0 -fno-color-diagnostics -fmodules-prune-interval\=86400 -fmodules-prune-after\=345600 -fbuild-session-file\=/Users/aleks/Library/Developer/Xcode/DerivedData/ModuleCache.noindex/Session.modulevalidation -fmodules-validate-once-per-build-session -Wnon-modular-include-in-framework-module -Werror\=non-modular-include-in-framework-module -Wno-trigraphs -Wno-missing-field-initializers -Wno-missing-prototypes -Wno-return-type -Wno-implicit-atomic-properties -Wno-objc-interface-ivars -Wno-arc-repeated-use-of-weak -Wno-missing-braces -Wparentheses -Wswitch -Wno-unused-function -Wno-unused-label -Wno-unused-parameter -Wno-unused-variable -Wunused-value -Wno-empty-body -Wno-uninitialized -Wno-unknown-pragmas -w -Wno-shadow -Wno-four-char-constants -Wno-conversion -Wno-constant-conversion -Wno-int-conversion -Wno-bool-conversion -Wno-enum-conversion -Wno-float-conversion -Wno-non-literal-null-conversion -Wno-objc-literal-conversion -Wshorten-64-to-32 -Wpointer-sign -Wno-newline-eof -Wno-selector -Wno-strict-selector-match -Wno-undeclared-selector -Wno-deprecated-implementations -Wno-implicit-fallthrough -fstrict-aliasing -Wprotocol -Wdeprecated-declarations -Wno-sign-conversion -Wno-infinite-recursion -Wno-comma -Wno-block-capture-autoreleasing -Wno-strict-prototypes -Wno-semicolon-before-method-body -index-store-path /Users/aleks/Library/Developer/Xcode/DerivedData/PlanItApp-gkehojshtcbfvhersqwajfujohau/Index.noindex/DataStore @/Users/aleks/Library/Developer/Xcode/DerivedData/PlanItApp-gkehojshtcbfvhersqwajfujohau/Build/Intermediates.noindex/AppCheck.build/Debug-iphonesimulator/AppCheckCore.build/Objects-normal/arm64/e6072d4f65d7061329687fe24e3d63a7-common-args.resp -MMD -MT dependencies -MF /Users/aleks/Library/Developer/Xcode/DerivedData/PlanItApp-gkehojshtcbfvhersqwajfujohau/Build/Intermediates.noindex/AppCheck.build/Debug-iphonesimulator/AppCheckCore.build/Objects-normal/arm64/GACAppCheckStoredToken.d --serialize-diagnostics /Users/aleks/Library/Developer/Xcode/DerivedData/PlanItApp-gkehojshtcbfvhersqwajfujohau/Build/Intermediates.noindex/AppCheck.build/Debug-iphonesimulator/AppCheckCore.build/Objects-normal/arm64/GACAppCheckStoredToken.dia -c /Users/aleks/Library/Developer/Xcode/DerivedData/PlanItApp-gkehojshtcbfvhersqwajfujohau/SourcePackages/checkouts/app-check/AppCheckCore/Sources/Core/Storage/GACAppCheckStoredToken.m -o /Users/aleks/Library/Developer/Xcode/DerivedData/PlanItApp-gkehojshtcbfvhersqwajfujohau/Build/Intermediates.noindex/AppCheck.build/Debug-iphonesimulator/AppCheckCore.build/Objects-normal/arm64/GACAppCheckStoredToken.o -index-unit-output-path /AppCheck.build/Debug-iphonesimulator/AppCheckCore.build/Objects-normal/arm64/GACAppCheckStoredToken.o

ScanDependencies /Users/aleks/Library/Developer/Xcode/DerivedData/PlanItApp-gkehojshtcbfvhersqwajfujohau/Build/Intermediates.noindex/AppCheck.build/Debug-iphonesimulator/AppCheckCore.build/Objects-normal/arm64/GACAppCheckStoredToken+GACAppCheckToken.o /Users/aleks/Library/Developer/Xcode/DerivedData/PlanItApp-gkehojshtcbfvhersqwajfujohau/SourcePackages/checkouts/app-check/AppCheckCore/Sources/Core/Storage/GACAppCheckStoredToken+GACAppCheckToken.m normal arm64 objective-c com.apple.compilers.llvm.clang.1_0.compiler (in target 'AppCheckCore' from project 'AppCheck')
    cd /Users/aleks/Desktop/PlanItApp/PlanItApp.xcodeproj
    
    Using response file: /Users/aleks/Library/Developer/Xcode/DerivedData/PlanItApp-gkehojshtcbfvhersqwajfujohau/Build/Intermediates.noindex/AppCheck.build/Debug-iphonesimulator/AppCheckCore.build/Objects-normal/arm64/e6072d4f65d7061329687fe24e3d63a7-common-args.resp
    
    builtin-ScanDependencies -o /Users/aleks/Library/Developer/Xcode/DerivedData/PlanItApp-gkehojshtcbfvhersqwajfujohau/Build/Intermediates.noindex/AppCheck.build/Debug-iphonesimulator/AppCheckCore.build/Objects-normal/arm64/GACAppCheckStoredToken+GACAppCheckToken.o.scan -- /Applications/Xcode.app/Contents/Developer/Toolchains/XcodeDefault.xctoolchain/usr/bin/clang -x objective-c -ivfsstatcache /Users/aleks/Library/Developer/Xcode/DerivedData/SDKStatCaches.noindex/iphonesimulator18.5-22F76-d5fc8ad4295d2ef488fb7d0f804ce0c4.sdkstatcache -fmessage-length\=0 -fdiagnostics-show-note-include-stack -fmacro-backtrace-limit\=0 -fno-color-diagnostics -fmodules-prune-interval\=86400 -fmodules-prune-after\=345600 -fbuild-session-file\=/Users/aleks/Library/Developer/Xcode/DerivedData/ModuleCache.noindex/Session.modulevalidation -fmodules-validate-once-per-build-session -Wnon-modular-include-in-framework-module -Werror\=non-modular-include-in-framework-module -Wno-trigraphs -Wno-missing-field-initializers -Wno-missing-prototypes -Wno-return-type -Wno-implicit-atomic-properties -Wno-objc-interface-ivars -Wno-arc-repeated-use-of-weak -Wno-missing-braces -Wparentheses -Wswitch -Wno-unused-function -Wno-unused-label -Wno-unused-parameter -Wno-unused-variable -Wunused-value -Wno-empty-body -Wno-uninitialized -Wno-unknown-pragmas -w -Wno-shadow -Wno-four-char-constants -Wno-conversion -Wno-constant-conversion -Wno-int-conversion -Wno-bool-conversion -Wno-enum-conversion -Wno-float-conversion -Wno-non-literal-null-conversion -Wno-objc-literal-conversion -Wshorten-64-to-32 -Wpointer-sign -Wno-newline-eof -Wno-selector -Wno-strict-selector-match -Wno-undeclared-selector -Wno-deprecated-implementations -Wno-implicit-fallthrough -fstrict-aliasing -Wprotocol -Wdeprecated-declarations -Wno-sign-conversion -Wno-infinite-recursion -Wno-comma -Wno-block-capture-autoreleasing -Wno-strict-prototypes -Wno-semicolon-before-method-body -index-store-path /Users/aleks/Library/Developer/Xcode/DerivedData/PlanItApp-gkehojshtcbfvhersqwajfujohau/Index.noindex/DataStore @/Users/aleks/Library/Developer/Xcode/DerivedData/PlanItApp-gkehojshtcbfvhersqwajfujohau/Build/Intermediates.noindex/AppCheck.build/Debug-iphonesimulator/AppCheckCore.build/Objects-normal/arm64/e6072d4f65d7061329687fe24e3d63a7-common-args.resp -MMD -MT dependencies -MF /Users/aleks/Library/Developer/Xcode/DerivedData/PlanItApp-gkehojshtcbfvhersqwajfujohau/Build/Intermediates.noindex/AppCheck.build/Debug-iphonesimulator/AppCheckCore.build/Objects-normal/arm64/GACAppCheckStoredToken+GACAppCheckToken.d --serialize-diagnostics /Users/aleks/Library/Developer/Xcode/DerivedData/PlanItApp-gkehojshtcbfvhersqwajfujohau/Build/Intermediates.noindex/AppCheck.build/Debug-iphonesimulator/AppCheckCore.build/Objects-normal/arm64/GACAppCheckStoredToken+GACAppCheckToken.dia -c /Users/aleks/Library/Developer/Xcode/DerivedData/PlanItApp-gkehojshtcbfvhersqwajfujohau/SourcePackages/checkouts/app-check/AppCheckCore/Sources/Core/Storage/GACAppCheckStoredToken+GACAppCheckToken.m -o /Users/aleks/Library/Developer/Xcode/DerivedData/PlanItApp-gkehojshtcbfvhersqwajfujohau/Build/Intermediates.noindex/AppCheck.build/Debug-iphonesimulator/AppCheckCore.build/Objects-normal/arm64/GACAppCheckStoredToken+GACAppCheckToken.o -index-unit-output-path /AppCheck.build/Debug-iphonesimulator/AppCheckCore.build/Objects-normal/arm64/GACAppCheckStoredToken+GACAppCheckToken.o

ScanDependencies /Users/aleks/Library/Developer/Xcode/DerivedData/PlanItApp-gkehojshtcbfvhersqwajfujohau/Build/Intermediates.noindex/AppCheck.build/Debug-iphonesimulator/AppCheckCore.build/Objects-normal/arm64/GACAppCheckStorage.o /Users/aleks/Library/Developer/Xcode/DerivedData/PlanItApp-gkehojshtcbfvhersqwajfujohau/SourcePackages/checkouts/app-check/AppCheckCore/Sources/Core/Storage/GACAppCheckStorage.m normal arm64 objective-c com.apple.compilers.llvm.clang.1_0.compiler (in target 'AppCheckCore' from project 'AppCheck')
    cd /Users/aleks/Desktop/PlanItApp/PlanItApp.xcodeproj
    
    Using response file: /Users/aleks/Library/Developer/Xcode/DerivedData/PlanItApp-gkehojshtcbfvhersqwajfujohau/Build/Intermediates.noindex/AppCheck.build/Debug-iphonesimulator/AppCheckCore.build/Objects-normal/arm64/e6072d4f65d7061329687fe24e3d63a7-common-args.resp
    
    builtin-ScanDependencies -o /Users/aleks/Library/Developer/Xcode/DerivedData/PlanItApp-gkehojshtcbfvhersqwajfujohau/Build/Intermediates.noindex/AppCheck.build/Debug-iphonesimulator/AppCheckCore.build/Objects-normal/arm64/GACAppCheckStorage.o.scan -- /Applications/Xcode.app/Contents/Developer/Toolchains/XcodeDefault.xctoolchain/usr/bin/clang -x objective-c -ivfsstatcache /Users/aleks/Library/Developer/Xcode/DerivedData/SDKStatCaches.noindex/iphonesimulator18.5-22F76-d5fc8ad4295d2ef488fb7d0f804ce0c4.sdkstatcache -fmessage-length\=0 -fdiagnostics-show-note-include-stack -fmacro-backtrace-limit\=0 -fno-color-diagnostics -fmodules-prune-interval\=86400 -fmodules-prune-after\=345600 -fbuild-session-file\=/Users/aleks/Library/Developer/Xcode/DerivedData/ModuleCache.noindex/Session.modulevalidation -fmodules-validate-once-per-build-session -Wnon-modular-include-in-framework-module -Werror\=non-modular-include-in-framework-module -Wno-trigraphs -Wno-missing-field-initializers -Wno-missing-prototypes -Wno-return-type -Wno-implicit-atomic-properties -Wno-objc-interface-ivars -Wno-arc-repeated-use-of-weak -Wno-missing-braces -Wparentheses -Wswitch -Wno-unused-function -Wno-unused-label -Wno-unused-parameter -Wno-unused-variable -Wunused-value -Wno-empty-body -Wno-uninitialized -Wno-unknown-pragmas -w -Wno-shadow -Wno-four-char-constants -Wno-conversion -Wno-constant-conversion -Wno-int-conversion -Wno-bool-conversion -Wno-enum-conversion -Wno-float-conversion -Wno-non-literal-null-conversion -Wno-objc-literal-conversion -Wshorten-64-to-32 -Wpointer-sign -Wno-newline-eof -Wno-selector -Wno-strict-selector-match -Wno-undeclared-selector -Wno-deprecated-implementations -Wno-implicit-fallthrough -fstrict-aliasing -Wprotocol -Wdeprecated-declarations -Wno-sign-conversion -Wno-infinite-recursion -Wno-comma -Wno-block-capture-autoreleasing -Wno-strict-prototypes -Wno-semicolon-before-method-body -index-store-path /Users/aleks/Library/Developer/Xcode/DerivedData/PlanItApp-gkehojshtcbfvhersqwajfujohau/Index.noindex/DataStore @/Users/aleks/Library/Developer/Xcode/DerivedData/PlanItApp-gkehojshtcbfvhersqwajfujohau/Build/Intermediates.noindex/AppCheck.build/Debug-iphonesimulator/AppCheckCore.build/Objects-normal/arm64/e6072d4f65d7061329687fe24e3d63a7-common-args.resp -MMD -MT dependencies -MF /Users/aleks/Library/Developer/Xcode/DerivedData/PlanItApp-gkehojshtcbfvhersqwajfujohau/Build/Intermediates.noindex/AppCheck.build/Debug-iphonesimulator/AppCheckCore.build/Objects-normal/arm64/GACAppCheckStorage.d --serialize-diagnostics /Users/aleks/Library/Developer/Xcode/DerivedData/PlanItApp-gkehojshtcbfvhersqwajfujohau/Build/Intermediates.noindex/AppCheck.build/Debug-iphonesimulator/AppCheckCore.build/Objects-normal/arm64/GACAppCheckStorage.dia -c /Users/aleks/Library/Developer/Xcode/DerivedData/PlanItApp-gkehojshtcbfvhersqwajfujohau/SourcePackages/checkouts/app-check/AppCheckCore/Sources/Core/Storage/GACAppCheckStorage.m -o /Users/aleks/Library/Developer/Xcode/DerivedData/PlanItApp-gkehojshtcbfvhersqwajfujohau/Build/Intermediates.noindex/AppCheck.build/Debug-iphonesimulator/AppCheckCore.build/Objects-normal/arm64/GACAppCheckStorage.o -index-unit-output-path /AppCheck.build/Debug-iphonesimulator/AppCheckCore.build/Objects-normal/arm64/GACAppCheckStorage.o

ScanDependencies /Users/aleks/Library/Developer/Xcode/DerivedData/PlanItApp-gkehojshtcbfvhersqwajfujohau/Build/Intermediates.noindex/AppCheck.build/Debug-iphonesimulator/AppCheckCore.build/Objects-normal/arm64/GACAppCheckSettings.o /Users/aleks/Library/Developer/Xcode/DerivedData/PlanItApp-gkehojshtcbfvhersqwajfujohau/SourcePackages/checkouts/app-check/AppCheckCore/Sources/Core/GACAppCheckSettings.m normal arm64 objective-c com.apple.compilers.llvm.clang.1_0.compiler (in target 'AppCheckCore' from project 'AppCheck')
    cd /Users/aleks/Desktop/PlanItApp/PlanItApp.xcodeproj
    
    Using response file: /Users/aleks/Library/Developer/Xcode/DerivedData/PlanItApp-gkehojshtcbfvhersqwajfujohau/Build/Intermediates.noindex/AppCheck.build/Debug-iphonesimulator/AppCheckCore.build/Objects-normal/arm64/e6072d4f65d7061329687fe24e3d63a7-common-args.resp
    
    builtin-ScanDependencies -o /Users/aleks/Library/Developer/Xcode/DerivedData/PlanItApp-gkehojshtcbfvhersqwajfujohau/Build/Intermediates.noindex/AppCheck.build/Debug-iphonesimulator/AppCheckCore.build/Objects-normal/arm64/GACAppCheckSettings.o.scan -- /Applications/Xcode.app/Contents/Developer/Toolchains/XcodeDefault.xctoolchain/usr/bin/clang -x objective-c -ivfsstatcache /Users/aleks/Library/Developer/Xcode/DerivedData/SDKStatCaches.noindex/iphonesimulator18.5-22F76-d5fc8ad4295d2ef488fb7d0f804ce0c4.sdkstatcache -fmessage-length\=0 -fdiagnostics-show-note-include-stack -fmacro-backtrace-limit\=0 -fno-color-diagnostics -fmodules-prune-interval\=86400 -fmodules-prune-after\=345600 -fbuild-session-file\=/Users/aleks/Library/Developer/Xcode/DerivedData/ModuleCache.noindex/Session.modulevalidation -fmodules-validate-once-per-build-session -Wnon-modular-include-in-framework-module -Werror\=non-modular-include-in-framework-module -Wno-trigraphs -Wno-missing-field-initializers -Wno-missing-prototypes -Wno-return-type -Wno-implicit-atomic-properties -Wno-objc-interface-ivars -Wno-arc-repeated-use-of-weak -Wno-missing-braces -Wparentheses -Wswitch -Wno-unused-function -Wno-unused-label -Wno-unused-parameter -Wno-unused-variable -Wunused-value -Wno-empty-body -Wno-uninitialized -Wno-unknown-pragmas -w -Wno-shadow -Wno-four-char-constants -Wno-conversion -Wno-constant-conversion -Wno-int-conversion -Wno-bool-conversion -Wno-enum-conversion -Wno-float-conversion -Wno-non-literal-null-conversion -Wno-objc-literal-conversion -Wshorten-64-to-32 -Wpointer-sign -Wno-newline-eof -Wno-selector -Wno-strict-selector-match -Wno-undeclared-selector -Wno-deprecated-implementations -Wno-implicit-fallthrough -fstrict-aliasing -Wprotocol -Wdeprecated-declarations -Wno-sign-conversion -Wno-infinite-recursion -Wno-comma -Wno-block-capture-autoreleasing -Wno-strict-prototypes -Wno-semicolon-before-method-body -index-store-path /Users/aleks/Library/Developer/Xcode/DerivedData/PlanItApp-gkehojshtcbfvhersqwajfujohau/Index.noindex/DataStore @/Users/aleks/Library/Developer/Xcode/DerivedData/PlanItApp-gkehojshtcbfvhersqwajfujohau/Build/Intermediates.noindex/AppCheck.build/Debug-iphonesimulator/AppCheckCore.build/Objects-normal/arm64/e6072d4f65d7061329687fe24e3d63a7-common-args.resp -MMD -MT dependencies -MF /Users/aleks/Library/Developer/Xcode/DerivedData/PlanItApp-gkehojshtcbfvhersqwajfujohau/Build/Intermediates.noindex/AppCheck.build/Debug-iphonesimulator/AppCheckCore.build/Objects-normal/arm64/GACAppCheckSettings.d --serialize-diagnostics /Users/aleks/Library/Developer/Xcode/DerivedData/PlanItApp-gkehojshtcbfvhersqwajfujohau/Build/Intermediates.noindex/AppCheck.build/Debug-iphonesimulator/AppCheckCore.build/Objects-normal/arm64/GACAppCheckSettings.dia -c /Users/aleks/Library/Developer/Xcode/DerivedData/PlanItApp-gkehojshtcbfvhersqwajfujohau/SourcePackages/checkouts/app-check/AppCheckCore/Sources/Core/GACAppCheckSettings.m -o /Users/aleks/Library/Developer/Xcode/DerivedData/PlanItApp-gkehojshtcbfvhersqwajfujohau/Build/Intermediates.noindex/AppCheck.build/Debug-iphonesimulator/AppCheckCore.build/Objects-normal/arm64/GACAppCheckSettings.o -index-unit-output-path /AppCheck.build/Debug-iphonesimulator/AppCheckCore.build/Objects-normal/arm64/GACAppCheckSettings.o

ScanDependencies /Users/aleks/Library/Developer/Xcode/DerivedData/PlanItApp-gkehojshtcbfvhersqwajfujohau/Build/Intermediates.noindex/AppCheck.build/Debug-iphonesimulator/AppCheckCore.build/Objects-normal/arm64/GACAppCheckLogger.o /Users/aleks/Library/Developer/Xcode/DerivedData/PlanItApp-gkehojshtcbfvhersqwajfujohau/SourcePackages/checkouts/app-check/AppCheckCore/Sources/Core/GACAppCheckLogger.m normal arm64 objective-c com.apple.compilers.llvm.clang.1_0.compiler (in target 'AppCheckCore' from project 'AppCheck')
    cd /Users/aleks/Desktop/PlanItApp/PlanItApp.xcodeproj
    
    Using response file: /Users/aleks/Library/Developer/Xcode/DerivedData/PlanItApp-gkehojshtcbfvhersqwajfujohau/Build/Intermediates.noindex/AppCheck.build/Debug-iphonesimulator/AppCheckCore.build/Objects-normal/arm64/e6072d4f65d7061329687fe24e3d63a7-common-args.resp
    
    builtin-ScanDependencies -o /Users/aleks/Library/Developer/Xcode/DerivedData/PlanItApp-gkehojshtcbfvhersqwajfujohau/Build/Intermediates.noindex/AppCheck.build/Debug-iphonesimulator/AppCheckCore.build/Objects-normal/arm64/GACAppCheckLogger.o.scan -- /Applications/Xcode.app/Contents/Developer/Toolchains/XcodeDefault.xctoolchain/usr/bin/clang -x objective-c -ivfsstatcache /Users/aleks/Library/Developer/Xcode/DerivedData/SDKStatCaches.noindex/iphonesimulator18.5-22F76-d5fc8ad4295d2ef488fb7d0f804ce0c4.sdkstatcache -fmessage-length\=0 -fdiagnostics-show-note-include-stack -fmacro-backtrace-limit\=0 -fno-color-diagnostics -fmodules-prune-interval\=86400 -fmodules-prune-after\=345600 -fbuild-session-file\=/Users/aleks/Library/Developer/Xcode/DerivedData/ModuleCache.noindex/Session.modulevalidation -fmodules-validate-once-per-build-session -Wnon-modular-include-in-framework-module -Werror\=non-modular-include-in-framework-module -Wno-trigraphs -Wno-missing-field-initializers -Wno-missing-prototypes -Wno-return-type -Wno-implicit-atomic-properties -Wno-objc-interface-ivars -Wno-arc-repeated-use-of-weak -Wno-missing-braces -Wparentheses -Wswitch -Wno-unused-function -Wno-unused-label -Wno-unused-parameter -Wno-unused-variable -Wunused-value -Wno-empty-body -Wno-uninitialized -Wno-unknown-pragmas -w -Wno-shadow -Wno-four-char-constants -Wno-conversion -Wno-constant-conversion -Wno-int-conversion -Wno-bool-conversion -Wno-enum-conversion -Wno-float-conversion -Wno-non-literal-null-conversion -Wno-objc-literal-conversion -Wshorten-64-to-32 -Wpointer-sign -Wno-newline-eof -Wno-selector -Wno-strict-selector-match -Wno-undeclared-selector -Wno-deprecated-implementations -Wno-implicit-fallthrough -fstrict-aliasing -Wprotocol -Wdeprecated-declarations -Wno-sign-conversion -Wno-infinite-recursion -Wno-comma -Wno-block-capture-autoreleasing -Wno-strict-prototypes -Wno-semicolon-before-method-body -index-store-path /Users/aleks/Library/Developer/Xcode/DerivedData/PlanItApp-gkehojshtcbfvhersqwajfujohau/Index.noindex/DataStore @/Users/aleks/Library/Developer/Xcode/DerivedData/PlanItApp-gkehojshtcbfvhersqwajfujohau/Build/Intermediates.noindex/AppCheck.build/Debug-iphonesimulator/AppCheckCore.build/Objects-normal/arm64/e6072d4f65d7061329687fe24e3d63a7-common-args.resp -MMD -MT dependencies -MF /Users/aleks/Library/Developer/Xcode/DerivedData/PlanItApp-gkehojshtcbfvhersqwajfujohau/Build/Intermediates.noindex/AppCheck.build/Debug-iphonesimulator/AppCheckCore.build/Objects-normal/arm64/GACAppCheckLogger.d --serialize-diagnostics /Users/aleks/Library/Developer/Xcode/DerivedData/PlanItApp-gkehojshtcbfvhersqwajfujohau/Build/Intermediates.noindex/AppCheck.build/Debug-iphonesimulator/AppCheckCore.build/Objects-normal/arm64/GACAppCheckLogger.dia -c /Users/aleks/Library/Developer/Xcode/DerivedData/PlanItApp-gkehojshtcbfvhersqwajfujohau/SourcePackages/checkouts/app-check/AppCheckCore/Sources/Core/GACAppCheckLogger.m -o /Users/aleks/Library/Developer/Xcode/DerivedData/PlanItApp-gkehojshtcbfvhersqwajfujohau/Build/Intermediates.noindex/AppCheck.build/Debug-iphonesimulator/AppCheckCore.build/Objects-normal/arm64/GACAppCheckLogger.o -index-unit-output-path /AppCheck.build/Debug-iphonesimulator/AppCheckCore.build/Objects-normal/arm64/GACAppCheckLogger.o

ScanDependencies /Users/aleks/Library/Developer/Xcode/DerivedData/PlanItApp-gkehojshtcbfvhersqwajfujohau/Build/Intermediates.noindex/AppCheck.build/Debug-iphonesimulator/AppCheckCore.build/Objects-normal/arm64/GACAppCheckHTTPError.o /Users/aleks/Library/Developer/Xcode/DerivedData/PlanItApp-gkehojshtcbfvhersqwajfujohau/SourcePackages/checkouts/app-check/AppCheckCore/Sources/Core/Errors/GACAppCheckHTTPError.m normal arm64 objective-c com.apple.compilers.llvm.clang.1_0.compiler (in target 'AppCheckCore' from project 'AppCheck')
    cd /Users/aleks/Desktop/PlanItApp/PlanItApp.xcodeproj
    
    Using response file: /Users/aleks/Library/Developer/Xcode/DerivedData/PlanItApp-gkehojshtcbfvhersqwajfujohau/Build/Intermediates.noindex/AppCheck.build/Debug-iphonesimulator/AppCheckCore.build/Objects-normal/arm64/e6072d4f65d7061329687fe24e3d63a7-common-args.resp
    
    builtin-ScanDependencies -o /Users/aleks/Library/Developer/Xcode/DerivedData/PlanItApp-gkehojshtcbfvhersqwajfujohau/Build/Intermediates.noindex/AppCheck.build/Debug-iphonesimulator/AppCheckCore.build/Objects-normal/arm64/GACAppCheckHTTPError.o.scan -- /Applications/Xcode.app/Contents/Developer/Toolchains/XcodeDefault.xctoolchain/usr/bin/clang -x objective-c -ivfsstatcache /Users/aleks/Library/Developer/Xcode/DerivedData/SDKStatCaches.noindex/iphonesimulator18.5-22F76-d5fc8ad4295d2ef488fb7d0f804ce0c4.sdkstatcache -fmessage-length\=0 -fdiagnostics-show-note-include-stack -fmacro-backtrace-limit\=0 -fno-color-diagnostics -fmodules-prune-interval\=86400 -fmodules-prune-after\=345600 -fbuild-session-file\=/Users/aleks/Library/Developer/Xcode/DerivedData/ModuleCache.noindex/Session.modulevalidation -fmodules-validate-once-per-build-session -Wnon-modular-include-in-framework-module -Werror\=non-modular-include-in-framework-module -Wno-trigraphs -Wno-missing-field-initializers -Wno-missing-prototypes -Wno-return-type -Wno-implicit-atomic-properties -Wno-objc-interface-ivars -Wno-arc-repeated-use-of-weak -Wno-missing-braces -Wparentheses -Wswitch -Wno-unused-function -Wno-unused-label -Wno-unused-parameter -Wno-unused-variable -Wunused-value -Wno-empty-body -Wno-uninitialized -Wno-unknown-pragmas -w -Wno-shadow -Wno-four-char-constants -Wno-conversion -Wno-constant-conversion -Wno-int-conversion -Wno-bool-conversion -Wno-enum-conversion -Wno-float-conversion -Wno-non-literal-null-conversion -Wno-objc-literal-conversion -Wshorten-64-to-32 -Wpointer-sign -Wno-newline-eof -Wno-selector -Wno-strict-selector-match -Wno-undeclared-selector -Wno-deprecated-implementations -Wno-implicit-fallthrough -fstrict-aliasing -Wprotocol -Wdeprecated-declarations -Wno-sign-conversion -Wno-infinite-recursion -Wno-comma -Wno-block-capture-autoreleasing -Wno-strict-prototypes -Wno-semicolon-before-method-body -index-store-path /Users/aleks/Library/Developer/Xcode/DerivedData/PlanItApp-gkehojshtcbfvhersqwajfujohau/Index.noindex/DataStore @/Users/aleks/Library/Developer/Xcode/DerivedData/PlanItApp-gkehojshtcbfvhersqwajfujohau/Build/Intermediates.noindex/AppCheck.build/Debug-iphonesimulator/AppCheckCore.build/Objects-normal/arm64/e6072d4f65d7061329687fe24e3d63a7-common-args.resp -MMD -MT dependencies -MF /Users/aleks/Library/Developer/Xcode/DerivedData/PlanItApp-gkehojshtcbfvhersqwajfujohau/Build/Intermediates.noindex/AppCheck.build/Debug-iphonesimulator/AppCheckCore.build/Objects-normal/arm64/GACAppCheckHTTPError.d --serialize-diagnostics /Users/aleks/Library/Developer/Xcode/DerivedData/PlanItApp-gkehojshtcbfvhersqwajfujohau/Build/Intermediates.noindex/AppCheck.build/Debug-iphonesimulator/AppCheckCore.build/Objects-normal/arm64/GACAppCheckHTTPError.dia -c /Users/aleks/Library/Developer/Xcode/DerivedData/PlanItApp-gkehojshtcbfvhersqwajfujohau/SourcePackages/checkouts/app-check/AppCheckCore/Sources/Core/Errors/GACAppCheckHTTPError.m -o /Users/aleks/Library/Developer/Xcode/DerivedData/PlanItApp-gkehojshtcbfvhersqwajfujohau/Build/Intermediates.noindex/AppCheck.build/Debug-iphonesimulator/AppCheckCore.build/Objects-normal/arm64/GACAppCheckHTTPError.o -index-unit-output-path /AppCheck.build/Debug-iphonesimulator/AppCheckCore.build/Objects-normal/arm64/GACAppCheckHTTPError.o

ScanDependencies /Users/aleks/Library/Developer/Xcode/DerivedData/PlanItApp-gkehojshtcbfvhersqwajfujohau/Build/Intermediates.noindex/AppCheck.build/Debug-iphonesimulator/AppCheckCore.build/Objects-normal/arm64/GACAppCheckErrors.o /Users/aleks/Library/Developer/Xcode/DerivedData/PlanItApp-gkehojshtcbfvhersqwajfujohau/SourcePackages/checkouts/app-check/AppCheckCore/Sources/Core/Errors/GACAppCheckErrors.m normal arm64 objective-c com.apple.compilers.llvm.clang.1_0.compiler (in target 'AppCheckCore' from project 'AppCheck')
    cd /Users/aleks/Desktop/PlanItApp/PlanItApp.xcodeproj
    
    Using response file: /Users/aleks/Library/Developer/Xcode/DerivedData/PlanItApp-gkehojshtcbfvhersqwajfujohau/Build/Intermediates.noindex/AppCheck.build/Debug-iphonesimulator/AppCheckCore.build/Objects-normal/arm64/e6072d4f65d7061329687fe24e3d63a7-common-args.resp
    
    builtin-ScanDependencies -o /Users/aleks/Library/Developer/Xcode/DerivedData/PlanItApp-gkehojshtcbfvhersqwajfujohau/Build/Intermediates.noindex/AppCheck.build/Debug-iphonesimulator/AppCheckCore.build/Objects-normal/arm64/GACAppCheckErrors.o.scan -- /Applications/Xcode.app/Contents/Developer/Toolchains/XcodeDefault.xctoolchain/usr/bin/clang -x objective-c -ivfsstatcache /Users/aleks/Library/Developer/Xcode/DerivedData/SDKStatCaches.noindex/iphonesimulator18.5-22F76-d5fc8ad4295d2ef488fb7d0f804ce0c4.sdkstatcache -fmessage-length\=0 -fdiagnostics-show-note-include-stack -fmacro-backtrace-limit\=0 -fno-color-diagnostics -fmodules-prune-interval\=86400 -fmodules-prune-after\=345600 -fbuild-session-file\=/Users/aleks/Library/Developer/Xcode/DerivedData/ModuleCache.noindex/Session.modulevalidation -fmodules-validate-once-per-build-session -Wnon-modular-include-in-framework-module -Werror\=non-modular-include-in-framework-module -Wno-trigraphs -Wno-missing-field-initializers -Wno-missing-prototypes -Wno-return-type -Wno-implicit-atomic-properties -Wno-objc-interface-ivars -Wno-arc-repeated-use-of-weak -Wno-missing-braces -Wparentheses -Wswitch -Wno-unused-function -Wno-unused-label -Wno-unused-parameter -Wno-unused-variable -Wunused-value -Wno-empty-body -Wno-uninitialized -Wno-unknown-pragmas -w -Wno-shadow -Wno-four-char-constants -Wno-conversion -Wno-constant-conversion -Wno-int-conversion -Wno-bool-conversion -Wno-enum-conversion -Wno-float-conversion -Wno-non-literal-null-conversion -Wno-objc-literal-conversion -Wshorten-64-to-32 -Wpointer-sign -Wno-newline-eof -Wno-selector -Wno-strict-selector-match -Wno-undeclared-selector -Wno-deprecated-implementations -Wno-implicit-fallthrough -fstrict-aliasing -Wprotocol -Wdeprecated-declarations -Wno-sign-conversion -Wno-infinite-recursion -Wno-comma -Wno-block-capture-autoreleasing -Wno-strict-prototypes -Wno-semicolon-before-method-body -index-store-path /Users/aleks/Library/Developer/Xcode/DerivedData/PlanItApp-gkehojshtcbfvhersqwajfujohau/Index.noindex/DataStore @/Users/aleks/Library/Developer/Xcode/DerivedData/PlanItApp-gkehojshtcbfvhersqwajfujohau/Build/Intermediates.noindex/AppCheck.build/Debug-iphonesimulator/AppCheckCore.build/Objects-normal/arm64/e6072d4f65d7061329687fe24e3d63a7-common-args.resp -MMD -MT dependencies -MF /Users/aleks/Library/Developer/Xcode/DerivedData/PlanItApp-gkehojshtcbfvhersqwajfujohau/Build/Intermediates.noindex/AppCheck.build/Debug-iphonesimulator/AppCheckCore.build/Objects-normal/arm64/GACAppCheckErrors.d --serialize-diagnostics /Users/aleks/Library/Developer/Xcode/DerivedData/PlanItApp-gkehojshtcbfvhersqwajfujohau/Build/Intermediates.noindex/AppCheck.build/Debug-iphonesimulator/AppCheckCore.build/Objects-normal/arm64/GACAppCheckErrors.dia -c /Users/aleks/Library/Developer/Xcode/DerivedData/PlanItApp-gkehojshtcbfvhersqwajfujohau/SourcePackages/checkouts/app-check/AppCheckCore/Sources/Core/Errors/GACAppCheckErrors.m -o /Users/aleks/Library/Developer/Xcode/DerivedData/PlanItApp-gkehojshtcbfvhersqwajfujohau/Build/Intermediates.noindex/AppCheck.build/Debug-iphonesimulator/AppCheckCore.build/Objects-normal/arm64/GACAppCheckErrors.o -index-unit-output-path /AppCheck.build/Debug-iphonesimulator/AppCheckCore.build/Objects-normal/arm64/GACAppCheckErrors.o

ScanDependencies /Users/aleks/Library/Developer/Xcode/DerivedData/PlanItApp-gkehojshtcbfvhersqwajfujohau/Build/Intermediates.noindex/AppCheck.build/Debug-iphonesimulator/AppCheckCore.build/Objects-normal/arm64/GACAppCheckErrorUtil.o /Users/aleks/Library/Developer/Xcode/DerivedData/PlanItApp-gkehojshtcbfvhersqwajfujohau/SourcePackages/checkouts/app-check/AppCheckCore/Sources/Core/Errors/GACAppCheckErrorUtil.m normal arm64 objective-c com.apple.compilers.llvm.clang.1_0.compiler (in target 'AppCheckCore' from project 'AppCheck')
    cd /Users/aleks/Desktop/PlanItApp/PlanItApp.xcodeproj
    
    Using response file: /Users/aleks/Library/Developer/Xcode/DerivedData/PlanItApp-gkehojshtcbfvhersqwajfujohau/Build/Intermediates.noindex/AppCheck.build/Debug-iphonesimulator/AppCheckCore.build/Objects-normal/arm64/e6072d4f65d7061329687fe24e3d63a7-common-args.resp
    
    builtin-ScanDependencies -o /Users/aleks/Library/Developer/Xcode/DerivedData/PlanItApp-gkehojshtcbfvhersqwajfujohau/Build/Intermediates.noindex/AppCheck.build/Debug-iphonesimulator/AppCheckCore.build/Objects-normal/arm64/GACAppCheckErrorUtil.o.scan -- /Applications/Xcode.app/Contents/Developer/Toolchains/XcodeDefault.xctoolchain/usr/bin/clang -x objective-c -ivfsstatcache /Users/aleks/Library/Developer/Xcode/DerivedData/SDKStatCaches.noindex/iphonesimulator18.5-22F76-d5fc8ad4295d2ef488fb7d0f804ce0c4.sdkstatcache -fmessage-length\=0 -fdiagnostics-show-note-include-stack -fmacro-backtrace-limit\=0 -fno-color-diagnostics -fmodules-prune-interval\=86400 -fmodules-prune-after\=345600 -fbuild-session-file\=/Users/aleks/Library/Developer/Xcode/DerivedData/ModuleCache.noindex/Session.modulevalidation -fmodules-validate-once-per-build-session -Wnon-modular-include-in-framework-module -Werror\=non-modular-include-in-framework-module -Wno-trigraphs -Wno-missing-field-initializers -Wno-missing-prototypes -Wno-return-type -Wno-implicit-atomic-properties -Wno-objc-interface-ivars -Wno-arc-repeated-use-of-weak -Wno-missing-braces -Wparentheses -Wswitch -Wno-unused-function -Wno-unused-label -Wno-unused-parameter -Wno-unused-variable -Wunused-value -Wno-empty-body -Wno-uninitialized -Wno-unknown-pragmas -w -Wno-shadow -Wno-four-char-constants -Wno-conversion -Wno-constant-conversion -Wno-int-conversion -Wno-bool-conversion -Wno-enum-conversion -Wno-float-conversion -Wno-non-literal-null-conversion -Wno-objc-literal-conversion -Wshorten-64-to-32 -Wpointer-sign -Wno-newline-eof -Wno-selector -Wno-strict-selector-match -Wno-undeclared-selector -Wno-deprecated-implementations -Wno-implicit-fallthrough -fstrict-aliasing -Wprotocol -Wdeprecated-declarations -Wno-sign-conversion -Wno-infinite-recursion -Wno-comma -Wno-block-capture-autoreleasing -Wno-strict-prototypes -Wno-semicolon-before-method-body -index-store-path /Users/aleks/Library/Developer/Xcode/DerivedData/PlanItApp-gkehojshtcbfvhersqwajfujohau/Index.noindex/DataStore @/Users/aleks/Library/Developer/Xcode/DerivedData/PlanItApp-gkehojshtcbfvhersqwajfujohau/Build/Intermediates.noindex/AppCheck.build/Debug-iphonesimulator/AppCheckCore.build/Objects-normal/arm64/e6072d4f65d7061329687fe24e3d63a7-common-args.resp -MMD -MT dependencies -MF /Users/aleks/Library/Developer/Xcode/DerivedData/PlanItApp-gkehojshtcbfvhersqwajfujohau/Build/Intermediates.noindex/AppCheck.build/Debug-iphonesimulator/AppCheckCore.build/Objects-normal/arm64/GACAppCheckErrorUtil.d --serialize-diagnostics /Users/aleks/Library/Developer/Xcode/DerivedData/PlanItApp-gkehojshtcbfvhersqwajfujohau/Build/Intermediates.noindex/AppCheck.build/Debug-iphonesimulator/AppCheckCore.build/Objects-normal/arm64/GACAppCheckErrorUtil.dia -c /Users/aleks/Library/Developer/Xcode/DerivedData/PlanItApp-gkehojshtcbfvhersqwajfujohau/SourcePackages/checkouts/app-check/AppCheckCore/Sources/Core/Errors/GACAppCheckErrorUtil.m -o /Users/aleks/Library/Developer/Xcode/DerivedData/PlanItApp-gkehojshtcbfvhersqwajfujohau/Build/Intermediates.noindex/AppCheck.build/Debug-iphonesimulator/AppCheckCore.build/Objects-normal/arm64/GACAppCheckErrorUtil.o -index-unit-output-path /AppCheck.build/Debug-iphonesimulator/AppCheckCore.build/Objects-normal/arm64/GACAppCheckErrorUtil.o

ScanDependencies /Users/aleks/Library/Developer/Xcode/DerivedData/PlanItApp-gkehojshtcbfvhersqwajfujohau/Build/Intermediates.noindex/AppCheck.build/Debug-iphonesimulator/AppCheckCore.build/Objects-normal/arm64/GACAppCheckDebugProviderAPIService.o /Users/aleks/Library/Developer/Xcode/DerivedData/PlanItApp-gkehojshtcbfvhersqwajfujohau/SourcePackages/checkouts/app-check/AppCheckCore/Sources/DebugProvider/API/GACAppCheckDebugProviderAPIService.m normal arm64 objective-c com.apple.compilers.llvm.clang.1_0.compiler (in target 'AppCheckCore' from project 'AppCheck')
    cd /Users/aleks/Desktop/PlanItApp/PlanItApp.xcodeproj
    
    Using response file: /Users/aleks/Library/Developer/Xcode/DerivedData/PlanItApp-gkehojshtcbfvhersqwajfujohau/Build/Intermediates.noindex/AppCheck.build/Debug-iphonesimulator/AppCheckCore.build/Objects-normal/arm64/e6072d4f65d7061329687fe24e3d63a7-common-args.resp
    
    builtin-ScanDependencies -o /Users/aleks/Library/Developer/Xcode/DerivedData/PlanItApp-gkehojshtcbfvhersqwajfujohau/Build/Intermediates.noindex/AppCheck.build/Debug-iphonesimulator/AppCheckCore.build/Objects-normal/arm64/GACAppCheckDebugProviderAPIService.o.scan -- /Applications/Xcode.app/Contents/Developer/Toolchains/XcodeDefault.xctoolchain/usr/bin/clang -x objective-c -ivfsstatcache /Users/aleks/Library/Developer/Xcode/DerivedData/SDKStatCaches.noindex/iphonesimulator18.5-22F76-d5fc8ad4295d2ef488fb7d0f804ce0c4.sdkstatcache -fmessage-length\=0 -fdiagnostics-show-note-include-stack -fmacro-backtrace-limit\=0 -fno-color-diagnostics -fmodules-prune-interval\=86400 -fmodules-prune-after\=345600 -fbuild-session-file\=/Users/aleks/Library/Developer/Xcode/DerivedData/ModuleCache.noindex/Session.modulevalidation -fmodules-validate-once-per-build-session -Wnon-modular-include-in-framework-module -Werror\=non-modular-include-in-framework-module -Wno-trigraphs -Wno-missing-field-initializers -Wno-missing-prototypes -Wno-return-type -Wno-implicit-atomic-properties -Wno-objc-interface-ivars -Wno-arc-repeated-use-of-weak -Wno-missing-braces -Wparentheses -Wswitch -Wno-unused-function -Wno-unused-label -Wno-unused-parameter -Wno-unused-variable -Wunused-value -Wno-empty-body -Wno-uninitialized -Wno-unknown-pragmas -w -Wno-shadow -Wno-four-char-constants -Wno-conversion -Wno-constant-conversion -Wno-int-conversion -Wno-bool-conversion -Wno-enum-conversion -Wno-float-conversion -Wno-non-literal-null-conversion -Wno-objc-literal-conversion -Wshorten-64-to-32 -Wpointer-sign -Wno-newline-eof -Wno-selector -Wno-strict-selector-match -Wno-undeclared-selector -Wno-deprecated-implementations -Wno-implicit-fallthrough -fstrict-aliasing -Wprotocol -Wdeprecated-declarations -Wno-sign-conversion -Wno-infinite-recursion -Wno-comma -Wno-block-capture-autoreleasing -Wno-strict-prototypes -Wno-semicolon-before-method-body -index-store-path /Users/aleks/Library/Developer/Xcode/DerivedData/PlanItApp-gkehojshtcbfvhersqwajfujohau/Index.noindex/DataStore @/Users/aleks/Library/Developer/Xcode/DerivedData/PlanItApp-gkehojshtcbfvhersqwajfujohau/Build/Intermediates.noindex/AppCheck.build/Debug-iphonesimulator/AppCheckCore.build/Objects-normal/arm64/e6072d4f65d7061329687fe24e3d63a7-common-args.resp -MMD -MT dependencies -MF /Users/aleks/Library/Developer/Xcode/DerivedData/PlanItApp-gkehojshtcbfvhersqwajfujohau/Build/Intermediates.noindex/AppCheck.build/Debug-iphonesimulator/AppCheckCore.build/Objects-normal/arm64/GACAppCheckDebugProviderAPIService.d --serialize-diagnostics /Users/aleks/Library/Developer/Xcode/DerivedData/PlanItApp-gkehojshtcbfvhersqwajfujohau/Build/Intermediates.noindex/AppCheck.build/Debug-iphonesimulator/AppCheckCore.build/Objects-normal/arm64/GACAppCheckDebugProviderAPIService.dia -c /Users/aleks/Library/Developer/Xcode/DerivedData/PlanItApp-gkehojshtcbfvhersqwajfujohau/SourcePackages/checkouts/app-check/AppCheckCore/Sources/DebugProvider/API/GACAppCheckDebugProviderAPIService.m -o /Users/aleks/Library/Developer/Xcode/DerivedData/PlanItApp-gkehojshtcbfvhersqwajfujohau/Build/Intermediates.noindex/AppCheck.build/Debug-iphonesimulator/AppCheckCore.build/Objects-normal/arm64/GACAppCheckDebugProviderAPIService.o -index-unit-output-path /AppCheck.build/Debug-iphonesimulator/AppCheckCore.build/Objects-normal/arm64/GACAppCheckDebugProviderAPIService.o

ScanDependencies /Users/aleks/Library/Developer/Xcode/DerivedData/PlanItApp-gkehojshtcbfvhersqwajfujohau/Build/Intermediates.noindex/AppCheck.build/Debug-iphonesimulator/AppCheckCore.build/Objects-normal/arm64/GACAppCheckDebugProvider.o /Users/aleks/Library/Developer/Xcode/DerivedData/PlanItApp-gkehojshtcbfvhersqwajfujohau/SourcePackages/checkouts/app-check/AppCheckCore/Sources/DebugProvider/GACAppCheckDebugProvider.m normal arm64 objective-c com.apple.compilers.llvm.clang.1_0.compiler (in target 'AppCheckCore' from project 'AppCheck')
    cd /Users/aleks/Desktop/PlanItApp/PlanItApp.xcodeproj
    
    Using response file: /Users/aleks/Library/Developer/Xcode/DerivedData/PlanItApp-gkehojshtcbfvhersqwajfujohau/Build/Intermediates.noindex/AppCheck.build/Debug-iphonesimulator/AppCheckCore.build/Objects-normal/arm64/e6072d4f65d7061329687fe24e3d63a7-common-args.resp
    
    builtin-ScanDependencies -o /Users/aleks/Library/Developer/Xcode/DerivedData/PlanItApp-gkehojshtcbfvhersqwajfujohau/Build/Intermediates.noindex/AppCheck.build/Debug-iphonesimulator/AppCheckCore.build/Objects-normal/arm64/GACAppCheckDebugProvider.o.scan -- /Applications/Xcode.app/Contents/Developer/Toolchains/XcodeDefault.xctoolchain/usr/bin/clang -x objective-c -ivfsstatcache /Users/aleks/Library/Developer/Xcode/DerivedData/SDKStatCaches.noindex/iphonesimulator18.5-22F76-d5fc8ad4295d2ef488fb7d0f804ce0c4.sdkstatcache -fmessage-length\=0 -fdiagnostics-show-note-include-stack -fmacro-backtrace-limit\=0 -fno-color-diagnostics -fmodules-prune-interval\=86400 -fmodules-prune-after\=345600 -fbuild-session-file\=/Users/aleks/Library/Developer/Xcode/DerivedData/ModuleCache.noindex/Session.modulevalidation -fmodules-validate-once-per-build-session -Wnon-modular-include-in-framework-module -Werror\=non-modular-include-in-framework-module -Wno-trigraphs -Wno-missing-field-initializers -Wno-missing-prototypes -Wno-return-type -Wno-implicit-atomic-properties -Wno-objc-interface-ivars -Wno-arc-repeated-use-of-weak -Wno-missing-braces -Wparentheses -Wswitch -Wno-unused-function -Wno-unused-label -Wno-unused-parameter -Wno-unused-variable -Wunused-value -Wno-empty-body -Wno-uninitialized -Wno-unknown-pragmas -w -Wno-shadow -Wno-four-char-constants -Wno-conversion -Wno-constant-conversion -Wno-int-conversion -Wno-bool-conversion -Wno-enum-conversion -Wno-float-conversion -Wno-non-literal-null-conversion -Wno-objc-literal-conversion -Wshorten-64-to-32 -Wpointer-sign -Wno-newline-eof -Wno-selector -Wno-strict-selector-match -Wno-undeclared-selector -Wno-deprecated-implementations -Wno-implicit-fallthrough -fstrict-aliasing -Wprotocol -Wdeprecated-declarations -Wno-sign-conversion -Wno-infinite-recursion -Wno-comma -Wno-block-capture-autoreleasing -Wno-strict-prototypes -Wno-semicolon-before-method-body -index-store-path /Users/aleks/Library/Developer/Xcode/DerivedData/PlanItApp-gkehojshtcbfvhersqwajfujohau/Index.noindex/DataStore @/Users/aleks/Library/Developer/Xcode/DerivedData/PlanItApp-gkehojshtcbfvhersqwajfujohau/Build/Intermediates.noindex/AppCheck.build/Debug-iphonesimulator/AppCheckCore.build/Objects-normal/arm64/e6072d4f65d7061329687fe24e3d63a7-common-args.resp -MMD -MT dependencies -MF /Users/aleks/Library/Developer/Xcode/DerivedData/PlanItApp-gkehojshtcbfvhersqwajfujohau/Build/Intermediates.noindex/AppCheck.build/Debug-iphonesimulator/AppCheckCore.build/Objects-normal/arm64/GACAppCheckDebugProvider.d --serialize-diagnostics /Users/aleks/Library/Developer/Xcode/DerivedData/PlanItApp-gkehojshtcbfvhersqwajfujohau/Build/Intermediates.noindex/AppCheck.build/Debug-iphonesimulator/AppCheckCore.build/Objects-normal/arm64/GACAppCheckDebugProvider.dia -c /Users/aleks/Library/Developer/Xcode/DerivedData/PlanItApp-gkehojshtcbfvhersqwajfujohau/SourcePackages/checkouts/app-check/AppCheckCore/Sources/DebugProvider/GACAppCheckDebugProvider.m -o /Users/aleks/Library/Developer/Xcode/DerivedData/PlanItApp-gkehojshtcbfvhersqwajfujohau/Build/Intermediates.noindex/AppCheck.build/Debug-iphonesimulator/AppCheckCore.build/Objects-normal/arm64/GACAppCheckDebugProvider.o -index-unit-output-path /AppCheck.build/Debug-iphonesimulator/AppCheckCore.build/Objects-normal/arm64/GACAppCheckDebugProvider.o

ScanDependencies /Users/aleks/Library/Developer/Xcode/DerivedData/PlanItApp-gkehojshtcbfvhersqwajfujohau/Build/Intermediates.noindex/AppCheck.build/Debug-iphonesimulator/AppCheckCore.build/Objects-normal/arm64/GACAppCheckCryptoUtils.o /Users/aleks/Library/Developer/Xcode/DerivedData/PlanItApp-gkehojshtcbfvhersqwajfujohau/SourcePackages/checkouts/app-check/AppCheckCore/Sources/Core/Utils/GACAppCheckCryptoUtils.m normal arm64 objective-c com.apple.compilers.llvm.clang.1_0.compiler (in target 'AppCheckCore' from project 'AppCheck')
    cd /Users/aleks/Desktop/PlanItApp/PlanItApp.xcodeproj
    
    Using response file: /Users/aleks/Library/Developer/Xcode/DerivedData/PlanItApp-gkehojshtcbfvhersqwajfujohau/Build/Intermediates.noindex/AppCheck.build/Debug-iphonesimulator/AppCheckCore.build/Objects-normal/arm64/e6072d4f65d7061329687fe24e3d63a7-common-args.resp
    
    builtin-ScanDependencies -o /Users/aleks/Library/Developer/Xcode/DerivedData/PlanItApp-gkehojshtcbfvhersqwajfujohau/Build/Intermediates.noindex/AppCheck.build/Debug-iphonesimulator/AppCheckCore.build/Objects-normal/arm64/GACAppCheckCryptoUtils.o.scan -- /Applications/Xcode.app/Contents/Developer/Toolchains/XcodeDefault.xctoolchain/usr/bin/clang -x objective-c -ivfsstatcache /Users/aleks/Library/Developer/Xcode/DerivedData/SDKStatCaches.noindex/iphonesimulator18.5-22F76-d5fc8ad4295d2ef488fb7d0f804ce0c4.sdkstatcache -fmessage-length\=0 -fdiagnostics-show-note-include-stack -fmacro-backtrace-limit\=0 -fno-color-diagnostics -fmodules-prune-interval\=86400 -fmodules-prune-after\=345600 -fbuild-session-file\=/Users/aleks/Library/Developer/Xcode/DerivedData/ModuleCache.noindex/Session.modulevalidation -fmodules-validate-once-per-build-session -Wnon-modular-include-in-framework-module -Werror\=non-modular-include-in-framework-module -Wno-trigraphs -Wno-missing-field-initializers -Wno-missing-prototypes -Wno-return-type -Wno-implicit-atomic-properties -Wno-objc-interface-ivars -Wno-arc-repeated-use-of-weak -Wno-missing-braces -Wparentheses -Wswitch -Wno-unused-function -Wno-unused-label -Wno-unused-parameter -Wno-unused-variable -Wunused-value -Wno-empty-body -Wno-uninitialized -Wno-unknown-pragmas -w -Wno-shadow -Wno-four-char-constants -Wno-conversion -Wno-constant-conversion -Wno-int-conversion -Wno-bool-conversion -Wno-enum-conversion -Wno-float-conversion -Wno-non-literal-null-conversion -Wno-objc-literal-conversion -Wshorten-64-to-32 -Wpointer-sign -Wno-newline-eof -Wno-selector -Wno-strict-selector-match -Wno-undeclared-selector -Wno-deprecated-implementations -Wno-implicit-fallthrough -fstrict-aliasing -Wprotocol -Wdeprecated-declarations -Wno-sign-conversion -Wno-infinite-recursion -Wno-comma -Wno-block-capture-autoreleasing -Wno-strict-prototypes -Wno-semicolon-before-method-body -index-store-path /Users/aleks/Library/Developer/Xcode/DerivedData/PlanItApp-gkehojshtcbfvhersqwajfujohau/Index.noindex/DataStore @/Users/aleks/Library/Developer/Xcode/DerivedData/PlanItApp-gkehojshtcbfvhersqwajfujohau/Build/Intermediates.noindex/AppCheck.build/Debug-iphonesimulator/AppCheckCore.build/Objects-normal/arm64/e6072d4f65d7061329687fe24e3d63a7-common-args.resp -MMD -MT dependencies -MF /Users/aleks/Library/Developer/Xcode/DerivedData/PlanItApp-gkehojshtcbfvhersqwajfujohau/Build/Intermediates.noindex/AppCheck.build/Debug-iphonesimulator/AppCheckCore.build/Objects-normal/arm64/GACAppCheckCryptoUtils.d --serialize-diagnostics /Users/aleks/Library/Developer/Xcode/DerivedData/PlanItApp-gkehojshtcbfvhersqwajfujohau/Build/Intermediates.noindex/AppCheck.build/Debug-iphonesimulator/AppCheckCore.build/Objects-normal/arm64/GACAppCheckCryptoUtils.dia -c /Users/aleks/Library/Developer/Xcode/DerivedData/PlanItApp-gkehojshtcbfvhersqwajfujohau/SourcePackages/checkouts/app-check/AppCheckCore/Sources/Core/Utils/GACAppCheckCryptoUtils.m -o /Users/aleks/Library/Developer/Xcode/DerivedData/PlanItApp-gkehojshtcbfvhersqwajfujohau/Build/Intermediates.noindex/AppCheck.build/Debug-iphonesimulator/AppCheckCore.build/Objects-normal/arm64/GACAppCheckCryptoUtils.o -index-unit-output-path /AppCheck.build/Debug-iphonesimulator/AppCheckCore.build/Objects-normal/arm64/GACAppCheckCryptoUtils.o

ScanDependencies /Users/aleks/Library/Developer/Xcode/DerivedData/PlanItApp-gkehojshtcbfvhersqwajfujohau/Build/Intermediates.noindex/AppCheck.build/Debug-iphonesimulator/AppCheckCore.build/Objects-normal/arm64/GACAppCheckBackoffWrapper.o /Users/aleks/Library/Developer/Xcode/DerivedData/PlanItApp-gkehojshtcbfvhersqwajfujohau/SourcePackages/checkouts/app-check/AppCheckCore/Sources/Core/Backoff/GACAppCheckBackoffWrapper.m normal arm64 objective-c com.apple.compilers.llvm.clang.1_0.compiler (in target 'AppCheckCore' from project 'AppCheck')
    cd /Users/aleks/Desktop/PlanItApp/PlanItApp.xcodeproj
    
    Using response file: /Users/aleks/Library/Developer/Xcode/DerivedData/PlanItApp-gkehojshtcbfvhersqwajfujohau/Build/Intermediates.noindex/AppCheck.build/Debug-iphonesimulator/AppCheckCore.build/Objects-normal/arm64/e6072d4f65d7061329687fe24e3d63a7-common-args.resp
    
    builtin-ScanDependencies -o /Users/aleks/Library/Developer/Xcode/DerivedData/PlanItApp-gkehojshtcbfvhersqwajfujohau/Build/Intermediates.noindex/AppCheck.build/Debug-iphonesimulator/AppCheckCore.build/Objects-normal/arm64/GACAppCheckBackoffWrapper.o.scan -- /Applications/Xcode.app/Contents/Developer/Toolchains/XcodeDefault.xctoolchain/usr/bin/clang -x objective-c -ivfsstatcache /Users/aleks/Library/Developer/Xcode/DerivedData/SDKStatCaches.noindex/iphonesimulator18.5-22F76-d5fc8ad4295d2ef488fb7d0f804ce0c4.sdkstatcache -fmessage-length\=0 -fdiagnostics-show-note-include-stack -fmacro-backtrace-limit\=0 -fno-color-diagnostics -fmodules-prune-interval\=86400 -fmodules-prune-after\=345600 -fbuild-session-file\=/Users/aleks/Library/Developer/Xcode/DerivedData/ModuleCache.noindex/Session.modulevalidation -fmodules-validate-once-per-build-session -Wnon-modular-include-in-framework-module -Werror\=non-modular-include-in-framework-module -Wno-trigraphs -Wno-missing-field-initializers -Wno-missing-prototypes -Wno-return-type -Wno-implicit-atomic-properties -Wno-objc-interface-ivars -Wno-arc-repeated-use-of-weak -Wno-missing-braces -Wparentheses -Wswitch -Wno-unused-function -Wno-unused-label -Wno-unused-parameter -Wno-unused-variable -Wunused-value -Wno-empty-body -Wno-uninitialized -Wno-unknown-pragmas -w -Wno-shadow -Wno-four-char-constants -Wno-conversion -Wno-constant-conversion -Wno-int-conversion -Wno-bool-conversion -Wno-enum-conversion -Wno-float-conversion -Wno-non-literal-null-conversion -Wno-objc-literal-conversion -Wshorten-64-to-32 -Wpointer-sign -Wno-newline-eof -Wno-selector -Wno-strict-selector-match -Wno-undeclared-selector -Wno-deprecated-implementations -Wno-implicit-fallthrough -fstrict-aliasing -Wprotocol -Wdeprecated-declarations -Wno-sign-conversion -Wno-infinite-recursion -Wno-comma -Wno-block-capture-autoreleasing -Wno-strict-prototypes -Wno-semicolon-before-method-body -index-store-path /Users/aleks/Library/Developer/Xcode/DerivedData/PlanItApp-gkehojshtcbfvhersqwajfujohau/Index.noindex/DataStore @/Users/aleks/Library/Developer/Xcode/DerivedData/PlanItApp-gkehojshtcbfvhersqwajfujohau/Build/Intermediates.noindex/AppCheck.build/Debug-iphonesimulator/AppCheckCore.build/Objects-normal/arm64/e6072d4f65d7061329687fe24e3d63a7-common-args.resp -MMD -MT dependencies -MF /Users/aleks/Library/Developer/Xcode/DerivedData/PlanItApp-gkehojshtcbfvhersqwajfujohau/Build/Intermediates.noindex/AppCheck.build/Debug-iphonesimulator/AppCheckCore.build/Objects-normal/arm64/GACAppCheckBackoffWrapper.d --serialize-diagnostics /Users/aleks/Library/Developer/Xcode/DerivedData/PlanItApp-gkehojshtcbfvhersqwajfujohau/Build/Intermediates.noindex/AppCheck.build/Debug-iphonesimulator/AppCheckCore.build/Objects-normal/arm64/GACAppCheckBackoffWrapper.dia -c /Users/aleks/Library/Developer/Xcode/DerivedData/PlanItApp-gkehojshtcbfvhersqwajfujohau/SourcePackages/checkouts/app-check/AppCheckCore/Sources/Core/Backoff/GACAppCheckBackoffWrapper.m -o /Users/aleks/Library/Developer/Xcode/DerivedData/PlanItApp-gkehojshtcbfvhersqwajfujohau/Build/Intermediates.noindex/AppCheck.build/Debug-iphonesimulator/AppCheckCore.build/Objects-normal/arm64/GACAppCheckBackoffWrapper.o -index-unit-output-path /AppCheck.build/Debug-iphonesimulator/AppCheckCore.build/Objects-normal/arm64/GACAppCheckBackoffWrapper.o

ScanDependencies /Users/aleks/Library/Developer/Xcode/DerivedData/PlanItApp-gkehojshtcbfvhersqwajfujohau/Build/Intermediates.noindex/AppCheck.build/Debug-iphonesimulator/AppCheckCore.build/Objects-normal/arm64/GACAppCheckAPIService.o /Users/aleks/Library/Developer/Xcode/DerivedData/PlanItApp-gkehojshtcbfvhersqwajfujohau/SourcePackages/checkouts/app-check/AppCheckCore/Sources/Core/APIService/GACAppCheckAPIService.m normal arm64 objective-c com.apple.compilers.llvm.clang.1_0.compiler (in target 'AppCheckCore' from project 'AppCheck')
    cd /Users/aleks/Desktop/PlanItApp/PlanItApp.xcodeproj
    
    Using response file: /Users/aleks/Library/Developer/Xcode/DerivedData/PlanItApp-gkehojshtcbfvhersqwajfujohau/Build/Intermediates.noindex/AppCheck.build/Debug-iphonesimulator/AppCheckCore.build/Objects-normal/arm64/e6072d4f65d7061329687fe24e3d63a7-common-args.resp
    
    builtin-ScanDependencies -o /Users/aleks/Library/Developer/Xcode/DerivedData/PlanItApp-gkehojshtcbfvhersqwajfujohau/Build/Intermediates.noindex/AppCheck.build/Debug-iphonesimulator/AppCheckCore.build/Objects-normal/arm64/GACAppCheckAPIService.o.scan -- /Applications/Xcode.app/Contents/Developer/Toolchains/XcodeDefault.xctoolchain/usr/bin/clang -x objective-c -ivfsstatcache /Users/aleks/Library/Developer/Xcode/DerivedData/SDKStatCaches.noindex/iphonesimulator18.5-22F76-d5fc8ad4295d2ef488fb7d0f804ce0c4.sdkstatcache -fmessage-length\=0 -fdiagnostics-show-note-include-stack -fmacro-backtrace-limit\=0 -fno-color-diagnostics -fmodules-prune-interval\=86400 -fmodules-prune-after\=345600 -fbuild-session-file\=/Users/aleks/Library/Developer/Xcode/DerivedData/ModuleCache.noindex/Session.modulevalidation -fmodules-validate-once-per-build-session -Wnon-modular-include-in-framework-module -Werror\=non-modular-include-in-framework-module -Wno-trigraphs -Wno-missing-field-initializers -Wno-missing-prototypes -Wno-return-type -Wno-implicit-atomic-properties -Wno-objc-interface-ivars -Wno-arc-repeated-use-of-weak -Wno-missing-braces -Wparentheses -Wswitch -Wno-unused-function -Wno-unused-label -Wno-unused-parameter -Wno-unused-variable -Wunused-value -Wno-empty-body -Wno-uninitialized -Wno-unknown-pragmas -w -Wno-shadow -Wno-four-char-constants -Wno-conversion -Wno-constant-conversion -Wno-int-conversion -Wno-bool-conversion -Wno-enum-conversion -Wno-float-conversion -Wno-non-literal-null-conversion -Wno-objc-literal-conversion -Wshorten-64-to-32 -Wpointer-sign -Wno-newline-eof -Wno-selector -Wno-strict-selector-match -Wno-undeclared-selector -Wno-deprecated-implementations -Wno-implicit-fallthrough -fstrict-aliasing -Wprotocol -Wdeprecated-declarations -Wno-sign-conversion -Wno-infinite-recursion -Wno-comma -Wno-block-capture-autoreleasing -Wno-strict-prototypes -Wno-semicolon-before-method-body -index-store-path /Users/aleks/Library/Developer/Xcode/DerivedData/PlanItApp-gkehojshtcbfvhersqwajfujohau/Index.noindex/DataStore @/Users/aleks/Library/Developer/Xcode/DerivedData/PlanItApp-gkehojshtcbfvhersqwajfujohau/Build/Intermediates.noindex/AppCheck.build/Debug-iphonesimulator/AppCheckCore.build/Objects-normal/arm64/e6072d4f65d7061329687fe24e3d63a7-common-args.resp -MMD -MT dependencies -MF /Users/aleks/Library/Developer/Xcode/DerivedData/PlanItApp-gkehojshtcbfvhersqwajfujohau/Build/Intermediates.noindex/AppCheck.build/Debug-iphonesimulator/AppCheckCore.build/Objects-normal/arm64/GACAppCheckAPIService.d --serialize-diagnostics /Users/aleks/Library/Developer/Xcode/DerivedData/PlanItApp-gkehojshtcbfvhersqwajfujohau/Build/Intermediates.noindex/AppCheck.build/Debug-iphonesimulator/AppCheckCore.build/Objects-normal/arm64/GACAppCheckAPIService.dia -c /Users/aleks/Library/Developer/Xcode/DerivedData/PlanItApp-gkehojshtcbfvhersqwajfujohau/SourcePackages/checkouts/app-check/AppCheckCore/Sources/Core/APIService/GACAppCheckAPIService.m -o /Users/aleks/Library/Developer/Xcode/DerivedData/PlanItApp-gkehojshtcbfvhersqwajfujohau/Build/Intermediates.noindex/AppCheck.build/Debug-iphonesimulator/AppCheckCore.build/Objects-normal/arm64/GACAppCheckAPIService.o -index-unit-output-path /AppCheck.build/Debug-iphonesimulator/AppCheckCore.build/Objects-normal/arm64/GACAppCheckAPIService.o

ScanDependencies /Users/aleks/Library/Developer/Xcode/DerivedData/PlanItApp-gkehojshtcbfvhersqwajfujohau/Build/Intermediates.noindex/AppCheck.build/Debug-iphonesimulator/AppCheckCore.build/Objects-normal/arm64/GACAppCheck.o /Users/aleks/Library/Developer/Xcode/DerivedData/PlanItApp-gkehojshtcbfvhersqwajfujohau/SourcePackages/checkouts/app-check/AppCheckCore/Sources/Core/GACAppCheck.m normal arm64 objective-c com.apple.compilers.llvm.clang.1_0.compiler (in target 'AppCheckCore' from project 'AppCheck')
    cd /Users/aleks/Desktop/PlanItApp/PlanItApp.xcodeproj
    
    Using response file: /Users/aleks/Library/Developer/Xcode/DerivedData/PlanItApp-gkehojshtcbfvhersqwajfujohau/Build/Intermediates.noindex/AppCheck.build/Debug-iphonesimulator/AppCheckCore.build/Objects-normal/arm64/e6072d4f65d7061329687fe24e3d63a7-common-args.resp
    
    builtin-ScanDependencies -o /Users/aleks/Library/Developer/Xcode/DerivedData/PlanItApp-gkehojshtcbfvhersqwajfujohau/Build/Intermediates.noindex/AppCheck.build/Debug-iphonesimulator/AppCheckCore.build/Objects-normal/arm64/GACAppCheck.o.scan -- /Applications/Xcode.app/Contents/Developer/Toolchains/XcodeDefault.xctoolchain/usr/bin/clang -x objective-c -ivfsstatcache /Users/aleks/Library/Developer/Xcode/DerivedData/SDKStatCaches.noindex/iphonesimulator18.5-22F76-d5fc8ad4295d2ef488fb7d0f804ce0c4.sdkstatcache -fmessage-length\=0 -fdiagnostics-show-note-include-stack -fmacro-backtrace-limit\=0 -fno-color-diagnostics -fmodules-prune-interval\=86400 -fmodules-prune-after\=345600 -fbuild-session-file\=/Users/aleks/Library/Developer/Xcode/DerivedData/ModuleCache.noindex/Session.modulevalidation -fmodules-validate-once-per-build-session -Wnon-modular-include-in-framework-module -Werror\=non-modular-include-in-framework-module -Wno-trigraphs -Wno-missing-field-initializers -Wno-missing-prototypes -Wno-return-type -Wno-implicit-atomic-properties -Wno-objc-interface-ivars -Wno-arc-repeated-use-of-weak -Wno-missing-braces -Wparentheses -Wswitch -Wno-unused-function -Wno-unused-label -Wno-unused-parameter -Wno-unused-variable -Wunused-value -Wno-empty-body -Wno-uninitialized -Wno-unknown-pragmas -w -Wno-shadow -Wno-four-char-constants -Wno-conversion -Wno-constant-conversion -Wno-int-conversion -Wno-bool-conversion -Wno-enum-conversion -Wno-float-conversion -Wno-non-literal-null-conversion -Wno-objc-literal-conversion -Wshorten-64-to-32 -Wpointer-sign -Wno-newline-eof -Wno-selector -Wno-strict-selector-match -Wno-undeclared-selector -Wno-deprecated-implementations -Wno-implicit-fallthrough -fstrict-aliasing -Wprotocol -Wdeprecated-declarations -Wno-sign-conversion -Wno-infinite-recursion -Wno-comma -Wno-block-capture-autoreleasing -Wno-strict-prototypes -Wno-semicolon-before-method-body -index-store-path /Users/aleks/Library/Developer/Xcode/DerivedData/PlanItApp-gkehojshtcbfvhersqwajfujohau/Index.noindex/DataStore @/Users/aleks/Library/Developer/Xcode/DerivedData/PlanItApp-gkehojshtcbfvhersqwajfujohau/Build/Intermediates.noindex/AppCheck.build/Debug-iphonesimulator/AppCheckCore.build/Objects-normal/arm64/e6072d4f65d7061329687fe24e3d63a7-common-args.resp -MMD -MT dependencies -MF /Users/aleks/Library/Developer/Xcode/DerivedData/PlanItApp-gkehojshtcbfvhersqwajfujohau/Build/Intermediates.noindex/AppCheck.build/Debug-iphonesimulator/AppCheckCore.build/Objects-normal/arm64/GACAppCheck.d --serialize-diagnostics /Users/aleks/Library/Developer/Xcode/DerivedData/PlanItApp-gkehojshtcbfvhersqwajfujohau/Build/Intermediates.noindex/AppCheck.build/Debug-iphonesimulator/AppCheckCore.build/Objects-normal/arm64/GACAppCheck.dia -c /Users/aleks/Library/Developer/Xcode/DerivedData/PlanItApp-gkehojshtcbfvhersqwajfujohau/SourcePackages/checkouts/app-check/AppCheckCore/Sources/Core/GACAppCheck.m -o /Users/aleks/Library/Developer/Xcode/DerivedData/PlanItApp-gkehojshtcbfvhersqwajfujohau/Build/Intermediates.noindex/AppCheck.build/Debug-iphonesimulator/AppCheckCore.build/Objects-normal/arm64/GACAppCheck.o -index-unit-output-path /AppCheck.build/Debug-iphonesimulator/AppCheckCore.build/Objects-normal/arm64/GACAppCheck.o

ScanDependencies /Users/aleks/Library/Developer/Xcode/DerivedData/PlanItApp-gkehojshtcbfvhersqwajfujohau/Build/Intermediates.noindex/AppCheck.build/Debug-iphonesimulator/AppCheckCore.build/Objects-normal/arm64/GACAppAttestStoredArtifact.o /Users/aleks/Library/Developer/Xcode/DerivedData/PlanItApp-gkehojshtcbfvhersqwajfujohau/SourcePackages/checkouts/app-check/AppCheckCore/Sources/AppAttestProvider/Storage/GACAppAttestStoredArtifact.m normal arm64 objective-c com.apple.compilers.llvm.clang.1_0.compiler (in target 'AppCheckCore' from project 'AppCheck')
    cd /Users/aleks/Desktop/PlanItApp/PlanItApp.xcodeproj
    
    Using response file: /Users/aleks/Library/Developer/Xcode/DerivedData/PlanItApp-gkehojshtcbfvhersqwajfujohau/Build/Intermediates.noindex/AppCheck.build/Debug-iphonesimulator/AppCheckCore.build/Objects-normal/arm64/e6072d4f65d7061329687fe24e3d63a7-common-args.resp
    
    builtin-ScanDependencies -o /Users/aleks/Library/Developer/Xcode/DerivedData/PlanItApp-gkehojshtcbfvhersqwajfujohau/Build/Intermediates.noindex/AppCheck.build/Debug-iphonesimulator/AppCheckCore.build/Objects-normal/arm64/GACAppAttestStoredArtifact.o.scan -- /Applications/Xcode.app/Contents/Developer/Toolchains/XcodeDefault.xctoolchain/usr/bin/clang -x objective-c -ivfsstatcache /Users/aleks/Library/Developer/Xcode/DerivedData/SDKStatCaches.noindex/iphonesimulator18.5-22F76-d5fc8ad4295d2ef488fb7d0f804ce0c4.sdkstatcache -fmessage-length\=0 -fdiagnostics-show-note-include-stack -fmacro-backtrace-limit\=0 -fno-color-diagnostics -fmodules-prune-interval\=86400 -fmodules-prune-after\=345600 -fbuild-session-file\=/Users/aleks/Library/Developer/Xcode/DerivedData/ModuleCache.noindex/Session.modulevalidation -fmodules-validate-once-per-build-session -Wnon-modular-include-in-framework-module -Werror\=non-modular-include-in-framework-module -Wno-trigraphs -Wno-missing-field-initializers -Wno-missing-prototypes -Wno-return-type -Wno-implicit-atomic-properties -Wno-objc-interface-ivars -Wno-arc-repeated-use-of-weak -Wno-missing-braces -Wparentheses -Wswitch -Wno-unused-function -Wno-unused-label -Wno-unused-parameter -Wno-unused-variable -Wunused-value -Wno-empty-body -Wno-uninitialized -Wno-unknown-pragmas -w -Wno-shadow -Wno-four-char-constants -Wno-conversion -Wno-constant-conversion -Wno-int-conversion -Wno-bool-conversion -Wno-enum-conversion -Wno-float-conversion -Wno-non-literal-null-conversion -Wno-objc-literal-conversion -Wshorten-64-to-32 -Wpointer-sign -Wno-newline-eof -Wno-selector -Wno-strict-selector-match -Wno-undeclared-selector -Wno-deprecated-implementations -Wno-implicit-fallthrough -fstrict-aliasing -Wprotocol -Wdeprecated-declarations -Wno-sign-conversion -Wno-infinite-recursion -Wno-comma -Wno-block-capture-autoreleasing -Wno-strict-prototypes -Wno-semicolon-before-method-body -index-store-path /Users/aleks/Library/Developer/Xcode/DerivedData/PlanItApp-gkehojshtcbfvhersqwajfujohau/Index.noindex/DataStore @/Users/aleks/Library/Developer/Xcode/DerivedData/PlanItApp-gkehojshtcbfvhersqwajfujohau/Build/Intermediates.noindex/AppCheck.build/Debug-iphonesimulator/AppCheckCore.build/Objects-normal/arm64/e6072d4f65d7061329687fe24e3d63a7-common-args.resp -MMD -MT dependencies -MF /Users/aleks/Library/Developer/Xcode/DerivedData/PlanItApp-gkehojshtcbfvhersqwajfujohau/Build/Intermediates.noindex/AppCheck.build/Debug-iphonesimulator/AppCheckCore.build/Objects-normal/arm64/GACAppAttestStoredArtifact.d --serialize-diagnostics /Users/aleks/Library/Developer/Xcode/DerivedData/PlanItApp-gkehojshtcbfvhersqwajfujohau/Build/Intermediates.noindex/AppCheck.build/Debug-iphonesimulator/AppCheckCore.build/Objects-normal/arm64/GACAppAttestStoredArtifact.dia -c /Users/aleks/Library/Developer/Xcode/DerivedData/PlanItApp-gkehojshtcbfvhersqwajfujohau/SourcePackages/checkouts/app-check/AppCheckCore/Sources/AppAttestProvider/Storage/GACAppAttestStoredArtifact.m -o /Users/aleks/Library/Developer/Xcode/DerivedData/PlanItApp-gkehojshtcbfvhersqwajfujohau/Build/Intermediates.noindex/AppCheck.build/Debug-iphonesimulator/AppCheckCore.build/Objects-normal/arm64/GACAppAttestStoredArtifact.o -index-unit-output-path /AppCheck.build/Debug-iphonesimulator/AppCheckCore.build/Objects-normal/arm64/GACAppAttestStoredArtifact.o

ScanDependencies /Users/aleks/Library/Developer/Xcode/DerivedData/PlanItApp-gkehojshtcbfvhersqwajfujohau/Build/Intermediates.noindex/AppCheck.build/Debug-iphonesimulator/AppCheckCore.build/Objects-normal/arm64/GACAppAttestRejectionError.o /Users/aleks/Library/Developer/Xcode/DerivedData/PlanItApp-gkehojshtcbfvhersqwajfujohau/SourcePackages/checkouts/app-check/AppCheckCore/Sources/AppAttestProvider/Errors/GACAppAttestRejectionError.m normal arm64 objective-c com.apple.compilers.llvm.clang.1_0.compiler (in target 'AppCheckCore' from project 'AppCheck')
    cd /Users/aleks/Desktop/PlanItApp/PlanItApp.xcodeproj
    
    Using response file: /Users/aleks/Library/Developer/Xcode/DerivedData/PlanItApp-gkehojshtcbfvhersqwajfujohau/Build/Intermediates.noindex/AppCheck.build/Debug-iphonesimulator/AppCheckCore.build/Objects-normal/arm64/e6072d4f65d7061329687fe24e3d63a7-common-args.resp
    
    builtin-ScanDependencies -o /Users/aleks/Library/Developer/Xcode/DerivedData/PlanItApp-gkehojshtcbfvhersqwajfujohau/Build/Intermediates.noindex/AppCheck.build/Debug-iphonesimulator/AppCheckCore.build/Objects-normal/arm64/GACAppAttestRejectionError.o.scan -- /Applications/Xcode.app/Contents/Developer/Toolchains/XcodeDefault.xctoolchain/usr/bin/clang -x objective-c -ivfsstatcache /Users/aleks/Library/Developer/Xcode/DerivedData/SDKStatCaches.noindex/iphonesimulator18.5-22F76-d5fc8ad4295d2ef488fb7d0f804ce0c4.sdkstatcache -fmessage-length\=0 -fdiagnostics-show-note-include-stack -fmacro-backtrace-limit\=0 -fno-color-diagnostics -fmodules-prune-interval\=86400 -fmodules-prune-after\=345600 -fbuild-session-file\=/Users/aleks/Library/Developer/Xcode/DerivedData/ModuleCache.noindex/Session.modulevalidation -fmodules-validate-once-per-build-session -Wnon-modular-include-in-framework-module -Werror\=non-modular-include-in-framework-module -Wno-trigraphs -Wno-missing-field-initializers -Wno-missing-prototypes -Wno-return-type -Wno-implicit-atomic-properties -Wno-objc-interface-ivars -Wno-arc-repeated-use-of-weak -Wno-missing-braces -Wparentheses -Wswitch -Wno-unused-function -Wno-unused-label -Wno-unused-parameter -Wno-unused-variable -Wunused-value -Wno-empty-body -Wno-uninitialized -Wno-unknown-pragmas -w -Wno-shadow -Wno-four-char-constants -Wno-conversion -Wno-constant-conversion -Wno-int-conversion -Wno-bool-conversion -Wno-enum-conversion -Wno-float-conversion -Wno-non-literal-null-conversion -Wno-objc-literal-conversion -Wshorten-64-to-32 -Wpointer-sign -Wno-newline-eof -Wno-selector -Wno-strict-selector-match -Wno-undeclared-selector -Wno-deprecated-implementations -Wno-implicit-fallthrough -fstrict-aliasing -Wprotocol -Wdeprecated-declarations -Wno-sign-conversion -Wno-infinite-recursion -Wno-comma -Wno-block-capture-autoreleasing -Wno-strict-prototypes -Wno-semicolon-before-method-body -index-store-path /Users/aleks/Library/Developer/Xcode/DerivedData/PlanItApp-gkehojshtcbfvhersqwajfujohau/Index.noindex/DataStore @/Users/aleks/Library/Developer/Xcode/DerivedData/PlanItApp-gkehojshtcbfvhersqwajfujohau/Build/Intermediates.noindex/AppCheck.build/Debug-iphonesimulator/AppCheckCore.build/Objects-normal/arm64/e6072d4f65d7061329687fe24e3d63a7-common-args.resp -MMD -MT dependencies -MF /Users/aleks/Library/Developer/Xcode/DerivedData/PlanItApp-gkehojshtcbfvhersqwajfujohau/Build/Intermediates.noindex/AppCheck.build/Debug-iphonesimulator/AppCheckCore.build/Objects-normal/arm64/GACAppAttestRejectionError.d --serialize-diagnostics /Users/aleks/Library/Developer/Xcode/DerivedData/PlanItApp-gkehojshtcbfvhersqwajfujohau/Build/Intermediates.noindex/AppCheck.build/Debug-iphonesimulator/AppCheckCore.build/Objects-normal/arm64/GACAppAttestRejectionError.dia -c /Users/aleks/Library/Developer/Xcode/DerivedData/PlanItApp-gkehojshtcbfvhersqwajfujohau/SourcePackages/checkouts/app-check/AppCheckCore/Sources/AppAttestProvider/Errors/GACAppAttestRejectionError.m -o /Users/aleks/Library/Developer/Xcode/DerivedData/PlanItApp-gkehojshtcbfvhersqwajfujohau/Build/Intermediates.noindex/AppCheck.build/Debug-iphonesimulator/AppCheckCore.build/Objects-normal/arm64/GACAppAttestRejectionError.o -index-unit-output-path /AppCheck.build/Debug-iphonesimulator/AppCheckCore.build/Objects-normal/arm64/GACAppAttestRejectionError.o

ScanDependencies /Users/aleks/Library/Developer/Xcode/DerivedData/PlanItApp-gkehojshtcbfvhersqwajfujohau/Build/Intermediates.noindex/AppCheck.build/Debug-iphonesimulator/AppCheckCore.build/Objects-normal/arm64/GACAppAttestProviderState.o /Users/aleks/Library/Developer/Xcode/DerivedData/PlanItApp-gkehojshtcbfvhersqwajfujohau/SourcePackages/checkouts/app-check/AppCheckCore/Sources/AppAttestProvider/GACAppAttestProviderState.m normal arm64 objective-c com.apple.compilers.llvm.clang.1_0.compiler (in target 'AppCheckCore' from project 'AppCheck')
    cd /Users/aleks/Desktop/PlanItApp/PlanItApp.xcodeproj
    
    Using response file: /Users/aleks/Library/Developer/Xcode/DerivedData/PlanItApp-gkehojshtcbfvhersqwajfujohau/Build/Intermediates.noindex/AppCheck.build/Debug-iphonesimulator/AppCheckCore.build/Objects-normal/arm64/e6072d4f65d7061329687fe24e3d63a7-common-args.resp
    
    builtin-ScanDependencies -o /Users/aleks/Library/Developer/Xcode/DerivedData/PlanItApp-gkehojshtcbfvhersqwajfujohau/Build/Intermediates.noindex/AppCheck.build/Debug-iphonesimulator/AppCheckCore.build/Objects-normal/arm64/GACAppAttestProviderState.o.scan -- /Applications/Xcode.app/Contents/Developer/Toolchains/XcodeDefault.xctoolchain/usr/bin/clang -x objective-c -ivfsstatcache /Users/aleks/Library/Developer/Xcode/DerivedData/SDKStatCaches.noindex/iphonesimulator18.5-22F76-d5fc8ad4295d2ef488fb7d0f804ce0c4.sdkstatcache -fmessage-length\=0 -fdiagnostics-show-note-include-stack -fmacro-backtrace-limit\=0 -fno-color-diagnostics -fmodules-prune-interval\=86400 -fmodules-prune-after\=345600 -fbuild-session-file\=/Users/aleks/Library/Developer/Xcode/DerivedData/ModuleCache.noindex/Session.modulevalidation -fmodules-validate-once-per-build-session -Wnon-modular-include-in-framework-module -Werror\=non-modular-include-in-framework-module -Wno-trigraphs -Wno-missing-field-initializers -Wno-missing-prototypes -Wno-return-type -Wno-implicit-atomic-properties -Wno-objc-interface-ivars -Wno-arc-repeated-use-of-weak -Wno-missing-braces -Wparentheses -Wswitch -Wno-unused-function -Wno-unused-label -Wno-unused-parameter -Wno-unused-variable -Wunused-value -Wno-empty-body -Wno-uninitialized -Wno-unknown-pragmas -w -Wno-shadow -Wno-four-char-constants -Wno-conversion -Wno-constant-conversion -Wno-int-conversion -Wno-bool-conversion -Wno-enum-conversion -Wno-float-conversion -Wno-non-literal-null-conversion -Wno-objc-literal-conversion -Wshorten-64-to-32 -Wpointer-sign -Wno-newline-eof -Wno-selector -Wno-strict-selector-match -Wno-undeclared-selector -Wno-deprecated-implementations -Wno-implicit-fallthrough -fstrict-aliasing -Wprotocol -Wdeprecated-declarations -Wno-sign-conversion -Wno-infinite-recursion -Wno-comma -Wno-block-capture-autoreleasing -Wno-strict-prototypes -Wno-semicolon-before-method-body -index-store-path /Users/aleks/Library/Developer/Xcode/DerivedData/PlanItApp-gkehojshtcbfvhersqwajfujohau/Index.noindex/DataStore @/Users/aleks/Library/Developer/Xcode/DerivedData/PlanItApp-gkehojshtcbfvhersqwajfujohau/Build/Intermediates.noindex/AppCheck.build/Debug-iphonesimulator/AppCheckCore.build/Objects-normal/arm64/e6072d4f65d7061329687fe24e3d63a7-common-args.resp -MMD -MT dependencies -MF /Users/aleks/Library/Developer/Xcode/DerivedData/PlanItApp-gkehojshtcbfvhersqwajfujohau/Build/Intermediates.noindex/AppCheck.build/Debug-iphonesimulator/AppCheckCore.build/Objects-normal/arm64/GACAppAttestProviderState.d --serialize-diagnostics /Users/aleks/Library/Developer/Xcode/DerivedData/PlanItApp-gkehojshtcbfvhersqwajfujohau/Build/Intermediates.noindex/AppCheck.build/Debug-iphonesimulator/AppCheckCore.build/Objects-normal/arm64/GACAppAttestProviderState.dia -c /Users/aleks/Library/Developer/Xcode/DerivedData/PlanItApp-gkehojshtcbfvhersqwajfujohau/SourcePackages/checkouts/app-check/AppCheckCore/Sources/AppAttestProvider/GACAppAttestProviderState.m -o /Users/aleks/Library/Developer/Xcode/DerivedData/PlanItApp-gkehojshtcbfvhersqwajfujohau/Build/Intermediates.noindex/AppCheck.build/Debug-iphonesimulator/AppCheckCore.build/Objects-normal/arm64/GACAppAttestProviderState.o -index-unit-output-path /AppCheck.build/Debug-iphonesimulator/AppCheckCore.build/Objects-normal/arm64/GACAppAttestProviderState.o

ScanDependencies /Users/aleks/Library/Developer/Xcode/DerivedData/PlanItApp-gkehojshtcbfvhersqwajfujohau/Build/Intermediates.noindex/AppCheck.build/Debug-iphonesimulator/AppCheckCore.build/Objects-normal/arm64/GACAppAttestProvider.o /Users/aleks/Library/Developer/Xcode/DerivedData/PlanItApp-gkehojshtcbfvhersqwajfujohau/SourcePackages/checkouts/app-check/AppCheckCore/Sources/AppAttestProvider/GACAppAttestProvider.m normal arm64 objective-c com.apple.compilers.llvm.clang.1_0.compiler (in target 'AppCheckCore' from project 'AppCheck')
    cd /Users/aleks/Desktop/PlanItApp/PlanItApp.xcodeproj
    
    Using response file: /Users/aleks/Library/Developer/Xcode/DerivedData/PlanItApp-gkehojshtcbfvhersqwajfujohau/Build/Intermediates.noindex/AppCheck.build/Debug-iphonesimulator/AppCheckCore.build/Objects-normal/arm64/e6072d4f65d7061329687fe24e3d63a7-common-args.resp
    
    builtin-ScanDependencies -o /Users/aleks/Library/Developer/Xcode/DerivedData/PlanItApp-gkehojshtcbfvhersqwajfujohau/Build/Intermediates.noindex/AppCheck.build/Debug-iphonesimulator/AppCheckCore.build/Objects-normal/arm64/GACAppAttestProvider.o.scan -- /Applications/Xcode.app/Contents/Developer/Toolchains/XcodeDefault.xctoolchain/usr/bin/clang -x objective-c -ivfsstatcache /Users/aleks/Library/Developer/Xcode/DerivedData/SDKStatCaches.noindex/iphonesimulator18.5-22F76-d5fc8ad4295d2ef488fb7d0f804ce0c4.sdkstatcache -fmessage-length\=0 -fdiagnostics-show-note-include-stack -fmacro-backtrace-limit\=0 -fno-color-diagnostics -fmodules-prune-interval\=86400 -fmodules-prune-after\=345600 -fbuild-session-file\=/Users/aleks/Library/Developer/Xcode/DerivedData/ModuleCache.noindex/Session.modulevalidation -fmodules-validate-once-per-build-session -Wnon-modular-include-in-framework-module -Werror\=non-modular-include-in-framework-module -Wno-trigraphs -Wno-missing-field-initializers -Wno-missing-prototypes -Wno-return-type -Wno-implicit-atomic-properties -Wno-objc-interface-ivars -Wno-arc-repeated-use-of-weak -Wno-missing-braces -Wparentheses -Wswitch -Wno-unused-function -Wno-unused-label -Wno-unused-parameter -Wno-unused-variable -Wunused-value -Wno-empty-body -Wno-uninitialized -Wno-unknown-pragmas -w -Wno-shadow -Wno-four-char-constants -Wno-conversion -Wno-constant-conversion -Wno-int-conversion -Wno-bool-conversion -Wno-enum-conversion -Wno-float-conversion -Wno-non-literal-null-conversion -Wno-objc-literal-conversion -Wshorten-64-to-32 -Wpointer-sign -Wno-newline-eof -Wno-selector -Wno-strict-selector-match -Wno-undeclared-selector -Wno-deprecated-implementations -Wno-implicit-fallthrough -fstrict-aliasing -Wprotocol -Wdeprecated-declarations -Wno-sign-conversion -Wno-infinite-recursion -Wno-comma -Wno-block-capture-autoreleasing -Wno-strict-prototypes -Wno-semicolon-before-method-body -index-store-path /Users/aleks/Library/Developer/Xcode/DerivedData/PlanItApp-gkehojshtcbfvhersqwajfujohau/Index.noindex/DataStore @/Users/aleks/Library/Developer/Xcode/DerivedData/PlanItApp-gkehojshtcbfvhersqwajfujohau/Build/Intermediates.noindex/AppCheck.build/Debug-iphonesimulator/AppCheckCore.build/Objects-normal/arm64/e6072d4f65d7061329687fe24e3d63a7-common-args.resp -MMD -MT dependencies -MF /Users/aleks/Library/Developer/Xcode/DerivedData/PlanItApp-gkehojshtcbfvhersqwajfujohau/Build/Intermediates.noindex/AppCheck.build/Debug-iphonesimulator/AppCheckCore.build/Objects-normal/arm64/GACAppAttestProvider.d --serialize-diagnostics /Users/aleks/Library/Developer/Xcode/DerivedData/PlanItApp-gkehojshtcbfvhersqwajfujohau/Build/Intermediates.noindex/AppCheck.build/Debug-iphonesimulator/AppCheckCore.build/Objects-normal/arm64/GACAppAttestProvider.dia -c /Users/aleks/Library/Developer/Xcode/DerivedData/PlanItApp-gkehojshtcbfvhersqwajfujohau/SourcePackages/checkouts/app-check/AppCheckCore/Sources/AppAttestProvider/GACAppAttestProvider.m -o /Users/aleks/Library/Developer/Xcode/DerivedData/PlanItApp-gkehojshtcbfvhersqwajfujohau/Build/Intermediates.noindex/AppCheck.build/Debug-iphonesimulator/AppCheckCore.build/Objects-normal/arm64/GACAppAttestProvider.o -index-unit-output-path /AppCheck.build/Debug-iphonesimulator/AppCheckCore.build/Objects-normal/arm64/GACAppAttestProvider.o

ScanDependencies /Users/aleks/Library/Developer/Xcode/DerivedData/PlanItApp-gkehojshtcbfvhersqwajfujohau/Build/Intermediates.noindex/AppCheck.build/Debug-iphonesimulator/AppCheckCore.build/Objects-normal/arm64/GACAppAttestKeyIDStorage.o /Users/aleks/Library/Developer/Xcode/DerivedData/PlanItApp-gkehojshtcbfvhersqwajfujohau/SourcePackages/checkouts/app-check/AppCheckCore/Sources/AppAttestProvider/Storage/GACAppAttestKeyIDStorage.m normal arm64 objective-c com.apple.compilers.llvm.clang.1_0.compiler (in target 'AppCheckCore' from project 'AppCheck')
    cd /Users/aleks/Desktop/PlanItApp/PlanItApp.xcodeproj
    
    Using response file: /Users/aleks/Library/Developer/Xcode/DerivedData/PlanItApp-gkehojshtcbfvhersqwajfujohau/Build/Intermediates.noindex/AppCheck.build/Debug-iphonesimulator/AppCheckCore.build/Objects-normal/arm64/e6072d4f65d7061329687fe24e3d63a7-common-args.resp
    
    builtin-ScanDependencies -o /Users/aleks/Library/Developer/Xcode/DerivedData/PlanItApp-gkehojshtcbfvhersqwajfujohau/Build/Intermediates.noindex/AppCheck.build/Debug-iphonesimulator/AppCheckCore.build/Objects-normal/arm64/GACAppAttestKeyIDStorage.o.scan -- /Applications/Xcode.app/Contents/Developer/Toolchains/XcodeDefault.xctoolchain/usr/bin/clang -x objective-c -ivfsstatcache /Users/aleks/Library/Developer/Xcode/DerivedData/SDKStatCaches.noindex/iphonesimulator18.5-22F76-d5fc8ad4295d2ef488fb7d0f804ce0c4.sdkstatcache -fmessage-length\=0 -fdiagnostics-show-note-include-stack -fmacro-backtrace-limit\=0 -fno-color-diagnostics -fmodules-prune-interval\=86400 -fmodules-prune-after\=345600 -fbuild-session-file\=/Users/aleks/Library/Developer/Xcode/DerivedData/ModuleCache.noindex/Session.modulevalidation -fmodules-validate-once-per-build-session -Wnon-modular-include-in-framework-module -Werror\=non-modular-include-in-framework-module -Wno-trigraphs -Wno-missing-field-initializers -Wno-missing-prototypes -Wno-return-type -Wno-implicit-atomic-properties -Wno-objc-interface-ivars -Wno-arc-repeated-use-of-weak -Wno-missing-braces -Wparentheses -Wswitch -Wno-unused-function -Wno-unused-label -Wno-unused-parameter -Wno-unused-variable -Wunused-value -Wno-empty-body -Wno-uninitialized -Wno-unknown-pragmas -w -Wno-shadow -Wno-four-char-constants -Wno-conversion -Wno-constant-conversion -Wno-int-conversion -Wno-bool-conversion -Wno-enum-conversion -Wno-float-conversion -Wno-non-literal-null-conversion -Wno-objc-literal-conversion -Wshorten-64-to-32 -Wpointer-sign -Wno-newline-eof -Wno-selector -Wno-strict-selector-match -Wno-undeclared-selector -Wno-deprecated-implementations -Wno-implicit-fallthrough -fstrict-aliasing -Wprotocol -Wdeprecated-declarations -Wno-sign-conversion -Wno-infinite-recursion -Wno-comma -Wno-block-capture-autoreleasing -Wno-strict-prototypes -Wno-semicolon-before-method-body -index-store-path /Users/aleks/Library/Developer/Xcode/DerivedData/PlanItApp-gkehojshtcbfvhersqwajfujohau/Index.noindex/DataStore @/Users/aleks/Library/Developer/Xcode/DerivedData/PlanItApp-gkehojshtcbfvhersqwajfujohau/Build/Intermediates.noindex/AppCheck.build/Debug-iphonesimulator/AppCheckCore.build/Objects-normal/arm64/e6072d4f65d7061329687fe24e3d63a7-common-args.resp -MMD -MT dependencies -MF /Users/aleks/Library/Developer/Xcode/DerivedData/PlanItApp-gkehojshtcbfvhersqwajfujohau/Build/Intermediates.noindex/AppCheck.build/Debug-iphonesimulator/AppCheckCore.build/Objects-normal/arm64/GACAppAttestKeyIDStorage.d --serialize-diagnostics /Users/aleks/Library/Developer/Xcode/DerivedData/PlanItApp-gkehojshtcbfvhersqwajfujohau/Build/Intermediates.noindex/AppCheck.build/Debug-iphonesimulator/AppCheckCore.build/Objects-normal/arm64/GACAppAttestKeyIDStorage.dia -c /Users/aleks/Library/Developer/Xcode/DerivedData/PlanItApp-gkehojshtcbfvhersqwajfujohau/SourcePackages/checkouts/app-check/AppCheckCore/Sources/AppAttestProvider/Storage/GACAppAttestKeyIDStorage.m -o /Users/aleks/Library/Developer/Xcode/DerivedData/PlanItApp-gkehojshtcbfvhersqwajfujohau/Build/Intermediates.noindex/AppCheck.build/Debug-iphonesimulator/AppCheckCore.build/Objects-normal/arm64/GACAppAttestKeyIDStorage.o -index-unit-output-path /AppCheck.build/Debug-iphonesimulator/AppCheckCore.build/Objects-normal/arm64/GACAppAttestKeyIDStorage.o

ScanDependencies /Users/aleks/Library/Developer/Xcode/DerivedData/PlanItApp-gkehojshtcbfvhersqwajfujohau/Build/Intermediates.noindex/AppCheck.build/Debug-iphonesimulator/AppCheckCore.build/Objects-normal/arm64/GACAppAttestAttestationResponse.o /Users/aleks/Library/Developer/Xcode/DerivedData/PlanItApp-gkehojshtcbfvhersqwajfujohau/SourcePackages/checkouts/app-check/AppCheckCore/Sources/AppAttestProvider/API/GACAppAttestAttestationResponse.m normal arm64 objective-c com.apple.compilers.llvm.clang.1_0.compiler (in target 'AppCheckCore' from project 'AppCheck')
    cd /Users/aleks/Desktop/PlanItApp/PlanItApp.xcodeproj
    
    Using response file: /Users/aleks/Library/Developer/Xcode/DerivedData/PlanItApp-gkehojshtcbfvhersqwajfujohau/Build/Intermediates.noindex/AppCheck.build/Debug-iphonesimulator/AppCheckCore.build/Objects-normal/arm64/e6072d4f65d7061329687fe24e3d63a7-common-args.resp
    
    builtin-ScanDependencies -o /Users/aleks/Library/Developer/Xcode/DerivedData/PlanItApp-gkehojshtcbfvhersqwajfujohau/Build/Intermediates.noindex/AppCheck.build/Debug-iphonesimulator/AppCheckCore.build/Objects-normal/arm64/GACAppAttestAttestationResponse.o.scan -- /Applications/Xcode.app/Contents/Developer/Toolchains/XcodeDefault.xctoolchain/usr/bin/clang -x objective-c -ivfsstatcache /Users/aleks/Library/Developer/Xcode/DerivedData/SDKStatCaches.noindex/iphonesimulator18.5-22F76-d5fc8ad4295d2ef488fb7d0f804ce0c4.sdkstatcache -fmessage-length\=0 -fdiagnostics-show-note-include-stack -fmacro-backtrace-limit\=0 -fno-color-diagnostics -fmodules-prune-interval\=86400 -fmodules-prune-after\=345600 -fbuild-session-file\=/Users/aleks/Library/Developer/Xcode/DerivedData/ModuleCache.noindex/Session.modulevalidation -fmodules-validate-once-per-build-session -Wnon-modular-include-in-framework-module -Werror\=non-modular-include-in-framework-module -Wno-trigraphs -Wno-missing-field-initializers -Wno-missing-prototypes -Wno-return-type -Wno-implicit-atomic-properties -Wno-objc-interface-ivars -Wno-arc-repeated-use-of-weak -Wno-missing-braces -Wparentheses -Wswitch -Wno-unused-function -Wno-unused-label -Wno-unused-parameter -Wno-unused-variable -Wunused-value -Wno-empty-body -Wno-uninitialized -Wno-unknown-pragmas -w -Wno-shadow -Wno-four-char-constants -Wno-conversion -Wno-constant-conversion -Wno-int-conversion -Wno-bool-conversion -Wno-enum-conversion -Wno-float-conversion -Wno-non-literal-null-conversion -Wno-objc-literal-conversion -Wshorten-64-to-32 -Wpointer-sign -Wno-newline-eof -Wno-selector -Wno-strict-selector-match -Wno-undeclared-selector -Wno-deprecated-implementations -Wno-implicit-fallthrough -fstrict-aliasing -Wprotocol -Wdeprecated-declarations -Wno-sign-conversion -Wno-infinite-recursion -Wno-comma -Wno-block-capture-autoreleasing -Wno-strict-prototypes -Wno-semicolon-before-method-body -index-store-path /Users/aleks/Library/Developer/Xcode/DerivedData/PlanItApp-gkehojshtcbfvhersqwajfujohau/Index.noindex/DataStore @/Users/aleks/Library/Developer/Xcode/DerivedData/PlanItApp-gkehojshtcbfvhersqwajfujohau/Build/Intermediates.noindex/AppCheck.build/Debug-iphonesimulator/AppCheckCore.build/Objects-normal/arm64/e6072d4f65d7061329687fe24e3d63a7-common-args.resp -MMD -MT dependencies -MF /Users/aleks/Library/Developer/Xcode/DerivedData/PlanItApp-gkehojshtcbfvhersqwajfujohau/Build/Intermediates.noindex/AppCheck.build/Debug-iphonesimulator/AppCheckCore.build/Objects-normal/arm64/GACAppAttestAttestationResponse.d --serialize-diagnostics /Users/aleks/Library/Developer/Xcode/DerivedData/PlanItApp-gkehojshtcbfvhersqwajfujohau/Build/Intermediates.noindex/AppCheck.build/Debug-iphonesimulator/AppCheckCore.build/Objects-normal/arm64/GACAppAttestAttestationResponse.dia -c /Users/aleks/Library/Developer/Xcode/DerivedData/PlanItApp-gkehojshtcbfvhersqwajfujohau/SourcePackages/checkouts/app-check/AppCheckCore/Sources/AppAttestProvider/API/GACAppAttestAttestationResponse.m -o /Users/aleks/Library/Developer/Xcode/DerivedData/PlanItApp-gkehojshtcbfvhersqwajfujohau/Build/Intermediates.noindex/AppCheck.build/Debug-iphonesimulator/AppCheckCore.build/Objects-normal/arm64/GACAppAttestAttestationResponse.o -index-unit-output-path /AppCheck.build/Debug-iphonesimulator/AppCheckCore.build/Objects-normal/arm64/GACAppAttestAttestationResponse.o

ScanDependencies /Users/aleks/Library/Developer/Xcode/DerivedData/PlanItApp-gkehojshtcbfvhersqwajfujohau/Build/Intermediates.noindex/AppCheck.build/Debug-iphonesimulator/AppCheckCore.build/Objects-normal/arm64/GACAppAttestArtifactStorage.o /Users/aleks/Library/Developer/Xcode/DerivedData/PlanItApp-gkehojshtcbfvhersqwajfujohau/SourcePackages/checkouts/app-check/AppCheckCore/Sources/AppAttestProvider/Storage/GACAppAttestArtifactStorage.m normal arm64 objective-c com.apple.compilers.llvm.clang.1_0.compiler (in target 'AppCheckCore' from project 'AppCheck')
    cd /Users/aleks/Desktop/PlanItApp/PlanItApp.xcodeproj
    
    Using response file: /Users/aleks/Library/Developer/Xcode/DerivedData/PlanItApp-gkehojshtcbfvhersqwajfujohau/Build/Intermediates.noindex/AppCheck.build/Debug-iphonesimulator/AppCheckCore.build/Objects-normal/arm64/e6072d4f65d7061329687fe24e3d63a7-common-args.resp
    
    builtin-ScanDependencies -o /Users/aleks/Library/Developer/Xcode/DerivedData/PlanItApp-gkehojshtcbfvhersqwajfujohau/Build/Intermediates.noindex/AppCheck.build/Debug-iphonesimulator/AppCheckCore.build/Objects-normal/arm64/GACAppAttestArtifactStorage.o.scan -- /Applications/Xcode.app/Contents/Developer/Toolchains/XcodeDefault.xctoolchain/usr/bin/clang -x objective-c -ivfsstatcache /Users/aleks/Library/Developer/Xcode/DerivedData/SDKStatCaches.noindex/iphonesimulator18.5-22F76-d5fc8ad4295d2ef488fb7d0f804ce0c4.sdkstatcache -fmessage-length\=0 -fdiagnostics-show-note-include-stack -fmacro-backtrace-limit\=0 -fno-color-diagnostics -fmodules-prune-interval\=86400 -fmodules-prune-after\=345600 -fbuild-session-file\=/Users/aleks/Library/Developer/Xcode/DerivedData/ModuleCache.noindex/Session.modulevalidation -fmodules-validate-once-per-build-session -Wnon-modular-include-in-framework-module -Werror\=non-modular-include-in-framework-module -Wno-trigraphs -Wno-missing-field-initializers -Wno-missing-prototypes -Wno-return-type -Wno-implicit-atomic-properties -Wno-objc-interface-ivars -Wno-arc-repeated-use-of-weak -Wno-missing-braces -Wparentheses -Wswitch -Wno-unused-function -Wno-unused-label -Wno-unused-parameter -Wno-unused-variable -Wunused-value -Wno-empty-body -Wno-uninitialized -Wno-unknown-pragmas -w -Wno-shadow -Wno-four-char-constants -Wno-conversion -Wno-constant-conversion -Wno-int-conversion -Wno-bool-conversion -Wno-enum-conversion -Wno-float-conversion -Wno-non-literal-null-conversion -Wno-objc-literal-conversion -Wshorten-64-to-32 -Wpointer-sign -Wno-newline-eof -Wno-selector -Wno-strict-selector-match -Wno-undeclared-selector -Wno-deprecated-implementations -Wno-implicit-fallthrough -fstrict-aliasing -Wprotocol -Wdeprecated-declarations -Wno-sign-conversion -Wno-infinite-recursion -Wno-comma -Wno-block-capture-autoreleasing -Wno-strict-prototypes -Wno-semicolon-before-method-body -index-store-path /Users/aleks/Library/Developer/Xcode/DerivedData/PlanItApp-gkehojshtcbfvhersqwajfujohau/Index.noindex/DataStore @/Users/aleks/Library/Developer/Xcode/DerivedData/PlanItApp-gkehojshtcbfvhersqwajfujohau/Build/Intermediates.noindex/AppCheck.build/Debug-iphonesimulator/AppCheckCore.build/Objects-normal/arm64/e6072d4f65d7061329687fe24e3d63a7-common-args.resp -MMD -MT dependencies -MF /Users/aleks/Library/Developer/Xcode/DerivedData/PlanItApp-gkehojshtcbfvhersqwajfujohau/Build/Intermediates.noindex/AppCheck.build/Debug-iphonesimulator/AppCheckCore.build/Objects-normal/arm64/GACAppAttestArtifactStorage.d --serialize-diagnostics /Users/aleks/Library/Developer/Xcode/DerivedData/PlanItApp-gkehojshtcbfvhersqwajfujohau/Build/Intermediates.noindex/AppCheck.build/Debug-iphonesimulator/AppCheckCore.build/Objects-normal/arm64/GACAppAttestArtifactStorage.dia -c /Users/aleks/Library/Developer/Xcode/DerivedData/PlanItApp-gkehojshtcbfvhersqwajfujohau/SourcePackages/checkouts/app-check/AppCheckCore/Sources/AppAttestProvider/Storage/GACAppAttestArtifactStorage.m -o /Users/aleks/Library/Developer/Xcode/DerivedData/PlanItApp-gkehojshtcbfvhersqwajfujohau/Build/Intermediates.noindex/AppCheck.build/Debug-iphonesimulator/AppCheckCore.build/Objects-normal/arm64/GACAppAttestArtifactStorage.o -index-unit-output-path /AppCheck.build/Debug-iphonesimulator/AppCheckCore.build/Objects-normal/arm64/GACAppAttestArtifactStorage.o

ScanDependencies /Users/aleks/Library/Developer/Xcode/DerivedData/PlanItApp-gkehojshtcbfvhersqwajfujohau/Build/Intermediates.noindex/AppCheck.build/Debug-iphonesimulator/AppCheckCore.build/Objects-normal/arm64/GACAppAttestAPIService.o /Users/aleks/Library/Developer/Xcode/DerivedData/PlanItApp-gkehojshtcbfvhersqwajfujohau/SourcePackages/checkouts/app-check/AppCheckCore/Sources/AppAttestProvider/API/GACAppAttestAPIService.m normal arm64 objective-c com.apple.compilers.llvm.clang.1_0.compiler (in target 'AppCheckCore' from project 'AppCheck')
    cd /Users/aleks/Desktop/PlanItApp/PlanItApp.xcodeproj
    
    Using response file: /Users/aleks/Library/Developer/Xcode/DerivedData/PlanItApp-gkehojshtcbfvhersqwajfujohau/Build/Intermediates.noindex/AppCheck.build/Debug-iphonesimulator/AppCheckCore.build/Objects-normal/arm64/e6072d4f65d7061329687fe24e3d63a7-common-args.resp
    
    builtin-ScanDependencies -o /Users/aleks/Library/Developer/Xcode/DerivedData/PlanItApp-gkehojshtcbfvhersqwajfujohau/Build/Intermediates.noindex/AppCheck.build/Debug-iphonesimulator/AppCheckCore.build/Objects-normal/arm64/GACAppAttestAPIService.o.scan -- /Applications/Xcode.app/Contents/Developer/Toolchains/XcodeDefault.xctoolchain/usr/bin/clang -x objective-c -ivfsstatcache /Users/aleks/Library/Developer/Xcode/DerivedData/SDKStatCaches.noindex/iphonesimulator18.5-22F76-d5fc8ad4295d2ef488fb7d0f804ce0c4.sdkstatcache -fmessage-length\=0 -fdiagnostics-show-note-include-stack -fmacro-backtrace-limit\=0 -fno-color-diagnostics -fmodules-prune-interval\=86400 -fmodules-prune-after\=345600 -fbuild-session-file\=/Users/aleks/Library/Developer/Xcode/DerivedData/ModuleCache.noindex/Session.modulevalidation -fmodules-validate-once-per-build-session -Wnon-modular-include-in-framework-module -Werror\=non-modular-include-in-framework-module -Wno-trigraphs -Wno-missing-field-initializers -Wno-missing-prototypes -Wno-return-type -Wno-implicit-atomic-properties -Wno-objc-interface-ivars -Wno-arc-repeated-use-of-weak -Wno-missing-braces -Wparentheses -Wswitch -Wno-unused-function -Wno-unused-label -Wno-unused-parameter -Wno-unused-variable -Wunused-value -Wno-empty-body -Wno-uninitialized -Wno-unknown-pragmas -w -Wno-shadow -Wno-four-char-constants -Wno-conversion -Wno-constant-conversion -Wno-int-conversion -Wno-bool-conversion -Wno-enum-conversion -Wno-float-conversion -Wno-non-literal-null-conversion -Wno-objc-literal-conversion -Wshorten-64-to-32 -Wpointer-sign -Wno-newline-eof -Wno-selector -Wno-strict-selector-match -Wno-undeclared-selector -Wno-deprecated-implementations -Wno-implicit-fallthrough -fstrict-aliasing -Wprotocol -Wdeprecated-declarations -Wno-sign-conversion -Wno-infinite-recursion -Wno-comma -Wno-block-capture-autoreleasing -Wno-strict-prototypes -Wno-semicolon-before-method-body -index-store-path /Users/aleks/Library/Developer/Xcode/DerivedData/PlanItApp-gkehojshtcbfvhersqwajfujohau/Index.noindex/DataStore @/Users/aleks/Library/Developer/Xcode/DerivedData/PlanItApp-gkehojshtcbfvhersqwajfujohau/Build/Intermediates.noindex/AppCheck.build/Debug-iphonesimulator/AppCheckCore.build/Objects-normal/arm64/e6072d4f65d7061329687fe24e3d63a7-common-args.resp -MMD -MT dependencies -MF /Users/aleks/Library/Developer/Xcode/DerivedData/PlanItApp-gkehojshtcbfvhersqwajfujohau/Build/Intermediates.noindex/AppCheck.build/Debug-iphonesimulator/AppCheckCore.build/Objects-normal/arm64/GACAppAttestAPIService.d --serialize-diagnostics /Users/aleks/Library/Developer/Xcode/DerivedData/PlanItApp-gkehojshtcbfvhersqwajfujohau/Build/Intermediates.noindex/AppCheck.build/Debug-iphonesimulator/AppCheckCore.build/Objects-normal/arm64/GACAppAttestAPIService.dia -c /Users/aleks/Library/Developer/Xcode/DerivedData/PlanItApp-gkehojshtcbfvhersqwajfujohau/SourcePackages/checkouts/app-check/AppCheckCore/Sources/AppAttestProvider/API/GACAppAttestAPIService.m -o /Users/aleks/Library/Developer/Xcode/DerivedData/PlanItApp-gkehojshtcbfvhersqwajfujohau/Build/Intermediates.noindex/AppCheck.build/Debug-iphonesimulator/AppCheckCore.build/Objects-normal/arm64/GACAppAttestAPIService.o -index-unit-output-path /AppCheck.build/Debug-iphonesimulator/AppCheckCore.build/Objects-normal/arm64/GACAppAttestAPIService.o

ScanDependencies /Users/aleks/Library/Developer/Xcode/DerivedData/PlanItApp-gkehojshtcbfvhersqwajfujohau/Build/Intermediates.noindex/AppCheck.build/Debug-iphonesimulator/AppCheckCore.build/Objects-normal/arm64/DCDevice+GACDeviceCheckTokenGenerator.o /Users/aleks/Library/Developer/Xcode/DerivedData/PlanItApp-gkehojshtcbfvhersqwajfujohau/SourcePackages/checkouts/app-check/AppCheckCore/Sources/DeviceCheckProvider/DCDevice+GACDeviceCheckTokenGenerator.m normal arm64 objective-c com.apple.compilers.llvm.clang.1_0.compiler (in target 'AppCheckCore' from project 'AppCheck')
    cd /Users/aleks/Desktop/PlanItApp/PlanItApp.xcodeproj
    
    Using response file: /Users/aleks/Library/Developer/Xcode/DerivedData/PlanItApp-gkehojshtcbfvhersqwajfujohau/Build/Intermediates.noindex/AppCheck.build/Debug-iphonesimulator/AppCheckCore.build/Objects-normal/arm64/e6072d4f65d7061329687fe24e3d63a7-common-args.resp
    
    builtin-ScanDependencies -o /Users/aleks/Library/Developer/Xcode/DerivedData/PlanItApp-gkehojshtcbfvhersqwajfujohau/Build/Intermediates.noindex/AppCheck.build/Debug-iphonesimulator/AppCheckCore.build/Objects-normal/arm64/DCDevice+GACDeviceCheckTokenGenerator.o.scan -- /Applications/Xcode.app/Contents/Developer/Toolchains/XcodeDefault.xctoolchain/usr/bin/clang -x objective-c -ivfsstatcache /Users/aleks/Library/Developer/Xcode/DerivedData/SDKStatCaches.noindex/iphonesimulator18.5-22F76-d5fc8ad4295d2ef488fb7d0f804ce0c4.sdkstatcache -fmessage-length\=0 -fdiagnostics-show-note-include-stack -fmacro-backtrace-limit\=0 -fno-color-diagnostics -fmodules-prune-interval\=86400 -fmodules-prune-after\=345600 -fbuild-session-file\=/Users/aleks/Library/Developer/Xcode/DerivedData/ModuleCache.noindex/Session.modulevalidation -fmodules-validate-once-per-build-session -Wnon-modular-include-in-framework-module -Werror\=non-modular-include-in-framework-module -Wno-trigraphs -Wno-missing-field-initializers -Wno-missing-prototypes -Wno-return-type -Wno-implicit-atomic-properties -Wno-objc-interface-ivars -Wno-arc-repeated-use-of-weak -Wno-missing-braces -Wparentheses -Wswitch -Wno-unused-function -Wno-unused-label -Wno-unused-parameter -Wno-unused-variable -Wunused-value -Wno-empty-body -Wno-uninitialized -Wno-unknown-pragmas -w -Wno-shadow -Wno-four-char-constants -Wno-conversion -Wno-constant-conversion -Wno-int-conversion -Wno-bool-conversion -Wno-enum-conversion -Wno-float-conversion -Wno-non-literal-null-conversion -Wno-objc-literal-conversion -Wshorten-64-to-32 -Wpointer-sign -Wno-newline-eof -Wno-selector -Wno-strict-selector-match -Wno-undeclared-selector -Wno-deprecated-implementations -Wno-implicit-fallthrough -fstrict-aliasing -Wprotocol -Wdeprecated-declarations -Wno-sign-conversion -Wno-infinite-recursion -Wno-comma -Wno-block-capture-autoreleasing -Wno-strict-prototypes -Wno-semicolon-before-method-body -index-store-path /Users/aleks/Library/Developer/Xcode/DerivedData/PlanItApp-gkehojshtcbfvhersqwajfujohau/Index.noindex/DataStore @/Users/aleks/Library/Developer/Xcode/DerivedData/PlanItApp-gkehojshtcbfvhersqwajfujohau/Build/Intermediates.noindex/AppCheck.build/Debug-iphonesimulator/AppCheckCore.build/Objects-normal/arm64/e6072d4f65d7061329687fe24e3d63a7-common-args.resp -MMD -MT dependencies -MF /Users/aleks/Library/Developer/Xcode/DerivedData/PlanItApp-gkehojshtcbfvhersqwajfujohau/Build/Intermediates.noindex/AppCheck.build/Debug-iphonesimulator/AppCheckCore.build/Objects-normal/arm64/DCDevice+GACDeviceCheckTokenGenerator.d --serialize-diagnostics /Users/aleks/Library/Developer/Xcode/DerivedData/PlanItApp-gkehojshtcbfvhersqwajfujohau/Build/Intermediates.noindex/AppCheck.build/Debug-iphonesimulator/AppCheckCore.build/Objects-normal/arm64/DCDevice+GACDeviceCheckTokenGenerator.dia -c /Users/aleks/Library/Developer/Xcode/DerivedData/PlanItApp-gkehojshtcbfvhersqwajfujohau/SourcePackages/checkouts/app-check/AppCheckCore/Sources/DeviceCheckProvider/DCDevice+GACDeviceCheckTokenGenerator.m -o /Users/aleks/Library/Developer/Xcode/DerivedData/PlanItApp-gkehojshtcbfvhersqwajfujohau/Build/Intermediates.noindex/AppCheck.build/Debug-iphonesimulator/AppCheckCore.build/Objects-normal/arm64/DCDevice+GACDeviceCheckTokenGenerator.o -index-unit-output-path /AppCheck.build/Debug-iphonesimulator/AppCheckCore.build/Objects-normal/arm64/DCDevice+GACDeviceCheckTokenGenerator.o

ScanDependencies /Users/aleks/Library/Developer/Xcode/DerivedData/PlanItApp-gkehojshtcbfvhersqwajfujohau/Build/Intermediates.noindex/AppCheck.build/Debug-iphonesimulator/AppCheckCore.build/Objects-normal/arm64/DCAppAttestService+GACAppAttestService.o /Users/aleks/Library/Developer/Xcode/DerivedData/PlanItApp-gkehojshtcbfvhersqwajfujohau/SourcePackages/checkouts/app-check/AppCheckCore/Sources/AppAttestProvider/DCAppAttestService+GACAppAttestService.m normal arm64 objective-c com.apple.compilers.llvm.clang.1_0.compiler (in target 'AppCheckCore' from project 'AppCheck')
    cd /Users/aleks/Desktop/PlanItApp/PlanItApp.xcodeproj
    
    Using response file: /Users/aleks/Library/Developer/Xcode/DerivedData/PlanItApp-gkehojshtcbfvhersqwajfujohau/Build/Intermediates.noindex/AppCheck.build/Debug-iphonesimulator/AppCheckCore.build/Objects-normal/arm64/e6072d4f65d7061329687fe24e3d63a7-common-args.resp
    
    builtin-ScanDependencies -o /Users/aleks/Library/Developer/Xcode/DerivedData/PlanItApp-gkehojshtcbfvhersqwajfujohau/Build/Intermediates.noindex/AppCheck.build/Debug-iphonesimulator/AppCheckCore.build/Objects-normal/arm64/DCAppAttestService+GACAppAttestService.o.scan -- /Applications/Xcode.app/Contents/Developer/Toolchains/XcodeDefault.xctoolchain/usr/bin/clang -x objective-c -ivfsstatcache /Users/aleks/Library/Developer/Xcode/DerivedData/SDKStatCaches.noindex/iphonesimulator18.5-22F76-d5fc8ad4295d2ef488fb7d0f804ce0c4.sdkstatcache -fmessage-length\=0 -fdiagnostics-show-note-include-stack -fmacro-backtrace-limit\=0 -fno-color-diagnostics -fmodules-prune-interval\=86400 -fmodules-prune-after\=345600 -fbuild-session-file\=/Users/aleks/Library/Developer/Xcode/DerivedData/ModuleCache.noindex/Session.modulevalidation -fmodules-validate-once-per-build-session -Wnon-modular-include-in-framework-module -Werror\=non-modular-include-in-framework-module -Wno-trigraphs -Wno-missing-field-initializers -Wno-missing-prototypes -Wno-return-type -Wno-implicit-atomic-properties -Wno-objc-interface-ivars -Wno-arc-repeated-use-of-weak -Wno-missing-braces -Wparentheses -Wswitch -Wno-unused-function -Wno-unused-label -Wno-unused-parameter -Wno-unused-variable -Wunused-value -Wno-empty-body -Wno-uninitialized -Wno-unknown-pragmas -w -Wno-shadow -Wno-four-char-constants -Wno-conversion -Wno-constant-conversion -Wno-int-conversion -Wno-bool-conversion -Wno-enum-conversion -Wno-float-conversion -Wno-non-literal-null-conversion -Wno-objc-literal-conversion -Wshorten-64-to-32 -Wpointer-sign -Wno-newline-eof -Wno-selector -Wno-strict-selector-match -Wno-undeclared-selector -Wno-deprecated-implementations -Wno-implicit-fallthrough -fstrict-aliasing -Wprotocol -Wdeprecated-declarations -Wno-sign-conversion -Wno-infinite-recursion -Wno-comma -Wno-block-capture-autoreleasing -Wno-strict-prototypes -Wno-semicolon-before-method-body -index-store-path /Users/aleks/Library/Developer/Xcode/DerivedData/PlanItApp-gkehojshtcbfvhersqwajfujohau/Index.noindex/DataStore @/Users/aleks/Library/Developer/Xcode/DerivedData/PlanItApp-gkehojshtcbfvhersqwajfujohau/Build/Intermediates.noindex/AppCheck.build/Debug-iphonesimulator/AppCheckCore.build/Objects-normal/arm64/e6072d4f65d7061329687fe24e3d63a7-common-args.resp -MMD -MT dependencies -MF /Users/aleks/Library/Developer/Xcode/DerivedData/PlanItApp-gkehojshtcbfvhersqwajfujohau/Build/Intermediates.noindex/AppCheck.build/Debug-iphonesimulator/AppCheckCore.build/Objects-normal/arm64/DCAppAttestService+GACAppAttestService.d --serialize-diagnostics /Users/aleks/Library/Developer/Xcode/DerivedData/PlanItApp-gkehojshtcbfvhersqwajfujohau/Build/Intermediates.noindex/AppCheck.build/Debug-iphonesimulator/AppCheckCore.build/Objects-normal/arm64/DCAppAttestService+GACAppAttestService.dia -c /Users/aleks/Library/Developer/Xcode/DerivedData/PlanItApp-gkehojshtcbfvhersqwajfujohau/SourcePackages/checkouts/app-check/AppCheckCore/Sources/AppAttestProvider/DCAppAttestService+GACAppAttestService.m -o /Users/aleks/Library/Developer/Xcode/DerivedData/PlanItApp-gkehojshtcbfvhersqwajfujohau/Build/Intermediates.noindex/AppCheck.build/Debug-iphonesimulator/AppCheckCore.build/Objects-normal/arm64/DCAppAttestService+GACAppAttestService.o -index-unit-output-path /AppCheck.build/Debug-iphonesimulator/AppCheckCore.build/Objects-normal/arm64/DCAppAttestService+GACAppAttestService.o

SwiftDriverJobDiscovery normal arm64 Compiling KeychainAttribute.swift (in target 'GTMAppAuth' from project 'GTMAppAuth')

SwiftDriverJobDiscovery normal arm64 Compiling KeychainHelper.swift (in target 'GTMAppAuth' from project 'GTMAppAuth')

SwiftDriverJobDiscovery normal arm64 Compiling AuthSessionStore.swift (in target 'GTMAppAuth' from project 'GTMAppAuth')

SwiftDriverJobDiscovery normal arm64 Compiling AuthSessionDelegate.swift (in target 'GTMAppAuth' from project 'GTMAppAuth')

SwiftDriverJobDiscovery normal arm64 Compiling GTMOAuth2Compatibility.swift (in target 'GTMAppAuth' from project 'GTMAppAuth')

SwiftDriverJobDiscovery normal arm64 Compiling resource_bundle_accessor.swift (in target 'GTMAppAuth' from project 'GTMAppAuth')

PrecompileModule /Users/aleks/Library/Developer/Xcode/DerivedData/PlanItApp-gkehojshtcbfvhersqwajfujohau/Build/Intermediates.noindex/ExplicitPrecompiledModules/AuthenticationServices-EGEBD6BN3DBPQQ34CWI68VTCM.scan
    cd /Users/aleks/Desktop/PlanItApp/PlanItApp.xcodeproj
    builtin-precompileModule /Users/aleks/Library/Developer/Xcode/DerivedData/PlanItApp-gkehojshtcbfvhersqwajfujohau/Build/Intermediates.noindex/ExplicitPrecompiledModules/AuthenticationServices-EGEBD6BN3DBPQQ34CWI68VTCM.scan

CompileC /Users/aleks/Library/Developer/Xcode/DerivedData/PlanItApp-gkehojshtcbfvhersqwajfujohau/Build/Intermediates.noindex/AppAuth.build/Debug-iphonesimulator/AppAuth.build/Objects-normal/arm64/OIDAuthorizationService+IOS.o /Users/aleks/Library/Developer/Xcode/DerivedData/PlanItApp-gkehojshtcbfvhersqwajfujohau/SourcePackages/checkouts/AppAuth-iOS/Sources/AppAuth/iOS/OIDAuthorizationService+IOS.m normal arm64 objective-c com.apple.compilers.llvm.clang.1_0.compiler (in target 'AppAuth' from project 'AppAuth')
    cd /Users/aleks/Desktop/PlanItApp/PlanItApp.xcodeproj
    
    Using response file: /Users/aleks/Library/Developer/Xcode/DerivedData/PlanItApp-gkehojshtcbfvhersqwajfujohau/Build/Intermediates.noindex/AppAuth.build/Debug-iphonesimulator/AppAuth.build/Objects-normal/arm64/e6072d4f65d7061329687fe24e3d63a7-common-args.resp
    
    /Applications/Xcode.app/Contents/Developer/Toolchains/XcodeDefault.xctoolchain/usr/bin/clang -x objective-c -ivfsstatcache /Users/aleks/Library/Developer/Xcode/DerivedData/SDKStatCaches.noindex/iphonesimulator18.5-22F76-d5fc8ad4295d2ef488fb7d0f804ce0c4.sdkstatcache -fmessage-length\=0 -fdiagnostics-show-note-include-stack -fmacro-backtrace-limit\=0 -fno-color-diagnostics -fmodules-prune-interval\=86400 -fmodules-prune-after\=345600 -fbuild-session-file\=/Users/aleks/Library/Developer/Xcode/DerivedData/ModuleCache.noindex/Session.modulevalidation -fmodules-validate-once-per-build-session -Wnon-modular-include-in-framework-module -Werror\=non-modular-include-in-framework-module -Wno-trigraphs -Wno-missing-field-initializers -Wno-missing-prototypes -Wno-return-type -Wno-implicit-atomic-properties -Wno-objc-interface-ivars -Wno-arc-repeated-use-of-weak -Wno-missing-braces -Wparentheses -Wswitch -Wno-unused-function -Wno-unused-label -Wno-unused-parameter -Wno-unused-variable -Wunused-value -Wno-empty-body -Wno-uninitialized -Wno-unknown-pragmas -w -Wno-shadow -Wno-four-char-constants -Wno-conversion -Wno-constant-conversion -Wno-int-conversion -Wno-bool-conversion -Wno-enum-conversion -Wno-float-conversion -Wno-non-literal-null-conversion -Wno-objc-literal-conversion -Wshorten-64-to-32 -Wpointer-sign -Wno-newline-eof -Wno-selector -Wno-strict-selector-match -Wno-undeclared-selector -Wno-deprecated-implementations -Wno-implicit-fallthrough -fstrict-aliasing -Wprotocol -Wdeprecated-declarations -Wno-sign-conversion -Wno-infinite-recursion -Wno-comma -Wno-block-capture-autoreleasing -Wno-strict-prototypes -Wno-semicolon-before-method-body -index-store-path /Users/aleks/Library/Developer/Xcode/DerivedData/PlanItApp-gkehojshtcbfvhersqwajfujohau/Index.noindex/DataStore @/Users/aleks/Library/Developer/Xcode/DerivedData/PlanItApp-gkehojshtcbfvhersqwajfujohau/Build/Intermediates.noindex/AppAuth.build/Debug-iphonesimulator/AppAuth.build/Objects-normal/arm64/e6072d4f65d7061329687fe24e3d63a7-common-args.resp -include /Users/aleks/Library/Developer/Xcode/DerivedData/PlanItApp-gkehojshtcbfvhersqwajfujohau/Build/Intermediates.noindex/AppAuth.build/Debug-iphonesimulator/AppAuth.build/DerivedSources/resource_bundle_accessor.h -MMD -MT dependencies -MF /Users/aleks/Library/Developer/Xcode/DerivedData/PlanItApp-gkehojshtcbfvhersqwajfujohau/Build/Intermediates.noindex/AppAuth.build/Debug-iphonesimulator/AppAuth.build/Objects-normal/arm64/OIDAuthorizationService+IOS.d --serialize-diagnostics /Users/aleks/Library/Developer/Xcode/DerivedData/PlanItApp-gkehojshtcbfvhersqwajfujohau/Build/Intermediates.noindex/AppAuth.build/Debug-iphonesimulator/AppAuth.build/Objects-normal/arm64/OIDAuthorizationService+IOS.dia -c /Users/aleks/Library/Developer/Xcode/DerivedData/PlanItApp-gkehojshtcbfvhersqwajfujohau/SourcePackages/checkouts/AppAuth-iOS/Sources/AppAuth/iOS/OIDAuthorizationService+IOS.m -o /Users/aleks/Library/Developer/Xcode/DerivedData/PlanItApp-gkehojshtcbfvhersqwajfujohau/Build/Intermediates.noindex/AppAuth.build/Debug-iphonesimulator/AppAuth.build/Objects-normal/arm64/OIDAuthorizationService+IOS.o -index-unit-output-path /AppAuth.build/Debug-iphonesimulator/AppAuth.build/Objects-normal/arm64/OIDAuthorizationService+IOS.o

CompileC /Users/aleks/Library/Developer/Xcode/DerivedData/PlanItApp-gkehojshtcbfvhersqwajfujohau/Build/Intermediates.noindex/AppAuth.build/Debug-iphonesimulator/AppAuth.build/Objects-normal/arm64/OIDAuthState+IOS.o /Users/aleks/Library/Developer/Xcode/DerivedData/PlanItApp-gkehojshtcbfvhersqwajfujohau/SourcePackages/checkouts/AppAuth-iOS/Sources/AppAuth/iOS/OIDAuthState+IOS.m normal arm64 objective-c com.apple.compilers.llvm.clang.1_0.compiler (in target 'AppAuth' from project 'AppAuth')
    cd /Users/aleks/Desktop/PlanItApp/PlanItApp.xcodeproj
    
    Using response file: /Users/aleks/Library/Developer/Xcode/DerivedData/PlanItApp-gkehojshtcbfvhersqwajfujohau/Build/Intermediates.noindex/AppAuth.build/Debug-iphonesimulator/AppAuth.build/Objects-normal/arm64/e6072d4f65d7061329687fe24e3d63a7-common-args.resp
    
    /Applications/Xcode.app/Contents/Developer/Toolchains/XcodeDefault.xctoolchain/usr/bin/clang -x objective-c -ivfsstatcache /Users/aleks/Library/Developer/Xcode/DerivedData/SDKStatCaches.noindex/iphonesimulator18.5-22F76-d5fc8ad4295d2ef488fb7d0f804ce0c4.sdkstatcache -fmessage-length\=0 -fdiagnostics-show-note-include-stack -fmacro-backtrace-limit\=0 -fno-color-diagnostics -fmodules-prune-interval\=86400 -fmodules-prune-after\=345600 -fbuild-session-file\=/Users/aleks/Library/Developer/Xcode/DerivedData/ModuleCache.noindex/Session.modulevalidation -fmodules-validate-once-per-build-session -Wnon-modular-include-in-framework-module -Werror\=non-modular-include-in-framework-module -Wno-trigraphs -Wno-missing-field-initializers -Wno-missing-prototypes -Wno-return-type -Wno-implicit-atomic-properties -Wno-objc-interface-ivars -Wno-arc-repeated-use-of-weak -Wno-missing-braces -Wparentheses -Wswitch -Wno-unused-function -Wno-unused-label -Wno-unused-parameter -Wno-unused-variable -Wunused-value -Wno-empty-body -Wno-uninitialized -Wno-unknown-pragmas -w -Wno-shadow -Wno-four-char-constants -Wno-conversion -Wno-constant-conversion -Wno-int-conversion -Wno-bool-conversion -Wno-enum-conversion -Wno-float-conversion -Wno-non-literal-null-conversion -Wno-objc-literal-conversion -Wshorten-64-to-32 -Wpointer-sign -Wno-newline-eof -Wno-selector -Wno-strict-selector-match -Wno-undeclared-selector -Wno-deprecated-implementations -Wno-implicit-fallthrough -fstrict-aliasing -Wprotocol -Wdeprecated-declarations -Wno-sign-conversion -Wno-infinite-recursion -Wno-comma -Wno-block-capture-autoreleasing -Wno-strict-prototypes -Wno-semicolon-before-method-body -index-store-path /Users/aleks/Library/Developer/Xcode/DerivedData/PlanItApp-gkehojshtcbfvhersqwajfujohau/Index.noindex/DataStore @/Users/aleks/Library/Developer/Xcode/DerivedData/PlanItApp-gkehojshtcbfvhersqwajfujohau/Build/Intermediates.noindex/AppAuth.build/Debug-iphonesimulator/AppAuth.build/Objects-normal/arm64/e6072d4f65d7061329687fe24e3d63a7-common-args.resp -include /Users/aleks/Library/Developer/Xcode/DerivedData/PlanItApp-gkehojshtcbfvhersqwajfujohau/Build/Intermediates.noindex/AppAuth.build/Debug-iphonesimulator/AppAuth.build/DerivedSources/resource_bundle_accessor.h -MMD -MT dependencies -MF /Users/aleks/Library/Developer/Xcode/DerivedData/PlanItApp-gkehojshtcbfvhersqwajfujohau/Build/Intermediates.noindex/AppAuth.build/Debug-iphonesimulator/AppAuth.build/Objects-normal/arm64/OIDAuthState+IOS.d --serialize-diagnostics /Users/aleks/Library/Developer/Xcode/DerivedData/PlanItApp-gkehojshtcbfvhersqwajfujohau/Build/Intermediates.noindex/AppAuth.build/Debug-iphonesimulator/AppAuth.build/Objects-normal/arm64/OIDAuthState+IOS.dia -c /Users/aleks/Library/Developer/Xcode/DerivedData/PlanItApp-gkehojshtcbfvhersqwajfujohau/SourcePackages/checkouts/AppAuth-iOS/Sources/AppAuth/iOS/OIDAuthState+IOS.m -o /Users/aleks/Library/Developer/Xcode/DerivedData/PlanItApp-gkehojshtcbfvhersqwajfujohau/Build/Intermediates.noindex/AppAuth.build/Debug-iphonesimulator/AppAuth.build/Objects-normal/arm64/OIDAuthState+IOS.o -index-unit-output-path /AppAuth.build/Debug-iphonesimulator/AppAuth.build/Objects-normal/arm64/OIDAuthState+IOS.o

CompileC /Users/aleks/Library/Developer/Xcode/DerivedData/PlanItApp-gkehojshtcbfvhersqwajfujohau/Build/Intermediates.noindex/AppAuth.build/Debug-iphonesimulator/AppAuth.build/Objects-normal/arm64/OIDExternalUserAgentIOSCustomBrowser.o /Users/aleks/Library/Developer/Xcode/DerivedData/PlanItApp-gkehojshtcbfvhersqwajfujohau/SourcePackages/checkouts/AppAuth-iOS/Sources/AppAuth/iOS/OIDExternalUserAgentIOSCustomBrowser.m normal arm64 objective-c com.apple.compilers.llvm.clang.1_0.compiler (in target 'AppAuth' from project 'AppAuth')
    cd /Users/aleks/Desktop/PlanItApp/PlanItApp.xcodeproj
    
    Using response file: /Users/aleks/Library/Developer/Xcode/DerivedData/PlanItApp-gkehojshtcbfvhersqwajfujohau/Build/Intermediates.noindex/AppAuth.build/Debug-iphonesimulator/AppAuth.build/Objects-normal/arm64/e6072d4f65d7061329687fe24e3d63a7-common-args.resp
    
    /Applications/Xcode.app/Contents/Developer/Toolchains/XcodeDefault.xctoolchain/usr/bin/clang -x objective-c -ivfsstatcache /Users/aleks/Library/Developer/Xcode/DerivedData/SDKStatCaches.noindex/iphonesimulator18.5-22F76-d5fc8ad4295d2ef488fb7d0f804ce0c4.sdkstatcache -fmessage-length\=0 -fdiagnostics-show-note-include-stack -fmacro-backtrace-limit\=0 -fno-color-diagnostics -fmodules-prune-interval\=86400 -fmodules-prune-after\=345600 -fbuild-session-file\=/Users/aleks/Library/Developer/Xcode/DerivedData/ModuleCache.noindex/Session.modulevalidation -fmodules-validate-once-per-build-session -Wnon-modular-include-in-framework-module -Werror\=non-modular-include-in-framework-module -Wno-trigraphs -Wno-missing-field-initializers -Wno-missing-prototypes -Wno-return-type -Wno-implicit-atomic-properties -Wno-objc-interface-ivars -Wno-arc-repeated-use-of-weak -Wno-missing-braces -Wparentheses -Wswitch -Wno-unused-function -Wno-unused-label -Wno-unused-parameter -Wno-unused-variable -Wunused-value -Wno-empty-body -Wno-uninitialized -Wno-unknown-pragmas -w -Wno-shadow -Wno-four-char-constants -Wno-conversion -Wno-constant-conversion -Wno-int-conversion -Wno-bool-conversion -Wno-enum-conversion -Wno-float-conversion -Wno-non-literal-null-conversion -Wno-objc-literal-conversion -Wshorten-64-to-32 -Wpointer-sign -Wno-newline-eof -Wno-selector -Wno-strict-selector-match -Wno-undeclared-selector -Wno-deprecated-implementations -Wno-implicit-fallthrough -fstrict-aliasing -Wprotocol -Wdeprecated-declarations -Wno-sign-conversion -Wno-infinite-recursion -Wno-comma -Wno-block-capture-autoreleasing -Wno-strict-prototypes -Wno-semicolon-before-method-body -index-store-path /Users/aleks/Library/Developer/Xcode/DerivedData/PlanItApp-gkehojshtcbfvhersqwajfujohau/Index.noindex/DataStore @/Users/aleks/Library/Developer/Xcode/DerivedData/PlanItApp-gkehojshtcbfvhersqwajfujohau/Build/Intermediates.noindex/AppAuth.build/Debug-iphonesimulator/AppAuth.build/Objects-normal/arm64/e6072d4f65d7061329687fe24e3d63a7-common-args.resp -include /Users/aleks/Library/Developer/Xcode/DerivedData/PlanItApp-gkehojshtcbfvhersqwajfujohau/Build/Intermediates.noindex/AppAuth.build/Debug-iphonesimulator/AppAuth.build/DerivedSources/resource_bundle_accessor.h -MMD -MT dependencies -MF /Users/aleks/Library/Developer/Xcode/DerivedData/PlanItApp-gkehojshtcbfvhersqwajfujohau/Build/Intermediates.noindex/AppAuth.build/Debug-iphonesimulator/AppAuth.build/Objects-normal/arm64/OIDExternalUserAgentIOSCustomBrowser.d --serialize-diagnostics /Users/aleks/Library/Developer/Xcode/DerivedData/PlanItApp-gkehojshtcbfvhersqwajfujohau/Build/Intermediates.noindex/AppAuth.build/Debug-iphonesimulator/AppAuth.build/Objects-normal/arm64/OIDExternalUserAgentIOSCustomBrowser.dia -c /Users/aleks/Library/Developer/Xcode/DerivedData/PlanItApp-gkehojshtcbfvhersqwajfujohau/SourcePackages/checkouts/AppAuth-iOS/Sources/AppAuth/iOS/OIDExternalUserAgentIOSCustomBrowser.m -o /Users/aleks/Library/Developer/Xcode/DerivedData/PlanItApp-gkehojshtcbfvhersqwajfujohau/Build/Intermediates.noindex/AppAuth.build/Debug-iphonesimulator/AppAuth.build/Objects-normal/arm64/OIDExternalUserAgentIOSCustomBrowser.o -index-unit-output-path /AppAuth.build/Debug-iphonesimulator/AppAuth.build/Objects-normal/arm64/OIDExternalUserAgentIOSCustomBrowser.o

CompileC /Users/aleks/Library/Developer/Xcode/DerivedData/PlanItApp-gkehojshtcbfvhersqwajfujohau/Build/Intermediates.noindex/GTMSessionFetcher.build/Debug-iphonesimulator/GTMSessionFetcherCore.build/Objects-normal/arm64/GTMSessionUploadFetcher.o /Users/aleks/Library/Developer/Xcode/DerivedData/PlanItApp-gkehojshtcbfvhersqwajfujohau/SourcePackages/checkouts/gtm-session-fetcher/Sources/Core/GTMSessionUploadFetcher.m normal arm64 objective-c com.apple.compilers.llvm.clang.1_0.compiler (in target 'GTMSessionFetcherCore' from project 'GTMSessionFetcher')
    cd /Users/aleks/Desktop/PlanItApp/PlanItApp.xcodeproj
    
    Using response file: /Users/aleks/Library/Developer/Xcode/DerivedData/PlanItApp-gkehojshtcbfvhersqwajfujohau/Build/Intermediates.noindex/GTMSessionFetcher.build/Debug-iphonesimulator/GTMSessionFetcherCore.build/Objects-normal/arm64/e6072d4f65d7061329687fe24e3d63a7-common-args.resp
    
    /Applications/Xcode.app/Contents/Developer/Toolchains/XcodeDefault.xctoolchain/usr/bin/clang -x objective-c -ivfsstatcache /Users/aleks/Library/Developer/Xcode/DerivedData/SDKStatCaches.noindex/iphonesimulator18.5-22F76-d5fc8ad4295d2ef488fb7d0f804ce0c4.sdkstatcache -fmessage-length\=0 -fdiagnostics-show-note-include-stack -fmacro-backtrace-limit\=0 -fno-color-diagnostics -fmodules-prune-interval\=86400 -fmodules-prune-after\=345600 -fbuild-session-file\=/Users/aleks/Library/Developer/Xcode/DerivedData/ModuleCache.noindex/Session.modulevalidation -fmodules-validate-once-per-build-session -Wnon-modular-include-in-framework-module -Werror\=non-modular-include-in-framework-module -Wno-trigraphs -Wno-missing-field-initializers -Wno-missing-prototypes -Wno-return-type -Wno-implicit-atomic-properties -Wno-objc-interface-ivars -Wno-arc-repeated-use-of-weak -Wno-missing-braces -Wparentheses -Wswitch -Wno-unused-function -Wno-unused-label -Wno-unused-parameter -Wno-unused-variable -Wunused-value -Wno-empty-body -Wno-uninitialized -Wno-unknown-pragmas -w -Wno-shadow -Wno-four-char-constants -Wno-conversion -Wno-constant-conversion -Wno-int-conversion -Wno-bool-conversion -Wno-enum-conversion -Wno-float-conversion -Wno-non-literal-null-conversion -Wno-objc-literal-conversion -Wshorten-64-to-32 -Wpointer-sign -Wno-newline-eof -Wno-selector -Wno-strict-selector-match -Wno-undeclared-selector -Wno-deprecated-implementations -Wno-implicit-fallthrough -fstrict-aliasing -Wprotocol -Wdeprecated-declarations -Wno-sign-conversion -Wno-infinite-recursion -Wno-comma -Wno-block-capture-autoreleasing -Wno-strict-prototypes -Wno-semicolon-before-method-body -index-store-path /Users/aleks/Library/Developer/Xcode/DerivedData/PlanItApp-gkehojshtcbfvhersqwajfujohau/Index.noindex/DataStore @/Users/aleks/Library/Developer/Xcode/DerivedData/PlanItApp-gkehojshtcbfvhersqwajfujohau/Build/Intermediates.noindex/GTMSessionFetcher.build/Debug-iphonesimulator/GTMSessionFetcherCore.build/Objects-normal/arm64/e6072d4f65d7061329687fe24e3d63a7-common-args.resp -include /Users/aleks/Library/Developer/Xcode/DerivedData/PlanItApp-gkehojshtcbfvhersqwajfujohau/Build/Intermediates.noindex/GTMSessionFetcher.build/Debug-iphonesimulator/GTMSessionFetcherCore.build/DerivedSources/resource_bundle_accessor.h -MMD -MT dependencies -MF /Users/aleks/Library/Developer/Xcode/DerivedData/PlanItApp-gkehojshtcbfvhersqwajfujohau/Build/Intermediates.noindex/GTMSessionFetcher.build/Debug-iphonesimulator/GTMSessionFetcherCore.build/Objects-normal/arm64/GTMSessionUploadFetcher.d --serialize-diagnostics /Users/aleks/Library/Developer/Xcode/DerivedData/PlanItApp-gkehojshtcbfvhersqwajfujohau/Build/Intermediates.noindex/GTMSessionFetcher.build/Debug-iphonesimulator/GTMSessionFetcherCore.build/Objects-normal/arm64/GTMSessionUploadFetcher.dia -c /Users/aleks/Library/Developer/Xcode/DerivedData/PlanItApp-gkehojshtcbfvhersqwajfujohau/SourcePackages/checkouts/gtm-session-fetcher/Sources/Core/GTMSessionUploadFetcher.m -o /Users/aleks/Library/Developer/Xcode/DerivedData/PlanItApp-gkehojshtcbfvhersqwajfujohau/Build/Intermediates.noindex/GTMSessionFetcher.build/Debug-iphonesimulator/GTMSessionFetcherCore.build/Objects-normal/arm64/GTMSessionUploadFetcher.o -index-unit-output-path /GTMSessionFetcher.build/Debug-iphonesimulator/GTMSessionFetcherCore.build/Objects-normal/arm64/GTMSessionUploadFetcher.o

CompileC /Users/aleks/Library/Developer/Xcode/DerivedData/PlanItApp-gkehojshtcbfvhersqwajfujohau/Build/Intermediates.noindex/GTMSessionFetcher.build/Debug-iphonesimulator/GTMSessionFetcherCore.build/Objects-normal/arm64/GTMSessionFetcherService.o /Users/aleks/Library/Developer/Xcode/DerivedData/PlanItApp-gkehojshtcbfvhersqwajfujohau/SourcePackages/checkouts/gtm-session-fetcher/Sources/Core/GTMSessionFetcherService.m normal arm64 objective-c com.apple.compilers.llvm.clang.1_0.compiler (in target 'GTMSessionFetcherCore' from project 'GTMSessionFetcher')
    cd /Users/aleks/Desktop/PlanItApp/PlanItApp.xcodeproj
    
    Using response file: /Users/aleks/Library/Developer/Xcode/DerivedData/PlanItApp-gkehojshtcbfvhersqwajfujohau/Build/Intermediates.noindex/GTMSessionFetcher.build/Debug-iphonesimulator/GTMSessionFetcherCore.build/Objects-normal/arm64/e6072d4f65d7061329687fe24e3d63a7-common-args.resp
    
    /Applications/Xcode.app/Contents/Developer/Toolchains/XcodeDefault.xctoolchain/usr/bin/clang -x objective-c -ivfsstatcache /Users/aleks/Library/Developer/Xcode/DerivedData/SDKStatCaches.noindex/iphonesimulator18.5-22F76-d5fc8ad4295d2ef488fb7d0f804ce0c4.sdkstatcache -fmessage-length\=0 -fdiagnostics-show-note-include-stack -fmacro-backtrace-limit\=0 -fno-color-diagnostics -fmodules-prune-interval\=86400 -fmodules-prune-after\=345600 -fbuild-session-file\=/Users/aleks/Library/Developer/Xcode/DerivedData/ModuleCache.noindex/Session.modulevalidation -fmodules-validate-once-per-build-session -Wnon-modular-include-in-framework-module -Werror\=non-modular-include-in-framework-module -Wno-trigraphs -Wno-missing-field-initializers -Wno-missing-prototypes -Wno-return-type -Wno-implicit-atomic-properties -Wno-objc-interface-ivars -Wno-arc-repeated-use-of-weak -Wno-missing-braces -Wparentheses -Wswitch -Wno-unused-function -Wno-unused-label -Wno-unused-parameter -Wno-unused-variable -Wunused-value -Wno-empty-body -Wno-uninitialized -Wno-unknown-pragmas -w -Wno-shadow -Wno-four-char-constants -Wno-conversion -Wno-constant-conversion -Wno-int-conversion -Wno-bool-conversion -Wno-enum-conversion -Wno-float-conversion -Wno-non-literal-null-conversion -Wno-objc-literal-conversion -Wshorten-64-to-32 -Wpointer-sign -Wno-newline-eof -Wno-selector -Wno-strict-selector-match -Wno-undeclared-selector -Wno-deprecated-implementations -Wno-implicit-fallthrough -fstrict-aliasing -Wprotocol -Wdeprecated-declarations -Wno-sign-conversion -Wno-infinite-recursion -Wno-comma -Wno-block-capture-autoreleasing -Wno-strict-prototypes -Wno-semicolon-before-method-body -index-store-path /Users/aleks/Library/Developer/Xcode/DerivedData/PlanItApp-gkehojshtcbfvhersqwajfujohau/Index.noindex/DataStore @/Users/aleks/Library/Developer/Xcode/DerivedData/PlanItApp-gkehojshtcbfvhersqwajfujohau/Build/Intermediates.noindex/GTMSessionFetcher.build/Debug-iphonesimulator/GTMSessionFetcherCore.build/Objects-normal/arm64/e6072d4f65d7061329687fe24e3d63a7-common-args.resp -include /Users/aleks/Library/Developer/Xcode/DerivedData/PlanItApp-gkehojshtcbfvhersqwajfujohau/Build/Intermediates.noindex/GTMSessionFetcher.build/Debug-iphonesimulator/GTMSessionFetcherCore.build/DerivedSources/resource_bundle_accessor.h -MMD -MT dependencies -MF /Users/aleks/Library/Developer/Xcode/DerivedData/PlanItApp-gkehojshtcbfvhersqwajfujohau/Build/Intermediates.noindex/GTMSessionFetcher.build/Debug-iphonesimulator/GTMSessionFetcherCore.build/Objects-normal/arm64/GTMSessionFetcherService.d --serialize-diagnostics /Users/aleks/Library/Developer/Xcode/DerivedData/PlanItApp-gkehojshtcbfvhersqwajfujohau/Build/Intermediates.noindex/GTMSessionFetcher.build/Debug-iphonesimulator/GTMSessionFetcherCore.build/Objects-normal/arm64/GTMSessionFetcherService.dia -c /Users/aleks/Library/Developer/Xcode/DerivedData/PlanItApp-gkehojshtcbfvhersqwajfujohau/SourcePackages/checkouts/gtm-session-fetcher/Sources/Core/GTMSessionFetcherService.m -o /Users/aleks/Library/Developer/Xcode/DerivedData/PlanItApp-gkehojshtcbfvhersqwajfujohau/Build/Intermediates.noindex/GTMSessionFetcher.build/Debug-iphonesimulator/GTMSessionFetcherCore.build/Objects-normal/arm64/GTMSessionFetcherService.o -index-unit-output-path /GTMSessionFetcher.build/Debug-iphonesimulator/GTMSessionFetcherCore.build/Objects-normal/arm64/GTMSessionFetcherService.o

CompileC /Users/aleks/Library/Developer/Xcode/DerivedData/PlanItApp-gkehojshtcbfvhersqwajfujohau/Build/Intermediates.noindex/GTMSessionFetcher.build/Debug-iphonesimulator/GTMSessionFetcherCore.build/Objects-normal/arm64/GTMSessionFetcherLogging.o /Users/aleks/Library/Developer/Xcode/DerivedData/PlanItApp-gkehojshtcbfvhersqwajfujohau/SourcePackages/checkouts/gtm-session-fetcher/Sources/Core/GTMSessionFetcherLogging.m normal arm64 objective-c com.apple.compilers.llvm.clang.1_0.compiler (in target 'GTMSessionFetcherCore' from project 'GTMSessionFetcher')
    cd /Users/aleks/Desktop/PlanItApp/PlanItApp.xcodeproj
    
    Using response file: /Users/aleks/Library/Developer/Xcode/DerivedData/PlanItApp-gkehojshtcbfvhersqwajfujohau/Build/Intermediates.noindex/GTMSessionFetcher.build/Debug-iphonesimulator/GTMSessionFetcherCore.build/Objects-normal/arm64/e6072d4f65d7061329687fe24e3d63a7-common-args.resp
    
    /Applications/Xcode.app/Contents/Developer/Toolchains/XcodeDefault.xctoolchain/usr/bin/clang -x objective-c -ivfsstatcache /Users/aleks/Library/Developer/Xcode/DerivedData/SDKStatCaches.noindex/iphonesimulator18.5-22F76-d5fc8ad4295d2ef488fb7d0f804ce0c4.sdkstatcache -fmessage-length\=0 -fdiagnostics-show-note-include-stack -fmacro-backtrace-limit\=0 -fno-color-diagnostics -fmodules-prune-interval\=86400 -fmodules-prune-after\=345600 -fbuild-session-file\=/Users/aleks/Library/Developer/Xcode/DerivedData/ModuleCache.noindex/Session.modulevalidation -fmodules-validate-once-per-build-session -Wnon-modular-include-in-framework-module -Werror\=non-modular-include-in-framework-module -Wno-trigraphs -Wno-missing-field-initializers -Wno-missing-prototypes -Wno-return-type -Wno-implicit-atomic-properties -Wno-objc-interface-ivars -Wno-arc-repeated-use-of-weak -Wno-missing-braces -Wparentheses -Wswitch -Wno-unused-function -Wno-unused-label -Wno-unused-parameter -Wno-unused-variable -Wunused-value -Wno-empty-body -Wno-uninitialized -Wno-unknown-pragmas -w -Wno-shadow -Wno-four-char-constants -Wno-conversion -Wno-constant-conversion -Wno-int-conversion -Wno-bool-conversion -Wno-enum-conversion -Wno-float-conversion -Wno-non-literal-null-conversion -Wno-objc-literal-conversion -Wshorten-64-to-32 -Wpointer-sign -Wno-newline-eof -Wno-selector -Wno-strict-selector-match -Wno-undeclared-selector -Wno-deprecated-implementations -Wno-implicit-fallthrough -fstrict-aliasing -Wprotocol -Wdeprecated-declarations -Wno-sign-conversion -Wno-infinite-recursion -Wno-comma -Wno-block-capture-autoreleasing -Wno-strict-prototypes -Wno-semicolon-before-method-body -index-store-path /Users/aleks/Library/Developer/Xcode/DerivedData/PlanItApp-gkehojshtcbfvhersqwajfujohau/Index.noindex/DataStore @/Users/aleks/Library/Developer/Xcode/DerivedData/PlanItApp-gkehojshtcbfvhersqwajfujohau/Build/Intermediates.noindex/GTMSessionFetcher.build/Debug-iphonesimulator/GTMSessionFetcherCore.build/Objects-normal/arm64/e6072d4f65d7061329687fe24e3d63a7-common-args.resp -include /Users/aleks/Library/Developer/Xcode/DerivedData/PlanItApp-gkehojshtcbfvhersqwajfujohau/Build/Intermediates.noindex/GTMSessionFetcher.build/Debug-iphonesimulator/GTMSessionFetcherCore.build/DerivedSources/resource_bundle_accessor.h -MMD -MT dependencies -MF /Users/aleks/Library/Developer/Xcode/DerivedData/PlanItApp-gkehojshtcbfvhersqwajfujohau/Build/Intermediates.noindex/GTMSessionFetcher.build/Debug-iphonesimulator/GTMSessionFetcherCore.build/Objects-normal/arm64/GTMSessionFetcherLogging.d --serialize-diagnostics /Users/aleks/Library/Developer/Xcode/DerivedData/PlanItApp-gkehojshtcbfvhersqwajfujohau/Build/Intermediates.noindex/GTMSessionFetcher.build/Debug-iphonesimulator/GTMSessionFetcherCore.build/Objects-normal/arm64/GTMSessionFetcherLogging.dia -c /Users/aleks/Library/Developer/Xcode/DerivedData/PlanItApp-gkehojshtcbfvhersqwajfujohau/SourcePackages/checkouts/gtm-session-fetcher/Sources/Core/GTMSessionFetcherLogging.m -o /Users/aleks/Library/Developer/Xcode/DerivedData/PlanItApp-gkehojshtcbfvhersqwajfujohau/Build/Intermediates.noindex/GTMSessionFetcher.build/Debug-iphonesimulator/GTMSessionFetcherCore.build/Objects-normal/arm64/GTMSessionFetcherLogging.o -index-unit-output-path /GTMSessionFetcher.build/Debug-iphonesimulator/GTMSessionFetcherCore.build/Objects-normal/arm64/GTMSessionFetcherLogging.o

SwiftMergeGeneratedHeaders /Users/aleks/Library/Developer/Xcode/DerivedData/PlanItApp-gkehojshtcbfvhersqwajfujohau/Build/Intermediates.noindex/GeneratedModuleMaps-iphonesimulator/GTMAppAuth-Swift.h /Users/aleks/Library/Developer/Xcode/DerivedData/PlanItApp-gkehojshtcbfvhersqwajfujohau/Build/Intermediates.noindex/GTMAppAuth.build/Debug-iphonesimulator/GTMAppAuth.build/Objects-normal/arm64/GTMAppAuth-Swift.h (in target 'GTMAppAuth' from project 'GTMAppAuth')
    cd /Users/aleks/Library/Developer/Xcode/DerivedData/PlanItApp-gkehojshtcbfvhersqwajfujohau/SourcePackages/checkouts/GTMAppAuth
    builtin-swiftHeaderTool -arch arm64 /Users/aleks/Library/Developer/Xcode/DerivedData/PlanItApp-gkehojshtcbfvhersqwajfujohau/Build/Intermediates.noindex/GTMAppAuth.build/Debug-iphonesimulator/GTMAppAuth.build/Objects-normal/arm64/GTMAppAuth-Swift.h -o /Users/aleks/Library/Developer/Xcode/DerivedData/PlanItApp-gkehojshtcbfvhersqwajfujohau/Build/Intermediates.noindex/GeneratedModuleMaps-iphonesimulator/GTMAppAuth-Swift.h

Copy /Users/aleks/Library/Developer/Xcode/DerivedData/PlanItApp-gkehojshtcbfvhersqwajfujohau/Build/Products/Debug-iphonesimulator/GTMAppAuth.swiftmodule/arm64-apple-ios-simulator.swiftmodule /Users/aleks/Library/Developer/Xcode/DerivedData/PlanItApp-gkehojshtcbfvhersqwajfujohau/Build/Intermediates.noindex/GTMAppAuth.build/Debug-iphonesimulator/GTMAppAuth.build/Objects-normal/arm64/GTMAppAuth.swiftmodule (in target 'GTMAppAuth' from project 'GTMAppAuth')
    cd /Users/aleks/Library/Developer/Xcode/DerivedData/PlanItApp-gkehojshtcbfvhersqwajfujohau/SourcePackages/checkouts/GTMAppAuth
    builtin-copy -exclude .DS_Store -exclude CVS -exclude .svn -exclude .git -exclude .hg -resolve-src-symlinks -rename /Users/aleks/Library/Developer/Xcode/DerivedData/PlanItApp-gkehojshtcbfvhersqwajfujohau/Build/Intermediates.noindex/GTMAppAuth.build/Debug-iphonesimulator/GTMAppAuth.build/Objects-normal/arm64/GTMAppAuth.swiftmodule /Users/aleks/Library/Developer/Xcode/DerivedData/PlanItApp-gkehojshtcbfvhersqwajfujohau/Build/Products/Debug-iphonesimulator/GTMAppAuth.swiftmodule/arm64-apple-ios-simulator.swiftmodule

Copy /Users/aleks/Library/Developer/Xcode/DerivedData/PlanItApp-gkehojshtcbfvhersqwajfujohau/Build/Products/Debug-iphonesimulator/GTMAppAuth.swiftmodule/arm64-apple-ios-simulator.swiftdoc /Users/aleks/Library/Developer/Xcode/DerivedData/PlanItApp-gkehojshtcbfvhersqwajfujohau/Build/Intermediates.noindex/GTMAppAuth.build/Debug-iphonesimulator/GTMAppAuth.build/Objects-normal/arm64/GTMAppAuth.swiftdoc (in target 'GTMAppAuth' from project 'GTMAppAuth')
    cd /Users/aleks/Library/Developer/Xcode/DerivedData/PlanItApp-gkehojshtcbfvhersqwajfujohau/SourcePackages/checkouts/GTMAppAuth
    builtin-copy -exclude .DS_Store -exclude CVS -exclude .svn -exclude .git -exclude .hg -resolve-src-symlinks -rename /Users/aleks/Library/Developer/Xcode/DerivedData/PlanItApp-gkehojshtcbfvhersqwajfujohau/Build/Intermediates.noindex/GTMAppAuth.build/Debug-iphonesimulator/GTMAppAuth.build/Objects-normal/arm64/GTMAppAuth.swiftdoc /Users/aleks/Library/Developer/Xcode/DerivedData/PlanItApp-gkehojshtcbfvhersqwajfujohau/Build/Products/Debug-iphonesimulator/GTMAppAuth.swiftmodule/arm64-apple-ios-simulator.swiftdoc

Copy /Users/aleks/Library/Developer/Xcode/DerivedData/PlanItApp-gkehojshtcbfvhersqwajfujohau/Build/Products/Debug-iphonesimulator/GTMAppAuth.swiftmodule/arm64-apple-ios-simulator.abi.json /Users/aleks/Library/Developer/Xcode/DerivedData/PlanItApp-gkehojshtcbfvhersqwajfujohau/Build/Intermediates.noindex/GTMAppAuth.build/Debug-iphonesimulator/GTMAppAuth.build/Objects-normal/arm64/GTMAppAuth.abi.json (in target 'GTMAppAuth' from project 'GTMAppAuth')
    cd /Users/aleks/Library/Developer/Xcode/DerivedData/PlanItApp-gkehojshtcbfvhersqwajfujohau/SourcePackages/checkouts/GTMAppAuth
    builtin-copy -exclude .DS_Store -exclude CVS -exclude .svn -exclude .git -exclude .hg -resolve-src-symlinks -rename /Users/aleks/Library/Developer/Xcode/DerivedData/PlanItApp-gkehojshtcbfvhersqwajfujohau/Build/Intermediates.noindex/GTMAppAuth.build/Debug-iphonesimulator/GTMAppAuth.build/Objects-normal/arm64/GTMAppAuth.abi.json /Users/aleks/Library/Developer/Xcode/DerivedData/PlanItApp-gkehojshtcbfvhersqwajfujohau/Build/Products/Debug-iphonesimulator/GTMAppAuth.swiftmodule/arm64-apple-ios-simulator.abi.json

SwiftDriverJobDiscovery normal arm64 Compiling AuthSession.swift (in target 'GTMAppAuth' from project 'GTMAppAuth')

Copy /Users/aleks/Library/Developer/Xcode/DerivedData/PlanItApp-gkehojshtcbfvhersqwajfujohau/Build/Products/Debug-iphonesimulator/GTMAppAuth.swiftmodule/Project/arm64-apple-ios-simulator.swiftsourceinfo /Users/aleks/Library/Developer/Xcode/DerivedData/PlanItApp-gkehojshtcbfvhersqwajfujohau/Build/Intermediates.noindex/GTMAppAuth.build/Debug-iphonesimulator/GTMAppAuth.build/Objects-normal/arm64/GTMAppAuth.swiftsourceinfo (in target 'GTMAppAuth' from project 'GTMAppAuth')
    cd /Users/aleks/Library/Developer/Xcode/DerivedData/PlanItApp-gkehojshtcbfvhersqwajfujohau/SourcePackages/checkouts/GTMAppAuth
    builtin-copy -exclude .DS_Store -exclude CVS -exclude .svn -exclude .git -exclude .hg -resolve-src-symlinks -rename /Users/aleks/Library/Developer/Xcode/DerivedData/PlanItApp-gkehojshtcbfvhersqwajfujohau/Build/Intermediates.noindex/GTMAppAuth.build/Debug-iphonesimulator/GTMAppAuth.build/Objects-normal/arm64/GTMAppAuth.swiftsourceinfo /Users/aleks/Library/Developer/Xcode/DerivedData/PlanItApp-gkehojshtcbfvhersqwajfujohau/Build/Products/Debug-iphonesimulator/GTMAppAuth.swiftmodule/Project/arm64-apple-ios-simulator.swiftsourceinfo

CompileC /Users/aleks/Library/Developer/Xcode/DerivedData/PlanItApp-gkehojshtcbfvhersqwajfujohau/Build/Intermediates.noindex/GTMSessionFetcher.build/Debug-iphonesimulator/GTMSessionFetcherCore.build/Objects-normal/arm64/GTMSessionFetcher.o /Users/aleks/Library/Developer/Xcode/DerivedData/PlanItApp-gkehojshtcbfvhersqwajfujohau/SourcePackages/checkouts/gtm-session-fetcher/Sources/Core/GTMSessionFetcher.m normal arm64 objective-c com.apple.compilers.llvm.clang.1_0.compiler (in target 'GTMSessionFetcherCore' from project 'GTMSessionFetcher')
    cd /Users/aleks/Desktop/PlanItApp/PlanItApp.xcodeproj
    
    Using response file: /Users/aleks/Library/Developer/Xcode/DerivedData/PlanItApp-gkehojshtcbfvhersqwajfujohau/Build/Intermediates.noindex/GTMSessionFetcher.build/Debug-iphonesimulator/GTMSessionFetcherCore.build/Objects-normal/arm64/e6072d4f65d7061329687fe24e3d63a7-common-args.resp
    
    /Applications/Xcode.app/Contents/Developer/Toolchains/XcodeDefault.xctoolchain/usr/bin/clang -x objective-c -ivfsstatcache /Users/aleks/Library/Developer/Xcode/DerivedData/SDKStatCaches.noindex/iphonesimulator18.5-22F76-d5fc8ad4295d2ef488fb7d0f804ce0c4.sdkstatcache -fmessage-length\=0 -fdiagnostics-show-note-include-stack -fmacro-backtrace-limit\=0 -fno-color-diagnostics -fmodules-prune-interval\=86400 -fmodules-prune-after\=345600 -fbuild-session-file\=/Users/aleks/Library/Developer/Xcode/DerivedData/ModuleCache.noindex/Session.modulevalidation -fmodules-validate-once-per-build-session -Wnon-modular-include-in-framework-module -Werror\=non-modular-include-in-framework-module -Wno-trigraphs -Wno-missing-field-initializers -Wno-missing-prototypes -Wno-return-type -Wno-implicit-atomic-properties -Wno-objc-interface-ivars -Wno-arc-repeated-use-of-weak -Wno-missing-braces -Wparentheses -Wswitch -Wno-unused-function -Wno-unused-label -Wno-unused-parameter -Wno-unused-variable -Wunused-value -Wno-empty-body -Wno-uninitialized -Wno-unknown-pragmas -w -Wno-shadow -Wno-four-char-constants -Wno-conversion -Wno-constant-conversion -Wno-int-conversion -Wno-bool-conversion -Wno-enum-conversion -Wno-float-conversion -Wno-non-literal-null-conversion -Wno-objc-literal-conversion -Wshorten-64-to-32 -Wpointer-sign -Wno-newline-eof -Wno-selector -Wno-strict-selector-match -Wno-undeclared-selector -Wno-deprecated-implementations -Wno-implicit-fallthrough -fstrict-aliasing -Wprotocol -Wdeprecated-declarations -Wno-sign-conversion -Wno-infinite-recursion -Wno-comma -Wno-block-capture-autoreleasing -Wno-strict-prototypes -Wno-semicolon-before-method-body -index-store-path /Users/aleks/Library/Developer/Xcode/DerivedData/PlanItApp-gkehojshtcbfvhersqwajfujohau/Index.noindex/DataStore @/Users/aleks/Library/Developer/Xcode/DerivedData/PlanItApp-gkehojshtcbfvhersqwajfujohau/Build/Intermediates.noindex/GTMSessionFetcher.build/Debug-iphonesimulator/GTMSessionFetcherCore.build/Objects-normal/arm64/e6072d4f65d7061329687fe24e3d63a7-common-args.resp -include /Users/aleks/Library/Developer/Xcode/DerivedData/PlanItApp-gkehojshtcbfvhersqwajfujohau/Build/Intermediates.noindex/GTMSessionFetcher.build/Debug-iphonesimulator/GTMSessionFetcherCore.build/DerivedSources/resource_bundle_accessor.h -MMD -MT dependencies -MF /Users/aleks/Library/Developer/Xcode/DerivedData/PlanItApp-gkehojshtcbfvhersqwajfujohau/Build/Intermediates.noindex/GTMSessionFetcher.build/Debug-iphonesimulator/GTMSessionFetcherCore.build/Objects-normal/arm64/GTMSessionFetcher.d --serialize-diagnostics /Users/aleks/Library/Developer/Xcode/DerivedData/PlanItApp-gkehojshtcbfvhersqwajfujohau/Build/Intermediates.noindex/GTMSessionFetcher.build/Debug-iphonesimulator/GTMSessionFetcherCore.build/Objects-normal/arm64/GTMSessionFetcher.dia -c /Users/aleks/Library/Developer/Xcode/DerivedData/PlanItApp-gkehojshtcbfvhersqwajfujohau/SourcePackages/checkouts/gtm-session-fetcher/Sources/Core/GTMSessionFetcher.m -o /Users/aleks/Library/Developer/Xcode/DerivedData/PlanItApp-gkehojshtcbfvhersqwajfujohau/Build/Intermediates.noindex/GTMSessionFetcher.build/Debug-iphonesimulator/GTMSessionFetcherCore.build/Objects-normal/arm64/GTMSessionFetcher.o -index-unit-output-path /GTMSessionFetcher.build/Debug-iphonesimulator/GTMSessionFetcherCore.build/Objects-normal/arm64/GTMSessionFetcher.o

Ld /Users/aleks/Library/Developer/Xcode/DerivedData/PlanItApp-gkehojshtcbfvhersqwajfujohau/Build/Products/Debug-iphonesimulator/FirebaseSharedSwift.o normal (in target 'FirebaseSharedSwift' from project 'Firebase')
    cd /Users/aleks/Library/Developer/Xcode/DerivedData/PlanItApp-gkehojshtcbfvhersqwajfujohau/SourcePackages/checkouts/firebase-ios-sdk
    /Applications/Xcode.app/Contents/Developer/Toolchains/XcodeDefault.xctoolchain/usr/bin/clang -Xlinker -reproducible -target arm64-apple-ios12.0-simulator -r -isysroot /Applications/Xcode.app/Contents/Developer/Platforms/iPhoneSimulator.platform/Developer/SDKs/iPhoneSimulator18.5.sdk -O0 -w -L/Users/aleks/Library/Developer/Xcode/DerivedData/PlanItApp-gkehojshtcbfvhersqwajfujohau/Build/Intermediates.noindex/EagerLinkingTBDs/Debug-iphonesimulator -L/Users/aleks/Library/Developer/Xcode/DerivedData/PlanItApp-gkehojshtcbfvhersqwajfujohau/Build/Products/Debug-iphonesimulator -L/Applications/Xcode.app/Contents/Developer/Platforms/iPhoneSimulator.platform/Developer/usr/lib -F/Users/aleks/Library/Developer/Xcode/DerivedData/PlanItApp-gkehojshtcbfvhersqwajfujohau/Build/Intermediates.noindex/EagerLinkingTBDs/Debug-iphonesimulator -F/Users/aleks/Library/Developer/Xcode/DerivedData/PlanItApp-gkehojshtcbfvhersqwajfujohau/Build/Products/Debug-iphonesimulator -iframework /Applications/Xcode.app/Contents/Developer/Platforms/iPhoneSimulator.platform/Developer/Library/Frameworks -iframework /Applications/Xcode.app/Contents/Developer/Platforms/iPhoneSimulator.platform/Developer/SDKs/iPhoneSimulator18.5.sdk/Developer/Library/Frameworks -filelist /Users/aleks/Library/Developer/Xcode/DerivedData/PlanItApp-gkehojshtcbfvhersqwajfujohau/Build/Intermediates.noindex/Firebase.build/Debug-iphonesimulator/FirebaseSharedSwift.build/Objects-normal/arm64/FirebaseSharedSwift.LinkFileList -nostdlib -Xlinker -object_path_lto -Xlinker /Users/aleks/Library/Developer/Xcode/DerivedData/PlanItApp-gkehojshtcbfvhersqwajfujohau/Build/Intermediates.noindex/Firebase.build/Debug-iphonesimulator/FirebaseSharedSwift.build/Objects-normal/arm64/FirebaseSharedSwift_lto.o -rdynamic -Xlinker -no_deduplicate -Xlinker -objc_abi_version -Xlinker 2 -Xlinker -debug_variant -Xlinker -dependency_info -Xlinker /Users/aleks/Library/Developer/Xcode/DerivedData/PlanItApp-gkehojshtcbfvhersqwajfujohau/Build/Intermediates.noindex/Firebase.build/Debug-iphonesimulator/FirebaseSharedSwift.build/Objects-normal/arm64/FirebaseSharedSwift_dependency_info.dat -fobjc-link-runtime -L/Applications/Xcode.app/Contents/Developer/Toolchains/XcodeDefault.xctoolchain/usr/lib/swift/iphonesimulator -L/usr/lib/swift -Xlinker -add_ast_path -Xlinker /Users/aleks/Library/Developer/Xcode/DerivedData/PlanItApp-gkehojshtcbfvhersqwajfujohau/Build/Intermediates.noindex/Firebase.build/Debug-iphonesimulator/FirebaseSharedSwift.build/Objects-normal/arm64/FirebaseSharedSwift.swiftmodule -o /Users/aleks/Library/Developer/Xcode/DerivedData/PlanItApp-gkehojshtcbfvhersqwajfujohau/Build/Products/Debug-iphonesimulator/FirebaseSharedSwift.o

CompileC /Users/aleks/Library/Developer/Xcode/DerivedData/PlanItApp-gkehojshtcbfvhersqwajfujohau/Build/Intermediates.noindex/AppCheck.build/Debug-iphonesimulator/AppCheckCore.build/Objects-normal/arm64/GACURLSessionDataResponse.o /Users/aleks/Library/Developer/Xcode/DerivedData/PlanItApp-gkehojshtcbfvhersqwajfujohau/SourcePackages/checkouts/app-check/AppCheckCore/Sources/Core/APIService/GACURLSessionDataResponse.m normal arm64 objective-c com.apple.compilers.llvm.clang.1_0.compiler (in target 'AppCheckCore' from project 'AppCheck')
    cd /Users/aleks/Desktop/PlanItApp/PlanItApp.xcodeproj
    
    Using response file: /Users/aleks/Library/Developer/Xcode/DerivedData/PlanItApp-gkehojshtcbfvhersqwajfujohau/Build/Intermediates.noindex/AppCheck.build/Debug-iphonesimulator/AppCheckCore.build/Objects-normal/arm64/e6072d4f65d7061329687fe24e3d63a7-common-args.resp
    
    /Applications/Xcode.app/Contents/Developer/Toolchains/XcodeDefault.xctoolchain/usr/bin/clang -x objective-c -ivfsstatcache /Users/aleks/Library/Developer/Xcode/DerivedData/SDKStatCaches.noindex/iphonesimulator18.5-22F76-d5fc8ad4295d2ef488fb7d0f804ce0c4.sdkstatcache -fmessage-length\=0 -fdiagnostics-show-note-include-stack -fmacro-backtrace-limit\=0 -fno-color-diagnostics -fmodules-prune-interval\=86400 -fmodules-prune-after\=345600 -fbuild-session-file\=/Users/aleks/Library/Developer/Xcode/DerivedData/ModuleCache.noindex/Session.modulevalidation -fmodules-validate-once-per-build-session -Wnon-modular-include-in-framework-module -Werror\=non-modular-include-in-framework-module -Wno-trigraphs -Wno-missing-field-initializers -Wno-missing-prototypes -Wno-return-type -Wno-implicit-atomic-properties -Wno-objc-interface-ivars -Wno-arc-repeated-use-of-weak -Wno-missing-braces -Wparentheses -Wswitch -Wno-unused-function -Wno-unused-label -Wno-unused-parameter -Wno-unused-variable -Wunused-value -Wno-empty-body -Wno-uninitialized -Wno-unknown-pragmas -w -Wno-shadow -Wno-four-char-constants -Wno-conversion -Wno-constant-conversion -Wno-int-conversion -Wno-bool-conversion -Wno-enum-conversion -Wno-float-conversion -Wno-non-literal-null-conversion -Wno-objc-literal-conversion -Wshorten-64-to-32 -Wpointer-sign -Wno-newline-eof -Wno-selector -Wno-strict-selector-match -Wno-undeclared-selector -Wno-deprecated-implementations -Wno-implicit-fallthrough -fstrict-aliasing -Wprotocol -Wdeprecated-declarations -Wno-sign-conversion -Wno-infinite-recursion -Wno-comma -Wno-block-capture-autoreleasing -Wno-strict-prototypes -Wno-semicolon-before-method-body -index-store-path /Users/aleks/Library/Developer/Xcode/DerivedData/PlanItApp-gkehojshtcbfvhersqwajfujohau/Index.noindex/DataStore @/Users/aleks/Library/Developer/Xcode/DerivedData/PlanItApp-gkehojshtcbfvhersqwajfujohau/Build/Intermediates.noindex/AppCheck.build/Debug-iphonesimulator/AppCheckCore.build/Objects-normal/arm64/e6072d4f65d7061329687fe24e3d63a7-common-args.resp -MMD -MT dependencies -MF /Users/aleks/Library/Developer/Xcode/DerivedData/PlanItApp-gkehojshtcbfvhersqwajfujohau/Build/Intermediates.noindex/AppCheck.build/Debug-iphonesimulator/AppCheckCore.build/Objects-normal/arm64/GACURLSessionDataResponse.d --serialize-diagnostics /Users/aleks/Library/Developer/Xcode/DerivedData/PlanItApp-gkehojshtcbfvhersqwajfujohau/Build/Intermediates.noindex/AppCheck.build/Debug-iphonesimulator/AppCheckCore.build/Objects-normal/arm64/GACURLSessionDataResponse.dia -c /Users/aleks/Library/Developer/Xcode/DerivedData/PlanItApp-gkehojshtcbfvhersqwajfujohau/SourcePackages/checkouts/app-check/AppCheckCore/Sources/Core/APIService/GACURLSessionDataResponse.m -o /Users/aleks/Library/Developer/Xcode/DerivedData/PlanItApp-gkehojshtcbfvhersqwajfujohau/Build/Intermediates.noindex/AppCheck.build/Debug-iphonesimulator/AppCheckCore.build/Objects-normal/arm64/GACURLSessionDataResponse.o -index-unit-output-path /AppCheck.build/Debug-iphonesimulator/AppCheckCore.build/Objects-normal/arm64/GACURLSessionDataResponse.o

CompileC /Users/aleks/Library/Developer/Xcode/DerivedData/PlanItApp-gkehojshtcbfvhersqwajfujohau/Build/Intermediates.noindex/AppCheck.build/Debug-iphonesimulator/AppCheckCore.build/Objects-normal/arm64/GACAppCheckTokenResult.o /Users/aleks/Library/Developer/Xcode/DerivedData/PlanItApp-gkehojshtcbfvhersqwajfujohau/SourcePackages/checkouts/app-check/AppCheckCore/Sources/Core/GACAppCheckTokenResult.m normal arm64 objective-c com.apple.compilers.llvm.clang.1_0.compiler (in target 'AppCheckCore' from project 'AppCheck')
    cd /Users/aleks/Desktop/PlanItApp/PlanItApp.xcodeproj
    
    Using response file: /Users/aleks/Library/Developer/Xcode/DerivedData/PlanItApp-gkehojshtcbfvhersqwajfujohau/Build/Intermediates.noindex/AppCheck.build/Debug-iphonesimulator/AppCheckCore.build/Objects-normal/arm64/e6072d4f65d7061329687fe24e3d63a7-common-args.resp
    
    /Applications/Xcode.app/Contents/Developer/Toolchains/XcodeDefault.xctoolchain/usr/bin/clang -x objective-c -ivfsstatcache /Users/aleks/Library/Developer/Xcode/DerivedData/SDKStatCaches.noindex/iphonesimulator18.5-22F76-d5fc8ad4295d2ef488fb7d0f804ce0c4.sdkstatcache -fmessage-length\=0 -fdiagnostics-show-note-include-stack -fmacro-backtrace-limit\=0 -fno-color-diagnostics -fmodules-prune-interval\=86400 -fmodules-prune-after\=345600 -fbuild-session-file\=/Users/aleks/Library/Developer/Xcode/DerivedData/ModuleCache.noindex/Session.modulevalidation -fmodules-validate-once-per-build-session -Wnon-modular-include-in-framework-module -Werror\=non-modular-include-in-framework-module -Wno-trigraphs -Wno-missing-field-initializers -Wno-missing-prototypes -Wno-return-type -Wno-implicit-atomic-properties -Wno-objc-interface-ivars -Wno-arc-repeated-use-of-weak -Wno-missing-braces -Wparentheses -Wswitch -Wno-unused-function -Wno-unused-label -Wno-unused-parameter -Wno-unused-variable -Wunused-value -Wno-empty-body -Wno-uninitialized -Wno-unknown-pragmas -w -Wno-shadow -Wno-four-char-constants -Wno-conversion -Wno-constant-conversion -Wno-int-conversion -Wno-bool-conversion -Wno-enum-conversion -Wno-float-conversion -Wno-non-literal-null-conversion -Wno-objc-literal-conversion -Wshorten-64-to-32 -Wpointer-sign -Wno-newline-eof -Wno-selector -Wno-strict-selector-match -Wno-undeclared-selector -Wno-deprecated-implementations -Wno-implicit-fallthrough -fstrict-aliasing -Wprotocol -Wdeprecated-declarations -Wno-sign-conversion -Wno-infinite-recursion -Wno-comma -Wno-block-capture-autoreleasing -Wno-strict-prototypes -Wno-semicolon-before-method-body -index-store-path /Users/aleks/Library/Developer/Xcode/DerivedData/PlanItApp-gkehojshtcbfvhersqwajfujohau/Index.noindex/DataStore @/Users/aleks/Library/Developer/Xcode/DerivedData/PlanItApp-gkehojshtcbfvhersqwajfujohau/Build/Intermediates.noindex/AppCheck.build/Debug-iphonesimulator/AppCheckCore.build/Objects-normal/arm64/e6072d4f65d7061329687fe24e3d63a7-common-args.resp -MMD -MT dependencies -MF /Users/aleks/Library/Developer/Xcode/DerivedData/PlanItApp-gkehojshtcbfvhersqwajfujohau/Build/Intermediates.noindex/AppCheck.build/Debug-iphonesimulator/AppCheckCore.build/Objects-normal/arm64/GACAppCheckTokenResult.d --serialize-diagnostics /Users/aleks/Library/Developer/Xcode/DerivedData/PlanItApp-gkehojshtcbfvhersqwajfujohau/Build/Intermediates.noindex/AppCheck.build/Debug-iphonesimulator/AppCheckCore.build/Objects-normal/arm64/GACAppCheckTokenResult.dia -c /Users/aleks/Library/Developer/Xcode/DerivedData/PlanItApp-gkehojshtcbfvhersqwajfujohau/SourcePackages/checkouts/app-check/AppCheckCore/Sources/Core/GACAppCheckTokenResult.m -o /Users/aleks/Library/Developer/Xcode/DerivedData/PlanItApp-gkehojshtcbfvhersqwajfujohau/Build/Intermediates.noindex/AppCheck.build/Debug-iphonesimulator/AppCheckCore.build/Objects-normal/arm64/GACAppCheckTokenResult.o -index-unit-output-path /AppCheck.build/Debug-iphonesimulator/AppCheckCore.build/Objects-normal/arm64/GACAppCheckTokenResult.o

CompileC /Users/aleks/Library/Developer/Xcode/DerivedData/PlanItApp-gkehojshtcbfvhersqwajfujohau/Build/Intermediates.noindex/AppCheck.build/Debug-iphonesimulator/AppCheckCore.build/Objects-normal/arm64/GACAppCheckTokenRefresher.o /Users/aleks/Library/Developer/Xcode/DerivedData/PlanItApp-gkehojshtcbfvhersqwajfujohau/SourcePackages/checkouts/app-check/AppCheckCore/Sources/Core/TokenRefresh/GACAppCheckTokenRefresher.m normal arm64 objective-c com.apple.compilers.llvm.clang.1_0.compiler (in target 'AppCheckCore' from project 'AppCheck')
    cd /Users/aleks/Desktop/PlanItApp/PlanItApp.xcodeproj
    
    Using response file: /Users/aleks/Library/Developer/Xcode/DerivedData/PlanItApp-gkehojshtcbfvhersqwajfujohau/Build/Intermediates.noindex/AppCheck.build/Debug-iphonesimulator/AppCheckCore.build/Objects-normal/arm64/e6072d4f65d7061329687fe24e3d63a7-common-args.resp
    
    /Applications/Xcode.app/Contents/Developer/Toolchains/XcodeDefault.xctoolchain/usr/bin/clang -x objective-c -ivfsstatcache /Users/aleks/Library/Developer/Xcode/DerivedData/SDKStatCaches.noindex/iphonesimulator18.5-22F76-d5fc8ad4295d2ef488fb7d0f804ce0c4.sdkstatcache -fmessage-length\=0 -fdiagnostics-show-note-include-stack -fmacro-backtrace-limit\=0 -fno-color-diagnostics -fmodules-prune-interval\=86400 -fmodules-prune-after\=345600 -fbuild-session-file\=/Users/aleks/Library/Developer/Xcode/DerivedData/ModuleCache.noindex/Session.modulevalidation -fmodules-validate-once-per-build-session -Wnon-modular-include-in-framework-module -Werror\=non-modular-include-in-framework-module -Wno-trigraphs -Wno-missing-field-initializers -Wno-missing-prototypes -Wno-return-type -Wno-implicit-atomic-properties -Wno-objc-interface-ivars -Wno-arc-repeated-use-of-weak -Wno-missing-braces -Wparentheses -Wswitch -Wno-unused-function -Wno-unused-label -Wno-unused-parameter -Wno-unused-variable -Wunused-value -Wno-empty-body -Wno-uninitialized -Wno-unknown-pragmas -w -Wno-shadow -Wno-four-char-constants -Wno-conversion -Wno-constant-conversion -Wno-int-conversion -Wno-bool-conversion -Wno-enum-conversion -Wno-float-conversion -Wno-non-literal-null-conversion -Wno-objc-literal-conversion -Wshorten-64-to-32 -Wpointer-sign -Wno-newline-eof -Wno-selector -Wno-strict-selector-match -Wno-undeclared-selector -Wno-deprecated-implementations -Wno-implicit-fallthrough -fstrict-aliasing -Wprotocol -Wdeprecated-declarations -Wno-sign-conversion -Wno-infinite-recursion -Wno-comma -Wno-block-capture-autoreleasing -Wno-strict-prototypes -Wno-semicolon-before-method-body -index-store-path /Users/aleks/Library/Developer/Xcode/DerivedData/PlanItApp-gkehojshtcbfvhersqwajfujohau/Index.noindex/DataStore @/Users/aleks/Library/Developer/Xcode/DerivedData/PlanItApp-gkehojshtcbfvhersqwajfujohau/Build/Intermediates.noindex/AppCheck.build/Debug-iphonesimulator/AppCheckCore.build/Objects-normal/arm64/e6072d4f65d7061329687fe24e3d63a7-common-args.resp -MMD -MT dependencies -MF /Users/aleks/Library/Developer/Xcode/DerivedData/PlanItApp-gkehojshtcbfvhersqwajfujohau/Build/Intermediates.noindex/AppCheck.build/Debug-iphonesimulator/AppCheckCore.build/Objects-normal/arm64/GACAppCheckTokenRefresher.d --serialize-diagnostics /Users/aleks/Library/Developer/Xcode/DerivedData/PlanItApp-gkehojshtcbfvhersqwajfujohau/Build/Intermediates.noindex/AppCheck.build/Debug-iphonesimulator/AppCheckCore.build/Objects-normal/arm64/GACAppCheckTokenRefresher.dia -c /Users/aleks/Library/Developer/Xcode/DerivedData/PlanItApp-gkehojshtcbfvhersqwajfujohau/SourcePackages/checkouts/app-check/AppCheckCore/Sources/Core/TokenRefresh/GACAppCheckTokenRefresher.m -o /Users/aleks/Library/Developer/Xcode/DerivedData/PlanItApp-gkehojshtcbfvhersqwajfujohau/Build/Intermediates.noindex/AppCheck.build/Debug-iphonesimulator/AppCheckCore.build/Objects-normal/arm64/GACAppCheckTokenRefresher.o -index-unit-output-path /AppCheck.build/Debug-iphonesimulator/AppCheckCore.build/Objects-normal/arm64/GACAppCheckTokenRefresher.o

CompileC /Users/aleks/Library/Developer/Xcode/DerivedData/PlanItApp-gkehojshtcbfvhersqwajfujohau/Build/Intermediates.noindex/AppCheck.build/Debug-iphonesimulator/AppCheckCore.build/Objects-normal/arm64/GACAppCheckTokenRefreshResult.o /Users/aleks/Library/Developer/Xcode/DerivedData/PlanItApp-gkehojshtcbfvhersqwajfujohau/SourcePackages/checkouts/app-check/AppCheckCore/Sources/Core/TokenRefresh/GACAppCheckTokenRefreshResult.m normal arm64 objective-c com.apple.compilers.llvm.clang.1_0.compiler (in target 'AppCheckCore' from project 'AppCheck')
    cd /Users/aleks/Desktop/PlanItApp/PlanItApp.xcodeproj
    
    Using response file: /Users/aleks/Library/Developer/Xcode/DerivedData/PlanItApp-gkehojshtcbfvhersqwajfujohau/Build/Intermediates.noindex/AppCheck.build/Debug-iphonesimulator/AppCheckCore.build/Objects-normal/arm64/e6072d4f65d7061329687fe24e3d63a7-common-args.resp
    
    /Applications/Xcode.app/Contents/Developer/Toolchains/XcodeDefault.xctoolchain/usr/bin/clang -x objective-c -ivfsstatcache /Users/aleks/Library/Developer/Xcode/DerivedData/SDKStatCaches.noindex/iphonesimulator18.5-22F76-d5fc8ad4295d2ef488fb7d0f804ce0c4.sdkstatcache -fmessage-length\=0 -fdiagnostics-show-note-include-stack -fmacro-backtrace-limit\=0 -fno-color-diagnostics -fmodules-prune-interval\=86400 -fmodules-prune-after\=345600 -fbuild-session-file\=/Users/aleks/Library/Developer/Xcode/DerivedData/ModuleCache.noindex/Session.modulevalidation -fmodules-validate-once-per-build-session -Wnon-modular-include-in-framework-module -Werror\=non-modular-include-in-framework-module -Wno-trigraphs -Wno-missing-field-initializers -Wno-missing-prototypes -Wno-return-type -Wno-implicit-atomic-properties -Wno-objc-interface-ivars -Wno-arc-repeated-use-of-weak -Wno-missing-braces -Wparentheses -Wswitch -Wno-unused-function -Wno-unused-label -Wno-unused-parameter -Wno-unused-variable -Wunused-value -Wno-empty-body -Wno-uninitialized -Wno-unknown-pragmas -w -Wno-shadow -Wno-four-char-constants -Wno-conversion -Wno-constant-conversion -Wno-int-conversion -Wno-bool-conversion -Wno-enum-conversion -Wno-float-conversion -Wno-non-literal-null-conversion -Wno-objc-literal-conversion -Wshorten-64-to-32 -Wpointer-sign -Wno-newline-eof -Wno-selector -Wno-strict-selector-match -Wno-undeclared-selector -Wno-deprecated-implementations -Wno-implicit-fallthrough -fstrict-aliasing -Wprotocol -Wdeprecated-declarations -Wno-sign-conversion -Wno-infinite-recursion -Wno-comma -Wno-block-capture-autoreleasing -Wno-strict-prototypes -Wno-semicolon-before-method-body -index-store-path /Users/aleks/Library/Developer/Xcode/DerivedData/PlanItApp-gkehojshtcbfvhersqwajfujohau/Index.noindex/DataStore @/Users/aleks/Library/Developer/Xcode/DerivedData/PlanItApp-gkehojshtcbfvhersqwajfujohau/Build/Intermediates.noindex/AppCheck.build/Debug-iphonesimulator/AppCheckCore.build/Objects-normal/arm64/e6072d4f65d7061329687fe24e3d63a7-common-args.resp -MMD -MT dependencies -MF /Users/aleks/Library/Developer/Xcode/DerivedData/PlanItApp-gkehojshtcbfvhersqwajfujohau/Build/Intermediates.noindex/AppCheck.build/Debug-iphonesimulator/AppCheckCore.build/Objects-normal/arm64/GACAppCheckTokenRefreshResult.d --serialize-diagnostics /Users/aleks/Library/Developer/Xcode/DerivedData/PlanItApp-gkehojshtcbfvhersqwajfujohau/Build/Intermediates.noindex/AppCheck.build/Debug-iphonesimulator/AppCheckCore.build/Objects-normal/arm64/GACAppCheckTokenRefreshResult.dia -c /Users/aleks/Library/Developer/Xcode/DerivedData/PlanItApp-gkehojshtcbfvhersqwajfujohau/SourcePackages/checkouts/app-check/AppCheckCore/Sources/Core/TokenRefresh/GACAppCheckTokenRefreshResult.m -o /Users/aleks/Library/Developer/Xcode/DerivedData/PlanItApp-gkehojshtcbfvhersqwajfujohau/Build/Intermediates.noindex/AppCheck.build/Debug-iphonesimulator/AppCheckCore.build/Objects-normal/arm64/GACAppCheckTokenRefreshResult.o -index-unit-output-path /AppCheck.build/Debug-iphonesimulator/AppCheckCore.build/Objects-normal/arm64/GACAppCheckTokenRefreshResult.o

CompileC /Users/aleks/Library/Developer/Xcode/DerivedData/PlanItApp-gkehojshtcbfvhersqwajfujohau/Build/Intermediates.noindex/AppCheck.build/Debug-iphonesimulator/AppCheckCore.build/Objects-normal/arm64/GACAppCheckToken.o /Users/aleks/Library/Developer/Xcode/DerivedData/PlanItApp-gkehojshtcbfvhersqwajfujohau/SourcePackages/checkouts/app-check/AppCheckCore/Sources/Core/GACAppCheckToken.m normal arm64 objective-c com.apple.compilers.llvm.clang.1_0.compiler (in target 'AppCheckCore' from project 'AppCheck')
    cd /Users/aleks/Desktop/PlanItApp/PlanItApp.xcodeproj
    
    Using response file: /Users/aleks/Library/Developer/Xcode/DerivedData/PlanItApp-gkehojshtcbfvhersqwajfujohau/Build/Intermediates.noindex/AppCheck.build/Debug-iphonesimulator/AppCheckCore.build/Objects-normal/arm64/e6072d4f65d7061329687fe24e3d63a7-common-args.resp
    
    /Applications/Xcode.app/Contents/Developer/Toolchains/XcodeDefault.xctoolchain/usr/bin/clang -x objective-c -ivfsstatcache /Users/aleks/Library/Developer/Xcode/DerivedData/SDKStatCaches.noindex/iphonesimulator18.5-22F76-d5fc8ad4295d2ef488fb7d0f804ce0c4.sdkstatcache -fmessage-length\=0 -fdiagnostics-show-note-include-stack -fmacro-backtrace-limit\=0 -fno-color-diagnostics -fmodules-prune-interval\=86400 -fmodules-prune-after\=345600 -fbuild-session-file\=/Users/aleks/Library/Developer/Xcode/DerivedData/ModuleCache.noindex/Session.modulevalidation -fmodules-validate-once-per-build-session -Wnon-modular-include-in-framework-module -Werror\=non-modular-include-in-framework-module -Wno-trigraphs -Wno-missing-field-initializers -Wno-missing-prototypes -Wno-return-type -Wno-implicit-atomic-properties -Wno-objc-interface-ivars -Wno-arc-repeated-use-of-weak -Wno-missing-braces -Wparentheses -Wswitch -Wno-unused-function -Wno-unused-label -Wno-unused-parameter -Wno-unused-variable -Wunused-value -Wno-empty-body -Wno-uninitialized -Wno-unknown-pragmas -w -Wno-shadow -Wno-four-char-constants -Wno-conversion -Wno-constant-conversion -Wno-int-conversion -Wno-bool-conversion -Wno-enum-conversion -Wno-float-conversion -Wno-non-literal-null-conversion -Wno-objc-literal-conversion -Wshorten-64-to-32 -Wpointer-sign -Wno-newline-eof -Wno-selector -Wno-strict-selector-match -Wno-undeclared-selector -Wno-deprecated-implementations -Wno-implicit-fallthrough -fstrict-aliasing -Wprotocol -Wdeprecated-declarations -Wno-sign-conversion -Wno-infinite-recursion -Wno-comma -Wno-block-capture-autoreleasing -Wno-strict-prototypes -Wno-semicolon-before-method-body -index-store-path /Users/aleks/Library/Developer/Xcode/DerivedData/PlanItApp-gkehojshtcbfvhersqwajfujohau/Index.noindex/DataStore @/Users/aleks/Library/Developer/Xcode/DerivedData/PlanItApp-gkehojshtcbfvhersqwajfujohau/Build/Intermediates.noindex/AppCheck.build/Debug-iphonesimulator/AppCheckCore.build/Objects-normal/arm64/e6072d4f65d7061329687fe24e3d63a7-common-args.resp -MMD -MT dependencies -MF /Users/aleks/Library/Developer/Xcode/DerivedData/PlanItApp-gkehojshtcbfvhersqwajfujohau/Build/Intermediates.noindex/AppCheck.build/Debug-iphonesimulator/AppCheckCore.build/Objects-normal/arm64/GACAppCheckToken.d --serialize-diagnostics /Users/aleks/Library/Developer/Xcode/DerivedData/PlanItApp-gkehojshtcbfvhersqwajfujohau/Build/Intermediates.noindex/AppCheck.build/Debug-iphonesimulator/AppCheckCore.build/Objects-normal/arm64/GACAppCheckToken.dia -c /Users/aleks/Library/Developer/Xcode/DerivedData/PlanItApp-gkehojshtcbfvhersqwajfujohau/SourcePackages/checkouts/app-check/AppCheckCore/Sources/Core/GACAppCheckToken.m -o /Users/aleks/Library/Developer/Xcode/DerivedData/PlanItApp-gkehojshtcbfvhersqwajfujohau/Build/Intermediates.noindex/AppCheck.build/Debug-iphonesimulator/AppCheckCore.build/Objects-normal/arm64/GACAppCheckToken.o -index-unit-output-path /AppCheck.build/Debug-iphonesimulator/AppCheckCore.build/Objects-normal/arm64/GACAppCheckToken.o

CompileC /Users/aleks/Library/Developer/Xcode/DerivedData/PlanItApp-gkehojshtcbfvhersqwajfujohau/Build/Intermediates.noindex/AppCheck.build/Debug-iphonesimulator/AppCheckCore.build/Objects-normal/arm64/GACAppCheckTimer.o /Users/aleks/Library/Developer/Xcode/DerivedData/PlanItApp-gkehojshtcbfvhersqwajfujohau/SourcePackages/checkouts/app-check/AppCheckCore/Sources/Core/TokenRefresh/GACAppCheckTimer.m normal arm64 objective-c com.apple.compilers.llvm.clang.1_0.compiler (in target 'AppCheckCore' from project 'AppCheck')
    cd /Users/aleks/Desktop/PlanItApp/PlanItApp.xcodeproj
    
    Using response file: /Users/aleks/Library/Developer/Xcode/DerivedData/PlanItApp-gkehojshtcbfvhersqwajfujohau/Build/Intermediates.noindex/AppCheck.build/Debug-iphonesimulator/AppCheckCore.build/Objects-normal/arm64/e6072d4f65d7061329687fe24e3d63a7-common-args.resp
    
    /Applications/Xcode.app/Contents/Developer/Toolchains/XcodeDefault.xctoolchain/usr/bin/clang -x objective-c -ivfsstatcache /Users/aleks/Library/Developer/Xcode/DerivedData/SDKStatCaches.noindex/iphonesimulator18.5-22F76-d5fc8ad4295d2ef488fb7d0f804ce0c4.sdkstatcache -fmessage-length\=0 -fdiagnostics-show-note-include-stack -fmacro-backtrace-limit\=0 -fno-color-diagnostics -fmodules-prune-interval\=86400 -fmodules-prune-after\=345600 -fbuild-session-file\=/Users/aleks/Library/Developer/Xcode/DerivedData/ModuleCache.noindex/Session.modulevalidation -fmodules-validate-once-per-build-session -Wnon-modular-include-in-framework-module -Werror\=non-modular-include-in-framework-module -Wno-trigraphs -Wno-missing-field-initializers -Wno-missing-prototypes -Wno-return-type -Wno-implicit-atomic-properties -Wno-objc-interface-ivars -Wno-arc-repeated-use-of-weak -Wno-missing-braces -Wparentheses -Wswitch -Wno-unused-function -Wno-unused-label -Wno-unused-parameter -Wno-unused-variable -Wunused-value -Wno-empty-body -Wno-uninitialized -Wno-unknown-pragmas -w -Wno-shadow -Wno-four-char-constants -Wno-conversion -Wno-constant-conversion -Wno-int-conversion -Wno-bool-conversion -Wno-enum-conversion -Wno-float-conversion -Wno-non-literal-null-conversion -Wno-objc-literal-conversion -Wshorten-64-to-32 -Wpointer-sign -Wno-newline-eof -Wno-selector -Wno-strict-selector-match -Wno-undeclared-selector -Wno-deprecated-implementations -Wno-implicit-fallthrough -fstrict-aliasing -Wprotocol -Wdeprecated-declarations -Wno-sign-conversion -Wno-infinite-recursion -Wno-comma -Wno-block-capture-autoreleasing -Wno-strict-prototypes -Wno-semicolon-before-method-body -index-store-path /Users/aleks/Library/Developer/Xcode/DerivedData/PlanItApp-gkehojshtcbfvhersqwajfujohau/Index.noindex/DataStore @/Users/aleks/Library/Developer/Xcode/DerivedData/PlanItApp-gkehojshtcbfvhersqwajfujohau/Build/Intermediates.noindex/AppCheck.build/Debug-iphonesimulator/AppCheckCore.build/Objects-normal/arm64/e6072d4f65d7061329687fe24e3d63a7-common-args.resp -MMD -MT dependencies -MF /Users/aleks/Library/Developer/Xcode/DerivedData/PlanItApp-gkehojshtcbfvhersqwajfujohau/Build/Intermediates.noindex/AppCheck.build/Debug-iphonesimulator/AppCheckCore.build/Objects-normal/arm64/GACAppCheckTimer.d --serialize-diagnostics /Users/aleks/Library/Developer/Xcode/DerivedData/PlanItApp-gkehojshtcbfvhersqwajfujohau/Build/Intermediates.noindex/AppCheck.build/Debug-iphonesimulator/AppCheckCore.build/Objects-normal/arm64/GACAppCheckTimer.dia -c /Users/aleks/Library/Developer/Xcode/DerivedData/PlanItApp-gkehojshtcbfvhersqwajfujohau/SourcePackages/checkouts/app-check/AppCheckCore/Sources/Core/TokenRefresh/GACAppCheckTimer.m -o /Users/aleks/Library/Developer/Xcode/DerivedData/PlanItApp-gkehojshtcbfvhersqwajfujohau/Build/Intermediates.noindex/AppCheck.build/Debug-iphonesimulator/AppCheckCore.build/Objects-normal/arm64/GACAppCheckTimer.o -index-unit-output-path /AppCheck.build/Debug-iphonesimulator/AppCheckCore.build/Objects-normal/arm64/GACAppCheckTimer.o

CompileC /Users/aleks/Library/Developer/Xcode/DerivedData/PlanItApp-gkehojshtcbfvhersqwajfujohau/Build/Intermediates.noindex/AppCheck.build/Debug-iphonesimulator/AppCheckCore.build/Objects-normal/arm64/GACAppCheckStoredToken.o /Users/aleks/Library/Developer/Xcode/DerivedData/PlanItApp-gkehojshtcbfvhersqwajfujohau/SourcePackages/checkouts/app-check/AppCheckCore/Sources/Core/Storage/GACAppCheckStoredToken.m normal arm64 objective-c com.apple.compilers.llvm.clang.1_0.compiler (in target 'AppCheckCore' from project 'AppCheck')
    cd /Users/aleks/Desktop/PlanItApp/PlanItApp.xcodeproj
    
    Using response file: /Users/aleks/Library/Developer/Xcode/DerivedData/PlanItApp-gkehojshtcbfvhersqwajfujohau/Build/Intermediates.noindex/AppCheck.build/Debug-iphonesimulator/AppCheckCore.build/Objects-normal/arm64/e6072d4f65d7061329687fe24e3d63a7-common-args.resp
    
    /Applications/Xcode.app/Contents/Developer/Toolchains/XcodeDefault.xctoolchain/usr/bin/clang -x objective-c -ivfsstatcache /Users/aleks/Library/Developer/Xcode/DerivedData/SDKStatCaches.noindex/iphonesimulator18.5-22F76-d5fc8ad4295d2ef488fb7d0f804ce0c4.sdkstatcache -fmessage-length\=0 -fdiagnostics-show-note-include-stack -fmacro-backtrace-limit\=0 -fno-color-diagnostics -fmodules-prune-interval\=86400 -fmodules-prune-after\=345600 -fbuild-session-file\=/Users/aleks/Library/Developer/Xcode/DerivedData/ModuleCache.noindex/Session.modulevalidation -fmodules-validate-once-per-build-session -Wnon-modular-include-in-framework-module -Werror\=non-modular-include-in-framework-module -Wno-trigraphs -Wno-missing-field-initializers -Wno-missing-prototypes -Wno-return-type -Wno-implicit-atomic-properties -Wno-objc-interface-ivars -Wno-arc-repeated-use-of-weak -Wno-missing-braces -Wparentheses -Wswitch -Wno-unused-function -Wno-unused-label -Wno-unused-parameter -Wno-unused-variable -Wunused-value -Wno-empty-body -Wno-uninitialized -Wno-unknown-pragmas -w -Wno-shadow -Wno-four-char-constants -Wno-conversion -Wno-constant-conversion -Wno-int-conversion -Wno-bool-conversion -Wno-enum-conversion -Wno-float-conversion -Wno-non-literal-null-conversion -Wno-objc-literal-conversion -Wshorten-64-to-32 -Wpointer-sign -Wno-newline-eof -Wno-selector -Wno-strict-selector-match -Wno-undeclared-selector -Wno-deprecated-implementations -Wno-implicit-fallthrough -fstrict-aliasing -Wprotocol -Wdeprecated-declarations -Wno-sign-conversion -Wno-infinite-recursion -Wno-comma -Wno-block-capture-autoreleasing -Wno-strict-prototypes -Wno-semicolon-before-method-body -index-store-path /Users/aleks/Library/Developer/Xcode/DerivedData/PlanItApp-gkehojshtcbfvhersqwajfujohau/Index.noindex/DataStore @/Users/aleks/Library/Developer/Xcode/DerivedData/PlanItApp-gkehojshtcbfvhersqwajfujohau/Build/Intermediates.noindex/AppCheck.build/Debug-iphonesimulator/AppCheckCore.build/Objects-normal/arm64/e6072d4f65d7061329687fe24e3d63a7-common-args.resp -MMD -MT dependencies -MF /Users/aleks/Library/Developer/Xcode/DerivedData/PlanItApp-gkehojshtcbfvhersqwajfujohau/Build/Intermediates.noindex/AppCheck.build/Debug-iphonesimulator/AppCheckCore.build/Objects-normal/arm64/GACAppCheckStoredToken.d --serialize-diagnostics /Users/aleks/Library/Developer/Xcode/DerivedData/PlanItApp-gkehojshtcbfvhersqwajfujohau/Build/Intermediates.noindex/AppCheck.build/Debug-iphonesimulator/AppCheckCore.build/Objects-normal/arm64/GACAppCheckStoredToken.dia -c /Users/aleks/Library/Developer/Xcode/DerivedData/PlanItApp-gkehojshtcbfvhersqwajfujohau/SourcePackages/checkouts/app-check/AppCheckCore/Sources/Core/Storage/GACAppCheckStoredToken.m -o /Users/aleks/Library/Developer/Xcode/DerivedData/PlanItApp-gkehojshtcbfvhersqwajfujohau/Build/Intermediates.noindex/AppCheck.build/Debug-iphonesimulator/AppCheckCore.build/Objects-normal/arm64/GACAppCheckStoredToken.o -index-unit-output-path /AppCheck.build/Debug-iphonesimulator/AppCheckCore.build/Objects-normal/arm64/GACAppCheckStoredToken.o

CompileC /Users/aleks/Library/Developer/Xcode/DerivedData/PlanItApp-gkehojshtcbfvhersqwajfujohau/Build/Intermediates.noindex/AppCheck.build/Debug-iphonesimulator/AppCheckCore.build/Objects-normal/arm64/GACAppCheckStoredToken+GACAppCheckToken.o /Users/aleks/Library/Developer/Xcode/DerivedData/PlanItApp-gkehojshtcbfvhersqwajfujohau/SourcePackages/checkouts/app-check/AppCheckCore/Sources/Core/Storage/GACAppCheckStoredToken+GACAppCheckToken.m normal arm64 objective-c com.apple.compilers.llvm.clang.1_0.compiler (in target 'AppCheckCore' from project 'AppCheck')
    cd /Users/aleks/Desktop/PlanItApp/PlanItApp.xcodeproj
    
    Using response file: /Users/aleks/Library/Developer/Xcode/DerivedData/PlanItApp-gkehojshtcbfvhersqwajfujohau/Build/Intermediates.noindex/AppCheck.build/Debug-iphonesimulator/AppCheckCore.build/Objects-normal/arm64/e6072d4f65d7061329687fe24e3d63a7-common-args.resp
    
    /Applications/Xcode.app/Contents/Developer/Toolchains/XcodeDefault.xctoolchain/usr/bin/clang -x objective-c -ivfsstatcache /Users/aleks/Library/Developer/Xcode/DerivedData/SDKStatCaches.noindex/iphonesimulator18.5-22F76-d5fc8ad4295d2ef488fb7d0f804ce0c4.sdkstatcache -fmessage-length\=0 -fdiagnostics-show-note-include-stack -fmacro-backtrace-limit\=0 -fno-color-diagnostics -fmodules-prune-interval\=86400 -fmodules-prune-after\=345600 -fbuild-session-file\=/Users/aleks/Library/Developer/Xcode/DerivedData/ModuleCache.noindex/Session.modulevalidation -fmodules-validate-once-per-build-session -Wnon-modular-include-in-framework-module -Werror\=non-modular-include-in-framework-module -Wno-trigraphs -Wno-missing-field-initializers -Wno-missing-prototypes -Wno-return-type -Wno-implicit-atomic-properties -Wno-objc-interface-ivars -Wno-arc-repeated-use-of-weak -Wno-missing-braces -Wparentheses -Wswitch -Wno-unused-function -Wno-unused-label -Wno-unused-parameter -Wno-unused-variable -Wunused-value -Wno-empty-body -Wno-uninitialized -Wno-unknown-pragmas -w -Wno-shadow -Wno-four-char-constants -Wno-conversion -Wno-constant-conversion -Wno-int-conversion -Wno-bool-conversion -Wno-enum-conversion -Wno-float-conversion -Wno-non-literal-null-conversion -Wno-objc-literal-conversion -Wshorten-64-to-32 -Wpointer-sign -Wno-newline-eof -Wno-selector -Wno-strict-selector-match -Wno-undeclared-selector -Wno-deprecated-implementations -Wno-implicit-fallthrough -fstrict-aliasing -Wprotocol -Wdeprecated-declarations -Wno-sign-conversion -Wno-infinite-recursion -Wno-comma -Wno-block-capture-autoreleasing -Wno-strict-prototypes -Wno-semicolon-before-method-body -index-store-path /Users/aleks/Library/Developer/Xcode/DerivedData/PlanItApp-gkehojshtcbfvhersqwajfujohau/Index.noindex/DataStore @/Users/aleks/Library/Developer/Xcode/DerivedData/PlanItApp-gkehojshtcbfvhersqwajfujohau/Build/Intermediates.noindex/AppCheck.build/Debug-iphonesimulator/AppCheckCore.build/Objects-normal/arm64/e6072d4f65d7061329687fe24e3d63a7-common-args.resp -MMD -MT dependencies -MF /Users/aleks/Library/Developer/Xcode/DerivedData/PlanItApp-gkehojshtcbfvhersqwajfujohau/Build/Intermediates.noindex/AppCheck.build/Debug-iphonesimulator/AppCheckCore.build/Objects-normal/arm64/GACAppCheckStoredToken+GACAppCheckToken.d --serialize-diagnostics /Users/aleks/Library/Developer/Xcode/DerivedData/PlanItApp-gkehojshtcbfvhersqwajfujohau/Build/Intermediates.noindex/AppCheck.build/Debug-iphonesimulator/AppCheckCore.build/Objects-normal/arm64/GACAppCheckStoredToken+GACAppCheckToken.dia -c /Users/aleks/Library/Developer/Xcode/DerivedData/PlanItApp-gkehojshtcbfvhersqwajfujohau/SourcePackages/checkouts/app-check/AppCheckCore/Sources/Core/Storage/GACAppCheckStoredToken+GACAppCheckToken.m -o /Users/aleks/Library/Developer/Xcode/DerivedData/PlanItApp-gkehojshtcbfvhersqwajfujohau/Build/Intermediates.noindex/AppCheck.build/Debug-iphonesimulator/AppCheckCore.build/Objects-normal/arm64/GACAppCheckStoredToken+GACAppCheckToken.o -index-unit-output-path /AppCheck.build/Debug-iphonesimulator/AppCheckCore.build/Objects-normal/arm64/GACAppCheckStoredToken+GACAppCheckToken.o

CompileC /Users/aleks/Library/Developer/Xcode/DerivedData/PlanItApp-gkehojshtcbfvhersqwajfujohau/Build/Intermediates.noindex/AppCheck.build/Debug-iphonesimulator/AppCheckCore.build/Objects-normal/arm64/GACAppCheckSettings.o /Users/aleks/Library/Developer/Xcode/DerivedData/PlanItApp-gkehojshtcbfvhersqwajfujohau/SourcePackages/checkouts/app-check/AppCheckCore/Sources/Core/GACAppCheckSettings.m normal arm64 objective-c com.apple.compilers.llvm.clang.1_0.compiler (in target 'AppCheckCore' from project 'AppCheck')
    cd /Users/aleks/Desktop/PlanItApp/PlanItApp.xcodeproj
    
    Using response file: /Users/aleks/Library/Developer/Xcode/DerivedData/PlanItApp-gkehojshtcbfvhersqwajfujohau/Build/Intermediates.noindex/AppCheck.build/Debug-iphonesimulator/AppCheckCore.build/Objects-normal/arm64/e6072d4f65d7061329687fe24e3d63a7-common-args.resp
    
    /Applications/Xcode.app/Contents/Developer/Toolchains/XcodeDefault.xctoolchain/usr/bin/clang -x objective-c -ivfsstatcache /Users/aleks/Library/Developer/Xcode/DerivedData/SDKStatCaches.noindex/iphonesimulator18.5-22F76-d5fc8ad4295d2ef488fb7d0f804ce0c4.sdkstatcache -fmessage-length\=0 -fdiagnostics-show-note-include-stack -fmacro-backtrace-limit\=0 -fno-color-diagnostics -fmodules-prune-interval\=86400 -fmodules-prune-after\=345600 -fbuild-session-file\=/Users/aleks/Library/Developer/Xcode/DerivedData/ModuleCache.noindex/Session.modulevalidation -fmodules-validate-once-per-build-session -Wnon-modular-include-in-framework-module -Werror\=non-modular-include-in-framework-module -Wno-trigraphs -Wno-missing-field-initializers -Wno-missing-prototypes -Wno-return-type -Wno-implicit-atomic-properties -Wno-objc-interface-ivars -Wno-arc-repeated-use-of-weak -Wno-missing-braces -Wparentheses -Wswitch -Wno-unused-function -Wno-unused-label -Wno-unused-parameter -Wno-unused-variable -Wunused-value -Wno-empty-body -Wno-uninitialized -Wno-unknown-pragmas -w -Wno-shadow -Wno-four-char-constants -Wno-conversion -Wno-constant-conversion -Wno-int-conversion -Wno-bool-conversion -Wno-enum-conversion -Wno-float-conversion -Wno-non-literal-null-conversion -Wno-objc-literal-conversion -Wshorten-64-to-32 -Wpointer-sign -Wno-newline-eof -Wno-selector -Wno-strict-selector-match -Wno-undeclared-selector -Wno-deprecated-implementations -Wno-implicit-fallthrough -fstrict-aliasing -Wprotocol -Wdeprecated-declarations -Wno-sign-conversion -Wno-infinite-recursion -Wno-comma -Wno-block-capture-autoreleasing -Wno-strict-prototypes -Wno-semicolon-before-method-body -index-store-path /Users/aleks/Library/Developer/Xcode/DerivedData/PlanItApp-gkehojshtcbfvhersqwajfujohau/Index.noindex/DataStore @/Users/aleks/Library/Developer/Xcode/DerivedData/PlanItApp-gkehojshtcbfvhersqwajfujohau/Build/Intermediates.noindex/AppCheck.build/Debug-iphonesimulator/AppCheckCore.build/Objects-normal/arm64/e6072d4f65d7061329687fe24e3d63a7-common-args.resp -MMD -MT dependencies -MF /Users/aleks/Library/Developer/Xcode/DerivedData/PlanItApp-gkehojshtcbfvhersqwajfujohau/Build/Intermediates.noindex/AppCheck.build/Debug-iphonesimulator/AppCheckCore.build/Objects-normal/arm64/GACAppCheckSettings.d --serialize-diagnostics /Users/aleks/Library/Developer/Xcode/DerivedData/PlanItApp-gkehojshtcbfvhersqwajfujohau/Build/Intermediates.noindex/AppCheck.build/Debug-iphonesimulator/AppCheckCore.build/Objects-normal/arm64/GACAppCheckSettings.dia -c /Users/aleks/Library/Developer/Xcode/DerivedData/PlanItApp-gkehojshtcbfvhersqwajfujohau/SourcePackages/checkouts/app-check/AppCheckCore/Sources/Core/GACAppCheckSettings.m -o /Users/aleks/Library/Developer/Xcode/DerivedData/PlanItApp-gkehojshtcbfvhersqwajfujohau/Build/Intermediates.noindex/AppCheck.build/Debug-iphonesimulator/AppCheckCore.build/Objects-normal/arm64/GACAppCheckSettings.o -index-unit-output-path /AppCheck.build/Debug-iphonesimulator/AppCheckCore.build/Objects-normal/arm64/GACAppCheckSettings.o

CompileC /Users/aleks/Library/Developer/Xcode/DerivedData/PlanItApp-gkehojshtcbfvhersqwajfujohau/Build/Intermediates.noindex/AppCheck.build/Debug-iphonesimulator/AppCheckCore.build/Objects-normal/arm64/GACAppCheckLogger.o /Users/aleks/Library/Developer/Xcode/DerivedData/PlanItApp-gkehojshtcbfvhersqwajfujohau/SourcePackages/checkouts/app-check/AppCheckCore/Sources/Core/GACAppCheckLogger.m normal arm64 objective-c com.apple.compilers.llvm.clang.1_0.compiler (in target 'AppCheckCore' from project 'AppCheck')
    cd /Users/aleks/Desktop/PlanItApp/PlanItApp.xcodeproj
    
    Using response file: /Users/aleks/Library/Developer/Xcode/DerivedData/PlanItApp-gkehojshtcbfvhersqwajfujohau/Build/Intermediates.noindex/AppCheck.build/Debug-iphonesimulator/AppCheckCore.build/Objects-normal/arm64/e6072d4f65d7061329687fe24e3d63a7-common-args.resp
    
    /Applications/Xcode.app/Contents/Developer/Toolchains/XcodeDefault.xctoolchain/usr/bin/clang -x objective-c -ivfsstatcache /Users/aleks/Library/Developer/Xcode/DerivedData/SDKStatCaches.noindex/iphonesimulator18.5-22F76-d5fc8ad4295d2ef488fb7d0f804ce0c4.sdkstatcache -fmessage-length\=0 -fdiagnostics-show-note-include-stack -fmacro-backtrace-limit\=0 -fno-color-diagnostics -fmodules-prune-interval\=86400 -fmodules-prune-after\=345600 -fbuild-session-file\=/Users/aleks/Library/Developer/Xcode/DerivedData/ModuleCache.noindex/Session.modulevalidation -fmodules-validate-once-per-build-session -Wnon-modular-include-in-framework-module -Werror\=non-modular-include-in-framework-module -Wno-trigraphs -Wno-missing-field-initializers -Wno-missing-prototypes -Wno-return-type -Wno-implicit-atomic-properties -Wno-objc-interface-ivars -Wno-arc-repeated-use-of-weak -Wno-missing-braces -Wparentheses -Wswitch -Wno-unused-function -Wno-unused-label -Wno-unused-parameter -Wno-unused-variable -Wunused-value -Wno-empty-body -Wno-uninitialized -Wno-unknown-pragmas -w -Wno-shadow -Wno-four-char-constants -Wno-conversion -Wno-constant-conversion -Wno-int-conversion -Wno-bool-conversion -Wno-enum-conversion -Wno-float-conversion -Wno-non-literal-null-conversion -Wno-objc-literal-conversion -Wshorten-64-to-32 -Wpointer-sign -Wno-newline-eof -Wno-selector -Wno-strict-selector-match -Wno-undeclared-selector -Wno-deprecated-implementations -Wno-implicit-fallthrough -fstrict-aliasing -Wprotocol -Wdeprecated-declarations -Wno-sign-conversion -Wno-infinite-recursion -Wno-comma -Wno-block-capture-autoreleasing -Wno-strict-prototypes -Wno-semicolon-before-method-body -index-store-path /Users/aleks/Library/Developer/Xcode/DerivedData/PlanItApp-gkehojshtcbfvhersqwajfujohau/Index.noindex/DataStore @/Users/aleks/Library/Developer/Xcode/DerivedData/PlanItApp-gkehojshtcbfvhersqwajfujohau/Build/Intermediates.noindex/AppCheck.build/Debug-iphonesimulator/AppCheckCore.build/Objects-normal/arm64/e6072d4f65d7061329687fe24e3d63a7-common-args.resp -MMD -MT dependencies -MF /Users/aleks/Library/Developer/Xcode/DerivedData/PlanItApp-gkehojshtcbfvhersqwajfujohau/Build/Intermediates.noindex/AppCheck.build/Debug-iphonesimulator/AppCheckCore.build/Objects-normal/arm64/GACAppCheckLogger.d --serialize-diagnostics /Users/aleks/Library/Developer/Xcode/DerivedData/PlanItApp-gkehojshtcbfvhersqwajfujohau/Build/Intermediates.noindex/AppCheck.build/Debug-iphonesimulator/AppCheckCore.build/Objects-normal/arm64/GACAppCheckLogger.dia -c /Users/aleks/Library/Developer/Xcode/DerivedData/PlanItApp-gkehojshtcbfvhersqwajfujohau/SourcePackages/checkouts/app-check/AppCheckCore/Sources/Core/GACAppCheckLogger.m -o /Users/aleks/Library/Developer/Xcode/DerivedData/PlanItApp-gkehojshtcbfvhersqwajfujohau/Build/Intermediates.noindex/AppCheck.build/Debug-iphonesimulator/AppCheckCore.build/Objects-normal/arm64/GACAppCheckLogger.o -index-unit-output-path /AppCheck.build/Debug-iphonesimulator/AppCheckCore.build/Objects-normal/arm64/GACAppCheckLogger.o

CompileC /Users/aleks/Library/Developer/Xcode/DerivedData/PlanItApp-gkehojshtcbfvhersqwajfujohau/Build/Intermediates.noindex/AppCheck.build/Debug-iphonesimulator/AppCheckCore.build/Objects-normal/arm64/GACAppCheckHTTPError.o /Users/aleks/Library/Developer/Xcode/DerivedData/PlanItApp-gkehojshtcbfvhersqwajfujohau/SourcePackages/checkouts/app-check/AppCheckCore/Sources/Core/Errors/GACAppCheckHTTPError.m normal arm64 objective-c com.apple.compilers.llvm.clang.1_0.compiler (in target 'AppCheckCore' from project 'AppCheck')
    cd /Users/aleks/Desktop/PlanItApp/PlanItApp.xcodeproj
    
    Using response file: /Users/aleks/Library/Developer/Xcode/DerivedData/PlanItApp-gkehojshtcbfvhersqwajfujohau/Build/Intermediates.noindex/AppCheck.build/Debug-iphonesimulator/AppCheckCore.build/Objects-normal/arm64/e6072d4f65d7061329687fe24e3d63a7-common-args.resp
    
    /Applications/Xcode.app/Contents/Developer/Toolchains/XcodeDefault.xctoolchain/usr/bin/clang -x objective-c -ivfsstatcache /Users/aleks/Library/Developer/Xcode/DerivedData/SDKStatCaches.noindex/iphonesimulator18.5-22F76-d5fc8ad4295d2ef488fb7d0f804ce0c4.sdkstatcache -fmessage-length\=0 -fdiagnostics-show-note-include-stack -fmacro-backtrace-limit\=0 -fno-color-diagnostics -fmodules-prune-interval\=86400 -fmodules-prune-after\=345600 -fbuild-session-file\=/Users/aleks/Library/Developer/Xcode/DerivedData/ModuleCache.noindex/Session.modulevalidation -fmodules-validate-once-per-build-session -Wnon-modular-include-in-framework-module -Werror\=non-modular-include-in-framework-module -Wno-trigraphs -Wno-missing-field-initializers -Wno-missing-prototypes -Wno-return-type -Wno-implicit-atomic-properties -Wno-objc-interface-ivars -Wno-arc-repeated-use-of-weak -Wno-missing-braces -Wparentheses -Wswitch -Wno-unused-function -Wno-unused-label -Wno-unused-parameter -Wno-unused-variable -Wunused-value -Wno-empty-body -Wno-uninitialized -Wno-unknown-pragmas -w -Wno-shadow -Wno-four-char-constants -Wno-conversion -Wno-constant-conversion -Wno-int-conversion -Wno-bool-conversion -Wno-enum-conversion -Wno-float-conversion -Wno-non-literal-null-conversion -Wno-objc-literal-conversion -Wshorten-64-to-32 -Wpointer-sign -Wno-newline-eof -Wno-selector -Wno-strict-selector-match -Wno-undeclared-selector -Wno-deprecated-implementations -Wno-implicit-fallthrough -fstrict-aliasing -Wprotocol -Wdeprecated-declarations -Wno-sign-conversion -Wno-infinite-recursion -Wno-comma -Wno-block-capture-autoreleasing -Wno-strict-prototypes -Wno-semicolon-before-method-body -index-store-path /Users/aleks/Library/Developer/Xcode/DerivedData/PlanItApp-gkehojshtcbfvhersqwajfujohau/Index.noindex/DataStore @/Users/aleks/Library/Developer/Xcode/DerivedData/PlanItApp-gkehojshtcbfvhersqwajfujohau/Build/Intermediates.noindex/AppCheck.build/Debug-iphonesimulator/AppCheckCore.build/Objects-normal/arm64/e6072d4f65d7061329687fe24e3d63a7-common-args.resp -MMD -MT dependencies -MF /Users/aleks/Library/Developer/Xcode/DerivedData/PlanItApp-gkehojshtcbfvhersqwajfujohau/Build/Intermediates.noindex/AppCheck.build/Debug-iphonesimulator/AppCheckCore.build/Objects-normal/arm64/GACAppCheckHTTPError.d --serialize-diagnostics /Users/aleks/Library/Developer/Xcode/DerivedData/PlanItApp-gkehojshtcbfvhersqwajfujohau/Build/Intermediates.noindex/AppCheck.build/Debug-iphonesimulator/AppCheckCore.build/Objects-normal/arm64/GACAppCheckHTTPError.dia -c /Users/aleks/Library/Developer/Xcode/DerivedData/PlanItApp-gkehojshtcbfvhersqwajfujohau/SourcePackages/checkouts/app-check/AppCheckCore/Sources/Core/Errors/GACAppCheckHTTPError.m -o /Users/aleks/Library/Developer/Xcode/DerivedData/PlanItApp-gkehojshtcbfvhersqwajfujohau/Build/Intermediates.noindex/AppCheck.build/Debug-iphonesimulator/AppCheckCore.build/Objects-normal/arm64/GACAppCheckHTTPError.o -index-unit-output-path /AppCheck.build/Debug-iphonesimulator/AppCheckCore.build/Objects-normal/arm64/GACAppCheckHTTPError.o

CompileC /Users/aleks/Library/Developer/Xcode/DerivedData/PlanItApp-gkehojshtcbfvhersqwajfujohau/Build/Intermediates.noindex/AppCheck.build/Debug-iphonesimulator/AppCheckCore.build/Objects-normal/arm64/GACAppCheckErrors.o /Users/aleks/Library/Developer/Xcode/DerivedData/PlanItApp-gkehojshtcbfvhersqwajfujohau/SourcePackages/checkouts/app-check/AppCheckCore/Sources/Core/Errors/GACAppCheckErrors.m normal arm64 objective-c com.apple.compilers.llvm.clang.1_0.compiler (in target 'AppCheckCore' from project 'AppCheck')
    cd /Users/aleks/Desktop/PlanItApp/PlanItApp.xcodeproj
    
    Using response file: /Users/aleks/Library/Developer/Xcode/DerivedData/PlanItApp-gkehojshtcbfvhersqwajfujohau/Build/Intermediates.noindex/AppCheck.build/Debug-iphonesimulator/AppCheckCore.build/Objects-normal/arm64/e6072d4f65d7061329687fe24e3d63a7-common-args.resp
    
    /Applications/Xcode.app/Contents/Developer/Toolchains/XcodeDefault.xctoolchain/usr/bin/clang -x objective-c -ivfsstatcache /Users/aleks/Library/Developer/Xcode/DerivedData/SDKStatCaches.noindex/iphonesimulator18.5-22F76-d5fc8ad4295d2ef488fb7d0f804ce0c4.sdkstatcache -fmessage-length\=0 -fdiagnostics-show-note-include-stack -fmacro-backtrace-limit\=0 -fno-color-diagnostics -fmodules-prune-interval\=86400 -fmodules-prune-after\=345600 -fbuild-session-file\=/Users/aleks/Library/Developer/Xcode/DerivedData/ModuleCache.noindex/Session.modulevalidation -fmodules-validate-once-per-build-session -Wnon-modular-include-in-framework-module -Werror\=non-modular-include-in-framework-module -Wno-trigraphs -Wno-missing-field-initializers -Wno-missing-prototypes -Wno-return-type -Wno-implicit-atomic-properties -Wno-objc-interface-ivars -Wno-arc-repeated-use-of-weak -Wno-missing-braces -Wparentheses -Wswitch -Wno-unused-function -Wno-unused-label -Wno-unused-parameter -Wno-unused-variable -Wunused-value -Wno-empty-body -Wno-uninitialized -Wno-unknown-pragmas -w -Wno-shadow -Wno-four-char-constants -Wno-conversion -Wno-constant-conversion -Wno-int-conversion -Wno-bool-conversion -Wno-enum-conversion -Wno-float-conversion -Wno-non-literal-null-conversion -Wno-objc-literal-conversion -Wshorten-64-to-32 -Wpointer-sign -Wno-newline-eof -Wno-selector -Wno-strict-selector-match -Wno-undeclared-selector -Wno-deprecated-implementations -Wno-implicit-fallthrough -fstrict-aliasing -Wprotocol -Wdeprecated-declarations -Wno-sign-conversion -Wno-infinite-recursion -Wno-comma -Wno-block-capture-autoreleasing -Wno-strict-prototypes -Wno-semicolon-before-method-body -index-store-path /Users/aleks/Library/Developer/Xcode/DerivedData/PlanItApp-gkehojshtcbfvhersqwajfujohau/Index.noindex/DataStore @/Users/aleks/Library/Developer/Xcode/DerivedData/PlanItApp-gkehojshtcbfvhersqwajfujohau/Build/Intermediates.noindex/AppCheck.build/Debug-iphonesimulator/AppCheckCore.build/Objects-normal/arm64/e6072d4f65d7061329687fe24e3d63a7-common-args.resp -MMD -MT dependencies -MF /Users/aleks/Library/Developer/Xcode/DerivedData/PlanItApp-gkehojshtcbfvhersqwajfujohau/Build/Intermediates.noindex/AppCheck.build/Debug-iphonesimulator/AppCheckCore.build/Objects-normal/arm64/GACAppCheckErrors.d --serialize-diagnostics /Users/aleks/Library/Developer/Xcode/DerivedData/PlanItApp-gkehojshtcbfvhersqwajfujohau/Build/Intermediates.noindex/AppCheck.build/Debug-iphonesimulator/AppCheckCore.build/Objects-normal/arm64/GACAppCheckErrors.dia -c /Users/aleks/Library/Developer/Xcode/DerivedData/PlanItApp-gkehojshtcbfvhersqwajfujohau/SourcePackages/checkouts/app-check/AppCheckCore/Sources/Core/Errors/GACAppCheckErrors.m -o /Users/aleks/Library/Developer/Xcode/DerivedData/PlanItApp-gkehojshtcbfvhersqwajfujohau/Build/Intermediates.noindex/AppCheck.build/Debug-iphonesimulator/AppCheckCore.build/Objects-normal/arm64/GACAppCheckErrors.o -index-unit-output-path /AppCheck.build/Debug-iphonesimulator/AppCheckCore.build/Objects-normal/arm64/GACAppCheckErrors.o

CompileC /Users/aleks/Library/Developer/Xcode/DerivedData/PlanItApp-gkehojshtcbfvhersqwajfujohau/Build/Intermediates.noindex/AppCheck.build/Debug-iphonesimulator/AppCheckCore.build/Objects-normal/arm64/GACAppCheckCryptoUtils.o /Users/aleks/Library/Developer/Xcode/DerivedData/PlanItApp-gkehojshtcbfvhersqwajfujohau/SourcePackages/checkouts/app-check/AppCheckCore/Sources/Core/Utils/GACAppCheckCryptoUtils.m normal arm64 objective-c com.apple.compilers.llvm.clang.1_0.compiler (in target 'AppCheckCore' from project 'AppCheck')
    cd /Users/aleks/Desktop/PlanItApp/PlanItApp.xcodeproj
    
    Using response file: /Users/aleks/Library/Developer/Xcode/DerivedData/PlanItApp-gkehojshtcbfvhersqwajfujohau/Build/Intermediates.noindex/AppCheck.build/Debug-iphonesimulator/AppCheckCore.build/Objects-normal/arm64/e6072d4f65d7061329687fe24e3d63a7-common-args.resp
    
    /Applications/Xcode.app/Contents/Developer/Toolchains/XcodeDefault.xctoolchain/usr/bin/clang -x objective-c -ivfsstatcache /Users/aleks/Library/Developer/Xcode/DerivedData/SDKStatCaches.noindex/iphonesimulator18.5-22F76-d5fc8ad4295d2ef488fb7d0f804ce0c4.sdkstatcache -fmessage-length\=0 -fdiagnostics-show-note-include-stack -fmacro-backtrace-limit\=0 -fno-color-diagnostics -fmodules-prune-interval\=86400 -fmodules-prune-after\=345600 -fbuild-session-file\=/Users/aleks/Library/Developer/Xcode/DerivedData/ModuleCache.noindex/Session.modulevalidation -fmodules-validate-once-per-build-session -Wnon-modular-include-in-framework-module -Werror\=non-modular-include-in-framework-module -Wno-trigraphs -Wno-missing-field-initializers -Wno-missing-prototypes -Wno-return-type -Wno-implicit-atomic-properties -Wno-objc-interface-ivars -Wno-arc-repeated-use-of-weak -Wno-missing-braces -Wparentheses -Wswitch -Wno-unused-function -Wno-unused-label -Wno-unused-parameter -Wno-unused-variable -Wunused-value -Wno-empty-body -Wno-uninitialized -Wno-unknown-pragmas -w -Wno-shadow -Wno-four-char-constants -Wno-conversion -Wno-constant-conversion -Wno-int-conversion -Wno-bool-conversion -Wno-enum-conversion -Wno-float-conversion -Wno-non-literal-null-conversion -Wno-objc-literal-conversion -Wshorten-64-to-32 -Wpointer-sign -Wno-newline-eof -Wno-selector -Wno-strict-selector-match -Wno-undeclared-selector -Wno-deprecated-implementations -Wno-implicit-fallthrough -fstrict-aliasing -Wprotocol -Wdeprecated-declarations -Wno-sign-conversion -Wno-infinite-recursion -Wno-comma -Wno-block-capture-autoreleasing -Wno-strict-prototypes -Wno-semicolon-before-method-body -index-store-path /Users/aleks/Library/Developer/Xcode/DerivedData/PlanItApp-gkehojshtcbfvhersqwajfujohau/Index.noindex/DataStore @/Users/aleks/Library/Developer/Xcode/DerivedData/PlanItApp-gkehojshtcbfvhersqwajfujohau/Build/Intermediates.noindex/AppCheck.build/Debug-iphonesimulator/AppCheckCore.build/Objects-normal/arm64/e6072d4f65d7061329687fe24e3d63a7-common-args.resp -MMD -MT dependencies -MF /Users/aleks/Library/Developer/Xcode/DerivedData/PlanItApp-gkehojshtcbfvhersqwajfujohau/Build/Intermediates.noindex/AppCheck.build/Debug-iphonesimulator/AppCheckCore.build/Objects-normal/arm64/GACAppCheckCryptoUtils.d --serialize-diagnostics /Users/aleks/Library/Developer/Xcode/DerivedData/PlanItApp-gkehojshtcbfvhersqwajfujohau/Build/Intermediates.noindex/AppCheck.build/Debug-iphonesimulator/AppCheckCore.build/Objects-normal/arm64/GACAppCheckCryptoUtils.dia -c /Users/aleks/Library/Developer/Xcode/DerivedData/PlanItApp-gkehojshtcbfvhersqwajfujohau/SourcePackages/checkouts/app-check/AppCheckCore/Sources/Core/Utils/GACAppCheckCryptoUtils.m -o /Users/aleks/Library/Developer/Xcode/DerivedData/PlanItApp-gkehojshtcbfvhersqwajfujohau/Build/Intermediates.noindex/AppCheck.build/Debug-iphonesimulator/AppCheckCore.build/Objects-normal/arm64/GACAppCheckCryptoUtils.o -index-unit-output-path /AppCheck.build/Debug-iphonesimulator/AppCheckCore.build/Objects-normal/arm64/GACAppCheckCryptoUtils.o

CompileC /Users/aleks/Library/Developer/Xcode/DerivedData/PlanItApp-gkehojshtcbfvhersqwajfujohau/Build/Intermediates.noindex/AppCheck.build/Debug-iphonesimulator/AppCheckCore.build/Objects-normal/arm64/GACAppAttestStoredArtifact.o /Users/aleks/Library/Developer/Xcode/DerivedData/PlanItApp-gkehojshtcbfvhersqwajfujohau/SourcePackages/checkouts/app-check/AppCheckCore/Sources/AppAttestProvider/Storage/GACAppAttestStoredArtifact.m normal arm64 objective-c com.apple.compilers.llvm.clang.1_0.compiler (in target 'AppCheckCore' from project 'AppCheck')
    cd /Users/aleks/Desktop/PlanItApp/PlanItApp.xcodeproj
    
    Using response file: /Users/aleks/Library/Developer/Xcode/DerivedData/PlanItApp-gkehojshtcbfvhersqwajfujohau/Build/Intermediates.noindex/AppCheck.build/Debug-iphonesimulator/AppCheckCore.build/Objects-normal/arm64/e6072d4f65d7061329687fe24e3d63a7-common-args.resp
    
    /Applications/Xcode.app/Contents/Developer/Toolchains/XcodeDefault.xctoolchain/usr/bin/clang -x objective-c -ivfsstatcache /Users/aleks/Library/Developer/Xcode/DerivedData/SDKStatCaches.noindex/iphonesimulator18.5-22F76-d5fc8ad4295d2ef488fb7d0f804ce0c4.sdkstatcache -fmessage-length\=0 -fdiagnostics-show-note-include-stack -fmacro-backtrace-limit\=0 -fno-color-diagnostics -fmodules-prune-interval\=86400 -fmodules-prune-after\=345600 -fbuild-session-file\=/Users/aleks/Library/Developer/Xcode/DerivedData/ModuleCache.noindex/Session.modulevalidation -fmodules-validate-once-per-build-session -Wnon-modular-include-in-framework-module -Werror\=non-modular-include-in-framework-module -Wno-trigraphs -Wno-missing-field-initializers -Wno-missing-prototypes -Wno-return-type -Wno-implicit-atomic-properties -Wno-objc-interface-ivars -Wno-arc-repeated-use-of-weak -Wno-missing-braces -Wparentheses -Wswitch -Wno-unused-function -Wno-unused-label -Wno-unused-parameter -Wno-unused-variable -Wunused-value -Wno-empty-body -Wno-uninitialized -Wno-unknown-pragmas -w -Wno-shadow -Wno-four-char-constants -Wno-conversion -Wno-constant-conversion -Wno-int-conversion -Wno-bool-conversion -Wno-enum-conversion -Wno-float-conversion -Wno-non-literal-null-conversion -Wno-objc-literal-conversion -Wshorten-64-to-32 -Wpointer-sign -Wno-newline-eof -Wno-selector -Wno-strict-selector-match -Wno-undeclared-selector -Wno-deprecated-implementations -Wno-implicit-fallthrough -fstrict-aliasing -Wprotocol -Wdeprecated-declarations -Wno-sign-conversion -Wno-infinite-recursion -Wno-comma -Wno-block-capture-autoreleasing -Wno-strict-prototypes -Wno-semicolon-before-method-body -index-store-path /Users/aleks/Library/Developer/Xcode/DerivedData/PlanItApp-gkehojshtcbfvhersqwajfujohau/Index.noindex/DataStore @/Users/aleks/Library/Developer/Xcode/DerivedData/PlanItApp-gkehojshtcbfvhersqwajfujohau/Build/Intermediates.noindex/AppCheck.build/Debug-iphonesimulator/AppCheckCore.build/Objects-normal/arm64/e6072d4f65d7061329687fe24e3d63a7-common-args.resp -MMD -MT dependencies -MF /Users/aleks/Library/Developer/Xcode/DerivedData/PlanItApp-gkehojshtcbfvhersqwajfujohau/Build/Intermediates.noindex/AppCheck.build/Debug-iphonesimulator/AppCheckCore.build/Objects-normal/arm64/GACAppAttestStoredArtifact.d --serialize-diagnostics /Users/aleks/Library/Developer/Xcode/DerivedData/PlanItApp-gkehojshtcbfvhersqwajfujohau/Build/Intermediates.noindex/AppCheck.build/Debug-iphonesimulator/AppCheckCore.build/Objects-normal/arm64/GACAppAttestStoredArtifact.dia -c /Users/aleks/Library/Developer/Xcode/DerivedData/PlanItApp-gkehojshtcbfvhersqwajfujohau/SourcePackages/checkouts/app-check/AppCheckCore/Sources/AppAttestProvider/Storage/GACAppAttestStoredArtifact.m -o /Users/aleks/Library/Developer/Xcode/DerivedData/PlanItApp-gkehojshtcbfvhersqwajfujohau/Build/Intermediates.noindex/AppCheck.build/Debug-iphonesimulator/AppCheckCore.build/Objects-normal/arm64/GACAppAttestStoredArtifact.o -index-unit-output-path /AppCheck.build/Debug-iphonesimulator/AppCheckCore.build/Objects-normal/arm64/GACAppAttestStoredArtifact.o

CompileC /Users/aleks/Library/Developer/Xcode/DerivedData/PlanItApp-gkehojshtcbfvhersqwajfujohau/Build/Intermediates.noindex/AppCheck.build/Debug-iphonesimulator/AppCheckCore.build/Objects-normal/arm64/GACAppAttestRejectionError.o /Users/aleks/Library/Developer/Xcode/DerivedData/PlanItApp-gkehojshtcbfvhersqwajfujohau/SourcePackages/checkouts/app-check/AppCheckCore/Sources/AppAttestProvider/Errors/GACAppAttestRejectionError.m normal arm64 objective-c com.apple.compilers.llvm.clang.1_0.compiler (in target 'AppCheckCore' from project 'AppCheck')
    cd /Users/aleks/Desktop/PlanItApp/PlanItApp.xcodeproj
    
    Using response file: /Users/aleks/Library/Developer/Xcode/DerivedData/PlanItApp-gkehojshtcbfvhersqwajfujohau/Build/Intermediates.noindex/AppCheck.build/Debug-iphonesimulator/AppCheckCore.build/Objects-normal/arm64/e6072d4f65d7061329687fe24e3d63a7-common-args.resp
    
    /Applications/Xcode.app/Contents/Developer/Toolchains/XcodeDefault.xctoolchain/usr/bin/clang -x objective-c -ivfsstatcache /Users/aleks/Library/Developer/Xcode/DerivedData/SDKStatCaches.noindex/iphonesimulator18.5-22F76-d5fc8ad4295d2ef488fb7d0f804ce0c4.sdkstatcache -fmessage-length\=0 -fdiagnostics-show-note-include-stack -fmacro-backtrace-limit\=0 -fno-color-diagnostics -fmodules-prune-interval\=86400 -fmodules-prune-after\=345600 -fbuild-session-file\=/Users/aleks/Library/Developer/Xcode/DerivedData/ModuleCache.noindex/Session.modulevalidation -fmodules-validate-once-per-build-session -Wnon-modular-include-in-framework-module -Werror\=non-modular-include-in-framework-module -Wno-trigraphs -Wno-missing-field-initializers -Wno-missing-prototypes -Wno-return-type -Wno-implicit-atomic-properties -Wno-objc-interface-ivars -Wno-arc-repeated-use-of-weak -Wno-missing-braces -Wparentheses -Wswitch -Wno-unused-function -Wno-unused-label -Wno-unused-parameter -Wno-unused-variable -Wunused-value -Wno-empty-body -Wno-uninitialized -Wno-unknown-pragmas -w -Wno-shadow -Wno-four-char-constants -Wno-conversion -Wno-constant-conversion -Wno-int-conversion -Wno-bool-conversion -Wno-enum-conversion -Wno-float-conversion -Wno-non-literal-null-conversion -Wno-objc-literal-conversion -Wshorten-64-to-32 -Wpointer-sign -Wno-newline-eof -Wno-selector -Wno-strict-selector-match -Wno-undeclared-selector -Wno-deprecated-implementations -Wno-implicit-fallthrough -fstrict-aliasing -Wprotocol -Wdeprecated-declarations -Wno-sign-conversion -Wno-infinite-recursion -Wno-comma -Wno-block-capture-autoreleasing -Wno-strict-prototypes -Wno-semicolon-before-method-body -index-store-path /Users/aleks/Library/Developer/Xcode/DerivedData/PlanItApp-gkehojshtcbfvhersqwajfujohau/Index.noindex/DataStore @/Users/aleks/Library/Developer/Xcode/DerivedData/PlanItApp-gkehojshtcbfvhersqwajfujohau/Build/Intermediates.noindex/AppCheck.build/Debug-iphonesimulator/AppCheckCore.build/Objects-normal/arm64/e6072d4f65d7061329687fe24e3d63a7-common-args.resp -MMD -MT dependencies -MF /Users/aleks/Library/Developer/Xcode/DerivedData/PlanItApp-gkehojshtcbfvhersqwajfujohau/Build/Intermediates.noindex/AppCheck.build/Debug-iphonesimulator/AppCheckCore.build/Objects-normal/arm64/GACAppAttestRejectionError.d --serialize-diagnostics /Users/aleks/Library/Developer/Xcode/DerivedData/PlanItApp-gkehojshtcbfvhersqwajfujohau/Build/Intermediates.noindex/AppCheck.build/Debug-iphonesimulator/AppCheckCore.build/Objects-normal/arm64/GACAppAttestRejectionError.dia -c /Users/aleks/Library/Developer/Xcode/DerivedData/PlanItApp-gkehojshtcbfvhersqwajfujohau/SourcePackages/checkouts/app-check/AppCheckCore/Sources/AppAttestProvider/Errors/GACAppAttestRejectionError.m -o /Users/aleks/Library/Developer/Xcode/DerivedData/PlanItApp-gkehojshtcbfvhersqwajfujohau/Build/Intermediates.noindex/AppCheck.build/Debug-iphonesimulator/AppCheckCore.build/Objects-normal/arm64/GACAppAttestRejectionError.o -index-unit-output-path /AppCheck.build/Debug-iphonesimulator/AppCheckCore.build/Objects-normal/arm64/GACAppAttestRejectionError.o

CompileC /Users/aleks/Library/Developer/Xcode/DerivedData/PlanItApp-gkehojshtcbfvhersqwajfujohau/Build/Intermediates.noindex/AppCheck.build/Debug-iphonesimulator/AppCheckCore.build/Objects-normal/arm64/GACAppAttestProviderState.o /Users/aleks/Library/Developer/Xcode/DerivedData/PlanItApp-gkehojshtcbfvhersqwajfujohau/SourcePackages/checkouts/app-check/AppCheckCore/Sources/AppAttestProvider/GACAppAttestProviderState.m normal arm64 objective-c com.apple.compilers.llvm.clang.1_0.compiler (in target 'AppCheckCore' from project 'AppCheck')
    cd /Users/aleks/Desktop/PlanItApp/PlanItApp.xcodeproj
    
    Using response file: /Users/aleks/Library/Developer/Xcode/DerivedData/PlanItApp-gkehojshtcbfvhersqwajfujohau/Build/Intermediates.noindex/AppCheck.build/Debug-iphonesimulator/AppCheckCore.build/Objects-normal/arm64/e6072d4f65d7061329687fe24e3d63a7-common-args.resp
    
    /Applications/Xcode.app/Contents/Developer/Toolchains/XcodeDefault.xctoolchain/usr/bin/clang -x objective-c -ivfsstatcache /Users/aleks/Library/Developer/Xcode/DerivedData/SDKStatCaches.noindex/iphonesimulator18.5-22F76-d5fc8ad4295d2ef488fb7d0f804ce0c4.sdkstatcache -fmessage-length\=0 -fdiagnostics-show-note-include-stack -fmacro-backtrace-limit\=0 -fno-color-diagnostics -fmodules-prune-interval\=86400 -fmodules-prune-after\=345600 -fbuild-session-file\=/Users/aleks/Library/Developer/Xcode/DerivedData/ModuleCache.noindex/Session.modulevalidation -fmodules-validate-once-per-build-session -Wnon-modular-include-in-framework-module -Werror\=non-modular-include-in-framework-module -Wno-trigraphs -Wno-missing-field-initializers -Wno-missing-prototypes -Wno-return-type -Wno-implicit-atomic-properties -Wno-objc-interface-ivars -Wno-arc-repeated-use-of-weak -Wno-missing-braces -Wparentheses -Wswitch -Wno-unused-function -Wno-unused-label -Wno-unused-parameter -Wno-unused-variable -Wunused-value -Wno-empty-body -Wno-uninitialized -Wno-unknown-pragmas -w -Wno-shadow -Wno-four-char-constants -Wno-conversion -Wno-constant-conversion -Wno-int-conversion -Wno-bool-conversion -Wno-enum-conversion -Wno-float-conversion -Wno-non-literal-null-conversion -Wno-objc-literal-conversion -Wshorten-64-to-32 -Wpointer-sign -Wno-newline-eof -Wno-selector -Wno-strict-selector-match -Wno-undeclared-selector -Wno-deprecated-implementations -Wno-implicit-fallthrough -fstrict-aliasing -Wprotocol -Wdeprecated-declarations -Wno-sign-conversion -Wno-infinite-recursion -Wno-comma -Wno-block-capture-autoreleasing -Wno-strict-prototypes -Wno-semicolon-before-method-body -index-store-path /Users/aleks/Library/Developer/Xcode/DerivedData/PlanItApp-gkehojshtcbfvhersqwajfujohau/Index.noindex/DataStore @/Users/aleks/Library/Developer/Xcode/DerivedData/PlanItApp-gkehojshtcbfvhersqwajfujohau/Build/Intermediates.noindex/AppCheck.build/Debug-iphonesimulator/AppCheckCore.build/Objects-normal/arm64/e6072d4f65d7061329687fe24e3d63a7-common-args.resp -MMD -MT dependencies -MF /Users/aleks/Library/Developer/Xcode/DerivedData/PlanItApp-gkehojshtcbfvhersqwajfujohau/Build/Intermediates.noindex/AppCheck.build/Debug-iphonesimulator/AppCheckCore.build/Objects-normal/arm64/GACAppAttestProviderState.d --serialize-diagnostics /Users/aleks/Library/Developer/Xcode/DerivedData/PlanItApp-gkehojshtcbfvhersqwajfujohau/Build/Intermediates.noindex/AppCheck.build/Debug-iphonesimulator/AppCheckCore.build/Objects-normal/arm64/GACAppAttestProviderState.dia -c /Users/aleks/Library/Developer/Xcode/DerivedData/PlanItApp-gkehojshtcbfvhersqwajfujohau/SourcePackages/checkouts/app-check/AppCheckCore/Sources/AppAttestProvider/GACAppAttestProviderState.m -o /Users/aleks/Library/Developer/Xcode/DerivedData/PlanItApp-gkehojshtcbfvhersqwajfujohau/Build/Intermediates.noindex/AppCheck.build/Debug-iphonesimulator/AppCheckCore.build/Objects-normal/arm64/GACAppAttestProviderState.o -index-unit-output-path /AppCheck.build/Debug-iphonesimulator/AppCheckCore.build/Objects-normal/arm64/GACAppAttestProviderState.o

CompileC /Users/aleks/Library/Developer/Xcode/DerivedData/PlanItApp-gkehojshtcbfvhersqwajfujohau/Build/Intermediates.noindex/AppCheck.build/Debug-iphonesimulator/AppCheckCore.build/Objects-normal/arm64/GACAppAttestAttestationResponse.o /Users/aleks/Library/Developer/Xcode/DerivedData/PlanItApp-gkehojshtcbfvhersqwajfujohau/SourcePackages/checkouts/app-check/AppCheckCore/Sources/AppAttestProvider/API/GACAppAttestAttestationResponse.m normal arm64 objective-c com.apple.compilers.llvm.clang.1_0.compiler (in target 'AppCheckCore' from project 'AppCheck')
    cd /Users/aleks/Desktop/PlanItApp/PlanItApp.xcodeproj
    
    Using response file: /Users/aleks/Library/Developer/Xcode/DerivedData/PlanItApp-gkehojshtcbfvhersqwajfujohau/Build/Intermediates.noindex/AppCheck.build/Debug-iphonesimulator/AppCheckCore.build/Objects-normal/arm64/e6072d4f65d7061329687fe24e3d63a7-common-args.resp
    
    /Applications/Xcode.app/Contents/Developer/Toolchains/XcodeDefault.xctoolchain/usr/bin/clang -x objective-c -ivfsstatcache /Users/aleks/Library/Developer/Xcode/DerivedData/SDKStatCaches.noindex/iphonesimulator18.5-22F76-d5fc8ad4295d2ef488fb7d0f804ce0c4.sdkstatcache -fmessage-length\=0 -fdiagnostics-show-note-include-stack -fmacro-backtrace-limit\=0 -fno-color-diagnostics -fmodules-prune-interval\=86400 -fmodules-prune-after\=345600 -fbuild-session-file\=/Users/aleks/Library/Developer/Xcode/DerivedData/ModuleCache.noindex/Session.modulevalidation -fmodules-validate-once-per-build-session -Wnon-modular-include-in-framework-module -Werror\=non-modular-include-in-framework-module -Wno-trigraphs -Wno-missing-field-initializers -Wno-missing-prototypes -Wno-return-type -Wno-implicit-atomic-properties -Wno-objc-interface-ivars -Wno-arc-repeated-use-of-weak -Wno-missing-braces -Wparentheses -Wswitch -Wno-unused-function -Wno-unused-label -Wno-unused-parameter -Wno-unused-variable -Wunused-value -Wno-empty-body -Wno-uninitialized -Wno-unknown-pragmas -w -Wno-shadow -Wno-four-char-constants -Wno-conversion -Wno-constant-conversion -Wno-int-conversion -Wno-bool-conversion -Wno-enum-conversion -Wno-float-conversion -Wno-non-literal-null-conversion -Wno-objc-literal-conversion -Wshorten-64-to-32 -Wpointer-sign -Wno-newline-eof -Wno-selector -Wno-strict-selector-match -Wno-undeclared-selector -Wno-deprecated-implementations -Wno-implicit-fallthrough -fstrict-aliasing -Wprotocol -Wdeprecated-declarations -Wno-sign-conversion -Wno-infinite-recursion -Wno-comma -Wno-block-capture-autoreleasing -Wno-strict-prototypes -Wno-semicolon-before-method-body -index-store-path /Users/aleks/Library/Developer/Xcode/DerivedData/PlanItApp-gkehojshtcbfvhersqwajfujohau/Index.noindex/DataStore @/Users/aleks/Library/Developer/Xcode/DerivedData/PlanItApp-gkehojshtcbfvhersqwajfujohau/Build/Intermediates.noindex/AppCheck.build/Debug-iphonesimulator/AppCheckCore.build/Objects-normal/arm64/e6072d4f65d7061329687fe24e3d63a7-common-args.resp -MMD -MT dependencies -MF /Users/aleks/Library/Developer/Xcode/DerivedData/PlanItApp-gkehojshtcbfvhersqwajfujohau/Build/Intermediates.noindex/AppCheck.build/Debug-iphonesimulator/AppCheckCore.build/Objects-normal/arm64/GACAppAttestAttestationResponse.d --serialize-diagnostics /Users/aleks/Library/Developer/Xcode/DerivedData/PlanItApp-gkehojshtcbfvhersqwajfujohau/Build/Intermediates.noindex/AppCheck.build/Debug-iphonesimulator/AppCheckCore.build/Objects-normal/arm64/GACAppAttestAttestationResponse.dia -c /Users/aleks/Library/Developer/Xcode/DerivedData/PlanItApp-gkehojshtcbfvhersqwajfujohau/SourcePackages/checkouts/app-check/AppCheckCore/Sources/AppAttestProvider/API/GACAppAttestAttestationResponse.m -o /Users/aleks/Library/Developer/Xcode/DerivedData/PlanItApp-gkehojshtcbfvhersqwajfujohau/Build/Intermediates.noindex/AppCheck.build/Debug-iphonesimulator/AppCheckCore.build/Objects-normal/arm64/GACAppAttestAttestationResponse.o -index-unit-output-path /AppCheck.build/Debug-iphonesimulator/AppCheckCore.build/Objects-normal/arm64/GACAppAttestAttestationResponse.o

PrecompileModule /Users/aleks/Library/Developer/Xcode/DerivedData/PlanItApp-gkehojshtcbfvhersqwajfujohau/Build/Intermediates.noindex/ExplicitPrecompiledModules/GoogleUtilities_Environment-21AGPJL70NNNPQLZD27SQQS2Q.scan
    cd /Users/aleks/Desktop/PlanItApp/PlanItApp.xcodeproj
    builtin-precompileModule /Users/aleks/Library/Developer/Xcode/DerivedData/PlanItApp-gkehojshtcbfvhersqwajfujohau/Build/Intermediates.noindex/ExplicitPrecompiledModules/GoogleUtilities_Environment-21AGPJL70NNNPQLZD27SQQS2Q.scan

PrecompileModule /Users/aleks/Library/Developer/Xcode/DerivedData/PlanItApp-gkehojshtcbfvhersqwajfujohau/Build/Intermediates.noindex/ExplicitPrecompiledModules/DeviceCheck-E0JS88259DPI0FZTU44IHQN7P.scan
    cd /Users/aleks/Desktop/PlanItApp/PlanItApp.xcodeproj
    builtin-precompileModule /Users/aleks/Library/Developer/Xcode/DerivedData/PlanItApp-gkehojshtcbfvhersqwajfujohau/Build/Intermediates.noindex/ExplicitPrecompiledModules/DeviceCheck-E0JS88259DPI0FZTU44IHQN7P.scan

PrecompileModule /Users/aleks/Library/Developer/Xcode/DerivedData/PlanItApp-gkehojshtcbfvhersqwajfujohau/Build/Intermediates.noindex/ExplicitPrecompiledModules/GoogleUtilities_UserDefaults-QQ7HYCQERI9FSE71AMI2QW08.scan
    cd /Users/aleks/Desktop/PlanItApp/PlanItApp.xcodeproj
    builtin-precompileModule /Users/aleks/Library/Developer/Xcode/DerivedData/PlanItApp-gkehojshtcbfvhersqwajfujohau/Build/Intermediates.noindex/ExplicitPrecompiledModules/GoogleUtilities_UserDefaults-QQ7HYCQERI9FSE71AMI2QW08.scan

PrecompileModule /Users/aleks/Library/Developer/Xcode/DerivedData/PlanItApp-gkehojshtcbfvhersqwajfujohau/Build/Intermediates.noindex/ExplicitPrecompiledModules/FBLPromises-O2XJM2R298IJ3RQS7X8Y7RNG.scan
    cd /Users/aleks/Desktop/PlanItApp/PlanItApp.xcodeproj
    builtin-precompileModule /Users/aleks/Library/Developer/Xcode/DerivedData/PlanItApp-gkehojshtcbfvhersqwajfujohau/Build/Intermediates.noindex/ExplicitPrecompiledModules/FBLPromises-O2XJM2R298IJ3RQS7X8Y7RNG.scan

PrecompileModule /Users/aleks/Library/Developer/Xcode/DerivedData/PlanItApp-gkehojshtcbfvhersqwajfujohau/Build/Intermediates.noindex/ExplicitPrecompiledModules/SafariServices-DDBCHFTAGOZPWRP6Q6KAI4Q6P.scan
    cd /Users/aleks/Desktop/PlanItApp/PlanItApp.xcodeproj
    builtin-precompileModule /Users/aleks/Library/Developer/Xcode/DerivedData/PlanItApp-gkehojshtcbfvhersqwajfujohau/Build/Intermediates.noindex/ExplicitPrecompiledModules/SafariServices-DDBCHFTAGOZPWRP6Q6KAI4Q6P.scan

RegisterExecutionPolicyException /Users/aleks/Library/Developer/Xcode/DerivedData/PlanItApp-gkehojshtcbfvhersqwajfujohau/Build/Products/Debug-iphonesimulator/nanopb_nanopb.bundle (in target 'nanopb_nanopb' from project 'nanopb')
    cd /Users/aleks/Library/Developer/Xcode/DerivedData/PlanItApp-gkehojshtcbfvhersqwajfujohau/SourcePackages/checkouts/nanopb
    builtin-RegisterExecutionPolicyException /Users/aleks/Library/Developer/Xcode/DerivedData/PlanItApp-gkehojshtcbfvhersqwajfujohau/Build/Products/Debug-iphonesimulator/nanopb_nanopb.bundle

RegisterExecutionPolicyException /Users/aleks/Library/Developer/Xcode/DerivedData/PlanItApp-gkehojshtcbfvhersqwajfujohau/Build/Products/Debug-iphonesimulator/leveldb_leveldb.bundle (in target 'leveldb_leveldb' from project 'leveldb')
    cd /Users/aleks/Library/Developer/Xcode/DerivedData/PlanItApp-gkehojshtcbfvhersqwajfujohau/SourcePackages/checkouts/leveldb
    builtin-RegisterExecutionPolicyException /Users/aleks/Library/Developer/Xcode/DerivedData/PlanItApp-gkehojshtcbfvhersqwajfujohau/Build/Products/Debug-iphonesimulator/leveldb_leveldb.bundle

RegisterExecutionPolicyException /Users/aleks/Library/Developer/Xcode/DerivedData/PlanItApp-gkehojshtcbfvhersqwajfujohau/Build/Products/Debug-iphonesimulator/gRPC_opensslWrapper.bundle (in target 'gRPC_opensslWrapper' from project 'gRPC')
    cd /Users/aleks/Library/Developer/Xcode/DerivedData/PlanItApp-gkehojshtcbfvhersqwajfujohau/SourcePackages/checkouts/grpc-binary
    builtin-RegisterExecutionPolicyException /Users/aleks/Library/Developer/Xcode/DerivedData/PlanItApp-gkehojshtcbfvhersqwajfujohau/Build/Products/Debug-iphonesimulator/gRPC_opensslWrapper.bundle

RegisterExecutionPolicyException /Users/aleks/Library/Developer/Xcode/DerivedData/PlanItApp-gkehojshtcbfvhersqwajfujohau/Build/Products/Debug-iphonesimulator/gRPC_grpcppWrapper.bundle (in target 'gRPC_grpcppWrapper' from project 'gRPC')
    cd /Users/aleks/Library/Developer/Xcode/DerivedData/PlanItApp-gkehojshtcbfvhersqwajfujohau/SourcePackages/checkouts/grpc-binary
    builtin-RegisterExecutionPolicyException /Users/aleks/Library/Developer/Xcode/DerivedData/PlanItApp-gkehojshtcbfvhersqwajfujohau/Build/Products/Debug-iphonesimulator/gRPC_grpcppWrapper.bundle

RegisterExecutionPolicyException /Users/aleks/Library/Developer/Xcode/DerivedData/PlanItApp-gkehojshtcbfvhersqwajfujohau/Build/Products/Debug-iphonesimulator/gRPC_grpcWrapper.bundle (in target 'gRPC_grpcWrapper' from project 'gRPC')
    cd /Users/aleks/Library/Developer/Xcode/DerivedData/PlanItApp-gkehojshtcbfvhersqwajfujohau/SourcePackages/checkouts/grpc-binary
    builtin-RegisterExecutionPolicyException /Users/aleks/Library/Developer/Xcode/DerivedData/PlanItApp-gkehojshtcbfvhersqwajfujohau/Build/Products/Debug-iphonesimulator/gRPC_grpcWrapper.bundle

RegisterExecutionPolicyException /Users/aleks/Library/Developer/Xcode/DerivedData/PlanItApp-gkehojshtcbfvhersqwajfujohau/Build/Products/Debug-iphonesimulator/abseil_abslWrapper.bundle (in target 'abseil_abslWrapper' from project 'abseil')
    cd /Users/aleks/Library/Developer/Xcode/DerivedData/PlanItApp-gkehojshtcbfvhersqwajfujohau/SourcePackages/checkouts/abseil-cpp-binary
    builtin-RegisterExecutionPolicyException /Users/aleks/Library/Developer/Xcode/DerivedData/PlanItApp-gkehojshtcbfvhersqwajfujohau/Build/Products/Debug-iphonesimulator/abseil_abslWrapper.bundle

RegisterExecutionPolicyException /Users/aleks/Library/Developer/Xcode/DerivedData/PlanItApp-gkehojshtcbfvhersqwajfujohau/Build/Products/Debug-iphonesimulator/Promises_FBLPromises.bundle (in target 'Promises_FBLPromises' from project 'Promises')
    cd /Users/aleks/Library/Developer/Xcode/DerivedData/PlanItApp-gkehojshtcbfvhersqwajfujohau/SourcePackages/checkouts/promises
    builtin-RegisterExecutionPolicyException /Users/aleks/Library/Developer/Xcode/DerivedData/PlanItApp-gkehojshtcbfvhersqwajfujohau/Build/Products/Debug-iphonesimulator/Promises_FBLPromises.bundle

RegisterExecutionPolicyException /Users/aleks/Library/Developer/Xcode/DerivedData/PlanItApp-gkehojshtcbfvhersqwajfujohau/Build/Products/Debug-iphonesimulator/GoogleUtilities_GoogleUtilities-UserDefaults.bundle (in target 'GoogleUtilities_GoogleUtilities-UserDefaults' from project 'GoogleUtilities')
    cd /Users/aleks/Library/Developer/Xcode/DerivedData/PlanItApp-gkehojshtcbfvhersqwajfujohau/SourcePackages/checkouts/GoogleUtilities
    builtin-RegisterExecutionPolicyException /Users/aleks/Library/Developer/Xcode/DerivedData/PlanItApp-gkehojshtcbfvhersqwajfujohau/Build/Products/Debug-iphonesimulator/GoogleUtilities_GoogleUtilities-UserDefaults.bundle

SwiftDriverJobDiscovery normal arm64 Compiling KeychainStore.swift (in target 'GTMAppAuth' from project 'GTMAppAuth')

CompileC /Users/aleks/Library/Developer/Xcode/DerivedData/PlanItApp-gkehojshtcbfvhersqwajfujohau/Build/Intermediates.noindex/AppCheck.build/Debug-iphonesimulator/AppCheckCore.build/Objects-normal/arm64/DCDevice+GACDeviceCheckTokenGenerator.o /Users/aleks/Library/Developer/Xcode/DerivedData/PlanItApp-gkehojshtcbfvhersqwajfujohau/SourcePackages/checkouts/app-check/AppCheckCore/Sources/DeviceCheckProvider/DCDevice+GACDeviceCheckTokenGenerator.m normal arm64 objective-c com.apple.compilers.llvm.clang.1_0.compiler (in target 'AppCheckCore' from project 'AppCheck')
    cd /Users/aleks/Desktop/PlanItApp/PlanItApp.xcodeproj
    
    Using response file: /Users/aleks/Library/Developer/Xcode/DerivedData/PlanItApp-gkehojshtcbfvhersqwajfujohau/Build/Intermediates.noindex/AppCheck.build/Debug-iphonesimulator/AppCheckCore.build/Objects-normal/arm64/e6072d4f65d7061329687fe24e3d63a7-common-args.resp
    
    /Applications/Xcode.app/Contents/Developer/Toolchains/XcodeDefault.xctoolchain/usr/bin/clang -x objective-c -ivfsstatcache /Users/aleks/Library/Developer/Xcode/DerivedData/SDKStatCaches.noindex/iphonesimulator18.5-22F76-d5fc8ad4295d2ef488fb7d0f804ce0c4.sdkstatcache -fmessage-length\=0 -fdiagnostics-show-note-include-stack -fmacro-backtrace-limit\=0 -fno-color-diagnostics -fmodules-prune-interval\=86400 -fmodules-prune-after\=345600 -fbuild-session-file\=/Users/aleks/Library/Developer/Xcode/DerivedData/ModuleCache.noindex/Session.modulevalidation -fmodules-validate-once-per-build-session -Wnon-modular-include-in-framework-module -Werror\=non-modular-include-in-framework-module -Wno-trigraphs -Wno-missing-field-initializers -Wno-missing-prototypes -Wno-return-type -Wno-implicit-atomic-properties -Wno-objc-interface-ivars -Wno-arc-repeated-use-of-weak -Wno-missing-braces -Wparentheses -Wswitch -Wno-unused-function -Wno-unused-label -Wno-unused-parameter -Wno-unused-variable -Wunused-value -Wno-empty-body -Wno-uninitialized -Wno-unknown-pragmas -w -Wno-shadow -Wno-four-char-constants -Wno-conversion -Wno-constant-conversion -Wno-int-conversion -Wno-bool-conversion -Wno-enum-conversion -Wno-float-conversion -Wno-non-literal-null-conversion -Wno-objc-literal-conversion -Wshorten-64-to-32 -Wpointer-sign -Wno-newline-eof -Wno-selector -Wno-strict-selector-match -Wno-undeclared-selector -Wno-deprecated-implementations -Wno-implicit-fallthrough -fstrict-aliasing -Wprotocol -Wdeprecated-declarations -Wno-sign-conversion -Wno-infinite-recursion -Wno-comma -Wno-block-capture-autoreleasing -Wno-strict-prototypes -Wno-semicolon-before-method-body -index-store-path /Users/aleks/Library/Developer/Xcode/DerivedData/PlanItApp-gkehojshtcbfvhersqwajfujohau/Index.noindex/DataStore @/Users/aleks/Library/Developer/Xcode/DerivedData/PlanItApp-gkehojshtcbfvhersqwajfujohau/Build/Intermediates.noindex/AppCheck.build/Debug-iphonesimulator/AppCheckCore.build/Objects-normal/arm64/e6072d4f65d7061329687fe24e3d63a7-common-args.resp -MMD -MT dependencies -MF /Users/aleks/Library/Developer/Xcode/DerivedData/PlanItApp-gkehojshtcbfvhersqwajfujohau/Build/Intermediates.noindex/AppCheck.build/Debug-iphonesimulator/AppCheckCore.build/Objects-normal/arm64/DCDevice+GACDeviceCheckTokenGenerator.d --serialize-diagnostics /Users/aleks/Library/Developer/Xcode/DerivedData/PlanItApp-gkehojshtcbfvhersqwajfujohau/Build/Intermediates.noindex/AppCheck.build/Debug-iphonesimulator/AppCheckCore.build/Objects-normal/arm64/DCDevice+GACDeviceCheckTokenGenerator.dia -c /Users/aleks/Library/Developer/Xcode/DerivedData/PlanItApp-gkehojshtcbfvhersqwajfujohau/SourcePackages/checkouts/app-check/AppCheckCore/Sources/DeviceCheckProvider/DCDevice+GACDeviceCheckTokenGenerator.m -o /Users/aleks/Library/Developer/Xcode/DerivedData/PlanItApp-gkehojshtcbfvhersqwajfujohau/Build/Intermediates.noindex/AppCheck.build/Debug-iphonesimulator/AppCheckCore.build/Objects-normal/arm64/DCDevice+GACDeviceCheckTokenGenerator.o -index-unit-output-path /AppCheck.build/Debug-iphonesimulator/AppCheckCore.build/Objects-normal/arm64/DCDevice+GACDeviceCheckTokenGenerator.o

CompileC /Users/aleks/Library/Developer/Xcode/DerivedData/PlanItApp-gkehojshtcbfvhersqwajfujohau/Build/Intermediates.noindex/AppCheck.build/Debug-iphonesimulator/AppCheckCore.build/Objects-normal/arm64/GACAppCheckErrorUtil.o /Users/aleks/Library/Developer/Xcode/DerivedData/PlanItApp-gkehojshtcbfvhersqwajfujohau/SourcePackages/checkouts/app-check/AppCheckCore/Sources/Core/Errors/GACAppCheckErrorUtil.m normal arm64 objective-c com.apple.compilers.llvm.clang.1_0.compiler (in target 'AppCheckCore' from project 'AppCheck')
    cd /Users/aleks/Desktop/PlanItApp/PlanItApp.xcodeproj
    
    Using response file: /Users/aleks/Library/Developer/Xcode/DerivedData/PlanItApp-gkehojshtcbfvhersqwajfujohau/Build/Intermediates.noindex/AppCheck.build/Debug-iphonesimulator/AppCheckCore.build/Objects-normal/arm64/e6072d4f65d7061329687fe24e3d63a7-common-args.resp
    
    /Applications/Xcode.app/Contents/Developer/Toolchains/XcodeDefault.xctoolchain/usr/bin/clang -x objective-c -ivfsstatcache /Users/aleks/Library/Developer/Xcode/DerivedData/SDKStatCaches.noindex/iphonesimulator18.5-22F76-d5fc8ad4295d2ef488fb7d0f804ce0c4.sdkstatcache -fmessage-length\=0 -fdiagnostics-show-note-include-stack -fmacro-backtrace-limit\=0 -fno-color-diagnostics -fmodules-prune-interval\=86400 -fmodules-prune-after\=345600 -fbuild-session-file\=/Users/aleks/Library/Developer/Xcode/DerivedData/ModuleCache.noindex/Session.modulevalidation -fmodules-validate-once-per-build-session -Wnon-modular-include-in-framework-module -Werror\=non-modular-include-in-framework-module -Wno-trigraphs -Wno-missing-field-initializers -Wno-missing-prototypes -Wno-return-type -Wno-implicit-atomic-properties -Wno-objc-interface-ivars -Wno-arc-repeated-use-of-weak -Wno-missing-braces -Wparentheses -Wswitch -Wno-unused-function -Wno-unused-label -Wno-unused-parameter -Wno-unused-variable -Wunused-value -Wno-empty-body -Wno-uninitialized -Wno-unknown-pragmas -w -Wno-shadow -Wno-four-char-constants -Wno-conversion -Wno-constant-conversion -Wno-int-conversion -Wno-bool-conversion -Wno-enum-conversion -Wno-float-conversion -Wno-non-literal-null-conversion -Wno-objc-literal-conversion -Wshorten-64-to-32 -Wpointer-sign -Wno-newline-eof -Wno-selector -Wno-strict-selector-match -Wno-undeclared-selector -Wno-deprecated-implementations -Wno-implicit-fallthrough -fstrict-aliasing -Wprotocol -Wdeprecated-declarations -Wno-sign-conversion -Wno-infinite-recursion -Wno-comma -Wno-block-capture-autoreleasing -Wno-strict-prototypes -Wno-semicolon-before-method-body -index-store-path /Users/aleks/Library/Developer/Xcode/DerivedData/PlanItApp-gkehojshtcbfvhersqwajfujohau/Index.noindex/DataStore @/Users/aleks/Library/Developer/Xcode/DerivedData/PlanItApp-gkehojshtcbfvhersqwajfujohau/Build/Intermediates.noindex/AppCheck.build/Debug-iphonesimulator/AppCheckCore.build/Objects-normal/arm64/e6072d4f65d7061329687fe24e3d63a7-common-args.resp -MMD -MT dependencies -MF /Users/aleks/Library/Developer/Xcode/DerivedData/PlanItApp-gkehojshtcbfvhersqwajfujohau/Build/Intermediates.noindex/AppCheck.build/Debug-iphonesimulator/AppCheckCore.build/Objects-normal/arm64/GACAppCheckErrorUtil.d --serialize-diagnostics /Users/aleks/Library/Developer/Xcode/DerivedData/PlanItApp-gkehojshtcbfvhersqwajfujohau/Build/Intermediates.noindex/AppCheck.build/Debug-iphonesimulator/AppCheckCore.build/Objects-normal/arm64/GACAppCheckErrorUtil.dia -c /Users/aleks/Library/Developer/Xcode/DerivedData/PlanItApp-gkehojshtcbfvhersqwajfujohau/SourcePackages/checkouts/app-check/AppCheckCore/Sources/Core/Errors/GACAppCheckErrorUtil.m -o /Users/aleks/Library/Developer/Xcode/DerivedData/PlanItApp-gkehojshtcbfvhersqwajfujohau/Build/Intermediates.noindex/AppCheck.build/Debug-iphonesimulator/AppCheckCore.build/Objects-normal/arm64/GACAppCheckErrorUtil.o -index-unit-output-path /AppCheck.build/Debug-iphonesimulator/AppCheckCore.build/Objects-normal/arm64/GACAppCheckErrorUtil.o

SwiftDriver\ Compilation GTMAppAuth normal arm64 com.apple.xcode.tools.swift.compiler (in target 'GTMAppAuth' from project 'GTMAppAuth')
    cd /Users/aleks/Desktop/PlanItApp/PlanItApp.xcodeproj
    builtin-Swift-Compilation -- /Applications/Xcode.app/Contents/Developer/Toolchains/XcodeDefault.xctoolchain/usr/bin/swiftc -module-name GTMAppAuth -Onone -enforce-exclusivity\=checked @/Users/aleks/Library/Developer/Xcode/DerivedData/PlanItApp-gkehojshtcbfvhersqwajfujohau/Build/Intermediates.noindex/GTMAppAuth.build/Debug-iphonesimulator/GTMAppAuth.build/Objects-normal/arm64/GTMAppAuth.SwiftFileList -DSWIFT_PACKAGE -DDEBUG -Xcc -fmodule-map-file\=/Users/aleks/Library/Developer/Xcode/DerivedData/PlanItApp-gkehojshtcbfvhersqwajfujohau/Build/Intermediates.noindex/GeneratedModuleMaps-iphonesimulator/GTMSessionFetcherCore.modulemap -Xcc -fmodule-map-file\=/Users/aleks/Library/Developer/Xcode/DerivedData/PlanItApp-gkehojshtcbfvhersqwajfujohau/Build/Intermediates.noindex/GeneratedModuleMaps-iphonesimulator/AppAuthCore.modulemap -DXcode -plugin-path /Applications/Xcode.app/Contents/Developer/Toolchains/XcodeDefault.xctoolchain/usr/lib/swift/host/plugins/testing -enable-experimental-feature DebugDescriptionMacro -sdk /Applications/Xcode.app/Contents/Developer/Platforms/iPhoneSimulator.platform/Developer/SDKs/iPhoneSimulator18.5.sdk -target arm64-apple-ios12.0-simulator -g -module-cache-path /Users/aleks/Library/Developer/Xcode/DerivedData/ModuleCache.noindex -Xfrontend -serialize-debugging-options -profile-coverage-mapping -profile-generate -enable-testing -suppress-warnings -index-store-path /Users/aleks/Library/Developer/Xcode/DerivedData/PlanItApp-gkehojshtcbfvhersqwajfujohau/Index.noindex/DataStore -swift-version 5 -I /Users/aleks/Library/Developer/Xcode/DerivedData/PlanItApp-gkehojshtcbfvhersqwajfujohau/Build/Products/Debug-iphonesimulator -I /Applications/Xcode.app/Contents/Developer/Platforms/iPhoneSimulator.platform/Developer/usr/lib -F /Users/aleks/Library/Developer/Xcode/DerivedData/PlanItApp-gkehojshtcbfvhersqwajfujohau/Build/Products/Debug-iphonesimulator/PackageFrameworks -F /Users/aleks/Library/Developer/Xcode/DerivedData/PlanItApp-gkehojshtcbfvhersqwajfujohau/Build/Products/Debug-iphonesimulator/PackageFrameworks -F /Users/aleks/Library/Developer/Xcode/DerivedData/PlanItApp-gkehojshtcbfvhersqwajfujohau/Build/Products/Debug-iphonesimulator -F /Applications/Xcode.app/Contents/Developer/Platforms/iPhoneSimulator.platform/Developer/Library/Frameworks -F /Applications/Xcode.app/Contents/Developer/Platforms/iPhoneSimulator.platform/Developer/SDKs/iPhoneSimulator18.5.sdk/Developer/Library/Frameworks -c -j10 -enable-batch-mode -incremental -Xcc -ivfsstatcache -Xcc /Users/aleks/Library/Developer/Xcode/DerivedData/SDKStatCaches.noindex/iphonesimulator18.5-22F76-d5fc8ad4295d2ef488fb7d0f804ce0c4.sdkstatcache -output-file-map /Users/aleks/Library/Developer/Xcode/DerivedData/PlanItApp-gkehojshtcbfvhersqwajfujohau/Build/Intermediates.noindex/GTMAppAuth.build/Debug-iphonesimulator/GTMAppAuth.build/Objects-normal/arm64/GTMAppAuth-OutputFileMap.json -use-frontend-parseable-output -save-temps -no-color-diagnostics -serialize-diagnostics -emit-dependencies -emit-module -emit-module-path /Users/aleks/Library/Developer/Xcode/DerivedData/PlanItApp-gkehojshtcbfvhersqwajfujohau/Build/Intermediates.noindex/GTMAppAuth.build/Debug-iphonesimulator/GTMAppAuth.build/Objects-normal/arm64/GTMAppAuth.swiftmodule -validate-clang-modules-once -clang-build-session-file /Users/aleks/Library/Developer/Xcode/DerivedData/ModuleCache.noindex/Session.modulevalidation -Xcc -I/Users/aleks/Library/Developer/Xcode/DerivedData/PlanItApp-gkehojshtcbfvhersqwajfujohau/Build/Intermediates.noindex/GTMAppAuth.build/Debug-iphonesimulator/GTMAppAuth.build/swift-overrides.hmap -emit-const-values -Xfrontend -const-gather-protocols-file -Xfrontend /Users/aleks/Library/Developer/Xcode/DerivedData/PlanItApp-gkehojshtcbfvhersqwajfujohau/Build/Intermediates.noindex/GTMAppAuth.build/Debug-iphonesimulator/GTMAppAuth.build/Objects-normal/arm64/GTMAppAuth_const_extract_protocols.json -Xcc -I/Users/aleks/Library/Developer/Xcode/DerivedData/PlanItApp-gkehojshtcbfvhersqwajfujohau/SourcePackages/checkouts/gtm-session-fetcher/Sources/Core/Public -Xcc -I/Users/aleks/Library/Developer/Xcode/DerivedData/PlanItApp-gkehojshtcbfvhersqwajfujohau/SourcePackages/checkouts/AppAuth-iOS/Sources/AppAuthCore -Xcc -I/Users/aleks/Library/Developer/Xcode/DerivedData/PlanItApp-gkehojshtcbfvhersqwajfujohau/Build/Products/Debug-iphonesimulator/include -Xcc -I/Users/aleks/Library/Developer/Xcode/DerivedData/PlanItApp-gkehojshtcbfvhersqwajfujohau/Build/Intermediates.noindex/GTMAppAuth.build/Debug-iphonesimulator/GTMAppAuth.build/DerivedSources-normal/arm64 -Xcc -I/Users/aleks/Library/Developer/Xcode/DerivedData/PlanItApp-gkehojshtcbfvhersqwajfujohau/Build/Intermediates.noindex/GTMAppAuth.build/Debug-iphonesimulator/GTMAppAuth.build/DerivedSources/arm64 -Xcc -I/Users/aleks/Library/Developer/Xcode/DerivedData/PlanItApp-gkehojshtcbfvhersqwajfujohau/Build/Intermediates.noindex/GTMAppAuth.build/Debug-iphonesimulator/GTMAppAuth.build/DerivedSources -Xcc -DSWIFT_PACKAGE -Xcc -DDEBUG\=1 -emit-objc-header -emit-objc-header-path /Users/aleks/Library/Developer/Xcode/DerivedData/PlanItApp-gkehojshtcbfvhersqwajfujohau/Build/Intermediates.noindex/GTMAppAuth.build/Debug-iphonesimulator/GTMAppAuth.build/Objects-normal/arm64/GTMAppAuth-Swift.h -working-directory /Users/aleks/Desktop/PlanItApp/PlanItApp.xcodeproj -experimental-emit-module-separately -disable-cmo

CompileC /Users/aleks/Library/Developer/Xcode/DerivedData/PlanItApp-gkehojshtcbfvhersqwajfujohau/Build/Intermediates.noindex/AppCheck.build/Debug-iphonesimulator/AppCheckCore.build/Objects-normal/arm64/DCAppAttestService+GACAppAttestService.o /Users/aleks/Library/Developer/Xcode/DerivedData/PlanItApp-gkehojshtcbfvhersqwajfujohau/SourcePackages/checkouts/app-check/AppCheckCore/Sources/AppAttestProvider/DCAppAttestService+GACAppAttestService.m normal arm64 objective-c com.apple.compilers.llvm.clang.1_0.compiler (in target 'AppCheckCore' from project 'AppCheck')
    cd /Users/aleks/Desktop/PlanItApp/PlanItApp.xcodeproj
    
    Using response file: /Users/aleks/Library/Developer/Xcode/DerivedData/PlanItApp-gkehojshtcbfvhersqwajfujohau/Build/Intermediates.noindex/AppCheck.build/Debug-iphonesimulator/AppCheckCore.build/Objects-normal/arm64/e6072d4f65d7061329687fe24e3d63a7-common-args.resp
    
    /Applications/Xcode.app/Contents/Developer/Toolchains/XcodeDefault.xctoolchain/usr/bin/clang -x objective-c -ivfsstatcache /Users/aleks/Library/Developer/Xcode/DerivedData/SDKStatCaches.noindex/iphonesimulator18.5-22F76-d5fc8ad4295d2ef488fb7d0f804ce0c4.sdkstatcache -fmessage-length\=0 -fdiagnostics-show-note-include-stack -fmacro-backtrace-limit\=0 -fno-color-diagnostics -fmodules-prune-interval\=86400 -fmodules-prune-after\=345600 -fbuild-session-file\=/Users/aleks/Library/Developer/Xcode/DerivedData/ModuleCache.noindex/Session.modulevalidation -fmodules-validate-once-per-build-session -Wnon-modular-include-in-framework-module -Werror\=non-modular-include-in-framework-module -Wno-trigraphs -Wno-missing-field-initializers -Wno-missing-prototypes -Wno-return-type -Wno-implicit-atomic-properties -Wno-objc-interface-ivars -Wno-arc-repeated-use-of-weak -Wno-missing-braces -Wparentheses -Wswitch -Wno-unused-function -Wno-unused-label -Wno-unused-parameter -Wno-unused-variable -Wunused-value -Wno-empty-body -Wno-uninitialized -Wno-unknown-pragmas -w -Wno-shadow -Wno-four-char-constants -Wno-conversion -Wno-constant-conversion -Wno-int-conversion -Wno-bool-conversion -Wno-enum-conversion -Wno-float-conversion -Wno-non-literal-null-conversion -Wno-objc-literal-conversion -Wshorten-64-to-32 -Wpointer-sign -Wno-newline-eof -Wno-selector -Wno-strict-selector-match -Wno-undeclared-selector -Wno-deprecated-implementations -Wno-implicit-fallthrough -fstrict-aliasing -Wprotocol -Wdeprecated-declarations -Wno-sign-conversion -Wno-infinite-recursion -Wno-comma -Wno-block-capture-autoreleasing -Wno-strict-prototypes -Wno-semicolon-before-method-body -index-store-path /Users/aleks/Library/Developer/Xcode/DerivedData/PlanItApp-gkehojshtcbfvhersqwajfujohau/Index.noindex/DataStore @/Users/aleks/Library/Developer/Xcode/DerivedData/PlanItApp-gkehojshtcbfvhersqwajfujohau/Build/Intermediates.noindex/AppCheck.build/Debug-iphonesimulator/AppCheckCore.build/Objects-normal/arm64/e6072d4f65d7061329687fe24e3d63a7-common-args.resp -MMD -MT dependencies -MF /Users/aleks/Library/Developer/Xcode/DerivedData/PlanItApp-gkehojshtcbfvhersqwajfujohau/Build/Intermediates.noindex/AppCheck.build/Debug-iphonesimulator/AppCheckCore.build/Objects-normal/arm64/DCAppAttestService+GACAppAttestService.d --serialize-diagnostics /Users/aleks/Library/Developer/Xcode/DerivedData/PlanItApp-gkehojshtcbfvhersqwajfujohau/Build/Intermediates.noindex/AppCheck.build/Debug-iphonesimulator/AppCheckCore.build/Objects-normal/arm64/DCAppAttestService+GACAppAttestService.dia -c /Users/aleks/Library/Developer/Xcode/DerivedData/PlanItApp-gkehojshtcbfvhersqwajfujohau/SourcePackages/checkouts/app-check/AppCheckCore/Sources/AppAttestProvider/DCAppAttestService+GACAppAttestService.m -o /Users/aleks/Library/Developer/Xcode/DerivedData/PlanItApp-gkehojshtcbfvhersqwajfujohau/Build/Intermediates.noindex/AppCheck.build/Debug-iphonesimulator/AppCheckCore.build/Objects-normal/arm64/DCAppAttestService+GACAppAttestService.o -index-unit-output-path /AppCheck.build/Debug-iphonesimulator/AppCheckCore.build/Objects-normal/arm64/DCAppAttestService+GACAppAttestService.o

CompileC /Users/aleks/Library/Developer/Xcode/DerivedData/PlanItApp-gkehojshtcbfvhersqwajfujohau/Build/Intermediates.noindex/AppCheck.build/Debug-iphonesimulator/AppCheckCore.build/Objects-normal/arm64/GACAppAttestArtifactStorage.o /Users/aleks/Library/Developer/Xcode/DerivedData/PlanItApp-gkehojshtcbfvhersqwajfujohau/SourcePackages/checkouts/app-check/AppCheckCore/Sources/AppAttestProvider/Storage/GACAppAttestArtifactStorage.m normal arm64 objective-c com.apple.compilers.llvm.clang.1_0.compiler (in target 'AppCheckCore' from project 'AppCheck')
    cd /Users/aleks/Desktop/PlanItApp/PlanItApp.xcodeproj
    
    Using response file: /Users/aleks/Library/Developer/Xcode/DerivedData/PlanItApp-gkehojshtcbfvhersqwajfujohau/Build/Intermediates.noindex/AppCheck.build/Debug-iphonesimulator/AppCheckCore.build/Objects-normal/arm64/e6072d4f65d7061329687fe24e3d63a7-common-args.resp
    
    /Applications/Xcode.app/Contents/Developer/Toolchains/XcodeDefault.xctoolchain/usr/bin/clang -x objective-c -ivfsstatcache /Users/aleks/Library/Developer/Xcode/DerivedData/SDKStatCaches.noindex/iphonesimulator18.5-22F76-d5fc8ad4295d2ef488fb7d0f804ce0c4.sdkstatcache -fmessage-length\=0 -fdiagnostics-show-note-include-stack -fmacro-backtrace-limit\=0 -fno-color-diagnostics -fmodules-prune-interval\=86400 -fmodules-prune-after\=345600 -fbuild-session-file\=/Users/aleks/Library/Developer/Xcode/DerivedData/ModuleCache.noindex/Session.modulevalidation -fmodules-validate-once-per-build-session -Wnon-modular-include-in-framework-module -Werror\=non-modular-include-in-framework-module -Wno-trigraphs -Wno-missing-field-initializers -Wno-missing-prototypes -Wno-return-type -Wno-implicit-atomic-properties -Wno-objc-interface-ivars -Wno-arc-repeated-use-of-weak -Wno-missing-braces -Wparentheses -Wswitch -Wno-unused-function -Wno-unused-label -Wno-unused-parameter -Wno-unused-variable -Wunused-value -Wno-empty-body -Wno-uninitialized -Wno-unknown-pragmas -w -Wno-shadow -Wno-four-char-constants -Wno-conversion -Wno-constant-conversion -Wno-int-conversion -Wno-bool-conversion -Wno-enum-conversion -Wno-float-conversion -Wno-non-literal-null-conversion -Wno-objc-literal-conversion -Wshorten-64-to-32 -Wpointer-sign -Wno-newline-eof -Wno-selector -Wno-strict-selector-match -Wno-undeclared-selector -Wno-deprecated-implementations -Wno-implicit-fallthrough -fstrict-aliasing -Wprotocol -Wdeprecated-declarations -Wno-sign-conversion -Wno-infinite-recursion -Wno-comma -Wno-block-capture-autoreleasing -Wno-strict-prototypes -Wno-semicolon-before-method-body -index-store-path /Users/aleks/Library/Developer/Xcode/DerivedData/PlanItApp-gkehojshtcbfvhersqwajfujohau/Index.noindex/DataStore @/Users/aleks/Library/Developer/Xcode/DerivedData/PlanItApp-gkehojshtcbfvhersqwajfujohau/Build/Intermediates.noindex/AppCheck.build/Debug-iphonesimulator/AppCheckCore.build/Objects-normal/arm64/e6072d4f65d7061329687fe24e3d63a7-common-args.resp -MMD -MT dependencies -MF /Users/aleks/Library/Developer/Xcode/DerivedData/PlanItApp-gkehojshtcbfvhersqwajfujohau/Build/Intermediates.noindex/AppCheck.build/Debug-iphonesimulator/AppCheckCore.build/Objects-normal/arm64/GACAppAttestArtifactStorage.d --serialize-diagnostics /Users/aleks/Library/Developer/Xcode/DerivedData/PlanItApp-gkehojshtcbfvhersqwajfujohau/Build/Intermediates.noindex/AppCheck.build/Debug-iphonesimulator/AppCheckCore.build/Objects-normal/arm64/GACAppAttestArtifactStorage.dia -c /Users/aleks/Library/Developer/Xcode/DerivedData/PlanItApp-gkehojshtcbfvhersqwajfujohau/SourcePackages/checkouts/app-check/AppCheckCore/Sources/AppAttestProvider/Storage/GACAppAttestArtifactStorage.m -o /Users/aleks/Library/Developer/Xcode/DerivedData/PlanItApp-gkehojshtcbfvhersqwajfujohau/Build/Intermediates.noindex/AppCheck.build/Debug-iphonesimulator/AppCheckCore.build/Objects-normal/arm64/GACAppAttestArtifactStorage.o -index-unit-output-path /AppCheck.build/Debug-iphonesimulator/AppCheckCore.build/Objects-normal/arm64/GACAppAttestArtifactStorage.o

CompileC /Users/aleks/Library/Developer/Xcode/DerivedData/PlanItApp-gkehojshtcbfvhersqwajfujohau/Build/Intermediates.noindex/AppCheck.build/Debug-iphonesimulator/AppCheckCore.build/Objects-normal/arm64/GACAppAttestKeyIDStorage.o /Users/aleks/Library/Developer/Xcode/DerivedData/PlanItApp-gkehojshtcbfvhersqwajfujohau/SourcePackages/checkouts/app-check/AppCheckCore/Sources/AppAttestProvider/Storage/GACAppAttestKeyIDStorage.m normal arm64 objective-c com.apple.compilers.llvm.clang.1_0.compiler (in target 'AppCheckCore' from project 'AppCheck')
    cd /Users/aleks/Desktop/PlanItApp/PlanItApp.xcodeproj
    
    Using response file: /Users/aleks/Library/Developer/Xcode/DerivedData/PlanItApp-gkehojshtcbfvhersqwajfujohau/Build/Intermediates.noindex/AppCheck.build/Debug-iphonesimulator/AppCheckCore.build/Objects-normal/arm64/e6072d4f65d7061329687fe24e3d63a7-common-args.resp
    
    /Applications/Xcode.app/Contents/Developer/Toolchains/XcodeDefault.xctoolchain/usr/bin/clang -x objective-c -ivfsstatcache /Users/aleks/Library/Developer/Xcode/DerivedData/SDKStatCaches.noindex/iphonesimulator18.5-22F76-d5fc8ad4295d2ef488fb7d0f804ce0c4.sdkstatcache -fmessage-length\=0 -fdiagnostics-show-note-include-stack -fmacro-backtrace-limit\=0 -fno-color-diagnostics -fmodules-prune-interval\=86400 -fmodules-prune-after\=345600 -fbuild-session-file\=/Users/aleks/Library/Developer/Xcode/DerivedData/ModuleCache.noindex/Session.modulevalidation -fmodules-validate-once-per-build-session -Wnon-modular-include-in-framework-module -Werror\=non-modular-include-in-framework-module -Wno-trigraphs -Wno-missing-field-initializers -Wno-missing-prototypes -Wno-return-type -Wno-implicit-atomic-properties -Wno-objc-interface-ivars -Wno-arc-repeated-use-of-weak -Wno-missing-braces -Wparentheses -Wswitch -Wno-unused-function -Wno-unused-label -Wno-unused-parameter -Wno-unused-variable -Wunused-value -Wno-empty-body -Wno-uninitialized -Wno-unknown-pragmas -w -Wno-shadow -Wno-four-char-constants -Wno-conversion -Wno-constant-conversion -Wno-int-conversion -Wno-bool-conversion -Wno-enum-conversion -Wno-float-conversion -Wno-non-literal-null-conversion -Wno-objc-literal-conversion -Wshorten-64-to-32 -Wpointer-sign -Wno-newline-eof -Wno-selector -Wno-strict-selector-match -Wno-undeclared-selector -Wno-deprecated-implementations -Wno-implicit-fallthrough -fstrict-aliasing -Wprotocol -Wdeprecated-declarations -Wno-sign-conversion -Wno-infinite-recursion -Wno-comma -Wno-block-capture-autoreleasing -Wno-strict-prototypes -Wno-semicolon-before-method-body -index-store-path /Users/aleks/Library/Developer/Xcode/DerivedData/PlanItApp-gkehojshtcbfvhersqwajfujohau/Index.noindex/DataStore @/Users/aleks/Library/Developer/Xcode/DerivedData/PlanItApp-gkehojshtcbfvhersqwajfujohau/Build/Intermediates.noindex/AppCheck.build/Debug-iphonesimulator/AppCheckCore.build/Objects-normal/arm64/e6072d4f65d7061329687fe24e3d63a7-common-args.resp -MMD -MT dependencies -MF /Users/aleks/Library/Developer/Xcode/DerivedData/PlanItApp-gkehojshtcbfvhersqwajfujohau/Build/Intermediates.noindex/AppCheck.build/Debug-iphonesimulator/AppCheckCore.build/Objects-normal/arm64/GACAppAttestKeyIDStorage.d --serialize-diagnostics /Users/aleks/Library/Developer/Xcode/DerivedData/PlanItApp-gkehojshtcbfvhersqwajfujohau/Build/Intermediates.noindex/AppCheck.build/Debug-iphonesimulator/AppCheckCore.build/Objects-normal/arm64/GACAppAttestKeyIDStorage.dia -c /Users/aleks/Library/Developer/Xcode/DerivedData/PlanItApp-gkehojshtcbfvhersqwajfujohau/SourcePackages/checkouts/app-check/AppCheckCore/Sources/AppAttestProvider/Storage/GACAppAttestKeyIDStorage.m -o /Users/aleks/Library/Developer/Xcode/DerivedData/PlanItApp-gkehojshtcbfvhersqwajfujohau/Build/Intermediates.noindex/AppCheck.build/Debug-iphonesimulator/AppCheckCore.build/Objects-normal/arm64/GACAppAttestKeyIDStorage.o -index-unit-output-path /AppCheck.build/Debug-iphonesimulator/AppCheckCore.build/Objects-normal/arm64/GACAppAttestKeyIDStorage.o

CompileC /Users/aleks/Library/Developer/Xcode/DerivedData/PlanItApp-gkehojshtcbfvhersqwajfujohau/Build/Intermediates.noindex/AppCheck.build/Debug-iphonesimulator/AppCheckCore.build/Objects-normal/arm64/GACAppAttestAPIService.o /Users/aleks/Library/Developer/Xcode/DerivedData/PlanItApp-gkehojshtcbfvhersqwajfujohau/SourcePackages/checkouts/app-check/AppCheckCore/Sources/AppAttestProvider/API/GACAppAttestAPIService.m normal arm64 objective-c com.apple.compilers.llvm.clang.1_0.compiler (in target 'AppCheckCore' from project 'AppCheck')
    cd /Users/aleks/Desktop/PlanItApp/PlanItApp.xcodeproj
    
    Using response file: /Users/aleks/Library/Developer/Xcode/DerivedData/PlanItApp-gkehojshtcbfvhersqwajfujohau/Build/Intermediates.noindex/AppCheck.build/Debug-iphonesimulator/AppCheckCore.build/Objects-normal/arm64/e6072d4f65d7061329687fe24e3d63a7-common-args.resp
    
    /Applications/Xcode.app/Contents/Developer/Toolchains/XcodeDefault.xctoolchain/usr/bin/clang -x objective-c -ivfsstatcache /Users/aleks/Library/Developer/Xcode/DerivedData/SDKStatCaches.noindex/iphonesimulator18.5-22F76-d5fc8ad4295d2ef488fb7d0f804ce0c4.sdkstatcache -fmessage-length\=0 -fdiagnostics-show-note-include-stack -fmacro-backtrace-limit\=0 -fno-color-diagnostics -fmodules-prune-interval\=86400 -fmodules-prune-after\=345600 -fbuild-session-file\=/Users/aleks/Library/Developer/Xcode/DerivedData/ModuleCache.noindex/Session.modulevalidation -fmodules-validate-once-per-build-session -Wnon-modular-include-in-framework-module -Werror\=non-modular-include-in-framework-module -Wno-trigraphs -Wno-missing-field-initializers -Wno-missing-prototypes -Wno-return-type -Wno-implicit-atomic-properties -Wno-objc-interface-ivars -Wno-arc-repeated-use-of-weak -Wno-missing-braces -Wparentheses -Wswitch -Wno-unused-function -Wno-unused-label -Wno-unused-parameter -Wno-unused-variable -Wunused-value -Wno-empty-body -Wno-uninitialized -Wno-unknown-pragmas -w -Wno-shadow -Wno-four-char-constants -Wno-conversion -Wno-constant-conversion -Wno-int-conversion -Wno-bool-conversion -Wno-enum-conversion -Wno-float-conversion -Wno-non-literal-null-conversion -Wno-objc-literal-conversion -Wshorten-64-to-32 -Wpointer-sign -Wno-newline-eof -Wno-selector -Wno-strict-selector-match -Wno-undeclared-selector -Wno-deprecated-implementations -Wno-implicit-fallthrough -fstrict-aliasing -Wprotocol -Wdeprecated-declarations -Wno-sign-conversion -Wno-infinite-recursion -Wno-comma -Wno-block-capture-autoreleasing -Wno-strict-prototypes -Wno-semicolon-before-method-body -index-store-path /Users/aleks/Library/Developer/Xcode/DerivedData/PlanItApp-gkehojshtcbfvhersqwajfujohau/Index.noindex/DataStore @/Users/aleks/Library/Developer/Xcode/DerivedData/PlanItApp-gkehojshtcbfvhersqwajfujohau/Build/Intermediates.noindex/AppCheck.build/Debug-iphonesimulator/AppCheckCore.build/Objects-normal/arm64/e6072d4f65d7061329687fe24e3d63a7-common-args.resp -MMD -MT dependencies -MF /Users/aleks/Library/Developer/Xcode/DerivedData/PlanItApp-gkehojshtcbfvhersqwajfujohau/Build/Intermediates.noindex/AppCheck.build/Debug-iphonesimulator/AppCheckCore.build/Objects-normal/arm64/GACAppAttestAPIService.d --serialize-diagnostics /Users/aleks/Library/Developer/Xcode/DerivedData/PlanItApp-gkehojshtcbfvhersqwajfujohau/Build/Intermediates.noindex/AppCheck.build/Debug-iphonesimulator/AppCheckCore.build/Objects-normal/arm64/GACAppAttestAPIService.dia -c /Users/aleks/Library/Developer/Xcode/DerivedData/PlanItApp-gkehojshtcbfvhersqwajfujohau/SourcePackages/checkouts/app-check/AppCheckCore/Sources/AppAttestProvider/API/GACAppAttestAPIService.m -o /Users/aleks/Library/Developer/Xcode/DerivedData/PlanItApp-gkehojshtcbfvhersqwajfujohau/Build/Intermediates.noindex/AppCheck.build/Debug-iphonesimulator/AppCheckCore.build/Objects-normal/arm64/GACAppAttestAPIService.o -index-unit-output-path /AppCheck.build/Debug-iphonesimulator/AppCheckCore.build/Objects-normal/arm64/GACAppAttestAPIService.o

CompileC /Users/aleks/Library/Developer/Xcode/DerivedData/PlanItApp-gkehojshtcbfvhersqwajfujohau/Build/Intermediates.noindex/AppCheck.build/Debug-iphonesimulator/AppCheckCore.build/Objects-normal/arm64/GACAppAttestProvider.o /Users/aleks/Library/Developer/Xcode/DerivedData/PlanItApp-gkehojshtcbfvhersqwajfujohau/SourcePackages/checkouts/app-check/AppCheckCore/Sources/AppAttestProvider/GACAppAttestProvider.m normal arm64 objective-c com.apple.compilers.llvm.clang.1_0.compiler (in target 'AppCheckCore' from project 'AppCheck')
    cd /Users/aleks/Desktop/PlanItApp/PlanItApp.xcodeproj
    
    Using response file: /Users/aleks/Library/Developer/Xcode/DerivedData/PlanItApp-gkehojshtcbfvhersqwajfujohau/Build/Intermediates.noindex/AppCheck.build/Debug-iphonesimulator/AppCheckCore.build/Objects-normal/arm64/e6072d4f65d7061329687fe24e3d63a7-common-args.resp
    
    /Applications/Xcode.app/Contents/Developer/Toolchains/XcodeDefault.xctoolchain/usr/bin/clang -x objective-c -ivfsstatcache /Users/aleks/Library/Developer/Xcode/DerivedData/SDKStatCaches.noindex/iphonesimulator18.5-22F76-d5fc8ad4295d2ef488fb7d0f804ce0c4.sdkstatcache -fmessage-length\=0 -fdiagnostics-show-note-include-stack -fmacro-backtrace-limit\=0 -fno-color-diagnostics -fmodules-prune-interval\=86400 -fmodules-prune-after\=345600 -fbuild-session-file\=/Users/aleks/Library/Developer/Xcode/DerivedData/ModuleCache.noindex/Session.modulevalidation -fmodules-validate-once-per-build-session -Wnon-modular-include-in-framework-module -Werror\=non-modular-include-in-framework-module -Wno-trigraphs -Wno-missing-field-initializers -Wno-missing-prototypes -Wno-return-type -Wno-implicit-atomic-properties -Wno-objc-interface-ivars -Wno-arc-repeated-use-of-weak -Wno-missing-braces -Wparentheses -Wswitch -Wno-unused-function -Wno-unused-label -Wno-unused-parameter -Wno-unused-variable -Wunused-value -Wno-empty-body -Wno-uninitialized -Wno-unknown-pragmas -w -Wno-shadow -Wno-four-char-constants -Wno-conversion -Wno-constant-conversion -Wno-int-conversion -Wno-bool-conversion -Wno-enum-conversion -Wno-float-conversion -Wno-non-literal-null-conversion -Wno-objc-literal-conversion -Wshorten-64-to-32 -Wpointer-sign -Wno-newline-eof -Wno-selector -Wno-strict-selector-match -Wno-undeclared-selector -Wno-deprecated-implementations -Wno-implicit-fallthrough -fstrict-aliasing -Wprotocol -Wdeprecated-declarations -Wno-sign-conversion -Wno-infinite-recursion -Wno-comma -Wno-block-capture-autoreleasing -Wno-strict-prototypes -Wno-semicolon-before-method-body -index-store-path /Users/aleks/Library/Developer/Xcode/DerivedData/PlanItApp-gkehojshtcbfvhersqwajfujohau/Index.noindex/DataStore @/Users/aleks/Library/Developer/Xcode/DerivedData/PlanItApp-gkehojshtcbfvhersqwajfujohau/Build/Intermediates.noindex/AppCheck.build/Debug-iphonesimulator/AppCheckCore.build/Objects-normal/arm64/e6072d4f65d7061329687fe24e3d63a7-common-args.resp -MMD -MT dependencies -MF /Users/aleks/Library/Developer/Xcode/DerivedData/PlanItApp-gkehojshtcbfvhersqwajfujohau/Build/Intermediates.noindex/AppCheck.build/Debug-iphonesimulator/AppCheckCore.build/Objects-normal/arm64/GACAppAttestProvider.d --serialize-diagnostics /Users/aleks/Library/Developer/Xcode/DerivedData/PlanItApp-gkehojshtcbfvhersqwajfujohau/Build/Intermediates.noindex/AppCheck.build/Debug-iphonesimulator/AppCheckCore.build/Objects-normal/arm64/GACAppAttestProvider.dia -c /Users/aleks/Library/Developer/Xcode/DerivedData/PlanItApp-gkehojshtcbfvhersqwajfujohau/SourcePackages/checkouts/app-check/AppCheckCore/Sources/AppAttestProvider/GACAppAttestProvider.m -o /Users/aleks/Library/Developer/Xcode/DerivedData/PlanItApp-gkehojshtcbfvhersqwajfujohau/Build/Intermediates.noindex/AppCheck.build/Debug-iphonesimulator/AppCheckCore.build/Objects-normal/arm64/GACAppAttestProvider.o -index-unit-output-path /AppCheck.build/Debug-iphonesimulator/AppCheckCore.build/Objects-normal/arm64/GACAppAttestProvider.o

CompileC /Users/aleks/Library/Developer/Xcode/DerivedData/PlanItApp-gkehojshtcbfvhersqwajfujohau/Build/Intermediates.noindex/AppCheck.build/Debug-iphonesimulator/AppCheckCore.build/Objects-normal/arm64/GACDeviceCheckProvider.o /Users/aleks/Library/Developer/Xcode/DerivedData/PlanItApp-gkehojshtcbfvhersqwajfujohau/SourcePackages/checkouts/app-check/AppCheckCore/Sources/DeviceCheckProvider/GACDeviceCheckProvider.m normal arm64 objective-c com.apple.compilers.llvm.clang.1_0.compiler (in target 'AppCheckCore' from project 'AppCheck')
    cd /Users/aleks/Desktop/PlanItApp/PlanItApp.xcodeproj
    
    Using response file: /Users/aleks/Library/Developer/Xcode/DerivedData/PlanItApp-gkehojshtcbfvhersqwajfujohau/Build/Intermediates.noindex/AppCheck.build/Debug-iphonesimulator/AppCheckCore.build/Objects-normal/arm64/e6072d4f65d7061329687fe24e3d63a7-common-args.resp
    
    /Applications/Xcode.app/Contents/Developer/Toolchains/XcodeDefault.xctoolchain/usr/bin/clang -x objective-c -ivfsstatcache /Users/aleks/Library/Developer/Xcode/DerivedData/SDKStatCaches.noindex/iphonesimulator18.5-22F76-d5fc8ad4295d2ef488fb7d0f804ce0c4.sdkstatcache -fmessage-length\=0 -fdiagnostics-show-note-include-stack -fmacro-backtrace-limit\=0 -fno-color-diagnostics -fmodules-prune-interval\=86400 -fmodules-prune-after\=345600 -fbuild-session-file\=/Users/aleks/Library/Developer/Xcode/DerivedData/ModuleCache.noindex/Session.modulevalidation -fmodules-validate-once-per-build-session -Wnon-modular-include-in-framework-module -Werror\=non-modular-include-in-framework-module -Wno-trigraphs -Wno-missing-field-initializers -Wno-missing-prototypes -Wno-return-type -Wno-implicit-atomic-properties -Wno-objc-interface-ivars -Wno-arc-repeated-use-of-weak -Wno-missing-braces -Wparentheses -Wswitch -Wno-unused-function -Wno-unused-label -Wno-unused-parameter -Wno-unused-variable -Wunused-value -Wno-empty-body -Wno-uninitialized -Wno-unknown-pragmas -w -Wno-shadow -Wno-four-char-constants -Wno-conversion -Wno-constant-conversion -Wno-int-conversion -Wno-bool-conversion -Wno-enum-conversion -Wno-float-conversion -Wno-non-literal-null-conversion -Wno-objc-literal-conversion -Wshorten-64-to-32 -Wpointer-sign -Wno-newline-eof -Wno-selector -Wno-strict-selector-match -Wno-undeclared-selector -Wno-deprecated-implementations -Wno-implicit-fallthrough -fstrict-aliasing -Wprotocol -Wdeprecated-declarations -Wno-sign-conversion -Wno-infinite-recursion -Wno-comma -Wno-block-capture-autoreleasing -Wno-strict-prototypes -Wno-semicolon-before-method-body -index-store-path /Users/aleks/Library/Developer/Xcode/DerivedData/PlanItApp-gkehojshtcbfvhersqwajfujohau/Index.noindex/DataStore @/Users/aleks/Library/Developer/Xcode/DerivedData/PlanItApp-gkehojshtcbfvhersqwajfujohau/Build/Intermediates.noindex/AppCheck.build/Debug-iphonesimulator/AppCheckCore.build/Objects-normal/arm64/e6072d4f65d7061329687fe24e3d63a7-common-args.resp -MMD -MT dependencies -MF /Users/aleks/Library/Developer/Xcode/DerivedData/PlanItApp-gkehojshtcbfvhersqwajfujohau/Build/Intermediates.noindex/AppCheck.build/Debug-iphonesimulator/AppCheckCore.build/Objects-normal/arm64/GACDeviceCheckProvider.d --serialize-diagnostics /Users/aleks/Library/Developer/Xcode/DerivedData/PlanItApp-gkehojshtcbfvhersqwajfujohau/Build/Intermediates.noindex/AppCheck.build/Debug-iphonesimulator/AppCheckCore.build/Objects-normal/arm64/GACDeviceCheckProvider.dia -c /Users/aleks/Library/Developer/Xcode/DerivedData/PlanItApp-gkehojshtcbfvhersqwajfujohau/SourcePackages/checkouts/app-check/AppCheckCore/Sources/DeviceCheckProvider/GACDeviceCheckProvider.m -o /Users/aleks/Library/Developer/Xcode/DerivedData/PlanItApp-gkehojshtcbfvhersqwajfujohau/Build/Intermediates.noindex/AppCheck.build/Debug-iphonesimulator/AppCheckCore.build/Objects-normal/arm64/GACDeviceCheckProvider.o -index-unit-output-path /AppCheck.build/Debug-iphonesimulator/AppCheckCore.build/Objects-normal/arm64/GACDeviceCheckProvider.o

WriteAuxiliaryFile /Users/aleks/Library/Developer/Xcode/DerivedData/PlanItApp-gkehojshtcbfvhersqwajfujohau/Build/Intermediates.noindex/gRPC.build/Debug-iphonesimulator/grpcWrapper.build/grpcWrapper.modulemap (in target 'grpcWrapper' from project 'gRPC')
    cd /Users/aleks/Library/Developer/Xcode/DerivedData/PlanItApp-gkehojshtcbfvhersqwajfujohau/SourcePackages/checkouts/grpc-binary
    write-file /Users/aleks/Library/Developer/Xcode/DerivedData/PlanItApp-gkehojshtcbfvhersqwajfujohau/Build/Intermediates.noindex/gRPC.build/Debug-iphonesimulator/grpcWrapper.build/grpcWrapper.modulemap

WriteAuxiliaryFile /Users/aleks/Library/Developer/Xcode/DerivedData/PlanItApp-gkehojshtcbfvhersqwajfujohau/Build/Intermediates.noindex/gRPC.build/Debug-iphonesimulator/grpcWrapper.build/grpcWrapper.DependencyStaticMetadataFileList (in target 'grpcWrapper' from project 'gRPC')
    cd /Users/aleks/Library/Developer/Xcode/DerivedData/PlanItApp-gkehojshtcbfvhersqwajfujohau/SourcePackages/checkouts/grpc-binary
    write-file /Users/aleks/Library/Developer/Xcode/DerivedData/PlanItApp-gkehojshtcbfvhersqwajfujohau/Build/Intermediates.noindex/gRPC.build/Debug-iphonesimulator/grpcWrapper.build/grpcWrapper.DependencyStaticMetadataFileList

WriteAuxiliaryFile /Users/aleks/Library/Developer/Xcode/DerivedData/PlanItApp-gkehojshtcbfvhersqwajfujohau/Build/Intermediates.noindex/gRPC.build/Debug-iphonesimulator/grpcWrapper.build/grpcWrapper.DependencyMetadataFileList (in target 'grpcWrapper' from project 'gRPC')
    cd /Users/aleks/Library/Developer/Xcode/DerivedData/PlanItApp-gkehojshtcbfvhersqwajfujohau/SourcePackages/checkouts/grpc-binary
    write-file /Users/aleks/Library/Developer/Xcode/DerivedData/PlanItApp-gkehojshtcbfvhersqwajfujohau/Build/Intermediates.noindex/gRPC.build/Debug-iphonesimulator/grpcWrapper.build/grpcWrapper.DependencyMetadataFileList

WriteAuxiliaryFile /Users/aleks/Library/Developer/Xcode/DerivedData/PlanItApp-gkehojshtcbfvhersqwajfujohau/Build/Intermediates.noindex/gRPC.build/Debug-iphonesimulator/grpcWrapper.build/Objects-normal/arm64/grpcWrapper.LinkFileList (in target 'grpcWrapper' from project 'gRPC')
    cd /Users/aleks/Library/Developer/Xcode/DerivedData/PlanItApp-gkehojshtcbfvhersqwajfujohau/SourcePackages/checkouts/grpc-binary
    write-file /Users/aleks/Library/Developer/Xcode/DerivedData/PlanItApp-gkehojshtcbfvhersqwajfujohau/Build/Intermediates.noindex/gRPC.build/Debug-iphonesimulator/grpcWrapper.build/Objects-normal/arm64/grpcWrapper.LinkFileList

WriteAuxiliaryFile /Users/aleks/Library/Developer/Xcode/DerivedData/PlanItApp-gkehojshtcbfvhersqwajfujohau/Build/Intermediates.noindex/gRPC.build/Debug-iphonesimulator/grpcWrapper.build/Objects-normal/arm64/e6072d4f65d7061329687fe24e3d63a7-common-args.resp (in target 'grpcWrapper' from project 'gRPC')
    cd /Users/aleks/Library/Developer/Xcode/DerivedData/PlanItApp-gkehojshtcbfvhersqwajfujohau/SourcePackages/checkouts/grpc-binary
    write-file /Users/aleks/Library/Developer/Xcode/DerivedData/PlanItApp-gkehojshtcbfvhersqwajfujohau/Build/Intermediates.noindex/gRPC.build/Debug-iphonesimulator/grpcWrapper.build/Objects-normal/arm64/e6072d4f65d7061329687fe24e3d63a7-common-args.resp
-target arm64-apple-ios12.0-simulator -fobjc-arc -fmodules -gmodules '-fmodules-cache-path=/Users/aleks/Library/Developer/Xcode/DerivedData/ModuleCache.noindex' '-fmodule-name=grpcWrapper' -fpascal-strings -O0 -DSWIFT_PACKAGE '-DDEBUG=1' '-DOBJC_OLD_DISPATCH_PROTOTYPES=1' -isysroot /Applications/Xcode.app/Contents/Developer/Platforms/iPhoneSimulator.platform/Developer/SDKs/iPhoneSimulator18.5.sdk -g '-fobjc-abi-version=2' -fobjc-legacy-dispatch -fprofile-instr-generate -fcoverage-mapping -I/Users/aleks/Library/Developer/Xcode/DerivedData/PlanItApp-gkehojshtcbfvhersqwajfujohau/Build/Products/Debug-iphonesimulator/include -I/Users/aleks/Library/Developer/Xcode/DerivedData/PlanItApp-gkehojshtcbfvhersqwajfujohau/SourcePackages/checkouts/grpc-binary/grpc-Wrapper/include -I/Users/aleks/Library/Developer/Xcode/DerivedData/PlanItApp-gkehojshtcbfvhersqwajfujohau/Build/Intermediates.noindex/gRPC.build/Debug-iphonesimulator/grpcWrapper.build/DerivedSources-normal/arm64 -I/Users/aleks/Library/Developer/Xcode/DerivedData/PlanItApp-gkehojshtcbfvhersqwajfujohau/Build/Intermediates.noindex/gRPC.build/Debug-iphonesimulator/grpcWrapper.build/DerivedSources/arm64 -I/Users/aleks/Library/Developer/Xcode/DerivedData/PlanItApp-gkehojshtcbfvhersqwajfujohau/Build/Intermediates.noindex/gRPC.build/Debug-iphonesimulator/grpcWrapper.build/DerivedSources -F/Users/aleks/Library/Developer/Xcode/DerivedData/PlanItApp-gkehojshtcbfvhersqwajfujohau/Build/Products/Debug-iphonesimulator -iframework /Applications/Xcode.app/Contents/Developer/Platforms/iPhoneSimulator.platform/Developer/Library/Frameworks -iframework /Applications/Xcode.app/Contents/Developer/Platforms/iPhoneSimulator.platform/Developer/SDKs/iPhoneSimulator18.5.sdk/Developer/Library/Frameworks -DXcode

WriteAuxiliaryFile /Users/aleks/Library/Developer/Xcode/DerivedData/PlanItApp-gkehojshtcbfvhersqwajfujohau/Build/Intermediates.noindex/gRPC.build/Debug-iphonesimulator/grpcWrapper.build/DerivedSources/resource_bundle_accessor.m (in target 'grpcWrapper' from project 'gRPC')
    cd /Users/aleks/Library/Developer/Xcode/DerivedData/PlanItApp-gkehojshtcbfvhersqwajfujohau/SourcePackages/checkouts/grpc-binary
    write-file /Users/aleks/Library/Developer/Xcode/DerivedData/PlanItApp-gkehojshtcbfvhersqwajfujohau/Build/Intermediates.noindex/gRPC.build/Debug-iphonesimulator/grpcWrapper.build/DerivedSources/resource_bundle_accessor.m

WriteAuxiliaryFile /Users/aleks/Library/Developer/Xcode/DerivedData/PlanItApp-gkehojshtcbfvhersqwajfujohau/Build/Intermediates.noindex/gRPC.build/Debug-iphonesimulator/grpcWrapper.build/DerivedSources/resource_bundle_accessor.h (in target 'grpcWrapper' from project 'gRPC')
    cd /Users/aleks/Library/Developer/Xcode/DerivedData/PlanItApp-gkehojshtcbfvhersqwajfujohau/SourcePackages/checkouts/grpc-binary
    write-file /Users/aleks/Library/Developer/Xcode/DerivedData/PlanItApp-gkehojshtcbfvhersqwajfujohau/Build/Intermediates.noindex/gRPC.build/Debug-iphonesimulator/grpcWrapper.build/DerivedSources/resource_bundle_accessor.h

Copy /Users/aleks/Library/Developer/Xcode/DerivedData/PlanItApp-gkehojshtcbfvhersqwajfujohau/Build/Intermediates.noindex/GeneratedModuleMaps-iphonesimulator/grpcWrapper.modulemap /Users/aleks/Library/Developer/Xcode/DerivedData/PlanItApp-gkehojshtcbfvhersqwajfujohau/Build/Intermediates.noindex/gRPC.build/Debug-iphonesimulator/grpcWrapper.build/grpcWrapper.modulemap (in target 'grpcWrapper' from project 'gRPC')
    cd /Users/aleks/Library/Developer/Xcode/DerivedData/PlanItApp-gkehojshtcbfvhersqwajfujohau/SourcePackages/checkouts/grpc-binary
    builtin-copy -exclude .DS_Store -exclude CVS -exclude .svn -exclude .git -exclude .hg -resolve-src-symlinks /Users/aleks/Library/Developer/Xcode/DerivedData/PlanItApp-gkehojshtcbfvhersqwajfujohau/Build/Intermediates.noindex/gRPC.build/Debug-iphonesimulator/grpcWrapper.build/grpcWrapper.modulemap /Users/aleks/Library/Developer/Xcode/DerivedData/PlanItApp-gkehojshtcbfvhersqwajfujohau/Build/Intermediates.noindex/GeneratedModuleMaps-iphonesimulator

CompileC /Users/aleks/Library/Developer/Xcode/DerivedData/PlanItApp-gkehojshtcbfvhersqwajfujohau/Build/Intermediates.noindex/AppCheck.build/Debug-iphonesimulator/AppCheckCore.build/Objects-normal/arm64/NSURLSession+GACPromises.o /Users/aleks/Library/Developer/Xcode/DerivedData/PlanItApp-gkehojshtcbfvhersqwajfujohau/SourcePackages/checkouts/app-check/AppCheckCore/Sources/Core/APIService/NSURLSession+GACPromises.m normal arm64 objective-c com.apple.compilers.llvm.clang.1_0.compiler (in target 'AppCheckCore' from project 'AppCheck')
    cd /Users/aleks/Desktop/PlanItApp/PlanItApp.xcodeproj
    
    Using response file: /Users/aleks/Library/Developer/Xcode/DerivedData/PlanItApp-gkehojshtcbfvhersqwajfujohau/Build/Intermediates.noindex/AppCheck.build/Debug-iphonesimulator/AppCheckCore.build/Objects-normal/arm64/e6072d4f65d7061329687fe24e3d63a7-common-args.resp
    
    /Applications/Xcode.app/Contents/Developer/Toolchains/XcodeDefault.xctoolchain/usr/bin/clang -x objective-c -ivfsstatcache /Users/aleks/Library/Developer/Xcode/DerivedData/SDKStatCaches.noindex/iphonesimulator18.5-22F76-d5fc8ad4295d2ef488fb7d0f804ce0c4.sdkstatcache -fmessage-length\=0 -fdiagnostics-show-note-include-stack -fmacro-backtrace-limit\=0 -fno-color-diagnostics -fmodules-prune-interval\=86400 -fmodules-prune-after\=345600 -fbuild-session-file\=/Users/aleks/Library/Developer/Xcode/DerivedData/ModuleCache.noindex/Session.modulevalidation -fmodules-validate-once-per-build-session -Wnon-modular-include-in-framework-module -Werror\=non-modular-include-in-framework-module -Wno-trigraphs -Wno-missing-field-initializers -Wno-missing-prototypes -Wno-return-type -Wno-implicit-atomic-properties -Wno-objc-interface-ivars -Wno-arc-repeated-use-of-weak -Wno-missing-braces -Wparentheses -Wswitch -Wno-unused-function -Wno-unused-label -Wno-unused-parameter -Wno-unused-variable -Wunused-value -Wno-empty-body -Wno-uninitialized -Wno-unknown-pragmas -w -Wno-shadow -Wno-four-char-constants -Wno-conversion -Wno-constant-conversion -Wno-int-conversion -Wno-bool-conversion -Wno-enum-conversion -Wno-float-conversion -Wno-non-literal-null-conversion -Wno-objc-literal-conversion -Wshorten-64-to-32 -Wpointer-sign -Wno-newline-eof -Wno-selector -Wno-strict-selector-match -Wno-undeclared-selector -Wno-deprecated-implementations -Wno-implicit-fallthrough -fstrict-aliasing -Wprotocol -Wdeprecated-declarations -Wno-sign-conversion -Wno-infinite-recursion -Wno-comma -Wno-block-capture-autoreleasing -Wno-strict-prototypes -Wno-semicolon-before-method-body -index-store-path /Users/aleks/Library/Developer/Xcode/DerivedData/PlanItApp-gkehojshtcbfvhersqwajfujohau/Index.noindex/DataStore @/Users/aleks/Library/Developer/Xcode/DerivedData/PlanItApp-gkehojshtcbfvhersqwajfujohau/Build/Intermediates.noindex/AppCheck.build/Debug-iphonesimulator/AppCheckCore.build/Objects-normal/arm64/e6072d4f65d7061329687fe24e3d63a7-common-args.resp -MMD -MT dependencies -MF /Users/aleks/Library/Developer/Xcode/DerivedData/PlanItApp-gkehojshtcbfvhersqwajfujohau/Build/Intermediates.noindex/AppCheck.build/Debug-iphonesimulator/AppCheckCore.build/Objects-normal/arm64/NSURLSession+GACPromises.d --serialize-diagnostics /Users/aleks/Library/Developer/Xcode/DerivedData/PlanItApp-gkehojshtcbfvhersqwajfujohau/Build/Intermediates.noindex/AppCheck.build/Debug-iphonesimulator/AppCheckCore.build/Objects-normal/arm64/NSURLSession+GACPromises.dia -c /Users/aleks/Library/Developer/Xcode/DerivedData/PlanItApp-gkehojshtcbfvhersqwajfujohau/SourcePackages/checkouts/app-check/AppCheckCore/Sources/Core/APIService/NSURLSession+GACPromises.m -o /Users/aleks/Library/Developer/Xcode/DerivedData/PlanItApp-gkehojshtcbfvhersqwajfujohau/Build/Intermediates.noindex/AppCheck.build/Debug-iphonesimulator/AppCheckCore.build/Objects-normal/arm64/NSURLSession+GACPromises.o -index-unit-output-path /AppCheck.build/Debug-iphonesimulator/AppCheckCore.build/Objects-normal/arm64/NSURLSession+GACPromises.o

CompileC /Users/aleks/Library/Developer/Xcode/DerivedData/PlanItApp-gkehojshtcbfvhersqwajfujohau/Build/Intermediates.noindex/AppCheck.build/Debug-iphonesimulator/AppCheckCore.build/Objects-normal/arm64/GACDeviceCheckAPIService.o /Users/aleks/Library/Developer/Xcode/DerivedData/PlanItApp-gkehojshtcbfvhersqwajfujohau/SourcePackages/checkouts/app-check/AppCheckCore/Sources/DeviceCheckProvider/API/GACDeviceCheckAPIService.m normal arm64 objective-c com.apple.compilers.llvm.clang.1_0.compiler (in target 'AppCheckCore' from project 'AppCheck')
    cd /Users/aleks/Desktop/PlanItApp/PlanItApp.xcodeproj
    
    Using response file: /Users/aleks/Library/Developer/Xcode/DerivedData/PlanItApp-gkehojshtcbfvhersqwajfujohau/Build/Intermediates.noindex/AppCheck.build/Debug-iphonesimulator/AppCheckCore.build/Objects-normal/arm64/e6072d4f65d7061329687fe24e3d63a7-common-args.resp
    
    /Applications/Xcode.app/Contents/Developer/Toolchains/XcodeDefault.xctoolchain/usr/bin/clang -x objective-c -ivfsstatcache /Users/aleks/Library/Developer/Xcode/DerivedData/SDKStatCaches.noindex/iphonesimulator18.5-22F76-d5fc8ad4295d2ef488fb7d0f804ce0c4.sdkstatcache -fmessage-length\=0 -fdiagnostics-show-note-include-stack -fmacro-backtrace-limit\=0 -fno-color-diagnostics -fmodules-prune-interval\=86400 -fmodules-prune-after\=345600 -fbuild-session-file\=/Users/aleks/Library/Developer/Xcode/DerivedData/ModuleCache.noindex/Session.modulevalidation -fmodules-validate-once-per-build-session -Wnon-modular-include-in-framework-module -Werror\=non-modular-include-in-framework-module -Wno-trigraphs -Wno-missing-field-initializers -Wno-missing-prototypes -Wno-return-type -Wno-implicit-atomic-properties -Wno-objc-interface-ivars -Wno-arc-repeated-use-of-weak -Wno-missing-braces -Wparentheses -Wswitch -Wno-unused-function -Wno-unused-label -Wno-unused-parameter -Wno-unused-variable -Wunused-value -Wno-empty-body -Wno-uninitialized -Wno-unknown-pragmas -w -Wno-shadow -Wno-four-char-constants -Wno-conversion -Wno-constant-conversion -Wno-int-conversion -Wno-bool-conversion -Wno-enum-conversion -Wno-float-conversion -Wno-non-literal-null-conversion -Wno-objc-literal-conversion -Wshorten-64-to-32 -Wpointer-sign -Wno-newline-eof -Wno-selector -Wno-strict-selector-match -Wno-undeclared-selector -Wno-deprecated-implementations -Wno-implicit-fallthrough -fstrict-aliasing -Wprotocol -Wdeprecated-declarations -Wno-sign-conversion -Wno-infinite-recursion -Wno-comma -Wno-block-capture-autoreleasing -Wno-strict-prototypes -Wno-semicolon-before-method-body -index-store-path /Users/aleks/Library/Developer/Xcode/DerivedData/PlanItApp-gkehojshtcbfvhersqwajfujohau/Index.noindex/DataStore @/Users/aleks/Library/Developer/Xcode/DerivedData/PlanItApp-gkehojshtcbfvhersqwajfujohau/Build/Intermediates.noindex/AppCheck.build/Debug-iphonesimulator/AppCheckCore.build/Objects-normal/arm64/e6072d4f65d7061329687fe24e3d63a7-common-args.resp -MMD -MT dependencies -MF /Users/aleks/Library/Developer/Xcode/DerivedData/PlanItApp-gkehojshtcbfvhersqwajfujohau/Build/Intermediates.noindex/AppCheck.build/Debug-iphonesimulator/AppCheckCore.build/Objects-normal/arm64/GACDeviceCheckAPIService.d --serialize-diagnostics /Users/aleks/Library/Developer/Xcode/DerivedData/PlanItApp-gkehojshtcbfvhersqwajfujohau/Build/Intermediates.noindex/AppCheck.build/Debug-iphonesimulator/AppCheckCore.build/Objects-normal/arm64/GACDeviceCheckAPIService.dia -c /Users/aleks/Library/Developer/Xcode/DerivedData/PlanItApp-gkehojshtcbfvhersqwajfujohau/SourcePackages/checkouts/app-check/AppCheckCore/Sources/DeviceCheckProvider/API/GACDeviceCheckAPIService.m -o /Users/aleks/Library/Developer/Xcode/DerivedData/PlanItApp-gkehojshtcbfvhersqwajfujohau/Build/Intermediates.noindex/AppCheck.build/Debug-iphonesimulator/AppCheckCore.build/Objects-normal/arm64/GACDeviceCheckAPIService.o -index-unit-output-path /AppCheck.build/Debug-iphonesimulator/AppCheckCore.build/Objects-normal/arm64/GACDeviceCheckAPIService.o

CompileC /Users/aleks/Library/Developer/Xcode/DerivedData/PlanItApp-gkehojshtcbfvhersqwajfujohau/Build/Intermediates.noindex/AppCheck.build/Debug-iphonesimulator/AppCheckCore.build/Objects-normal/arm64/GACAppCheckToken+APIResponse.o /Users/aleks/Library/Developer/Xcode/DerivedData/PlanItApp-gkehojshtcbfvhersqwajfujohau/SourcePackages/checkouts/app-check/AppCheckCore/Sources/Core/APIService/GACAppCheckToken+APIResponse.m normal arm64 objective-c com.apple.compilers.llvm.clang.1_0.compiler (in target 'AppCheckCore' from project 'AppCheck')
    cd /Users/aleks/Desktop/PlanItApp/PlanItApp.xcodeproj
    
    Using response file: /Users/aleks/Library/Developer/Xcode/DerivedData/PlanItApp-gkehojshtcbfvhersqwajfujohau/Build/Intermediates.noindex/AppCheck.build/Debug-iphonesimulator/AppCheckCore.build/Objects-normal/arm64/e6072d4f65d7061329687fe24e3d63a7-common-args.resp
    
    /Applications/Xcode.app/Contents/Developer/Toolchains/XcodeDefault.xctoolchain/usr/bin/clang -x objective-c -ivfsstatcache /Users/aleks/Library/Developer/Xcode/DerivedData/SDKStatCaches.noindex/iphonesimulator18.5-22F76-d5fc8ad4295d2ef488fb7d0f804ce0c4.sdkstatcache -fmessage-length\=0 -fdiagnostics-show-note-include-stack -fmacro-backtrace-limit\=0 -fno-color-diagnostics -fmodules-prune-interval\=86400 -fmodules-prune-after\=345600 -fbuild-session-file\=/Users/aleks/Library/Developer/Xcode/DerivedData/ModuleCache.noindex/Session.modulevalidation -fmodules-validate-once-per-build-session -Wnon-modular-include-in-framework-module -Werror\=non-modular-include-in-framework-module -Wno-trigraphs -Wno-missing-field-initializers -Wno-missing-prototypes -Wno-return-type -Wno-implicit-atomic-properties -Wno-objc-interface-ivars -Wno-arc-repeated-use-of-weak -Wno-missing-braces -Wparentheses -Wswitch -Wno-unused-function -Wno-unused-label -Wno-unused-parameter -Wno-unused-variable -Wunused-value -Wno-empty-body -Wno-uninitialized -Wno-unknown-pragmas -w -Wno-shadow -Wno-four-char-constants -Wno-conversion -Wno-constant-conversion -Wno-int-conversion -Wno-bool-conversion -Wno-enum-conversion -Wno-float-conversion -Wno-non-literal-null-conversion -Wno-objc-literal-conversion -Wshorten-64-to-32 -Wpointer-sign -Wno-newline-eof -Wno-selector -Wno-strict-selector-match -Wno-undeclared-selector -Wno-deprecated-implementations -Wno-implicit-fallthrough -fstrict-aliasing -Wprotocol -Wdeprecated-declarations -Wno-sign-conversion -Wno-infinite-recursion -Wno-comma -Wno-block-capture-autoreleasing -Wno-strict-prototypes -Wno-semicolon-before-method-body -index-store-path /Users/aleks/Library/Developer/Xcode/DerivedData/PlanItApp-gkehojshtcbfvhersqwajfujohau/Index.noindex/DataStore @/Users/aleks/Library/Developer/Xcode/DerivedData/PlanItApp-gkehojshtcbfvhersqwajfujohau/Build/Intermediates.noindex/AppCheck.build/Debug-iphonesimulator/AppCheckCore.build/Objects-normal/arm64/e6072d4f65d7061329687fe24e3d63a7-common-args.resp -MMD -MT dependencies -MF /Users/aleks/Library/Developer/Xcode/DerivedData/PlanItApp-gkehojshtcbfvhersqwajfujohau/Build/Intermediates.noindex/AppCheck.build/Debug-iphonesimulator/AppCheckCore.build/Objects-normal/arm64/GACAppCheckToken+APIResponse.d --serialize-diagnostics /Users/aleks/Library/Developer/Xcode/DerivedData/PlanItApp-gkehojshtcbfvhersqwajfujohau/Build/Intermediates.noindex/AppCheck.build/Debug-iphonesimulator/AppCheckCore.build/Objects-normal/arm64/GACAppCheckToken+APIResponse.dia -c /Users/aleks/Library/Developer/Xcode/DerivedData/PlanItApp-gkehojshtcbfvhersqwajfujohau/SourcePackages/checkouts/app-check/AppCheckCore/Sources/Core/APIService/GACAppCheckToken+APIResponse.m -o /Users/aleks/Library/Developer/Xcode/DerivedData/PlanItApp-gkehojshtcbfvhersqwajfujohau/Build/Intermediates.noindex/AppCheck.build/Debug-iphonesimulator/AppCheckCore.build/Objects-normal/arm64/GACAppCheckToken+APIResponse.o -index-unit-output-path /AppCheck.build/Debug-iphonesimulator/AppCheckCore.build/Objects-normal/arm64/GACAppCheckToken+APIResponse.o

CompileC /Users/aleks/Library/Developer/Xcode/DerivedData/PlanItApp-gkehojshtcbfvhersqwajfujohau/Build/Intermediates.noindex/AppCheck.build/Debug-iphonesimulator/AppCheckCore.build/Objects-normal/arm64/GACAppCheckStorage.o /Users/aleks/Library/Developer/Xcode/DerivedData/PlanItApp-gkehojshtcbfvhersqwajfujohau/SourcePackages/checkouts/app-check/AppCheckCore/Sources/Core/Storage/GACAppCheckStorage.m normal arm64 objective-c com.apple.compilers.llvm.clang.1_0.compiler (in target 'AppCheckCore' from project 'AppCheck')
    cd /Users/aleks/Desktop/PlanItApp/PlanItApp.xcodeproj
    
    Using response file: /Users/aleks/Library/Developer/Xcode/DerivedData/PlanItApp-gkehojshtcbfvhersqwajfujohau/Build/Intermediates.noindex/AppCheck.build/Debug-iphonesimulator/AppCheckCore.build/Objects-normal/arm64/e6072d4f65d7061329687fe24e3d63a7-common-args.resp
    
    /Applications/Xcode.app/Contents/Developer/Toolchains/XcodeDefault.xctoolchain/usr/bin/clang -x objective-c -ivfsstatcache /Users/aleks/Library/Developer/Xcode/DerivedData/SDKStatCaches.noindex/iphonesimulator18.5-22F76-d5fc8ad4295d2ef488fb7d0f804ce0c4.sdkstatcache -fmessage-length\=0 -fdiagnostics-show-note-include-stack -fmacro-backtrace-limit\=0 -fno-color-diagnostics -fmodules-prune-interval\=86400 -fmodules-prune-after\=345600 -fbuild-session-file\=/Users/aleks/Library/Developer/Xcode/DerivedData/ModuleCache.noindex/Session.modulevalidation -fmodules-validate-once-per-build-session -Wnon-modular-include-in-framework-module -Werror\=non-modular-include-in-framework-module -Wno-trigraphs -Wno-missing-field-initializers -Wno-missing-prototypes -Wno-return-type -Wno-implicit-atomic-properties -Wno-objc-interface-ivars -Wno-arc-repeated-use-of-weak -Wno-missing-braces -Wparentheses -Wswitch -Wno-unused-function -Wno-unused-label -Wno-unused-parameter -Wno-unused-variable -Wunused-value -Wno-empty-body -Wno-uninitialized -Wno-unknown-pragmas -w -Wno-shadow -Wno-four-char-constants -Wno-conversion -Wno-constant-conversion -Wno-int-conversion -Wno-bool-conversion -Wno-enum-conversion -Wno-float-conversion -Wno-non-literal-null-conversion -Wno-objc-literal-conversion -Wshorten-64-to-32 -Wpointer-sign -Wno-newline-eof -Wno-selector -Wno-strict-selector-match -Wno-undeclared-selector -Wno-deprecated-implementations -Wno-implicit-fallthrough -fstrict-aliasing -Wprotocol -Wdeprecated-declarations -Wno-sign-conversion -Wno-infinite-recursion -Wno-comma -Wno-block-capture-autoreleasing -Wno-strict-prototypes -Wno-semicolon-before-method-body -index-store-path /Users/aleks/Library/Developer/Xcode/DerivedData/PlanItApp-gkehojshtcbfvhersqwajfujohau/Index.noindex/DataStore @/Users/aleks/Library/Developer/Xcode/DerivedData/PlanItApp-gkehojshtcbfvhersqwajfujohau/Build/Intermediates.noindex/AppCheck.build/Debug-iphonesimulator/AppCheckCore.build/Objects-normal/arm64/e6072d4f65d7061329687fe24e3d63a7-common-args.resp -MMD -MT dependencies -MF /Users/aleks/Library/Developer/Xcode/DerivedData/PlanItApp-gkehojshtcbfvhersqwajfujohau/Build/Intermediates.noindex/AppCheck.build/Debug-iphonesimulator/AppCheckCore.build/Objects-normal/arm64/GACAppCheckStorage.d --serialize-diagnostics /Users/aleks/Library/Developer/Xcode/DerivedData/PlanItApp-gkehojshtcbfvhersqwajfujohau/Build/Intermediates.noindex/AppCheck.build/Debug-iphonesimulator/AppCheckCore.build/Objects-normal/arm64/GACAppCheckStorage.dia -c /Users/aleks/Library/Developer/Xcode/DerivedData/PlanItApp-gkehojshtcbfvhersqwajfujohau/SourcePackages/checkouts/app-check/AppCheckCore/Sources/Core/Storage/GACAppCheckStorage.m -o /Users/aleks/Library/Developer/Xcode/DerivedData/PlanItApp-gkehojshtcbfvhersqwajfujohau/Build/Intermediates.noindex/AppCheck.build/Debug-iphonesimulator/AppCheckCore.build/Objects-normal/arm64/GACAppCheckStorage.o -index-unit-output-path /AppCheck.build/Debug-iphonesimulator/AppCheckCore.build/Objects-normal/arm64/GACAppCheckStorage.o

CompileC /Users/aleks/Library/Developer/Xcode/DerivedData/PlanItApp-gkehojshtcbfvhersqwajfujohau/Build/Intermediates.noindex/AppCheck.build/Debug-iphonesimulator/AppCheckCore.build/Objects-normal/arm64/GACAppCheckDebugProviderAPIService.o /Users/aleks/Library/Developer/Xcode/DerivedData/PlanItApp-gkehojshtcbfvhersqwajfujohau/SourcePackages/checkouts/app-check/AppCheckCore/Sources/DebugProvider/API/GACAppCheckDebugProviderAPIService.m normal arm64 objective-c com.apple.compilers.llvm.clang.1_0.compiler (in target 'AppCheckCore' from project 'AppCheck')
    cd /Users/aleks/Desktop/PlanItApp/PlanItApp.xcodeproj
    
    Using response file: /Users/aleks/Library/Developer/Xcode/DerivedData/PlanItApp-gkehojshtcbfvhersqwajfujohau/Build/Intermediates.noindex/AppCheck.build/Debug-iphonesimulator/AppCheckCore.build/Objects-normal/arm64/e6072d4f65d7061329687fe24e3d63a7-common-args.resp
    
    /Applications/Xcode.app/Contents/Developer/Toolchains/XcodeDefault.xctoolchain/usr/bin/clang -x objective-c -ivfsstatcache /Users/aleks/Library/Developer/Xcode/DerivedData/SDKStatCaches.noindex/iphonesimulator18.5-22F76-d5fc8ad4295d2ef488fb7d0f804ce0c4.sdkstatcache -fmessage-length\=0 -fdiagnostics-show-note-include-stack -fmacro-backtrace-limit\=0 -fno-color-diagnostics -fmodules-prune-interval\=86400 -fmodules-prune-after\=345600 -fbuild-session-file\=/Users/aleks/Library/Developer/Xcode/DerivedData/ModuleCache.noindex/Session.modulevalidation -fmodules-validate-once-per-build-session -Wnon-modular-include-in-framework-module -Werror\=non-modular-include-in-framework-module -Wno-trigraphs -Wno-missing-field-initializers -Wno-missing-prototypes -Wno-return-type -Wno-implicit-atomic-properties -Wno-objc-interface-ivars -Wno-arc-repeated-use-of-weak -Wno-missing-braces -Wparentheses -Wswitch -Wno-unused-function -Wno-unused-label -Wno-unused-parameter -Wno-unused-variable -Wunused-value -Wno-empty-body -Wno-uninitialized -Wno-unknown-pragmas -w -Wno-shadow -Wno-four-char-constants -Wno-conversion -Wno-constant-conversion -Wno-int-conversion -Wno-bool-conversion -Wno-enum-conversion -Wno-float-conversion -Wno-non-literal-null-conversion -Wno-objc-literal-conversion -Wshorten-64-to-32 -Wpointer-sign -Wno-newline-eof -Wno-selector -Wno-strict-selector-match -Wno-undeclared-selector -Wno-deprecated-implementations -Wno-implicit-fallthrough -fstrict-aliasing -Wprotocol -Wdeprecated-declarations -Wno-sign-conversion -Wno-infinite-recursion -Wno-comma -Wno-block-capture-autoreleasing -Wno-strict-prototypes -Wno-semicolon-before-method-body -index-store-path /Users/aleks/Library/Developer/Xcode/DerivedData/PlanItApp-gkehojshtcbfvhersqwajfujohau/Index.noindex/DataStore @/Users/aleks/Library/Developer/Xcode/DerivedData/PlanItApp-gkehojshtcbfvhersqwajfujohau/Build/Intermediates.noindex/AppCheck.build/Debug-iphonesimulator/AppCheckCore.build/Objects-normal/arm64/e6072d4f65d7061329687fe24e3d63a7-common-args.resp -MMD -MT dependencies -MF /Users/aleks/Library/Developer/Xcode/DerivedData/PlanItApp-gkehojshtcbfvhersqwajfujohau/Build/Intermediates.noindex/AppCheck.build/Debug-iphonesimulator/AppCheckCore.build/Objects-normal/arm64/GACAppCheckDebugProviderAPIService.d --serialize-diagnostics /Users/aleks/Library/Developer/Xcode/DerivedData/PlanItApp-gkehojshtcbfvhersqwajfujohau/Build/Intermediates.noindex/AppCheck.build/Debug-iphonesimulator/AppCheckCore.build/Objects-normal/arm64/GACAppCheckDebugProviderAPIService.dia -c /Users/aleks/Library/Developer/Xcode/DerivedData/PlanItApp-gkehojshtcbfvhersqwajfujohau/SourcePackages/checkouts/app-check/AppCheckCore/Sources/DebugProvider/API/GACAppCheckDebugProviderAPIService.m -o /Users/aleks/Library/Developer/Xcode/DerivedData/PlanItApp-gkehojshtcbfvhersqwajfujohau/Build/Intermediates.noindex/AppCheck.build/Debug-iphonesimulator/AppCheckCore.build/Objects-normal/arm64/GACAppCheckDebugProviderAPIService.o -index-unit-output-path /AppCheck.build/Debug-iphonesimulator/AppCheckCore.build/Objects-normal/arm64/GACAppCheckDebugProviderAPIService.o

CompileC /Users/aleks/Library/Developer/Xcode/DerivedData/PlanItApp-gkehojshtcbfvhersqwajfujohau/Build/Intermediates.noindex/AppCheck.build/Debug-iphonesimulator/AppCheckCore.build/Objects-normal/arm64/GACAppCheckDebugProvider.o /Users/aleks/Library/Developer/Xcode/DerivedData/PlanItApp-gkehojshtcbfvhersqwajfujohau/SourcePackages/checkouts/app-check/AppCheckCore/Sources/DebugProvider/GACAppCheckDebugProvider.m normal arm64 objective-c com.apple.compilers.llvm.clang.1_0.compiler (in target 'AppCheckCore' from project 'AppCheck')
    cd /Users/aleks/Desktop/PlanItApp/PlanItApp.xcodeproj
    
    Using response file: /Users/aleks/Library/Developer/Xcode/DerivedData/PlanItApp-gkehojshtcbfvhersqwajfujohau/Build/Intermediates.noindex/AppCheck.build/Debug-iphonesimulator/AppCheckCore.build/Objects-normal/arm64/e6072d4f65d7061329687fe24e3d63a7-common-args.resp
    
    /Applications/Xcode.app/Contents/Developer/Toolchains/XcodeDefault.xctoolchain/usr/bin/clang -x objective-c -ivfsstatcache /Users/aleks/Library/Developer/Xcode/DerivedData/SDKStatCaches.noindex/iphonesimulator18.5-22F76-d5fc8ad4295d2ef488fb7d0f804ce0c4.sdkstatcache -fmessage-length\=0 -fdiagnostics-show-note-include-stack -fmacro-backtrace-limit\=0 -fno-color-diagnostics -fmodules-prune-interval\=86400 -fmodules-prune-after\=345600 -fbuild-session-file\=/Users/aleks/Library/Developer/Xcode/DerivedData/ModuleCache.noindex/Session.modulevalidation -fmodules-validate-once-per-build-session -Wnon-modular-include-in-framework-module -Werror\=non-modular-include-in-framework-module -Wno-trigraphs -Wno-missing-field-initializers -Wno-missing-prototypes -Wno-return-type -Wno-implicit-atomic-properties -Wno-objc-interface-ivars -Wno-arc-repeated-use-of-weak -Wno-missing-braces -Wparentheses -Wswitch -Wno-unused-function -Wno-unused-label -Wno-unused-parameter -Wno-unused-variable -Wunused-value -Wno-empty-body -Wno-uninitialized -Wno-unknown-pragmas -w -Wno-shadow -Wno-four-char-constants -Wno-conversion -Wno-constant-conversion -Wno-int-conversion -Wno-bool-conversion -Wno-enum-conversion -Wno-float-conversion -Wno-non-literal-null-conversion -Wno-objc-literal-conversion -Wshorten-64-to-32 -Wpointer-sign -Wno-newline-eof -Wno-selector -Wno-strict-selector-match -Wno-undeclared-selector -Wno-deprecated-implementations -Wno-implicit-fallthrough -fstrict-aliasing -Wprotocol -Wdeprecated-declarations -Wno-sign-conversion -Wno-infinite-recursion -Wno-comma -Wno-block-capture-autoreleasing -Wno-strict-prototypes -Wno-semicolon-before-method-body -index-store-path /Users/aleks/Library/Developer/Xcode/DerivedData/PlanItApp-gkehojshtcbfvhersqwajfujohau/Index.noindex/DataStore @/Users/aleks/Library/Developer/Xcode/DerivedData/PlanItApp-gkehojshtcbfvhersqwajfujohau/Build/Intermediates.noindex/AppCheck.build/Debug-iphonesimulator/AppCheckCore.build/Objects-normal/arm64/e6072d4f65d7061329687fe24e3d63a7-common-args.resp -MMD -MT dependencies -MF /Users/aleks/Library/Developer/Xcode/DerivedData/PlanItApp-gkehojshtcbfvhersqwajfujohau/Build/Intermediates.noindex/AppCheck.build/Debug-iphonesimulator/AppCheckCore.build/Objects-normal/arm64/GACAppCheckDebugProvider.d --serialize-diagnostics /Users/aleks/Library/Developer/Xcode/DerivedData/PlanItApp-gkehojshtcbfvhersqwajfujohau/Build/Intermediates.noindex/AppCheck.build/Debug-iphonesimulator/AppCheckCore.build/Objects-normal/arm64/GACAppCheckDebugProvider.dia -c /Users/aleks/Library/Developer/Xcode/DerivedData/PlanItApp-gkehojshtcbfvhersqwajfujohau/SourcePackages/checkouts/app-check/AppCheckCore/Sources/DebugProvider/GACAppCheckDebugProvider.m -o /Users/aleks/Library/Developer/Xcode/DerivedData/PlanItApp-gkehojshtcbfvhersqwajfujohau/Build/Intermediates.noindex/AppCheck.build/Debug-iphonesimulator/AppCheckCore.build/Objects-normal/arm64/GACAppCheckDebugProvider.o -index-unit-output-path /AppCheck.build/Debug-iphonesimulator/AppCheckCore.build/Objects-normal/arm64/GACAppCheckDebugProvider.o

CompileC /Users/aleks/Library/Developer/Xcode/DerivedData/PlanItApp-gkehojshtcbfvhersqwajfujohau/Build/Intermediates.noindex/AppCheck.build/Debug-iphonesimulator/AppCheckCore.build/Objects-normal/arm64/GACAppCheckBackoffWrapper.o /Users/aleks/Library/Developer/Xcode/DerivedData/PlanItApp-gkehojshtcbfvhersqwajfujohau/SourcePackages/checkouts/app-check/AppCheckCore/Sources/Core/Backoff/GACAppCheckBackoffWrapper.m normal arm64 objective-c com.apple.compilers.llvm.clang.1_0.compiler (in target 'AppCheckCore' from project 'AppCheck')
    cd /Users/aleks/Desktop/PlanItApp/PlanItApp.xcodeproj
    
    Using response file: /Users/aleks/Library/Developer/Xcode/DerivedData/PlanItApp-gkehojshtcbfvhersqwajfujohau/Build/Intermediates.noindex/AppCheck.build/Debug-iphonesimulator/AppCheckCore.build/Objects-normal/arm64/e6072d4f65d7061329687fe24e3d63a7-common-args.resp
    
    /Applications/Xcode.app/Contents/Developer/Toolchains/XcodeDefault.xctoolchain/usr/bin/clang -x objective-c -ivfsstatcache /Users/aleks/Library/Developer/Xcode/DerivedData/SDKStatCaches.noindex/iphonesimulator18.5-22F76-d5fc8ad4295d2ef488fb7d0f804ce0c4.sdkstatcache -fmessage-length\=0 -fdiagnostics-show-note-include-stack -fmacro-backtrace-limit\=0 -fno-color-diagnostics -fmodules-prune-interval\=86400 -fmodules-prune-after\=345600 -fbuild-session-file\=/Users/aleks/Library/Developer/Xcode/DerivedData/ModuleCache.noindex/Session.modulevalidation -fmodules-validate-once-per-build-session -Wnon-modular-include-in-framework-module -Werror\=non-modular-include-in-framework-module -Wno-trigraphs -Wno-missing-field-initializers -Wno-missing-prototypes -Wno-return-type -Wno-implicit-atomic-properties -Wno-objc-interface-ivars -Wno-arc-repeated-use-of-weak -Wno-missing-braces -Wparentheses -Wswitch -Wno-unused-function -Wno-unused-label -Wno-unused-parameter -Wno-unused-variable -Wunused-value -Wno-empty-body -Wno-uninitialized -Wno-unknown-pragmas -w -Wno-shadow -Wno-four-char-constants -Wno-conversion -Wno-constant-conversion -Wno-int-conversion -Wno-bool-conversion -Wno-enum-conversion -Wno-float-conversion -Wno-non-literal-null-conversion -Wno-objc-literal-conversion -Wshorten-64-to-32 -Wpointer-sign -Wno-newline-eof -Wno-selector -Wno-strict-selector-match -Wno-undeclared-selector -Wno-deprecated-implementations -Wno-implicit-fallthrough -fstrict-aliasing -Wprotocol -Wdeprecated-declarations -Wno-sign-conversion -Wno-infinite-recursion -Wno-comma -Wno-block-capture-autoreleasing -Wno-strict-prototypes -Wno-semicolon-before-method-body -index-store-path /Users/aleks/Library/Developer/Xcode/DerivedData/PlanItApp-gkehojshtcbfvhersqwajfujohau/Index.noindex/DataStore @/Users/aleks/Library/Developer/Xcode/DerivedData/PlanItApp-gkehojshtcbfvhersqwajfujohau/Build/Intermediates.noindex/AppCheck.build/Debug-iphonesimulator/AppCheckCore.build/Objects-normal/arm64/e6072d4f65d7061329687fe24e3d63a7-common-args.resp -MMD -MT dependencies -MF /Users/aleks/Library/Developer/Xcode/DerivedData/PlanItApp-gkehojshtcbfvhersqwajfujohau/Build/Intermediates.noindex/AppCheck.build/Debug-iphonesimulator/AppCheckCore.build/Objects-normal/arm64/GACAppCheckBackoffWrapper.d --serialize-diagnostics /Users/aleks/Library/Developer/Xcode/DerivedData/PlanItApp-gkehojshtcbfvhersqwajfujohau/Build/Intermediates.noindex/AppCheck.build/Debug-iphonesimulator/AppCheckCore.build/Objects-normal/arm64/GACAppCheckBackoffWrapper.dia -c /Users/aleks/Library/Developer/Xcode/DerivedData/PlanItApp-gkehojshtcbfvhersqwajfujohau/SourcePackages/checkouts/app-check/AppCheckCore/Sources/Core/Backoff/GACAppCheckBackoffWrapper.m -o /Users/aleks/Library/Developer/Xcode/DerivedData/PlanItApp-gkehojshtcbfvhersqwajfujohau/Build/Intermediates.noindex/AppCheck.build/Debug-iphonesimulator/AppCheckCore.build/Objects-normal/arm64/GACAppCheckBackoffWrapper.o -index-unit-output-path /AppCheck.build/Debug-iphonesimulator/AppCheckCore.build/Objects-normal/arm64/GACAppCheckBackoffWrapper.o

CompileC /Users/aleks/Library/Developer/Xcode/DerivedData/PlanItApp-gkehojshtcbfvhersqwajfujohau/Build/Intermediates.noindex/AppCheck.build/Debug-iphonesimulator/AppCheckCore.build/Objects-normal/arm64/GACAppCheckAPIService.o /Users/aleks/Library/Developer/Xcode/DerivedData/PlanItApp-gkehojshtcbfvhersqwajfujohau/SourcePackages/checkouts/app-check/AppCheckCore/Sources/Core/APIService/GACAppCheckAPIService.m normal arm64 objective-c com.apple.compilers.llvm.clang.1_0.compiler (in target 'AppCheckCore' from project 'AppCheck')
    cd /Users/aleks/Desktop/PlanItApp/PlanItApp.xcodeproj
    
    Using response file: /Users/aleks/Library/Developer/Xcode/DerivedData/PlanItApp-gkehojshtcbfvhersqwajfujohau/Build/Intermediates.noindex/AppCheck.build/Debug-iphonesimulator/AppCheckCore.build/Objects-normal/arm64/e6072d4f65d7061329687fe24e3d63a7-common-args.resp
    
    /Applications/Xcode.app/Contents/Developer/Toolchains/XcodeDefault.xctoolchain/usr/bin/clang -x objective-c -ivfsstatcache /Users/aleks/Library/Developer/Xcode/DerivedData/SDKStatCaches.noindex/iphonesimulator18.5-22F76-d5fc8ad4295d2ef488fb7d0f804ce0c4.sdkstatcache -fmessage-length\=0 -fdiagnostics-show-note-include-stack -fmacro-backtrace-limit\=0 -fno-color-diagnostics -fmodules-prune-interval\=86400 -fmodules-prune-after\=345600 -fbuild-session-file\=/Users/aleks/Library/Developer/Xcode/DerivedData/ModuleCache.noindex/Session.modulevalidation -fmodules-validate-once-per-build-session -Wnon-modular-include-in-framework-module -Werror\=non-modular-include-in-framework-module -Wno-trigraphs -Wno-missing-field-initializers -Wno-missing-prototypes -Wno-return-type -Wno-implicit-atomic-properties -Wno-objc-interface-ivars -Wno-arc-repeated-use-of-weak -Wno-missing-braces -Wparentheses -Wswitch -Wno-unused-function -Wno-unused-label -Wno-unused-parameter -Wno-unused-variable -Wunused-value -Wno-empty-body -Wno-uninitialized -Wno-unknown-pragmas -w -Wno-shadow -Wno-four-char-constants -Wno-conversion -Wno-constant-conversion -Wno-int-conversion -Wno-bool-conversion -Wno-enum-conversion -Wno-float-conversion -Wno-non-literal-null-conversion -Wno-objc-literal-conversion -Wshorten-64-to-32 -Wpointer-sign -Wno-newline-eof -Wno-selector -Wno-strict-selector-match -Wno-undeclared-selector -Wno-deprecated-implementations -Wno-implicit-fallthrough -fstrict-aliasing -Wprotocol -Wdeprecated-declarations -Wno-sign-conversion -Wno-infinite-recursion -Wno-comma -Wno-block-capture-autoreleasing -Wno-strict-prototypes -Wno-semicolon-before-method-body -index-store-path /Users/aleks/Library/Developer/Xcode/DerivedData/PlanItApp-gkehojshtcbfvhersqwajfujohau/Index.noindex/DataStore @/Users/aleks/Library/Developer/Xcode/DerivedData/PlanItApp-gkehojshtcbfvhersqwajfujohau/Build/Intermediates.noindex/AppCheck.build/Debug-iphonesimulator/AppCheckCore.build/Objects-normal/arm64/e6072d4f65d7061329687fe24e3d63a7-common-args.resp -MMD -MT dependencies -MF /Users/aleks/Library/Developer/Xcode/DerivedData/PlanItApp-gkehojshtcbfvhersqwajfujohau/Build/Intermediates.noindex/AppCheck.build/Debug-iphonesimulator/AppCheckCore.build/Objects-normal/arm64/GACAppCheckAPIService.d --serialize-diagnostics /Users/aleks/Library/Developer/Xcode/DerivedData/PlanItApp-gkehojshtcbfvhersqwajfujohau/Build/Intermediates.noindex/AppCheck.build/Debug-iphonesimulator/AppCheckCore.build/Objects-normal/arm64/GACAppCheckAPIService.dia -c /Users/aleks/Library/Developer/Xcode/DerivedData/PlanItApp-gkehojshtcbfvhersqwajfujohau/SourcePackages/checkouts/app-check/AppCheckCore/Sources/Core/APIService/GACAppCheckAPIService.m -o /Users/aleks/Library/Developer/Xcode/DerivedData/PlanItApp-gkehojshtcbfvhersqwajfujohau/Build/Intermediates.noindex/AppCheck.build/Debug-iphonesimulator/AppCheckCore.build/Objects-normal/arm64/GACAppCheckAPIService.o -index-unit-output-path /AppCheck.build/Debug-iphonesimulator/AppCheckCore.build/Objects-normal/arm64/GACAppCheckAPIService.o

CompileC /Users/aleks/Library/Developer/Xcode/DerivedData/PlanItApp-gkehojshtcbfvhersqwajfujohau/Build/Intermediates.noindex/AppCheck.build/Debug-iphonesimulator/AppCheckCore.build/Objects-normal/arm64/GACAppCheck.o /Users/aleks/Library/Developer/Xcode/DerivedData/PlanItApp-gkehojshtcbfvhersqwajfujohau/SourcePackages/checkouts/app-check/AppCheckCore/Sources/Core/GACAppCheck.m normal arm64 objective-c com.apple.compilers.llvm.clang.1_0.compiler (in target 'AppCheckCore' from project 'AppCheck')
    cd /Users/aleks/Desktop/PlanItApp/PlanItApp.xcodeproj
    
    Using response file: /Users/aleks/Library/Developer/Xcode/DerivedData/PlanItApp-gkehojshtcbfvhersqwajfujohau/Build/Intermediates.noindex/AppCheck.build/Debug-iphonesimulator/AppCheckCore.build/Objects-normal/arm64/e6072d4f65d7061329687fe24e3d63a7-common-args.resp
    
    /Applications/Xcode.app/Contents/Developer/Toolchains/XcodeDefault.xctoolchain/usr/bin/clang -x objective-c -ivfsstatcache /Users/aleks/Library/Developer/Xcode/DerivedData/SDKStatCaches.noindex/iphonesimulator18.5-22F76-d5fc8ad4295d2ef488fb7d0f804ce0c4.sdkstatcache -fmessage-length\=0 -fdiagnostics-show-note-include-stack -fmacro-backtrace-limit\=0 -fno-color-diagnostics -fmodules-prune-interval\=86400 -fmodules-prune-after\=345600 -fbuild-session-file\=/Users/aleks/Library/Developer/Xcode/DerivedData/ModuleCache.noindex/Session.modulevalidation -fmodules-validate-once-per-build-session -Wnon-modular-include-in-framework-module -Werror\=non-modular-include-in-framework-module -Wno-trigraphs -Wno-missing-field-initializers -Wno-missing-prototypes -Wno-return-type -Wno-implicit-atomic-properties -Wno-objc-interface-ivars -Wno-arc-repeated-use-of-weak -Wno-missing-braces -Wparentheses -Wswitch -Wno-unused-function -Wno-unused-label -Wno-unused-parameter -Wno-unused-variable -Wunused-value -Wno-empty-body -Wno-uninitialized -Wno-unknown-pragmas -w -Wno-shadow -Wno-four-char-constants -Wno-conversion -Wno-constant-conversion -Wno-int-conversion -Wno-bool-conversion -Wno-enum-conversion -Wno-float-conversion -Wno-non-literal-null-conversion -Wno-objc-literal-conversion -Wshorten-64-to-32 -Wpointer-sign -Wno-newline-eof -Wno-selector -Wno-strict-selector-match -Wno-undeclared-selector -Wno-deprecated-implementations -Wno-implicit-fallthrough -fstrict-aliasing -Wprotocol -Wdeprecated-declarations -Wno-sign-conversion -Wno-infinite-recursion -Wno-comma -Wno-block-capture-autoreleasing -Wno-strict-prototypes -Wno-semicolon-before-method-body -index-store-path /Users/aleks/Library/Developer/Xcode/DerivedData/PlanItApp-gkehojshtcbfvhersqwajfujohau/Index.noindex/DataStore @/Users/aleks/Library/Developer/Xcode/DerivedData/PlanItApp-gkehojshtcbfvhersqwajfujohau/Build/Intermediates.noindex/AppCheck.build/Debug-iphonesimulator/AppCheckCore.build/Objects-normal/arm64/e6072d4f65d7061329687fe24e3d63a7-common-args.resp -MMD -MT dependencies -MF /Users/aleks/Library/Developer/Xcode/DerivedData/PlanItApp-gkehojshtcbfvhersqwajfujohau/Build/Intermediates.noindex/AppCheck.build/Debug-iphonesimulator/AppCheckCore.build/Objects-normal/arm64/GACAppCheck.d --serialize-diagnostics /Users/aleks/Library/Developer/Xcode/DerivedData/PlanItApp-gkehojshtcbfvhersqwajfujohau/Build/Intermediates.noindex/AppCheck.build/Debug-iphonesimulator/AppCheckCore.build/Objects-normal/arm64/GACAppCheck.dia -c /Users/aleks/Library/Developer/Xcode/DerivedData/PlanItApp-gkehojshtcbfvhersqwajfujohau/SourcePackages/checkouts/app-check/AppCheckCore/Sources/Core/GACAppCheck.m -o /Users/aleks/Library/Developer/Xcode/DerivedData/PlanItApp-gkehojshtcbfvhersqwajfujohau/Build/Intermediates.noindex/AppCheck.build/Debug-iphonesimulator/AppCheckCore.build/Objects-normal/arm64/GACAppCheck.o -index-unit-output-path /AppCheck.build/Debug-iphonesimulator/AppCheckCore.build/Objects-normal/arm64/GACAppCheck.o

CompileC /Users/aleks/Library/Developer/Xcode/DerivedData/PlanItApp-gkehojshtcbfvhersqwajfujohau/Build/Intermediates.noindex/AppAuth.build/Debug-iphonesimulator/AppAuth.build/Objects-normal/arm64/OIDExternalUserAgentIOS.o /Users/aleks/Library/Developer/Xcode/DerivedData/PlanItApp-gkehojshtcbfvhersqwajfujohau/SourcePackages/checkouts/AppAuth-iOS/Sources/AppAuth/iOS/OIDExternalUserAgentIOS.m normal arm64 objective-c com.apple.compilers.llvm.clang.1_0.compiler (in target 'AppAuth' from project 'AppAuth')
    cd /Users/aleks/Desktop/PlanItApp/PlanItApp.xcodeproj
    
    Using response file: /Users/aleks/Library/Developer/Xcode/DerivedData/PlanItApp-gkehojshtcbfvhersqwajfujohau/Build/Intermediates.noindex/AppAuth.build/Debug-iphonesimulator/AppAuth.build/Objects-normal/arm64/e6072d4f65d7061329687fe24e3d63a7-common-args.resp
    
    /Applications/Xcode.app/Contents/Developer/Toolchains/XcodeDefault.xctoolchain/usr/bin/clang -x objective-c -ivfsstatcache /Users/aleks/Library/Developer/Xcode/DerivedData/SDKStatCaches.noindex/iphonesimulator18.5-22F76-d5fc8ad4295d2ef488fb7d0f804ce0c4.sdkstatcache -fmessage-length\=0 -fdiagnostics-show-note-include-stack -fmacro-backtrace-limit\=0 -fno-color-diagnostics -fmodules-prune-interval\=86400 -fmodules-prune-after\=345600 -fbuild-session-file\=/Users/aleks/Library/Developer/Xcode/DerivedData/ModuleCache.noindex/Session.modulevalidation -fmodules-validate-once-per-build-session -Wnon-modular-include-in-framework-module -Werror\=non-modular-include-in-framework-module -Wno-trigraphs -Wno-missing-field-initializers -Wno-missing-prototypes -Wno-return-type -Wno-implicit-atomic-properties -Wno-objc-interface-ivars -Wno-arc-repeated-use-of-weak -Wno-missing-braces -Wparentheses -Wswitch -Wno-unused-function -Wno-unused-label -Wno-unused-parameter -Wno-unused-variable -Wunused-value -Wno-empty-body -Wno-uninitialized -Wno-unknown-pragmas -w -Wno-shadow -Wno-four-char-constants -Wno-conversion -Wno-constant-conversion -Wno-int-conversion -Wno-bool-conversion -Wno-enum-conversion -Wno-float-conversion -Wno-non-literal-null-conversion -Wno-objc-literal-conversion -Wshorten-64-to-32 -Wpointer-sign -Wno-newline-eof -Wno-selector -Wno-strict-selector-match -Wno-undeclared-selector -Wno-deprecated-implementations -Wno-implicit-fallthrough -fstrict-aliasing -Wprotocol -Wdeprecated-declarations -Wno-sign-conversion -Wno-infinite-recursion -Wno-comma -Wno-block-capture-autoreleasing -Wno-strict-prototypes -Wno-semicolon-before-method-body -index-store-path /Users/aleks/Library/Developer/Xcode/DerivedData/PlanItApp-gkehojshtcbfvhersqwajfujohau/Index.noindex/DataStore @/Users/aleks/Library/Developer/Xcode/DerivedData/PlanItApp-gkehojshtcbfvhersqwajfujohau/Build/Intermediates.noindex/AppAuth.build/Debug-iphonesimulator/AppAuth.build/Objects-normal/arm64/e6072d4f65d7061329687fe24e3d63a7-common-args.resp -include /Users/aleks/Library/Developer/Xcode/DerivedData/PlanItApp-gkehojshtcbfvhersqwajfujohau/Build/Intermediates.noindex/AppAuth.build/Debug-iphonesimulator/AppAuth.build/DerivedSources/resource_bundle_accessor.h -MMD -MT dependencies -MF /Users/aleks/Library/Developer/Xcode/DerivedData/PlanItApp-gkehojshtcbfvhersqwajfujohau/Build/Intermediates.noindex/AppAuth.build/Debug-iphonesimulator/AppAuth.build/Objects-normal/arm64/OIDExternalUserAgentIOS.d --serialize-diagnostics /Users/aleks/Library/Developer/Xcode/DerivedData/PlanItApp-gkehojshtcbfvhersqwajfujohau/Build/Intermediates.noindex/AppAuth.build/Debug-iphonesimulator/AppAuth.build/Objects-normal/arm64/OIDExternalUserAgentIOS.dia -c /Users/aleks/Library/Developer/Xcode/DerivedData/PlanItApp-gkehojshtcbfvhersqwajfujohau/SourcePackages/checkouts/AppAuth-iOS/Sources/AppAuth/iOS/OIDExternalUserAgentIOS.m -o /Users/aleks/Library/Developer/Xcode/DerivedData/PlanItApp-gkehojshtcbfvhersqwajfujohau/Build/Intermediates.noindex/AppAuth.build/Debug-iphonesimulator/AppAuth.build/Objects-normal/arm64/OIDExternalUserAgentIOS.o -index-unit-output-path /AppAuth.build/Debug-iphonesimulator/AppAuth.build/Objects-normal/arm64/OIDExternalUserAgentIOS.o

CompileC /Users/aleks/Library/Developer/Xcode/DerivedData/PlanItApp-gkehojshtcbfvhersqwajfujohau/Build/Intermediates.noindex/AppAuth.build/Debug-iphonesimulator/AppAuth.build/Objects-normal/arm64/OIDExternalUserAgentCatalyst.o /Users/aleks/Library/Developer/Xcode/DerivedData/PlanItApp-gkehojshtcbfvhersqwajfujohau/SourcePackages/checkouts/AppAuth-iOS/Sources/AppAuth/iOS/OIDExternalUserAgentCatalyst.m normal arm64 objective-c com.apple.compilers.llvm.clang.1_0.compiler (in target 'AppAuth' from project 'AppAuth')
    cd /Users/aleks/Desktop/PlanItApp/PlanItApp.xcodeproj
    
    Using response file: /Users/aleks/Library/Developer/Xcode/DerivedData/PlanItApp-gkehojshtcbfvhersqwajfujohau/Build/Intermediates.noindex/AppAuth.build/Debug-iphonesimulator/AppAuth.build/Objects-normal/arm64/e6072d4f65d7061329687fe24e3d63a7-common-args.resp
    
    /Applications/Xcode.app/Contents/Developer/Toolchains/XcodeDefault.xctoolchain/usr/bin/clang -x objective-c -ivfsstatcache /Users/aleks/Library/Developer/Xcode/DerivedData/SDKStatCaches.noindex/iphonesimulator18.5-22F76-d5fc8ad4295d2ef488fb7d0f804ce0c4.sdkstatcache -fmessage-length\=0 -fdiagnostics-show-note-include-stack -fmacro-backtrace-limit\=0 -fno-color-diagnostics -fmodules-prune-interval\=86400 -fmodules-prune-after\=345600 -fbuild-session-file\=/Users/aleks/Library/Developer/Xcode/DerivedData/ModuleCache.noindex/Session.modulevalidation -fmodules-validate-once-per-build-session -Wnon-modular-include-in-framework-module -Werror\=non-modular-include-in-framework-module -Wno-trigraphs -Wno-missing-field-initializers -Wno-missing-prototypes -Wno-return-type -Wno-implicit-atomic-properties -Wno-objc-interface-ivars -Wno-arc-repeated-use-of-weak -Wno-missing-braces -Wparentheses -Wswitch -Wno-unused-function -Wno-unused-label -Wno-unused-parameter -Wno-unused-variable -Wunused-value -Wno-empty-body -Wno-uninitialized -Wno-unknown-pragmas -w -Wno-shadow -Wno-four-char-constants -Wno-conversion -Wno-constant-conversion -Wno-int-conversion -Wno-bool-conversion -Wno-enum-conversion -Wno-float-conversion -Wno-non-literal-null-conversion -Wno-objc-literal-conversion -Wshorten-64-to-32 -Wpointer-sign -Wno-newline-eof -Wno-selector -Wno-strict-selector-match -Wno-undeclared-selector -Wno-deprecated-implementations -Wno-implicit-fallthrough -fstrict-aliasing -Wprotocol -Wdeprecated-declarations -Wno-sign-conversion -Wno-infinite-recursion -Wno-comma -Wno-block-capture-autoreleasing -Wno-strict-prototypes -Wno-semicolon-before-method-body -index-store-path /Users/aleks/Library/Developer/Xcode/DerivedData/PlanItApp-gkehojshtcbfvhersqwajfujohau/Index.noindex/DataStore @/Users/aleks/Library/Developer/Xcode/DerivedData/PlanItApp-gkehojshtcbfvhersqwajfujohau/Build/Intermediates.noindex/AppAuth.build/Debug-iphonesimulator/AppAuth.build/Objects-normal/arm64/e6072d4f65d7061329687fe24e3d63a7-common-args.resp -include /Users/aleks/Library/Developer/Xcode/DerivedData/PlanItApp-gkehojshtcbfvhersqwajfujohau/Build/Intermediates.noindex/AppAuth.build/Debug-iphonesimulator/AppAuth.build/DerivedSources/resource_bundle_accessor.h -MMD -MT dependencies -MF /Users/aleks/Library/Developer/Xcode/DerivedData/PlanItApp-gkehojshtcbfvhersqwajfujohau/Build/Intermediates.noindex/AppAuth.build/Debug-iphonesimulator/AppAuth.build/Objects-normal/arm64/OIDExternalUserAgentCatalyst.d --serialize-diagnostics /Users/aleks/Library/Developer/Xcode/DerivedData/PlanItApp-gkehojshtcbfvhersqwajfujohau/Build/Intermediates.noindex/AppAuth.build/Debug-iphonesimulator/AppAuth.build/Objects-normal/arm64/OIDExternalUserAgentCatalyst.dia -c /Users/aleks/Library/Developer/Xcode/DerivedData/PlanItApp-gkehojshtcbfvhersqwajfujohau/SourcePackages/checkouts/AppAuth-iOS/Sources/AppAuth/iOS/OIDExternalUserAgentCatalyst.m -o /Users/aleks/Library/Developer/Xcode/DerivedData/PlanItApp-gkehojshtcbfvhersqwajfujohau/Build/Intermediates.noindex/AppAuth.build/Debug-iphonesimulator/AppAuth.build/Objects-normal/arm64/OIDExternalUserAgentCatalyst.o -index-unit-output-path /AppAuth.build/Debug-iphonesimulator/AppAuth.build/Objects-normal/arm64/OIDExternalUserAgentCatalyst.o

ScanDependencies /Users/aleks/Library/Developer/Xcode/DerivedData/PlanItApp-gkehojshtcbfvhersqwajfujohau/Build/Intermediates.noindex/gRPC.build/Debug-iphonesimulator/opensslWrapper.build/Objects-normal/arm64/resource_bundle_accessor.o /Users/aleks/Library/Developer/Xcode/DerivedData/PlanItApp-gkehojshtcbfvhersqwajfujohau/Build/Intermediates.noindex/gRPC.build/Debug-iphonesimulator/opensslWrapper.build/DerivedSources/resource_bundle_accessor.m normal arm64 objective-c com.apple.compilers.llvm.clang.1_0.compiler (in target 'opensslWrapper' from project 'gRPC')
    cd /Users/aleks/Desktop/PlanItApp/PlanItApp.xcodeproj
    
    Using response file: /Users/aleks/Library/Developer/Xcode/DerivedData/PlanItApp-gkehojshtcbfvhersqwajfujohau/Build/Intermediates.noindex/gRPC.build/Debug-iphonesimulator/opensslWrapper.build/Objects-normal/arm64/e6072d4f65d7061329687fe24e3d63a7-common-args.resp
    
    builtin-ScanDependencies -o /Users/aleks/Library/Developer/Xcode/DerivedData/PlanItApp-gkehojshtcbfvhersqwajfujohau/Build/Intermediates.noindex/gRPC.build/Debug-iphonesimulator/opensslWrapper.build/Objects-normal/arm64/resource_bundle_accessor.o.scan -- /Applications/Xcode.app/Contents/Developer/Toolchains/XcodeDefault.xctoolchain/usr/bin/clang -x objective-c -ivfsstatcache /Users/aleks/Library/Developer/Xcode/DerivedData/SDKStatCaches.noindex/iphonesimulator18.5-22F76-d5fc8ad4295d2ef488fb7d0f804ce0c4.sdkstatcache -fmessage-length\=0 -fdiagnostics-show-note-include-stack -fmacro-backtrace-limit\=0 -fno-color-diagnostics -fmodules-prune-interval\=86400 -fmodules-prune-after\=345600 -fbuild-session-file\=/Users/aleks/Library/Developer/Xcode/DerivedData/ModuleCache.noindex/Session.modulevalidation -fmodules-validate-once-per-build-session -Wnon-modular-include-in-framework-module -Werror\=non-modular-include-in-framework-module -Wno-trigraphs -Wno-missing-field-initializers -Wno-missing-prototypes -Wno-return-type -Wno-implicit-atomic-properties -Wno-objc-interface-ivars -Wno-arc-repeated-use-of-weak -Wno-missing-braces -Wparentheses -Wswitch -Wno-unused-function -Wno-unused-label -Wno-unused-parameter -Wno-unused-variable -Wunused-value -Wno-empty-body -Wno-uninitialized -Wno-unknown-pragmas -w -Wno-shadow -Wno-four-char-constants -Wno-conversion -Wno-constant-conversion -Wno-int-conversion -Wno-bool-conversion -Wno-enum-conversion -Wno-float-conversion -Wno-non-literal-null-conversion -Wno-objc-literal-conversion -Wshorten-64-to-32 -Wpointer-sign -Wno-newline-eof -Wno-selector -Wno-strict-selector-match -Wno-undeclared-selector -Wno-deprecated-implementations -Wno-implicit-fallthrough -fstrict-aliasing -Wprotocol -Wdeprecated-declarations -Wno-sign-conversion -Wno-infinite-recursion -Wno-comma -Wno-block-capture-autoreleasing -Wno-strict-prototypes -Wno-semicolon-before-method-body -index-store-path /Users/aleks/Library/Developer/Xcode/DerivedData/PlanItApp-gkehojshtcbfvhersqwajfujohau/Index.noindex/DataStore @/Users/aleks/Library/Developer/Xcode/DerivedData/PlanItApp-gkehojshtcbfvhersqwajfujohau/Build/Intermediates.noindex/gRPC.build/Debug-iphonesimulator/opensslWrapper.build/Objects-normal/arm64/e6072d4f65d7061329687fe24e3d63a7-common-args.resp -include /Users/aleks/Library/Developer/Xcode/DerivedData/PlanItApp-gkehojshtcbfvhersqwajfujohau/Build/Intermediates.noindex/gRPC.build/Debug-iphonesimulator/opensslWrapper.build/DerivedSources/resource_bundle_accessor.h -MMD -MT dependencies -MF /Users/aleks/Library/Developer/Xcode/DerivedData/PlanItApp-gkehojshtcbfvhersqwajfujohau/Build/Intermediates.noindex/gRPC.build/Debug-iphonesimulator/opensslWrapper.build/Objects-normal/arm64/resource_bundle_accessor.d --serialize-diagnostics /Users/aleks/Library/Developer/Xcode/DerivedData/PlanItApp-gkehojshtcbfvhersqwajfujohau/Build/Intermediates.noindex/gRPC.build/Debug-iphonesimulator/opensslWrapper.build/Objects-normal/arm64/resource_bundle_accessor.dia -c /Users/aleks/Library/Developer/Xcode/DerivedData/PlanItApp-gkehojshtcbfvhersqwajfujohau/Build/Intermediates.noindex/gRPC.build/Debug-iphonesimulator/opensslWrapper.build/DerivedSources/resource_bundle_accessor.m -o /Users/aleks/Library/Developer/Xcode/DerivedData/PlanItApp-gkehojshtcbfvhersqwajfujohau/Build/Intermediates.noindex/gRPC.build/Debug-iphonesimulator/opensslWrapper.build/Objects-normal/arm64/resource_bundle_accessor.o -index-unit-output-path /gRPC.build/Debug-iphonesimulator/opensslWrapper.build/Objects-normal/arm64/resource_bundle_accessor.o

ScanDependencies /Users/aleks/Library/Developer/Xcode/DerivedData/PlanItApp-gkehojshtcbfvhersqwajfujohau/Build/Intermediates.noindex/gRPC.build/Debug-iphonesimulator/opensslWrapper.build/Objects-normal/arm64/empty.o /Users/aleks/Library/Developer/Xcode/DerivedData/PlanItApp-gkehojshtcbfvhersqwajfujohau/SourcePackages/checkouts/grpc-binary/openssl-grpc-Wrapper/empty.m normal arm64 objective-c com.apple.compilers.llvm.clang.1_0.compiler (in target 'opensslWrapper' from project 'gRPC')
    cd /Users/aleks/Desktop/PlanItApp/PlanItApp.xcodeproj
    
    Using response file: /Users/aleks/Library/Developer/Xcode/DerivedData/PlanItApp-gkehojshtcbfvhersqwajfujohau/Build/Intermediates.noindex/gRPC.build/Debug-iphonesimulator/opensslWrapper.build/Objects-normal/arm64/e6072d4f65d7061329687fe24e3d63a7-common-args.resp
    
    builtin-ScanDependencies -o /Users/aleks/Library/Developer/Xcode/DerivedData/PlanItApp-gkehojshtcbfvhersqwajfujohau/Build/Intermediates.noindex/gRPC.build/Debug-iphonesimulator/opensslWrapper.build/Objects-normal/arm64/empty.o.scan -- /Applications/Xcode.app/Contents/Developer/Toolchains/XcodeDefault.xctoolchain/usr/bin/clang -x objective-c -ivfsstatcache /Users/aleks/Library/Developer/Xcode/DerivedData/SDKStatCaches.noindex/iphonesimulator18.5-22F76-d5fc8ad4295d2ef488fb7d0f804ce0c4.sdkstatcache -fmessage-length\=0 -fdiagnostics-show-note-include-stack -fmacro-backtrace-limit\=0 -fno-color-diagnostics -fmodules-prune-interval\=86400 -fmodules-prune-after\=345600 -fbuild-session-file\=/Users/aleks/Library/Developer/Xcode/DerivedData/ModuleCache.noindex/Session.modulevalidation -fmodules-validate-once-per-build-session -Wnon-modular-include-in-framework-module -Werror\=non-modular-include-in-framework-module -Wno-trigraphs -Wno-missing-field-initializers -Wno-missing-prototypes -Wno-return-type -Wno-implicit-atomic-properties -Wno-objc-interface-ivars -Wno-arc-repeated-use-of-weak -Wno-missing-braces -Wparentheses -Wswitch -Wno-unused-function -Wno-unused-label -Wno-unused-parameter -Wno-unused-variable -Wunused-value -Wno-empty-body -Wno-uninitialized -Wno-unknown-pragmas -w -Wno-shadow -Wno-four-char-constants -Wno-conversion -Wno-constant-conversion -Wno-int-conversion -Wno-bool-conversion -Wno-enum-conversion -Wno-float-conversion -Wno-non-literal-null-conversion -Wno-objc-literal-conversion -Wshorten-64-to-32 -Wpointer-sign -Wno-newline-eof -Wno-selector -Wno-strict-selector-match -Wno-undeclared-selector -Wno-deprecated-implementations -Wno-implicit-fallthrough -fstrict-aliasing -Wprotocol -Wdeprecated-declarations -Wno-sign-conversion -Wno-infinite-recursion -Wno-comma -Wno-block-capture-autoreleasing -Wno-strict-prototypes -Wno-semicolon-before-method-body -index-store-path /Users/aleks/Library/Developer/Xcode/DerivedData/PlanItApp-gkehojshtcbfvhersqwajfujohau/Index.noindex/DataStore @/Users/aleks/Library/Developer/Xcode/DerivedData/PlanItApp-gkehojshtcbfvhersqwajfujohau/Build/Intermediates.noindex/gRPC.build/Debug-iphonesimulator/opensslWrapper.build/Objects-normal/arm64/e6072d4f65d7061329687fe24e3d63a7-common-args.resp -include /Users/aleks/Library/Developer/Xcode/DerivedData/PlanItApp-gkehojshtcbfvhersqwajfujohau/Build/Intermediates.noindex/gRPC.build/Debug-iphonesimulator/opensslWrapper.build/DerivedSources/resource_bundle_accessor.h -MMD -MT dependencies -MF /Users/aleks/Library/Developer/Xcode/DerivedData/PlanItApp-gkehojshtcbfvhersqwajfujohau/Build/Intermediates.noindex/gRPC.build/Debug-iphonesimulator/opensslWrapper.build/Objects-normal/arm64/empty.d --serialize-diagnostics /Users/aleks/Library/Developer/Xcode/DerivedData/PlanItApp-gkehojshtcbfvhersqwajfujohau/Build/Intermediates.noindex/gRPC.build/Debug-iphonesimulator/opensslWrapper.build/Objects-normal/arm64/empty.dia -c /Users/aleks/Library/Developer/Xcode/DerivedData/PlanItApp-gkehojshtcbfvhersqwajfujohau/SourcePackages/checkouts/grpc-binary/openssl-grpc-Wrapper/empty.m -o /Users/aleks/Library/Developer/Xcode/DerivedData/PlanItApp-gkehojshtcbfvhersqwajfujohau/Build/Intermediates.noindex/gRPC.build/Debug-iphonesimulator/opensslWrapper.build/Objects-normal/arm64/empty.o -index-unit-output-path /gRPC.build/Debug-iphonesimulator/opensslWrapper.build/Objects-normal/arm64/empty.o

CodeSign /Users/aleks/Library/Developer/Xcode/DerivedData/PlanItApp-gkehojshtcbfvhersqwajfujohau/Build/Products/Debug-iphonesimulator/GoogleUtilities_GoogleUtilities-Reachability.bundle (in target 'GoogleUtilities_GoogleUtilities-Reachability' from project 'GoogleUtilities')
    cd /Users/aleks/Library/Developer/Xcode/DerivedData/PlanItApp-gkehojshtcbfvhersqwajfujohau/SourcePackages/checkouts/GoogleUtilities
    
    Signing Identity:     "Sign to Run Locally"
    
    /usr/bin/codesign --force --sign - --timestamp\=none --generate-entitlement-der /Users/aleks/Library/Developer/Xcode/DerivedData/PlanItApp-gkehojshtcbfvhersqwajfujohau/Build/Products/Debug-iphonesimulator/GoogleUtilities_GoogleUtilities-Reachability.bundle

WriteAuxiliaryFile /Users/aleks/Library/Developer/Xcode/DerivedData/PlanItApp-gkehojshtcbfvhersqwajfujohau/Build/Intermediates.noindex/gRPC.build/Debug-iphonesimulator/grpcppWrapper.build/grpcppWrapper.modulemap (in target 'grpcppWrapper' from project 'gRPC')
    cd /Users/aleks/Library/Developer/Xcode/DerivedData/PlanItApp-gkehojshtcbfvhersqwajfujohau/SourcePackages/checkouts/grpc-binary
    write-file /Users/aleks/Library/Developer/Xcode/DerivedData/PlanItApp-gkehojshtcbfvhersqwajfujohau/Build/Intermediates.noindex/gRPC.build/Debug-iphonesimulator/grpcppWrapper.build/grpcppWrapper.modulemap

WriteAuxiliaryFile /Users/aleks/Library/Developer/Xcode/DerivedData/PlanItApp-gkehojshtcbfvhersqwajfujohau/Build/Intermediates.noindex/gRPC.build/Debug-iphonesimulator/grpcppWrapper.build/grpcppWrapper.DependencyStaticMetadataFileList (in target 'grpcppWrapper' from project 'gRPC')
    cd /Users/aleks/Library/Developer/Xcode/DerivedData/PlanItApp-gkehojshtcbfvhersqwajfujohau/SourcePackages/checkouts/grpc-binary
    write-file /Users/aleks/Library/Developer/Xcode/DerivedData/PlanItApp-gkehojshtcbfvhersqwajfujohau/Build/Intermediates.noindex/gRPC.build/Debug-iphonesimulator/grpcppWrapper.build/grpcppWrapper.DependencyStaticMetadataFileList

WriteAuxiliaryFile /Users/aleks/Library/Developer/Xcode/DerivedData/PlanItApp-gkehojshtcbfvhersqwajfujohau/Build/Intermediates.noindex/gRPC.build/Debug-iphonesimulator/grpcppWrapper.build/grpcppWrapper.DependencyMetadataFileList (in target 'grpcppWrapper' from project 'gRPC')
    cd /Users/aleks/Library/Developer/Xcode/DerivedData/PlanItApp-gkehojshtcbfvhersqwajfujohau/SourcePackages/checkouts/grpc-binary
    write-file /Users/aleks/Library/Developer/Xcode/DerivedData/PlanItApp-gkehojshtcbfvhersqwajfujohau/Build/Intermediates.noindex/gRPC.build/Debug-iphonesimulator/grpcppWrapper.build/grpcppWrapper.DependencyMetadataFileList

WriteAuxiliaryFile /Users/aleks/Library/Developer/Xcode/DerivedData/PlanItApp-gkehojshtcbfvhersqwajfujohau/Build/Intermediates.noindex/gRPC.build/Debug-iphonesimulator/grpcppWrapper.build/Objects-normal/arm64/grpcppWrapper.LinkFileList (in target 'grpcppWrapper' from project 'gRPC')
    cd /Users/aleks/Library/Developer/Xcode/DerivedData/PlanItApp-gkehojshtcbfvhersqwajfujohau/SourcePackages/checkouts/grpc-binary
    write-file /Users/aleks/Library/Developer/Xcode/DerivedData/PlanItApp-gkehojshtcbfvhersqwajfujohau/Build/Intermediates.noindex/gRPC.build/Debug-iphonesimulator/grpcppWrapper.build/Objects-normal/arm64/grpcppWrapper.LinkFileList

WriteAuxiliaryFile /Users/aleks/Library/Developer/Xcode/DerivedData/PlanItApp-gkehojshtcbfvhersqwajfujohau/Build/Intermediates.noindex/gRPC.build/Debug-iphonesimulator/grpcppWrapper.build/Objects-normal/arm64/e6072d4f65d7061329687fe24e3d63a7-common-args.resp (in target 'grpcppWrapper' from project 'gRPC')
    cd /Users/aleks/Library/Developer/Xcode/DerivedData/PlanItApp-gkehojshtcbfvhersqwajfujohau/SourcePackages/checkouts/grpc-binary
    write-file /Users/aleks/Library/Developer/Xcode/DerivedData/PlanItApp-gkehojshtcbfvhersqwajfujohau/Build/Intermediates.noindex/gRPC.build/Debug-iphonesimulator/grpcppWrapper.build/Objects-normal/arm64/e6072d4f65d7061329687fe24e3d63a7-common-args.resp
-target arm64-apple-ios12.0-simulator -fobjc-arc -fmodules -gmodules '-fmodules-cache-path=/Users/aleks/Library/Developer/Xcode/DerivedData/ModuleCache.noindex' '-fmodule-name=grpcppWrapper' -fpascal-strings -O0 -DSWIFT_PACKAGE '-DDEBUG=1' '-DOBJC_OLD_DISPATCH_PROTOTYPES=1' -isysroot /Applications/Xcode.app/Contents/Developer/Platforms/iPhoneSimulator.platform/Developer/SDKs/iPhoneSimulator18.5.sdk -g '-fobjc-abi-version=2' -fobjc-legacy-dispatch -fprofile-instr-generate -fcoverage-mapping -I/Users/aleks/Library/Developer/Xcode/DerivedData/PlanItApp-gkehojshtcbfvhersqwajfujohau/SourcePackages/checkouts/abseil-cpp-binary/absl-Wrapper/include -I/Users/aleks/Library/Developer/Xcode/DerivedData/PlanItApp-gkehojshtcbfvhersqwajfujohau/SourcePackages/checkouts/grpc-binary/openssl-grpc-Wrapper/include -I/Users/aleks/Library/Developer/Xcode/DerivedData/PlanItApp-gkehojshtcbfvhersqwajfujohau/SourcePackages/checkouts/grpc-binary/grpc-Wrapper/include -I/Users/aleks/Library/Developer/Xcode/DerivedData/PlanItApp-gkehojshtcbfvhersqwajfujohau/Build/Products/Debug-iphonesimulator/include -I/Users/aleks/Library/Developer/Xcode/DerivedData/PlanItApp-gkehojshtcbfvhersqwajfujohau/SourcePackages/checkouts/grpc-binary/grpcpp-Wrapper/include -I/Users/aleks/Library/Developer/Xcode/DerivedData/PlanItApp-gkehojshtcbfvhersqwajfujohau/Build/Intermediates.noindex/gRPC.build/Debug-iphonesimulator/grpcppWrapper.build/DerivedSources-normal/arm64 -I/Users/aleks/Library/Developer/Xcode/DerivedData/PlanItApp-gkehojshtcbfvhersqwajfujohau/Build/Intermediates.noindex/gRPC.build/Debug-iphonesimulator/grpcppWrapper.build/DerivedSources/arm64 -I/Users/aleks/Library/Developer/Xcode/DerivedData/PlanItApp-gkehojshtcbfvhersqwajfujohau/Build/Intermediates.noindex/gRPC.build/Debug-iphonesimulator/grpcppWrapper.build/DerivedSources -F/Users/aleks/Library/Developer/Xcode/DerivedData/PlanItApp-gkehojshtcbfvhersqwajfujohau/Build/Products/Debug-iphonesimulator/PackageFrameworks -F/Users/aleks/Library/Developer/Xcode/DerivedData/PlanItApp-gkehojshtcbfvhersqwajfujohau/Build/Products/Debug-iphonesimulator/PackageFrameworks -F/Users/aleks/Library/Developer/Xcode/DerivedData/PlanItApp-gkehojshtcbfvhersqwajfujohau/Build/Products/Debug-iphonesimulator/PackageFrameworks -F/Users/aleks/Library/Developer/Xcode/DerivedData/PlanItApp-gkehojshtcbfvhersqwajfujohau/Build/Products/Debug-iphonesimulator -iframework /Applications/Xcode.app/Contents/Developer/Platforms/iPhoneSimulator.platform/Developer/Library/Frameworks -iframework /Applications/Xcode.app/Contents/Developer/Platforms/iPhoneSimulator.platform/Developer/SDKs/iPhoneSimulator18.5.sdk/Developer/Library/Frameworks '-fmodule-map-file=/Users/aleks/Library/Developer/Xcode/DerivedData/PlanItApp-gkehojshtcbfvhersqwajfujohau/Build/Intermediates.noindex/GeneratedModuleMaps-iphonesimulator/abslWrapper.modulemap' '-fmodule-map-file=/Users/aleks/Library/Developer/Xcode/DerivedData/PlanItApp-gkehojshtcbfvhersqwajfujohau/Build/Intermediates.noindex/GeneratedModuleMaps-iphonesimulator/opensslWrapper.modulemap' '-fmodule-map-file=/Users/aleks/Library/Developer/Xcode/DerivedData/PlanItApp-gkehojshtcbfvhersqwajfujohau/Build/Intermediates.noindex/GeneratedModuleMaps-iphonesimulator/grpcWrapper.modulemap' -DXcode

WriteAuxiliaryFile /Users/aleks/Library/Developer/Xcode/DerivedData/PlanItApp-gkehojshtcbfvhersqwajfujohau/Build/Intermediates.noindex/gRPC.build/Debug-iphonesimulator/grpcppWrapper.build/DerivedSources/resource_bundle_accessor.m (in target 'grpcppWrapper' from project 'gRPC')
    cd /Users/aleks/Library/Developer/Xcode/DerivedData/PlanItApp-gkehojshtcbfvhersqwajfujohau/SourcePackages/checkouts/grpc-binary
    write-file /Users/aleks/Library/Developer/Xcode/DerivedData/PlanItApp-gkehojshtcbfvhersqwajfujohau/Build/Intermediates.noindex/gRPC.build/Debug-iphonesimulator/grpcppWrapper.build/DerivedSources/resource_bundle_accessor.m

WriteAuxiliaryFile /Users/aleks/Library/Developer/Xcode/DerivedData/PlanItApp-gkehojshtcbfvhersqwajfujohau/Build/Intermediates.noindex/gRPC.build/Debug-iphonesimulator/grpcppWrapper.build/DerivedSources/resource_bundle_accessor.h (in target 'grpcppWrapper' from project 'gRPC')
    cd /Users/aleks/Library/Developer/Xcode/DerivedData/PlanItApp-gkehojshtcbfvhersqwajfujohau/SourcePackages/checkouts/grpc-binary
    write-file /Users/aleks/Library/Developer/Xcode/DerivedData/PlanItApp-gkehojshtcbfvhersqwajfujohau/Build/Intermediates.noindex/gRPC.build/Debug-iphonesimulator/grpcppWrapper.build/DerivedSources/resource_bundle_accessor.h

Copy /Users/aleks/Library/Developer/Xcode/DerivedData/PlanItApp-gkehojshtcbfvhersqwajfujohau/Build/Intermediates.noindex/GeneratedModuleMaps-iphonesimulator/grpcppWrapper.modulemap /Users/aleks/Library/Developer/Xcode/DerivedData/PlanItApp-gkehojshtcbfvhersqwajfujohau/Build/Intermediates.noindex/gRPC.build/Debug-iphonesimulator/grpcppWrapper.build/grpcppWrapper.modulemap (in target 'grpcppWrapper' from project 'gRPC')
    cd /Users/aleks/Library/Developer/Xcode/DerivedData/PlanItApp-gkehojshtcbfvhersqwajfujohau/SourcePackages/checkouts/grpc-binary
    builtin-copy -exclude .DS_Store -exclude CVS -exclude .svn -exclude .git -exclude .hg -resolve-src-symlinks /Users/aleks/Library/Developer/Xcode/DerivedData/PlanItApp-gkehojshtcbfvhersqwajfujohau/Build/Intermediates.noindex/gRPC.build/Debug-iphonesimulator/grpcppWrapper.build/grpcppWrapper.modulemap /Users/aleks/Library/Developer/Xcode/DerivedData/PlanItApp-gkehojshtcbfvhersqwajfujohau/Build/Intermediates.noindex/GeneratedModuleMaps-iphonesimulator

WriteAuxiliaryFile /Users/aleks/Library/Developer/Xcode/DerivedData/PlanItApp-gkehojshtcbfvhersqwajfujohau/Build/Intermediates.noindex/PlanItApp.build/Debug-iphonesimulator/PlanItApp.build/PlanItApp.hmap (in target 'PlanItApp' from project 'PlanItApp')
    cd /Users/aleks/Desktop/PlanItApp
    write-file /Users/aleks/Library/Developer/Xcode/DerivedData/PlanItApp-gkehojshtcbfvhersqwajfujohau/Build/Intermediates.noindex/PlanItApp.build/Debug-iphonesimulator/PlanItApp.build/PlanItApp.hmap

WriteAuxiliaryFile /Users/aleks/Library/Developer/Xcode/DerivedData/PlanItApp-gkehojshtcbfvhersqwajfujohau/Build/Intermediates.noindex/PlanItApp.build/Debug-iphonesimulator/PlanItApp.build/PlanItApp.DependencyStaticMetadataFileList (in target 'PlanItApp' from project 'PlanItApp')
    cd /Users/aleks/Desktop/PlanItApp
    write-file /Users/aleks/Library/Developer/Xcode/DerivedData/PlanItApp-gkehojshtcbfvhersqwajfujohau/Build/Intermediates.noindex/PlanItApp.build/Debug-iphonesimulator/PlanItApp.build/PlanItApp.DependencyStaticMetadataFileList

WriteAuxiliaryFile /Users/aleks/Library/Developer/Xcode/DerivedData/PlanItApp-gkehojshtcbfvhersqwajfujohau/Build/Intermediates.noindex/PlanItApp.build/Debug-iphonesimulator/PlanItApp.build/PlanItApp.DependencyMetadataFileList (in target 'PlanItApp' from project 'PlanItApp')
    cd /Users/aleks/Desktop/PlanItApp
    write-file /Users/aleks/Library/Developer/Xcode/DerivedData/PlanItApp-gkehojshtcbfvhersqwajfujohau/Build/Intermediates.noindex/PlanItApp.build/Debug-iphonesimulator/PlanItApp.build/PlanItApp.DependencyMetadataFileList

WriteAuxiliaryFile /Users/aleks/Library/Developer/Xcode/DerivedData/PlanItApp-gkehojshtcbfvhersqwajfujohau/Build/Intermediates.noindex/PlanItApp.build/Debug-iphonesimulator/PlanItApp.build/PlanItApp-project-headers.hmap (in target 'PlanItApp' from project 'PlanItApp')
    cd /Users/aleks/Desktop/PlanItApp
    write-file /Users/aleks/Library/Developer/Xcode/DerivedData/PlanItApp-gkehojshtcbfvhersqwajfujohau/Build/Intermediates.noindex/PlanItApp.build/Debug-iphonesimulator/PlanItApp.build/PlanItApp-project-headers.hmap

WriteAuxiliaryFile /Users/aleks/Library/Developer/Xcode/DerivedData/PlanItApp-gkehojshtcbfvhersqwajfujohau/Build/Intermediates.noindex/PlanItApp.build/Debug-iphonesimulator/PlanItApp.build/PlanItApp-own-target-headers.hmap (in target 'PlanItApp' from project 'PlanItApp')
    cd /Users/aleks/Desktop/PlanItApp
    write-file /Users/aleks/Library/Developer/Xcode/DerivedData/PlanItApp-gkehojshtcbfvhersqwajfujohau/Build/Intermediates.noindex/PlanItApp.build/Debug-iphonesimulator/PlanItApp.build/PlanItApp-own-target-headers.hmap

WriteAuxiliaryFile /Users/aleks/Library/Developer/Xcode/DerivedData/PlanItApp-gkehojshtcbfvhersqwajfujohau/Build/Intermediates.noindex/PlanItApp.build/Debug-iphonesimulator/PlanItApp.build/PlanItApp-generated-files.hmap (in target 'PlanItApp' from project 'PlanItApp')
    cd /Users/aleks/Desktop/PlanItApp
    write-file /Users/aleks/Library/Developer/Xcode/DerivedData/PlanItApp-gkehojshtcbfvhersqwajfujohau/Build/Intermediates.noindex/PlanItApp.build/Debug-iphonesimulator/PlanItApp.build/PlanItApp-generated-files.hmap

WriteAuxiliaryFile /Users/aleks/Library/Developer/Xcode/DerivedData/PlanItApp-gkehojshtcbfvhersqwajfujohau/Build/Intermediates.noindex/PlanItApp.build/Debug-iphonesimulator/PlanItApp.build/PlanItApp-all-target-headers.hmap (in target 'PlanItApp' from project 'PlanItApp')
    cd /Users/aleks/Desktop/PlanItApp
    write-file /Users/aleks/Library/Developer/Xcode/DerivedData/PlanItApp-gkehojshtcbfvhersqwajfujohau/Build/Intermediates.noindex/PlanItApp.build/Debug-iphonesimulator/PlanItApp.build/PlanItApp-all-target-headers.hmap

WriteAuxiliaryFile /Users/aleks/Library/Developer/Xcode/DerivedData/PlanItApp-gkehojshtcbfvhersqwajfujohau/Build/Intermediates.noindex/PlanItApp.build/Debug-iphonesimulator/PlanItApp.build/PlanItApp-all-non-framework-target-headers.hmap (in target 'PlanItApp' from project 'PlanItApp')
    cd /Users/aleks/Desktop/PlanItApp
    write-file /Users/aleks/Library/Developer/Xcode/DerivedData/PlanItApp-gkehojshtcbfvhersqwajfujohau/Build/Intermediates.noindex/PlanItApp.build/Debug-iphonesimulator/PlanItApp.build/PlanItApp-all-non-framework-target-headers.hmap

WriteAuxiliaryFile /Users/aleks/Library/Developer/Xcode/DerivedData/PlanItApp-gkehojshtcbfvhersqwajfujohau/Build/Intermediates.noindex/PlanItApp.build/Debug-iphonesimulator/PlanItApp.build/PlanItApp-DebugDylibPath-normal-arm64.txt (in target 'PlanItApp' from project 'PlanItApp')
    cd /Users/aleks/Desktop/PlanItApp
    write-file /Users/aleks/Library/Developer/Xcode/DerivedData/PlanItApp-gkehojshtcbfvhersqwajfujohau/Build/Intermediates.noindex/PlanItApp.build/Debug-iphonesimulator/PlanItApp.build/PlanItApp-DebugDylibPath-normal-arm64.txt

WriteAuxiliaryFile /Users/aleks/Library/Developer/Xcode/DerivedData/PlanItApp-gkehojshtcbfvhersqwajfujohau/Build/Intermediates.noindex/PlanItApp.build/Debug-iphonesimulator/PlanItApp.build/PlanItApp-DebugDylibInstallName-normal-arm64.txt (in target 'PlanItApp' from project 'PlanItApp')
    cd /Users/aleks/Desktop/PlanItApp
    write-file /Users/aleks/Library/Developer/Xcode/DerivedData/PlanItApp-gkehojshtcbfvhersqwajfujohau/Build/Intermediates.noindex/PlanItApp.build/Debug-iphonesimulator/PlanItApp.build/PlanItApp-DebugDylibInstallName-normal-arm64.txt

WriteAuxiliaryFile /Users/aleks/Library/Developer/Xcode/DerivedData/PlanItApp-gkehojshtcbfvhersqwajfujohau/Build/Intermediates.noindex/PlanItApp.build/Debug-iphonesimulator/PlanItApp.build/Objects-normal/arm64/PlanItApp_const_extract_protocols.json (in target 'PlanItApp' from project 'PlanItApp')
    cd /Users/aleks/Desktop/PlanItApp
    write-file /Users/aleks/Library/Developer/Xcode/DerivedData/PlanItApp-gkehojshtcbfvhersqwajfujohau/Build/Intermediates.noindex/PlanItApp.build/Debug-iphonesimulator/PlanItApp.build/Objects-normal/arm64/PlanItApp_const_extract_protocols.json

WriteAuxiliaryFile /Users/aleks/Library/Developer/Xcode/DerivedData/PlanItApp-gkehojshtcbfvhersqwajfujohau/Build/Intermediates.noindex/PlanItApp.build/Debug-iphonesimulator/PlanItApp.build/Objects-normal/arm64/PlanItApp.SwiftFileList (in target 'PlanItApp' from project 'PlanItApp')
    cd /Users/aleks/Desktop/PlanItApp
    write-file /Users/aleks/Library/Developer/Xcode/DerivedData/PlanItApp-gkehojshtcbfvhersqwajfujohau/Build/Intermediates.noindex/PlanItApp.build/Debug-iphonesimulator/PlanItApp.build/Objects-normal/arm64/PlanItApp.SwiftFileList

WriteAuxiliaryFile /Users/aleks/Library/Developer/Xcode/DerivedData/PlanItApp-gkehojshtcbfvhersqwajfujohau/Build/Intermediates.noindex/PlanItApp.build/Debug-iphonesimulator/PlanItApp.build/Objects-normal/arm64/PlanItApp.SwiftConstValuesFileList (in target 'PlanItApp' from project 'PlanItApp')
    cd /Users/aleks/Desktop/PlanItApp
    write-file /Users/aleks/Library/Developer/Xcode/DerivedData/PlanItApp-gkehojshtcbfvhersqwajfujohau/Build/Intermediates.noindex/PlanItApp.build/Debug-iphonesimulator/PlanItApp.build/Objects-normal/arm64/PlanItApp.SwiftConstValuesFileList

WriteAuxiliaryFile /Users/aleks/Library/Developer/Xcode/DerivedData/PlanItApp-gkehojshtcbfvhersqwajfujohau/Build/Intermediates.noindex/PlanItApp.build/Debug-iphonesimulator/PlanItApp.build/Objects-normal/arm64/PlanItApp.LinkFileList (in target 'PlanItApp' from project 'PlanItApp')
    cd /Users/aleks/Desktop/PlanItApp
    write-file /Users/aleks/Library/Developer/Xcode/DerivedData/PlanItApp-gkehojshtcbfvhersqwajfujohau/Build/Intermediates.noindex/PlanItApp.build/Debug-iphonesimulator/PlanItApp.build/Objects-normal/arm64/PlanItApp.LinkFileList

WriteAuxiliaryFile /Users/aleks/Library/Developer/Xcode/DerivedData/PlanItApp-gkehojshtcbfvhersqwajfujohau/Build/Intermediates.noindex/PlanItApp.build/Debug-iphonesimulator/PlanItApp.build/Objects-normal/arm64/PlanItApp-OutputFileMap.json (in target 'PlanItApp' from project 'PlanItApp')
    cd /Users/aleks/Desktop/PlanItApp
    write-file /Users/aleks/Library/Developer/Xcode/DerivedData/PlanItApp-gkehojshtcbfvhersqwajfujohau/Build/Intermediates.noindex/PlanItApp.build/Debug-iphonesimulator/PlanItApp.build/Objects-normal/arm64/PlanItApp-OutputFileMap.json

WriteAuxiliaryFile /Users/aleks/Library/Developer/Xcode/DerivedData/PlanItApp-gkehojshtcbfvhersqwajfujohau/Build/Intermediates.noindex/PlanItApp.build/Debug-iphonesimulator/PlanItApp.build/DerivedSources/Entitlements-Simulated.plist (in target 'PlanItApp' from project 'PlanItApp')
    cd /Users/aleks/Desktop/PlanItApp
    write-file /Users/aleks/Library/Developer/Xcode/DerivedData/PlanItApp-gkehojshtcbfvhersqwajfujohau/Build/Intermediates.noindex/PlanItApp.build/Debug-iphonesimulator/PlanItApp.build/DerivedSources/Entitlements-Simulated.plist

MkDir /Users/aleks/Library/Developer/Xcode/DerivedData/PlanItApp-gkehojshtcbfvhersqwajfujohau/Build/Products/Debug-iphonesimulator/PlanItApp.app/Frameworks (in target 'PlanItApp' from project 'PlanItApp')
    cd /Users/aleks/Desktop/PlanItApp
    /bin/mkdir -p /Users/aleks/Library/Developer/Xcode/DerivedData/PlanItApp-gkehojshtcbfvhersqwajfujohau/Build/Products/Debug-iphonesimulator/PlanItApp.app/Frameworks

MkDir /Users/aleks/Library/Developer/Xcode/DerivedData/PlanItApp-gkehojshtcbfvhersqwajfujohau/Build/Products/Debug-iphonesimulator/PlanItApp.app (in target 'PlanItApp' from project 'PlanItApp')
    cd /Users/aleks/Desktop/PlanItApp
    /bin/mkdir -p /Users/aleks/Library/Developer/Xcode/DerivedData/PlanItApp-gkehojshtcbfvhersqwajfujohau/Build/Products/Debug-iphonesimulator/PlanItApp.app

CodeSign /Users/aleks/Library/Developer/Xcode/DerivedData/PlanItApp-gkehojshtcbfvhersqwajfujohau/Build/Products/Debug-iphonesimulator/GoogleUtilities_GoogleUtilities-Network.bundle (in target 'GoogleUtilities_GoogleUtilities-Network' from project 'GoogleUtilities')
    cd /Users/aleks/Library/Developer/Xcode/DerivedData/PlanItApp-gkehojshtcbfvhersqwajfujohau/SourcePackages/checkouts/GoogleUtilities
    
    Signing Identity:     "Sign to Run Locally"
    
    /usr/bin/codesign --force --sign - --timestamp\=none --generate-entitlement-der /Users/aleks/Library/Developer/Xcode/DerivedData/PlanItApp-gkehojshtcbfvhersqwajfujohau/Build/Products/Debug-iphonesimulator/GoogleUtilities_GoogleUtilities-Network.bundle

CodeSign /Users/aleks/Library/Developer/Xcode/DerivedData/PlanItApp-gkehojshtcbfvhersqwajfujohau/Build/Products/Debug-iphonesimulator/GoogleUtilities_GoogleUtilities-NSData.bundle (in target 'GoogleUtilities_GoogleUtilities-NSData' from project 'GoogleUtilities')
    cd /Users/aleks/Library/Developer/Xcode/DerivedData/PlanItApp-gkehojshtcbfvhersqwajfujohau/SourcePackages/checkouts/GoogleUtilities
    
    Signing Identity:     "Sign to Run Locally"
    
    /usr/bin/codesign --force --sign - --timestamp\=none --generate-entitlement-der /Users/aleks/Library/Developer/Xcode/DerivedData/PlanItApp-gkehojshtcbfvhersqwajfujohau/Build/Products/Debug-iphonesimulator/GoogleUtilities_GoogleUtilities-NSData.bundle

CodeSign /Users/aleks/Library/Developer/Xcode/DerivedData/PlanItApp-gkehojshtcbfvhersqwajfujohau/Build/Products/Debug-iphonesimulator/GoogleUtilities_GoogleUtilities-Logger.bundle (in target 'GoogleUtilities_GoogleUtilities-Logger' from project 'GoogleUtilities')
    cd /Users/aleks/Library/Developer/Xcode/DerivedData/PlanItApp-gkehojshtcbfvhersqwajfujohau/SourcePackages/checkouts/GoogleUtilities
    
    Signing Identity:     "Sign to Run Locally"
    
    /usr/bin/codesign --force --sign - --timestamp\=none --generate-entitlement-der /Users/aleks/Library/Developer/Xcode/DerivedData/PlanItApp-gkehojshtcbfvhersqwajfujohau/Build/Products/Debug-iphonesimulator/GoogleUtilities_GoogleUtilities-Logger.bundle

CodeSign /Users/aleks/Library/Developer/Xcode/DerivedData/PlanItApp-gkehojshtcbfvhersqwajfujohau/Build/Products/Debug-iphonesimulator/GoogleUtilities_GoogleUtilities-Environment.bundle (in target 'GoogleUtilities_GoogleUtilities-Environment' from project 'GoogleUtilities')
    cd /Users/aleks/Library/Developer/Xcode/DerivedData/PlanItApp-gkehojshtcbfvhersqwajfujohau/SourcePackages/checkouts/GoogleUtilities
    
    Signing Identity:     "Sign to Run Locally"
    
    /usr/bin/codesign --force --sign - --timestamp\=none --generate-entitlement-der /Users/aleks/Library/Developer/Xcode/DerivedData/PlanItApp-gkehojshtcbfvhersqwajfujohau/Build/Products/Debug-iphonesimulator/GoogleUtilities_GoogleUtilities-Environment.bundle

CodeSign /Users/aleks/Library/Developer/Xcode/DerivedData/PlanItApp-gkehojshtcbfvhersqwajfujohau/Build/Products/Debug-iphonesimulator/GoogleUtilities_GoogleUtilities-AppDelegateSwizzler.bundle (in target 'GoogleUtilities_GoogleUtilities-AppDelegateSwizzler' from project 'GoogleUtilities')
    cd /Users/aleks/Library/Developer/Xcode/DerivedData/PlanItApp-gkehojshtcbfvhersqwajfujohau/SourcePackages/checkouts/GoogleUtilities
    
    Signing Identity:     "Sign to Run Locally"
    
    /usr/bin/codesign --force --sign - --timestamp\=none --generate-entitlement-der /Users/aleks/Library/Developer/Xcode/DerivedData/PlanItApp-gkehojshtcbfvhersqwajfujohau/Build/Products/Debug-iphonesimulator/GoogleUtilities_GoogleUtilities-AppDelegateSwizzler.bundle

CodeSign /Users/aleks/Library/Developer/Xcode/DerivedData/PlanItApp-gkehojshtcbfvhersqwajfujohau/Build/Products/Debug-iphonesimulator/GoogleSignIn_GoogleSignIn.bundle (in target 'GoogleSignIn_GoogleSignIn' from project 'GoogleSignIn')
    cd /Users/aleks/Library/Developer/Xcode/DerivedData/PlanItApp-gkehojshtcbfvhersqwajfujohau/SourcePackages/checkouts/GoogleSignIn-iOS
    
    Signing Identity:     "Sign to Run Locally"
    
    /usr/bin/codesign --force --sign - --timestamp\=none --generate-entitlement-der /Users/aleks/Library/Developer/Xcode/DerivedData/PlanItApp-gkehojshtcbfvhersqwajfujohau/Build/Products/Debug-iphonesimulator/GoogleSignIn_GoogleSignIn.bundle

CodeSign /Users/aleks/Library/Developer/Xcode/DerivedData/PlanItApp-gkehojshtcbfvhersqwajfujohau/Build/Products/Debug-iphonesimulator/GTMSessionFetcher_GTMSessionFetcherCore.bundle (in target 'GTMSessionFetcher_GTMSessionFetcherCore' from project 'GTMSessionFetcher')
    cd /Users/aleks/Library/Developer/Xcode/DerivedData/PlanItApp-gkehojshtcbfvhersqwajfujohau/SourcePackages/checkouts/gtm-session-fetcher
    
    Signing Identity:     "Sign to Run Locally"
    
    /usr/bin/codesign --force --sign - --timestamp\=none --generate-entitlement-der /Users/aleks/Library/Developer/Xcode/DerivedData/PlanItApp-gkehojshtcbfvhersqwajfujohau/Build/Products/Debug-iphonesimulator/GTMSessionFetcher_GTMSessionFetcherCore.bundle

CodeSign /Users/aleks/Library/Developer/Xcode/DerivedData/PlanItApp-gkehojshtcbfvhersqwajfujohau/Build/Products/Debug-iphonesimulator/GTMAppAuth_GTMAppAuth.bundle (in target 'GTMAppAuth_GTMAppAuth' from project 'GTMAppAuth')
    cd /Users/aleks/Library/Developer/Xcode/DerivedData/PlanItApp-gkehojshtcbfvhersqwajfujohau/SourcePackages/checkouts/GTMAppAuth
    
    Signing Identity:     "Sign to Run Locally"
    
    /usr/bin/codesign --force --sign - --timestamp\=none --generate-entitlement-der /Users/aleks/Library/Developer/Xcode/DerivedData/PlanItApp-gkehojshtcbfvhersqwajfujohau/Build/Products/Debug-iphonesimulator/GTMAppAuth_GTMAppAuth.bundle

CodeSign /Users/aleks/Library/Developer/Xcode/DerivedData/PlanItApp-gkehojshtcbfvhersqwajfujohau/Build/Products/Debug-iphonesimulator/Firebase_FirebaseFirestore.bundle (in target 'Firebase_FirebaseFirestore' from project 'Firebase')
    cd /Users/aleks/Library/Developer/Xcode/DerivedData/PlanItApp-gkehojshtcbfvhersqwajfujohau/SourcePackages/checkouts/firebase-ios-sdk
    
    Signing Identity:     "Sign to Run Locally"
    
    /usr/bin/codesign --force --sign - --timestamp\=none --generate-entitlement-der /Users/aleks/Library/Developer/Xcode/DerivedData/PlanItApp-gkehojshtcbfvhersqwajfujohau/Build/Products/Debug-iphonesimulator/Firebase_FirebaseFirestore.bundle

CodeSign /Users/aleks/Library/Developer/Xcode/DerivedData/PlanItApp-gkehojshtcbfvhersqwajfujohau/Build/Products/Debug-iphonesimulator/Firebase_FirebaseCoreInternal.bundle (in target 'Firebase_FirebaseCoreInternal' from project 'Firebase')
    cd /Users/aleks/Library/Developer/Xcode/DerivedData/PlanItApp-gkehojshtcbfvhersqwajfujohau/SourcePackages/checkouts/firebase-ios-sdk
    
    Signing Identity:     "Sign to Run Locally"
    
    /usr/bin/codesign --force --sign - --timestamp\=none --generate-entitlement-der /Users/aleks/Library/Developer/Xcode/DerivedData/PlanItApp-gkehojshtcbfvhersqwajfujohau/Build/Products/Debug-iphonesimulator/Firebase_FirebaseCoreInternal.bundle

CodeSign /Users/aleks/Library/Developer/Xcode/DerivedData/PlanItApp-gkehojshtcbfvhersqwajfujohau/Build/Products/Debug-iphonesimulator/Firebase_FirebaseCoreExtension.bundle (in target 'Firebase_FirebaseCoreExtension' from project 'Firebase')
    cd /Users/aleks/Library/Developer/Xcode/DerivedData/PlanItApp-gkehojshtcbfvhersqwajfujohau/SourcePackages/checkouts/firebase-ios-sdk
    
    Signing Identity:     "Sign to Run Locally"
    
    /usr/bin/codesign --force --sign - --timestamp\=none --generate-entitlement-der /Users/aleks/Library/Developer/Xcode/DerivedData/PlanItApp-gkehojshtcbfvhersqwajfujohau/Build/Products/Debug-iphonesimulator/Firebase_FirebaseCoreExtension.bundle

CodeSign /Users/aleks/Library/Developer/Xcode/DerivedData/PlanItApp-gkehojshtcbfvhersqwajfujohau/Build/Products/Debug-iphonesimulator/Firebase_FirebaseCore.bundle (in target 'Firebase_FirebaseCore' from project 'Firebase')
    cd /Users/aleks/Library/Developer/Xcode/DerivedData/PlanItApp-gkehojshtcbfvhersqwajfujohau/SourcePackages/checkouts/firebase-ios-sdk
    
    Signing Identity:     "Sign to Run Locally"
    
    /usr/bin/codesign --force --sign - --timestamp\=none --generate-entitlement-der /Users/aleks/Library/Developer/Xcode/DerivedData/PlanItApp-gkehojshtcbfvhersqwajfujohau/Build/Products/Debug-iphonesimulator/Firebase_FirebaseCore.bundle

CompileC /Users/aleks/Library/Developer/Xcode/DerivedData/PlanItApp-gkehojshtcbfvhersqwajfujohau/Build/Intermediates.noindex/gRPC.build/Debug-iphonesimulator/opensslWrapper.build/Objects-normal/arm64/resource_bundle_accessor.o /Users/aleks/Library/Developer/Xcode/DerivedData/PlanItApp-gkehojshtcbfvhersqwajfujohau/Build/Intermediates.noindex/gRPC.build/Debug-iphonesimulator/opensslWrapper.build/DerivedSources/resource_bundle_accessor.m normal arm64 objective-c com.apple.compilers.llvm.clang.1_0.compiler (in target 'opensslWrapper' from project 'gRPC')
    cd /Users/aleks/Desktop/PlanItApp/PlanItApp.xcodeproj
    
    Using response file: /Users/aleks/Library/Developer/Xcode/DerivedData/PlanItApp-gkehojshtcbfvhersqwajfujohau/Build/Intermediates.noindex/gRPC.build/Debug-iphonesimulator/opensslWrapper.build/Objects-normal/arm64/e6072d4f65d7061329687fe24e3d63a7-common-args.resp
    
    /Applications/Xcode.app/Contents/Developer/Toolchains/XcodeDefault.xctoolchain/usr/bin/clang -x objective-c -ivfsstatcache /Users/aleks/Library/Developer/Xcode/DerivedData/SDKStatCaches.noindex/iphonesimulator18.5-22F76-d5fc8ad4295d2ef488fb7d0f804ce0c4.sdkstatcache -fmessage-length\=0 -fdiagnostics-show-note-include-stack -fmacro-backtrace-limit\=0 -fno-color-diagnostics -fmodules-prune-interval\=86400 -fmodules-prune-after\=345600 -fbuild-session-file\=/Users/aleks/Library/Developer/Xcode/DerivedData/ModuleCache.noindex/Session.modulevalidation -fmodules-validate-once-per-build-session -Wnon-modular-include-in-framework-module -Werror\=non-modular-include-in-framework-module -Wno-trigraphs -Wno-missing-field-initializers -Wno-missing-prototypes -Wno-return-type -Wno-implicit-atomic-properties -Wno-objc-interface-ivars -Wno-arc-repeated-use-of-weak -Wno-missing-braces -Wparentheses -Wswitch -Wno-unused-function -Wno-unused-label -Wno-unused-parameter -Wno-unused-variable -Wunused-value -Wno-empty-body -Wno-uninitialized -Wno-unknown-pragmas -w -Wno-shadow -Wno-four-char-constants -Wno-conversion -Wno-constant-conversion -Wno-int-conversion -Wno-bool-conversion -Wno-enum-conversion -Wno-float-conversion -Wno-non-literal-null-conversion -Wno-objc-literal-conversion -Wshorten-64-to-32 -Wpointer-sign -Wno-newline-eof -Wno-selector -Wno-strict-selector-match -Wno-undeclared-selector -Wno-deprecated-implementations -Wno-implicit-fallthrough -fstrict-aliasing -Wprotocol -Wdeprecated-declarations -Wno-sign-conversion -Wno-infinite-recursion -Wno-comma -Wno-block-capture-autoreleasing -Wno-strict-prototypes -Wno-semicolon-before-method-body -index-store-path /Users/aleks/Library/Developer/Xcode/DerivedData/PlanItApp-gkehojshtcbfvhersqwajfujohau/Index.noindex/DataStore @/Users/aleks/Library/Developer/Xcode/DerivedData/PlanItApp-gkehojshtcbfvhersqwajfujohau/Build/Intermediates.noindex/gRPC.build/Debug-iphonesimulator/opensslWrapper.build/Objects-normal/arm64/e6072d4f65d7061329687fe24e3d63a7-common-args.resp -include /Users/aleks/Library/Developer/Xcode/DerivedData/PlanItApp-gkehojshtcbfvhersqwajfujohau/Build/Intermediates.noindex/gRPC.build/Debug-iphonesimulator/opensslWrapper.build/DerivedSources/resource_bundle_accessor.h -MMD -MT dependencies -MF /Users/aleks/Library/Developer/Xcode/DerivedData/PlanItApp-gkehojshtcbfvhersqwajfujohau/Build/Intermediates.noindex/gRPC.build/Debug-iphonesimulator/opensslWrapper.build/Objects-normal/arm64/resource_bundle_accessor.d --serialize-diagnostics /Users/aleks/Library/Developer/Xcode/DerivedData/PlanItApp-gkehojshtcbfvhersqwajfujohau/Build/Intermediates.noindex/gRPC.build/Debug-iphonesimulator/opensslWrapper.build/Objects-normal/arm64/resource_bundle_accessor.dia -c /Users/aleks/Library/Developer/Xcode/DerivedData/PlanItApp-gkehojshtcbfvhersqwajfujohau/Build/Intermediates.noindex/gRPC.build/Debug-iphonesimulator/opensslWrapper.build/DerivedSources/resource_bundle_accessor.m -o /Users/aleks/Library/Developer/Xcode/DerivedData/PlanItApp-gkehojshtcbfvhersqwajfujohau/Build/Intermediates.noindex/gRPC.build/Debug-iphonesimulator/opensslWrapper.build/Objects-normal/arm64/resource_bundle_accessor.o -index-unit-output-path /gRPC.build/Debug-iphonesimulator/opensslWrapper.build/Objects-normal/arm64/resource_bundle_accessor.o

CodeSign /Users/aleks/Library/Developer/Xcode/DerivedData/PlanItApp-gkehojshtcbfvhersqwajfujohau/Build/Products/Debug-iphonesimulator/Firebase_FirebaseAuth.bundle (in target 'Firebase_FirebaseAuth' from project 'Firebase')
    cd /Users/aleks/Library/Developer/Xcode/DerivedData/PlanItApp-gkehojshtcbfvhersqwajfujohau/SourcePackages/checkouts/firebase-ios-sdk
    
    Signing Identity:     "Sign to Run Locally"
    
    /usr/bin/codesign --force --sign - --timestamp\=none --generate-entitlement-der /Users/aleks/Library/Developer/Xcode/DerivedData/PlanItApp-gkehojshtcbfvhersqwajfujohau/Build/Products/Debug-iphonesimulator/Firebase_FirebaseAuth.bundle

ScanDependencies /Users/aleks/Library/Developer/Xcode/DerivedData/PlanItApp-gkehojshtcbfvhersqwajfujohau/Build/Intermediates.noindex/Firebase.build/Debug-iphonesimulator/FirebaseFirestoreInternalWrapper.build/Objects-normal/arm64/dummy.o /Users/aleks/Library/Developer/Xcode/DerivedData/PlanItApp-gkehojshtcbfvhersqwajfujohau/SourcePackages/checkouts/firebase-ios-sdk/FirebaseFirestoreInternal/dummy.m normal arm64 objective-c com.apple.compilers.llvm.clang.1_0.compiler (in target 'FirebaseFirestoreInternalWrapper' from project 'Firebase')
    cd /Users/aleks/Desktop/PlanItApp/PlanItApp.xcodeproj
    
    Using response file: /Users/aleks/Library/Developer/Xcode/DerivedData/PlanItApp-gkehojshtcbfvhersqwajfujohau/Build/Intermediates.noindex/Firebase.build/Debug-iphonesimulator/FirebaseFirestoreInternalWrapper.build/Objects-normal/arm64/e6072d4f65d7061329687fe24e3d63a7-common-args.resp
    
    builtin-ScanDependencies -o /Users/aleks/Library/Developer/Xcode/DerivedData/PlanItApp-gkehojshtcbfvhersqwajfujohau/Build/Intermediates.noindex/Firebase.build/Debug-iphonesimulator/FirebaseFirestoreInternalWrapper.build/Objects-normal/arm64/dummy.o.scan -- /Applications/Xcode.app/Contents/Developer/Toolchains/XcodeDefault.xctoolchain/usr/bin/clang -x objective-c -ivfsstatcache /Users/aleks/Library/Developer/Xcode/DerivedData/SDKStatCaches.noindex/iphonesimulator18.5-22F76-d5fc8ad4295d2ef488fb7d0f804ce0c4.sdkstatcache -fmessage-length\=0 -fdiagnostics-show-note-include-stack -fmacro-backtrace-limit\=0 -fno-color-diagnostics -fmodules-prune-interval\=86400 -fmodules-prune-after\=345600 -fbuild-session-file\=/Users/aleks/Library/Developer/Xcode/DerivedData/ModuleCache.noindex/Session.modulevalidation -fmodules-validate-once-per-build-session -Wnon-modular-include-in-framework-module -Werror\=non-modular-include-in-framework-module -Wno-trigraphs -Wno-missing-field-initializers -Wno-missing-prototypes -Wno-return-type -Wno-implicit-atomic-properties -Wno-objc-interface-ivars -Wno-arc-repeated-use-of-weak -Wno-missing-braces -Wparentheses -Wswitch -Wno-unused-function -Wno-unused-label -Wno-unused-parameter -Wno-unused-variable -Wunused-value -Wno-empty-body -Wno-uninitialized -Wno-unknown-pragmas -w -Wno-shadow -Wno-four-char-constants -Wno-conversion -Wno-constant-conversion -Wno-int-conversion -Wno-bool-conversion -Wno-enum-conversion -Wno-float-conversion -Wno-non-literal-null-conversion -Wno-objc-literal-conversion -Wshorten-64-to-32 -Wpointer-sign -Wno-newline-eof -Wno-selector -Wno-strict-selector-match -Wno-undeclared-selector -Wno-deprecated-implementations -Wno-implicit-fallthrough -fstrict-aliasing -Wprotocol -Wdeprecated-declarations -Wno-sign-conversion -Wno-infinite-recursion -Wno-comma -Wno-block-capture-autoreleasing -Wno-strict-prototypes -Wno-semicolon-before-method-body -index-store-path /Users/aleks/Library/Developer/Xcode/DerivedData/PlanItApp-gkehojshtcbfvhersqwajfujohau/Index.noindex/DataStore @/Users/aleks/Library/Developer/Xcode/DerivedData/PlanItApp-gkehojshtcbfvhersqwajfujohau/Build/Intermediates.noindex/Firebase.build/Debug-iphonesimulator/FirebaseFirestoreInternalWrapper.build/Objects-normal/arm64/e6072d4f65d7061329687fe24e3d63a7-common-args.resp -MMD -MT dependencies -MF /Users/aleks/Library/Developer/Xcode/DerivedData/PlanItApp-gkehojshtcbfvhersqwajfujohau/Build/Intermediates.noindex/Firebase.build/Debug-iphonesimulator/FirebaseFirestoreInternalWrapper.build/Objects-normal/arm64/dummy.d --serialize-diagnostics /Users/aleks/Library/Developer/Xcode/DerivedData/PlanItApp-gkehojshtcbfvhersqwajfujohau/Build/Intermediates.noindex/Firebase.build/Debug-iphonesimulator/FirebaseFirestoreInternalWrapper.build/Objects-normal/arm64/dummy.dia -c /Users/aleks/Library/Developer/Xcode/DerivedData/PlanItApp-gkehojshtcbfvhersqwajfujohau/SourcePackages/checkouts/firebase-ios-sdk/FirebaseFirestoreInternal/dummy.m -o /Users/aleks/Library/Developer/Xcode/DerivedData/PlanItApp-gkehojshtcbfvhersqwajfujohau/Build/Intermediates.noindex/Firebase.build/Debug-iphonesimulator/FirebaseFirestoreInternalWrapper.build/Objects-normal/arm64/dummy.o -index-unit-output-path /Firebase.build/Debug-iphonesimulator/FirebaseFirestoreInternalWrapper.build/Objects-normal/arm64/dummy.o

CodeSign /Users/aleks/Library/Developer/Xcode/DerivedData/PlanItApp-gkehojshtcbfvhersqwajfujohau/Build/Products/Debug-iphonesimulator/AppAuth_AppAuthCore.bundle (in target 'AppAuth_AppAuthCore' from project 'AppAuth')
    cd /Users/aleks/Library/Developer/Xcode/DerivedData/PlanItApp-gkehojshtcbfvhersqwajfujohau/SourcePackages/checkouts/AppAuth-iOS
    
    Signing Identity:     "Sign to Run Locally"
    
    /usr/bin/codesign --force --sign - --timestamp\=none --generate-entitlement-der /Users/aleks/Library/Developer/Xcode/DerivedData/PlanItApp-gkehojshtcbfvhersqwajfujohau/Build/Products/Debug-iphonesimulator/AppAuth_AppAuthCore.bundle

CodeSign /Users/aleks/Library/Developer/Xcode/DerivedData/PlanItApp-gkehojshtcbfvhersqwajfujohau/Build/Products/Debug-iphonesimulator/AppAuth_AppAuth.bundle (in target 'AppAuth_AppAuth' from project 'AppAuth')
    cd /Users/aleks/Library/Developer/Xcode/DerivedData/PlanItApp-gkehojshtcbfvhersqwajfujohau/SourcePackages/checkouts/AppAuth-iOS
    
    Signing Identity:     "Sign to Run Locally"
    
    /usr/bin/codesign --force --sign - --timestamp\=none --generate-entitlement-der /Users/aleks/Library/Developer/Xcode/DerivedData/PlanItApp-gkehojshtcbfvhersqwajfujohau/Build/Products/Debug-iphonesimulator/AppAuth_AppAuth.bundle

RegisterExecutionPolicyException /Users/aleks/Library/Developer/Xcode/DerivedData/PlanItApp-gkehojshtcbfvhersqwajfujohau/Build/Products/Debug-iphonesimulator/third-party-IsAppEncrypted.o (in target 'third-party-IsAppEncrypted' from project 'GoogleUtilities')
    cd /Users/aleks/Library/Developer/Xcode/DerivedData/PlanItApp-gkehojshtcbfvhersqwajfujohau/SourcePackages/checkouts/GoogleUtilities
    builtin-RegisterExecutionPolicyException /Users/aleks/Library/Developer/Xcode/DerivedData/PlanItApp-gkehojshtcbfvhersqwajfujohau/Build/Products/Debug-iphonesimulator/third-party-IsAppEncrypted.o

RegisterExecutionPolicyException /Users/aleks/Library/Developer/Xcode/DerivedData/PlanItApp-gkehojshtcbfvhersqwajfujohau/Build/Products/Debug-iphonesimulator/RecaptchaInterop.o (in target 'RecaptchaInterop' from project 'InteropForGoogle')
    cd /Users/aleks/Library/Developer/Xcode/DerivedData/PlanItApp-gkehojshtcbfvhersqwajfujohau/SourcePackages/checkouts/interop-ios-for-google-sdks
    builtin-RegisterExecutionPolicyException /Users/aleks/Library/Developer/Xcode/DerivedData/PlanItApp-gkehojshtcbfvhersqwajfujohau/Build/Products/Debug-iphonesimulator/RecaptchaInterop.o

RegisterExecutionPolicyException /Users/aleks/Library/Developer/Xcode/DerivedData/PlanItApp-gkehojshtcbfvhersqwajfujohau/Build/Products/Debug-iphonesimulator/GoogleUtilities_GoogleUtilities-Reachability.bundle (in target 'GoogleUtilities_GoogleUtilities-Reachability' from project 'GoogleUtilities')
    cd /Users/aleks/Library/Developer/Xcode/DerivedData/PlanItApp-gkehojshtcbfvhersqwajfujohau/SourcePackages/checkouts/GoogleUtilities
    builtin-RegisterExecutionPolicyException /Users/aleks/Library/Developer/Xcode/DerivedData/PlanItApp-gkehojshtcbfvhersqwajfujohau/Build/Products/Debug-iphonesimulator/GoogleUtilities_GoogleUtilities-Reachability.bundle

RegisterExecutionPolicyException /Users/aleks/Library/Developer/Xcode/DerivedData/PlanItApp-gkehojshtcbfvhersqwajfujohau/Build/Products/Debug-iphonesimulator/GoogleUtilities_GoogleUtilities-Network.bundle (in target 'GoogleUtilities_GoogleUtilities-Network' from project 'GoogleUtilities')
    cd /Users/aleks/Library/Developer/Xcode/DerivedData/PlanItApp-gkehojshtcbfvhersqwajfujohau/SourcePackages/checkouts/GoogleUtilities
    builtin-RegisterExecutionPolicyException /Users/aleks/Library/Developer/Xcode/DerivedData/PlanItApp-gkehojshtcbfvhersqwajfujohau/Build/Products/Debug-iphonesimulator/GoogleUtilities_GoogleUtilities-Network.bundle

RegisterExecutionPolicyException /Users/aleks/Library/Developer/Xcode/DerivedData/PlanItApp-gkehojshtcbfvhersqwajfujohau/Build/Products/Debug-iphonesimulator/GoogleUtilities_GoogleUtilities-NSData.bundle (in target 'GoogleUtilities_GoogleUtilities-NSData' from project 'GoogleUtilities')
    cd /Users/aleks/Library/Developer/Xcode/DerivedData/PlanItApp-gkehojshtcbfvhersqwajfujohau/SourcePackages/checkouts/GoogleUtilities
    builtin-RegisterExecutionPolicyException /Users/aleks/Library/Developer/Xcode/DerivedData/PlanItApp-gkehojshtcbfvhersqwajfujohau/Build/Products/Debug-iphonesimulator/GoogleUtilities_GoogleUtilities-NSData.bundle

CompileC /Users/aleks/Library/Developer/Xcode/DerivedData/PlanItApp-gkehojshtcbfvhersqwajfujohau/Build/Intermediates.noindex/gRPC.build/Debug-iphonesimulator/opensslWrapper.build/Objects-normal/arm64/empty.o /Users/aleks/Library/Developer/Xcode/DerivedData/PlanItApp-gkehojshtcbfvhersqwajfujohau/SourcePackages/checkouts/grpc-binary/openssl-grpc-Wrapper/empty.m normal arm64 objective-c com.apple.compilers.llvm.clang.1_0.compiler (in target 'opensslWrapper' from project 'gRPC')
    cd /Users/aleks/Desktop/PlanItApp/PlanItApp.xcodeproj
    
    Using response file: /Users/aleks/Library/Developer/Xcode/DerivedData/PlanItApp-gkehojshtcbfvhersqwajfujohau/Build/Intermediates.noindex/gRPC.build/Debug-iphonesimulator/opensslWrapper.build/Objects-normal/arm64/e6072d4f65d7061329687fe24e3d63a7-common-args.resp
    
    /Applications/Xcode.app/Contents/Developer/Toolchains/XcodeDefault.xctoolchain/usr/bin/clang -x objective-c -ivfsstatcache /Users/aleks/Library/Developer/Xcode/DerivedData/SDKStatCaches.noindex/iphonesimulator18.5-22F76-d5fc8ad4295d2ef488fb7d0f804ce0c4.sdkstatcache -fmessage-length\=0 -fdiagnostics-show-note-include-stack -fmacro-backtrace-limit\=0 -fno-color-diagnostics -fmodules-prune-interval\=86400 -fmodules-prune-after\=345600 -fbuild-session-file\=/Users/aleks/Library/Developer/Xcode/DerivedData/ModuleCache.noindex/Session.modulevalidation -fmodules-validate-once-per-build-session -Wnon-modular-include-in-framework-module -Werror\=non-modular-include-in-framework-module -Wno-trigraphs -Wno-missing-field-initializers -Wno-missing-prototypes -Wno-return-type -Wno-implicit-atomic-properties -Wno-objc-interface-ivars -Wno-arc-repeated-use-of-weak -Wno-missing-braces -Wparentheses -Wswitch -Wno-unused-function -Wno-unused-label -Wno-unused-parameter -Wno-unused-variable -Wunused-value -Wno-empty-body -Wno-uninitialized -Wno-unknown-pragmas -w -Wno-shadow -Wno-four-char-constants -Wno-conversion -Wno-constant-conversion -Wno-int-conversion -Wno-bool-conversion -Wno-enum-conversion -Wno-float-conversion -Wno-non-literal-null-conversion -Wno-objc-literal-conversion -Wshorten-64-to-32 -Wpointer-sign -Wno-newline-eof -Wno-selector -Wno-strict-selector-match -Wno-undeclared-selector -Wno-deprecated-implementations -Wno-implicit-fallthrough -fstrict-aliasing -Wprotocol -Wdeprecated-declarations -Wno-sign-conversion -Wno-infinite-recursion -Wno-comma -Wno-block-capture-autoreleasing -Wno-strict-prototypes -Wno-semicolon-before-method-body -index-store-path /Users/aleks/Library/Developer/Xcode/DerivedData/PlanItApp-gkehojshtcbfvhersqwajfujohau/Index.noindex/DataStore @/Users/aleks/Library/Developer/Xcode/DerivedData/PlanItApp-gkehojshtcbfvhersqwajfujohau/Build/Intermediates.noindex/gRPC.build/Debug-iphonesimulator/opensslWrapper.build/Objects-normal/arm64/e6072d4f65d7061329687fe24e3d63a7-common-args.resp -include /Users/aleks/Library/Developer/Xcode/DerivedData/PlanItApp-gkehojshtcbfvhersqwajfujohau/Build/Intermediates.noindex/gRPC.build/Debug-iphonesimulator/opensslWrapper.build/DerivedSources/resource_bundle_accessor.h -MMD -MT dependencies -MF /Users/aleks/Library/Developer/Xcode/DerivedData/PlanItApp-gkehojshtcbfvhersqwajfujohau/Build/Intermediates.noindex/gRPC.build/Debug-iphonesimulator/opensslWrapper.build/Objects-normal/arm64/empty.d --serialize-diagnostics /Users/aleks/Library/Developer/Xcode/DerivedData/PlanItApp-gkehojshtcbfvhersqwajfujohau/Build/Intermediates.noindex/gRPC.build/Debug-iphonesimulator/opensslWrapper.build/Objects-normal/arm64/empty.dia -c /Users/aleks/Library/Developer/Xcode/DerivedData/PlanItApp-gkehojshtcbfvhersqwajfujohau/SourcePackages/checkouts/grpc-binary/openssl-grpc-Wrapper/empty.m -o /Users/aleks/Library/Developer/Xcode/DerivedData/PlanItApp-gkehojshtcbfvhersqwajfujohau/Build/Intermediates.noindex/gRPC.build/Debug-iphonesimulator/opensslWrapper.build/Objects-normal/arm64/empty.o -index-unit-output-path /gRPC.build/Debug-iphonesimulator/opensslWrapper.build/Objects-normal/arm64/empty.o

CompileC /Users/aleks/Library/Developer/Xcode/DerivedData/PlanItApp-gkehojshtcbfvhersqwajfujohau/Build/Intermediates.noindex/Firebase.build/Debug-iphonesimulator/FirebaseFirestoreInternalWrapper.build/Objects-normal/arm64/dummy.o /Users/aleks/Library/Developer/Xcode/DerivedData/PlanItApp-gkehojshtcbfvhersqwajfujohau/SourcePackages/checkouts/firebase-ios-sdk/FirebaseFirestoreInternal/dummy.m normal arm64 objective-c com.apple.compilers.llvm.clang.1_0.compiler (in target 'FirebaseFirestoreInternalWrapper' from project 'Firebase')
    cd /Users/aleks/Desktop/PlanItApp/PlanItApp.xcodeproj
    
    Using response file: /Users/aleks/Library/Developer/Xcode/DerivedData/PlanItApp-gkehojshtcbfvhersqwajfujohau/Build/Intermediates.noindex/Firebase.build/Debug-iphonesimulator/FirebaseFirestoreInternalWrapper.build/Objects-normal/arm64/e6072d4f65d7061329687fe24e3d63a7-common-args.resp
    
    /Applications/Xcode.app/Contents/Developer/Toolchains/XcodeDefault.xctoolchain/usr/bin/clang -x objective-c -ivfsstatcache /Users/aleks/Library/Developer/Xcode/DerivedData/SDKStatCaches.noindex/iphonesimulator18.5-22F76-d5fc8ad4295d2ef488fb7d0f804ce0c4.sdkstatcache -fmessage-length\=0 -fdiagnostics-show-note-include-stack -fmacro-backtrace-limit\=0 -fno-color-diagnostics -fmodules-prune-interval\=86400 -fmodules-prune-after\=345600 -fbuild-session-file\=/Users/aleks/Library/Developer/Xcode/DerivedData/ModuleCache.noindex/Session.modulevalidation -fmodules-validate-once-per-build-session -Wnon-modular-include-in-framework-module -Werror\=non-modular-include-in-framework-module -Wno-trigraphs -Wno-missing-field-initializers -Wno-missing-prototypes -Wno-return-type -Wno-implicit-atomic-properties -Wno-objc-interface-ivars -Wno-arc-repeated-use-of-weak -Wno-missing-braces -Wparentheses -Wswitch -Wno-unused-function -Wno-unused-label -Wno-unused-parameter -Wno-unused-variable -Wunused-value -Wno-empty-body -Wno-uninitialized -Wno-unknown-pragmas -w -Wno-shadow -Wno-four-char-constants -Wno-conversion -Wno-constant-conversion -Wno-int-conversion -Wno-bool-conversion -Wno-enum-conversion -Wno-float-conversion -Wno-non-literal-null-conversion -Wno-objc-literal-conversion -Wshorten-64-to-32 -Wpointer-sign -Wno-newline-eof -Wno-selector -Wno-strict-selector-match -Wno-undeclared-selector -Wno-deprecated-implementations -Wno-implicit-fallthrough -fstrict-aliasing -Wprotocol -Wdeprecated-declarations -Wno-sign-conversion -Wno-infinite-recursion -Wno-comma -Wno-block-capture-autoreleasing -Wno-strict-prototypes -Wno-semicolon-before-method-body -index-store-path /Users/aleks/Library/Developer/Xcode/DerivedData/PlanItApp-gkehojshtcbfvhersqwajfujohau/Index.noindex/DataStore @/Users/aleks/Library/Developer/Xcode/DerivedData/PlanItApp-gkehojshtcbfvhersqwajfujohau/Build/Intermediates.noindex/Firebase.build/Debug-iphonesimulator/FirebaseFirestoreInternalWrapper.build/Objects-normal/arm64/e6072d4f65d7061329687fe24e3d63a7-common-args.resp -MMD -MT dependencies -MF /Users/aleks/Library/Developer/Xcode/DerivedData/PlanItApp-gkehojshtcbfvhersqwajfujohau/Build/Intermediates.noindex/Firebase.build/Debug-iphonesimulator/FirebaseFirestoreInternalWrapper.build/Objects-normal/arm64/dummy.d --serialize-diagnostics /Users/aleks/Library/Developer/Xcode/DerivedData/PlanItApp-gkehojshtcbfvhersqwajfujohau/Build/Intermediates.noindex/Firebase.build/Debug-iphonesimulator/FirebaseFirestoreInternalWrapper.build/Objects-normal/arm64/dummy.dia -c /Users/aleks/Library/Developer/Xcode/DerivedData/PlanItApp-gkehojshtcbfvhersqwajfujohau/SourcePackages/checkouts/firebase-ios-sdk/FirebaseFirestoreInternal/dummy.m -o /Users/aleks/Library/Developer/Xcode/DerivedData/PlanItApp-gkehojshtcbfvhersqwajfujohau/Build/Intermediates.noindex/Firebase.build/Debug-iphonesimulator/FirebaseFirestoreInternalWrapper.build/Objects-normal/arm64/dummy.o -index-unit-output-path /Firebase.build/Debug-iphonesimulator/FirebaseFirestoreInternalWrapper.build/Objects-normal/arm64/dummy.o

Touch /Users/aleks/Library/Developer/Xcode/DerivedData/PlanItApp-gkehojshtcbfvhersqwajfujohau/Build/Products/Debug-iphonesimulator/nanopb_nanopb.bundle (in target 'nanopb_nanopb' from project 'nanopb')
    cd /Users/aleks/Library/Developer/Xcode/DerivedData/PlanItApp-gkehojshtcbfvhersqwajfujohau/SourcePackages/checkouts/nanopb
    /usr/bin/touch -c /Users/aleks/Library/Developer/Xcode/DerivedData/PlanItApp-gkehojshtcbfvhersqwajfujohau/Build/Products/Debug-iphonesimulator/nanopb_nanopb.bundle

Touch /Users/aleks/Library/Developer/Xcode/DerivedData/PlanItApp-gkehojshtcbfvhersqwajfujohau/Build/Products/Debug-iphonesimulator/leveldb_leveldb.bundle (in target 'leveldb_leveldb' from project 'leveldb')
    cd /Users/aleks/Library/Developer/Xcode/DerivedData/PlanItApp-gkehojshtcbfvhersqwajfujohau/SourcePackages/checkouts/leveldb
    /usr/bin/touch -c /Users/aleks/Library/Developer/Xcode/DerivedData/PlanItApp-gkehojshtcbfvhersqwajfujohau/Build/Products/Debug-iphonesimulator/leveldb_leveldb.bundle

Touch /Users/aleks/Library/Developer/Xcode/DerivedData/PlanItApp-gkehojshtcbfvhersqwajfujohau/Build/Products/Debug-iphonesimulator/gRPC_opensslWrapper.bundle (in target 'gRPC_opensslWrapper' from project 'gRPC')
    cd /Users/aleks/Library/Developer/Xcode/DerivedData/PlanItApp-gkehojshtcbfvhersqwajfujohau/SourcePackages/checkouts/grpc-binary
    /usr/bin/touch -c /Users/aleks/Library/Developer/Xcode/DerivedData/PlanItApp-gkehojshtcbfvhersqwajfujohau/Build/Products/Debug-iphonesimulator/gRPC_opensslWrapper.bundle

Touch /Users/aleks/Library/Developer/Xcode/DerivedData/PlanItApp-gkehojshtcbfvhersqwajfujohau/Build/Products/Debug-iphonesimulator/gRPC_grpcppWrapper.bundle (in target 'gRPC_grpcppWrapper' from project 'gRPC')
    cd /Users/aleks/Library/Developer/Xcode/DerivedData/PlanItApp-gkehojshtcbfvhersqwajfujohau/SourcePackages/checkouts/grpc-binary
    /usr/bin/touch -c /Users/aleks/Library/Developer/Xcode/DerivedData/PlanItApp-gkehojshtcbfvhersqwajfujohau/Build/Products/Debug-iphonesimulator/gRPC_grpcppWrapper.bundle

Touch /Users/aleks/Library/Developer/Xcode/DerivedData/PlanItApp-gkehojshtcbfvhersqwajfujohau/Build/Products/Debug-iphonesimulator/gRPC_grpcWrapper.bundle (in target 'gRPC_grpcWrapper' from project 'gRPC')
    cd /Users/aleks/Library/Developer/Xcode/DerivedData/PlanItApp-gkehojshtcbfvhersqwajfujohau/SourcePackages/checkouts/grpc-binary
    /usr/bin/touch -c /Users/aleks/Library/Developer/Xcode/DerivedData/PlanItApp-gkehojshtcbfvhersqwajfujohau/Build/Products/Debug-iphonesimulator/gRPC_grpcWrapper.bundle

ScanDependencies /Users/aleks/Library/Developer/Xcode/DerivedData/PlanItApp-gkehojshtcbfvhersqwajfujohau/Build/Intermediates.noindex/abseil.build/Debug-iphonesimulator/abslWrapper.build/Objects-normal/arm64/resource_bundle_accessor.o /Users/aleks/Library/Developer/Xcode/DerivedData/PlanItApp-gkehojshtcbfvhersqwajfujohau/Build/Intermediates.noindex/abseil.build/Debug-iphonesimulator/abslWrapper.build/DerivedSources/resource_bundle_accessor.m normal arm64 objective-c com.apple.compilers.llvm.clang.1_0.compiler (in target 'abslWrapper' from project 'abseil')
    cd /Users/aleks/Desktop/PlanItApp/PlanItApp.xcodeproj
    
    Using response file: /Users/aleks/Library/Developer/Xcode/DerivedData/PlanItApp-gkehojshtcbfvhersqwajfujohau/Build/Intermediates.noindex/abseil.build/Debug-iphonesimulator/abslWrapper.build/Objects-normal/arm64/e6072d4f65d7061329687fe24e3d63a7-common-args.resp
    
    builtin-ScanDependencies -o /Users/aleks/Library/Developer/Xcode/DerivedData/PlanItApp-gkehojshtcbfvhersqwajfujohau/Build/Intermediates.noindex/abseil.build/Debug-iphonesimulator/abslWrapper.build/Objects-normal/arm64/resource_bundle_accessor.o.scan -- /Applications/Xcode.app/Contents/Developer/Toolchains/XcodeDefault.xctoolchain/usr/bin/clang -x objective-c -ivfsstatcache /Users/aleks/Library/Developer/Xcode/DerivedData/SDKStatCaches.noindex/iphonesimulator18.5-22F76-d5fc8ad4295d2ef488fb7d0f804ce0c4.sdkstatcache -fmessage-length\=0 -fdiagnostics-show-note-include-stack -fmacro-backtrace-limit\=0 -fno-color-diagnostics -fmodules-prune-interval\=86400 -fmodules-prune-after\=345600 -fbuild-session-file\=/Users/aleks/Library/Developer/Xcode/DerivedData/ModuleCache.noindex/Session.modulevalidation -fmodules-validate-once-per-build-session -Wnon-modular-include-in-framework-module -Werror\=non-modular-include-in-framework-module -Wno-trigraphs -Wno-missing-field-initializers -Wno-missing-prototypes -Wno-return-type -Wno-implicit-atomic-properties -Wno-objc-interface-ivars -Wno-arc-repeated-use-of-weak -Wno-missing-braces -Wparentheses -Wswitch -Wno-unused-function -Wno-unused-label -Wno-unused-parameter -Wno-unused-variable -Wunused-value -Wno-empty-body -Wno-uninitialized -Wno-unknown-pragmas -w -Wno-shadow -Wno-four-char-constants -Wno-conversion -Wno-constant-conversion -Wno-int-conversion -Wno-bool-conversion -Wno-enum-conversion -Wno-float-conversion -Wno-non-literal-null-conversion -Wno-objc-literal-conversion -Wshorten-64-to-32 -Wpointer-sign -Wno-newline-eof -Wno-selector -Wno-strict-selector-match -Wno-undeclared-selector -Wno-deprecated-implementations -Wno-implicit-fallthrough -fstrict-aliasing -Wprotocol -Wdeprecated-declarations -Wno-sign-conversion -Wno-infinite-recursion -Wno-comma -Wno-block-capture-autoreleasing -Wno-strict-prototypes -Wno-semicolon-before-method-body -index-store-path /Users/aleks/Library/Developer/Xcode/DerivedData/PlanItApp-gkehojshtcbfvhersqwajfujohau/Index.noindex/DataStore @/Users/aleks/Library/Developer/Xcode/DerivedData/PlanItApp-gkehojshtcbfvhersqwajfujohau/Build/Intermediates.noindex/abseil.build/Debug-iphonesimulator/abslWrapper.build/Objects-normal/arm64/e6072d4f65d7061329687fe24e3d63a7-common-args.resp -include /Users/aleks/Library/Developer/Xcode/DerivedData/PlanItApp-gkehojshtcbfvhersqwajfujohau/Build/Intermediates.noindex/abseil.build/Debug-iphonesimulator/abslWrapper.build/DerivedSources/resource_bundle_accessor.h -MMD -MT dependencies -MF /Users/aleks/Library/Developer/Xcode/DerivedData/PlanItApp-gkehojshtcbfvhersqwajfujohau/Build/Intermediates.noindex/abseil.build/Debug-iphonesimulator/abslWrapper.build/Objects-normal/arm64/resource_bundle_accessor.d --serialize-diagnostics /Users/aleks/Library/Developer/Xcode/DerivedData/PlanItApp-gkehojshtcbfvhersqwajfujohau/Build/Intermediates.noindex/abseil.build/Debug-iphonesimulator/abslWrapper.build/Objects-normal/arm64/resource_bundle_accessor.dia -c /Users/aleks/Library/Developer/Xcode/DerivedData/PlanItApp-gkehojshtcbfvhersqwajfujohau/Build/Intermediates.noindex/abseil.build/Debug-iphonesimulator/abslWrapper.build/DerivedSources/resource_bundle_accessor.m -o /Users/aleks/Library/Developer/Xcode/DerivedData/PlanItApp-gkehojshtcbfvhersqwajfujohau/Build/Intermediates.noindex/abseil.build/Debug-iphonesimulator/abslWrapper.build/Objects-normal/arm64/resource_bundle_accessor.o -index-unit-output-path /abseil.build/Debug-iphonesimulator/abslWrapper.build/Objects-normal/arm64/resource_bundle_accessor.o

ScanDependencies /Users/aleks/Library/Developer/Xcode/DerivedData/PlanItApp-gkehojshtcbfvhersqwajfujohau/Build/Intermediates.noindex/abseil.build/Debug-iphonesimulator/abslWrapper.build/Objects-normal/arm64/empty.o /Users/aleks/Library/Developer/Xcode/DerivedData/PlanItApp-gkehojshtcbfvhersqwajfujohau/SourcePackages/checkouts/abseil-cpp-binary/absl-Wrapper/empty.m normal arm64 objective-c com.apple.compilers.llvm.clang.1_0.compiler (in target 'abslWrapper' from project 'abseil')
    cd /Users/aleks/Desktop/PlanItApp/PlanItApp.xcodeproj
    
    Using response file: /Users/aleks/Library/Developer/Xcode/DerivedData/PlanItApp-gkehojshtcbfvhersqwajfujohau/Build/Intermediates.noindex/abseil.build/Debug-iphonesimulator/abslWrapper.build/Objects-normal/arm64/e6072d4f65d7061329687fe24e3d63a7-common-args.resp
    
    builtin-ScanDependencies -o /Users/aleks/Library/Developer/Xcode/DerivedData/PlanItApp-gkehojshtcbfvhersqwajfujohau/Build/Intermediates.noindex/abseil.build/Debug-iphonesimulator/abslWrapper.build/Objects-normal/arm64/empty.o.scan -- /Applications/Xcode.app/Contents/Developer/Toolchains/XcodeDefault.xctoolchain/usr/bin/clang -x objective-c -ivfsstatcache /Users/aleks/Library/Developer/Xcode/DerivedData/SDKStatCaches.noindex/iphonesimulator18.5-22F76-d5fc8ad4295d2ef488fb7d0f804ce0c4.sdkstatcache -fmessage-length\=0 -fdiagnostics-show-note-include-stack -fmacro-backtrace-limit\=0 -fno-color-diagnostics -fmodules-prune-interval\=86400 -fmodules-prune-after\=345600 -fbuild-session-file\=/Users/aleks/Library/Developer/Xcode/DerivedData/ModuleCache.noindex/Session.modulevalidation -fmodules-validate-once-per-build-session -Wnon-modular-include-in-framework-module -Werror\=non-modular-include-in-framework-module -Wno-trigraphs -Wno-missing-field-initializers -Wno-missing-prototypes -Wno-return-type -Wno-implicit-atomic-properties -Wno-objc-interface-ivars -Wno-arc-repeated-use-of-weak -Wno-missing-braces -Wparentheses -Wswitch -Wno-unused-function -Wno-unused-label -Wno-unused-parameter -Wno-unused-variable -Wunused-value -Wno-empty-body -Wno-uninitialized -Wno-unknown-pragmas -w -Wno-shadow -Wno-four-char-constants -Wno-conversion -Wno-constant-conversion -Wno-int-conversion -Wno-bool-conversion -Wno-enum-conversion -Wno-float-conversion -Wno-non-literal-null-conversion -Wno-objc-literal-conversion -Wshorten-64-to-32 -Wpointer-sign -Wno-newline-eof -Wno-selector -Wno-strict-selector-match -Wno-undeclared-selector -Wno-deprecated-implementations -Wno-implicit-fallthrough -fstrict-aliasing -Wprotocol -Wdeprecated-declarations -Wno-sign-conversion -Wno-infinite-recursion -Wno-comma -Wno-block-capture-autoreleasing -Wno-strict-prototypes -Wno-semicolon-before-method-body -index-store-path /Users/aleks/Library/Developer/Xcode/DerivedData/PlanItApp-gkehojshtcbfvhersqwajfujohau/Index.noindex/DataStore @/Users/aleks/Library/Developer/Xcode/DerivedData/PlanItApp-gkehojshtcbfvhersqwajfujohau/Build/Intermediates.noindex/abseil.build/Debug-iphonesimulator/abslWrapper.build/Objects-normal/arm64/e6072d4f65d7061329687fe24e3d63a7-common-args.resp -include /Users/aleks/Library/Developer/Xcode/DerivedData/PlanItApp-gkehojshtcbfvhersqwajfujohau/Build/Intermediates.noindex/abseil.build/Debug-iphonesimulator/abslWrapper.build/DerivedSources/resource_bundle_accessor.h -MMD -MT dependencies -MF /Users/aleks/Library/Developer/Xcode/DerivedData/PlanItApp-gkehojshtcbfvhersqwajfujohau/Build/Intermediates.noindex/abseil.build/Debug-iphonesimulator/abslWrapper.build/Objects-normal/arm64/empty.d --serialize-diagnostics /Users/aleks/Library/Developer/Xcode/DerivedData/PlanItApp-gkehojshtcbfvhersqwajfujohau/Build/Intermediates.noindex/abseil.build/Debug-iphonesimulator/abslWrapper.build/Objects-normal/arm64/empty.dia -c /Users/aleks/Library/Developer/Xcode/DerivedData/PlanItApp-gkehojshtcbfvhersqwajfujohau/SourcePackages/checkouts/abseil-cpp-binary/absl-Wrapper/empty.m -o /Users/aleks/Library/Developer/Xcode/DerivedData/PlanItApp-gkehojshtcbfvhersqwajfujohau/Build/Intermediates.noindex/abseil.build/Debug-iphonesimulator/abslWrapper.build/Objects-normal/arm64/empty.o -index-unit-output-path /abseil.build/Debug-iphonesimulator/abslWrapper.build/Objects-normal/arm64/empty.o

Touch /Users/aleks/Library/Developer/Xcode/DerivedData/PlanItApp-gkehojshtcbfvhersqwajfujohau/Build/Products/Debug-iphonesimulator/abseil_abslWrapper.bundle (in target 'abseil_abslWrapper' from project 'abseil')
    cd /Users/aleks/Library/Developer/Xcode/DerivedData/PlanItApp-gkehojshtcbfvhersqwajfujohau/SourcePackages/checkouts/abseil-cpp-binary
    /usr/bin/touch -c /Users/aleks/Library/Developer/Xcode/DerivedData/PlanItApp-gkehojshtcbfvhersqwajfujohau/Build/Products/Debug-iphonesimulator/abseil_abslWrapper.bundle

Ld /Users/aleks/Library/Developer/Xcode/DerivedData/PlanItApp-gkehojshtcbfvhersqwajfujohau/Build/Products/Debug-iphonesimulator/FirebaseFirestoreInternalWrapper.o normal (in target 'FirebaseFirestoreInternalWrapper' from project 'Firebase')
    cd /Users/aleks/Library/Developer/Xcode/DerivedData/PlanItApp-gkehojshtcbfvhersqwajfujohau/SourcePackages/checkouts/firebase-ios-sdk
    /Applications/Xcode.app/Contents/Developer/Toolchains/XcodeDefault.xctoolchain/usr/bin/clang -Xlinker -reproducible -target arm64-apple-ios12.0-simulator -r -isysroot /Applications/Xcode.app/Contents/Developer/Platforms/iPhoneSimulator.platform/Developer/SDKs/iPhoneSimulator18.5.sdk -O0 -w -L/Users/aleks/Library/Developer/Xcode/DerivedData/PlanItApp-gkehojshtcbfvhersqwajfujohau/Build/Intermediates.noindex/EagerLinkingTBDs/Debug-iphonesimulator -L/Users/aleks/Library/Developer/Xcode/DerivedData/PlanItApp-gkehojshtcbfvhersqwajfujohau/Build/Products/Debug-iphonesimulator -L/Applications/Xcode.app/Contents/Developer/Platforms/iPhoneSimulator.platform/Developer/usr/lib -F/Users/aleks/Library/Developer/Xcode/DerivedData/PlanItApp-gkehojshtcbfvhersqwajfujohau/Build/Intermediates.noindex/EagerLinkingTBDs/Debug-iphonesimulator -F/Users/aleks/Library/Developer/Xcode/DerivedData/PlanItApp-gkehojshtcbfvhersqwajfujohau/Build/Products/Debug-iphonesimulator -iframework /Applications/Xcode.app/Contents/Developer/Platforms/iPhoneSimulator.platform/Developer/Library/Frameworks -iframework /Applications/Xcode.app/Contents/Developer/Platforms/iPhoneSimulator.platform/Developer/SDKs/iPhoneSimulator18.5.sdk/Developer/Library/Frameworks -filelist /Users/aleks/Library/Developer/Xcode/DerivedData/PlanItApp-gkehojshtcbfvhersqwajfujohau/Build/Intermediates.noindex/Firebase.build/Debug-iphonesimulator/FirebaseFirestoreInternalWrapper.build/Objects-normal/arm64/FirebaseFirestoreInternalWrapper.LinkFileList -nostdlib -Xlinker -object_path_lto -Xlinker /Users/aleks/Library/Developer/Xcode/DerivedData/PlanItApp-gkehojshtcbfvhersqwajfujohau/Build/Intermediates.noindex/Firebase.build/Debug-iphonesimulator/FirebaseFirestoreInternalWrapper.build/Objects-normal/arm64/FirebaseFirestoreInternalWrapper_lto.o -rdynamic -Xlinker -no_deduplicate -Xlinker -objc_abi_version -Xlinker 2 -Xlinker -debug_variant -Xlinker -dependency_info -Xlinker /Users/aleks/Library/Developer/Xcode/DerivedData/PlanItApp-gkehojshtcbfvhersqwajfujohau/Build/Intermediates.noindex/Firebase.build/Debug-iphonesimulator/FirebaseFirestoreInternalWrapper.build/Objects-normal/arm64/FirebaseFirestoreInternalWrapper_dependency_info.dat -fobjc-arc -fobjc-link-runtime -o /Users/aleks/Library/Developer/Xcode/DerivedData/PlanItApp-gkehojshtcbfvhersqwajfujohau/Build/Products/Debug-iphonesimulator/FirebaseFirestoreInternalWrapper.o

Touch /Users/aleks/Library/Developer/Xcode/DerivedData/PlanItApp-gkehojshtcbfvhersqwajfujohau/Build/Products/Debug-iphonesimulator/Promises_FBLPromises.bundle (in target 'Promises_FBLPromises' from project 'Promises')
    cd /Users/aleks/Library/Developer/Xcode/DerivedData/PlanItApp-gkehojshtcbfvhersqwajfujohau/SourcePackages/checkouts/promises
    /usr/bin/touch -c /Users/aleks/Library/Developer/Xcode/DerivedData/PlanItApp-gkehojshtcbfvhersqwajfujohau/Build/Products/Debug-iphonesimulator/Promises_FBLPromises.bundle

Touch /Users/aleks/Library/Developer/Xcode/DerivedData/PlanItApp-gkehojshtcbfvhersqwajfujohau/Build/Products/Debug-iphonesimulator/GoogleUtilities_GoogleUtilities-UserDefaults.bundle (in target 'GoogleUtilities_GoogleUtilities-UserDefaults' from project 'GoogleUtilities')
    cd /Users/aleks/Library/Developer/Xcode/DerivedData/PlanItApp-gkehojshtcbfvhersqwajfujohau/SourcePackages/checkouts/GoogleUtilities
    /usr/bin/touch -c /Users/aleks/Library/Developer/Xcode/DerivedData/PlanItApp-gkehojshtcbfvhersqwajfujohau/Build/Products/Debug-iphonesimulator/GoogleUtilities_GoogleUtilities-UserDefaults.bundle

RegisterExecutionPolicyException /Users/aleks/Library/Developer/Xcode/DerivedData/PlanItApp-gkehojshtcbfvhersqwajfujohau/Build/Products/Debug-iphonesimulator/GoogleUtilities_GoogleUtilities-Logger.bundle (in target 'GoogleUtilities_GoogleUtilities-Logger' from project 'GoogleUtilities')
    cd /Users/aleks/Library/Developer/Xcode/DerivedData/PlanItApp-gkehojshtcbfvhersqwajfujohau/SourcePackages/checkouts/GoogleUtilities
    builtin-RegisterExecutionPolicyException /Users/aleks/Library/Developer/Xcode/DerivedData/PlanItApp-gkehojshtcbfvhersqwajfujohau/Build/Products/Debug-iphonesimulator/GoogleUtilities_GoogleUtilities-Logger.bundle

RegisterExecutionPolicyException /Users/aleks/Library/Developer/Xcode/DerivedData/PlanItApp-gkehojshtcbfvhersqwajfujohau/Build/Products/Debug-iphonesimulator/GoogleUtilities_GoogleUtilities-Environment.bundle (in target 'GoogleUtilities_GoogleUtilities-Environment' from project 'GoogleUtilities')
    cd /Users/aleks/Library/Developer/Xcode/DerivedData/PlanItApp-gkehojshtcbfvhersqwajfujohau/SourcePackages/checkouts/GoogleUtilities
    builtin-RegisterExecutionPolicyException /Users/aleks/Library/Developer/Xcode/DerivedData/PlanItApp-gkehojshtcbfvhersqwajfujohau/Build/Products/Debug-iphonesimulator/GoogleUtilities_GoogleUtilities-Environment.bundle

RegisterExecutionPolicyException /Users/aleks/Library/Developer/Xcode/DerivedData/PlanItApp-gkehojshtcbfvhersqwajfujohau/Build/Products/Debug-iphonesimulator/GoogleUtilities_GoogleUtilities-AppDelegateSwizzler.bundle (in target 'GoogleUtilities_GoogleUtilities-AppDelegateSwizzler' from project 'GoogleUtilities')
    cd /Users/aleks/Library/Developer/Xcode/DerivedData/PlanItApp-gkehojshtcbfvhersqwajfujohau/SourcePackages/checkouts/GoogleUtilities
    builtin-RegisterExecutionPolicyException /Users/aleks/Library/Developer/Xcode/DerivedData/PlanItApp-gkehojshtcbfvhersqwajfujohau/Build/Products/Debug-iphonesimulator/GoogleUtilities_GoogleUtilities-AppDelegateSwizzler.bundle

RegisterExecutionPolicyException /Users/aleks/Library/Developer/Xcode/DerivedData/PlanItApp-gkehojshtcbfvhersqwajfujohau/Build/Products/Debug-iphonesimulator/GoogleSignIn_GoogleSignIn.bundle (in target 'GoogleSignIn_GoogleSignIn' from project 'GoogleSignIn')
    cd /Users/aleks/Library/Developer/Xcode/DerivedData/PlanItApp-gkehojshtcbfvhersqwajfujohau/SourcePackages/checkouts/GoogleSignIn-iOS
    builtin-RegisterExecutionPolicyException /Users/aleks/Library/Developer/Xcode/DerivedData/PlanItApp-gkehojshtcbfvhersqwajfujohau/Build/Products/Debug-iphonesimulator/GoogleSignIn_GoogleSignIn.bundle

RegisterExecutionPolicyException /Users/aleks/Library/Developer/Xcode/DerivedData/PlanItApp-gkehojshtcbfvhersqwajfujohau/Build/Products/Debug-iphonesimulator/GTMSessionFetcher_GTMSessionFetcherCore.bundle (in target 'GTMSessionFetcher_GTMSessionFetcherCore' from project 'GTMSessionFetcher')
    cd /Users/aleks/Library/Developer/Xcode/DerivedData/PlanItApp-gkehojshtcbfvhersqwajfujohau/SourcePackages/checkouts/gtm-session-fetcher
    builtin-RegisterExecutionPolicyException /Users/aleks/Library/Developer/Xcode/DerivedData/PlanItApp-gkehojshtcbfvhersqwajfujohau/Build/Products/Debug-iphonesimulator/GTMSessionFetcher_GTMSessionFetcherCore.bundle

ExtractAppIntentsMetadata (in target 'FirebaseSharedSwift' from project 'Firebase')
    cd /Users/aleks/Library/Developer/Xcode/DerivedData/PlanItApp-gkehojshtcbfvhersqwajfujohau/SourcePackages/checkouts/firebase-ios-sdk
    /Applications/Xcode.app/Contents/Developer/Toolchains/XcodeDefault.xctoolchain/usr/bin/appintentsmetadataprocessor --toolchain-dir /Applications/Xcode.app/Contents/Developer/Toolchains/XcodeDefault.xctoolchain --module-name FirebaseSharedSwift --sdk-root /Applications/Xcode.app/Contents/Developer/Platforms/iPhoneSimulator.platform/Developer/SDKs/iPhoneSimulator18.5.sdk --xcode-version 16F6 --platform-family iOS --deployment-target 12.0 --bundle-identifier firebase-ios-sdk.FirebaseSharedSwift --output /Users/aleks/Library/Developer/Xcode/DerivedData/PlanItApp-gkehojshtcbfvhersqwajfujohau/Build/Products/Debug-iphonesimulator/FirebaseSharedSwift.appintents --target-triple arm64-apple-ios12.0-simulator --binary-file /Users/aleks/Library/Developer/Xcode/DerivedData/PlanItApp-gkehojshtcbfvhersqwajfujohau/Build/Products/Debug-iphonesimulator/FirebaseSharedSwift.o --dependency-file /Users/aleks/Library/Developer/Xcode/DerivedData/PlanItApp-gkehojshtcbfvhersqwajfujohau/Build/Intermediates.noindex/Firebase.build/Debug-iphonesimulator/FirebaseSharedSwift.build/Objects-normal/arm64/FirebaseSharedSwift_dependency_info.dat --stringsdata-file /Users/aleks/Library/Developer/Xcode/DerivedData/PlanItApp-gkehojshtcbfvhersqwajfujohau/Build/Intermediates.noindex/Firebase.build/Debug-iphonesimulator/FirebaseSharedSwift.build/Objects-normal/arm64/ExtractedAppShortcutsMetadata.stringsdata --source-file-list /Users/aleks/Library/Developer/Xcode/DerivedData/PlanItApp-gkehojshtcbfvhersqwajfujohau/Build/Intermediates.noindex/Firebase.build/Debug-iphonesimulator/FirebaseSharedSwift.build/Objects-normal/arm64/FirebaseSharedSwift.SwiftFileList --metadata-file-list /Users/aleks/Library/Developer/Xcode/DerivedData/PlanItApp-gkehojshtcbfvhersqwajfujohau/Build/Intermediates.noindex/Firebase.build/Debug-iphonesimulator/FirebaseSharedSwift.build/FirebaseSharedSwift.DependencyMetadataFileList --static-metadata-file-list /Users/aleks/Library/Developer/Xcode/DerivedData/PlanItApp-gkehojshtcbfvhersqwajfujohau/Build/Intermediates.noindex/Firebase.build/Debug-iphonesimulator/FirebaseSharedSwift.build/FirebaseSharedSwift.DependencyStaticMetadataFileList --swift-const-vals-list /Users/aleks/Library/Developer/Xcode/DerivedData/PlanItApp-gkehojshtcbfvhersqwajfujohau/Build/Intermediates.noindex/Firebase.build/Debug-iphonesimulator/FirebaseSharedSwift.build/Objects-normal/arm64/FirebaseSharedSwift.SwiftConstValuesFileList --force --compile-time-extraction --deployment-aware-processing --validate-assistant-intents --no-app-shortcuts-localization
2025-06-27 19:17:26.749 appintentsmetadataprocessor[91868:2767247] Starting appintentsmetadataprocessor export
2025-06-27 19:17:26.791 appintentsmetadataprocessor[91868:2767247] Extracted no relevant App Intents symbols, skipping writing output

RegisterExecutionPolicyException /Users/aleks/Library/Developer/Xcode/DerivedData/PlanItApp-gkehojshtcbfvhersqwajfujohau/Build/Products/Debug-iphonesimulator/FirebaseAuthInterop.o (in target 'FirebaseAuthInterop' from project 'Firebase')
    cd /Users/aleks/Library/Developer/Xcode/DerivedData/PlanItApp-gkehojshtcbfvhersqwajfujohau/SourcePackages/checkouts/firebase-ios-sdk
    builtin-RegisterExecutionPolicyException /Users/aleks/Library/Developer/Xcode/DerivedData/PlanItApp-gkehojshtcbfvhersqwajfujohau/Build/Products/Debug-iphonesimulator/FirebaseAuthInterop.o

RegisterExecutionPolicyException /Users/aleks/Library/Developer/Xcode/DerivedData/PlanItApp-gkehojshtcbfvhersqwajfujohau/Build/Products/Debug-iphonesimulator/FirebaseAppCheckInterop.o (in target 'FirebaseAppCheckInterop' from project 'Firebase')
    cd /Users/aleks/Library/Developer/Xcode/DerivedData/PlanItApp-gkehojshtcbfvhersqwajfujohau/SourcePackages/checkouts/firebase-ios-sdk
    builtin-RegisterExecutionPolicyException /Users/aleks/Library/Developer/Xcode/DerivedData/PlanItApp-gkehojshtcbfvhersqwajfujohau/Build/Products/Debug-iphonesimulator/FirebaseAppCheckInterop.o

RegisterExecutionPolicyException /Users/aleks/Library/Developer/Xcode/DerivedData/PlanItApp-gkehojshtcbfvhersqwajfujohau/Build/Products/Debug-iphonesimulator/Firebase.o (in target 'Firebase' from project 'Firebase')
    cd /Users/aleks/Library/Developer/Xcode/DerivedData/PlanItApp-gkehojshtcbfvhersqwajfujohau/SourcePackages/checkouts/firebase-ios-sdk
    builtin-RegisterExecutionPolicyException /Users/aleks/Library/Developer/Xcode/DerivedData/PlanItApp-gkehojshtcbfvhersqwajfujohau/Build/Products/Debug-iphonesimulator/Firebase.o

SwiftDriver FirebaseAuth normal arm64 com.apple.xcode.tools.swift.compiler (in target 'FirebaseAuth' from project 'Firebase')
    cd /Users/aleks/Desktop/PlanItApp/PlanItApp.xcodeproj
    builtin-SwiftDriver -- /Applications/Xcode.app/Contents/Developer/Toolchains/XcodeDefault.xctoolchain/usr/bin/swiftc -module-name FirebaseAuth -Onone -enforce-exclusivity\=checked @/Users/aleks/Library/Developer/Xcode/DerivedData/PlanItApp-gkehojshtcbfvhersqwajfujohau/Build/Intermediates.noindex/Firebase.build/Debug-iphonesimulator/FirebaseAuth.build/Objects-normal/arm64/FirebaseAuth.SwiftFileList -DSWIFT_PACKAGE -DDEBUG -Xcc -fmodule-map-file\=/Users/aleks/Library/Developer/Xcode/DerivedData/PlanItApp-gkehojshtcbfvhersqwajfujohau/Build/Intermediates.noindex/GeneratedModuleMaps-iphonesimulator/RecaptchaInterop.modulemap -Xcc -fmodule-map-file\=/Users/aleks/Library/Developer/Xcode/DerivedData/PlanItApp-gkehojshtcbfvhersqwajfujohau/Build/Intermediates.noindex/GeneratedModuleMaps-iphonesimulator/GoogleUtilities-Network.modulemap -Xcc -fmodule-map-file\=/Users/aleks/Library/Developer/Xcode/DerivedData/PlanItApp-gkehojshtcbfvhersqwajfujohau/Build/Intermediates.noindex/GeneratedModuleMaps-iphonesimulator/GoogleUtilities-Reachability.modulemap -Xcc -fmodule-map-file\=/Users/aleks/Library/Developer/Xcode/DerivedData/PlanItApp-gkehojshtcbfvhersqwajfujohau/Build/Intermediates.noindex/GeneratedModuleMaps-iphonesimulator/GoogleUtilities-NSData.modulemap -Xcc -fmodule-map-file\=/Users/aleks/Library/Developer/Xcode/DerivedData/PlanItApp-gkehojshtcbfvhersqwajfujohau/Build/Intermediates.noindex/GeneratedModuleMaps-iphonesimulator/GoogleUtilities-Logger.modulemap -Xcc -fmodule-map-file\=/Users/aleks/Library/Developer/Xcode/DerivedData/PlanItApp-gkehojshtcbfvhersqwajfujohau/Build/Intermediates.noindex/GeneratedModuleMaps-iphonesimulator/GoogleUtilities-Environment.modulemap -Xcc -fmodule-map-file\=/Users/aleks/Library/Developer/Xcode/DerivedData/PlanItApp-gkehojshtcbfvhersqwajfujohau/Build/Intermediates.noindex/GeneratedModuleMaps-iphonesimulator/third-party-IsAppEncrypted.modulemap -Xcc -fmodule-map-file\=/Users/aleks/Library/Developer/Xcode/DerivedData/PlanItApp-gkehojshtcbfvhersqwajfujohau/Build/Intermediates.noindex/GeneratedModuleMaps-iphonesimulator/GoogleUtilities-AppDelegateSwizzler.modulemap -Xcc -fmodule-map-file\=/Users/aleks/Library/Developer/Xcode/DerivedData/PlanItApp-gkehojshtcbfvhersqwajfujohau/Build/Intermediates.noindex/GeneratedModuleMaps-iphonesimulator/GTMSessionFetcherCore.modulemap -Xcc -fmodule-map-file\=/Users/aleks/Library/Developer/Xcode/DerivedData/PlanItApp-gkehojshtcbfvhersqwajfujohau/Build/Intermediates.noindex/GeneratedModuleMaps-iphonesimulator/FirebaseCoreExtension.modulemap -Xcc -fmodule-map-file\=/Users/aleks/Library/Developer/Xcode/DerivedData/PlanItApp-gkehojshtcbfvhersqwajfujohau/Build/Intermediates.noindex/GeneratedModuleMaps-iphonesimulator/FirebaseCore.modulemap -Xcc -fmodule-map-file\=/Users/aleks/Library/Developer/Xcode/DerivedData/PlanItApp-gkehojshtcbfvhersqwajfujohau/Build/Intermediates.noindex/GeneratedModuleMaps-iphonesimulator/FirebaseAuthInternal.modulemap -Xcc -fmodule-map-file\=/Users/aleks/Library/Developer/Xcode/DerivedData/PlanItApp-gkehojshtcbfvhersqwajfujohau/Build/Intermediates.noindex/GeneratedModuleMaps-iphonesimulator/FirebaseAuthInterop.modulemap -Xcc -fmodule-map-file\=/Users/aleks/Library/Developer/Xcode/DerivedData/PlanItApp-gkehojshtcbfvhersqwajfujohau/Build/Intermediates.noindex/GeneratedModuleMaps-iphonesimulator/FirebaseAppCheckInterop.modulemap -DXcode -plugin-path /Applications/Xcode.app/Contents/Developer/Toolchains/XcodeDefault.xctoolchain/usr/lib/swift/host/plugins/testing -enable-experimental-feature DebugDescriptionMacro -sdk /Applications/Xcode.app/Contents/Developer/Platforms/iPhoneSimulator.platform/Developer/SDKs/iPhoneSimulator18.5.sdk -target arm64-apple-ios12.0-simulator -g -module-cache-path /Users/aleks/Library/Developer/Xcode/DerivedData/ModuleCache.noindex -Xfrontend -serialize-debugging-options -profile-coverage-mapping -profile-generate -enable-testing -suppress-warnings -index-store-path /Users/aleks/Library/Developer/Xcode/DerivedData/PlanItApp-gkehojshtcbfvhersqwajfujohau/Index.noindex/DataStore -swift-version 5 -I /Users/aleks/Library/Developer/Xcode/DerivedData/PlanItApp-gkehojshtcbfvhersqwajfujohau/Build/Products/Debug-iphonesimulator -I /Applications/Xcode.app/Contents/Developer/Platforms/iPhoneSimulator.platform/Developer/usr/lib -F /Users/aleks/Library/Developer/Xcode/DerivedData/PlanItApp-gkehojshtcbfvhersqwajfujohau/Build/Products/Debug-iphonesimulator/PackageFrameworks -F /Users/aleks/Library/Developer/Xcode/DerivedData/PlanItApp-gkehojshtcbfvhersqwajfujohau/Build/Products/Debug-iphonesimulator/PackageFrameworks -F /Users/aleks/Library/Developer/Xcode/DerivedData/PlanItApp-gkehojshtcbfvhersqwajfujohau/Build/Products/Debug-iphonesimulator/PackageFrameworks -F /Users/aleks/Library/Developer/Xcode/DerivedData/PlanItApp-gkehojshtcbfvhersqwajfujohau/Build/Products/Debug-iphonesimulator/PackageFrameworks -F /Users/aleks/Library/Developer/Xcode/DerivedData/PlanItApp-gkehojshtcbfvhersqwajfujohau/Build/Products/Debug-iphonesimulator/PackageFrameworks -F /Users/aleks/Library/Developer/Xcode/DerivedData/PlanItApp-gkehojshtcbfvhersqwajfujohau/Build/Products/Debug-iphonesimulator/PackageFrameworks -F /Users/aleks/Library/Developer/Xcode/DerivedData/PlanItApp-gkehojshtcbfvhersqwajfujohau/Build/Products/Debug-iphonesimulator/PackageFrameworks -F /Users/aleks/Library/Developer/Xcode/DerivedData/PlanItApp-gkehojshtcbfvhersqwajfujohau/Build/Products/Debug-iphonesimulator/PackageFrameworks -F /Users/aleks/Library/Developer/Xcode/DerivedData/PlanItApp-gkehojshtcbfvhersqwajfujohau/Build/Products/Debug-iphonesimulator/PackageFrameworks -F /Users/aleks/Library/Developer/Xcode/DerivedData/PlanItApp-gkehojshtcbfvhersqwajfujohau/Build/Products/Debug-iphonesimulator/PackageFrameworks -F /Users/aleks/Library/Developer/Xcode/DerivedData/PlanItApp-gkehojshtcbfvhersqwajfujohau/Build/Products/Debug-iphonesimulator/PackageFrameworks -F /Users/aleks/Library/Developer/Xcode/DerivedData/PlanItApp-gkehojshtcbfvhersqwajfujohau/Build/Products/Debug-iphonesimulator/PackageFrameworks -F /Users/aleks/Library/Developer/Xcode/DerivedData/PlanItApp-gkehojshtcbfvhersqwajfujohau/Build/Products/Debug-iphonesimulator/PackageFrameworks -F /Users/aleks/Library/Developer/Xcode/DerivedData/PlanItApp-gkehojshtcbfvhersqwajfujohau/Build/Products/Debug-iphonesimulator/PackageFrameworks -F /Users/aleks/Library/Developer/Xcode/DerivedData/PlanItApp-gkehojshtcbfvhersqwajfujohau/Build/Products/Debug-iphonesimulator/PackageFrameworks -F /Users/aleks/Library/Developer/Xcode/DerivedData/PlanItApp-gkehojshtcbfvhersqwajfujohau/Build/Products/Debug-iphonesimulator/PackageFrameworks -F /Users/aleks/Library/Developer/Xcode/DerivedData/PlanItApp-gkehojshtcbfvhersqwajfujohau/Build/Products/Debug-iphonesimulator -F /Applications/Xcode.app/Contents/Developer/Platforms/iPhoneSimulator.platform/Developer/Library/Frameworks -F /Applications/Xcode.app/Contents/Developer/Platforms/iPhoneSimulator.platform/Developer/SDKs/iPhoneSimulator18.5.sdk/Developer/Library/Frameworks -c -j10 -enable-batch-mode -incremental -Xcc -ivfsstatcache -Xcc /Users/aleks/Library/Developer/Xcode/DerivedData/SDKStatCaches.noindex/iphonesimulator18.5-22F76-d5fc8ad4295d2ef488fb7d0f804ce0c4.sdkstatcache -output-file-map /Users/aleks/Library/Developer/Xcode/DerivedData/PlanItApp-gkehojshtcbfvhersqwajfujohau/Build/Intermediates.noindex/Firebase.build/Debug-iphonesimulator/FirebaseAuth.build/Objects-normal/arm64/FirebaseAuth-OutputFileMap.json -use-frontend-parseable-output -save-temps -no-color-diagnostics -serialize-diagnostics -emit-dependencies -emit-module -emit-module-path /Users/aleks/Library/Developer/Xcode/DerivedData/PlanItApp-gkehojshtcbfvhersqwajfujohau/Build/Intermediates.noindex/Firebase.build/Debug-iphonesimulator/FirebaseAuth.build/Objects-normal/arm64/FirebaseAuth.swiftmodule -validate-clang-modules-once -clang-build-session-file /Users/aleks/Library/Developer/Xcode/DerivedData/ModuleCache.noindex/Session.modulevalidation -package-name firebase_ios_sdk -Xcc -I/Users/aleks/Library/Developer/Xcode/DerivedData/PlanItApp-gkehojshtcbfvhersqwajfujohau/Build/Intermediates.noindex/Firebase.build/Debug-iphonesimulator/FirebaseAuth.build/swift-overrides.hmap -emit-const-values -Xfrontend -const-gather-protocols-file -Xfrontend /Users/aleks/Library/Developer/Xcode/DerivedData/PlanItApp-gkehojshtcbfvhersqwajfujohau/Build/Intermediates.noindex/Firebase.build/Debug-iphonesimulator/FirebaseAuth.build/Objects-normal/arm64/FirebaseAuth_const_extract_protocols.json -Xcc -I/Users/aleks/Library/Developer/Xcode/DerivedData/PlanItApp-gkehojshtcbfvhersqwajfujohau/SourcePackages/checkouts/interop-ios-for-google-sdks/RecaptchaEnterprise/RecaptchaInterop/Public -Xcc -I/Users/aleks/Library/Developer/Xcode/DerivedData/PlanItApp-gkehojshtcbfvhersqwajfujohau/SourcePackages/checkouts/GoogleUtilities/GoogleUtilities/Network/Public -Xcc -I/Users/aleks/Library/Developer/Xcode/DerivedData/PlanItApp-gkehojshtcbfvhersqwajfujohau/SourcePackages/checkouts/GoogleUtilities/GoogleUtilities/Reachability/Public -Xcc -I/Users/aleks/Library/Developer/Xcode/DerivedData/PlanItApp-gkehojshtcbfvhersqwajfujohau/SourcePackages/checkouts/GoogleUtilities/GoogleUtilities/NSData+zlib/Public -Xcc -I/Users/aleks/Library/Developer/Xcode/DerivedData/PlanItApp-gkehojshtcbfvhersqwajfujohau/SourcePackages/checkouts/GoogleUtilities/GoogleUtilities/Logger/Public -Xcc -I/Users/aleks/Library/Developer/Xcode/DerivedData/PlanItApp-gkehojshtcbfvhersqwajfujohau/SourcePackages/checkouts/GoogleUtilities/GoogleUtilities/Environment/Public -Xcc -I/Users/aleks/Library/Developer/Xcode/DerivedData/PlanItApp-gkehojshtcbfvhersqwajfujohau/SourcePackages/checkouts/GoogleUtilities/third_party/IsAppEncrypted/Public -Xcc -I/Users/aleks/Library/Developer/Xcode/DerivedData/PlanItApp-gkehojshtcbfvhersqwajfujohau/SourcePackages/checkouts/GoogleUtilities/GoogleUtilities/AppDelegateSwizzler/Public -Xcc -I/Users/aleks/Library/Developer/Xcode/DerivedData/PlanItApp-gkehojshtcbfvhersqwajfujohau/SourcePackages/checkouts/gtm-session-fetcher/Sources/Core/Public -Xcc -I/Users/aleks/Library/Developer/Xcode/DerivedData/PlanItApp-gkehojshtcbfvhersqwajfujohau/SourcePackages/checkouts/firebase-ios-sdk/FirebaseCore/Extension -Xcc -I/Users/aleks/Library/Developer/Xcode/DerivedData/PlanItApp-gkehojshtcbfvhersqwajfujohau/SourcePackages/checkouts/firebase-ios-sdk/FirebaseCore/Sources/Public -Xcc -I/Users/aleks/Library/Developer/Xcode/DerivedData/PlanItApp-gkehojshtcbfvhersqwajfujohau/SourcePackages/checkouts/firebase-ios-sdk/CoreOnly/Sources -Xcc -I/Users/aleks/Library/Developer/Xcode/DerivedData/PlanItApp-gkehojshtcbfvhersqwajfujohau/SourcePackages/checkouts/firebase-ios-sdk/FirebaseAuth/Sources/Public -Xcc -I/Users/aleks/Library/Developer/Xcode/DerivedData/PlanItApp-gkehojshtcbfvhersqwajfujohau/SourcePackages/checkouts/firebase-ios-sdk/FirebaseAuth/Interop/Public -Xcc -I/Users/aleks/Library/Developer/Xcode/DerivedData/PlanItApp-gkehojshtcbfvhersqwajfujohau/SourcePackages/checkouts/firebase-ios-sdk/FirebaseAppCheck/Interop/Public -Xcc -I/Users/aleks/Library/Developer/Xcode/DerivedData/PlanItApp-gkehojshtcbfvhersqwajfujohau/Build/Products/Debug-iphonesimulator/include -Xcc -I/Users/aleks/Library/Developer/Xcode/DerivedData/PlanItApp-gkehojshtcbfvhersqwajfujohau/Build/Intermediates.noindex/Firebase.build/Debug-iphonesimulator/FirebaseAuth.build/DerivedSources-normal/arm64 -Xcc -I/Users/aleks/Library/Developer/Xcode/DerivedData/PlanItApp-gkehojshtcbfvhersqwajfujohau/Build/Intermediates.noindex/Firebase.build/Debug-iphonesimulator/FirebaseAuth.build/DerivedSources/arm64 -Xcc -I/Users/aleks/Library/Developer/Xcode/DerivedData/PlanItApp-gkehojshtcbfvhersqwajfujohau/Build/Intermediates.noindex/Firebase.build/Debug-iphonesimulator/FirebaseAuth.build/DerivedSources -Xcc -DSWIFT_PACKAGE -Xcc -DDEBUG\=1 -emit-objc-header -emit-objc-header-path /Users/aleks/Library/Developer/Xcode/DerivedData/PlanItApp-gkehojshtcbfvhersqwajfujohau/Build/Intermediates.noindex/Firebase.build/Debug-iphonesimulator/FirebaseAuth.build/Objects-normal/arm64/FirebaseAuth-Swift.h -working-directory /Users/aleks/Desktop/PlanItApp/PlanItApp.xcodeproj -experimental-emit-module-separately -disable-cmo

RegisterExecutionPolicyException /Users/aleks/Library/Developer/Xcode/DerivedData/PlanItApp-gkehojshtcbfvhersqwajfujohau/Build/Products/Debug-iphonesimulator/GTMAppAuth_GTMAppAuth.bundle (in target 'GTMAppAuth_GTMAppAuth' from project 'GTMAppAuth')
    cd /Users/aleks/Library/Developer/Xcode/DerivedData/PlanItApp-gkehojshtcbfvhersqwajfujohau/SourcePackages/checkouts/GTMAppAuth
    builtin-RegisterExecutionPolicyException /Users/aleks/Library/Developer/Xcode/DerivedData/PlanItApp-gkehojshtcbfvhersqwajfujohau/Build/Products/Debug-iphonesimulator/GTMAppAuth_GTMAppAuth.bundle

Ld /Users/aleks/Library/Developer/Xcode/DerivedData/PlanItApp-gkehojshtcbfvhersqwajfujohau/Build/Products/Debug-iphonesimulator/opensslWrapper.o normal (in target 'opensslWrapper' from project 'gRPC')
    cd /Users/aleks/Library/Developer/Xcode/DerivedData/PlanItApp-gkehojshtcbfvhersqwajfujohau/SourcePackages/checkouts/grpc-binary
    /Applications/Xcode.app/Contents/Developer/Toolchains/XcodeDefault.xctoolchain/usr/bin/clang -Xlinker -reproducible -target arm64-apple-ios12.0-simulator -r -isysroot /Applications/Xcode.app/Contents/Developer/Platforms/iPhoneSimulator.platform/Developer/SDKs/iPhoneSimulator18.5.sdk -O0 -w -L/Users/aleks/Library/Developer/Xcode/DerivedData/PlanItApp-gkehojshtcbfvhersqwajfujohau/Build/Intermediates.noindex/EagerLinkingTBDs/Debug-iphonesimulator -L/Users/aleks/Library/Developer/Xcode/DerivedData/PlanItApp-gkehojshtcbfvhersqwajfujohau/Build/Products/Debug-iphonesimulator -L/Applications/Xcode.app/Contents/Developer/Platforms/iPhoneSimulator.platform/Developer/usr/lib -F/Users/aleks/Library/Developer/Xcode/DerivedData/PlanItApp-gkehojshtcbfvhersqwajfujohau/Build/Intermediates.noindex/EagerLinkingTBDs/Debug-iphonesimulator -F/Users/aleks/Library/Developer/Xcode/DerivedData/PlanItApp-gkehojshtcbfvhersqwajfujohau/Build/Products/Debug-iphonesimulator -iframework /Applications/Xcode.app/Contents/Developer/Platforms/iPhoneSimulator.platform/Developer/Library/Frameworks -iframework /Applications/Xcode.app/Contents/Developer/Platforms/iPhoneSimulator.platform/Developer/SDKs/iPhoneSimulator18.5.sdk/Developer/Library/Frameworks -filelist /Users/aleks/Library/Developer/Xcode/DerivedData/PlanItApp-gkehojshtcbfvhersqwajfujohau/Build/Intermediates.noindex/gRPC.build/Debug-iphonesimulator/opensslWrapper.build/Objects-normal/arm64/opensslWrapper.LinkFileList -nostdlib -Xlinker -object_path_lto -Xlinker /Users/aleks/Library/Developer/Xcode/DerivedData/PlanItApp-gkehojshtcbfvhersqwajfujohau/Build/Intermediates.noindex/gRPC.build/Debug-iphonesimulator/opensslWrapper.build/Objects-normal/arm64/opensslWrapper_lto.o -rdynamic -Xlinker -no_deduplicate -Xlinker -objc_abi_version -Xlinker 2 -Xlinker -debug_variant -Xlinker -dependency_info -Xlinker /Users/aleks/Library/Developer/Xcode/DerivedData/PlanItApp-gkehojshtcbfvhersqwajfujohau/Build/Intermediates.noindex/gRPC.build/Debug-iphonesimulator/opensslWrapper.build/Objects-normal/arm64/opensslWrapper_dependency_info.dat -fobjc-arc -fobjc-link-runtime -o /Users/aleks/Library/Developer/Xcode/DerivedData/PlanItApp-gkehojshtcbfvhersqwajfujohau/Build/Products/Debug-iphonesimulator/opensslWrapper.o

Ld /Users/aleks/Library/Developer/Xcode/DerivedData/PlanItApp-gkehojshtcbfvhersqwajfujohau/Build/Products/Debug-iphonesimulator/nanopb.o normal (in target 'nanopb' from project 'nanopb')
    cd /Users/aleks/Library/Developer/Xcode/DerivedData/PlanItApp-gkehojshtcbfvhersqwajfujohau/SourcePackages/checkouts/nanopb
    /Applications/Xcode.app/Contents/Developer/Toolchains/XcodeDefault.xctoolchain/usr/bin/clang -Xlinker -reproducible -target arm64-apple-ios12.0-simulator -r -isysroot /Applications/Xcode.app/Contents/Developer/Platforms/iPhoneSimulator.platform/Developer/SDKs/iPhoneSimulator18.5.sdk -O0 -w -L/Users/aleks/Library/Developer/Xcode/DerivedData/PlanItApp-gkehojshtcbfvhersqwajfujohau/Build/Intermediates.noindex/EagerLinkingTBDs/Debug-iphonesimulator -L/Users/aleks/Library/Developer/Xcode/DerivedData/PlanItApp-gkehojshtcbfvhersqwajfujohau/Build/Products/Debug-iphonesimulator -L/Applications/Xcode.app/Contents/Developer/Platforms/iPhoneSimulator.platform/Developer/usr/lib -F/Users/aleks/Library/Developer/Xcode/DerivedData/PlanItApp-gkehojshtcbfvhersqwajfujohau/Build/Intermediates.noindex/EagerLinkingTBDs/Debug-iphonesimulator -F/Users/aleks/Library/Developer/Xcode/DerivedData/PlanItApp-gkehojshtcbfvhersqwajfujohau/Build/Products/Debug-iphonesimulator -iframework /Applications/Xcode.app/Contents/Developer/Platforms/iPhoneSimulator.platform/Developer/Library/Frameworks -iframework /Applications/Xcode.app/Contents/Developer/Platforms/iPhoneSimulator.platform/Developer/SDKs/iPhoneSimulator18.5.sdk/Developer/Library/Frameworks -filelist /Users/aleks/Library/Developer/Xcode/DerivedData/PlanItApp-gkehojshtcbfvhersqwajfujohau/Build/Intermediates.noindex/nanopb.build/Debug-iphonesimulator/nanopb.build/Objects-normal/arm64/nanopb.LinkFileList -nostdlib -Xlinker -object_path_lto -Xlinker /Users/aleks/Library/Developer/Xcode/DerivedData/PlanItApp-gkehojshtcbfvhersqwajfujohau/Build/Intermediates.noindex/nanopb.build/Debug-iphonesimulator/nanopb.build/Objects-normal/arm64/nanopb_lto.o -rdynamic -Xlinker -no_deduplicate -Xlinker -objc_abi_version -Xlinker 2 -Xlinker -debug_variant -Xlinker -dependency_info -Xlinker /Users/aleks/Library/Developer/Xcode/DerivedData/PlanItApp-gkehojshtcbfvhersqwajfujohau/Build/Intermediates.noindex/nanopb.build/Debug-iphonesimulator/nanopb.build/Objects-normal/arm64/nanopb_dependency_info.dat -fobjc-arc -fobjc-link-runtime -o /Users/aleks/Library/Developer/Xcode/DerivedData/PlanItApp-gkehojshtcbfvhersqwajfujohau/Build/Products/Debug-iphonesimulator/nanopb.o

Ld /Users/aleks/Library/Developer/Xcode/DerivedData/PlanItApp-gkehojshtcbfvhersqwajfujohau/Build/Products/Debug-iphonesimulator/leveldb.o normal (in target 'leveldb' from project 'leveldb')
    cd /Users/aleks/Library/Developer/Xcode/DerivedData/PlanItApp-gkehojshtcbfvhersqwajfujohau/SourcePackages/checkouts/leveldb
    /Applications/Xcode.app/Contents/Developer/Toolchains/XcodeDefault.xctoolchain/usr/bin/clang++ -Xlinker -reproducible -target arm64-apple-ios12.0-simulator -r -isysroot /Applications/Xcode.app/Contents/Developer/Platforms/iPhoneSimulator.platform/Developer/SDKs/iPhoneSimulator18.5.sdk -O0 -w -L/Users/aleks/Library/Developer/Xcode/DerivedData/PlanItApp-gkehojshtcbfvhersqwajfujohau/Build/Intermediates.noindex/EagerLinkingTBDs/Debug-iphonesimulator -L/Users/aleks/Library/Developer/Xcode/DerivedData/PlanItApp-gkehojshtcbfvhersqwajfujohau/Build/Products/Debug-iphonesimulator -L/Applications/Xcode.app/Contents/Developer/Platforms/iPhoneSimulator.platform/Developer/usr/lib -F/Users/aleks/Library/Developer/Xcode/DerivedData/PlanItApp-gkehojshtcbfvhersqwajfujohau/Build/Intermediates.noindex/EagerLinkingTBDs/Debug-iphonesimulator -F/Users/aleks/Library/Developer/Xcode/DerivedData/PlanItApp-gkehojshtcbfvhersqwajfujohau/Build/Products/Debug-iphonesimulator -iframework /Applications/Xcode.app/Contents/Developer/Platforms/iPhoneSimulator.platform/Developer/Library/Frameworks -iframework /Applications/Xcode.app/Contents/Developer/Platforms/iPhoneSimulator.platform/Developer/SDKs/iPhoneSimulator18.5.sdk/Developer/Library/Frameworks -filelist /Users/aleks/Library/Developer/Xcode/DerivedData/PlanItApp-gkehojshtcbfvhersqwajfujohau/Build/Intermediates.noindex/leveldb.build/Debug-iphonesimulator/leveldb.build/Objects-normal/arm64/leveldb.LinkFileList -nostdlib -Xlinker -object_path_lto -Xlinker /Users/aleks/Library/Developer/Xcode/DerivedData/PlanItApp-gkehojshtcbfvhersqwajfujohau/Build/Intermediates.noindex/leveldb.build/Debug-iphonesimulator/leveldb.build/Objects-normal/arm64/leveldb_lto.o -rdynamic -Xlinker -no_deduplicate -Xlinker -objc_abi_version -Xlinker 2 -Xlinker -debug_variant -Xlinker -dependency_info -Xlinker /Users/aleks/Library/Developer/Xcode/DerivedData/PlanItApp-gkehojshtcbfvhersqwajfujohau/Build/Intermediates.noindex/leveldb.build/Debug-iphonesimulator/leveldb.build/Objects-normal/arm64/leveldb_dependency_info.dat -fobjc-arc -fobjc-link-runtime -o /Users/aleks/Library/Developer/Xcode/DerivedData/PlanItApp-gkehojshtcbfvhersqwajfujohau/Build/Products/Debug-iphonesimulator/leveldb.o

CompileC /Users/aleks/Library/Developer/Xcode/DerivedData/PlanItApp-gkehojshtcbfvhersqwajfujohau/Build/Intermediates.noindex/abseil.build/Debug-iphonesimulator/abslWrapper.build/Objects-normal/arm64/resource_bundle_accessor.o /Users/aleks/Library/Developer/Xcode/DerivedData/PlanItApp-gkehojshtcbfvhersqwajfujohau/Build/Intermediates.noindex/abseil.build/Debug-iphonesimulator/abslWrapper.build/DerivedSources/resource_bundle_accessor.m normal arm64 objective-c com.apple.compilers.llvm.clang.1_0.compiler (in target 'abslWrapper' from project 'abseil')
    cd /Users/aleks/Desktop/PlanItApp/PlanItApp.xcodeproj
    
    Using response file: /Users/aleks/Library/Developer/Xcode/DerivedData/PlanItApp-gkehojshtcbfvhersqwajfujohau/Build/Intermediates.noindex/abseil.build/Debug-iphonesimulator/abslWrapper.build/Objects-normal/arm64/e6072d4f65d7061329687fe24e3d63a7-common-args.resp
    
    /Applications/Xcode.app/Contents/Developer/Toolchains/XcodeDefault.xctoolchain/usr/bin/clang -x objective-c -ivfsstatcache /Users/aleks/Library/Developer/Xcode/DerivedData/SDKStatCaches.noindex/iphonesimulator18.5-22F76-d5fc8ad4295d2ef488fb7d0f804ce0c4.sdkstatcache -fmessage-length\=0 -fdiagnostics-show-note-include-stack -fmacro-backtrace-limit\=0 -fno-color-diagnostics -fmodules-prune-interval\=86400 -fmodules-prune-after\=345600 -fbuild-session-file\=/Users/aleks/Library/Developer/Xcode/DerivedData/ModuleCache.noindex/Session.modulevalidation -fmodules-validate-once-per-build-session -Wnon-modular-include-in-framework-module -Werror\=non-modular-include-in-framework-module -Wno-trigraphs -Wno-missing-field-initializers -Wno-missing-prototypes -Wno-return-type -Wno-implicit-atomic-properties -Wno-objc-interface-ivars -Wno-arc-repeated-use-of-weak -Wno-missing-braces -Wparentheses -Wswitch -Wno-unused-function -Wno-unused-label -Wno-unused-parameter -Wno-unused-variable -Wunused-value -Wno-empty-body -Wno-uninitialized -Wno-unknown-pragmas -w -Wno-shadow -Wno-four-char-constants -Wno-conversion -Wno-constant-conversion -Wno-int-conversion -Wno-bool-conversion -Wno-enum-conversion -Wno-float-conversion -Wno-non-literal-null-conversion -Wno-objc-literal-conversion -Wshorten-64-to-32 -Wpointer-sign -Wno-newline-eof -Wno-selector -Wno-strict-selector-match -Wno-undeclared-selector -Wno-deprecated-implementations -Wno-implicit-fallthrough -fstrict-aliasing -Wprotocol -Wdeprecated-declarations -Wno-sign-conversion -Wno-infinite-recursion -Wno-comma -Wno-block-capture-autoreleasing -Wno-strict-prototypes -Wno-semicolon-before-method-body -index-store-path /Users/aleks/Library/Developer/Xcode/DerivedData/PlanItApp-gkehojshtcbfvhersqwajfujohau/Index.noindex/DataStore @/Users/aleks/Library/Developer/Xcode/DerivedData/PlanItApp-gkehojshtcbfvhersqwajfujohau/Build/Intermediates.noindex/abseil.build/Debug-iphonesimulator/abslWrapper.build/Objects-normal/arm64/e6072d4f65d7061329687fe24e3d63a7-common-args.resp -include /Users/aleks/Library/Developer/Xcode/DerivedData/PlanItApp-gkehojshtcbfvhersqwajfujohau/Build/Intermediates.noindex/abseil.build/Debug-iphonesimulator/abslWrapper.build/DerivedSources/resource_bundle_accessor.h -MMD -MT dependencies -MF /Users/aleks/Library/Developer/Xcode/DerivedData/PlanItApp-gkehojshtcbfvhersqwajfujohau/Build/Intermediates.noindex/abseil.build/Debug-iphonesimulator/abslWrapper.build/Objects-normal/arm64/resource_bundle_accessor.d --serialize-diagnostics /Users/aleks/Library/Developer/Xcode/DerivedData/PlanItApp-gkehojshtcbfvhersqwajfujohau/Build/Intermediates.noindex/abseil.build/Debug-iphonesimulator/abslWrapper.build/Objects-normal/arm64/resource_bundle_accessor.dia -c /Users/aleks/Library/Developer/Xcode/DerivedData/PlanItApp-gkehojshtcbfvhersqwajfujohau/Build/Intermediates.noindex/abseil.build/Debug-iphonesimulator/abslWrapper.build/DerivedSources/resource_bundle_accessor.m -o /Users/aleks/Library/Developer/Xcode/DerivedData/PlanItApp-gkehojshtcbfvhersqwajfujohau/Build/Intermediates.noindex/abseil.build/Debug-iphonesimulator/abslWrapper.build/Objects-normal/arm64/resource_bundle_accessor.o -index-unit-output-path /abseil.build/Debug-iphonesimulator/abslWrapper.build/Objects-normal/arm64/resource_bundle_accessor.o

CompileC /Users/aleks/Library/Developer/Xcode/DerivedData/PlanItApp-gkehojshtcbfvhersqwajfujohau/Build/Intermediates.noindex/abseil.build/Debug-iphonesimulator/abslWrapper.build/Objects-normal/arm64/empty.o /Users/aleks/Library/Developer/Xcode/DerivedData/PlanItApp-gkehojshtcbfvhersqwajfujohau/SourcePackages/checkouts/abseil-cpp-binary/absl-Wrapper/empty.m normal arm64 objective-c com.apple.compilers.llvm.clang.1_0.compiler (in target 'abslWrapper' from project 'abseil')
    cd /Users/aleks/Desktop/PlanItApp/PlanItApp.xcodeproj
    
    Using response file: /Users/aleks/Library/Developer/Xcode/DerivedData/PlanItApp-gkehojshtcbfvhersqwajfujohau/Build/Intermediates.noindex/abseil.build/Debug-iphonesimulator/abslWrapper.build/Objects-normal/arm64/e6072d4f65d7061329687fe24e3d63a7-common-args.resp
    
    /Applications/Xcode.app/Contents/Developer/Toolchains/XcodeDefault.xctoolchain/usr/bin/clang -x objective-c -ivfsstatcache /Users/aleks/Library/Developer/Xcode/DerivedData/SDKStatCaches.noindex/iphonesimulator18.5-22F76-d5fc8ad4295d2ef488fb7d0f804ce0c4.sdkstatcache -fmessage-length\=0 -fdiagnostics-show-note-include-stack -fmacro-backtrace-limit\=0 -fno-color-diagnostics -fmodules-prune-interval\=86400 -fmodules-prune-after\=345600 -fbuild-session-file\=/Users/aleks/Library/Developer/Xcode/DerivedData/ModuleCache.noindex/Session.modulevalidation -fmodules-validate-once-per-build-session -Wnon-modular-include-in-framework-module -Werror\=non-modular-include-in-framework-module -Wno-trigraphs -Wno-missing-field-initializers -Wno-missing-prototypes -Wno-return-type -Wno-implicit-atomic-properties -Wno-objc-interface-ivars -Wno-arc-repeated-use-of-weak -Wno-missing-braces -Wparentheses -Wswitch -Wno-unused-function -Wno-unused-label -Wno-unused-parameter -Wno-unused-variable -Wunused-value -Wno-empty-body -Wno-uninitialized -Wno-unknown-pragmas -w -Wno-shadow -Wno-four-char-constants -Wno-conversion -Wno-constant-conversion -Wno-int-conversion -Wno-bool-conversion -Wno-enum-conversion -Wno-float-conversion -Wno-non-literal-null-conversion -Wno-objc-literal-conversion -Wshorten-64-to-32 -Wpointer-sign -Wno-newline-eof -Wno-selector -Wno-strict-selector-match -Wno-undeclared-selector -Wno-deprecated-implementations -Wno-implicit-fallthrough -fstrict-aliasing -Wprotocol -Wdeprecated-declarations -Wno-sign-conversion -Wno-infinite-recursion -Wno-comma -Wno-block-capture-autoreleasing -Wno-strict-prototypes -Wno-semicolon-before-method-body -index-store-path /Users/aleks/Library/Developer/Xcode/DerivedData/PlanItApp-gkehojshtcbfvhersqwajfujohau/Index.noindex/DataStore @/Users/aleks/Library/Developer/Xcode/DerivedData/PlanItApp-gkehojshtcbfvhersqwajfujohau/Build/Intermediates.noindex/abseil.build/Debug-iphonesimulator/abslWrapper.build/Objects-normal/arm64/e6072d4f65d7061329687fe24e3d63a7-common-args.resp -include /Users/aleks/Library/Developer/Xcode/DerivedData/PlanItApp-gkehojshtcbfvhersqwajfujohau/Build/Intermediates.noindex/abseil.build/Debug-iphonesimulator/abslWrapper.build/DerivedSources/resource_bundle_accessor.h -MMD -MT dependencies -MF /Users/aleks/Library/Developer/Xcode/DerivedData/PlanItApp-gkehojshtcbfvhersqwajfujohau/Build/Intermediates.noindex/abseil.build/Debug-iphonesimulator/abslWrapper.build/Objects-normal/arm64/empty.d --serialize-diagnostics /Users/aleks/Library/Developer/Xcode/DerivedData/PlanItApp-gkehojshtcbfvhersqwajfujohau/Build/Intermediates.noindex/abseil.build/Debug-iphonesimulator/abslWrapper.build/Objects-normal/arm64/empty.dia -c /Users/aleks/Library/Developer/Xcode/DerivedData/PlanItApp-gkehojshtcbfvhersqwajfujohau/SourcePackages/checkouts/abseil-cpp-binary/absl-Wrapper/empty.m -o /Users/aleks/Library/Developer/Xcode/DerivedData/PlanItApp-gkehojshtcbfvhersqwajfujohau/Build/Intermediates.noindex/abseil.build/Debug-iphonesimulator/abslWrapper.build/Objects-normal/arm64/empty.o -index-unit-output-path /abseil.build/Debug-iphonesimulator/abslWrapper.build/Objects-normal/arm64/empty.o

RegisterExecutionPolicyException /Users/aleks/Library/Developer/Xcode/DerivedData/PlanItApp-gkehojshtcbfvhersqwajfujohau/Build/Products/Debug-iphonesimulator/Firebase_FirebaseFirestore.bundle (in target 'Firebase_FirebaseFirestore' from project 'Firebase')
    cd /Users/aleks/Library/Developer/Xcode/DerivedData/PlanItApp-gkehojshtcbfvhersqwajfujohau/SourcePackages/checkouts/firebase-ios-sdk
    builtin-RegisterExecutionPolicyException /Users/aleks/Library/Developer/Xcode/DerivedData/PlanItApp-gkehojshtcbfvhersqwajfujohau/Build/Products/Debug-iphonesimulator/Firebase_FirebaseFirestore.bundle

RegisterExecutionPolicyException /Users/aleks/Library/Developer/Xcode/DerivedData/PlanItApp-gkehojshtcbfvhersqwajfujohau/Build/Products/Debug-iphonesimulator/Firebase_FirebaseCoreInternal.bundle (in target 'Firebase_FirebaseCoreInternal' from project 'Firebase')
    cd /Users/aleks/Library/Developer/Xcode/DerivedData/PlanItApp-gkehojshtcbfvhersqwajfujohau/SourcePackages/checkouts/firebase-ios-sdk
    builtin-RegisterExecutionPolicyException /Users/aleks/Library/Developer/Xcode/DerivedData/PlanItApp-gkehojshtcbfvhersqwajfujohau/Build/Products/Debug-iphonesimulator/Firebase_FirebaseCoreInternal.bundle

RegisterExecutionPolicyException /Users/aleks/Library/Developer/Xcode/DerivedData/PlanItApp-gkehojshtcbfvhersqwajfujohau/Build/Products/Debug-iphonesimulator/Firebase_FirebaseCoreExtension.bundle (in target 'Firebase_FirebaseCoreExtension' from project 'Firebase')
    cd /Users/aleks/Library/Developer/Xcode/DerivedData/PlanItApp-gkehojshtcbfvhersqwajfujohau/SourcePackages/checkouts/firebase-ios-sdk
    builtin-RegisterExecutionPolicyException /Users/aleks/Library/Developer/Xcode/DerivedData/PlanItApp-gkehojshtcbfvhersqwajfujohau/Build/Products/Debug-iphonesimulator/Firebase_FirebaseCoreExtension.bundle

RegisterExecutionPolicyException /Users/aleks/Library/Developer/Xcode/DerivedData/PlanItApp-gkehojshtcbfvhersqwajfujohau/Build/Products/Debug-iphonesimulator/Firebase_FirebaseCore.bundle (in target 'Firebase_FirebaseCore' from project 'Firebase')
    cd /Users/aleks/Library/Developer/Xcode/DerivedData/PlanItApp-gkehojshtcbfvhersqwajfujohau/SourcePackages/checkouts/firebase-ios-sdk
    builtin-RegisterExecutionPolicyException /Users/aleks/Library/Developer/Xcode/DerivedData/PlanItApp-gkehojshtcbfvhersqwajfujohau/Build/Products/Debug-iphonesimulator/Firebase_FirebaseCore.bundle

RegisterExecutionPolicyException /Users/aleks/Library/Developer/Xcode/DerivedData/PlanItApp-gkehojshtcbfvhersqwajfujohau/Build/Products/Debug-iphonesimulator/Firebase_FirebaseAuth.bundle (in target 'Firebase_FirebaseAuth' from project 'Firebase')
    cd /Users/aleks/Library/Developer/Xcode/DerivedData/PlanItApp-gkehojshtcbfvhersqwajfujohau/SourcePackages/checkouts/firebase-ios-sdk
    builtin-RegisterExecutionPolicyException /Users/aleks/Library/Developer/Xcode/DerivedData/PlanItApp-gkehojshtcbfvhersqwajfujohau/Build/Products/Debug-iphonesimulator/Firebase_FirebaseAuth.bundle

ScanDependencies /Users/aleks/Library/Developer/Xcode/DerivedData/PlanItApp-gkehojshtcbfvhersqwajfujohau/Build/Intermediates.noindex/Firebase.build/Debug-iphonesimulator/FirebaseCore.build/Objects-normal/arm64/resource_bundle_accessor.o /Users/aleks/Library/Developer/Xcode/DerivedData/PlanItApp-gkehojshtcbfvhersqwajfujohau/Build/Intermediates.noindex/Firebase.build/Debug-iphonesimulator/FirebaseCore.build/DerivedSources/resource_bundle_accessor.m normal arm64 objective-c com.apple.compilers.llvm.clang.1_0.compiler (in target 'FirebaseCore' from project 'Firebase')
    cd /Users/aleks/Desktop/PlanItApp/PlanItApp.xcodeproj
    
    Using response file: /Users/aleks/Library/Developer/Xcode/DerivedData/PlanItApp-gkehojshtcbfvhersqwajfujohau/Build/Intermediates.noindex/Firebase.build/Debug-iphonesimulator/FirebaseCore.build/Objects-normal/arm64/e6072d4f65d7061329687fe24e3d63a7-common-args.resp
    
    builtin-ScanDependencies -o /Users/aleks/Library/Developer/Xcode/DerivedData/PlanItApp-gkehojshtcbfvhersqwajfujohau/Build/Intermediates.noindex/Firebase.build/Debug-iphonesimulator/FirebaseCore.build/Objects-normal/arm64/resource_bundle_accessor.o.scan -- /Applications/Xcode.app/Contents/Developer/Toolchains/XcodeDefault.xctoolchain/usr/bin/clang -x objective-c -ivfsstatcache /Users/aleks/Library/Developer/Xcode/DerivedData/SDKStatCaches.noindex/iphonesimulator18.5-22F76-d5fc8ad4295d2ef488fb7d0f804ce0c4.sdkstatcache -fmessage-length\=0 -fdiagnostics-show-note-include-stack -fmacro-backtrace-limit\=0 -fno-color-diagnostics -fmodules-prune-interval\=86400 -fmodules-prune-after\=345600 -fbuild-session-file\=/Users/aleks/Library/Developer/Xcode/DerivedData/ModuleCache.noindex/Session.modulevalidation -fmodules-validate-once-per-build-session -Wnon-modular-include-in-framework-module -Werror\=non-modular-include-in-framework-module -Wno-trigraphs -Wno-missing-field-initializers -Wno-missing-prototypes -Wno-return-type -Wno-implicit-atomic-properties -Wno-objc-interface-ivars -Wno-arc-repeated-use-of-weak -Wno-missing-braces -Wparentheses -Wswitch -Wno-unused-function -Wno-unused-label -Wno-unused-parameter -Wno-unused-variable -Wunused-value -Wno-empty-body -Wno-uninitialized -Wno-unknown-pragmas -w -Wno-shadow -Wno-four-char-constants -Wno-conversion -Wno-constant-conversion -Wno-int-conversion -Wno-bool-conversion -Wno-enum-conversion -Wno-float-conversion -Wno-non-literal-null-conversion -Wno-objc-literal-conversion -Wshorten-64-to-32 -Wpointer-sign -Wno-newline-eof -Wno-selector -Wno-strict-selector-match -Wno-undeclared-selector -Wno-deprecated-implementations -Wno-implicit-fallthrough -fstrict-aliasing -Wprotocol -Wdeprecated-declarations -Wno-sign-conversion -Wno-infinite-recursion -Wno-comma -Wno-block-capture-autoreleasing -Wno-strict-prototypes -Wno-semicolon-before-method-body -index-store-path /Users/aleks/Library/Developer/Xcode/DerivedData/PlanItApp-gkehojshtcbfvhersqwajfujohau/Index.noindex/DataStore @/Users/aleks/Library/Developer/Xcode/DerivedData/PlanItApp-gkehojshtcbfvhersqwajfujohau/Build/Intermediates.noindex/Firebase.build/Debug-iphonesimulator/FirebaseCore.build/Objects-normal/arm64/e6072d4f65d7061329687fe24e3d63a7-common-args.resp -include /Users/aleks/Library/Developer/Xcode/DerivedData/PlanItApp-gkehojshtcbfvhersqwajfujohau/Build/Intermediates.noindex/Firebase.build/Debug-iphonesimulator/FirebaseCore.build/DerivedSources/resource_bundle_accessor.h -MMD -MT dependencies -MF /Users/aleks/Library/Developer/Xcode/DerivedData/PlanItApp-gkehojshtcbfvhersqwajfujohau/Build/Intermediates.noindex/Firebase.build/Debug-iphonesimulator/FirebaseCore.build/Objects-normal/arm64/resource_bundle_accessor.d --serialize-diagnostics /Users/aleks/Library/Developer/Xcode/DerivedData/PlanItApp-gkehojshtcbfvhersqwajfujohau/Build/Intermediates.noindex/Firebase.build/Debug-iphonesimulator/FirebaseCore.build/Objects-normal/arm64/resource_bundle_accessor.dia -c /Users/aleks/Library/Developer/Xcode/DerivedData/PlanItApp-gkehojshtcbfvhersqwajfujohau/Build/Intermediates.noindex/Firebase.build/Debug-iphonesimulator/FirebaseCore.build/DerivedSources/resource_bundle_accessor.m -o /Users/aleks/Library/Developer/Xcode/DerivedData/PlanItApp-gkehojshtcbfvhersqwajfujohau/Build/Intermediates.noindex/Firebase.build/Debug-iphonesimulator/FirebaseCore.build/Objects-normal/arm64/resource_bundle_accessor.o -index-unit-output-path /Firebase.build/Debug-iphonesimulator/FirebaseCore.build/Objects-normal/arm64/resource_bundle_accessor.o

ScanDependencies /Users/aleks/Library/Developer/Xcode/DerivedData/PlanItApp-gkehojshtcbfvhersqwajfujohau/Build/Intermediates.noindex/Firebase.build/Debug-iphonesimulator/FirebaseCore.build/Objects-normal/arm64/FIRVersion.o /Users/aleks/Library/Developer/Xcode/DerivedData/PlanItApp-gkehojshtcbfvhersqwajfujohau/SourcePackages/checkouts/firebase-ios-sdk/FirebaseCore/Sources/FIRVersion.m normal arm64 objective-c com.apple.compilers.llvm.clang.1_0.compiler (in target 'FirebaseCore' from project 'Firebase')
    cd /Users/aleks/Desktop/PlanItApp/PlanItApp.xcodeproj
    
    Using response file: /Users/aleks/Library/Developer/Xcode/DerivedData/PlanItApp-gkehojshtcbfvhersqwajfujohau/Build/Intermediates.noindex/Firebase.build/Debug-iphonesimulator/FirebaseCore.build/Objects-normal/arm64/e6072d4f65d7061329687fe24e3d63a7-common-args.resp
    
    builtin-ScanDependencies -o /Users/aleks/Library/Developer/Xcode/DerivedData/PlanItApp-gkehojshtcbfvhersqwajfujohau/Build/Intermediates.noindex/Firebase.build/Debug-iphonesimulator/FirebaseCore.build/Objects-normal/arm64/FIRVersion.o.scan -- /Applications/Xcode.app/Contents/Developer/Toolchains/XcodeDefault.xctoolchain/usr/bin/clang -x objective-c -ivfsstatcache /Users/aleks/Library/Developer/Xcode/DerivedData/SDKStatCaches.noindex/iphonesimulator18.5-22F76-d5fc8ad4295d2ef488fb7d0f804ce0c4.sdkstatcache -fmessage-length\=0 -fdiagnostics-show-note-include-stack -fmacro-backtrace-limit\=0 -fno-color-diagnostics -fmodules-prune-interval\=86400 -fmodules-prune-after\=345600 -fbuild-session-file\=/Users/aleks/Library/Developer/Xcode/DerivedData/ModuleCache.noindex/Session.modulevalidation -fmodules-validate-once-per-build-session -Wnon-modular-include-in-framework-module -Werror\=non-modular-include-in-framework-module -Wno-trigraphs -Wno-missing-field-initializers -Wno-missing-prototypes -Wno-return-type -Wno-implicit-atomic-properties -Wno-objc-interface-ivars -Wno-arc-repeated-use-of-weak -Wno-missing-braces -Wparentheses -Wswitch -Wno-unused-function -Wno-unused-label -Wno-unused-parameter -Wno-unused-variable -Wunused-value -Wno-empty-body -Wno-uninitialized -Wno-unknown-pragmas -w -Wno-shadow -Wno-four-char-constants -Wno-conversion -Wno-constant-conversion -Wno-int-conversion -Wno-bool-conversion -Wno-enum-conversion -Wno-float-conversion -Wno-non-literal-null-conversion -Wno-objc-literal-conversion -Wshorten-64-to-32 -Wpointer-sign -Wno-newline-eof -Wno-selector -Wno-strict-selector-match -Wno-undeclared-selector -Wno-deprecated-implementations -Wno-implicit-fallthrough -fstrict-aliasing -Wprotocol -Wdeprecated-declarations -Wno-sign-conversion -Wno-infinite-recursion -Wno-comma -Wno-block-capture-autoreleasing -Wno-strict-prototypes -Wno-semicolon-before-method-body -index-store-path /Users/aleks/Library/Developer/Xcode/DerivedData/PlanItApp-gkehojshtcbfvhersqwajfujohau/Index.noindex/DataStore @/Users/aleks/Library/Developer/Xcode/DerivedData/PlanItApp-gkehojshtcbfvhersqwajfujohau/Build/Intermediates.noindex/Firebase.build/Debug-iphonesimulator/FirebaseCore.build/Objects-normal/arm64/e6072d4f65d7061329687fe24e3d63a7-common-args.resp -include /Users/aleks/Library/Developer/Xcode/DerivedData/PlanItApp-gkehojshtcbfvhersqwajfujohau/Build/Intermediates.noindex/Firebase.build/Debug-iphonesimulator/FirebaseCore.build/DerivedSources/resource_bundle_accessor.h -MMD -MT dependencies -MF /Users/aleks/Library/Developer/Xcode/DerivedData/PlanItApp-gkehojshtcbfvhersqwajfujohau/Build/Intermediates.noindex/Firebase.build/Debug-iphonesimulator/FirebaseCore.build/Objects-normal/arm64/FIRVersion.d --serialize-diagnostics /Users/aleks/Library/Developer/Xcode/DerivedData/PlanItApp-gkehojshtcbfvhersqwajfujohau/Build/Intermediates.noindex/Firebase.build/Debug-iphonesimulator/FirebaseCore.build/Objects-normal/arm64/FIRVersion.dia -c /Users/aleks/Library/Developer/Xcode/DerivedData/PlanItApp-gkehojshtcbfvhersqwajfujohau/SourcePackages/checkouts/firebase-ios-sdk/FirebaseCore/Sources/FIRVersion.m -o /Users/aleks/Library/Developer/Xcode/DerivedData/PlanItApp-gkehojshtcbfvhersqwajfujohau/Build/Intermediates.noindex/Firebase.build/Debug-iphonesimulator/FirebaseCore.build/Objects-normal/arm64/FIRVersion.o -index-unit-output-path /Firebase.build/Debug-iphonesimulator/FirebaseCore.build/Objects-normal/arm64/FIRVersion.o

Ld /Users/aleks/Library/Developer/Xcode/DerivedData/PlanItApp-gkehojshtcbfvhersqwajfujohau/Build/Products/Debug-iphonesimulator/abslWrapper.o normal (in target 'abslWrapper' from project 'abseil')
    cd /Users/aleks/Library/Developer/Xcode/DerivedData/PlanItApp-gkehojshtcbfvhersqwajfujohau/SourcePackages/checkouts/abseil-cpp-binary
    /Applications/Xcode.app/Contents/Developer/Toolchains/XcodeDefault.xctoolchain/usr/bin/clang -Xlinker -reproducible -target arm64-apple-ios12.0-simulator -r -isysroot /Applications/Xcode.app/Contents/Developer/Platforms/iPhoneSimulator.platform/Developer/SDKs/iPhoneSimulator18.5.sdk -O0 -w -L/Users/aleks/Library/Developer/Xcode/DerivedData/PlanItApp-gkehojshtcbfvhersqwajfujohau/Build/Intermediates.noindex/EagerLinkingTBDs/Debug-iphonesimulator -L/Users/aleks/Library/Developer/Xcode/DerivedData/PlanItApp-gkehojshtcbfvhersqwajfujohau/Build/Products/Debug-iphonesimulator -L/Applications/Xcode.app/Contents/Developer/Platforms/iPhoneSimulator.platform/Developer/usr/lib -F/Users/aleks/Library/Developer/Xcode/DerivedData/PlanItApp-gkehojshtcbfvhersqwajfujohau/Build/Intermediates.noindex/EagerLinkingTBDs/Debug-iphonesimulator -F/Users/aleks/Library/Developer/Xcode/DerivedData/PlanItApp-gkehojshtcbfvhersqwajfujohau/Build/Products/Debug-iphonesimulator -iframework /Applications/Xcode.app/Contents/Developer/Platforms/iPhoneSimulator.platform/Developer/Library/Frameworks -iframework /Applications/Xcode.app/Contents/Developer/Platforms/iPhoneSimulator.platform/Developer/SDKs/iPhoneSimulator18.5.sdk/Developer/Library/Frameworks -filelist /Users/aleks/Library/Developer/Xcode/DerivedData/PlanItApp-gkehojshtcbfvhersqwajfujohau/Build/Intermediates.noindex/abseil.build/Debug-iphonesimulator/abslWrapper.build/Objects-normal/arm64/abslWrapper.LinkFileList -nostdlib -Xlinker -object_path_lto -Xlinker /Users/aleks/Library/Developer/Xcode/DerivedData/PlanItApp-gkehojshtcbfvhersqwajfujohau/Build/Intermediates.noindex/abseil.build/Debug-iphonesimulator/abslWrapper.build/Objects-normal/arm64/abslWrapper_lto.o -rdynamic -Xlinker -no_deduplicate -Xlinker -objc_abi_version -Xlinker 2 -Xlinker -debug_variant -Xlinker -dependency_info -Xlinker /Users/aleks/Library/Developer/Xcode/DerivedData/PlanItApp-gkehojshtcbfvhersqwajfujohau/Build/Intermediates.noindex/abseil.build/Debug-iphonesimulator/abslWrapper.build/Objects-normal/arm64/abslWrapper_dependency_info.dat -fobjc-arc -fobjc-link-runtime -o /Users/aleks/Library/Developer/Xcode/DerivedData/PlanItApp-gkehojshtcbfvhersqwajfujohau/Build/Products/Debug-iphonesimulator/abslWrapper.o

ScanDependencies /Users/aleks/Library/Developer/Xcode/DerivedData/PlanItApp-gkehojshtcbfvhersqwajfujohau/Build/Intermediates.noindex/Firebase.build/Debug-iphonesimulator/FirebaseCore.build/Objects-normal/arm64/FIRTimestamp.o /Users/aleks/Library/Developer/Xcode/DerivedData/PlanItApp-gkehojshtcbfvhersqwajfujohau/SourcePackages/checkouts/firebase-ios-sdk/FirebaseCore/Sources/FIRTimestamp.m normal arm64 objective-c com.apple.compilers.llvm.clang.1_0.compiler (in target 'FirebaseCore' from project 'Firebase')
    cd /Users/aleks/Desktop/PlanItApp/PlanItApp.xcodeproj
    
    Using response file: /Users/aleks/Library/Developer/Xcode/DerivedData/PlanItApp-gkehojshtcbfvhersqwajfujohau/Build/Intermediates.noindex/Firebase.build/Debug-iphonesimulator/FirebaseCore.build/Objects-normal/arm64/e6072d4f65d7061329687fe24e3d63a7-common-args.resp
    
    builtin-ScanDependencies -o /Users/aleks/Library/Developer/Xcode/DerivedData/PlanItApp-gkehojshtcbfvhersqwajfujohau/Build/Intermediates.noindex/Firebase.build/Debug-iphonesimulator/FirebaseCore.build/Objects-normal/arm64/FIRTimestamp.o.scan -- /Applications/Xcode.app/Contents/Developer/Toolchains/XcodeDefault.xctoolchain/usr/bin/clang -x objective-c -ivfsstatcache /Users/aleks/Library/Developer/Xcode/DerivedData/SDKStatCaches.noindex/iphonesimulator18.5-22F76-d5fc8ad4295d2ef488fb7d0f804ce0c4.sdkstatcache -fmessage-length\=0 -fdiagnostics-show-note-include-stack -fmacro-backtrace-limit\=0 -fno-color-diagnostics -fmodules-prune-interval\=86400 -fmodules-prune-after\=345600 -fbuild-session-file\=/Users/aleks/Library/Developer/Xcode/DerivedData/ModuleCache.noindex/Session.modulevalidation -fmodules-validate-once-per-build-session -Wnon-modular-include-in-framework-module -Werror\=non-modular-include-in-framework-module -Wno-trigraphs -Wno-missing-field-initializers -Wno-missing-prototypes -Wno-return-type -Wno-implicit-atomic-properties -Wno-objc-interface-ivars -Wno-arc-repeated-use-of-weak -Wno-missing-braces -Wparentheses -Wswitch -Wno-unused-function -Wno-unused-label -Wno-unused-parameter -Wno-unused-variable -Wunused-value -Wno-empty-body -Wno-uninitialized -Wno-unknown-pragmas -w -Wno-shadow -Wno-four-char-constants -Wno-conversion -Wno-constant-conversion -Wno-int-conversion -Wno-bool-conversion -Wno-enum-conversion -Wno-float-conversion -Wno-non-literal-null-conversion -Wno-objc-literal-conversion -Wshorten-64-to-32 -Wpointer-sign -Wno-newline-eof -Wno-selector -Wno-strict-selector-match -Wno-undeclared-selector -Wno-deprecated-implementations -Wno-implicit-fallthrough -fstrict-aliasing -Wprotocol -Wdeprecated-declarations -Wno-sign-conversion -Wno-infinite-recursion -Wno-comma -Wno-block-capture-autoreleasing -Wno-strict-prototypes -Wno-semicolon-before-method-body -index-store-path /Users/aleks/Library/Developer/Xcode/DerivedData/PlanItApp-gkehojshtcbfvhersqwajfujohau/Index.noindex/DataStore @/Users/aleks/Library/Developer/Xcode/DerivedData/PlanItApp-gkehojshtcbfvhersqwajfujohau/Build/Intermediates.noindex/Firebase.build/Debug-iphonesimulator/FirebaseCore.build/Objects-normal/arm64/e6072d4f65d7061329687fe24e3d63a7-common-args.resp -include /Users/aleks/Library/Developer/Xcode/DerivedData/PlanItApp-gkehojshtcbfvhersqwajfujohau/Build/Intermediates.noindex/Firebase.build/Debug-iphonesimulator/FirebaseCore.build/DerivedSources/resource_bundle_accessor.h -MMD -MT dependencies -MF /Users/aleks/Library/Developer/Xcode/DerivedData/PlanItApp-gkehojshtcbfvhersqwajfujohau/Build/Intermediates.noindex/Firebase.build/Debug-iphonesimulator/FirebaseCore.build/Objects-normal/arm64/FIRTimestamp.d --serialize-diagnostics /Users/aleks/Library/Developer/Xcode/DerivedData/PlanItApp-gkehojshtcbfvhersqwajfujohau/Build/Intermediates.noindex/Firebase.build/Debug-iphonesimulator/FirebaseCore.build/Objects-normal/arm64/FIRTimestamp.dia -c /Users/aleks/Library/Developer/Xcode/DerivedData/PlanItApp-gkehojshtcbfvhersqwajfujohau/SourcePackages/checkouts/firebase-ios-sdk/FirebaseCore/Sources/FIRTimestamp.m -o /Users/aleks/Library/Developer/Xcode/DerivedData/PlanItApp-gkehojshtcbfvhersqwajfujohau/Build/Intermediates.noindex/Firebase.build/Debug-iphonesimulator/FirebaseCore.build/Objects-normal/arm64/FIRTimestamp.o -index-unit-output-path /Firebase.build/Debug-iphonesimulator/FirebaseCore.build/Objects-normal/arm64/FIRTimestamp.o

ScanDependencies /Users/aleks/Library/Developer/Xcode/DerivedData/PlanItApp-gkehojshtcbfvhersqwajfujohau/Build/Intermediates.noindex/Firebase.build/Debug-iphonesimulator/FirebaseCore.build/Objects-normal/arm64/FIROptions.o /Users/aleks/Library/Developer/Xcode/DerivedData/PlanItApp-gkehojshtcbfvhersqwajfujohau/SourcePackages/checkouts/firebase-ios-sdk/FirebaseCore/Sources/FIROptions.m normal arm64 objective-c com.apple.compilers.llvm.clang.1_0.compiler (in target 'FirebaseCore' from project 'Firebase')
    cd /Users/aleks/Desktop/PlanItApp/PlanItApp.xcodeproj
    
    Using response file: /Users/aleks/Library/Developer/Xcode/DerivedData/PlanItApp-gkehojshtcbfvhersqwajfujohau/Build/Intermediates.noindex/Firebase.build/Debug-iphonesimulator/FirebaseCore.build/Objects-normal/arm64/e6072d4f65d7061329687fe24e3d63a7-common-args.resp
    
    builtin-ScanDependencies -o /Users/aleks/Library/Developer/Xcode/DerivedData/PlanItApp-gkehojshtcbfvhersqwajfujohau/Build/Intermediates.noindex/Firebase.build/Debug-iphonesimulator/FirebaseCore.build/Objects-normal/arm64/FIROptions.o.scan -- /Applications/Xcode.app/Contents/Developer/Toolchains/XcodeDefault.xctoolchain/usr/bin/clang -x objective-c -ivfsstatcache /Users/aleks/Library/Developer/Xcode/DerivedData/SDKStatCaches.noindex/iphonesimulator18.5-22F76-d5fc8ad4295d2ef488fb7d0f804ce0c4.sdkstatcache -fmessage-length\=0 -fdiagnostics-show-note-include-stack -fmacro-backtrace-limit\=0 -fno-color-diagnostics -fmodules-prune-interval\=86400 -fmodules-prune-after\=345600 -fbuild-session-file\=/Users/aleks/Library/Developer/Xcode/DerivedData/ModuleCache.noindex/Session.modulevalidation -fmodules-validate-once-per-build-session -Wnon-modular-include-in-framework-module -Werror\=non-modular-include-in-framework-module -Wno-trigraphs -Wno-missing-field-initializers -Wno-missing-prototypes -Wno-return-type -Wno-implicit-atomic-properties -Wno-objc-interface-ivars -Wno-arc-repeated-use-of-weak -Wno-missing-braces -Wparentheses -Wswitch -Wno-unused-function -Wno-unused-label -Wno-unused-parameter -Wno-unused-variable -Wunused-value -Wno-empty-body -Wno-uninitialized -Wno-unknown-pragmas -w -Wno-shadow -Wno-four-char-constants -Wno-conversion -Wno-constant-conversion -Wno-int-conversion -Wno-bool-conversion -Wno-enum-conversion -Wno-float-conversion -Wno-non-literal-null-conversion -Wno-objc-literal-conversion -Wshorten-64-to-32 -Wpointer-sign -Wno-newline-eof -Wno-selector -Wno-strict-selector-match -Wno-undeclared-selector -Wno-deprecated-implementations -Wno-implicit-fallthrough -fstrict-aliasing -Wprotocol -Wdeprecated-declarations -Wno-sign-conversion -Wno-infinite-recursion -Wno-comma -Wno-block-capture-autoreleasing -Wno-strict-prototypes -Wno-semicolon-before-method-body -index-store-path /Users/aleks/Library/Developer/Xcode/DerivedData/PlanItApp-gkehojshtcbfvhersqwajfujohau/Index.noindex/DataStore @/Users/aleks/Library/Developer/Xcode/DerivedData/PlanItApp-gkehojshtcbfvhersqwajfujohau/Build/Intermediates.noindex/Firebase.build/Debug-iphonesimulator/FirebaseCore.build/Objects-normal/arm64/e6072d4f65d7061329687fe24e3d63a7-common-args.resp -include /Users/aleks/Library/Developer/Xcode/DerivedData/PlanItApp-gkehojshtcbfvhersqwajfujohau/Build/Intermediates.noindex/Firebase.build/Debug-iphonesimulator/FirebaseCore.build/DerivedSources/resource_bundle_accessor.h -MMD -MT dependencies -MF /Users/aleks/Library/Developer/Xcode/DerivedData/PlanItApp-gkehojshtcbfvhersqwajfujohau/Build/Intermediates.noindex/Firebase.build/Debug-iphonesimulator/FirebaseCore.build/Objects-normal/arm64/FIROptions.d --serialize-diagnostics /Users/aleks/Library/Developer/Xcode/DerivedData/PlanItApp-gkehojshtcbfvhersqwajfujohau/Build/Intermediates.noindex/Firebase.build/Debug-iphonesimulator/FirebaseCore.build/Objects-normal/arm64/FIROptions.dia -c /Users/aleks/Library/Developer/Xcode/DerivedData/PlanItApp-gkehojshtcbfvhersqwajfujohau/SourcePackages/checkouts/firebase-ios-sdk/FirebaseCore/Sources/FIROptions.m -o /Users/aleks/Library/Developer/Xcode/DerivedData/PlanItApp-gkehojshtcbfvhersqwajfujohau/Build/Intermediates.noindex/Firebase.build/Debug-iphonesimulator/FirebaseCore.build/Objects-normal/arm64/FIROptions.o -index-unit-output-path /Firebase.build/Debug-iphonesimulator/FirebaseCore.build/Objects-normal/arm64/FIROptions.o

ScanDependencies /Users/aleks/Library/Developer/Xcode/DerivedData/PlanItApp-gkehojshtcbfvhersqwajfujohau/Build/Intermediates.noindex/Firebase.build/Debug-iphonesimulator/FirebaseCore.build/Objects-normal/arm64/FIRLogger.o /Users/aleks/Library/Developer/Xcode/DerivedData/PlanItApp-gkehojshtcbfvhersqwajfujohau/SourcePackages/checkouts/firebase-ios-sdk/FirebaseCore/Sources/FIRLogger.m normal arm64 objective-c com.apple.compilers.llvm.clang.1_0.compiler (in target 'FirebaseCore' from project 'Firebase')
    cd /Users/aleks/Desktop/PlanItApp/PlanItApp.xcodeproj
    
    Using response file: /Users/aleks/Library/Developer/Xcode/DerivedData/PlanItApp-gkehojshtcbfvhersqwajfujohau/Build/Intermediates.noindex/Firebase.build/Debug-iphonesimulator/FirebaseCore.build/Objects-normal/arm64/e6072d4f65d7061329687fe24e3d63a7-common-args.resp
    
    builtin-ScanDependencies -o /Users/aleks/Library/Developer/Xcode/DerivedData/PlanItApp-gkehojshtcbfvhersqwajfujohau/Build/Intermediates.noindex/Firebase.build/Debug-iphonesimulator/FirebaseCore.build/Objects-normal/arm64/FIRLogger.o.scan -- /Applications/Xcode.app/Contents/Developer/Toolchains/XcodeDefault.xctoolchain/usr/bin/clang -x objective-c -ivfsstatcache /Users/aleks/Library/Developer/Xcode/DerivedData/SDKStatCaches.noindex/iphonesimulator18.5-22F76-d5fc8ad4295d2ef488fb7d0f804ce0c4.sdkstatcache -fmessage-length\=0 -fdiagnostics-show-note-include-stack -fmacro-backtrace-limit\=0 -fno-color-diagnostics -fmodules-prune-interval\=86400 -fmodules-prune-after\=345600 -fbuild-session-file\=/Users/aleks/Library/Developer/Xcode/DerivedData/ModuleCache.noindex/Session.modulevalidation -fmodules-validate-once-per-build-session -Wnon-modular-include-in-framework-module -Werror\=non-modular-include-in-framework-module -Wno-trigraphs -Wno-missing-field-initializers -Wno-missing-prototypes -Wno-return-type -Wno-implicit-atomic-properties -Wno-objc-interface-ivars -Wno-arc-repeated-use-of-weak -Wno-missing-braces -Wparentheses -Wswitch -Wno-unused-function -Wno-unused-label -Wno-unused-parameter -Wno-unused-variable -Wunused-value -Wno-empty-body -Wno-uninitialized -Wno-unknown-pragmas -w -Wno-shadow -Wno-four-char-constants -Wno-conversion -Wno-constant-conversion -Wno-int-conversion -Wno-bool-conversion -Wno-enum-conversion -Wno-float-conversion -Wno-non-literal-null-conversion -Wno-objc-literal-conversion -Wshorten-64-to-32 -Wpointer-sign -Wno-newline-eof -Wno-selector -Wno-strict-selector-match -Wno-undeclared-selector -Wno-deprecated-implementations -Wno-implicit-fallthrough -fstrict-aliasing -Wprotocol -Wdeprecated-declarations -Wno-sign-conversion -Wno-infinite-recursion -Wno-comma -Wno-block-capture-autoreleasing -Wno-strict-prototypes -Wno-semicolon-before-method-body -index-store-path /Users/aleks/Library/Developer/Xcode/DerivedData/PlanItApp-gkehojshtcbfvhersqwajfujohau/Index.noindex/DataStore @/Users/aleks/Library/Developer/Xcode/DerivedData/PlanItApp-gkehojshtcbfvhersqwajfujohau/Build/Intermediates.noindex/Firebase.build/Debug-iphonesimulator/FirebaseCore.build/Objects-normal/arm64/e6072d4f65d7061329687fe24e3d63a7-common-args.resp -include /Users/aleks/Library/Developer/Xcode/DerivedData/PlanItApp-gkehojshtcbfvhersqwajfujohau/Build/Intermediates.noindex/Firebase.build/Debug-iphonesimulator/FirebaseCore.build/DerivedSources/resource_bundle_accessor.h -MMD -MT dependencies -MF /Users/aleks/Library/Developer/Xcode/DerivedData/PlanItApp-gkehojshtcbfvhersqwajfujohau/Build/Intermediates.noindex/Firebase.build/Debug-iphonesimulator/FirebaseCore.build/Objects-normal/arm64/FIRLogger.d --serialize-diagnostics /Users/aleks/Library/Developer/Xcode/DerivedData/PlanItApp-gkehojshtcbfvhersqwajfujohau/Build/Intermediates.noindex/Firebase.build/Debug-iphonesimulator/FirebaseCore.build/Objects-normal/arm64/FIRLogger.dia -c /Users/aleks/Library/Developer/Xcode/DerivedData/PlanItApp-gkehojshtcbfvhersqwajfujohau/SourcePackages/checkouts/firebase-ios-sdk/FirebaseCore/Sources/FIRLogger.m -o /Users/aleks/Library/Developer/Xcode/DerivedData/PlanItApp-gkehojshtcbfvhersqwajfujohau/Build/Intermediates.noindex/Firebase.build/Debug-iphonesimulator/FirebaseCore.build/Objects-normal/arm64/FIRLogger.o -index-unit-output-path /Firebase.build/Debug-iphonesimulator/FirebaseCore.build/Objects-normal/arm64/FIRLogger.o

ScanDependencies /Users/aleks/Library/Developer/Xcode/DerivedData/PlanItApp-gkehojshtcbfvhersqwajfujohau/Build/Intermediates.noindex/Firebase.build/Debug-iphonesimulator/FirebaseCore.build/Objects-normal/arm64/FIRHeartbeatLogger.o /Users/aleks/Library/Developer/Xcode/DerivedData/PlanItApp-gkehojshtcbfvhersqwajfujohau/SourcePackages/checkouts/firebase-ios-sdk/FirebaseCore/Sources/FIRHeartbeatLogger.m normal arm64 objective-c com.apple.compilers.llvm.clang.1_0.compiler (in target 'FirebaseCore' from project 'Firebase')
    cd /Users/aleks/Desktop/PlanItApp/PlanItApp.xcodeproj
    
    Using response file: /Users/aleks/Library/Developer/Xcode/DerivedData/PlanItApp-gkehojshtcbfvhersqwajfujohau/Build/Intermediates.noindex/Firebase.build/Debug-iphonesimulator/FirebaseCore.build/Objects-normal/arm64/e6072d4f65d7061329687fe24e3d63a7-common-args.resp
    
    builtin-ScanDependencies -o /Users/aleks/Library/Developer/Xcode/DerivedData/PlanItApp-gkehojshtcbfvhersqwajfujohau/Build/Intermediates.noindex/Firebase.build/Debug-iphonesimulator/FirebaseCore.build/Objects-normal/arm64/FIRHeartbeatLogger.o.scan -- /Applications/Xcode.app/Contents/Developer/Toolchains/XcodeDefault.xctoolchain/usr/bin/clang -x objective-c -ivfsstatcache /Users/aleks/Library/Developer/Xcode/DerivedData/SDKStatCaches.noindex/iphonesimulator18.5-22F76-d5fc8ad4295d2ef488fb7d0f804ce0c4.sdkstatcache -fmessage-length\=0 -fdiagnostics-show-note-include-stack -fmacro-backtrace-limit\=0 -fno-color-diagnostics -fmodules-prune-interval\=86400 -fmodules-prune-after\=345600 -fbuild-session-file\=/Users/aleks/Library/Developer/Xcode/DerivedData/ModuleCache.noindex/Session.modulevalidation -fmodules-validate-once-per-build-session -Wnon-modular-include-in-framework-module -Werror\=non-modular-include-in-framework-module -Wno-trigraphs -Wno-missing-field-initializers -Wno-missing-prototypes -Wno-return-type -Wno-implicit-atomic-properties -Wno-objc-interface-ivars -Wno-arc-repeated-use-of-weak -Wno-missing-braces -Wparentheses -Wswitch -Wno-unused-function -Wno-unused-label -Wno-unused-parameter -Wno-unused-variable -Wunused-value -Wno-empty-body -Wno-uninitialized -Wno-unknown-pragmas -w -Wno-shadow -Wno-four-char-constants -Wno-conversion -Wno-constant-conversion -Wno-int-conversion -Wno-bool-conversion -Wno-enum-conversion -Wno-float-conversion -Wno-non-literal-null-conversion -Wno-objc-literal-conversion -Wshorten-64-to-32 -Wpointer-sign -Wno-newline-eof -Wno-selector -Wno-strict-selector-match -Wno-undeclared-selector -Wno-deprecated-implementations -Wno-implicit-fallthrough -fstrict-aliasing -Wprotocol -Wdeprecated-declarations -Wno-sign-conversion -Wno-infinite-recursion -Wno-comma -Wno-block-capture-autoreleasing -Wno-strict-prototypes -Wno-semicolon-before-method-body -index-store-path /Users/aleks/Library/Developer/Xcode/DerivedData/PlanItApp-gkehojshtcbfvhersqwajfujohau/Index.noindex/DataStore @/Users/aleks/Library/Developer/Xcode/DerivedData/PlanItApp-gkehojshtcbfvhersqwajfujohau/Build/Intermediates.noindex/Firebase.build/Debug-iphonesimulator/FirebaseCore.build/Objects-normal/arm64/e6072d4f65d7061329687fe24e3d63a7-common-args.resp -include /Users/aleks/Library/Developer/Xcode/DerivedData/PlanItApp-gkehojshtcbfvhersqwajfujohau/Build/Intermediates.noindex/Firebase.build/Debug-iphonesimulator/FirebaseCore.build/DerivedSources/resource_bundle_accessor.h -MMD -MT dependencies -MF /Users/aleks/Library/Developer/Xcode/DerivedData/PlanItApp-gkehojshtcbfvhersqwajfujohau/Build/Intermediates.noindex/Firebase.build/Debug-iphonesimulator/FirebaseCore.build/Objects-normal/arm64/FIRHeartbeatLogger.d --serialize-diagnostics /Users/aleks/Library/Developer/Xcode/DerivedData/PlanItApp-gkehojshtcbfvhersqwajfujohau/Build/Intermediates.noindex/Firebase.build/Debug-iphonesimulator/FirebaseCore.build/Objects-normal/arm64/FIRHeartbeatLogger.dia -c /Users/aleks/Library/Developer/Xcode/DerivedData/PlanItApp-gkehojshtcbfvhersqwajfujohau/SourcePackages/checkouts/firebase-ios-sdk/FirebaseCore/Sources/FIRHeartbeatLogger.m -o /Users/aleks/Library/Developer/Xcode/DerivedData/PlanItApp-gkehojshtcbfvhersqwajfujohau/Build/Intermediates.noindex/Firebase.build/Debug-iphonesimulator/FirebaseCore.build/Objects-normal/arm64/FIRHeartbeatLogger.o -index-unit-output-path /Firebase.build/Debug-iphonesimulator/FirebaseCore.build/Objects-normal/arm64/FIRHeartbeatLogger.o

ScanDependencies /Users/aleks/Library/Developer/Xcode/DerivedData/PlanItApp-gkehojshtcbfvhersqwajfujohau/Build/Intermediates.noindex/Firebase.build/Debug-iphonesimulator/FirebaseCore.build/Objects-normal/arm64/FIRFirebaseUserAgent.o /Users/aleks/Library/Developer/Xcode/DerivedData/PlanItApp-gkehojshtcbfvhersqwajfujohau/SourcePackages/checkouts/firebase-ios-sdk/FirebaseCore/Sources/FIRFirebaseUserAgent.m normal arm64 objective-c com.apple.compilers.llvm.clang.1_0.compiler (in target 'FirebaseCore' from project 'Firebase')
    cd /Users/aleks/Desktop/PlanItApp/PlanItApp.xcodeproj
    
    Using response file: /Users/aleks/Library/Developer/Xcode/DerivedData/PlanItApp-gkehojshtcbfvhersqwajfujohau/Build/Intermediates.noindex/Firebase.build/Debug-iphonesimulator/FirebaseCore.build/Objects-normal/arm64/e6072d4f65d7061329687fe24e3d63a7-common-args.resp
    
    builtin-ScanDependencies -o /Users/aleks/Library/Developer/Xcode/DerivedData/PlanItApp-gkehojshtcbfvhersqwajfujohau/Build/Intermediates.noindex/Firebase.build/Debug-iphonesimulator/FirebaseCore.build/Objects-normal/arm64/FIRFirebaseUserAgent.o.scan -- /Applications/Xcode.app/Contents/Developer/Toolchains/XcodeDefault.xctoolchain/usr/bin/clang -x objective-c -ivfsstatcache /Users/aleks/Library/Developer/Xcode/DerivedData/SDKStatCaches.noindex/iphonesimulator18.5-22F76-d5fc8ad4295d2ef488fb7d0f804ce0c4.sdkstatcache -fmessage-length\=0 -fdiagnostics-show-note-include-stack -fmacro-backtrace-limit\=0 -fno-color-diagnostics -fmodules-prune-interval\=86400 -fmodules-prune-after\=345600 -fbuild-session-file\=/Users/aleks/Library/Developer/Xcode/DerivedData/ModuleCache.noindex/Session.modulevalidation -fmodules-validate-once-per-build-session -Wnon-modular-include-in-framework-module -Werror\=non-modular-include-in-framework-module -Wno-trigraphs -Wno-missing-field-initializers -Wno-missing-prototypes -Wno-return-type -Wno-implicit-atomic-properties -Wno-objc-interface-ivars -Wno-arc-repeated-use-of-weak -Wno-missing-braces -Wparentheses -Wswitch -Wno-unused-function -Wno-unused-label -Wno-unused-parameter -Wno-unused-variable -Wunused-value -Wno-empty-body -Wno-uninitialized -Wno-unknown-pragmas -w -Wno-shadow -Wno-four-char-constants -Wno-conversion -Wno-constant-conversion -Wno-int-conversion -Wno-bool-conversion -Wno-enum-conversion -Wno-float-conversion -Wno-non-literal-null-conversion -Wno-objc-literal-conversion -Wshorten-64-to-32 -Wpointer-sign -Wno-newline-eof -Wno-selector -Wno-strict-selector-match -Wno-undeclared-selector -Wno-deprecated-implementations -Wno-implicit-fallthrough -fstrict-aliasing -Wprotocol -Wdeprecated-declarations -Wno-sign-conversion -Wno-infinite-recursion -Wno-comma -Wno-block-capture-autoreleasing -Wno-strict-prototypes -Wno-semicolon-before-method-body -index-store-path /Users/aleks/Library/Developer/Xcode/DerivedData/PlanItApp-gkehojshtcbfvhersqwajfujohau/Index.noindex/DataStore @/Users/aleks/Library/Developer/Xcode/DerivedData/PlanItApp-gkehojshtcbfvhersqwajfujohau/Build/Intermediates.noindex/Firebase.build/Debug-iphonesimulator/FirebaseCore.build/Objects-normal/arm64/e6072d4f65d7061329687fe24e3d63a7-common-args.resp -include /Users/aleks/Library/Developer/Xcode/DerivedData/PlanItApp-gkehojshtcbfvhersqwajfujohau/Build/Intermediates.noindex/Firebase.build/Debug-iphonesimulator/FirebaseCore.build/DerivedSources/resource_bundle_accessor.h -MMD -MT dependencies -MF /Users/aleks/Library/Developer/Xcode/DerivedData/PlanItApp-gkehojshtcbfvhersqwajfujohau/Build/Intermediates.noindex/Firebase.build/Debug-iphonesimulator/FirebaseCore.build/Objects-normal/arm64/FIRFirebaseUserAgent.d --serialize-diagnostics /Users/aleks/Library/Developer/Xcode/DerivedData/PlanItApp-gkehojshtcbfvhersqwajfujohau/Build/Intermediates.noindex/Firebase.build/Debug-iphonesimulator/FirebaseCore.build/Objects-normal/arm64/FIRFirebaseUserAgent.dia -c /Users/aleks/Library/Developer/Xcode/DerivedData/PlanItApp-gkehojshtcbfvhersqwajfujohau/SourcePackages/checkouts/firebase-ios-sdk/FirebaseCore/Sources/FIRFirebaseUserAgent.m -o /Users/aleks/Library/Developer/Xcode/DerivedData/PlanItApp-gkehojshtcbfvhersqwajfujohau/Build/Intermediates.noindex/Firebase.build/Debug-iphonesimulator/FirebaseCore.build/Objects-normal/arm64/FIRFirebaseUserAgent.o -index-unit-output-path /Firebase.build/Debug-iphonesimulator/FirebaseCore.build/Objects-normal/arm64/FIRFirebaseUserAgent.o

ScanDependencies /Users/aleks/Library/Developer/Xcode/DerivedData/PlanItApp-gkehojshtcbfvhersqwajfujohau/Build/Intermediates.noindex/Firebase.build/Debug-iphonesimulator/FirebaseCore.build/Objects-normal/arm64/FIRConfiguration.o /Users/aleks/Library/Developer/Xcode/DerivedData/PlanItApp-gkehojshtcbfvhersqwajfujohau/SourcePackages/checkouts/firebase-ios-sdk/FirebaseCore/Sources/FIRConfiguration.m normal arm64 objective-c com.apple.compilers.llvm.clang.1_0.compiler (in target 'FirebaseCore' from project 'Firebase')
    cd /Users/aleks/Desktop/PlanItApp/PlanItApp.xcodeproj
    
    Using response file: /Users/aleks/Library/Developer/Xcode/DerivedData/PlanItApp-gkehojshtcbfvhersqwajfujohau/Build/Intermediates.noindex/Firebase.build/Debug-iphonesimulator/FirebaseCore.build/Objects-normal/arm64/e6072d4f65d7061329687fe24e3d63a7-common-args.resp
    
    builtin-ScanDependencies -o /Users/aleks/Library/Developer/Xcode/DerivedData/PlanItApp-gkehojshtcbfvhersqwajfujohau/Build/Intermediates.noindex/Firebase.build/Debug-iphonesimulator/FirebaseCore.build/Objects-normal/arm64/FIRConfiguration.o.scan -- /Applications/Xcode.app/Contents/Developer/Toolchains/XcodeDefault.xctoolchain/usr/bin/clang -x objective-c -ivfsstatcache /Users/aleks/Library/Developer/Xcode/DerivedData/SDKStatCaches.noindex/iphonesimulator18.5-22F76-d5fc8ad4295d2ef488fb7d0f804ce0c4.sdkstatcache -fmessage-length\=0 -fdiagnostics-show-note-include-stack -fmacro-backtrace-limit\=0 -fno-color-diagnostics -fmodules-prune-interval\=86400 -fmodules-prune-after\=345600 -fbuild-session-file\=/Users/aleks/Library/Developer/Xcode/DerivedData/ModuleCache.noindex/Session.modulevalidation -fmodules-validate-once-per-build-session -Wnon-modular-include-in-framework-module -Werror\=non-modular-include-in-framework-module -Wno-trigraphs -Wno-missing-field-initializers -Wno-missing-prototypes -Wno-return-type -Wno-implicit-atomic-properties -Wno-objc-interface-ivars -Wno-arc-repeated-use-of-weak -Wno-missing-braces -Wparentheses -Wswitch -Wno-unused-function -Wno-unused-label -Wno-unused-parameter -Wno-unused-variable -Wunused-value -Wno-empty-body -Wno-uninitialized -Wno-unknown-pragmas -w -Wno-shadow -Wno-four-char-constants -Wno-conversion -Wno-constant-conversion -Wno-int-conversion -Wno-bool-conversion -Wno-enum-conversion -Wno-float-conversion -Wno-non-literal-null-conversion -Wno-objc-literal-conversion -Wshorten-64-to-32 -Wpointer-sign -Wno-newline-eof -Wno-selector -Wno-strict-selector-match -Wno-undeclared-selector -Wno-deprecated-implementations -Wno-implicit-fallthrough -fstrict-aliasing -Wprotocol -Wdeprecated-declarations -Wno-sign-conversion -Wno-infinite-recursion -Wno-comma -Wno-block-capture-autoreleasing -Wno-strict-prototypes -Wno-semicolon-before-method-body -index-store-path /Users/aleks/Library/Developer/Xcode/DerivedData/PlanItApp-gkehojshtcbfvhersqwajfujohau/Index.noindex/DataStore @/Users/aleks/Library/Developer/Xcode/DerivedData/PlanItApp-gkehojshtcbfvhersqwajfujohau/Build/Intermediates.noindex/Firebase.build/Debug-iphonesimulator/FirebaseCore.build/Objects-normal/arm64/e6072d4f65d7061329687fe24e3d63a7-common-args.resp -include /Users/aleks/Library/Developer/Xcode/DerivedData/PlanItApp-gkehojshtcbfvhersqwajfujohau/Build/Intermediates.noindex/Firebase.build/Debug-iphonesimulator/FirebaseCore.build/DerivedSources/resource_bundle_accessor.h -MMD -MT dependencies -MF /Users/aleks/Library/Developer/Xcode/DerivedData/PlanItApp-gkehojshtcbfvhersqwajfujohau/Build/Intermediates.noindex/Firebase.build/Debug-iphonesimulator/FirebaseCore.build/Objects-normal/arm64/FIRConfiguration.d --serialize-diagnostics /Users/aleks/Library/Developer/Xcode/DerivedData/PlanItApp-gkehojshtcbfvhersqwajfujohau/Build/Intermediates.noindex/Firebase.build/Debug-iphonesimulator/FirebaseCore.build/Objects-normal/arm64/FIRConfiguration.dia -c /Users/aleks/Library/Developer/Xcode/DerivedData/PlanItApp-gkehojshtcbfvhersqwajfujohau/SourcePackages/checkouts/firebase-ios-sdk/FirebaseCore/Sources/FIRConfiguration.m -o /Users/aleks/Library/Developer/Xcode/DerivedData/PlanItApp-gkehojshtcbfvhersqwajfujohau/Build/Intermediates.noindex/Firebase.build/Debug-iphonesimulator/FirebaseCore.build/Objects-normal/arm64/FIRConfiguration.o -index-unit-output-path /Firebase.build/Debug-iphonesimulator/FirebaseCore.build/Objects-normal/arm64/FIRConfiguration.o

SwiftEmitModule normal arm64 Emitting\ module\ for\ FirebaseAuth (in target 'FirebaseAuth' from project 'Firebase')
EmitSwiftModule normal arm64 (in target 'FirebaseAuth' from project 'Firebase')
    cd /Users/aleks/Desktop/PlanItApp/PlanItApp.xcodeproj
    

ScanDependencies /Users/aleks/Library/Developer/Xcode/DerivedData/PlanItApp-gkehojshtcbfvhersqwajfujohau/Build/Intermediates.noindex/Firebase.build/Debug-iphonesimulator/FirebaseCore.build/Objects-normal/arm64/FIRComponentType.o /Users/aleks/Library/Developer/Xcode/DerivedData/PlanItApp-gkehojshtcbfvhersqwajfujohau/SourcePackages/checkouts/firebase-ios-sdk/FirebaseCore/Sources/FIRComponentType.m normal arm64 objective-c com.apple.compilers.llvm.clang.1_0.compiler (in target 'FirebaseCore' from project 'Firebase')
    cd /Users/aleks/Desktop/PlanItApp/PlanItApp.xcodeproj
    
    Using response file: /Users/aleks/Library/Developer/Xcode/DerivedData/PlanItApp-gkehojshtcbfvhersqwajfujohau/Build/Intermediates.noindex/Firebase.build/Debug-iphonesimulator/FirebaseCore.build/Objects-normal/arm64/e6072d4f65d7061329687fe24e3d63a7-common-args.resp
    
    builtin-ScanDependencies -o /Users/aleks/Library/Developer/Xcode/DerivedData/PlanItApp-gkehojshtcbfvhersqwajfujohau/Build/Intermediates.noindex/Firebase.build/Debug-iphonesimulator/FirebaseCore.build/Objects-normal/arm64/FIRComponentType.o.scan -- /Applications/Xcode.app/Contents/Developer/Toolchains/XcodeDefault.xctoolchain/usr/bin/clang -x objective-c -ivfsstatcache /Users/aleks/Library/Developer/Xcode/DerivedData/SDKStatCaches.noindex/iphonesimulator18.5-22F76-d5fc8ad4295d2ef488fb7d0f804ce0c4.sdkstatcache -fmessage-length\=0 -fdiagnostics-show-note-include-stack -fmacro-backtrace-limit\=0 -fno-color-diagnostics -fmodules-prune-interval\=86400 -fmodules-prune-after\=345600 -fbuild-session-file\=/Users/aleks/Library/Developer/Xcode/DerivedData/ModuleCache.noindex/Session.modulevalidation -fmodules-validate-once-per-build-session -Wnon-modular-include-in-framework-module -Werror\=non-modular-include-in-framework-module -Wno-trigraphs -Wno-missing-field-initializers -Wno-missing-prototypes -Wno-return-type -Wno-implicit-atomic-properties -Wno-objc-interface-ivars -Wno-arc-repeated-use-of-weak -Wno-missing-braces -Wparentheses -Wswitch -Wno-unused-function -Wno-unused-label -Wno-unused-parameter -Wno-unused-variable -Wunused-value -Wno-empty-body -Wno-uninitialized -Wno-unknown-pragmas -w -Wno-shadow -Wno-four-char-constants -Wno-conversion -Wno-constant-conversion -Wno-int-conversion -Wno-bool-conversion -Wno-enum-conversion -Wno-float-conversion -Wno-non-literal-null-conversion -Wno-objc-literal-conversion -Wshorten-64-to-32 -Wpointer-sign -Wno-newline-eof -Wno-selector -Wno-strict-selector-match -Wno-undeclared-selector -Wno-deprecated-implementations -Wno-implicit-fallthrough -fstrict-aliasing -Wprotocol -Wdeprecated-declarations -Wno-sign-conversion -Wno-infinite-recursion -Wno-comma -Wno-block-capture-autoreleasing -Wno-strict-prototypes -Wno-semicolon-before-method-body -index-store-path /Users/aleks/Library/Developer/Xcode/DerivedData/PlanItApp-gkehojshtcbfvhersqwajfujohau/Index.noindex/DataStore @/Users/aleks/Library/Developer/Xcode/DerivedData/PlanItApp-gkehojshtcbfvhersqwajfujohau/Build/Intermediates.noindex/Firebase.build/Debug-iphonesimulator/FirebaseCore.build/Objects-normal/arm64/e6072d4f65d7061329687fe24e3d63a7-common-args.resp -include /Users/aleks/Library/Developer/Xcode/DerivedData/PlanItApp-gkehojshtcbfvhersqwajfujohau/Build/Intermediates.noindex/Firebase.build/Debug-iphonesimulator/FirebaseCore.build/DerivedSources/resource_bundle_accessor.h -MMD -MT dependencies -MF /Users/aleks/Library/Developer/Xcode/DerivedData/PlanItApp-gkehojshtcbfvhersqwajfujohau/Build/Intermediates.noindex/Firebase.build/Debug-iphonesimulator/FirebaseCore.build/Objects-normal/arm64/FIRComponentType.d --serialize-diagnostics /Users/aleks/Library/Developer/Xcode/DerivedData/PlanItApp-gkehojshtcbfvhersqwajfujohau/Build/Intermediates.noindex/Firebase.build/Debug-iphonesimulator/FirebaseCore.build/Objects-normal/arm64/FIRComponentType.dia -c /Users/aleks/Library/Developer/Xcode/DerivedData/PlanItApp-gkehojshtcbfvhersqwajfujohau/SourcePackages/checkouts/firebase-ios-sdk/FirebaseCore/Sources/FIRComponentType.m -o /Users/aleks/Library/Developer/Xcode/DerivedData/PlanItApp-gkehojshtcbfvhersqwajfujohau/Build/Intermediates.noindex/Firebase.build/Debug-iphonesimulator/FirebaseCore.build/Objects-normal/arm64/FIRComponentType.o -index-unit-output-path /Firebase.build/Debug-iphonesimulator/FirebaseCore.build/Objects-normal/arm64/FIRComponentType.o

ScanDependencies /Users/aleks/Library/Developer/Xcode/DerivedData/PlanItApp-gkehojshtcbfvhersqwajfujohau/Build/Intermediates.noindex/Firebase.build/Debug-iphonesimulator/FirebaseCore.build/Objects-normal/arm64/FIRComponentContainer.o /Users/aleks/Library/Developer/Xcode/DerivedData/PlanItApp-gkehojshtcbfvhersqwajfujohau/SourcePackages/checkouts/firebase-ios-sdk/FirebaseCore/Sources/FIRComponentContainer.m normal arm64 objective-c com.apple.compilers.llvm.clang.1_0.compiler (in target 'FirebaseCore' from project 'Firebase')
    cd /Users/aleks/Desktop/PlanItApp/PlanItApp.xcodeproj
    
    Using response file: /Users/aleks/Library/Developer/Xcode/DerivedData/PlanItApp-gkehojshtcbfvhersqwajfujohau/Build/Intermediates.noindex/Firebase.build/Debug-iphonesimulator/FirebaseCore.build/Objects-normal/arm64/e6072d4f65d7061329687fe24e3d63a7-common-args.resp
    
    builtin-ScanDependencies -o /Users/aleks/Library/Developer/Xcode/DerivedData/PlanItApp-gkehojshtcbfvhersqwajfujohau/Build/Intermediates.noindex/Firebase.build/Debug-iphonesimulator/FirebaseCore.build/Objects-normal/arm64/FIRComponentContainer.o.scan -- /Applications/Xcode.app/Contents/Developer/Toolchains/XcodeDefault.xctoolchain/usr/bin/clang -x objective-c -ivfsstatcache /Users/aleks/Library/Developer/Xcode/DerivedData/SDKStatCaches.noindex/iphonesimulator18.5-22F76-d5fc8ad4295d2ef488fb7d0f804ce0c4.sdkstatcache -fmessage-length\=0 -fdiagnostics-show-note-include-stack -fmacro-backtrace-limit\=0 -fno-color-diagnostics -fmodules-prune-interval\=86400 -fmodules-prune-after\=345600 -fbuild-session-file\=/Users/aleks/Library/Developer/Xcode/DerivedData/ModuleCache.noindex/Session.modulevalidation -fmodules-validate-once-per-build-session -Wnon-modular-include-in-framework-module -Werror\=non-modular-include-in-framework-module -Wno-trigraphs -Wno-missing-field-initializers -Wno-missing-prototypes -Wno-return-type -Wno-implicit-atomic-properties -Wno-objc-interface-ivars -Wno-arc-repeated-use-of-weak -Wno-missing-braces -Wparentheses -Wswitch -Wno-unused-function -Wno-unused-label -Wno-unused-parameter -Wno-unused-variable -Wunused-value -Wno-empty-body -Wno-uninitialized -Wno-unknown-pragmas -w -Wno-shadow -Wno-four-char-constants -Wno-conversion -Wno-constant-conversion -Wno-int-conversion -Wno-bool-conversion -Wno-enum-conversion -Wno-float-conversion -Wno-non-literal-null-conversion -Wno-objc-literal-conversion -Wshorten-64-to-32 -Wpointer-sign -Wno-newline-eof -Wno-selector -Wno-strict-selector-match -Wno-undeclared-selector -Wno-deprecated-implementations -Wno-implicit-fallthrough -fstrict-aliasing -Wprotocol -Wdeprecated-declarations -Wno-sign-conversion -Wno-infinite-recursion -Wno-comma -Wno-block-capture-autoreleasing -Wno-strict-prototypes -Wno-semicolon-before-method-body -index-store-path /Users/aleks/Library/Developer/Xcode/DerivedData/PlanItApp-gkehojshtcbfvhersqwajfujohau/Index.noindex/DataStore @/Users/aleks/Library/Developer/Xcode/DerivedData/PlanItApp-gkehojshtcbfvhersqwajfujohau/Build/Intermediates.noindex/Firebase.build/Debug-iphonesimulator/FirebaseCore.build/Objects-normal/arm64/e6072d4f65d7061329687fe24e3d63a7-common-args.resp -include /Users/aleks/Library/Developer/Xcode/DerivedData/PlanItApp-gkehojshtcbfvhersqwajfujohau/Build/Intermediates.noindex/Firebase.build/Debug-iphonesimulator/FirebaseCore.build/DerivedSources/resource_bundle_accessor.h -MMD -MT dependencies -MF /Users/aleks/Library/Developer/Xcode/DerivedData/PlanItApp-gkehojshtcbfvhersqwajfujohau/Build/Intermediates.noindex/Firebase.build/Debug-iphonesimulator/FirebaseCore.build/Objects-normal/arm64/FIRComponentContainer.d --serialize-diagnostics /Users/aleks/Library/Developer/Xcode/DerivedData/PlanItApp-gkehojshtcbfvhersqwajfujohau/Build/Intermediates.noindex/Firebase.build/Debug-iphonesimulator/FirebaseCore.build/Objects-normal/arm64/FIRComponentContainer.dia -c /Users/aleks/Library/Developer/Xcode/DerivedData/PlanItApp-gkehojshtcbfvhersqwajfujohau/SourcePackages/checkouts/firebase-ios-sdk/FirebaseCore/Sources/FIRComponentContainer.m -o /Users/aleks/Library/Developer/Xcode/DerivedData/PlanItApp-gkehojshtcbfvhersqwajfujohau/Build/Intermediates.noindex/Firebase.build/Debug-iphonesimulator/FirebaseCore.build/Objects-normal/arm64/FIRComponentContainer.o -index-unit-output-path /Firebase.build/Debug-iphonesimulator/FirebaseCore.build/Objects-normal/arm64/FIRComponentContainer.o

ScanDependencies /Users/aleks/Library/Developer/Xcode/DerivedData/PlanItApp-gkehojshtcbfvhersqwajfujohau/Build/Intermediates.noindex/Firebase.build/Debug-iphonesimulator/FirebaseCore.build/Objects-normal/arm64/FIRComponent.o /Users/aleks/Library/Developer/Xcode/DerivedData/PlanItApp-gkehojshtcbfvhersqwajfujohau/SourcePackages/checkouts/firebase-ios-sdk/FirebaseCore/Sources/FIRComponent.m normal arm64 objective-c com.apple.compilers.llvm.clang.1_0.compiler (in target 'FirebaseCore' from project 'Firebase')
    cd /Users/aleks/Desktop/PlanItApp/PlanItApp.xcodeproj
    
    Using response file: /Users/aleks/Library/Developer/Xcode/DerivedData/PlanItApp-gkehojshtcbfvhersqwajfujohau/Build/Intermediates.noindex/Firebase.build/Debug-iphonesimulator/FirebaseCore.build/Objects-normal/arm64/e6072d4f65d7061329687fe24e3d63a7-common-args.resp
    
    builtin-ScanDependencies -o /Users/aleks/Library/Developer/Xcode/DerivedData/PlanItApp-gkehojshtcbfvhersqwajfujohau/Build/Intermediates.noindex/Firebase.build/Debug-iphonesimulator/FirebaseCore.build/Objects-normal/arm64/FIRComponent.o.scan -- /Applications/Xcode.app/Contents/Developer/Toolchains/XcodeDefault.xctoolchain/usr/bin/clang -x objective-c -ivfsstatcache /Users/aleks/Library/Developer/Xcode/DerivedData/SDKStatCaches.noindex/iphonesimulator18.5-22F76-d5fc8ad4295d2ef488fb7d0f804ce0c4.sdkstatcache -fmessage-length\=0 -fdiagnostics-show-note-include-stack -fmacro-backtrace-limit\=0 -fno-color-diagnostics -fmodules-prune-interval\=86400 -fmodules-prune-after\=345600 -fbuild-session-file\=/Users/aleks/Library/Developer/Xcode/DerivedData/ModuleCache.noindex/Session.modulevalidation -fmodules-validate-once-per-build-session -Wnon-modular-include-in-framework-module -Werror\=non-modular-include-in-framework-module -Wno-trigraphs -Wno-missing-field-initializers -Wno-missing-prototypes -Wno-return-type -Wno-implicit-atomic-properties -Wno-objc-interface-ivars -Wno-arc-repeated-use-of-weak -Wno-missing-braces -Wparentheses -Wswitch -Wno-unused-function -Wno-unused-label -Wno-unused-parameter -Wno-unused-variable -Wunused-value -Wno-empty-body -Wno-uninitialized -Wno-unknown-pragmas -w -Wno-shadow -Wno-four-char-constants -Wno-conversion -Wno-constant-conversion -Wno-int-conversion -Wno-bool-conversion -Wno-enum-conversion -Wno-float-conversion -Wno-non-literal-null-conversion -Wno-objc-literal-conversion -Wshorten-64-to-32 -Wpointer-sign -Wno-newline-eof -Wno-selector -Wno-strict-selector-match -Wno-undeclared-selector -Wno-deprecated-implementations -Wno-implicit-fallthrough -fstrict-aliasing -Wprotocol -Wdeprecated-declarations -Wno-sign-conversion -Wno-infinite-recursion -Wno-comma -Wno-block-capture-autoreleasing -Wno-strict-prototypes -Wno-semicolon-before-method-body -index-store-path /Users/aleks/Library/Developer/Xcode/DerivedData/PlanItApp-gkehojshtcbfvhersqwajfujohau/Index.noindex/DataStore @/Users/aleks/Library/Developer/Xcode/DerivedData/PlanItApp-gkehojshtcbfvhersqwajfujohau/Build/Intermediates.noindex/Firebase.build/Debug-iphonesimulator/FirebaseCore.build/Objects-normal/arm64/e6072d4f65d7061329687fe24e3d63a7-common-args.resp -include /Users/aleks/Library/Developer/Xcode/DerivedData/PlanItApp-gkehojshtcbfvhersqwajfujohau/Build/Intermediates.noindex/Firebase.build/Debug-iphonesimulator/FirebaseCore.build/DerivedSources/resource_bundle_accessor.h -MMD -MT dependencies -MF /Users/aleks/Library/Developer/Xcode/DerivedData/PlanItApp-gkehojshtcbfvhersqwajfujohau/Build/Intermediates.noindex/Firebase.build/Debug-iphonesimulator/FirebaseCore.build/Objects-normal/arm64/FIRComponent.d --serialize-diagnostics /Users/aleks/Library/Developer/Xcode/DerivedData/PlanItApp-gkehojshtcbfvhersqwajfujohau/Build/Intermediates.noindex/Firebase.build/Debug-iphonesimulator/FirebaseCore.build/Objects-normal/arm64/FIRComponent.dia -c /Users/aleks/Library/Developer/Xcode/DerivedData/PlanItApp-gkehojshtcbfvhersqwajfujohau/SourcePackages/checkouts/firebase-ios-sdk/FirebaseCore/Sources/FIRComponent.m -o /Users/aleks/Library/Developer/Xcode/DerivedData/PlanItApp-gkehojshtcbfvhersqwajfujohau/Build/Intermediates.noindex/Firebase.build/Debug-iphonesimulator/FirebaseCore.build/Objects-normal/arm64/FIRComponent.o -index-unit-output-path /Firebase.build/Debug-iphonesimulator/FirebaseCore.build/Objects-normal/arm64/FIRComponent.o

ScanDependencies /Users/aleks/Library/Developer/Xcode/DerivedData/PlanItApp-gkehojshtcbfvhersqwajfujohau/Build/Intermediates.noindex/Firebase.build/Debug-iphonesimulator/FirebaseCore.build/Objects-normal/arm64/FIRBundleUtil.o /Users/aleks/Library/Developer/Xcode/DerivedData/PlanItApp-gkehojshtcbfvhersqwajfujohau/SourcePackages/checkouts/firebase-ios-sdk/FirebaseCore/Sources/FIRBundleUtil.m normal arm64 objective-c com.apple.compilers.llvm.clang.1_0.compiler (in target 'FirebaseCore' from project 'Firebase')
    cd /Users/aleks/Desktop/PlanItApp/PlanItApp.xcodeproj
    
    Using response file: /Users/aleks/Library/Developer/Xcode/DerivedData/PlanItApp-gkehojshtcbfvhersqwajfujohau/Build/Intermediates.noindex/Firebase.build/Debug-iphonesimulator/FirebaseCore.build/Objects-normal/arm64/e6072d4f65d7061329687fe24e3d63a7-common-args.resp
    
    builtin-ScanDependencies -o /Users/aleks/Library/Developer/Xcode/DerivedData/PlanItApp-gkehojshtcbfvhersqwajfujohau/Build/Intermediates.noindex/Firebase.build/Debug-iphonesimulator/FirebaseCore.build/Objects-normal/arm64/FIRBundleUtil.o.scan -- /Applications/Xcode.app/Contents/Developer/Toolchains/XcodeDefault.xctoolchain/usr/bin/clang -x objective-c -ivfsstatcache /Users/aleks/Library/Developer/Xcode/DerivedData/SDKStatCaches.noindex/iphonesimulator18.5-22F76-d5fc8ad4295d2ef488fb7d0f804ce0c4.sdkstatcache -fmessage-length\=0 -fdiagnostics-show-note-include-stack -fmacro-backtrace-limit\=0 -fno-color-diagnostics -fmodules-prune-interval\=86400 -fmodules-prune-after\=345600 -fbuild-session-file\=/Users/aleks/Library/Developer/Xcode/DerivedData/ModuleCache.noindex/Session.modulevalidation -fmodules-validate-once-per-build-session -Wnon-modular-include-in-framework-module -Werror\=non-modular-include-in-framework-module -Wno-trigraphs -Wno-missing-field-initializers -Wno-missing-prototypes -Wno-return-type -Wno-implicit-atomic-properties -Wno-objc-interface-ivars -Wno-arc-repeated-use-of-weak -Wno-missing-braces -Wparentheses -Wswitch -Wno-unused-function -Wno-unused-label -Wno-unused-parameter -Wno-unused-variable -Wunused-value -Wno-empty-body -Wno-uninitialized -Wno-unknown-pragmas -w -Wno-shadow -Wno-four-char-constants -Wno-conversion -Wno-constant-conversion -Wno-int-conversion -Wno-bool-conversion -Wno-enum-conversion -Wno-float-conversion -Wno-non-literal-null-conversion -Wno-objc-literal-conversion -Wshorten-64-to-32 -Wpointer-sign -Wno-newline-eof -Wno-selector -Wno-strict-selector-match -Wno-undeclared-selector -Wno-deprecated-implementations -Wno-implicit-fallthrough -fstrict-aliasing -Wprotocol -Wdeprecated-declarations -Wno-sign-conversion -Wno-infinite-recursion -Wno-comma -Wno-block-capture-autoreleasing -Wno-strict-prototypes -Wno-semicolon-before-method-body -index-store-path /Users/aleks/Library/Developer/Xcode/DerivedData/PlanItApp-gkehojshtcbfvhersqwajfujohau/Index.noindex/DataStore @/Users/aleks/Library/Developer/Xcode/DerivedData/PlanItApp-gkehojshtcbfvhersqwajfujohau/Build/Intermediates.noindex/Firebase.build/Debug-iphonesimulator/FirebaseCore.build/Objects-normal/arm64/e6072d4f65d7061329687fe24e3d63a7-common-args.resp -include /Users/aleks/Library/Developer/Xcode/DerivedData/PlanItApp-gkehojshtcbfvhersqwajfujohau/Build/Intermediates.noindex/Firebase.build/Debug-iphonesimulator/FirebaseCore.build/DerivedSources/resource_bundle_accessor.h -MMD -MT dependencies -MF /Users/aleks/Library/Developer/Xcode/DerivedData/PlanItApp-gkehojshtcbfvhersqwajfujohau/Build/Intermediates.noindex/Firebase.build/Debug-iphonesimulator/FirebaseCore.build/Objects-normal/arm64/FIRBundleUtil.d --serialize-diagnostics /Users/aleks/Library/Developer/Xcode/DerivedData/PlanItApp-gkehojshtcbfvhersqwajfujohau/Build/Intermediates.noindex/Firebase.build/Debug-iphonesimulator/FirebaseCore.build/Objects-normal/arm64/FIRBundleUtil.dia -c /Users/aleks/Library/Developer/Xcode/DerivedData/PlanItApp-gkehojshtcbfvhersqwajfujohau/SourcePackages/checkouts/firebase-ios-sdk/FirebaseCore/Sources/FIRBundleUtil.m -o /Users/aleks/Library/Developer/Xcode/DerivedData/PlanItApp-gkehojshtcbfvhersqwajfujohau/Build/Intermediates.noindex/Firebase.build/Debug-iphonesimulator/FirebaseCore.build/Objects-normal/arm64/FIRBundleUtil.o -index-unit-output-path /Firebase.build/Debug-iphonesimulator/FirebaseCore.build/Objects-normal/arm64/FIRBundleUtil.o

ScanDependencies /Users/aleks/Library/Developer/Xcode/DerivedData/PlanItApp-gkehojshtcbfvhersqwajfujohau/Build/Intermediates.noindex/Firebase.build/Debug-iphonesimulator/FirebaseCore.build/Objects-normal/arm64/FIRApp.o /Users/aleks/Library/Developer/Xcode/DerivedData/PlanItApp-gkehojshtcbfvhersqwajfujohau/SourcePackages/checkouts/firebase-ios-sdk/FirebaseCore/Sources/FIRApp.m normal arm64 objective-c com.apple.compilers.llvm.clang.1_0.compiler (in target 'FirebaseCore' from project 'Firebase')
    cd /Users/aleks/Desktop/PlanItApp/PlanItApp.xcodeproj
    
    Using response file: /Users/aleks/Library/Developer/Xcode/DerivedData/PlanItApp-gkehojshtcbfvhersqwajfujohau/Build/Intermediates.noindex/Firebase.build/Debug-iphonesimulator/FirebaseCore.build/Objects-normal/arm64/e6072d4f65d7061329687fe24e3d63a7-common-args.resp
    
    builtin-ScanDependencies -o /Users/aleks/Library/Developer/Xcode/DerivedData/PlanItApp-gkehojshtcbfvhersqwajfujohau/Build/Intermediates.noindex/Firebase.build/Debug-iphonesimulator/FirebaseCore.build/Objects-normal/arm64/FIRApp.o.scan -- /Applications/Xcode.app/Contents/Developer/Toolchains/XcodeDefault.xctoolchain/usr/bin/clang -x objective-c -ivfsstatcache /Users/aleks/Library/Developer/Xcode/DerivedData/SDKStatCaches.noindex/iphonesimulator18.5-22F76-d5fc8ad4295d2ef488fb7d0f804ce0c4.sdkstatcache -fmessage-length\=0 -fdiagnostics-show-note-include-stack -fmacro-backtrace-limit\=0 -fno-color-diagnostics -fmodules-prune-interval\=86400 -fmodules-prune-after\=345600 -fbuild-session-file\=/Users/aleks/Library/Developer/Xcode/DerivedData/ModuleCache.noindex/Session.modulevalidation -fmodules-validate-once-per-build-session -Wnon-modular-include-in-framework-module -Werror\=non-modular-include-in-framework-module -Wno-trigraphs -Wno-missing-field-initializers -Wno-missing-prototypes -Wno-return-type -Wno-implicit-atomic-properties -Wno-objc-interface-ivars -Wno-arc-repeated-use-of-weak -Wno-missing-braces -Wparentheses -Wswitch -Wno-unused-function -Wno-unused-label -Wno-unused-parameter -Wno-unused-variable -Wunused-value -Wno-empty-body -Wno-uninitialized -Wno-unknown-pragmas -w -Wno-shadow -Wno-four-char-constants -Wno-conversion -Wno-constant-conversion -Wno-int-conversion -Wno-bool-conversion -Wno-enum-conversion -Wno-float-conversion -Wno-non-literal-null-conversion -Wno-objc-literal-conversion -Wshorten-64-to-32 -Wpointer-sign -Wno-newline-eof -Wno-selector -Wno-strict-selector-match -Wno-undeclared-selector -Wno-deprecated-implementations -Wno-implicit-fallthrough -fstrict-aliasing -Wprotocol -Wdeprecated-declarations -Wno-sign-conversion -Wno-infinite-recursion -Wno-comma -Wno-block-capture-autoreleasing -Wno-strict-prototypes -Wno-semicolon-before-method-body -index-store-path /Users/aleks/Library/Developer/Xcode/DerivedData/PlanItApp-gkehojshtcbfvhersqwajfujohau/Index.noindex/DataStore @/Users/aleks/Library/Developer/Xcode/DerivedData/PlanItApp-gkehojshtcbfvhersqwajfujohau/Build/Intermediates.noindex/Firebase.build/Debug-iphonesimulator/FirebaseCore.build/Objects-normal/arm64/e6072d4f65d7061329687fe24e3d63a7-common-args.resp -include /Users/aleks/Library/Developer/Xcode/DerivedData/PlanItApp-gkehojshtcbfvhersqwajfujohau/Build/Intermediates.noindex/Firebase.build/Debug-iphonesimulator/FirebaseCore.build/DerivedSources/resource_bundle_accessor.h -MMD -MT dependencies -MF /Users/aleks/Library/Developer/Xcode/DerivedData/PlanItApp-gkehojshtcbfvhersqwajfujohau/Build/Intermediates.noindex/Firebase.build/Debug-iphonesimulator/FirebaseCore.build/Objects-normal/arm64/FIRApp.d --serialize-diagnostics /Users/aleks/Library/Developer/Xcode/DerivedData/PlanItApp-gkehojshtcbfvhersqwajfujohau/Build/Intermediates.noindex/Firebase.build/Debug-iphonesimulator/FirebaseCore.build/Objects-normal/arm64/FIRApp.dia -c /Users/aleks/Library/Developer/Xcode/DerivedData/PlanItApp-gkehojshtcbfvhersqwajfujohau/SourcePackages/checkouts/firebase-ios-sdk/FirebaseCore/Sources/FIRApp.m -o /Users/aleks/Library/Developer/Xcode/DerivedData/PlanItApp-gkehojshtcbfvhersqwajfujohau/Build/Intermediates.noindex/Firebase.build/Debug-iphonesimulator/FirebaseCore.build/Objects-normal/arm64/FIRApp.o -index-unit-output-path /Firebase.build/Debug-iphonesimulator/FirebaseCore.build/Objects-normal/arm64/FIRApp.o

ScanDependencies /Users/aleks/Library/Developer/Xcode/DerivedData/PlanItApp-gkehojshtcbfvhersqwajfujohau/Build/Intermediates.noindex/Firebase.build/Debug-iphonesimulator/FirebaseCore.build/Objects-normal/arm64/FIRAnalyticsConfiguration.o /Users/aleks/Library/Developer/Xcode/DerivedData/PlanItApp-gkehojshtcbfvhersqwajfujohau/SourcePackages/checkouts/firebase-ios-sdk/FirebaseCore/Sources/FIRAnalyticsConfiguration.m normal arm64 objective-c com.apple.compilers.llvm.clang.1_0.compiler (in target 'FirebaseCore' from project 'Firebase')
    cd /Users/aleks/Desktop/PlanItApp/PlanItApp.xcodeproj
    
    Using response file: /Users/aleks/Library/Developer/Xcode/DerivedData/PlanItApp-gkehojshtcbfvhersqwajfujohau/Build/Intermediates.noindex/Firebase.build/Debug-iphonesimulator/FirebaseCore.build/Objects-normal/arm64/e6072d4f65d7061329687fe24e3d63a7-common-args.resp
    
    builtin-ScanDependencies -o /Users/aleks/Library/Developer/Xcode/DerivedData/PlanItApp-gkehojshtcbfvhersqwajfujohau/Build/Intermediates.noindex/Firebase.build/Debug-iphonesimulator/FirebaseCore.build/Objects-normal/arm64/FIRAnalyticsConfiguration.o.scan -- /Applications/Xcode.app/Contents/Developer/Toolchains/XcodeDefault.xctoolchain/usr/bin/clang -x objective-c -ivfsstatcache /Users/aleks/Library/Developer/Xcode/DerivedData/SDKStatCaches.noindex/iphonesimulator18.5-22F76-d5fc8ad4295d2ef488fb7d0f804ce0c4.sdkstatcache -fmessage-length\=0 -fdiagnostics-show-note-include-stack -fmacro-backtrace-limit\=0 -fno-color-diagnostics -fmodules-prune-interval\=86400 -fmodules-prune-after\=345600 -fbuild-session-file\=/Users/aleks/Library/Developer/Xcode/DerivedData/ModuleCache.noindex/Session.modulevalidation -fmodules-validate-once-per-build-session -Wnon-modular-include-in-framework-module -Werror\=non-modular-include-in-framework-module -Wno-trigraphs -Wno-missing-field-initializers -Wno-missing-prototypes -Wno-return-type -Wno-implicit-atomic-properties -Wno-objc-interface-ivars -Wno-arc-repeated-use-of-weak -Wno-missing-braces -Wparentheses -Wswitch -Wno-unused-function -Wno-unused-label -Wno-unused-parameter -Wno-unused-variable -Wunused-value -Wno-empty-body -Wno-uninitialized -Wno-unknown-pragmas -w -Wno-shadow -Wno-four-char-constants -Wno-conversion -Wno-constant-conversion -Wno-int-conversion -Wno-bool-conversion -Wno-enum-conversion -Wno-float-conversion -Wno-non-literal-null-conversion -Wno-objc-literal-conversion -Wshorten-64-to-32 -Wpointer-sign -Wno-newline-eof -Wno-selector -Wno-strict-selector-match -Wno-undeclared-selector -Wno-deprecated-implementations -Wno-implicit-fallthrough -fstrict-aliasing -Wprotocol -Wdeprecated-declarations -Wno-sign-conversion -Wno-infinite-recursion -Wno-comma -Wno-block-capture-autoreleasing -Wno-strict-prototypes -Wno-semicolon-before-method-body -index-store-path /Users/aleks/Library/Developer/Xcode/DerivedData/PlanItApp-gkehojshtcbfvhersqwajfujohau/Index.noindex/DataStore @/Users/aleks/Library/Developer/Xcode/DerivedData/PlanItApp-gkehojshtcbfvhersqwajfujohau/Build/Intermediates.noindex/Firebase.build/Debug-iphonesimulator/FirebaseCore.build/Objects-normal/arm64/e6072d4f65d7061329687fe24e3d63a7-common-args.resp -include /Users/aleks/Library/Developer/Xcode/DerivedData/PlanItApp-gkehojshtcbfvhersqwajfujohau/Build/Intermediates.noindex/Firebase.build/Debug-iphonesimulator/FirebaseCore.build/DerivedSources/resource_bundle_accessor.h -MMD -MT dependencies -MF /Users/aleks/Library/Developer/Xcode/DerivedData/PlanItApp-gkehojshtcbfvhersqwajfujohau/Build/Intermediates.noindex/Firebase.build/Debug-iphonesimulator/FirebaseCore.build/Objects-normal/arm64/FIRAnalyticsConfiguration.d --serialize-diagnostics /Users/aleks/Library/Developer/Xcode/DerivedData/PlanItApp-gkehojshtcbfvhersqwajfujohau/Build/Intermediates.noindex/Firebase.build/Debug-iphonesimulator/FirebaseCore.build/Objects-normal/arm64/FIRAnalyticsConfiguration.dia -c /Users/aleks/Library/Developer/Xcode/DerivedData/PlanItApp-gkehojshtcbfvhersqwajfujohau/SourcePackages/checkouts/firebase-ios-sdk/FirebaseCore/Sources/FIRAnalyticsConfiguration.m -o /Users/aleks/Library/Developer/Xcode/DerivedData/PlanItApp-gkehojshtcbfvhersqwajfujohau/Build/Intermediates.noindex/Firebase.build/Debug-iphonesimulator/FirebaseCore.build/Objects-normal/arm64/FIRAnalyticsConfiguration.o -index-unit-output-path /Firebase.build/Debug-iphonesimulator/FirebaseCore.build/Objects-normal/arm64/FIRAnalyticsConfiguration.o

SwiftCompile normal arm64 Compiling\ VerifyCustomTokenRequest.swift,\ VerifyCustomTokenResponse.swift,\ VerifyPasswordRequest.swift,\ VerifyPasswordResponse.swift,\ VerifyPhoneNumberRequest.swift,\ VerifyPhoneNumberResponse.swift,\ VerifyClientRequest.swift,\ VerifyClientResponse.swift,\ Base64URLEncodedStringExtension.swift,\ MultiFactor.swift,\ MultiFactorAssertion.swift,\ MultiFactorInfo.swift,\ MultiFactorResolver.swift /Users/aleks/Library/Developer/Xcode/DerivedData/PlanItApp-gkehojshtcbfvhersqwajfujohau/SourcePackages/checkouts/firebase-ios-sdk/FirebaseAuth/Sources/Swift/Backend/RPC/VerifyCustomTokenRequest.swift /Users/aleks/Library/Developer/Xcode/DerivedData/PlanItApp-gkehojshtcbfvhersqwajfujohau/SourcePackages/checkouts/firebase-ios-sdk/FirebaseAuth/Sources/Swift/Backend/RPC/VerifyCustomTokenResponse.swift /Users/aleks/Library/Developer/Xcode/DerivedData/PlanItApp-gkehojshtcbfvhersqwajfujohau/SourcePackages/checkouts/firebase-ios-sdk/FirebaseAuth/Sources/Swift/Backend/RPC/VerifyPasswordRequest.swift /Users/aleks/Library/Developer/Xcode/DerivedData/PlanItApp-gkehojshtcbfvhersqwajfujohau/SourcePackages/checkouts/firebase-ios-sdk/FirebaseAuth/Sources/Swift/Backend/RPC/VerifyPasswordResponse.swift /Users/aleks/Library/Developer/Xcode/DerivedData/PlanItApp-gkehojshtcbfvhersqwajfujohau/SourcePackages/checkouts/firebase-ios-sdk/FirebaseAuth/Sources/Swift/Backend/RPC/VerifyPhoneNumberRequest.swift /Users/aleks/Library/Developer/Xcode/DerivedData/PlanItApp-gkehojshtcbfvhersqwajfujohau/SourcePackages/checkouts/firebase-ios-sdk/FirebaseAuth/Sources/Swift/Backend/RPC/VerifyPhoneNumberResponse.swift /Users/aleks/Library/Developer/Xcode/DerivedData/PlanItApp-gkehojshtcbfvhersqwajfujohau/SourcePackages/checkouts/firebase-ios-sdk/FirebaseAuth/Sources/Swift/Backend/VerifyClientRequest.swift /Users/aleks/Library/Developer/Xcode/DerivedData/PlanItApp-gkehojshtcbfvhersqwajfujohau/SourcePackages/checkouts/firebase-ios-sdk/FirebaseAuth/Sources/Swift/Backend/VerifyClientResponse.swift /Users/aleks/Library/Developer/Xcode/DerivedData/PlanItApp-gkehojshtcbfvhersqwajfujohau/SourcePackages/checkouts/firebase-ios-sdk/FirebaseAuth/Sources/Swift/Base64URLEncodedStringExtension.swift /Users/aleks/Library/Developer/Xcode/DerivedData/PlanItApp-gkehojshtcbfvhersqwajfujohau/SourcePackages/checkouts/firebase-ios-sdk/FirebaseAuth/Sources/Swift/MultiFactor/MultiFactor.swift /Users/aleks/Library/Developer/Xcode/DerivedData/PlanItApp-gkehojshtcbfvhersqwajfujohau/SourcePackages/checkouts/firebase-ios-sdk/FirebaseAuth/Sources/Swift/MultiFactor/MultiFactorAssertion.swift /Users/aleks/Library/Developer/Xcode/DerivedData/PlanItApp-gkehojshtcbfvhersqwajfujohau/SourcePackages/checkouts/firebase-ios-sdk/FirebaseAuth/Sources/Swift/MultiFactor/MultiFactorInfo.swift /Users/aleks/Library/Developer/Xcode/DerivedData/PlanItApp-gkehojshtcbfvhersqwajfujohau/SourcePackages/checkouts/firebase-ios-sdk/FirebaseAuth/Sources/Swift/MultiFactor/MultiFactorResolver.swift (in target 'FirebaseAuth' from project 'Firebase')
SwiftCompile normal arm64 /Users/aleks/Library/Developer/Xcode/DerivedData/PlanItApp-gkehojshtcbfvhersqwajfujohau/SourcePackages/checkouts/firebase-ios-sdk/FirebaseAuth/Sources/Swift/Backend/RPC/VerifyCustomTokenRequest.swift (in target 'FirebaseAuth' from project 'Firebase')
    cd /Users/aleks/Desktop/PlanItApp/PlanItApp.xcodeproj
    

SwiftCompile normal arm64 /Users/aleks/Library/Developer/Xcode/DerivedData/PlanItApp-gkehojshtcbfvhersqwajfujohau/SourcePackages/checkouts/firebase-ios-sdk/FirebaseAuth/Sources/Swift/Backend/RPC/VerifyCustomTokenResponse.swift (in target 'FirebaseAuth' from project 'Firebase')
    cd /Users/aleks/Desktop/PlanItApp/PlanItApp.xcodeproj
    

SwiftCompile normal arm64 /Users/aleks/Library/Developer/Xcode/DerivedData/PlanItApp-gkehojshtcbfvhersqwajfujohau/SourcePackages/checkouts/firebase-ios-sdk/FirebaseAuth/Sources/Swift/Backend/RPC/VerifyPasswordRequest.swift (in target 'FirebaseAuth' from project 'Firebase')
    cd /Users/aleks/Desktop/PlanItApp/PlanItApp.xcodeproj
    

SwiftCompile normal arm64 /Users/aleks/Library/Developer/Xcode/DerivedData/PlanItApp-gkehojshtcbfvhersqwajfujohau/SourcePackages/checkouts/firebase-ios-sdk/FirebaseAuth/Sources/Swift/Backend/RPC/VerifyPasswordResponse.swift (in target 'FirebaseAuth' from project 'Firebase')
    cd /Users/aleks/Desktop/PlanItApp/PlanItApp.xcodeproj
    

SwiftCompile normal arm64 /Users/aleks/Library/Developer/Xcode/DerivedData/PlanItApp-gkehojshtcbfvhersqwajfujohau/SourcePackages/checkouts/firebase-ios-sdk/FirebaseAuth/Sources/Swift/Backend/RPC/VerifyPhoneNumberRequest.swift (in target 'FirebaseAuth' from project 'Firebase')
    cd /Users/aleks/Desktop/PlanItApp/PlanItApp.xcodeproj
    

SwiftCompile normal arm64 /Users/aleks/Library/Developer/Xcode/DerivedData/PlanItApp-gkehojshtcbfvhersqwajfujohau/SourcePackages/checkouts/firebase-ios-sdk/FirebaseAuth/Sources/Swift/Backend/RPC/VerifyPhoneNumberResponse.swift (in target 'FirebaseAuth' from project 'Firebase')
    cd /Users/aleks/Desktop/PlanItApp/PlanItApp.xcodeproj
    

SwiftCompile normal arm64 /Users/aleks/Library/Developer/Xcode/DerivedData/PlanItApp-gkehojshtcbfvhersqwajfujohau/SourcePackages/checkouts/firebase-ios-sdk/FirebaseAuth/Sources/Swift/Backend/VerifyClientRequest.swift (in target 'FirebaseAuth' from project 'Firebase')
    cd /Users/aleks/Desktop/PlanItApp/PlanItApp.xcodeproj
    

SwiftCompile normal arm64 /Users/aleks/Library/Developer/Xcode/DerivedData/PlanItApp-gkehojshtcbfvhersqwajfujohau/SourcePackages/checkouts/firebase-ios-sdk/FirebaseAuth/Sources/Swift/Backend/VerifyClientResponse.swift (in target 'FirebaseAuth' from project 'Firebase')
    cd /Users/aleks/Desktop/PlanItApp/PlanItApp.xcodeproj
    

SwiftCompile normal arm64 /Users/aleks/Library/Developer/Xcode/DerivedData/PlanItApp-gkehojshtcbfvhersqwajfujohau/SourcePackages/checkouts/firebase-ios-sdk/FirebaseAuth/Sources/Swift/Base64URLEncodedStringExtension.swift (in target 'FirebaseAuth' from project 'Firebase')
    cd /Users/aleks/Desktop/PlanItApp/PlanItApp.xcodeproj
    

SwiftCompile normal arm64 /Users/aleks/Library/Developer/Xcode/DerivedData/PlanItApp-gkehojshtcbfvhersqwajfujohau/SourcePackages/checkouts/firebase-ios-sdk/FirebaseAuth/Sources/Swift/MultiFactor/MultiFactor.swift (in target 'FirebaseAuth' from project 'Firebase')
    cd /Users/aleks/Desktop/PlanItApp/PlanItApp.xcodeproj
    

SwiftCompile normal arm64 /Users/aleks/Library/Developer/Xcode/DerivedData/PlanItApp-gkehojshtcbfvhersqwajfujohau/SourcePackages/checkouts/firebase-ios-sdk/FirebaseAuth/Sources/Swift/MultiFactor/MultiFactorAssertion.swift (in target 'FirebaseAuth' from project 'Firebase')
    cd /Users/aleks/Desktop/PlanItApp/PlanItApp.xcodeproj
    

SwiftCompile normal arm64 /Users/aleks/Library/Developer/Xcode/DerivedData/PlanItApp-gkehojshtcbfvhersqwajfujohau/SourcePackages/checkouts/firebase-ios-sdk/FirebaseAuth/Sources/Swift/MultiFactor/MultiFactorInfo.swift (in target 'FirebaseAuth' from project 'Firebase')
    cd /Users/aleks/Desktop/PlanItApp/PlanItApp.xcodeproj
    

SwiftCompile normal arm64 /Users/aleks/Library/Developer/Xcode/DerivedData/PlanItApp-gkehojshtcbfvhersqwajfujohau/SourcePackages/checkouts/firebase-ios-sdk/FirebaseAuth/Sources/Swift/MultiFactor/MultiFactorResolver.swift (in target 'FirebaseAuth' from project 'Firebase')
    cd /Users/aleks/Desktop/PlanItApp/PlanItApp.xcodeproj
    

SwiftCompile normal arm64 Compiling\ WithdrawMFAResponse.swift,\ AuthProto.swift,\ AuthProtoMFAEnrollment.swift,\ AuthProtoFinalizeMFAPhoneRequestInfo.swift,\ AuthProtoFinalizeMFAPhoneResponseInfo.swift,\ AuthProtoStartMFAPhoneRequestInfo.swift,\ AuthProtoStartMFAPhoneResponseInfo.swift,\ AuthProtoFinalizeMFATOTPEnrollmentRequestInfo.swift,\ AuthProtoFinalizeMFATOTPEnrollmentResponseInfo.swift,\ AuthProtoFinalizeMFATOTPSignInRequestInfo.swift,\ AuthProtoStartMFATOTPEnrollmentRequestInfo.swift,\ AuthProtoStartMFATOTPEnrollmentResponseInfo.swift,\ ResetPasswordRequest.swift,\ ResetPasswordResponse.swift /Users/aleks/Library/Developer/Xcode/DerivedData/PlanItApp-gkehojshtcbfvhersqwajfujohau/SourcePackages/checkouts/firebase-ios-sdk/FirebaseAuth/Sources/Swift/Backend/RPC/MultiFactor/Unenroll/WithdrawMFAResponse.swift /Users/aleks/Library/Developer/Xcode/DerivedData/PlanItApp-gkehojshtcbfvhersqwajfujohau/SourcePackages/checkouts/firebase-ios-sdk/FirebaseAuth/Sources/Swift/Backend/RPC/Proto/AuthProto.swift /Users/aleks/Library/Developer/Xcode/DerivedData/PlanItApp-gkehojshtcbfvhersqwajfujohau/SourcePackages/checkouts/firebase-ios-sdk/FirebaseAuth/Sources/Swift/Backend/RPC/Proto/AuthProtoMFAEnrollment.swift /Users/aleks/Library/Developer/Xcode/DerivedData/PlanItApp-gkehojshtcbfvhersqwajfujohau/SourcePackages/checkouts/firebase-ios-sdk/FirebaseAuth/Sources/Swift/Backend/RPC/Proto/Phone/AuthProtoFinalizeMFAPhoneRequestInfo.swift /Users/aleks/Library/Developer/Xcode/DerivedData/PlanItApp-gkehojshtcbfvhersqwajfujohau/SourcePackages/checkouts/firebase-ios-sdk/FirebaseAuth/Sources/Swift/Backend/RPC/Proto/Phone/AuthProtoFinalizeMFAPhoneResponseInfo.swift /Users/aleks/Library/Developer/Xcode/DerivedData/PlanItApp-gkehojshtcbfvhersqwajfujohau/SourcePackages/checkouts/firebase-ios-sdk/FirebaseAuth/Sources/Swift/Backend/RPC/Proto/Phone/AuthProtoStartMFAPhoneRequestInfo.swift /Users/aleks/Library/Developer/Xcode/DerivedData/PlanItApp-gkehojshtcbfvhersqwajfujohau/SourcePackages/checkouts/firebase-ios-sdk/FirebaseAuth/Sources/Swift/Backend/RPC/Proto/Phone/AuthProtoStartMFAPhoneResponseInfo.swift /Users/aleks/Library/Developer/Xcode/DerivedData/PlanItApp-gkehojshtcbfvhersqwajfujohau/SourcePackages/checkouts/firebase-ios-sdk/FirebaseAuth/Sources/Swift/Backend/RPC/Proto/TOTP/AuthProtoFinalizeMFATOTPEnrollmentRequestInfo.swift /Users/aleks/Library/Developer/Xcode/DerivedData/PlanItApp-gkehojshtcbfvhersqwajfujohau/SourcePackages/checkouts/firebase-ios-sdk/FirebaseAuth/Sources/Swift/Backend/RPC/Proto/TOTP/AuthProtoFinalizeMFATOTPEnrollmentResponseInfo.swift /Users/aleks/Library/Developer/Xcode/DerivedData/PlanItApp-gkehojshtcbfvhersqwajfujohau/SourcePackages/checkouts/firebase-ios-sdk/FirebaseAuth/Sources/Swift/Backend/RPC/Proto/TOTP/AuthProtoFinalizeMFATOTPSignInRequestInfo.swift /Users/aleks/Library/Developer/Xcode/DerivedData/PlanItApp-gkehojshtcbfvhersqwajfujohau/SourcePackages/checkouts/firebase-ios-sdk/FirebaseAuth/Sources/Swift/Backend/RPC/Proto/TOTP/AuthProtoStartMFATOTPEnrollmentRequestInfo.swift /Users/aleks/Library/Developer/Xcode/DerivedData/PlanItApp-gkehojshtcbfvhersqwajfujohau/SourcePackages/checkouts/firebase-ios-sdk/FirebaseAuth/Sources/Swift/Backend/RPC/Proto/TOTP/AuthProtoStartMFATOTPEnrollmentResponseInfo.swift /Users/aleks/Library/Developer/Xcode/DerivedData/PlanItApp-gkehojshtcbfvhersqwajfujohau/SourcePackages/checkouts/firebase-ios-sdk/FirebaseAuth/Sources/Swift/Backend/RPC/ResetPasswordRequest.swift /Users/aleks/Library/Developer/Xcode/DerivedData/PlanItApp-gkehojshtcbfvhersqwajfujohau/SourcePackages/checkouts/firebase-ios-sdk/FirebaseAuth/Sources/Swift/Backend/RPC/ResetPasswordResponse.swift (in target 'FirebaseAuth' from project 'Firebase')

SwiftCompile normal arm64 /Users/aleks/Library/Developer/Xcode/DerivedData/PlanItApp-gkehojshtcbfvhersqwajfujohau/SourcePackages/checkouts/firebase-ios-sdk/FirebaseAuth/Sources/Swift/Backend/RPC/MultiFactor/Unenroll/WithdrawMFAResponse.swift (in target 'FirebaseAuth' from project 'Firebase')
    cd /Users/aleks/Desktop/PlanItApp/PlanItApp.xcodeproj
    

SwiftCompile normal arm64 /Users/aleks/Library/Developer/Xcode/DerivedData/PlanItApp-gkehojshtcbfvhersqwajfujohau/SourcePackages/checkouts/firebase-ios-sdk/FirebaseAuth/Sources/Swift/Backend/RPC/Proto/AuthProto.swift (in target 'FirebaseAuth' from project 'Firebase')
    cd /Users/aleks/Desktop/PlanItApp/PlanItApp.xcodeproj
    

SwiftCompile normal arm64 /Users/aleks/Library/Developer/Xcode/DerivedData/PlanItApp-gkehojshtcbfvhersqwajfujohau/SourcePackages/checkouts/firebase-ios-sdk/FirebaseAuth/Sources/Swift/Backend/RPC/Proto/AuthProtoMFAEnrollment.swift (in target 'FirebaseAuth' from project 'Firebase')
    cd /Users/aleks/Desktop/PlanItApp/PlanItApp.xcodeproj
    

SwiftCompile normal arm64 /Users/aleks/Library/Developer/Xcode/DerivedData/PlanItApp-gkehojshtcbfvhersqwajfujohau/SourcePackages/checkouts/firebase-ios-sdk/FirebaseAuth/Sources/Swift/Backend/RPC/Proto/Phone/AuthProtoFinalizeMFAPhoneRequestInfo.swift (in target 'FirebaseAuth' from project 'Firebase')
    cd /Users/aleks/Desktop/PlanItApp/PlanItApp.xcodeproj
    

SwiftCompile normal arm64 /Users/aleks/Library/Developer/Xcode/DerivedData/PlanItApp-gkehojshtcbfvhersqwajfujohau/SourcePackages/checkouts/firebase-ios-sdk/FirebaseAuth/Sources/Swift/Backend/RPC/Proto/Phone/AuthProtoFinalizeMFAPhoneResponseInfo.swift (in target 'FirebaseAuth' from project 'Firebase')
    cd /Users/aleks/Desktop/PlanItApp/PlanItApp.xcodeproj
    

SwiftCompile normal arm64 /Users/aleks/Library/Developer/Xcode/DerivedData/PlanItApp-gkehojshtcbfvhersqwajfujohau/SourcePackages/checkouts/firebase-ios-sdk/FirebaseAuth/Sources/Swift/Backend/RPC/Proto/Phone/AuthProtoStartMFAPhoneRequestInfo.swift (in target 'FirebaseAuth' from project 'Firebase')
    cd /Users/aleks/Desktop/PlanItApp/PlanItApp.xcodeproj
    

SwiftCompile normal arm64 /Users/aleks/Library/Developer/Xcode/DerivedData/PlanItApp-gkehojshtcbfvhersqwajfujohau/SourcePackages/checkouts/firebase-ios-sdk/FirebaseAuth/Sources/Swift/Backend/RPC/Proto/Phone/AuthProtoStartMFAPhoneResponseInfo.swift (in target 'FirebaseAuth' from project 'Firebase')
    cd /Users/aleks/Desktop/PlanItApp/PlanItApp.xcodeproj
    

SwiftCompile normal arm64 /Users/aleks/Library/Developer/Xcode/DerivedData/PlanItApp-gkehojshtcbfvhersqwajfujohau/SourcePackages/checkouts/firebase-ios-sdk/FirebaseAuth/Sources/Swift/Backend/RPC/Proto/TOTP/AuthProtoFinalizeMFATOTPEnrollmentRequestInfo.swift (in target 'FirebaseAuth' from project 'Firebase')
    cd /Users/aleks/Desktop/PlanItApp/PlanItApp.xcodeproj
    

SwiftCompile normal arm64 /Users/aleks/Library/Developer/Xcode/DerivedData/PlanItApp-gkehojshtcbfvhersqwajfujohau/SourcePackages/checkouts/firebase-ios-sdk/FirebaseAuth/Sources/Swift/Backend/RPC/Proto/TOTP/AuthProtoFinalizeMFATOTPEnrollmentResponseInfo.swift (in target 'FirebaseAuth' from project 'Firebase')
    cd /Users/aleks/Desktop/PlanItApp/PlanItApp.xcodeproj
    

SwiftCompile normal arm64 /Users/aleks/Library/Developer/Xcode/DerivedData/PlanItApp-gkehojshtcbfvhersqwajfujohau/SourcePackages/checkouts/firebase-ios-sdk/FirebaseAuth/Sources/Swift/Backend/RPC/Proto/TOTP/AuthProtoFinalizeMFATOTPSignInRequestInfo.swift (in target 'FirebaseAuth' from project 'Firebase')
    cd /Users/aleks/Desktop/PlanItApp/PlanItApp.xcodeproj
    

SwiftCompile normal arm64 /Users/aleks/Library/Developer/Xcode/DerivedData/PlanItApp-gkehojshtcbfvhersqwajfujohau/SourcePackages/checkouts/firebase-ios-sdk/FirebaseAuth/Sources/Swift/Backend/RPC/Proto/TOTP/AuthProtoStartMFATOTPEnrollmentRequestInfo.swift (in target 'FirebaseAuth' from project 'Firebase')
    cd /Users/aleks/Desktop/PlanItApp/PlanItApp.xcodeproj
    

SwiftCompile normal arm64 /Users/aleks/Library/Developer/Xcode/DerivedData/PlanItApp-gkehojshtcbfvhersqwajfujohau/SourcePackages/checkouts/firebase-ios-sdk/FirebaseAuth/Sources/Swift/Backend/RPC/Proto/TOTP/AuthProtoStartMFATOTPEnrollmentResponseInfo.swift (in target 'FirebaseAuth' from project 'Firebase')
    cd /Users/aleks/Desktop/PlanItApp/PlanItApp.xcodeproj
    

SwiftCompile normal arm64 /Users/aleks/Library/Developer/Xcode/DerivedData/PlanItApp-gkehojshtcbfvhersqwajfujohau/SourcePackages/checkouts/firebase-ios-sdk/FirebaseAuth/Sources/Swift/Backend/RPC/ResetPasswordRequest.swift (in target 'FirebaseAuth' from project 'Firebase')
    cd /Users/aleks/Desktop/PlanItApp/PlanItApp.xcodeproj
    

SwiftCompile normal arm64 /Users/aleks/Library/Developer/Xcode/DerivedData/PlanItApp-gkehojshtcbfvhersqwajfujohau/SourcePackages/checkouts/firebase-ios-sdk/FirebaseAuth/Sources/Swift/Backend/RPC/ResetPasswordResponse.swift (in target 'FirebaseAuth' from project 'Firebase')
    cd /Users/aleks/Desktop/PlanItApp/PlanItApp.xcodeproj
    

PrecompileModule /Users/aleks/Library/Developer/Xcode/DerivedData/PlanItApp-gkehojshtcbfvhersqwajfujohau/Build/Intermediates.noindex/ExplicitPrecompiledModules/_Builtin_stddef-8P0T5TPGVCU1S3G36FSHR50FS.scan
    cd /Users/aleks/Desktop/PlanItApp/PlanItApp.xcodeproj
    builtin-precompileModule /Users/aleks/Library/Developer/Xcode/DerivedData/PlanItApp-gkehojshtcbfvhersqwajfujohau/Build/Intermediates.noindex/ExplicitPrecompiledModules/_Builtin_stddef-8P0T5TPGVCU1S3G36FSHR50FS.scan

PrecompileModule /Users/aleks/Library/Developer/Xcode/DerivedData/PlanItApp-gkehojshtcbfvhersqwajfujohau/Build/Intermediates.noindex/ExplicitPrecompiledModules/_Builtin_stdarg-7P5CLTACDF2NPMVE2PQTYX57H.scan
    cd /Users/aleks/Desktop/PlanItApp/PlanItApp.xcodeproj
    builtin-precompileModule /Users/aleks/Library/Developer/Xcode/DerivedData/PlanItApp-gkehojshtcbfvhersqwajfujohau/Build/Intermediates.noindex/ExplicitPrecompiledModules/_Builtin_stdarg-7P5CLTACDF2NPMVE2PQTYX57H.scan

PrecompileModule /Users/aleks/Library/Developer/Xcode/DerivedData/PlanItApp-gkehojshtcbfvhersqwajfujohau/Build/Intermediates.noindex/ExplicitPrecompiledModules/_float-7GUNNNYGVA2Z2CZTBPLMLD8RN.scan
    cd /Users/aleks/Desktop/PlanItApp/PlanItApp.xcodeproj
    builtin-precompileModule /Users/aleks/Library/Developer/Xcode/DerivedData/PlanItApp-gkehojshtcbfvhersqwajfujohau/Build/Intermediates.noindex/ExplicitPrecompiledModules/_float-7GUNNNYGVA2Z2CZTBPLMLD8RN.scan

PrecompileModule /Users/aleks/Library/Developer/Xcode/DerivedData/PlanItApp-gkehojshtcbfvhersqwajfujohau/Build/Intermediates.noindex/ExplicitPrecompiledModules/ptrcheck-BJERP95TAZCRZAV860THMQADU.scan
    cd /Users/aleks/Desktop/PlanItApp/PlanItApp.xcodeproj
    builtin-precompileModule /Users/aleks/Library/Developer/Xcode/DerivedData/PlanItApp-gkehojshtcbfvhersqwajfujohau/Build/Intermediates.noindex/ExplicitPrecompiledModules/ptrcheck-BJERP95TAZCRZAV860THMQADU.scan

PrecompileModule /Users/aleks/Library/Developer/Xcode/DerivedData/PlanItApp-gkehojshtcbfvhersqwajfujohau/Build/Intermediates.noindex/ExplicitPrecompiledModules/TargetConditionals-8Z5LKBKU6W1P109SG7XNNZY87.scan
    cd /Users/aleks/Desktop/PlanItApp/PlanItApp.xcodeproj
    builtin-precompileModule /Users/aleks/Library/Developer/Xcode/DerivedData/PlanItApp-gkehojshtcbfvhersqwajfujohau/Build/Intermediates.noindex/ExplicitPrecompiledModules/TargetConditionals-8Z5LKBKU6W1P109SG7XNNZY87.scan

PrecompileModule /Users/aleks/Library/Developer/Xcode/DerivedData/PlanItApp-gkehojshtcbfvhersqwajfujohau/Build/Intermediates.noindex/ExplicitPrecompiledModules/_Builtin_iso646-6PKTWN8TXHMM3ER7JMNZ1PLXV.scan
    cd /Users/aleks/Desktop/PlanItApp/PlanItApp.xcodeproj
    builtin-precompileModule /Users/aleks/Library/Developer/Xcode/DerivedData/PlanItApp-gkehojshtcbfvhersqwajfujohau/Build/Intermediates.noindex/ExplicitPrecompiledModules/_Builtin_iso646-6PKTWN8TXHMM3ER7JMNZ1PLXV.scan

PrecompileModule /Users/aleks/Library/Developer/Xcode/DerivedData/PlanItApp-gkehojshtcbfvhersqwajfujohau/Build/Intermediates.noindex/ExplicitPrecompiledModules/os_availability_internal-A7I9EAPAFRLUUHBN8O69QTS6M.scan
    cd /Users/aleks/Desktop/PlanItApp/PlanItApp.xcodeproj
    builtin-precompileModule /Users/aleks/Library/Developer/Xcode/DerivedData/PlanItApp-gkehojshtcbfvhersqwajfujohau/Build/Intermediates.noindex/ExplicitPrecompiledModules/os_availability_internal-A7I9EAPAFRLUUHBN8O69QTS6M.scan

PrecompileModule /Users/aleks/Library/Developer/Xcode/DerivedData/PlanItApp-gkehojshtcbfvhersqwajfujohau/Build/Intermediates.noindex/ExplicitPrecompiledModules/_fenv-6C0O5RS7ZCT0J40091SFXT6IO.scan
    cd /Users/aleks/Desktop/PlanItApp/PlanItApp.xcodeproj
    builtin-precompileModule /Users/aleks/Library/Developer/Xcode/DerivedData/PlanItApp-gkehojshtcbfvhersqwajfujohau/Build/Intermediates.noindex/ExplicitPrecompiledModules/_fenv-6C0O5RS7ZCT0J40091SFXT6IO.scan

PrecompileModule /Users/aleks/Library/Developer/Xcode/DerivedData/PlanItApp-gkehojshtcbfvhersqwajfujohau/Build/Intermediates.noindex/ExplicitPrecompiledModules/_Builtin_stdbool-AX6EN8BQXN52H6KM11Z0NULXT.scan
    cd /Users/aleks/Desktop/PlanItApp/PlanItApp.xcodeproj
    builtin-precompileModule /Users/aleks/Library/Developer/Xcode/DerivedData/PlanItApp-gkehojshtcbfvhersqwajfujohau/Build/Intermediates.noindex/ExplicitPrecompiledModules/_Builtin_stdbool-AX6EN8BQXN52H6KM11Z0NULXT.scan

PrecompileModule /Users/aleks/Library/Developer/Xcode/DerivedData/PlanItApp-gkehojshtcbfvhersqwajfujohau/Build/Intermediates.noindex/ExplicitPrecompiledModules/_Builtin_float-D9ZZFS1S9IKJIMR94N1MAQ0LC.scan
    cd /Users/aleks/Desktop/PlanItApp/PlanItApp.xcodeproj
    builtin-precompileModule /Users/aleks/Library/Developer/Xcode/DerivedData/PlanItApp-gkehojshtcbfvhersqwajfujohau/Build/Intermediates.noindex/ExplicitPrecompiledModules/_Builtin_float-D9ZZFS1S9IKJIMR94N1MAQ0LC.scan

PrecompileModule /Users/aleks/Library/Developer/Xcode/DerivedData/PlanItApp-gkehojshtcbfvhersqwajfujohau/Build/Intermediates.noindex/ExplicitPrecompiledModules/ptrauth-FSOW39ZLV0F4PPRA0IKZY7KP.scan
    cd /Users/aleks/Desktop/PlanItApp/PlanItApp.xcodeproj
    builtin-precompileModule /Users/aleks/Library/Developer/Xcode/DerivedData/PlanItApp-gkehojshtcbfvhersqwajfujohau/Build/Intermediates.noindex/ExplicitPrecompiledModules/ptrauth-FSOW39ZLV0F4PPRA0IKZY7KP.scan

SwiftCompile normal arm64 Compiling\ UserProfileUpdate.swift,\ AuthCondition.swift,\ AuthDefaultUIDelegate.swift,\ AuthErrorUtils.swift,\ AuthErrors.swift,\ AuthInternalErrors.swift,\ AuthLog.swift,\ AuthRecaptchaVerifier.swift,\ AuthUIDelegate.swift,\ AuthURLPresenter.swift,\ AuthWebUtils.swift,\ AuthWebView.swift,\ AuthWebViewController.swift /Users/aleks/Library/Developer/Xcode/DerivedData/PlanItApp-gkehojshtcbfvhersqwajfujohau/SourcePackages/checkouts/firebase-ios-sdk/FirebaseAuth/Sources/Swift/User/UserProfileUpdate.swift /Users/aleks/Library/Developer/Xcode/DerivedData/PlanItApp-gkehojshtcbfvhersqwajfujohau/SourcePackages/checkouts/firebase-ios-sdk/FirebaseAuth/Sources/Swift/Utilities/AuthCondition.swift /Users/aleks/Library/Developer/Xcode/DerivedData/PlanItApp-gkehojshtcbfvhersqwajfujohau/SourcePackages/checkouts/firebase-ios-sdk/FirebaseAuth/Sources/Swift/Utilities/AuthDefaultUIDelegate.swift /Users/aleks/Library/Developer/Xcode/DerivedData/PlanItApp-gkehojshtcbfvhersqwajfujohau/SourcePackages/checkouts/firebase-ios-sdk/FirebaseAuth/Sources/Swift/Utilities/AuthErrorUtils.swift /Users/aleks/Library/Developer/Xcode/DerivedData/PlanItApp-gkehojshtcbfvhersqwajfujohau/SourcePackages/checkouts/firebase-ios-sdk/FirebaseAuth/Sources/Swift/Utilities/AuthErrors.swift /Users/aleks/Library/Developer/Xcode/DerivedData/PlanItApp-gkehojshtcbfvhersqwajfujohau/SourcePackages/checkouts/firebase-ios-sdk/FirebaseAuth/Sources/Swift/Utilities/AuthInternalErrors.swift /Users/aleks/Library/Developer/Xcode/DerivedData/PlanItApp-gkehojshtcbfvhersqwajfujohau/SourcePackages/checkouts/firebase-ios-sdk/FirebaseAuth/Sources/Swift/Utilities/AuthLog.swift /Users/aleks/Library/Developer/Xcode/DerivedData/PlanItApp-gkehojshtcbfvhersqwajfujohau/SourcePackages/checkouts/firebase-ios-sdk/FirebaseAuth/Sources/Swift/Utilities/AuthRecaptchaVerifier.swift /Users/aleks/Library/Developer/Xcode/DerivedData/PlanItApp-gkehojshtcbfvhersqwajfujohau/SourcePackages/checkouts/firebase-ios-sdk/FirebaseAuth/Sources/Swift/Utilities/AuthUIDelegate.swift /Users/aleks/Library/Developer/Xcode/DerivedData/PlanItApp-gkehojshtcbfvhersqwajfujohau/SourcePackages/checkouts/firebase-ios-sdk/FirebaseAuth/Sources/Swift/Utilities/AuthURLPresenter.swift /Users/aleks/Library/Developer/Xcode/DerivedData/PlanItApp-gkehojshtcbfvhersqwajfujohau/SourcePackages/checkouts/firebase-ios-sdk/FirebaseAuth/Sources/Swift/Utilities/AuthWebUtils.swift /Users/aleks/Library/Developer/Xcode/DerivedData/PlanItApp-gkehojshtcbfvhersqwajfujohau/SourcePackages/checkouts/firebase-ios-sdk/FirebaseAuth/Sources/Swift/Utilities/AuthWebView.swift /Users/aleks/Library/Developer/Xcode/DerivedData/PlanItApp-gkehojshtcbfvhersqwajfujohau/SourcePackages/checkouts/firebase-ios-sdk/FirebaseAuth/Sources/Swift/Utilities/AuthWebViewController.swift (in target 'FirebaseAuth' from project 'Firebase')
SwiftCompile normal arm64 /Users/aleks/Library/Developer/Xcode/DerivedData/PlanItApp-gkehojshtcbfvhersqwajfujohau/SourcePackages/checkouts/firebase-ios-sdk/FirebaseAuth/Sources/Swift/User/UserProfileUpdate.swift (in target 'FirebaseAuth' from project 'Firebase')
    cd /Users/aleks/Desktop/PlanItApp/PlanItApp.xcodeproj
    

SwiftCompile normal arm64 /Users/aleks/Library/Developer/Xcode/DerivedData/PlanItApp-gkehojshtcbfvhersqwajfujohau/SourcePackages/checkouts/firebase-ios-sdk/FirebaseAuth/Sources/Swift/Utilities/AuthCondition.swift (in target 'FirebaseAuth' from project 'Firebase')
    cd /Users/aleks/Desktop/PlanItApp/PlanItApp.xcodeproj
    

SwiftCompile normal arm64 /Users/aleks/Library/Developer/Xcode/DerivedData/PlanItApp-gkehojshtcbfvhersqwajfujohau/SourcePackages/checkouts/firebase-ios-sdk/FirebaseAuth/Sources/Swift/Utilities/AuthDefaultUIDelegate.swift (in target 'FirebaseAuth' from project 'Firebase')
    cd /Users/aleks/Desktop/PlanItApp/PlanItApp.xcodeproj
    

SwiftCompile normal arm64 /Users/aleks/Library/Developer/Xcode/DerivedData/PlanItApp-gkehojshtcbfvhersqwajfujohau/SourcePackages/checkouts/firebase-ios-sdk/FirebaseAuth/Sources/Swift/Utilities/AuthErrorUtils.swift (in target 'FirebaseAuth' from project 'Firebase')
    cd /Users/aleks/Desktop/PlanItApp/PlanItApp.xcodeproj
    

SwiftCompile normal arm64 /Users/aleks/Library/Developer/Xcode/DerivedData/PlanItApp-gkehojshtcbfvhersqwajfujohau/SourcePackages/checkouts/firebase-ios-sdk/FirebaseAuth/Sources/Swift/Utilities/AuthErrors.swift (in target 'FirebaseAuth' from project 'Firebase')
    cd /Users/aleks/Desktop/PlanItApp/PlanItApp.xcodeproj
    

SwiftCompile normal arm64 /Users/aleks/Library/Developer/Xcode/DerivedData/PlanItApp-gkehojshtcbfvhersqwajfujohau/SourcePackages/checkouts/firebase-ios-sdk/FirebaseAuth/Sources/Swift/Utilities/AuthInternalErrors.swift (in target 'FirebaseAuth' from project 'Firebase')
    cd /Users/aleks/Desktop/PlanItApp/PlanItApp.xcodeproj
    

SwiftCompile normal arm64 /Users/aleks/Library/Developer/Xcode/DerivedData/PlanItApp-gkehojshtcbfvhersqwajfujohau/SourcePackages/checkouts/firebase-ios-sdk/FirebaseAuth/Sources/Swift/Utilities/AuthLog.swift (in target 'FirebaseAuth' from project 'Firebase')
    cd /Users/aleks/Desktop/PlanItApp/PlanItApp.xcodeproj
    

SwiftCompile normal arm64 /Users/aleks/Library/Developer/Xcode/DerivedData/PlanItApp-gkehojshtcbfvhersqwajfujohau/SourcePackages/checkouts/firebase-ios-sdk/FirebaseAuth/Sources/Swift/Utilities/AuthRecaptchaVerifier.swift (in target 'FirebaseAuth' from project 'Firebase')
    cd /Users/aleks/Desktop/PlanItApp/PlanItApp.xcodeproj
    

SwiftCompile normal arm64 /Users/aleks/Library/Developer/Xcode/DerivedData/PlanItApp-gkehojshtcbfvhersqwajfujohau/SourcePackages/checkouts/firebase-ios-sdk/FirebaseAuth/Sources/Swift/Utilities/AuthUIDelegate.swift (in target 'FirebaseAuth' from project 'Firebase')
    cd /Users/aleks/Desktop/PlanItApp/PlanItApp.xcodeproj
    

SwiftCompile normal arm64 /Users/aleks/Library/Developer/Xcode/DerivedData/PlanItApp-gkehojshtcbfvhersqwajfujohau/SourcePackages/checkouts/firebase-ios-sdk/FirebaseAuth/Sources/Swift/Utilities/AuthURLPresenter.swift (in target 'FirebaseAuth' from project 'Firebase')
    cd /Users/aleks/Desktop/PlanItApp/PlanItApp.xcodeproj
    

SwiftCompile normal arm64 /Users/aleks/Library/Developer/Xcode/DerivedData/PlanItApp-gkehojshtcbfvhersqwajfujohau/SourcePackages/checkouts/firebase-ios-sdk/FirebaseAuth/Sources/Swift/Utilities/AuthWebUtils.swift (in target 'FirebaseAuth' from project 'Firebase')
    cd /Users/aleks/Desktop/PlanItApp/PlanItApp.xcodeproj
    

SwiftCompile normal arm64 /Users/aleks/Library/Developer/Xcode/DerivedData/PlanItApp-gkehojshtcbfvhersqwajfujohau/SourcePackages/checkouts/firebase-ios-sdk/FirebaseAuth/Sources/Swift/Utilities/AuthWebView.swift (in target 'FirebaseAuth' from project 'Firebase')
    cd /Users/aleks/Desktop/PlanItApp/PlanItApp.xcodeproj
    

SwiftCompile normal arm64 /Users/aleks/Library/Developer/Xcode/DerivedData/PlanItApp-gkehojshtcbfvhersqwajfujohau/SourcePackages/checkouts/firebase-ios-sdk/FirebaseAuth/Sources/Swift/Utilities/AuthWebViewController.swift (in target 'FirebaseAuth' from project 'Firebase')
    cd /Users/aleks/Desktop/PlanItApp/PlanItApp.xcodeproj
    

SwiftCompile normal arm64 Compiling\ AuthProviderID.swift,\ EmailAuthProvider.swift,\ FacebookAuthProvider.swift,\ FederatedAuthProvider.swift,\ GameCenterAuthProvider.swift,\ GitHubAuthProvider.swift,\ GoogleAuthProvider.swift,\ OAuthCredential.swift,\ OAuthProvider.swift,\ PhoneAuthCredential.swift,\ PhoneAuthProvider.swift,\ TwitterAuthProvider.swift,\ AuthBackend.swift,\ AuthBackendRPCIssuer.swift /Users/aleks/Library/Developer/Xcode/DerivedData/PlanItApp-gkehojshtcbfvhersqwajfujohau/SourcePackages/checkouts/firebase-ios-sdk/FirebaseAuth/Sources/Swift/AuthProvider/AuthProviderID.swift /Users/aleks/Library/Developer/Xcode/DerivedData/PlanItApp-gkehojshtcbfvhersqwajfujohau/SourcePackages/checkouts/firebase-ios-sdk/FirebaseAuth/Sources/Swift/AuthProvider/EmailAuthProvider.swift /Users/aleks/Library/Developer/Xcode/DerivedData/PlanItApp-gkehojshtcbfvhersqwajfujohau/SourcePackages/checkouts/firebase-ios-sdk/FirebaseAuth/Sources/Swift/AuthProvider/FacebookAuthProvider.swift /Users/aleks/Library/Developer/Xcode/DerivedData/PlanItApp-gkehojshtcbfvhersqwajfujohau/SourcePackages/checkouts/firebase-ios-sdk/FirebaseAuth/Sources/Swift/AuthProvider/FederatedAuthProvider.swift /Users/aleks/Library/Developer/Xcode/DerivedData/PlanItApp-gkehojshtcbfvhersqwajfujohau/SourcePackages/checkouts/firebase-ios-sdk/FirebaseAuth/Sources/Swift/AuthProvider/GameCenterAuthProvider.swift /Users/aleks/Library/Developer/Xcode/DerivedData/PlanItApp-gkehojshtcbfvhersqwajfujohau/SourcePackages/checkouts/firebase-ios-sdk/FirebaseAuth/Sources/Swift/AuthProvider/GitHubAuthProvider.swift /Users/aleks/Library/Developer/Xcode/DerivedData/PlanItApp-gkehojshtcbfvhersqwajfujohau/SourcePackages/checkouts/firebase-ios-sdk/FirebaseAuth/Sources/Swift/AuthProvider/GoogleAuthProvider.swift /Users/aleks/Library/Developer/Xcode/DerivedData/PlanItApp-gkehojshtcbfvhersqwajfujohau/SourcePackages/checkouts/firebase-ios-sdk/FirebaseAuth/Sources/Swift/AuthProvider/OAuthCredential.swift /Users/aleks/Library/Developer/Xcode/DerivedData/PlanItApp-gkehojshtcbfvhersqwajfujohau/SourcePackages/checkouts/firebase-ios-sdk/FirebaseAuth/Sources/Swift/AuthProvider/OAuthProvider.swift /Users/aleks/Library/Developer/Xcode/DerivedData/PlanItApp-gkehojshtcbfvhersqwajfujohau/SourcePackages/checkouts/firebase-ios-sdk/FirebaseAuth/Sources/Swift/AuthProvider/PhoneAuthCredential.swift /Users/aleks/Library/Developer/Xcode/DerivedData/PlanItApp-gkehojshtcbfvhersqwajfujohau/SourcePackages/checkouts/firebase-ios-sdk/FirebaseAuth/Sources/Swift/AuthProvider/PhoneAuthProvider.swift /Users/aleks/Library/Developer/Xcode/DerivedData/PlanItApp-gkehojshtcbfvhersqwajfujohau/SourcePackages/checkouts/firebase-ios-sdk/FirebaseAuth/Sources/Swift/AuthProvider/TwitterAuthProvider.swift /Users/aleks/Library/Developer/Xcode/DerivedData/PlanItApp-gkehojshtcbfvhersqwajfujohau/SourcePackages/checkouts/firebase-ios-sdk/FirebaseAuth/Sources/Swift/Backend/AuthBackend.swift /Users/aleks/Library/Developer/Xcode/DerivedData/PlanItApp-gkehojshtcbfvhersqwajfujohau/SourcePackages/checkouts/firebase-ios-sdk/FirebaseAuth/Sources/Swift/Backend/AuthBackendRPCIssuer.swift (in target 'FirebaseAuth' from project 'Firebase')
SwiftCompile normal arm64 /Users/aleks/Library/Developer/Xcode/DerivedData/PlanItApp-gkehojshtcbfvhersqwajfujohau/SourcePackages/checkouts/firebase-ios-sdk/FirebaseAuth/Sources/Swift/AuthProvider/AuthProviderID.swift (in target 'FirebaseAuth' from project 'Firebase')
    cd /Users/aleks/Desktop/PlanItApp/PlanItApp.xcodeproj
    

SwiftCompile normal arm64 /Users/aleks/Library/Developer/Xcode/DerivedData/PlanItApp-gkehojshtcbfvhersqwajfujohau/SourcePackages/checkouts/firebase-ios-sdk/FirebaseAuth/Sources/Swift/AuthProvider/EmailAuthProvider.swift (in target 'FirebaseAuth' from project 'Firebase')
    cd /Users/aleks/Desktop/PlanItApp/PlanItApp.xcodeproj
    

SwiftCompile normal arm64 /Users/aleks/Library/Developer/Xcode/DerivedData/PlanItApp-gkehojshtcbfvhersqwajfujohau/SourcePackages/checkouts/firebase-ios-sdk/FirebaseAuth/Sources/Swift/AuthProvider/FacebookAuthProvider.swift (in target 'FirebaseAuth' from project 'Firebase')
    cd /Users/aleks/Desktop/PlanItApp/PlanItApp.xcodeproj
    

SwiftCompile normal arm64 /Users/aleks/Library/Developer/Xcode/DerivedData/PlanItApp-gkehojshtcbfvhersqwajfujohau/SourcePackages/checkouts/firebase-ios-sdk/FirebaseAuth/Sources/Swift/AuthProvider/FederatedAuthProvider.swift (in target 'FirebaseAuth' from project 'Firebase')
    cd /Users/aleks/Desktop/PlanItApp/PlanItApp.xcodeproj
    

SwiftCompile normal arm64 /Users/aleks/Library/Developer/Xcode/DerivedData/PlanItApp-gkehojshtcbfvhersqwajfujohau/SourcePackages/checkouts/firebase-ios-sdk/FirebaseAuth/Sources/Swift/AuthProvider/GameCenterAuthProvider.swift (in target 'FirebaseAuth' from project 'Firebase')
    cd /Users/aleks/Desktop/PlanItApp/PlanItApp.xcodeproj
    

SwiftCompile normal arm64 /Users/aleks/Library/Developer/Xcode/DerivedData/PlanItApp-gkehojshtcbfvhersqwajfujohau/SourcePackages/checkouts/firebase-ios-sdk/FirebaseAuth/Sources/Swift/AuthProvider/GitHubAuthProvider.swift (in target 'FirebaseAuth' from project 'Firebase')
    cd /Users/aleks/Desktop/PlanItApp/PlanItApp.xcodeproj
    

SwiftCompile normal arm64 /Users/aleks/Library/Developer/Xcode/DerivedData/PlanItApp-gkehojshtcbfvhersqwajfujohau/SourcePackages/checkouts/firebase-ios-sdk/FirebaseAuth/Sources/Swift/AuthProvider/GoogleAuthProvider.swift (in target 'FirebaseAuth' from project 'Firebase')
    cd /Users/aleks/Desktop/PlanItApp/PlanItApp.xcodeproj
    

SwiftCompile normal arm64 /Users/aleks/Library/Developer/Xcode/DerivedData/PlanItApp-gkehojshtcbfvhersqwajfujohau/SourcePackages/checkouts/firebase-ios-sdk/FirebaseAuth/Sources/Swift/AuthProvider/OAuthCredential.swift (in target 'FirebaseAuth' from project 'Firebase')
    cd /Users/aleks/Desktop/PlanItApp/PlanItApp.xcodeproj
    

SwiftCompile normal arm64 /Users/aleks/Library/Developer/Xcode/DerivedData/PlanItApp-gkehojshtcbfvhersqwajfujohau/SourcePackages/checkouts/firebase-ios-sdk/FirebaseAuth/Sources/Swift/AuthProvider/OAuthProvider.swift (in target 'FirebaseAuth' from project 'Firebase')
    cd /Users/aleks/Desktop/PlanItApp/PlanItApp.xcodeproj
    

SwiftCompile normal arm64 /Users/aleks/Library/Developer/Xcode/DerivedData/PlanItApp-gkehojshtcbfvhersqwajfujohau/SourcePackages/checkouts/firebase-ios-sdk/FirebaseAuth/Sources/Swift/AuthProvider/PhoneAuthCredential.swift (in target 'FirebaseAuth' from project 'Firebase')
    cd /Users/aleks/Desktop/PlanItApp/PlanItApp.xcodeproj
    

SwiftCompile normal arm64 /Users/aleks/Library/Developer/Xcode/DerivedData/PlanItApp-gkehojshtcbfvhersqwajfujohau/SourcePackages/checkouts/firebase-ios-sdk/FirebaseAuth/Sources/Swift/AuthProvider/PhoneAuthProvider.swift (in target 'FirebaseAuth' from project 'Firebase')
    cd /Users/aleks/Desktop/PlanItApp/PlanItApp.xcodeproj
    

SwiftCompile normal arm64 /Users/aleks/Library/Developer/Xcode/DerivedData/PlanItApp-gkehojshtcbfvhersqwajfujohau/SourcePackages/checkouts/firebase-ios-sdk/FirebaseAuth/Sources/Swift/AuthProvider/TwitterAuthProvider.swift (in target 'FirebaseAuth' from project 'Firebase')
    cd /Users/aleks/Desktop/PlanItApp/PlanItApp.xcodeproj
    

SwiftCompile normal arm64 /Users/aleks/Library/Developer/Xcode/DerivedData/PlanItApp-gkehojshtcbfvhersqwajfujohau/SourcePackages/checkouts/firebase-ios-sdk/FirebaseAuth/Sources/Swift/Backend/AuthBackend.swift (in target 'FirebaseAuth' from project 'Firebase')
    cd /Users/aleks/Desktop/PlanItApp/PlanItApp.xcodeproj
    

SwiftCompile normal arm64 /Users/aleks/Library/Developer/Xcode/DerivedData/PlanItApp-gkehojshtcbfvhersqwajfujohau/SourcePackages/checkouts/firebase-ios-sdk/FirebaseAuth/Sources/Swift/Backend/AuthBackendRPCIssuer.swift (in target 'FirebaseAuth' from project 'Firebase')
    cd /Users/aleks/Desktop/PlanItApp/PlanItApp.xcodeproj
    

SwiftCompile normal arm64 Compiling\ GetOOBConfirmationCodeResponse.swift,\ GetProjectConfigRequest.swift,\ GetProjectConfigResponse.swift,\ GetRecaptchaConfigRequest.swift,\ GetRecaptchaConfigResponse.swift,\ FinalizeMFAEnrollmentRequest.swift,\ FinalizeMFAEnrollmentResponse.swift,\ StartMFAEnrollmentRequest.swift,\ StartMFAEnrollmentResponse.swift,\ FinalizeMFASignInRequest.swift,\ FinalizeMFASignInResponse.swift,\ StartMFASignInRequest.swift,\ StartMFASignInResponse.swift,\ WithdrawMFARequest.swift /Users/aleks/Library/Developer/Xcode/DerivedData/PlanItApp-gkehojshtcbfvhersqwajfujohau/SourcePackages/checkouts/firebase-ios-sdk/FirebaseAuth/Sources/Swift/Backend/RPC/GetOOBConfirmationCodeResponse.swift /Users/aleks/Library/Developer/Xcode/DerivedData/PlanItApp-gkehojshtcbfvhersqwajfujohau/SourcePackages/checkouts/firebase-ios-sdk/FirebaseAuth/Sources/Swift/Backend/RPC/GetProjectConfigRequest.swift /Users/aleks/Library/Developer/Xcode/DerivedData/PlanItApp-gkehojshtcbfvhersqwajfujohau/SourcePackages/checkouts/firebase-ios-sdk/FirebaseAuth/Sources/Swift/Backend/RPC/GetProjectConfigResponse.swift /Users/aleks/Library/Developer/Xcode/DerivedData/PlanItApp-gkehojshtcbfvhersqwajfujohau/SourcePackages/checkouts/firebase-ios-sdk/FirebaseAuth/Sources/Swift/Backend/RPC/GetRecaptchaConfigRequest.swift /Users/aleks/Library/Developer/Xcode/DerivedData/PlanItApp-gkehojshtcbfvhersqwajfujohau/SourcePackages/checkouts/firebase-ios-sdk/FirebaseAuth/Sources/Swift/Backend/RPC/GetRecaptchaConfigResponse.swift /Users/aleks/Library/Developer/Xcode/DerivedData/PlanItApp-gkehojshtcbfvhersqwajfujohau/SourcePackages/checkouts/firebase-ios-sdk/FirebaseAuth/Sources/Swift/Backend/RPC/MultiFactor/Enroll/FinalizeMFAEnrollmentRequest.swift /Users/aleks/Library/Developer/Xcode/DerivedData/PlanItApp-gkehojshtcbfvhersqwajfujohau/SourcePackages/checkouts/firebase-ios-sdk/FirebaseAuth/Sources/Swift/Backend/RPC/MultiFactor/Enroll/FinalizeMFAEnrollmentResponse.swift /Users/aleks/Library/Developer/Xcode/DerivedData/PlanItApp-gkehojshtcbfvhersqwajfujohau/SourcePackages/checkouts/firebase-ios-sdk/FirebaseAuth/Sources/Swift/Backend/RPC/MultiFactor/Enroll/StartMFAEnrollmentRequest.swift /Users/aleks/Library/Developer/Xcode/DerivedData/PlanItApp-gkehojshtcbfvhersqwajfujohau/SourcePackages/checkouts/firebase-ios-sdk/FirebaseAuth/Sources/Swift/Backend/RPC/MultiFactor/Enroll/StartMFAEnrollmentResponse.swift /Users/aleks/Library/Developer/Xcode/DerivedData/PlanItApp-gkehojshtcbfvhersqwajfujohau/SourcePackages/checkouts/firebase-ios-sdk/FirebaseAuth/Sources/Swift/Backend/RPC/MultiFactor/SignIn/FinalizeMFASignInRequest.swift /Users/aleks/Library/Developer/Xcode/DerivedData/PlanItApp-gkehojshtcbfvhersqwajfujohau/SourcePackages/checkouts/firebase-ios-sdk/FirebaseAuth/Sources/Swift/Backend/RPC/MultiFactor/SignIn/FinalizeMFASignInResponse.swift /Users/aleks/Library/Developer/Xcode/DerivedData/PlanItApp-gkehojshtcbfvhersqwajfujohau/SourcePackages/checkouts/firebase-ios-sdk/FirebaseAuth/Sources/Swift/Backend/RPC/MultiFactor/SignIn/StartMFASignInRequest.swift /Users/aleks/Library/Developer/Xcode/DerivedData/PlanItApp-gkehojshtcbfvhersqwajfujohau/SourcePackages/checkouts/firebase-ios-sdk/FirebaseAuth/Sources/Swift/Backend/RPC/MultiFactor/SignIn/StartMFASignInResponse.swift /Users/aleks/Library/Developer/Xcode/DerivedData/PlanItApp-gkehojshtcbfvhersqwajfujohau/SourcePackages/checkouts/firebase-ios-sdk/FirebaseAuth/Sources/Swift/Backend/RPC/MultiFactor/Unenroll/WithdrawMFARequest.swift (in target 'FirebaseAuth' from project 'Firebase')

SwiftCompile normal arm64 /Users/aleks/Library/Developer/Xcode/DerivedData/PlanItApp-gkehojshtcbfvhersqwajfujohau/SourcePackages/checkouts/firebase-ios-sdk/FirebaseAuth/Sources/Swift/Backend/RPC/GetOOBConfirmationCodeResponse.swift (in target 'FirebaseAuth' from project 'Firebase')
    cd /Users/aleks/Desktop/PlanItApp/PlanItApp.xcodeproj
    

SwiftCompile normal arm64 /Users/aleks/Library/Developer/Xcode/DerivedData/PlanItApp-gkehojshtcbfvhersqwajfujohau/SourcePackages/checkouts/firebase-ios-sdk/FirebaseAuth/Sources/Swift/Backend/RPC/GetProjectConfigRequest.swift (in target 'FirebaseAuth' from project 'Firebase')
    cd /Users/aleks/Desktop/PlanItApp/PlanItApp.xcodeproj
    

SwiftCompile normal arm64 /Users/aleks/Library/Developer/Xcode/DerivedData/PlanItApp-gkehojshtcbfvhersqwajfujohau/SourcePackages/checkouts/firebase-ios-sdk/FirebaseAuth/Sources/Swift/Backend/RPC/GetProjectConfigResponse.swift (in target 'FirebaseAuth' from project 'Firebase')
    cd /Users/aleks/Desktop/PlanItApp/PlanItApp.xcodeproj
    

SwiftCompile normal arm64 /Users/aleks/Library/Developer/Xcode/DerivedData/PlanItApp-gkehojshtcbfvhersqwajfujohau/SourcePackages/checkouts/firebase-ios-sdk/FirebaseAuth/Sources/Swift/Backend/RPC/GetRecaptchaConfigRequest.swift (in target 'FirebaseAuth' from project 'Firebase')
    cd /Users/aleks/Desktop/PlanItApp/PlanItApp.xcodeproj
    

SwiftCompile normal arm64 /Users/aleks/Library/Developer/Xcode/DerivedData/PlanItApp-gkehojshtcbfvhersqwajfujohau/SourcePackages/checkouts/firebase-ios-sdk/FirebaseAuth/Sources/Swift/Backend/RPC/GetRecaptchaConfigResponse.swift (in target 'FirebaseAuth' from project 'Firebase')
    cd /Users/aleks/Desktop/PlanItApp/PlanItApp.xcodeproj
    

SwiftCompile normal arm64 /Users/aleks/Library/Developer/Xcode/DerivedData/PlanItApp-gkehojshtcbfvhersqwajfujohau/SourcePackages/checkouts/firebase-ios-sdk/FirebaseAuth/Sources/Swift/Backend/RPC/MultiFactor/Enroll/FinalizeMFAEnrollmentRequest.swift (in target 'FirebaseAuth' from project 'Firebase')
    cd /Users/aleks/Desktop/PlanItApp/PlanItApp.xcodeproj
    

SwiftCompile normal arm64 /Users/aleks/Library/Developer/Xcode/DerivedData/PlanItApp-gkehojshtcbfvhersqwajfujohau/SourcePackages/checkouts/firebase-ios-sdk/FirebaseAuth/Sources/Swift/Backend/RPC/MultiFactor/Enroll/FinalizeMFAEnrollmentResponse.swift (in target 'FirebaseAuth' from project 'Firebase')
    cd /Users/aleks/Desktop/PlanItApp/PlanItApp.xcodeproj
    

SwiftCompile normal arm64 /Users/aleks/Library/Developer/Xcode/DerivedData/PlanItApp-gkehojshtcbfvhersqwajfujohau/SourcePackages/checkouts/firebase-ios-sdk/FirebaseAuth/Sources/Swift/Backend/RPC/MultiFactor/Enroll/StartMFAEnrollmentRequest.swift (in target 'FirebaseAuth' from project 'Firebase')
    cd /Users/aleks/Desktop/PlanItApp/PlanItApp.xcodeproj
    

SwiftCompile normal arm64 /Users/aleks/Library/Developer/Xcode/DerivedData/PlanItApp-gkehojshtcbfvhersqwajfujohau/SourcePackages/checkouts/firebase-ios-sdk/FirebaseAuth/Sources/Swift/Backend/RPC/MultiFactor/Enroll/StartMFAEnrollmentResponse.swift (in target 'FirebaseAuth' from project 'Firebase')
    cd /Users/aleks/Desktop/PlanItApp/PlanItApp.xcodeproj
    

SwiftCompile normal arm64 /Users/aleks/Library/Developer/Xcode/DerivedData/PlanItApp-gkehojshtcbfvhersqwajfujohau/SourcePackages/checkouts/firebase-ios-sdk/FirebaseAuth/Sources/Swift/Backend/RPC/MultiFactor/SignIn/FinalizeMFASignInRequest.swift (in target 'FirebaseAuth' from project 'Firebase')
    cd /Users/aleks/Desktop/PlanItApp/PlanItApp.xcodeproj
    

SwiftCompile normal arm64 /Users/aleks/Library/Developer/Xcode/DerivedData/PlanItApp-gkehojshtcbfvhersqwajfujohau/SourcePackages/checkouts/firebase-ios-sdk/FirebaseAuth/Sources/Swift/Backend/RPC/MultiFactor/SignIn/FinalizeMFASignInResponse.swift (in target 'FirebaseAuth' from project 'Firebase')
    cd /Users/aleks/Desktop/PlanItApp/PlanItApp.xcodeproj
    

SwiftCompile normal arm64 /Users/aleks/Library/Developer/Xcode/DerivedData/PlanItApp-gkehojshtcbfvhersqwajfujohau/SourcePackages/checkouts/firebase-ios-sdk/FirebaseAuth/Sources/Swift/Backend/RPC/MultiFactor/SignIn/StartMFASignInRequest.swift (in target 'FirebaseAuth' from project 'Firebase')
    cd /Users/aleks/Desktop/PlanItApp/PlanItApp.xcodeproj
    

SwiftCompile normal arm64 /Users/aleks/Library/Developer/Xcode/DerivedData/PlanItApp-gkehojshtcbfvhersqwajfujohau/SourcePackages/checkouts/firebase-ios-sdk/FirebaseAuth/Sources/Swift/Backend/RPC/MultiFactor/SignIn/StartMFASignInResponse.swift (in target 'FirebaseAuth' from project 'Firebase')
    cd /Users/aleks/Desktop/PlanItApp/PlanItApp.xcodeproj
    

SwiftCompile normal arm64 /Users/aleks/Library/Developer/Xcode/DerivedData/PlanItApp-gkehojshtcbfvhersqwajfujohau/SourcePackages/checkouts/firebase-ios-sdk/FirebaseAuth/Sources/Swift/Backend/RPC/MultiFactor/Unenroll/WithdrawMFARequest.swift (in target 'FirebaseAuth' from project 'Firebase')
    cd /Users/aleks/Desktop/PlanItApp/PlanItApp.xcodeproj
    

SwiftCompile normal arm64 Compiling\ RevokeTokenRequest.swift,\ RevokeTokenResponse.swift,\ SecureTokenRequest.swift,\ SecureTokenResponse.swift,\ SendVerificationTokenRequest.swift,\ SendVerificationTokenResponse.swift,\ SetAccountInfoRequest.swift,\ SetAccountInfoResponse.swift,\ SignInWithGameCenterRequest.swift,\ SignInWithGameCenterResponse.swift,\ SignUpNewUserRequest.swift,\ SignUpNewUserResponse.swift,\ VerifyAssertionRequest.swift,\ VerifyAssertionResponse.swift /Users/aleks/Library/Developer/Xcode/DerivedData/PlanItApp-gkehojshtcbfvhersqwajfujohau/SourcePackages/checkouts/firebase-ios-sdk/FirebaseAuth/Sources/Swift/Backend/RPC/RevokeTokenRequest.swift /Users/aleks/Library/Developer/Xcode/DerivedData/PlanItApp-gkehojshtcbfvhersqwajfujohau/SourcePackages/checkouts/firebase-ios-sdk/FirebaseAuth/Sources/Swift/Backend/RPC/RevokeTokenResponse.swift /Users/aleks/Library/Developer/Xcode/DerivedData/PlanItApp-gkehojshtcbfvhersqwajfujohau/SourcePackages/checkouts/firebase-ios-sdk/FirebaseAuth/Sources/Swift/Backend/RPC/SecureTokenRequest.swift /Users/aleks/Library/Developer/Xcode/DerivedData/PlanItApp-gkehojshtcbfvhersqwajfujohau/SourcePackages/checkouts/firebase-ios-sdk/FirebaseAuth/Sources/Swift/Backend/RPC/SecureTokenResponse.swift /Users/aleks/Library/Developer/Xcode/DerivedData/PlanItApp-gkehojshtcbfvhersqwajfujohau/SourcePackages/checkouts/firebase-ios-sdk/FirebaseAuth/Sources/Swift/Backend/RPC/SendVerificationTokenRequest.swift /Users/aleks/Library/Developer/Xcode/DerivedData/PlanItApp-gkehojshtcbfvhersqwajfujohau/SourcePackages/checkouts/firebase-ios-sdk/FirebaseAuth/Sources/Swift/Backend/RPC/SendVerificationTokenResponse.swift /Users/aleks/Library/Developer/Xcode/DerivedData/PlanItApp-gkehojshtcbfvhersqwajfujohau/SourcePackages/checkouts/firebase-ios-sdk/FirebaseAuth/Sources/Swift/Backend/RPC/SetAccountInfoRequest.swift /Users/aleks/Library/Developer/Xcode/DerivedData/PlanItApp-gkehojshtcbfvhersqwajfujohau/SourcePackages/checkouts/firebase-ios-sdk/FirebaseAuth/Sources/Swift/Backend/RPC/SetAccountInfoResponse.swift /Users/aleks/Library/Developer/Xcode/DerivedData/PlanItApp-gkehojshtcbfvhersqwajfujohau/SourcePackages/checkouts/firebase-ios-sdk/FirebaseAuth/Sources/Swift/Backend/RPC/SignInWithGameCenterRequest.swift /Users/aleks/Library/Developer/Xcode/DerivedData/PlanItApp-gkehojshtcbfvhersqwajfujohau/SourcePackages/checkouts/firebase-ios-sdk/FirebaseAuth/Sources/Swift/Backend/RPC/SignInWithGameCenterResponse.swift /Users/aleks/Library/Developer/Xcode/DerivedData/PlanItApp-gkehojshtcbfvhersqwajfujohau/SourcePackages/checkouts/firebase-ios-sdk/FirebaseAuth/Sources/Swift/Backend/RPC/SignUpNewUserRequest.swift /Users/aleks/Library/Developer/Xcode/DerivedData/PlanItApp-gkehojshtcbfvhersqwajfujohau/SourcePackages/checkouts/firebase-ios-sdk/FirebaseAuth/Sources/Swift/Backend/RPC/SignUpNewUserResponse.swift /Users/aleks/Library/Developer/Xcode/DerivedData/PlanItApp-gkehojshtcbfvhersqwajfujohau/SourcePackages/checkouts/firebase-ios-sdk/FirebaseAuth/Sources/Swift/Backend/RPC/VerifyAssertionRequest.swift /Users/aleks/Library/Developer/Xcode/DerivedData/PlanItApp-gkehojshtcbfvhersqwajfujohau/SourcePackages/checkouts/firebase-ios-sdk/FirebaseAuth/Sources/Swift/Backend/RPC/VerifyAssertionResponse.swift (in target 'FirebaseAuth' from project 'Firebase')

SwiftCompile normal arm64 /Users/aleks/Library/Developer/Xcode/DerivedData/PlanItApp-gkehojshtcbfvhersqwajfujohau/SourcePackages/checkouts/firebase-ios-sdk/FirebaseAuth/Sources/Swift/Backend/RPC/RevokeTokenRequest.swift (in target 'FirebaseAuth' from project 'Firebase')
    cd /Users/aleks/Desktop/PlanItApp/PlanItApp.xcodeproj
    

SwiftCompile normal arm64 /Users/aleks/Library/Developer/Xcode/DerivedData/PlanItApp-gkehojshtcbfvhersqwajfujohau/SourcePackages/checkouts/firebase-ios-sdk/FirebaseAuth/Sources/Swift/Backend/RPC/RevokeTokenResponse.swift (in target 'FirebaseAuth' from project 'Firebase')
    cd /Users/aleks/Desktop/PlanItApp/PlanItApp.xcodeproj
    

SwiftCompile normal arm64 /Users/aleks/Library/Developer/Xcode/DerivedData/PlanItApp-gkehojshtcbfvhersqwajfujohau/SourcePackages/checkouts/firebase-ios-sdk/FirebaseAuth/Sources/Swift/Backend/RPC/SecureTokenRequest.swift (in target 'FirebaseAuth' from project 'Firebase')
    cd /Users/aleks/Desktop/PlanItApp/PlanItApp.xcodeproj
    

SwiftCompile normal arm64 /Users/aleks/Library/Developer/Xcode/DerivedData/PlanItApp-gkehojshtcbfvhersqwajfujohau/SourcePackages/checkouts/firebase-ios-sdk/FirebaseAuth/Sources/Swift/Backend/RPC/SecureTokenResponse.swift (in target 'FirebaseAuth' from project 'Firebase')
    cd /Users/aleks/Desktop/PlanItApp/PlanItApp.xcodeproj
    

SwiftCompile normal arm64 /Users/aleks/Library/Developer/Xcode/DerivedData/PlanItApp-gkehojshtcbfvhersqwajfujohau/SourcePackages/checkouts/firebase-ios-sdk/FirebaseAuth/Sources/Swift/Backend/RPC/SendVerificationTokenRequest.swift (in target 'FirebaseAuth' from project 'Firebase')
    cd /Users/aleks/Desktop/PlanItApp/PlanItApp.xcodeproj
    

SwiftCompile normal arm64 /Users/aleks/Library/Developer/Xcode/DerivedData/PlanItApp-gkehojshtcbfvhersqwajfujohau/SourcePackages/checkouts/firebase-ios-sdk/FirebaseAuth/Sources/Swift/Backend/RPC/SendVerificationTokenResponse.swift (in target 'FirebaseAuth' from project 'Firebase')
    cd /Users/aleks/Desktop/PlanItApp/PlanItApp.xcodeproj
    

SwiftCompile normal arm64 /Users/aleks/Library/Developer/Xcode/DerivedData/PlanItApp-gkehojshtcbfvhersqwajfujohau/SourcePackages/checkouts/firebase-ios-sdk/FirebaseAuth/Sources/Swift/Backend/RPC/SetAccountInfoRequest.swift (in target 'FirebaseAuth' from project 'Firebase')
    cd /Users/aleks/Desktop/PlanItApp/PlanItApp.xcodeproj
    

SwiftCompile normal arm64 /Users/aleks/Library/Developer/Xcode/DerivedData/PlanItApp-gkehojshtcbfvhersqwajfujohau/SourcePackages/checkouts/firebase-ios-sdk/FirebaseAuth/Sources/Swift/Backend/RPC/SetAccountInfoResponse.swift (in target 'FirebaseAuth' from project 'Firebase')
    cd /Users/aleks/Desktop/PlanItApp/PlanItApp.xcodeproj
    

SwiftCompile normal arm64 /Users/aleks/Library/Developer/Xcode/DerivedData/PlanItApp-gkehojshtcbfvhersqwajfujohau/SourcePackages/checkouts/firebase-ios-sdk/FirebaseAuth/Sources/Swift/Backend/RPC/SignInWithGameCenterRequest.swift (in target 'FirebaseAuth' from project 'Firebase')
    cd /Users/aleks/Desktop/PlanItApp/PlanItApp.xcodeproj
    

SwiftCompile normal arm64 /Users/aleks/Library/Developer/Xcode/DerivedData/PlanItApp-gkehojshtcbfvhersqwajfujohau/SourcePackages/checkouts/firebase-ios-sdk/FirebaseAuth/Sources/Swift/Backend/RPC/SignInWithGameCenterResponse.swift (in target 'FirebaseAuth' from project 'Firebase')
    cd /Users/aleks/Desktop/PlanItApp/PlanItApp.xcodeproj
    

SwiftCompile normal arm64 /Users/aleks/Library/Developer/Xcode/DerivedData/PlanItApp-gkehojshtcbfvhersqwajfujohau/SourcePackages/checkouts/firebase-ios-sdk/FirebaseAuth/Sources/Swift/Backend/RPC/SignUpNewUserRequest.swift (in target 'FirebaseAuth' from project 'Firebase')
    cd /Users/aleks/Desktop/PlanItApp/PlanItApp.xcodeproj
    

SwiftCompile normal arm64 /Users/aleks/Library/Developer/Xcode/DerivedData/PlanItApp-gkehojshtcbfvhersqwajfujohau/SourcePackages/checkouts/firebase-ios-sdk/FirebaseAuth/Sources/Swift/Backend/RPC/SignUpNewUserResponse.swift (in target 'FirebaseAuth' from project 'Firebase')
    cd /Users/aleks/Desktop/PlanItApp/PlanItApp.xcodeproj
    

SwiftCompile normal arm64 /Users/aleks/Library/Developer/Xcode/DerivedData/PlanItApp-gkehojshtcbfvhersqwajfujohau/SourcePackages/checkouts/firebase-ios-sdk/FirebaseAuth/Sources/Swift/Backend/RPC/VerifyAssertionRequest.swift (in target 'FirebaseAuth' from project 'Firebase')
    cd /Users/aleks/Desktop/PlanItApp/PlanItApp.xcodeproj
    

SwiftCompile normal arm64 /Users/aleks/Library/Developer/Xcode/DerivedData/PlanItApp-gkehojshtcbfvhersqwajfujohau/SourcePackages/checkouts/firebase-ios-sdk/FirebaseAuth/Sources/Swift/Backend/RPC/VerifyAssertionResponse.swift (in target 'FirebaseAuth' from project 'Firebase')
    cd /Users/aleks/Desktop/PlanItApp/PlanItApp.xcodeproj
    

SwiftCompile normal arm64 Compiling\ AuthRPCRequest.swift,\ AuthRPCResponse.swift,\ AuthRequestConfiguration.swift,\ IdentityToolkitRequest.swift,\ AuthMFAResponse.swift,\ CreateAuthURIRequest.swift,\ CreateAuthURIResponse.swift,\ DeleteAccountRequest.swift,\ DeleteAccountResponse.swift,\ EmailLinkSignInRequest.swift,\ EmailLinkSignInResponse.swift,\ GetAccountInfoRequest.swift,\ GetAccountInfoResponse.swift,\ GetOOBConfirmationCodeRequest.swift /Users/aleks/Library/Developer/Xcode/DerivedData/PlanItApp-gkehojshtcbfvhersqwajfujohau/SourcePackages/checkouts/firebase-ios-sdk/FirebaseAuth/Sources/Swift/Backend/AuthRPCRequest.swift /Users/aleks/Library/Developer/Xcode/DerivedData/PlanItApp-gkehojshtcbfvhersqwajfujohau/SourcePackages/checkouts/firebase-ios-sdk/FirebaseAuth/Sources/Swift/Backend/AuthRPCResponse.swift /Users/aleks/Library/Developer/Xcode/DerivedData/PlanItApp-gkehojshtcbfvhersqwajfujohau/SourcePackages/checkouts/firebase-ios-sdk/FirebaseAuth/Sources/Swift/Backend/AuthRequestConfiguration.swift /Users/aleks/Library/Developer/Xcode/DerivedData/PlanItApp-gkehojshtcbfvhersqwajfujohau/SourcePackages/checkouts/firebase-ios-sdk/FirebaseAuth/Sources/Swift/Backend/IdentityToolkitRequest.swift /Users/aleks/Library/Developer/Xcode/DerivedData/PlanItApp-gkehojshtcbfvhersqwajfujohau/SourcePackages/checkouts/firebase-ios-sdk/FirebaseAuth/Sources/Swift/Backend/RPC/AuthMFAResponse.swift /Users/aleks/Library/Developer/Xcode/DerivedData/PlanItApp-gkehojshtcbfvhersqwajfujohau/SourcePackages/checkouts/firebase-ios-sdk/FirebaseAuth/Sources/Swift/Backend/RPC/CreateAuthURIRequest.swift /Users/aleks/Library/Developer/Xcode/DerivedData/PlanItApp-gkehojshtcbfvhersqwajfujohau/SourcePackages/checkouts/firebase-ios-sdk/FirebaseAuth/Sources/Swift/Backend/RPC/CreateAuthURIResponse.swift /Users/aleks/Library/Developer/Xcode/DerivedData/PlanItApp-gkehojshtcbfvhersqwajfujohau/SourcePackages/checkouts/firebase-ios-sdk/FirebaseAuth/Sources/Swift/Backend/RPC/DeleteAccountRequest.swift /Users/aleks/Library/Developer/Xcode/DerivedData/PlanItApp-gkehojshtcbfvhersqwajfujohau/SourcePackages/checkouts/firebase-ios-sdk/FirebaseAuth/Sources/Swift/Backend/RPC/DeleteAccountResponse.swift /Users/aleks/Library/Developer/Xcode/DerivedData/PlanItApp-gkehojshtcbfvhersqwajfujohau/SourcePackages/checkouts/firebase-ios-sdk/FirebaseAuth/Sources/Swift/Backend/RPC/EmailLinkSignInRequest.swift /Users/aleks/Library/Developer/Xcode/DerivedData/PlanItApp-gkehojshtcbfvhersqwajfujohau/SourcePackages/checkouts/firebase-ios-sdk/FirebaseAuth/Sources/Swift/Backend/RPC/EmailLinkSignInResponse.swift /Users/aleks/Library/Developer/Xcode/DerivedData/PlanItApp-gkehojshtcbfvhersqwajfujohau/SourcePackages/checkouts/firebase-ios-sdk/FirebaseAuth/Sources/Swift/Backend/RPC/GetAccountInfoRequest.swift /Users/aleks/Library/Developer/Xcode/DerivedData/PlanItApp-gkehojshtcbfvhersqwajfujohau/SourcePackages/checkouts/firebase-ios-sdk/FirebaseAuth/Sources/Swift/Backend/RPC/GetAccountInfoResponse.swift /Users/aleks/Library/Developer/Xcode/DerivedData/PlanItApp-gkehojshtcbfvhersqwajfujohau/SourcePackages/checkouts/firebase-ios-sdk/FirebaseAuth/Sources/Swift/Backend/RPC/GetOOBConfirmationCodeRequest.swift (in target 'FirebaseAuth' from project 'Firebase')

SwiftCompile normal arm64 /Users/aleks/Library/Developer/Xcode/DerivedData/PlanItApp-gkehojshtcbfvhersqwajfujohau/SourcePackages/checkouts/firebase-ios-sdk/FirebaseAuth/Sources/Swift/Backend/AuthRPCRequest.swift (in target 'FirebaseAuth' from project 'Firebase')
    cd /Users/aleks/Desktop/PlanItApp/PlanItApp.xcodeproj
    

SwiftCompile normal arm64 /Users/aleks/Library/Developer/Xcode/DerivedData/PlanItApp-gkehojshtcbfvhersqwajfujohau/SourcePackages/checkouts/firebase-ios-sdk/FirebaseAuth/Sources/Swift/Backend/AuthRPCResponse.swift (in target 'FirebaseAuth' from project 'Firebase')
    cd /Users/aleks/Desktop/PlanItApp/PlanItApp.xcodeproj
    

SwiftCompile normal arm64 /Users/aleks/Library/Developer/Xcode/DerivedData/PlanItApp-gkehojshtcbfvhersqwajfujohau/SourcePackages/checkouts/firebase-ios-sdk/FirebaseAuth/Sources/Swift/Backend/AuthRequestConfiguration.swift (in target 'FirebaseAuth' from project 'Firebase')
    cd /Users/aleks/Desktop/PlanItApp/PlanItApp.xcodeproj
    

SwiftCompile normal arm64 /Users/aleks/Library/Developer/Xcode/DerivedData/PlanItApp-gkehojshtcbfvhersqwajfujohau/SourcePackages/checkouts/firebase-ios-sdk/FirebaseAuth/Sources/Swift/Backend/IdentityToolkitRequest.swift (in target 'FirebaseAuth' from project 'Firebase')
    cd /Users/aleks/Desktop/PlanItApp/PlanItApp.xcodeproj
    

SwiftCompile normal arm64 /Users/aleks/Library/Developer/Xcode/DerivedData/PlanItApp-gkehojshtcbfvhersqwajfujohau/SourcePackages/checkouts/firebase-ios-sdk/FirebaseAuth/Sources/Swift/Backend/RPC/AuthMFAResponse.swift (in target 'FirebaseAuth' from project 'Firebase')
    cd /Users/aleks/Desktop/PlanItApp/PlanItApp.xcodeproj
    

SwiftCompile normal arm64 /Users/aleks/Library/Developer/Xcode/DerivedData/PlanItApp-gkehojshtcbfvhersqwajfujohau/SourcePackages/checkouts/firebase-ios-sdk/FirebaseAuth/Sources/Swift/Backend/RPC/CreateAuthURIRequest.swift (in target 'FirebaseAuth' from project 'Firebase')
    cd /Users/aleks/Desktop/PlanItApp/PlanItApp.xcodeproj
    

SwiftCompile normal arm64 /Users/aleks/Library/Developer/Xcode/DerivedData/PlanItApp-gkehojshtcbfvhersqwajfujohau/SourcePackages/checkouts/firebase-ios-sdk/FirebaseAuth/Sources/Swift/Backend/RPC/CreateAuthURIResponse.swift (in target 'FirebaseAuth' from project 'Firebase')
    cd /Users/aleks/Desktop/PlanItApp/PlanItApp.xcodeproj
    

SwiftCompile normal arm64 /Users/aleks/Library/Developer/Xcode/DerivedData/PlanItApp-gkehojshtcbfvhersqwajfujohau/SourcePackages/checkouts/firebase-ios-sdk/FirebaseAuth/Sources/Swift/Backend/RPC/DeleteAccountRequest.swift (in target 'FirebaseAuth' from project 'Firebase')
    cd /Users/aleks/Desktop/PlanItApp/PlanItApp.xcodeproj
    

SwiftCompile normal arm64 /Users/aleks/Library/Developer/Xcode/DerivedData/PlanItApp-gkehojshtcbfvhersqwajfujohau/SourcePackages/checkouts/firebase-ios-sdk/FirebaseAuth/Sources/Swift/Backend/RPC/DeleteAccountResponse.swift (in target 'FirebaseAuth' from project 'Firebase')
    cd /Users/aleks/Desktop/PlanItApp/PlanItApp.xcodeproj
    

SwiftCompile normal arm64 /Users/aleks/Library/Developer/Xcode/DerivedData/PlanItApp-gkehojshtcbfvhersqwajfujohau/SourcePackages/checkouts/firebase-ios-sdk/FirebaseAuth/Sources/Swift/Backend/RPC/EmailLinkSignInRequest.swift (in target 'FirebaseAuth' from project 'Firebase')
    cd /Users/aleks/Desktop/PlanItApp/PlanItApp.xcodeproj
    

SwiftCompile normal arm64 /Users/aleks/Library/Developer/Xcode/DerivedData/PlanItApp-gkehojshtcbfvhersqwajfujohau/SourcePackages/checkouts/firebase-ios-sdk/FirebaseAuth/Sources/Swift/Backend/RPC/EmailLinkSignInResponse.swift (in target 'FirebaseAuth' from project 'Firebase')
    cd /Users/aleks/Desktop/PlanItApp/PlanItApp.xcodeproj
    

SwiftCompile normal arm64 /Users/aleks/Library/Developer/Xcode/DerivedData/PlanItApp-gkehojshtcbfvhersqwajfujohau/SourcePackages/checkouts/firebase-ios-sdk/FirebaseAuth/Sources/Swift/Backend/RPC/GetAccountInfoRequest.swift (in target 'FirebaseAuth' from project 'Firebase')
    cd /Users/aleks/Desktop/PlanItApp/PlanItApp.xcodeproj
    

SwiftCompile normal arm64 /Users/aleks/Library/Developer/Xcode/DerivedData/PlanItApp-gkehojshtcbfvhersqwajfujohau/SourcePackages/checkouts/firebase-ios-sdk/FirebaseAuth/Sources/Swift/Backend/RPC/GetAccountInfoResponse.swift (in target 'FirebaseAuth' from project 'Firebase')
    cd /Users/aleks/Desktop/PlanItApp/PlanItApp.xcodeproj
    

SwiftCompile normal arm64 /Users/aleks/Library/Developer/Xcode/DerivedData/PlanItApp-gkehojshtcbfvhersqwajfujohau/SourcePackages/checkouts/firebase-ios-sdk/FirebaseAuth/Sources/Swift/Backend/RPC/GetOOBConfirmationCodeRequest.swift (in target 'FirebaseAuth' from project 'Firebase')
    cd /Users/aleks/Desktop/PlanItApp/PlanItApp.xcodeproj
    

PrecompileModule /Users/aleks/Library/Developer/Xcode/DerivedData/PlanItApp-gkehojshtcbfvhersqwajfujohau/Build/Intermediates.noindex/ExplicitPrecompiledModules/os_availability-5PDRUPB77235WAUXRZHW2VJ49.scan
    cd /Users/aleks/Desktop/PlanItApp/PlanItApp.xcodeproj
    builtin-precompileModule /Users/aleks/Library/Developer/Xcode/DerivedData/PlanItApp-gkehojshtcbfvhersqwajfujohau/Build/Intermediates.noindex/ExplicitPrecompiledModules/os_availability-5PDRUPB77235WAUXRZHW2VJ49.scan

SwiftCompile normal arm64 Compiling\ AuthAPNSTokenManager.swift,\ AuthAPNSTokenType.swift,\ AuthAppCredential.swift,\ AuthAppCredentialManager.swift,\ AuthNotificationManager.swift,\ AuthStoredUserManager.swift,\ SecureTokenService.swift,\ AdditionalUserInfo.swift,\ User.swift,\ UserInfo.swift,\ UserInfoImpl.swift,\ UserMetadata.swift,\ UserProfileChangeRequest.swift /Users/aleks/Library/Developer/Xcode/DerivedData/PlanItApp-gkehojshtcbfvhersqwajfujohau/SourcePackages/checkouts/firebase-ios-sdk/FirebaseAuth/Sources/Swift/SystemService/AuthAPNSTokenManager.swift /Users/aleks/Library/Developer/Xcode/DerivedData/PlanItApp-gkehojshtcbfvhersqwajfujohau/SourcePackages/checkouts/firebase-ios-sdk/FirebaseAuth/Sources/Swift/SystemService/AuthAPNSTokenType.swift /Users/aleks/Library/Developer/Xcode/DerivedData/PlanItApp-gkehojshtcbfvhersqwajfujohau/SourcePackages/checkouts/firebase-ios-sdk/FirebaseAuth/Sources/Swift/SystemService/AuthAppCredential.swift /Users/aleks/Library/Developer/Xcode/DerivedData/PlanItApp-gkehojshtcbfvhersqwajfujohau/SourcePackages/checkouts/firebase-ios-sdk/FirebaseAuth/Sources/Swift/SystemService/AuthAppCredentialManager.swift /Users/aleks/Library/Developer/Xcode/DerivedData/PlanItApp-gkehojshtcbfvhersqwajfujohau/SourcePackages/checkouts/firebase-ios-sdk/FirebaseAuth/Sources/Swift/SystemService/AuthNotificationManager.swift /Users/aleks/Library/Developer/Xcode/DerivedData/PlanItApp-gkehojshtcbfvhersqwajfujohau/SourcePackages/checkouts/firebase-ios-sdk/FirebaseAuth/Sources/Swift/SystemService/AuthStoredUserManager.swift /Users/aleks/Library/Developer/Xcode/DerivedData/PlanItApp-gkehojshtcbfvhersqwajfujohau/SourcePackages/checkouts/firebase-ios-sdk/FirebaseAuth/Sources/Swift/SystemService/SecureTokenService.swift /Users/aleks/Library/Developer/Xcode/DerivedData/PlanItApp-gkehojshtcbfvhersqwajfujohau/SourcePackages/checkouts/firebase-ios-sdk/FirebaseAuth/Sources/Swift/User/AdditionalUserInfo.swift /Users/aleks/Library/Developer/Xcode/DerivedData/PlanItApp-gkehojshtcbfvhersqwajfujohau/SourcePackages/checkouts/firebase-ios-sdk/FirebaseAuth/Sources/Swift/User/User.swift /Users/aleks/Library/Developer/Xcode/DerivedData/PlanItApp-gkehojshtcbfvhersqwajfujohau/SourcePackages/checkouts/firebase-ios-sdk/FirebaseAuth/Sources/Swift/User/UserInfo.swift /Users/aleks/Library/Developer/Xcode/DerivedData/PlanItApp-gkehojshtcbfvhersqwajfujohau/SourcePackages/checkouts/firebase-ios-sdk/FirebaseAuth/Sources/Swift/User/UserInfoImpl.swift /Users/aleks/Library/Developer/Xcode/DerivedData/PlanItApp-gkehojshtcbfvhersqwajfujohau/SourcePackages/checkouts/firebase-ios-sdk/FirebaseAuth/Sources/Swift/User/UserMetadata.swift /Users/aleks/Library/Developer/Xcode/DerivedData/PlanItApp-gkehojshtcbfvhersqwajfujohau/SourcePackages/checkouts/firebase-ios-sdk/FirebaseAuth/Sources/Swift/User/UserProfileChangeRequest.swift (in target 'FirebaseAuth' from project 'Firebase')
SwiftCompile normal arm64 /Users/aleks/Library/Developer/Xcode/DerivedData/PlanItApp-gkehojshtcbfvhersqwajfujohau/SourcePackages/checkouts/firebase-ios-sdk/FirebaseAuth/Sources/Swift/SystemService/AuthAPNSTokenManager.swift (in target 'FirebaseAuth' from project 'Firebase')
    cd /Users/aleks/Desktop/PlanItApp/PlanItApp.xcodeproj
    

SwiftCompile normal arm64 /Users/aleks/Library/Developer/Xcode/DerivedData/PlanItApp-gkehojshtcbfvhersqwajfujohau/SourcePackages/checkouts/firebase-ios-sdk/FirebaseAuth/Sources/Swift/SystemService/AuthAPNSTokenType.swift (in target 'FirebaseAuth' from project 'Firebase')
    cd /Users/aleks/Desktop/PlanItApp/PlanItApp.xcodeproj
    

SwiftCompile normal arm64 /Users/aleks/Library/Developer/Xcode/DerivedData/PlanItApp-gkehojshtcbfvhersqwajfujohau/SourcePackages/checkouts/firebase-ios-sdk/FirebaseAuth/Sources/Swift/SystemService/AuthAppCredential.swift (in target 'FirebaseAuth' from project 'Firebase')
    cd /Users/aleks/Desktop/PlanItApp/PlanItApp.xcodeproj
    

SwiftCompile normal arm64 /Users/aleks/Library/Developer/Xcode/DerivedData/PlanItApp-gkehojshtcbfvhersqwajfujohau/SourcePackages/checkouts/firebase-ios-sdk/FirebaseAuth/Sources/Swift/SystemService/AuthAppCredentialManager.swift (in target 'FirebaseAuth' from project 'Firebase')
    cd /Users/aleks/Desktop/PlanItApp/PlanItApp.xcodeproj
    

SwiftCompile normal arm64 /Users/aleks/Library/Developer/Xcode/DerivedData/PlanItApp-gkehojshtcbfvhersqwajfujohau/SourcePackages/checkouts/firebase-ios-sdk/FirebaseAuth/Sources/Swift/SystemService/AuthNotificationManager.swift (in target 'FirebaseAuth' from project 'Firebase')
    cd /Users/aleks/Desktop/PlanItApp/PlanItApp.xcodeproj
    

SwiftCompile normal arm64 /Users/aleks/Library/Developer/Xcode/DerivedData/PlanItApp-gkehojshtcbfvhersqwajfujohau/SourcePackages/checkouts/firebase-ios-sdk/FirebaseAuth/Sources/Swift/SystemService/AuthStoredUserManager.swift (in target 'FirebaseAuth' from project 'Firebase')
    cd /Users/aleks/Desktop/PlanItApp/PlanItApp.xcodeproj
    

SwiftCompile normal arm64 /Users/aleks/Library/Developer/Xcode/DerivedData/PlanItApp-gkehojshtcbfvhersqwajfujohau/SourcePackages/checkouts/firebase-ios-sdk/FirebaseAuth/Sources/Swift/SystemService/SecureTokenService.swift (in target 'FirebaseAuth' from project 'Firebase')
    cd /Users/aleks/Desktop/PlanItApp/PlanItApp.xcodeproj
    

SwiftCompile normal arm64 /Users/aleks/Library/Developer/Xcode/DerivedData/PlanItApp-gkehojshtcbfvhersqwajfujohau/SourcePackages/checkouts/firebase-ios-sdk/FirebaseAuth/Sources/Swift/User/AdditionalUserInfo.swift (in target 'FirebaseAuth' from project 'Firebase')
    cd /Users/aleks/Desktop/PlanItApp/PlanItApp.xcodeproj
    

SwiftCompile normal arm64 /Users/aleks/Library/Developer/Xcode/DerivedData/PlanItApp-gkehojshtcbfvhersqwajfujohau/SourcePackages/checkouts/firebase-ios-sdk/FirebaseAuth/Sources/Swift/User/User.swift (in target 'FirebaseAuth' from project 'Firebase')
    cd /Users/aleks/Desktop/PlanItApp/PlanItApp.xcodeproj
    

SwiftCompile normal arm64 /Users/aleks/Library/Developer/Xcode/DerivedData/PlanItApp-gkehojshtcbfvhersqwajfujohau/SourcePackages/checkouts/firebase-ios-sdk/FirebaseAuth/Sources/Swift/User/UserInfo.swift (in target 'FirebaseAuth' from project 'Firebase')
    cd /Users/aleks/Desktop/PlanItApp/PlanItApp.xcodeproj
    

SwiftCompile normal arm64 /Users/aleks/Library/Developer/Xcode/DerivedData/PlanItApp-gkehojshtcbfvhersqwajfujohau/SourcePackages/checkouts/firebase-ios-sdk/FirebaseAuth/Sources/Swift/User/UserInfoImpl.swift (in target 'FirebaseAuth' from project 'Firebase')
    cd /Users/aleks/Desktop/PlanItApp/PlanItApp.xcodeproj
    

SwiftCompile normal arm64 /Users/aleks/Library/Developer/Xcode/DerivedData/PlanItApp-gkehojshtcbfvhersqwajfujohau/SourcePackages/checkouts/firebase-ios-sdk/FirebaseAuth/Sources/Swift/User/UserMetadata.swift (in target 'FirebaseAuth' from project 'Firebase')
    cd /Users/aleks/Desktop/PlanItApp/PlanItApp.xcodeproj
    

SwiftCompile normal arm64 /Users/aleks/Library/Developer/Xcode/DerivedData/PlanItApp-gkehojshtcbfvhersqwajfujohau/SourcePackages/checkouts/firebase-ios-sdk/FirebaseAuth/Sources/Swift/User/UserProfileChangeRequest.swift (in target 'FirebaseAuth' from project 'Firebase')
    cd /Users/aleks/Desktop/PlanItApp/PlanItApp.xcodeproj
    

SwiftCompile normal arm64 Compiling\ MultiFactorSession.swift,\ PhoneMultiFactorAssertion.swift,\ PhoneMultiFactorGenerator.swift,\ PhoneMultiFactorInfo.swift,\ TOTPMultFactorAssertion.swift,\ TOTPMultiFactorGenerator.swift,\ TOTPMultiFactorInfo.swift,\ TOTPSecret.swift,\ AuthKeychainServices.swift,\ AuthKeychainStorage.swift,\ AuthKeychainStorageReal.swift,\ AuthUserDefaults.swift,\ AuthAPNSToken.swift /Users/aleks/Library/Developer/Xcode/DerivedData/PlanItApp-gkehojshtcbfvhersqwajfujohau/SourcePackages/checkouts/firebase-ios-sdk/FirebaseAuth/Sources/Swift/MultiFactor/MultiFactorSession.swift /Users/aleks/Library/Developer/Xcode/DerivedData/PlanItApp-gkehojshtcbfvhersqwajfujohau/SourcePackages/checkouts/firebase-ios-sdk/FirebaseAuth/Sources/Swift/MultiFactor/Phone/PhoneMultiFactorAssertion.swift /Users/aleks/Library/Developer/Xcode/DerivedData/PlanItApp-gkehojshtcbfvhersqwajfujohau/SourcePackages/checkouts/firebase-ios-sdk/FirebaseAuth/Sources/Swift/MultiFactor/Phone/PhoneMultiFactorGenerator.swift /Users/aleks/Library/Developer/Xcode/DerivedData/PlanItApp-gkehojshtcbfvhersqwajfujohau/SourcePackages/checkouts/firebase-ios-sdk/FirebaseAuth/Sources/Swift/MultiFactor/Phone/PhoneMultiFactorInfo.swift /Users/aleks/Library/Developer/Xcode/DerivedData/PlanItApp-gkehojshtcbfvhersqwajfujohau/SourcePackages/checkouts/firebase-ios-sdk/FirebaseAuth/Sources/Swift/MultiFactor/TOTP/TOTPMultFactorAssertion.swift /Users/aleks/Library/Developer/Xcode/DerivedData/PlanItApp-gkehojshtcbfvhersqwajfujohau/SourcePackages/checkouts/firebase-ios-sdk/FirebaseAuth/Sources/Swift/MultiFactor/TOTP/TOTPMultiFactorGenerator.swift /Users/aleks/Library/Developer/Xcode/DerivedData/PlanItApp-gkehojshtcbfvhersqwajfujohau/SourcePackages/checkouts/firebase-ios-sdk/FirebaseAuth/Sources/Swift/MultiFactor/TOTP/TOTPMultiFactorInfo.swift /Users/aleks/Library/Developer/Xcode/DerivedData/PlanItApp-gkehojshtcbfvhersqwajfujohau/SourcePackages/checkouts/firebase-ios-sdk/FirebaseAuth/Sources/Swift/MultiFactor/TOTP/TOTPSecret.swift /Users/aleks/Library/Developer/Xcode/DerivedData/PlanItApp-gkehojshtcbfvhersqwajfujohau/SourcePackages/checkouts/firebase-ios-sdk/FirebaseAuth/Sources/Swift/Storage/AuthKeychainServices.swift /Users/aleks/Library/Developer/Xcode/DerivedData/PlanItApp-gkehojshtcbfvhersqwajfujohau/SourcePackages/checkouts/firebase-ios-sdk/FirebaseAuth/Sources/Swift/Storage/AuthKeychainStorage.swift /Users/aleks/Library/Developer/Xcode/DerivedData/PlanItApp-gkehojshtcbfvhersqwajfujohau/SourcePackages/checkouts/firebase-ios-sdk/FirebaseAuth/Sources/Swift/Storage/AuthKeychainStorageReal.swift /Users/aleks/Library/Developer/Xcode/DerivedData/PlanItApp-gkehojshtcbfvhersqwajfujohau/SourcePackages/checkouts/firebase-ios-sdk/FirebaseAuth/Sources/Swift/Storage/AuthUserDefaults.swift /Users/aleks/Library/Developer/Xcode/DerivedData/PlanItApp-gkehojshtcbfvhersqwajfujohau/SourcePackages/checkouts/firebase-ios-sdk/FirebaseAuth/Sources/Swift/SystemService/AuthAPNSToken.swift (in target 'FirebaseAuth' from project 'Firebase')

SwiftCompile normal arm64 /Users/aleks/Library/Developer/Xcode/DerivedData/PlanItApp-gkehojshtcbfvhersqwajfujohau/SourcePackages/checkouts/firebase-ios-sdk/FirebaseAuth/Sources/Swift/MultiFactor/MultiFactorSession.swift (in target 'FirebaseAuth' from project 'Firebase')
    cd /Users/aleks/Desktop/PlanItApp/PlanItApp.xcodeproj
    

SwiftCompile normal arm64 /Users/aleks/Library/Developer/Xcode/DerivedData/PlanItApp-gkehojshtcbfvhersqwajfujohau/SourcePackages/checkouts/firebase-ios-sdk/FirebaseAuth/Sources/Swift/MultiFactor/Phone/PhoneMultiFactorAssertion.swift (in target 'FirebaseAuth' from project 'Firebase')
    cd /Users/aleks/Desktop/PlanItApp/PlanItApp.xcodeproj
    

SwiftCompile normal arm64 /Users/aleks/Library/Developer/Xcode/DerivedData/PlanItApp-gkehojshtcbfvhersqwajfujohau/SourcePackages/checkouts/firebase-ios-sdk/FirebaseAuth/Sources/Swift/MultiFactor/Phone/PhoneMultiFactorGenerator.swift (in target 'FirebaseAuth' from project 'Firebase')
    cd /Users/aleks/Desktop/PlanItApp/PlanItApp.xcodeproj
    

SwiftCompile normal arm64 /Users/aleks/Library/Developer/Xcode/DerivedData/PlanItApp-gkehojshtcbfvhersqwajfujohau/SourcePackages/checkouts/firebase-ios-sdk/FirebaseAuth/Sources/Swift/MultiFactor/Phone/PhoneMultiFactorInfo.swift (in target 'FirebaseAuth' from project 'Firebase')
    cd /Users/aleks/Desktop/PlanItApp/PlanItApp.xcodeproj
    

SwiftCompile normal arm64 /Users/aleks/Library/Developer/Xcode/DerivedData/PlanItApp-gkehojshtcbfvhersqwajfujohau/SourcePackages/checkouts/firebase-ios-sdk/FirebaseAuth/Sources/Swift/MultiFactor/TOTP/TOTPMultFactorAssertion.swift (in target 'FirebaseAuth' from project 'Firebase')
    cd /Users/aleks/Desktop/PlanItApp/PlanItApp.xcodeproj
    

SwiftCompile normal arm64 /Users/aleks/Library/Developer/Xcode/DerivedData/PlanItApp-gkehojshtcbfvhersqwajfujohau/SourcePackages/checkouts/firebase-ios-sdk/FirebaseAuth/Sources/Swift/MultiFactor/TOTP/TOTPMultiFactorGenerator.swift (in target 'FirebaseAuth' from project 'Firebase')
    cd /Users/aleks/Desktop/PlanItApp/PlanItApp.xcodeproj
    

SwiftCompile normal arm64 /Users/aleks/Library/Developer/Xcode/DerivedData/PlanItApp-gkehojshtcbfvhersqwajfujohau/SourcePackages/checkouts/firebase-ios-sdk/FirebaseAuth/Sources/Swift/MultiFactor/TOTP/TOTPMultiFactorInfo.swift (in target 'FirebaseAuth' from project 'Firebase')
    cd /Users/aleks/Desktop/PlanItApp/PlanItApp.xcodeproj
    

SwiftCompile normal arm64 /Users/aleks/Library/Developer/Xcode/DerivedData/PlanItApp-gkehojshtcbfvhersqwajfujohau/SourcePackages/checkouts/firebase-ios-sdk/FirebaseAuth/Sources/Swift/MultiFactor/TOTP/TOTPSecret.swift (in target 'FirebaseAuth' from project 'Firebase')
    cd /Users/aleks/Desktop/PlanItApp/PlanItApp.xcodeproj
    

SwiftCompile normal arm64 /Users/aleks/Library/Developer/Xcode/DerivedData/PlanItApp-gkehojshtcbfvhersqwajfujohau/SourcePackages/checkouts/firebase-ios-sdk/FirebaseAuth/Sources/Swift/Storage/AuthKeychainServices.swift (in target 'FirebaseAuth' from project 'Firebase')
    cd /Users/aleks/Desktop/PlanItApp/PlanItApp.xcodeproj
    

SwiftCompile normal arm64 /Users/aleks/Library/Developer/Xcode/DerivedData/PlanItApp-gkehojshtcbfvhersqwajfujohau/SourcePackages/checkouts/firebase-ios-sdk/FirebaseAuth/Sources/Swift/Storage/AuthKeychainStorage.swift (in target 'FirebaseAuth' from project 'Firebase')
    cd /Users/aleks/Desktop/PlanItApp/PlanItApp.xcodeproj
    

SwiftCompile normal arm64 /Users/aleks/Library/Developer/Xcode/DerivedData/PlanItApp-gkehojshtcbfvhersqwajfujohau/SourcePackages/checkouts/firebase-ios-sdk/FirebaseAuth/Sources/Swift/Storage/AuthKeychainStorageReal.swift (in target 'FirebaseAuth' from project 'Firebase')
    cd /Users/aleks/Desktop/PlanItApp/PlanItApp.xcodeproj
    

SwiftCompile normal arm64 /Users/aleks/Library/Developer/Xcode/DerivedData/PlanItApp-gkehojshtcbfvhersqwajfujohau/SourcePackages/checkouts/firebase-ios-sdk/FirebaseAuth/Sources/Swift/Storage/AuthUserDefaults.swift (in target 'FirebaseAuth' from project 'Firebase')
    cd /Users/aleks/Desktop/PlanItApp/PlanItApp.xcodeproj
    

SwiftCompile normal arm64 /Users/aleks/Library/Developer/Xcode/DerivedData/PlanItApp-gkehojshtcbfvhersqwajfujohau/SourcePackages/checkouts/firebase-ios-sdk/FirebaseAuth/Sources/Swift/SystemService/AuthAPNSToken.swift (in target 'FirebaseAuth' from project 'Firebase')
    cd /Users/aleks/Desktop/PlanItApp/PlanItApp.xcodeproj
    

PrecompileModule /Users/aleks/Library/Developer/Xcode/DerivedData/PlanItApp-gkehojshtcbfvhersqwajfujohau/Build/Intermediates.noindex/ExplicitPrecompiledModules/AvailabilityMacros-97XWQ9DO3WS5GTI7ZOVQZNS08.scan
    cd /Users/aleks/Desktop/PlanItApp/PlanItApp.xcodeproj
    builtin-precompileModule /Users/aleks/Library/Developer/Xcode/DerivedData/PlanItApp-gkehojshtcbfvhersqwajfujohau/Build/Intermediates.noindex/ExplicitPrecompiledModules/AvailabilityMacros-97XWQ9DO3WS5GTI7ZOVQZNS08.scan

SwiftDriverJobDiscovery normal arm64 Compiling GetOOBConfirmationCodeResponse.swift, GetProjectConfigRequest.swift, GetProjectConfigResponse.swift, GetRecaptchaConfigRequest.swift, GetRecaptchaConfigResponse.swift, FinalizeMFAEnrollmentRequest.swift, FinalizeMFAEnrollmentResponse.swift, StartMFAEnrollmentRequest.swift, StartMFAEnrollmentResponse.swift, FinalizeMFASignInRequest.swift, FinalizeMFASignInResponse.swift, StartMFASignInRequest.swift, StartMFASignInResponse.swift, WithdrawMFARequest.swift (in target 'FirebaseAuth' from project 'Firebase')

PrecompileModule /Users/aleks/Library/Developer/Xcode/DerivedData/PlanItApp-gkehojshtcbfvhersqwajfujohau/Build/Intermediates.noindex/ExplicitPrecompiledModules/DarwinFoundation-7YD5UR8AJ5DAP45CA4OV9210Y.scan
    cd /Users/aleks/Desktop/PlanItApp/PlanItApp.xcodeproj
    builtin-precompileModule /Users/aleks/Library/Developer/Xcode/DerivedData/PlanItApp-gkehojshtcbfvhersqwajfujohau/Build/Intermediates.noindex/ExplicitPrecompiledModules/DarwinFoundation-7YD5UR8AJ5DAP45CA4OV9210Y.scan

SwiftCompile normal arm64 Compiling\ resource_bundle_accessor.swift,\ ActionCodeInfo.swift,\ ActionCodeOperation.swift,\ ActionCodeSettings.swift,\ ActionCodeURL.swift,\ Auth.swift,\ AuthComponent.swift,\ AuthDataResult.swift,\ AuthDispatcher.swift,\ AuthGlobalWorkQueue.swift,\ AuthOperationType.swift,\ AuthSettings.swift,\ AuthTokenResult.swift,\ AuthCredential.swift /Users/aleks/Library/Developer/Xcode/DerivedData/PlanItApp-gkehojshtcbfvhersqwajfujohau/Build/Intermediates.noindex/Firebase.build/Debug-iphonesimulator/FirebaseAuth.build/DerivedSources/resource_bundle_accessor.swift /Users/aleks/Library/Developer/Xcode/DerivedData/PlanItApp-gkehojshtcbfvhersqwajfujohau/SourcePackages/checkouts/firebase-ios-sdk/FirebaseAuth/Sources/Swift/ActionCode/ActionCodeInfo.swift /Users/aleks/Library/Developer/Xcode/DerivedData/PlanItApp-gkehojshtcbfvhersqwajfujohau/SourcePackages/checkouts/firebase-ios-sdk/FirebaseAuth/Sources/Swift/ActionCode/ActionCodeOperation.swift /Users/aleks/Library/Developer/Xcode/DerivedData/PlanItApp-gkehojshtcbfvhersqwajfujohau/SourcePackages/checkouts/firebase-ios-sdk/FirebaseAuth/Sources/Swift/ActionCode/ActionCodeSettings.swift /Users/aleks/Library/Developer/Xcode/DerivedData/PlanItApp-gkehojshtcbfvhersqwajfujohau/SourcePackages/checkouts/firebase-ios-sdk/FirebaseAuth/Sources/Swift/ActionCode/ActionCodeURL.swift /Users/aleks/Library/Developer/Xcode/DerivedData/PlanItApp-gkehojshtcbfvhersqwajfujohau/SourcePackages/checkouts/firebase-ios-sdk/FirebaseAuth/Sources/Swift/Auth/Auth.swift /Users/aleks/Library/Developer/Xcode/DerivedData/PlanItApp-gkehojshtcbfvhersqwajfujohau/SourcePackages/checkouts/firebase-ios-sdk/FirebaseAuth/Sources/Swift/Auth/AuthComponent.swift /Users/aleks/Library/Developer/Xcode/DerivedData/PlanItApp-gkehojshtcbfvhersqwajfujohau/SourcePackages/checkouts/firebase-ios-sdk/FirebaseAuth/Sources/Swift/Auth/AuthDataResult.swift /Users/aleks/Library/Developer/Xcode/DerivedData/PlanItApp-gkehojshtcbfvhersqwajfujohau/SourcePackages/checkouts/firebase-ios-sdk/FirebaseAuth/Sources/Swift/Auth/AuthDispatcher.swift /Users/aleks/Library/Developer/Xcode/DerivedData/PlanItApp-gkehojshtcbfvhersqwajfujohau/SourcePackages/checkouts/firebase-ios-sdk/FirebaseAuth/Sources/Swift/Auth/AuthGlobalWorkQueue.swift /Users/aleks/Library/Developer/Xcode/DerivedData/PlanItApp-gkehojshtcbfvhersqwajfujohau/SourcePackages/checkouts/firebase-ios-sdk/FirebaseAuth/Sources/Swift/Auth/AuthOperationType.swift /Users/aleks/Library/Developer/Xcode/DerivedData/PlanItApp-gkehojshtcbfvhersqwajfujohau/SourcePackages/checkouts/firebase-ios-sdk/FirebaseAuth/Sources/Swift/Auth/AuthSettings.swift /Users/aleks/Library/Developer/Xcode/DerivedData/PlanItApp-gkehojshtcbfvhersqwajfujohau/SourcePackages/checkouts/firebase-ios-sdk/FirebaseAuth/Sources/Swift/Auth/AuthTokenResult.swift /Users/aleks/Library/Developer/Xcode/DerivedData/PlanItApp-gkehojshtcbfvhersqwajfujohau/SourcePackages/checkouts/firebase-ios-sdk/FirebaseAuth/Sources/Swift/AuthProvider/AuthCredential.swift (in target 'FirebaseAuth' from project 'Firebase')
SwiftCompile normal arm64 /Users/aleks/Library/Developer/Xcode/DerivedData/PlanItApp-gkehojshtcbfvhersqwajfujohau/Build/Intermediates.noindex/Firebase.build/Debug-iphonesimulator/FirebaseAuth.build/DerivedSources/resource_bundle_accessor.swift (in target 'FirebaseAuth' from project 'Firebase')
    cd /Users/aleks/Desktop/PlanItApp/PlanItApp.xcodeproj
    

SwiftCompile normal arm64 /Users/aleks/Library/Developer/Xcode/DerivedData/PlanItApp-gkehojshtcbfvhersqwajfujohau/SourcePackages/checkouts/firebase-ios-sdk/FirebaseAuth/Sources/Swift/ActionCode/ActionCodeInfo.swift (in target 'FirebaseAuth' from project 'Firebase')
    cd /Users/aleks/Desktop/PlanItApp/PlanItApp.xcodeproj
    

SwiftCompile normal arm64 /Users/aleks/Library/Developer/Xcode/DerivedData/PlanItApp-gkehojshtcbfvhersqwajfujohau/SourcePackages/checkouts/firebase-ios-sdk/FirebaseAuth/Sources/Swift/ActionCode/ActionCodeOperation.swift (in target 'FirebaseAuth' from project 'Firebase')
    cd /Users/aleks/Desktop/PlanItApp/PlanItApp.xcodeproj
    

SwiftCompile normal arm64 /Users/aleks/Library/Developer/Xcode/DerivedData/PlanItApp-gkehojshtcbfvhersqwajfujohau/SourcePackages/checkouts/firebase-ios-sdk/FirebaseAuth/Sources/Swift/ActionCode/ActionCodeSettings.swift (in target 'FirebaseAuth' from project 'Firebase')
    cd /Users/aleks/Desktop/PlanItApp/PlanItApp.xcodeproj
    

SwiftCompile normal arm64 /Users/aleks/Library/Developer/Xcode/DerivedData/PlanItApp-gkehojshtcbfvhersqwajfujohau/SourcePackages/checkouts/firebase-ios-sdk/FirebaseAuth/Sources/Swift/ActionCode/ActionCodeURL.swift (in target 'FirebaseAuth' from project 'Firebase')
    cd /Users/aleks/Desktop/PlanItApp/PlanItApp.xcodeproj
    

SwiftCompile normal arm64 /Users/aleks/Library/Developer/Xcode/DerivedData/PlanItApp-gkehojshtcbfvhersqwajfujohau/SourcePackages/checkouts/firebase-ios-sdk/FirebaseAuth/Sources/Swift/Auth/Auth.swift (in target 'FirebaseAuth' from project 'Firebase')
    cd /Users/aleks/Desktop/PlanItApp/PlanItApp.xcodeproj
    

SwiftCompile normal arm64 /Users/aleks/Library/Developer/Xcode/DerivedData/PlanItApp-gkehojshtcbfvhersqwajfujohau/SourcePackages/checkouts/firebase-ios-sdk/FirebaseAuth/Sources/Swift/Auth/AuthComponent.swift (in target 'FirebaseAuth' from project 'Firebase')
    cd /Users/aleks/Desktop/PlanItApp/PlanItApp.xcodeproj
    

SwiftCompile normal arm64 /Users/aleks/Library/Developer/Xcode/DerivedData/PlanItApp-gkehojshtcbfvhersqwajfujohau/SourcePackages/checkouts/firebase-ios-sdk/FirebaseAuth/Sources/Swift/Auth/AuthDataResult.swift (in target 'FirebaseAuth' from project 'Firebase')
    cd /Users/aleks/Desktop/PlanItApp/PlanItApp.xcodeproj
    

SwiftCompile normal arm64 /Users/aleks/Library/Developer/Xcode/DerivedData/PlanItApp-gkehojshtcbfvhersqwajfujohau/SourcePackages/checkouts/firebase-ios-sdk/FirebaseAuth/Sources/Swift/Auth/AuthDispatcher.swift (in target 'FirebaseAuth' from project 'Firebase')
    cd /Users/aleks/Desktop/PlanItApp/PlanItApp.xcodeproj
    

SwiftCompile normal arm64 /Users/aleks/Library/Developer/Xcode/DerivedData/PlanItApp-gkehojshtcbfvhersqwajfujohau/SourcePackages/checkouts/firebase-ios-sdk/FirebaseAuth/Sources/Swift/Auth/AuthGlobalWorkQueue.swift (in target 'FirebaseAuth' from project 'Firebase')
    cd /Users/aleks/Desktop/PlanItApp/PlanItApp.xcodeproj
    

SwiftCompile normal arm64 /Users/aleks/Library/Developer/Xcode/DerivedData/PlanItApp-gkehojshtcbfvhersqwajfujohau/SourcePackages/checkouts/firebase-ios-sdk/FirebaseAuth/Sources/Swift/Auth/AuthOperationType.swift (in target 'FirebaseAuth' from project 'Firebase')
    cd /Users/aleks/Desktop/PlanItApp/PlanItApp.xcodeproj
    

SwiftCompile normal arm64 /Users/aleks/Library/Developer/Xcode/DerivedData/PlanItApp-gkehojshtcbfvhersqwajfujohau/SourcePackages/checkouts/firebase-ios-sdk/FirebaseAuth/Sources/Swift/Auth/AuthSettings.swift (in target 'FirebaseAuth' from project 'Firebase')
    cd /Users/aleks/Desktop/PlanItApp/PlanItApp.xcodeproj
    

SwiftCompile normal arm64 /Users/aleks/Library/Developer/Xcode/DerivedData/PlanItApp-gkehojshtcbfvhersqwajfujohau/SourcePackages/checkouts/firebase-ios-sdk/FirebaseAuth/Sources/Swift/Auth/AuthTokenResult.swift (in target 'FirebaseAuth' from project 'Firebase')
    cd /Users/aleks/Desktop/PlanItApp/PlanItApp.xcodeproj
    

SwiftCompile normal arm64 /Users/aleks/Library/Developer/Xcode/DerivedData/PlanItApp-gkehojshtcbfvhersqwajfujohau/SourcePackages/checkouts/firebase-ios-sdk/FirebaseAuth/Sources/Swift/AuthProvider/AuthCredential.swift (in target 'FirebaseAuth' from project 'Firebase')
    cd /Users/aleks/Desktop/PlanItApp/PlanItApp.xcodeproj
    

PrecompileModule /Users/aleks/Library/Developer/Xcode/DerivedData/PlanItApp-gkehojshtcbfvhersqwajfujohau/Build/Intermediates.noindex/ExplicitPrecompiledModules/_assert-AO8T4RDIVVQGU3R5MZ1IQGXZQ.scan
    cd /Users/aleks/Desktop/PlanItApp/PlanItApp.xcodeproj
    builtin-precompileModule /Users/aleks/Library/Developer/Xcode/DerivedData/PlanItApp-gkehojshtcbfvhersqwajfujohau/Build/Intermediates.noindex/ExplicitPrecompiledModules/_assert-AO8T4RDIVVQGU3R5MZ1IQGXZQ.scan

SwiftDriverJobDiscovery normal arm64 Compiling MultiFactorSession.swift, PhoneMultiFactorAssertion.swift, PhoneMultiFactorGenerator.swift, PhoneMultiFactorInfo.swift, TOTPMultFactorAssertion.swift, TOTPMultiFactorGenerator.swift, TOTPMultiFactorInfo.swift, TOTPSecret.swift, AuthKeychainServices.swift, AuthKeychainStorage.swift, AuthKeychainStorageReal.swift, AuthUserDefaults.swift, AuthAPNSToken.swift (in target 'FirebaseAuth' from project 'Firebase')

PrecompileModule /Users/aleks/Library/Developer/Xcode/DerivedData/PlanItApp-gkehojshtcbfvhersqwajfujohau/Build/Intermediates.noindex/ExplicitPrecompiledModules/netinet_in-5T9GG5CXBNFUXSDOY8GHQXR3I.scan
    cd /Users/aleks/Desktop/PlanItApp/PlanItApp.xcodeproj
    builtin-precompileModule /Users/aleks/Library/Developer/Xcode/DerivedData/PlanItApp-gkehojshtcbfvhersqwajfujohau/Build/Intermediates.noindex/ExplicitPrecompiledModules/netinet_in-5T9GG5CXBNFUXSDOY8GHQXR3I.scan

SwiftDriverJobDiscovery normal arm64 Compiling AuthRPCRequest.swift, AuthRPCResponse.swift, AuthRequestConfiguration.swift, IdentityToolkitRequest.swift, AuthMFAResponse.swift, CreateAuthURIRequest.swift, CreateAuthURIResponse.swift, DeleteAccountRequest.swift, DeleteAccountResponse.swift, EmailLinkSignInRequest.swift, EmailLinkSignInResponse.swift, GetAccountInfoRequest.swift, GetAccountInfoResponse.swift, GetOOBConfirmationCodeRequest.swift (in target 'FirebaseAuth' from project 'Firebase')

PrecompileModule /Users/aleks/Library/Developer/Xcode/DerivedData/PlanItApp-gkehojshtcbfvhersqwajfujohau/Build/Intermediates.noindex/ExplicitPrecompiledModules/_setjmp-4USI2RZFTULCPDKJ4S686CD41.scan
    cd /Users/aleks/Desktop/PlanItApp/PlanItApp.xcodeproj
    builtin-precompileModule /Users/aleks/Library/Developer/Xcode/DerivedData/PlanItApp-gkehojshtcbfvhersqwajfujohau/Build/Intermediates.noindex/ExplicitPrecompiledModules/_setjmp-4USI2RZFTULCPDKJ4S686CD41.scan

PrecompileModule /Users/aleks/Library/Developer/Xcode/DerivedData/PlanItApp-gkehojshtcbfvhersqwajfujohau/Build/Intermediates.noindex/ExplicitPrecompiledModules/_strings-DGTVQYDRK831MM1ZLSZXKAGFQ.scan
    cd /Users/aleks/Desktop/PlanItApp/PlanItApp.xcodeproj
    builtin-precompileModule /Users/aleks/Library/Developer/Xcode/DerivedData/PlanItApp-gkehojshtcbfvhersqwajfujohau/Build/Intermediates.noindex/ExplicitPrecompiledModules/_strings-DGTVQYDRK831MM1ZLSZXKAGFQ.scan

PrecompileModule /Users/aleks/Library/Developer/Xcode/DerivedData/PlanItApp-gkehojshtcbfvhersqwajfujohau/Build/Intermediates.noindex/ExplicitPrecompiledModules/_useconds_t-43TB7RNLLCFQYWEU78YP7UYMA.scan
    cd /Users/aleks/Desktop/PlanItApp/PlanItApp.xcodeproj
    builtin-precompileModule /Users/aleks/Library/Developer/Xcode/DerivedData/PlanItApp-gkehojshtcbfvhersqwajfujohau/Build/Intermediates.noindex/ExplicitPrecompiledModules/_useconds_t-43TB7RNLLCFQYWEU78YP7UYMA.scan

PrecompileModule /Users/aleks/Library/Developer/Xcode/DerivedData/PlanItApp-gkehojshtcbfvhersqwajfujohau/Build/Intermediates.noindex/ExplicitPrecompiledModules/sys_time-5FDITA5JNT77738H3PM0UUWJ8.scan
    cd /Users/aleks/Desktop/PlanItApp/PlanItApp.xcodeproj
    builtin-precompileModule /Users/aleks/Library/Developer/Xcode/DerivedData/PlanItApp-gkehojshtcbfvhersqwajfujohau/Build/Intermediates.noindex/ExplicitPrecompiledModules/sys_time-5FDITA5JNT77738H3PM0UUWJ8.scan

PrecompileModule /Users/aleks/Library/Developer/Xcode/DerivedData/PlanItApp-gkehojshtcbfvhersqwajfujohau/Build/Intermediates.noindex/ExplicitPrecompiledModules/_limits-7I2NDSNXZH3AEQKGO3KI66N72.scan
    cd /Users/aleks/Desktop/PlanItApp/PlanItApp.xcodeproj
    builtin-precompileModule /Users/aleks/Library/Developer/Xcode/DerivedData/PlanItApp-gkehojshtcbfvhersqwajfujohau/Build/Intermediates.noindex/ExplicitPrecompiledModules/_limits-7I2NDSNXZH3AEQKGO3KI66N72.scan

PrecompileModule /Users/aleks/Library/Developer/Xcode/DerivedData/PlanItApp-gkehojshtcbfvhersqwajfujohau/Build/Intermediates.noindex/ExplicitPrecompiledModules/_stdint-AG476ZPTP0PWYU7XUIX8JLAEN.scan
    cd /Users/aleks/Desktop/PlanItApp/PlanItApp.xcodeproj
    builtin-precompileModule /Users/aleks/Library/Developer/Xcode/DerivedData/PlanItApp-gkehojshtcbfvhersqwajfujohau/Build/Intermediates.noindex/ExplicitPrecompiledModules/_stdint-AG476ZPTP0PWYU7XUIX8JLAEN.scan

PrecompileModule /Users/aleks/Library/Developer/Xcode/DerivedData/PlanItApp-gkehojshtcbfvhersqwajfujohau/Build/Intermediates.noindex/ExplicitPrecompiledModules/mach-1FNRS3TTY8HNSKXLL80VMWA12.scan
    cd /Users/aleks/Desktop/PlanItApp/PlanItApp.xcodeproj
    builtin-precompileModule /Users/aleks/Library/Developer/Xcode/DerivedData/PlanItApp-gkehojshtcbfvhersqwajfujohau/Build/Intermediates.noindex/ExplicitPrecompiledModules/mach-1FNRS3TTY8HNSKXLL80VMWA12.scan

PrecompileModule /Users/aleks/Library/Developer/Xcode/DerivedData/PlanItApp-gkehojshtcbfvhersqwajfujohau/Build/Intermediates.noindex/ExplicitPrecompiledModules/_Builtin_limits-DJZLB28QH7R4V3NCI92V97Z6Y.scan
    cd /Users/aleks/Desktop/PlanItApp/PlanItApp.xcodeproj
    builtin-precompileModule /Users/aleks/Library/Developer/Xcode/DerivedData/PlanItApp-gkehojshtcbfvhersqwajfujohau/Build/Intermediates.noindex/ExplicitPrecompiledModules/_Builtin_limits-DJZLB28QH7R4V3NCI92V97Z6Y.scan

PrecompileModule /Users/aleks/Library/Developer/Xcode/DerivedData/PlanItApp-gkehojshtcbfvhersqwajfujohau/Build/Intermediates.noindex/ExplicitPrecompiledModules/_Builtin_stdint-6FU8I1ZTGGS1QRA7K5QOI39GV.scan
    cd /Users/aleks/Desktop/PlanItApp/PlanItApp.xcodeproj
    builtin-precompileModule /Users/aleks/Library/Developer/Xcode/DerivedData/PlanItApp-gkehojshtcbfvhersqwajfujohau/Build/Intermediates.noindex/ExplicitPrecompiledModules/_Builtin_stdint-6FU8I1ZTGGS1QRA7K5QOI39GV.scan

PrecompileModule /Users/aleks/Library/Developer/Xcode/DerivedData/PlanItApp-gkehojshtcbfvhersqwajfujohau/Build/Intermediates.noindex/ExplicitPrecompiledModules/_locale-2LP0E1C1LNH1678R0V4W72EH0.scan
    cd /Users/aleks/Desktop/PlanItApp/PlanItApp.xcodeproj
    builtin-precompileModule /Users/aleks/Library/Developer/Xcode/DerivedData/PlanItApp-gkehojshtcbfvhersqwajfujohau/Build/Intermediates.noindex/ExplicitPrecompiledModules/_locale-2LP0E1C1LNH1678R0V4W72EH0.scan

SwiftDriverJobDiscovery normal arm64 Emitting module for FirebaseAuth (in target 'FirebaseAuth' from project 'Firebase')

SwiftDriver\ Compilation\ Requirements FirebaseAuth normal arm64 com.apple.xcode.tools.swift.compiler (in target 'FirebaseAuth' from project 'Firebase')
    cd /Users/aleks/Desktop/PlanItApp/PlanItApp.xcodeproj
    builtin-Swift-Compilation-Requirements -- /Applications/Xcode.app/Contents/Developer/Toolchains/XcodeDefault.xctoolchain/usr/bin/swiftc -module-name FirebaseAuth -Onone -enforce-exclusivity\=checked @/Users/aleks/Library/Developer/Xcode/DerivedData/PlanItApp-gkehojshtcbfvhersqwajfujohau/Build/Intermediates.noindex/Firebase.build/Debug-iphonesimulator/FirebaseAuth.build/Objects-normal/arm64/FirebaseAuth.SwiftFileList -DSWIFT_PACKAGE -DDEBUG -Xcc -fmodule-map-file\=/Users/aleks/Library/Developer/Xcode/DerivedData/PlanItApp-gkehojshtcbfvhersqwajfujohau/Build/Intermediates.noindex/GeneratedModuleMaps-iphonesimulator/RecaptchaInterop.modulemap -Xcc -fmodule-map-file\=/Users/aleks/Library/Developer/Xcode/DerivedData/PlanItApp-gkehojshtcbfvhersqwajfujohau/Build/Intermediates.noindex/GeneratedModuleMaps-iphonesimulator/GoogleUtilities-Network.modulemap -Xcc -fmodule-map-file\=/Users/aleks/Library/Developer/Xcode/DerivedData/PlanItApp-gkehojshtcbfvhersqwajfujohau/Build/Intermediates.noindex/GeneratedModuleMaps-iphonesimulator/GoogleUtilities-Reachability.modulemap -Xcc -fmodule-map-file\=/Users/aleks/Library/Developer/Xcode/DerivedData/PlanItApp-gkehojshtcbfvhersqwajfujohau/Build/Intermediates.noindex/GeneratedModuleMaps-iphonesimulator/GoogleUtilities-NSData.modulemap -Xcc -fmodule-map-file\=/Users/aleks/Library/Developer/Xcode/DerivedData/PlanItApp-gkehojshtcbfvhersqwajfujohau/Build/Intermediates.noindex/GeneratedModuleMaps-iphonesimulator/GoogleUtilities-Logger.modulemap -Xcc -fmodule-map-file\=/Users/aleks/Library/Developer/Xcode/DerivedData/PlanItApp-gkehojshtcbfvhersqwajfujohau/Build/Intermediates.noindex/GeneratedModuleMaps-iphonesimulator/GoogleUtilities-Environment.modulemap -Xcc -fmodule-map-file\=/Users/aleks/Library/Developer/Xcode/DerivedData/PlanItApp-gkehojshtcbfvhersqwajfujohau/Build/Intermediates.noindex/GeneratedModuleMaps-iphonesimulator/third-party-IsAppEncrypted.modulemap -Xcc -fmodule-map-file\=/Users/aleks/Library/Developer/Xcode/DerivedData/PlanItApp-gkehojshtcbfvhersqwajfujohau/Build/Intermediates.noindex/GeneratedModuleMaps-iphonesimulator/GoogleUtilities-AppDelegateSwizzler.modulemap -Xcc -fmodule-map-file\=/Users/aleks/Library/Developer/Xcode/DerivedData/PlanItApp-gkehojshtcbfvhersqwajfujohau/Build/Intermediates.noindex/GeneratedModuleMaps-iphonesimulator/GTMSessionFetcherCore.modulemap -Xcc -fmodule-map-file\=/Users/aleks/Library/Developer/Xcode/DerivedData/PlanItApp-gkehojshtcbfvhersqwajfujohau/Build/Intermediates.noindex/GeneratedModuleMaps-iphonesimulator/FirebaseCoreExtension.modulemap -Xcc -fmodule-map-file\=/Users/aleks/Library/Developer/Xcode/DerivedData/PlanItApp-gkehojshtcbfvhersqwajfujohau/Build/Intermediates.noindex/GeneratedModuleMaps-iphonesimulator/FirebaseCore.modulemap -Xcc -fmodule-map-file\=/Users/aleks/Library/Developer/Xcode/DerivedData/PlanItApp-gkehojshtcbfvhersqwajfujohau/Build/Intermediates.noindex/GeneratedModuleMaps-iphonesimulator/FirebaseAuthInternal.modulemap -Xcc -fmodule-map-file\=/Users/aleks/Library/Developer/Xcode/DerivedData/PlanItApp-gkehojshtcbfvhersqwajfujohau/Build/Intermediates.noindex/GeneratedModuleMaps-iphonesimulator/FirebaseAuthInterop.modulemap -Xcc -fmodule-map-file\=/Users/aleks/Library/Developer/Xcode/DerivedData/PlanItApp-gkehojshtcbfvhersqwajfujohau/Build/Intermediates.noindex/GeneratedModuleMaps-iphonesimulator/FirebaseAppCheckInterop.modulemap -DXcode -plugin-path /Applications/Xcode.app/Contents/Developer/Toolchains/XcodeDefault.xctoolchain/usr/lib/swift/host/plugins/testing -enable-experimental-feature DebugDescriptionMacro -sdk /Applications/Xcode.app/Contents/Developer/Platforms/iPhoneSimulator.platform/Developer/SDKs/iPhoneSimulator18.5.sdk -target arm64-apple-ios12.0-simulator -g -module-cache-path /Users/aleks/Library/Developer/Xcode/DerivedData/ModuleCache.noindex -Xfrontend -serialize-debugging-options -profile-coverage-mapping -profile-generate -enable-testing -suppress-warnings -index-store-path /Users/aleks/Library/Developer/Xcode/DerivedData/PlanItApp-gkehojshtcbfvhersqwajfujohau/Index.noindex/DataStore -swift-version 5 -I /Users/aleks/Library/Developer/Xcode/DerivedData/PlanItApp-gkehojshtcbfvhersqwajfujohau/Build/Products/Debug-iphonesimulator -I /Applications/Xcode.app/Contents/Developer/Platforms/iPhoneSimulator.platform/Developer/usr/lib -F /Users/aleks/Library/Developer/Xcode/DerivedData/PlanItApp-gkehojshtcbfvhersqwajfujohau/Build/Products/Debug-iphonesimulator/PackageFrameworks -F /Users/aleks/Library/Developer/Xcode/DerivedData/PlanItApp-gkehojshtcbfvhersqwajfujohau/Build/Products/Debug-iphonesimulator/PackageFrameworks -F /Users/aleks/Library/Developer/Xcode/DerivedData/PlanItApp-gkehojshtcbfvhersqwajfujohau/Build/Products/Debug-iphonesimulator/PackageFrameworks -F /Users/aleks/Library/Developer/Xcode/DerivedData/PlanItApp-gkehojshtcbfvhersqwajfujohau/Build/Products/Debug-iphonesimulator/PackageFrameworks -F /Users/aleks/Library/Developer/Xcode/DerivedData/PlanItApp-gkehojshtcbfvhersqwajfujohau/Build/Products/Debug-iphonesimulator/PackageFrameworks -F /Users/aleks/Library/Developer/Xcode/DerivedData/PlanItApp-gkehojshtcbfvhersqwajfujohau/Build/Products/Debug-iphonesimulator/PackageFrameworks -F /Users/aleks/Library/Developer/Xcode/DerivedData/PlanItApp-gkehojshtcbfvhersqwajfujohau/Build/Products/Debug-iphonesimulator/PackageFrameworks -F /Users/aleks/Library/Developer/Xcode/DerivedData/PlanItApp-gkehojshtcbfvhersqwajfujohau/Build/Products/Debug-iphonesimulator/PackageFrameworks -F /Users/aleks/Library/Developer/Xcode/DerivedData/PlanItApp-gkehojshtcbfvhersqwajfujohau/Build/Products/Debug-iphonesimulator/PackageFrameworks -F /Users/aleks/Library/Developer/Xcode/DerivedData/PlanItApp-gkehojshtcbfvhersqwajfujohau/Build/Products/Debug-iphonesimulator/PackageFrameworks -F /Users/aleks/Library/Developer/Xcode/DerivedData/PlanItApp-gkehojshtcbfvhersqwajfujohau/Build/Products/Debug-iphonesimulator/PackageFrameworks -F /Users/aleks/Library/Developer/Xcode/DerivedData/PlanItApp-gkehojshtcbfvhersqwajfujohau/Build/Products/Debug-iphonesimulator/PackageFrameworks -F /Users/aleks/Library/Developer/Xcode/DerivedData/PlanItApp-gkehojshtcbfvhersqwajfujohau/Build/Products/Debug-iphonesimulator/PackageFrameworks -F /Users/aleks/Library/Developer/Xcode/DerivedData/PlanItApp-gkehojshtcbfvhersqwajfujohau/Build/Products/Debug-iphonesimulator/PackageFrameworks -F /Users/aleks/Library/Developer/Xcode/DerivedData/PlanItApp-gkehojshtcbfvhersqwajfujohau/Build/Products/Debug-iphonesimulator/PackageFrameworks -F /Users/aleks/Library/Developer/Xcode/DerivedData/PlanItApp-gkehojshtcbfvhersqwajfujohau/Build/Products/Debug-iphonesimulator/PackageFrameworks -F /Users/aleks/Library/Developer/Xcode/DerivedData/PlanItApp-gkehojshtcbfvhersqwajfujohau/Build/Products/Debug-iphonesimulator -F /Applications/Xcode.app/Contents/Developer/Platforms/iPhoneSimulator.platform/Developer/Library/Frameworks -F /Applications/Xcode.app/Contents/Developer/Platforms/iPhoneSimulator.platform/Developer/SDKs/iPhoneSimulator18.5.sdk/Developer/Library/Frameworks -c -j10 -enable-batch-mode -incremental -Xcc -ivfsstatcache -Xcc /Users/aleks/Library/Developer/Xcode/DerivedData/SDKStatCaches.noindex/iphonesimulator18.5-22F76-d5fc8ad4295d2ef488fb7d0f804ce0c4.sdkstatcache -output-file-map /Users/aleks/Library/Developer/Xcode/DerivedData/PlanItApp-gkehojshtcbfvhersqwajfujohau/Build/Intermediates.noindex/Firebase.build/Debug-iphonesimulator/FirebaseAuth.build/Objects-normal/arm64/FirebaseAuth-OutputFileMap.json -use-frontend-parseable-output -save-temps -no-color-diagnostics -serialize-diagnostics -emit-dependencies -emit-module -emit-module-path /Users/aleks/Library/Developer/Xcode/DerivedData/PlanItApp-gkehojshtcbfvhersqwajfujohau/Build/Intermediates.noindex/Firebase.build/Debug-iphonesimulator/FirebaseAuth.build/Objects-normal/arm64/FirebaseAuth.swiftmodule -validate-clang-modules-once -clang-build-session-file /Users/aleks/Library/Developer/Xcode/DerivedData/ModuleCache.noindex/Session.modulevalidation -package-name firebase_ios_sdk -Xcc -I/Users/aleks/Library/Developer/Xcode/DerivedData/PlanItApp-gkehojshtcbfvhersqwajfujohau/Build/Intermediates.noindex/Firebase.build/Debug-iphonesimulator/FirebaseAuth.build/swift-overrides.hmap -emit-const-values -Xfrontend -const-gather-protocols-file -Xfrontend /Users/aleks/Library/Developer/Xcode/DerivedData/PlanItApp-gkehojshtcbfvhersqwajfujohau/Build/Intermediates.noindex/Firebase.build/Debug-iphonesimulator/FirebaseAuth.build/Objects-normal/arm64/FirebaseAuth_const_extract_protocols.json -Xcc -I/Users/aleks/Library/Developer/Xcode/DerivedData/PlanItApp-gkehojshtcbfvhersqwajfujohau/SourcePackages/checkouts/interop-ios-for-google-sdks/RecaptchaEnterprise/RecaptchaInterop/Public -Xcc -I/Users/aleks/Library/Developer/Xcode/DerivedData/PlanItApp-gkehojshtcbfvhersqwajfujohau/SourcePackages/checkouts/GoogleUtilities/GoogleUtilities/Network/Public -Xcc -I/Users/aleks/Library/Developer/Xcode/DerivedData/PlanItApp-gkehojshtcbfvhersqwajfujohau/SourcePackages/checkouts/GoogleUtilities/GoogleUtilities/Reachability/Public -Xcc -I/Users/aleks/Library/Developer/Xcode/DerivedData/PlanItApp-gkehojshtcbfvhersqwajfujohau/SourcePackages/checkouts/GoogleUtilities/GoogleUtilities/NSData+zlib/Public -Xcc -I/Users/aleks/Library/Developer/Xcode/DerivedData/PlanItApp-gkehojshtcbfvhersqwajfujohau/SourcePackages/checkouts/GoogleUtilities/GoogleUtilities/Logger/Public -Xcc -I/Users/aleks/Library/Developer/Xcode/DerivedData/PlanItApp-gkehojshtcbfvhersqwajfujohau/SourcePackages/checkouts/GoogleUtilities/GoogleUtilities/Environment/Public -Xcc -I/Users/aleks/Library/Developer/Xcode/DerivedData/PlanItApp-gkehojshtcbfvhersqwajfujohau/SourcePackages/checkouts/GoogleUtilities/third_party/IsAppEncrypted/Public -Xcc -I/Users/aleks/Library/Developer/Xcode/DerivedData/PlanItApp-gkehojshtcbfvhersqwajfujohau/SourcePackages/checkouts/GoogleUtilities/GoogleUtilities/AppDelegateSwizzler/Public -Xcc -I/Users/aleks/Library/Developer/Xcode/DerivedData/PlanItApp-gkehojshtcbfvhersqwajfujohau/SourcePackages/checkouts/gtm-session-fetcher/Sources/Core/Public -Xcc -I/Users/aleks/Library/Developer/Xcode/DerivedData/PlanItApp-gkehojshtcbfvhersqwajfujohau/SourcePackages/checkouts/firebase-ios-sdk/FirebaseCore/Extension -Xcc -I/Users/aleks/Library/Developer/Xcode/DerivedData/PlanItApp-gkehojshtcbfvhersqwajfujohau/SourcePackages/checkouts/firebase-ios-sdk/FirebaseCore/Sources/Public -Xcc -I/Users/aleks/Library/Developer/Xcode/DerivedData/PlanItApp-gkehojshtcbfvhersqwajfujohau/SourcePackages/checkouts/firebase-ios-sdk/CoreOnly/Sources -Xcc -I/Users/aleks/Library/Developer/Xcode/DerivedData/PlanItApp-gkehojshtcbfvhersqwajfujohau/SourcePackages/checkouts/firebase-ios-sdk/FirebaseAuth/Sources/Public -Xcc -I/Users/aleks/Library/Developer/Xcode/DerivedData/PlanItApp-gkehojshtcbfvhersqwajfujohau/SourcePackages/checkouts/firebase-ios-sdk/FirebaseAuth/Interop/Public -Xcc -I/Users/aleks/Library/Developer/Xcode/DerivedData/PlanItApp-gkehojshtcbfvhersqwajfujohau/SourcePackages/checkouts/firebase-ios-sdk/FirebaseAppCheck/Interop/Public -Xcc -I/Users/aleks/Library/Developer/Xcode/DerivedData/PlanItApp-gkehojshtcbfvhersqwajfujohau/Build/Products/Debug-iphonesimulator/include -Xcc -I/Users/aleks/Library/Developer/Xcode/DerivedData/PlanItApp-gkehojshtcbfvhersqwajfujohau/Build/Intermediates.noindex/Firebase.build/Debug-iphonesimulator/FirebaseAuth.build/DerivedSources-normal/arm64 -Xcc -I/Users/aleks/Library/Developer/Xcode/DerivedData/PlanItApp-gkehojshtcbfvhersqwajfujohau/Build/Intermediates.noindex/Firebase.build/Debug-iphonesimulator/FirebaseAuth.build/DerivedSources/arm64 -Xcc -I/Users/aleks/Library/Developer/Xcode/DerivedData/PlanItApp-gkehojshtcbfvhersqwajfujohau/Build/Intermediates.noindex/Firebase.build/Debug-iphonesimulator/FirebaseAuth.build/DerivedSources -Xcc -DSWIFT_PACKAGE -Xcc -DDEBUG\=1 -emit-objc-header -emit-objc-header-path /Users/aleks/Library/Developer/Xcode/DerivedData/PlanItApp-gkehojshtcbfvhersqwajfujohau/Build/Intermediates.noindex/Firebase.build/Debug-iphonesimulator/FirebaseAuth.build/Objects-normal/arm64/FirebaseAuth-Swift.h -working-directory /Users/aleks/Desktop/PlanItApp/PlanItApp.xcodeproj -experimental-emit-module-separately -disable-cmo

PrecompileModule /Users/aleks/Library/Developer/Xcode/DerivedData/PlanItApp-gkehojshtcbfvhersqwajfujohau/Build/Intermediates.noindex/ExplicitPrecompiledModules/uuid-OIH248UXAVQ4IPMVK4458NYY.scan
    cd /Users/aleks/Desktop/PlanItApp/PlanItApp.xcodeproj
    builtin-precompileModule /Users/aleks/Library/Developer/Xcode/DerivedData/PlanItApp-gkehojshtcbfvhersqwajfujohau/Build/Intermediates.noindex/ExplicitPrecompiledModules/uuid-OIH248UXAVQ4IPMVK4458NYY.scan

SwiftMergeGeneratedHeaders /Users/aleks/Library/Developer/Xcode/DerivedData/PlanItApp-gkehojshtcbfvhersqwajfujohau/Build/Intermediates.noindex/GeneratedModuleMaps-iphonesimulator/FirebaseAuth-Swift.h /Users/aleks/Library/Developer/Xcode/DerivedData/PlanItApp-gkehojshtcbfvhersqwajfujohau/Build/Intermediates.noindex/Firebase.build/Debug-iphonesimulator/FirebaseAuth.build/Objects-normal/arm64/FirebaseAuth-Swift.h (in target 'FirebaseAuth' from project 'Firebase')
    cd /Users/aleks/Library/Developer/Xcode/DerivedData/PlanItApp-gkehojshtcbfvhersqwajfujohau/SourcePackages/checkouts/firebase-ios-sdk
    builtin-swiftHeaderTool -arch arm64 /Users/aleks/Library/Developer/Xcode/DerivedData/PlanItApp-gkehojshtcbfvhersqwajfujohau/Build/Intermediates.noindex/Firebase.build/Debug-iphonesimulator/FirebaseAuth.build/Objects-normal/arm64/FirebaseAuth-Swift.h -o /Users/aleks/Library/Developer/Xcode/DerivedData/PlanItApp-gkehojshtcbfvhersqwajfujohau/Build/Intermediates.noindex/GeneratedModuleMaps-iphonesimulator/FirebaseAuth-Swift.h

Copy /Users/aleks/Library/Developer/Xcode/DerivedData/PlanItApp-gkehojshtcbfvhersqwajfujohau/Build/Products/Debug-iphonesimulator/FirebaseAuth.swiftmodule/arm64-apple-ios-simulator.swiftmodule /Users/aleks/Library/Developer/Xcode/DerivedData/PlanItApp-gkehojshtcbfvhersqwajfujohau/Build/Intermediates.noindex/Firebase.build/Debug-iphonesimulator/FirebaseAuth.build/Objects-normal/arm64/FirebaseAuth.swiftmodule (in target 'FirebaseAuth' from project 'Firebase')
    cd /Users/aleks/Library/Developer/Xcode/DerivedData/PlanItApp-gkehojshtcbfvhersqwajfujohau/SourcePackages/checkouts/firebase-ios-sdk
    builtin-copy -exclude .DS_Store -exclude CVS -exclude .svn -exclude .git -exclude .hg -resolve-src-symlinks -rename /Users/aleks/Library/Developer/Xcode/DerivedData/PlanItApp-gkehojshtcbfvhersqwajfujohau/Build/Intermediates.noindex/Firebase.build/Debug-iphonesimulator/FirebaseAuth.build/Objects-normal/arm64/FirebaseAuth.swiftmodule /Users/aleks/Library/Developer/Xcode/DerivedData/PlanItApp-gkehojshtcbfvhersqwajfujohau/Build/Products/Debug-iphonesimulator/FirebaseAuth.swiftmodule/arm64-apple-ios-simulator.swiftmodule

Copy /Users/aleks/Library/Developer/Xcode/DerivedData/PlanItApp-gkehojshtcbfvhersqwajfujohau/Build/Products/Debug-iphonesimulator/FirebaseAuth.swiftmodule/arm64-apple-ios-simulator.swiftdoc /Users/aleks/Library/Developer/Xcode/DerivedData/PlanItApp-gkehojshtcbfvhersqwajfujohau/Build/Intermediates.noindex/Firebase.build/Debug-iphonesimulator/FirebaseAuth.build/Objects-normal/arm64/FirebaseAuth.swiftdoc (in target 'FirebaseAuth' from project 'Firebase')
    cd /Users/aleks/Library/Developer/Xcode/DerivedData/PlanItApp-gkehojshtcbfvhersqwajfujohau/SourcePackages/checkouts/firebase-ios-sdk
    builtin-copy -exclude .DS_Store -exclude CVS -exclude .svn -exclude .git -exclude .hg -resolve-src-symlinks -rename /Users/aleks/Library/Developer/Xcode/DerivedData/PlanItApp-gkehojshtcbfvhersqwajfujohau/Build/Intermediates.noindex/Firebase.build/Debug-iphonesimulator/FirebaseAuth.build/Objects-normal/arm64/FirebaseAuth.swiftdoc /Users/aleks/Library/Developer/Xcode/DerivedData/PlanItApp-gkehojshtcbfvhersqwajfujohau/Build/Products/Debug-iphonesimulator/FirebaseAuth.swiftmodule/arm64-apple-ios-simulator.swiftdoc

Copy /Users/aleks/Library/Developer/Xcode/DerivedData/PlanItApp-gkehojshtcbfvhersqwajfujohau/Build/Products/Debug-iphonesimulator/FirebaseAuth.swiftmodule/arm64-apple-ios-simulator.abi.json /Users/aleks/Library/Developer/Xcode/DerivedData/PlanItApp-gkehojshtcbfvhersqwajfujohau/Build/Intermediates.noindex/Firebase.build/Debug-iphonesimulator/FirebaseAuth.build/Objects-normal/arm64/FirebaseAuth.abi.json (in target 'FirebaseAuth' from project 'Firebase')
    cd /Users/aleks/Library/Developer/Xcode/DerivedData/PlanItApp-gkehojshtcbfvhersqwajfujohau/SourcePackages/checkouts/firebase-ios-sdk
    builtin-copy -exclude .DS_Store -exclude CVS -exclude .svn -exclude .git -exclude .hg -resolve-src-symlinks -rename /Users/aleks/Library/Developer/Xcode/DerivedData/PlanItApp-gkehojshtcbfvhersqwajfujohau/Build/Intermediates.noindex/Firebase.build/Debug-iphonesimulator/FirebaseAuth.build/Objects-normal/arm64/FirebaseAuth.abi.json /Users/aleks/Library/Developer/Xcode/DerivedData/PlanItApp-gkehojshtcbfvhersqwajfujohau/Build/Products/Debug-iphonesimulator/FirebaseAuth.swiftmodule/arm64-apple-ios-simulator.abi.json

Copy /Users/aleks/Library/Developer/Xcode/DerivedData/PlanItApp-gkehojshtcbfvhersqwajfujohau/Build/Products/Debug-iphonesimulator/FirebaseAuth.swiftmodule/Project/arm64-apple-ios-simulator.swiftsourceinfo /Users/aleks/Library/Developer/Xcode/DerivedData/PlanItApp-gkehojshtcbfvhersqwajfujohau/Build/Intermediates.noindex/Firebase.build/Debug-iphonesimulator/FirebaseAuth.build/Objects-normal/arm64/FirebaseAuth.swiftsourceinfo (in target 'FirebaseAuth' from project 'Firebase')
    cd /Users/aleks/Library/Developer/Xcode/DerivedData/PlanItApp-gkehojshtcbfvhersqwajfujohau/SourcePackages/checkouts/firebase-ios-sdk
    builtin-copy -exclude .DS_Store -exclude CVS -exclude .svn -exclude .git -exclude .hg -resolve-src-symlinks -rename /Users/aleks/Library/Developer/Xcode/DerivedData/PlanItApp-gkehojshtcbfvhersqwajfujohau/Build/Intermediates.noindex/Firebase.build/Debug-iphonesimulator/FirebaseAuth.build/Objects-normal/arm64/FirebaseAuth.swiftsourceinfo /Users/aleks/Library/Developer/Xcode/DerivedData/PlanItApp-gkehojshtcbfvhersqwajfujohau/Build/Products/Debug-iphonesimulator/FirebaseAuth.swiftmodule/Project/arm64-apple-ios-simulator.swiftsourceinfo

PrecompileModule /Users/aleks/Library/Developer/Xcode/DerivedData/PlanItApp-gkehojshtcbfvhersqwajfujohau/Build/Intermediates.noindex/ExplicitPrecompiledModules/xlocale-FLQF7H7W1EZARNVO9WUNQTYX.scan
    cd /Users/aleks/Desktop/PlanItApp/PlanItApp.xcodeproj
    builtin-precompileModule /Users/aleks/Library/Developer/Xcode/DerivedData/PlanItApp-gkehojshtcbfvhersqwajfujohau/Build/Intermediates.noindex/ExplicitPrecompiledModules/xlocale-FLQF7H7W1EZARNVO9WUNQTYX.scan

PrecompileModule /Users/aleks/Library/Developer/Xcode/DerivedData/PlanItApp-gkehojshtcbfvhersqwajfujohau/Build/Intermediates.noindex/ExplicitPrecompiledModules/_Builtin_stdatomic-UQS6KNRMN89OX76WPG0OIYUY.scan
    cd /Users/aleks/Desktop/PlanItApp/PlanItApp.xcodeproj
    builtin-precompileModule /Users/aleks/Library/Developer/Xcode/DerivedData/PlanItApp-gkehojshtcbfvhersqwajfujohau/Build/Intermediates.noindex/ExplicitPrecompiledModules/_Builtin_stdatomic-UQS6KNRMN89OX76WPG0OIYUY.scan

SwiftDriverJobDiscovery normal arm64 Compiling WithdrawMFAResponse.swift, AuthProto.swift, AuthProtoMFAEnrollment.swift, AuthProtoFinalizeMFAPhoneRequestInfo.swift, AuthProtoFinalizeMFAPhoneResponseInfo.swift, AuthProtoStartMFAPhoneRequestInfo.swift, AuthProtoStartMFAPhoneResponseInfo.swift, AuthProtoFinalizeMFATOTPEnrollmentRequestInfo.swift, AuthProtoFinalizeMFATOTPEnrollmentResponseInfo.swift, AuthProtoFinalizeMFATOTPSignInRequestInfo.swift, AuthProtoStartMFATOTPEnrollmentRequestInfo.swift, AuthProtoStartMFATOTPEnrollmentResponseInfo.swift, ResetPasswordRequest.swift, ResetPasswordResponse.swift (in target 'FirebaseAuth' from project 'Firebase')

PrecompileModule /Users/aleks/Library/Developer/Xcode/DerivedData/PlanItApp-gkehojshtcbfvhersqwajfujohau/Build/Intermediates.noindex/ExplicitPrecompiledModules/_inttypes-6LG8LIQNGTKDHWV71UTBB00CZ.scan
    cd /Users/aleks/Desktop/PlanItApp/PlanItApp.xcodeproj
    builtin-precompileModule /Users/aleks/Library/Developer/Xcode/DerivedData/PlanItApp-gkehojshtcbfvhersqwajfujohau/Build/Intermediates.noindex/ExplicitPrecompiledModules/_inttypes-6LG8LIQNGTKDHWV71UTBB00CZ.scan

PrecompileModule /Users/aleks/Library/Developer/Xcode/DerivedData/PlanItApp-gkehojshtcbfvhersqwajfujohau/Build/Intermediates.noindex/ExplicitPrecompiledModules/runetype-1I03IW7F84O4EO1Z8AKI85L1P.scan
    cd /Users/aleks/Desktop/PlanItApp/PlanItApp.xcodeproj
    builtin-precompileModule /Users/aleks/Library/Developer/Xcode/DerivedData/PlanItApp-gkehojshtcbfvhersqwajfujohau/Build/Intermediates.noindex/ExplicitPrecompiledModules/runetype-1I03IW7F84O4EO1Z8AKI85L1P.scan

PrecompileModule /Users/aleks/Library/Developer/Xcode/DerivedData/PlanItApp-gkehojshtcbfvhersqwajfujohau/Build/Intermediates.noindex/ExplicitPrecompiledModules/_sys_select-BDFDRJ02VIAI1AIHQUZJGWRWH.scan
    cd /Users/aleks/Desktop/PlanItApp/PlanItApp.xcodeproj
    builtin-precompileModule /Users/aleks/Library/Developer/Xcode/DerivedData/PlanItApp-gkehojshtcbfvhersqwajfujohau/Build/Intermediates.noindex/ExplicitPrecompiledModules/_sys_select-BDFDRJ02VIAI1AIHQUZJGWRWH.scan

PrecompileModule /Users/aleks/Library/Developer/Xcode/DerivedData/PlanItApp-gkehojshtcbfvhersqwajfujohau/Build/Intermediates.noindex/ExplicitPrecompiledModules/_Builtin_inttypes-7OVIJEDML39JDYSH6Y0KV6ZTF.scan
    cd /Users/aleks/Desktop/PlanItApp/PlanItApp.xcodeproj
    builtin-precompileModule /Users/aleks/Library/Developer/Xcode/DerivedData/PlanItApp-gkehojshtcbfvhersqwajfujohau/Build/Intermediates.noindex/ExplicitPrecompiledModules/_Builtin_inttypes-7OVIJEDML39JDYSH6Y0KV6ZTF.scan

PrecompileModule /Users/aleks/Library/Developer/Xcode/DerivedData/PlanItApp-gkehojshtcbfvhersqwajfujohau/Build/Intermediates.noindex/ExplicitPrecompiledModules/_math-CMM2VETFPHVUM75SZ097PJ2SE.scan
    cd /Users/aleks/Desktop/PlanItApp/PlanItApp.xcodeproj
    builtin-precompileModule /Users/aleks/Library/Developer/Xcode/DerivedData/PlanItApp-gkehojshtcbfvhersqwajfujohau/Build/Intermediates.noindex/ExplicitPrecompiledModules/_math-CMM2VETFPHVUM75SZ097PJ2SE.scan

PrecompileModule /Users/aleks/Library/Developer/Xcode/DerivedData/PlanItApp-gkehojshtcbfvhersqwajfujohau/Build/Intermediates.noindex/ExplicitPrecompiledModules/alloca-2C5X2JQV7SIKKM3GPXAE0YXK7.scan
    cd /Users/aleks/Desktop/PlanItApp/PlanItApp.xcodeproj
    builtin-precompileModule /Users/aleks/Library/Developer/Xcode/DerivedData/PlanItApp-gkehojshtcbfvhersqwajfujohau/Build/Intermediates.noindex/ExplicitPrecompiledModules/alloca-2C5X2JQV7SIKKM3GPXAE0YXK7.scan

SwiftDriverJobDiscovery normal arm64 Compiling VerifyCustomTokenRequest.swift, VerifyCustomTokenResponse.swift, VerifyPasswordRequest.swift, VerifyPasswordResponse.swift, VerifyPhoneNumberRequest.swift, VerifyPhoneNumberResponse.swift, VerifyClientRequest.swift, VerifyClientResponse.swift, Base64URLEncodedStringExtension.swift, MultiFactor.swift, MultiFactorAssertion.swift, MultiFactorInfo.swift, MultiFactorResolver.swift (in target 'FirebaseAuth' from project 'Firebase')

PrecompileModule /Users/aleks/Library/Developer/Xcode/DerivedData/PlanItApp-gkehojshtcbfvhersqwajfujohau/Build/Intermediates.noindex/ExplicitPrecompiledModules/_errno-C2CJ97W2J9YW16PK0178PNPPW.scan
    cd /Users/aleks/Desktop/PlanItApp/PlanItApp.xcodeproj
    builtin-precompileModule /Users/aleks/Library/Developer/Xcode/DerivedData/PlanItApp-gkehojshtcbfvhersqwajfujohau/Build/Intermediates.noindex/ExplicitPrecompiledModules/_errno-C2CJ97W2J9YW16PK0178PNPPW.scan

PrecompileModule /Users/aleks/Library/Developer/Xcode/DerivedData/PlanItApp-gkehojshtcbfvhersqwajfujohau/Build/Intermediates.noindex/ExplicitPrecompiledModules/_ctype-5REN3F1XDQI9TE6LM0TJSEYKB.scan
    cd /Users/aleks/Desktop/PlanItApp/PlanItApp.xcodeproj
    builtin-precompileModule /Users/aleks/Library/Developer/Xcode/DerivedData/PlanItApp-gkehojshtcbfvhersqwajfujohau/Build/Intermediates.noindex/ExplicitPrecompiledModules/_ctype-5REN3F1XDQI9TE6LM0TJSEYKB.scan

PrecompileModule /Users/aleks/Library/Developer/Xcode/DerivedData/PlanItApp-gkehojshtcbfvhersqwajfujohau/Build/Intermediates.noindex/ExplicitPrecompiledModules/_complex-347Z8SGQ42IJI994HY7GDGQC6.scan
    cd /Users/aleks/Desktop/PlanItApp/PlanItApp.xcodeproj
    builtin-precompileModule /Users/aleks/Library/Developer/Xcode/DerivedData/PlanItApp-gkehojshtcbfvhersqwajfujohau/Build/Intermediates.noindex/ExplicitPrecompiledModules/_complex-347Z8SGQ42IJI994HY7GDGQC6.scan

RegisterExecutionPolicyException /Users/aleks/Library/Developer/Xcode/DerivedData/PlanItApp-gkehojshtcbfvhersqwajfujohau/Build/Products/Debug-iphonesimulator/AppAuth_AppAuthCore.bundle (in target 'AppAuth_AppAuthCore' from project 'AppAuth')
    cd /Users/aleks/Library/Developer/Xcode/DerivedData/PlanItApp-gkehojshtcbfvhersqwajfujohau/SourcePackages/checkouts/AppAuth-iOS
    builtin-RegisterExecutionPolicyException /Users/aleks/Library/Developer/Xcode/DerivedData/PlanItApp-gkehojshtcbfvhersqwajfujohau/Build/Products/Debug-iphonesimulator/AppAuth_AppAuthCore.bundle

Ld /Users/aleks/Library/Developer/Xcode/DerivedData/PlanItApp-gkehojshtcbfvhersqwajfujohau/Build/Products/Debug-iphonesimulator/FBLPromises.o normal (in target 'FBLPromises' from project 'Promises')
    cd /Users/aleks/Library/Developer/Xcode/DerivedData/PlanItApp-gkehojshtcbfvhersqwajfujohau/SourcePackages/checkouts/promises
    /Applications/Xcode.app/Contents/Developer/Toolchains/XcodeDefault.xctoolchain/usr/bin/clang -Xlinker -reproducible -target arm64-apple-ios12.0-simulator -r -isysroot /Applications/Xcode.app/Contents/Developer/Platforms/iPhoneSimulator.platform/Developer/SDKs/iPhoneSimulator18.5.sdk -O0 -w -L/Users/aleks/Library/Developer/Xcode/DerivedData/PlanItApp-gkehojshtcbfvhersqwajfujohau/Build/Intermediates.noindex/EagerLinkingTBDs/Debug-iphonesimulator -L/Users/aleks/Library/Developer/Xcode/DerivedData/PlanItApp-gkehojshtcbfvhersqwajfujohau/Build/Products/Debug-iphonesimulator -L/Applications/Xcode.app/Contents/Developer/Platforms/iPhoneSimulator.platform/Developer/usr/lib -F/Users/aleks/Library/Developer/Xcode/DerivedData/PlanItApp-gkehojshtcbfvhersqwajfujohau/Build/Intermediates.noindex/EagerLinkingTBDs/Debug-iphonesimulator -F/Users/aleks/Library/Developer/Xcode/DerivedData/PlanItApp-gkehojshtcbfvhersqwajfujohau/Build/Products/Debug-iphonesimulator -iframework /Applications/Xcode.app/Contents/Developer/Platforms/iPhoneSimulator.platform/Developer/Library/Frameworks -iframework /Applications/Xcode.app/Contents/Developer/Platforms/iPhoneSimulator.platform/Developer/SDKs/iPhoneSimulator18.5.sdk/Developer/Library/Frameworks -filelist /Users/aleks/Library/Developer/Xcode/DerivedData/PlanItApp-gkehojshtcbfvhersqwajfujohau/Build/Intermediates.noindex/Promises.build/Debug-iphonesimulator/FBLPromises.build/Objects-normal/arm64/FBLPromises.LinkFileList -nostdlib -Xlinker -object_path_lto -Xlinker /Users/aleks/Library/Developer/Xcode/DerivedData/PlanItApp-gkehojshtcbfvhersqwajfujohau/Build/Intermediates.noindex/Promises.build/Debug-iphonesimulator/FBLPromises.build/Objects-normal/arm64/FBLPromises_lto.o -rdynamic -Xlinker -no_deduplicate -Xlinker -objc_abi_version -Xlinker 2 -Xlinker -debug_variant -Xlinker -dependency_info -Xlinker /Users/aleks/Library/Developer/Xcode/DerivedData/PlanItApp-gkehojshtcbfvhersqwajfujohau/Build/Intermediates.noindex/Promises.build/Debug-iphonesimulator/FBLPromises.build/Objects-normal/arm64/FBLPromises_dependency_info.dat -fobjc-arc -fobjc-link-runtime -o /Users/aleks/Library/Developer/Xcode/DerivedData/PlanItApp-gkehojshtcbfvhersqwajfujohau/Build/Products/Debug-iphonesimulator/FBLPromises.o

PrecompileModule /Users/aleks/Library/Developer/Xcode/DerivedData/PlanItApp-gkehojshtcbfvhersqwajfujohau/Build/Intermediates.noindex/ExplicitPrecompiledModules/sys_types-A39V6KSTXOESLDLUXDJ2NR8F1.scan
    cd /Users/aleks/Desktop/PlanItApp/PlanItApp.xcodeproj
    builtin-precompileModule /Users/aleks/Library/Developer/Xcode/DerivedData/PlanItApp-gkehojshtcbfvhersqwajfujohau/Build/Intermediates.noindex/ExplicitPrecompiledModules/sys_types-A39V6KSTXOESLDLUXDJ2NR8F1.scan

RegisterExecutionPolicyException /Users/aleks/Library/Developer/Xcode/DerivedData/PlanItApp-gkehojshtcbfvhersqwajfujohau/Build/Products/Debug-iphonesimulator/AppAuth_AppAuth.bundle (in target 'AppAuth_AppAuth' from project 'AppAuth')
    cd /Users/aleks/Library/Developer/Xcode/DerivedData/PlanItApp-gkehojshtcbfvhersqwajfujohau/SourcePackages/checkouts/AppAuth-iOS
    builtin-RegisterExecutionPolicyException /Users/aleks/Library/Developer/Xcode/DerivedData/PlanItApp-gkehojshtcbfvhersqwajfujohau/Build/Products/Debug-iphonesimulator/AppAuth_AppAuth.bundle

PrecompileModule /Users/aleks/Library/Developer/Xcode/DerivedData/PlanItApp-gkehojshtcbfvhersqwajfujohau/Build/Intermediates.noindex/ExplicitPrecompiledModules/_tgmath-3EALHGK3ZU9MR8Y9NMOBHXOMX.scan
    cd /Users/aleks/Desktop/PlanItApp/PlanItApp.xcodeproj
    builtin-precompileModule /Users/aleks/Library/Developer/Xcode/DerivedData/PlanItApp-gkehojshtcbfvhersqwajfujohau/Build/Intermediates.noindex/ExplicitPrecompiledModules/_tgmath-3EALHGK3ZU9MR8Y9NMOBHXOMX.scan

PrecompileModule /Users/aleks/Library/Developer/Xcode/DerivedData/PlanItApp-gkehojshtcbfvhersqwajfujohau/Build/Intermediates.noindex/ExplicitPrecompiledModules/__wctype-BRMZGJ21SXA3LFYDZOEZI7UN6.scan
    cd /Users/aleks/Desktop/PlanItApp/PlanItApp.xcodeproj
    builtin-precompileModule /Users/aleks/Library/Developer/Xcode/DerivedData/PlanItApp-gkehojshtcbfvhersqwajfujohau/Build/Intermediates.noindex/ExplicitPrecompiledModules/__wctype-BRMZGJ21SXA3LFYDZOEZI7UN6.scan

Touch /Users/aleks/Library/Developer/Xcode/DerivedData/PlanItApp-gkehojshtcbfvhersqwajfujohau/Build/Products/Debug-iphonesimulator/GoogleUtilities_GoogleUtilities-Reachability.bundle (in target 'GoogleUtilities_GoogleUtilities-Reachability' from project 'GoogleUtilities')
    cd /Users/aleks/Library/Developer/Xcode/DerivedData/PlanItApp-gkehojshtcbfvhersqwajfujohau/SourcePackages/checkouts/GoogleUtilities
    /usr/bin/touch -c /Users/aleks/Library/Developer/Xcode/DerivedData/PlanItApp-gkehojshtcbfvhersqwajfujohau/Build/Products/Debug-iphonesimulator/GoogleUtilities_GoogleUtilities-Reachability.bundle

Touch /Users/aleks/Library/Developer/Xcode/DerivedData/PlanItApp-gkehojshtcbfvhersqwajfujohau/Build/Products/Debug-iphonesimulator/GoogleUtilities_GoogleUtilities-Network.bundle (in target 'GoogleUtilities_GoogleUtilities-Network' from project 'GoogleUtilities')
    cd /Users/aleks/Library/Developer/Xcode/DerivedData/PlanItApp-gkehojshtcbfvhersqwajfujohau/SourcePackages/checkouts/GoogleUtilities
    /usr/bin/touch -c /Users/aleks/Library/Developer/Xcode/DerivedData/PlanItApp-gkehojshtcbfvhersqwajfujohau/Build/Products/Debug-iphonesimulator/GoogleUtilities_GoogleUtilities-Network.bundle

Touch /Users/aleks/Library/Developer/Xcode/DerivedData/PlanItApp-gkehojshtcbfvhersqwajfujohau/Build/Products/Debug-iphonesimulator/GoogleUtilities_GoogleUtilities-NSData.bundle (in target 'GoogleUtilities_GoogleUtilities-NSData' from project 'GoogleUtilities')
    cd /Users/aleks/Library/Developer/Xcode/DerivedData/PlanItApp-gkehojshtcbfvhersqwajfujohau/SourcePackages/checkouts/GoogleUtilities
    /usr/bin/touch -c /Users/aleks/Library/Developer/Xcode/DerivedData/PlanItApp-gkehojshtcbfvhersqwajfujohau/Build/Products/Debug-iphonesimulator/GoogleUtilities_GoogleUtilities-NSData.bundle

Touch /Users/aleks/Library/Developer/Xcode/DerivedData/PlanItApp-gkehojshtcbfvhersqwajfujohau/Build/Products/Debug-iphonesimulator/GoogleUtilities_GoogleUtilities-Logger.bundle (in target 'GoogleUtilities_GoogleUtilities-Logger' from project 'GoogleUtilities')
    cd /Users/aleks/Library/Developer/Xcode/DerivedData/PlanItApp-gkehojshtcbfvhersqwajfujohau/SourcePackages/checkouts/GoogleUtilities
    /usr/bin/touch -c /Users/aleks/Library/Developer/Xcode/DerivedData/PlanItApp-gkehojshtcbfvhersqwajfujohau/Build/Products/Debug-iphonesimulator/GoogleUtilities_GoogleUtilities-Logger.bundle

Touch /Users/aleks/Library/Developer/Xcode/DerivedData/PlanItApp-gkehojshtcbfvhersqwajfujohau/Build/Products/Debug-iphonesimulator/GoogleUtilities_GoogleUtilities-Environment.bundle (in target 'GoogleUtilities_GoogleUtilities-Environment' from project 'GoogleUtilities')
    cd /Users/aleks/Library/Developer/Xcode/DerivedData/PlanItApp-gkehojshtcbfvhersqwajfujohau/SourcePackages/checkouts/GoogleUtilities
    /usr/bin/touch -c /Users/aleks/Library/Developer/Xcode/DerivedData/PlanItApp-gkehojshtcbfvhersqwajfujohau/Build/Products/Debug-iphonesimulator/GoogleUtilities_GoogleUtilities-Environment.bundle

Touch /Users/aleks/Library/Developer/Xcode/DerivedData/PlanItApp-gkehojshtcbfvhersqwajfujohau/Build/Products/Debug-iphonesimulator/GoogleUtilities_GoogleUtilities-AppDelegateSwizzler.bundle (in target 'GoogleUtilities_GoogleUtilities-AppDelegateSwizzler' from project 'GoogleUtilities')
    cd /Users/aleks/Library/Developer/Xcode/DerivedData/PlanItApp-gkehojshtcbfvhersqwajfujohau/SourcePackages/checkouts/GoogleUtilities
    /usr/bin/touch -c /Users/aleks/Library/Developer/Xcode/DerivedData/PlanItApp-gkehojshtcbfvhersqwajfujohau/Build/Products/Debug-iphonesimulator/GoogleUtilities_GoogleUtilities-AppDelegateSwizzler.bundle

PrecompileModule /Users/aleks/Library/Developer/Xcode/DerivedData/PlanItApp-gkehojshtcbfvhersqwajfujohau/Build/Intermediates.noindex/ExplicitPrecompiledModules/_string-50DD7KPR4WWHTTDWWRQMXGKG6.scan
    cd /Users/aleks/Desktop/PlanItApp/PlanItApp.xcodeproj
    builtin-precompileModule /Users/aleks/Library/Developer/Xcode/DerivedData/PlanItApp-gkehojshtcbfvhersqwajfujohau/Build/Intermediates.noindex/ExplicitPrecompiledModules/_string-50DD7KPR4WWHTTDWWRQMXGKG6.scan

PrecompileModule /Users/aleks/Library/Developer/Xcode/DerivedData/PlanItApp-gkehojshtcbfvhersqwajfujohau/Build/Intermediates.noindex/ExplicitPrecompiledModules/nl_types-79GKL5UAWAJYOSKSKUO8FNLM8.scan
    cd /Users/aleks/Desktop/PlanItApp/PlanItApp.xcodeproj
    builtin-precompileModule /Users/aleks/Library/Developer/Xcode/DerivedData/PlanItApp-gkehojshtcbfvhersqwajfujohau/Build/Intermediates.noindex/ExplicitPrecompiledModules/nl_types-79GKL5UAWAJYOSKSKUO8FNLM8.scan

PrecompileModule /Users/aleks/Library/Developer/Xcode/DerivedData/PlanItApp-gkehojshtcbfvhersqwajfujohau/Build/Intermediates.noindex/ExplicitPrecompiledModules/_time-36SGVC2GE0YXUW75JN9ICPMKW.scan
    cd /Users/aleks/Desktop/PlanItApp/PlanItApp.xcodeproj
    builtin-precompileModule /Users/aleks/Library/Developer/Xcode/DerivedData/PlanItApp-gkehojshtcbfvhersqwajfujohau/Build/Intermediates.noindex/ExplicitPrecompiledModules/_time-36SGVC2GE0YXUW75JN9ICPMKW.scan

PrecompileModule /Users/aleks/Library/Developer/Xcode/DerivedData/PlanItApp-gkehojshtcbfvhersqwajfujohau/Build/Intermediates.noindex/ExplicitPrecompiledModules/_wctype-9E427X0M6GZTQEUMDEZD015B2.scan
    cd /Users/aleks/Desktop/PlanItApp/PlanItApp.xcodeproj
    builtin-precompileModule /Users/aleks/Library/Developer/Xcode/DerivedData/PlanItApp-gkehojshtcbfvhersqwajfujohau/Build/Intermediates.noindex/ExplicitPrecompiledModules/_wctype-9E427X0M6GZTQEUMDEZD015B2.scan

PrecompileModule /Users/aleks/Library/Developer/Xcode/DerivedData/PlanItApp-gkehojshtcbfvhersqwajfujohau/Build/Intermediates.noindex/ExplicitPrecompiledModules/sys_resource-BJGH2ST2BTR811KJF48QGLKZ.scan
    cd /Users/aleks/Desktop/PlanItApp/PlanItApp.xcodeproj
    builtin-precompileModule /Users/aleks/Library/Developer/Xcode/DerivedData/PlanItApp-gkehojshtcbfvhersqwajfujohau/Build/Intermediates.noindex/ExplicitPrecompiledModules/sys_resource-BJGH2ST2BTR811KJF48QGLKZ.scan

PrecompileModule /Users/aleks/Library/Developer/Xcode/DerivedData/PlanItApp-gkehojshtcbfvhersqwajfujohau/Build/Intermediates.noindex/ExplicitPrecompiledModules/_signal-5FV6T0NY0HN56W41LFIOY8JZY.scan
    cd /Users/aleks/Desktop/PlanItApp/PlanItApp.xcodeproj
    builtin-precompileModule /Users/aleks/Library/Developer/Xcode/DerivedData/PlanItApp-gkehojshtcbfvhersqwajfujohau/Build/Intermediates.noindex/ExplicitPrecompiledModules/_signal-5FV6T0NY0HN56W41LFIOY8JZY.scan

PrecompileModule /Users/aleks/Library/Developer/Xcode/DerivedData/PlanItApp-gkehojshtcbfvhersqwajfujohau/Build/Intermediates.noindex/ExplicitPrecompiledModules/_Builtin_tgmath-5BPVEKPG4WULMENVNDI6OLIDX.scan
    cd /Users/aleks/Desktop/PlanItApp/PlanItApp.xcodeproj
    builtin-precompileModule /Users/aleks/Library/Developer/Xcode/DerivedData/PlanItApp-gkehojshtcbfvhersqwajfujohau/Build/Intermediates.noindex/ExplicitPrecompiledModules/_Builtin_tgmath-5BPVEKPG4WULMENVNDI6OLIDX.scan

PrecompileModule /Users/aleks/Library/Developer/Xcode/DerivedData/PlanItApp-gkehojshtcbfvhersqwajfujohau/Build/Intermediates.noindex/ExplicitPrecompiledModules/_stdio-ELMPN4Y4HJMTY41R5WM6CNDIR.scan
    cd /Users/aleks/Desktop/PlanItApp/PlanItApp.xcodeproj
    builtin-precompileModule /Users/aleks/Library/Developer/Xcode/DerivedData/PlanItApp-gkehojshtcbfvhersqwajfujohau/Build/Intermediates.noindex/ExplicitPrecompiledModules/_stdio-ELMPN4Y4HJMTY41R5WM6CNDIR.scan

Touch /Users/aleks/Library/Developer/Xcode/DerivedData/PlanItApp-gkehojshtcbfvhersqwajfujohau/Build/Products/Debug-iphonesimulator/GoogleSignIn_GoogleSignIn.bundle (in target 'GoogleSignIn_GoogleSignIn' from project 'GoogleSignIn')
    cd /Users/aleks/Library/Developer/Xcode/DerivedData/PlanItApp-gkehojshtcbfvhersqwajfujohau/SourcePackages/checkouts/GoogleSignIn-iOS
    /usr/bin/touch -c /Users/aleks/Library/Developer/Xcode/DerivedData/PlanItApp-gkehojshtcbfvhersqwajfujohau/Build/Products/Debug-iphonesimulator/GoogleSignIn_GoogleSignIn.bundle

Ld /Users/aleks/Library/Developer/Xcode/DerivedData/PlanItApp-gkehojshtcbfvhersqwajfujohau/Build/Products/Debug-iphonesimulator/GoogleUtilities-NSData.o normal (in target 'GoogleUtilities-NSData' from project 'GoogleUtilities')
    cd /Users/aleks/Library/Developer/Xcode/DerivedData/PlanItApp-gkehojshtcbfvhersqwajfujohau/SourcePackages/checkouts/GoogleUtilities
    /Applications/Xcode.app/Contents/Developer/Toolchains/XcodeDefault.xctoolchain/usr/bin/clang -Xlinker -reproducible -target arm64-apple-ios12.0-simulator -r -isysroot /Applications/Xcode.app/Contents/Developer/Platforms/iPhoneSimulator.platform/Developer/SDKs/iPhoneSimulator18.5.sdk -O0 -w -L/Users/aleks/Library/Developer/Xcode/DerivedData/PlanItApp-gkehojshtcbfvhersqwajfujohau/Build/Intermediates.noindex/EagerLinkingTBDs/Debug-iphonesimulator -L/Users/aleks/Library/Developer/Xcode/DerivedData/PlanItApp-gkehojshtcbfvhersqwajfujohau/Build/Products/Debug-iphonesimulator -L/Applications/Xcode.app/Contents/Developer/Platforms/iPhoneSimulator.platform/Developer/usr/lib -F/Users/aleks/Library/Developer/Xcode/DerivedData/PlanItApp-gkehojshtcbfvhersqwajfujohau/Build/Intermediates.noindex/EagerLinkingTBDs/Debug-iphonesimulator -F/Users/aleks/Library/Developer/Xcode/DerivedData/PlanItApp-gkehojshtcbfvhersqwajfujohau/Build/Products/Debug-iphonesimulator -iframework /Applications/Xcode.app/Contents/Developer/Platforms/iPhoneSimulator.platform/Developer/Library/Frameworks -iframework /Applications/Xcode.app/Contents/Developer/Platforms/iPhoneSimulator.platform/Developer/SDKs/iPhoneSimulator18.5.sdk/Developer/Library/Frameworks -filelist /Users/aleks/Library/Developer/Xcode/DerivedData/PlanItApp-gkehojshtcbfvhersqwajfujohau/Build/Intermediates.noindex/GoogleUtilities.build/Debug-iphonesimulator/GoogleUtilities-NSData.build/Objects-normal/arm64/GoogleUtilities-NSData.LinkFileList -nostdlib -Xlinker -object_path_lto -Xlinker /Users/aleks/Library/Developer/Xcode/DerivedData/PlanItApp-gkehojshtcbfvhersqwajfujohau/Build/Intermediates.noindex/GoogleUtilities.build/Debug-iphonesimulator/GoogleUtilities-NSData.build/Objects-normal/arm64/GoogleUtilities-NSData_lto.o -rdynamic -Xlinker -no_deduplicate -Xlinker -objc_abi_version -Xlinker 2 -Xlinker -debug_variant -Xlinker -dependency_info -Xlinker /Users/aleks/Library/Developer/Xcode/DerivedData/PlanItApp-gkehojshtcbfvhersqwajfujohau/Build/Intermediates.noindex/GoogleUtilities.build/Debug-iphonesimulator/GoogleUtilities-NSData.build/Objects-normal/arm64/GoogleUtilities-NSData_dependency_info.dat -fobjc-arc -fobjc-link-runtime -o /Users/aleks/Library/Developer/Xcode/DerivedData/PlanItApp-gkehojshtcbfvhersqwajfujohau/Build/Products/Debug-iphonesimulator/GoogleUtilities-NSData.o

PrecompileModule /Users/aleks/Library/Developer/Xcode/DerivedData/PlanItApp-gkehojshtcbfvhersqwajfujohau/Build/Intermediates.noindex/ExplicitPrecompiledModules/gethostuuid-56796SRR2LIHYJU8QM0KWA5N8.scan
    cd /Users/aleks/Desktop/PlanItApp/PlanItApp.xcodeproj
    builtin-precompileModule /Users/aleks/Library/Developer/Xcode/DerivedData/PlanItApp-gkehojshtcbfvhersqwajfujohau/Build/Intermediates.noindex/ExplicitPrecompiledModules/gethostuuid-56796SRR2LIHYJU8QM0KWA5N8.scan

Touch /Users/aleks/Library/Developer/Xcode/DerivedData/PlanItApp-gkehojshtcbfvhersqwajfujohau/Build/Products/Debug-iphonesimulator/GTMSessionFetcher_GTMSessionFetcherCore.bundle (in target 'GTMSessionFetcher_GTMSessionFetcherCore' from project 'GTMSessionFetcher')
    cd /Users/aleks/Library/Developer/Xcode/DerivedData/PlanItApp-gkehojshtcbfvhersqwajfujohau/SourcePackages/checkouts/gtm-session-fetcher
    /usr/bin/touch -c /Users/aleks/Library/Developer/Xcode/DerivedData/PlanItApp-gkehojshtcbfvhersqwajfujohau/Build/Products/Debug-iphonesimulator/GTMSessionFetcher_GTMSessionFetcherCore.bundle

Touch /Users/aleks/Library/Developer/Xcode/DerivedData/PlanItApp-gkehojshtcbfvhersqwajfujohau/Build/Products/Debug-iphonesimulator/GTMAppAuth_GTMAppAuth.bundle (in target 'GTMAppAuth_GTMAppAuth' from project 'GTMAppAuth')
    cd /Users/aleks/Library/Developer/Xcode/DerivedData/PlanItApp-gkehojshtcbfvhersqwajfujohau/SourcePackages/checkouts/GTMAppAuth
    /usr/bin/touch -c /Users/aleks/Library/Developer/Xcode/DerivedData/PlanItApp-gkehojshtcbfvhersqwajfujohau/Build/Products/Debug-iphonesimulator/GTMAppAuth_GTMAppAuth.bundle

PrecompileModule /Users/aleks/Library/Developer/Xcode/DerivedData/PlanItApp-gkehojshtcbfvhersqwajfujohau/Build/Intermediates.noindex/ExplicitPrecompiledModules/pthread-ATOLPEKBCW05J1UH7PHLCMXVL.scan
    cd /Users/aleks/Desktop/PlanItApp/PlanItApp.xcodeproj
    builtin-precompileModule /Users/aleks/Library/Developer/Xcode/DerivedData/PlanItApp-gkehojshtcbfvhersqwajfujohau/Build/Intermediates.noindex/ExplicitPrecompiledModules/pthread-ATOLPEKBCW05J1UH7PHLCMXVL.scan

PrecompileModule /Users/aleks/Library/Developer/Xcode/DerivedData/PlanItApp-gkehojshtcbfvhersqwajfujohau/Build/Intermediates.noindex/ExplicitPrecompiledModules/sys_wait-BFCHLPOH62HVOBFMYTF57QCNP.scan
    cd /Users/aleks/Desktop/PlanItApp/PlanItApp.xcodeproj
    builtin-precompileModule /Users/aleks/Library/Developer/Xcode/DerivedData/PlanItApp-gkehojshtcbfvhersqwajfujohau/Build/Intermediates.noindex/ExplicitPrecompiledModules/sys_wait-BFCHLPOH62HVOBFMYTF57QCNP.scan

PrecompileModule /Users/aleks/Library/Developer/Xcode/DerivedData/PlanItApp-gkehojshtcbfvhersqwajfujohau/Build/Intermediates.noindex/ExplicitPrecompiledModules/sys_select-3TO4XPCBAK4LHAAR79GU20FF4.scan
    cd /Users/aleks/Desktop/PlanItApp/PlanItApp.xcodeproj
    builtin-precompileModule /Users/aleks/Library/Developer/Xcode/DerivedData/PlanItApp-gkehojshtcbfvhersqwajfujohau/Build/Intermediates.noindex/ExplicitPrecompiledModules/sys_select-3TO4XPCBAK4LHAAR79GU20FF4.scan

Touch /Users/aleks/Library/Developer/Xcode/DerivedData/PlanItApp-gkehojshtcbfvhersqwajfujohau/Build/Products/Debug-iphonesimulator/Firebase_FirebaseFirestore.bundle (in target 'Firebase_FirebaseFirestore' from project 'Firebase')
    cd /Users/aleks/Library/Developer/Xcode/DerivedData/PlanItApp-gkehojshtcbfvhersqwajfujohau/SourcePackages/checkouts/firebase-ios-sdk
    /usr/bin/touch -c /Users/aleks/Library/Developer/Xcode/DerivedData/PlanItApp-gkehojshtcbfvhersqwajfujohau/Build/Products/Debug-iphonesimulator/Firebase_FirebaseFirestore.bundle

PrecompileModule /Users/aleks/Library/Developer/Xcode/DerivedData/PlanItApp-gkehojshtcbfvhersqwajfujohau/Build/Intermediates.noindex/ExplicitPrecompiledModules/_wchar-B468XP6P2IG43N9XG34ZBZVLO.scan
    cd /Users/aleks/Desktop/PlanItApp/PlanItApp.xcodeproj
    builtin-precompileModule /Users/aleks/Library/Developer/Xcode/DerivedData/PlanItApp-gkehojshtcbfvhersqwajfujohau/Build/Intermediates.noindex/ExplicitPrecompiledModules/_wchar-B468XP6P2IG43N9XG34ZBZVLO.scan

Touch /Users/aleks/Library/Developer/Xcode/DerivedData/PlanItApp-gkehojshtcbfvhersqwajfujohau/Build/Products/Debug-iphonesimulator/Firebase_FirebaseCoreInternal.bundle (in target 'Firebase_FirebaseCoreInternal' from project 'Firebase')
    cd /Users/aleks/Library/Developer/Xcode/DerivedData/PlanItApp-gkehojshtcbfvhersqwajfujohau/SourcePackages/checkouts/firebase-ios-sdk
    /usr/bin/touch -c /Users/aleks/Library/Developer/Xcode/DerivedData/PlanItApp-gkehojshtcbfvhersqwajfujohau/Build/Products/Debug-iphonesimulator/Firebase_FirebaseCoreInternal.bundle

Touch /Users/aleks/Library/Developer/Xcode/DerivedData/PlanItApp-gkehojshtcbfvhersqwajfujohau/Build/Products/Debug-iphonesimulator/Firebase_FirebaseCoreExtension.bundle (in target 'Firebase_FirebaseCoreExtension' from project 'Firebase')
    cd /Users/aleks/Library/Developer/Xcode/DerivedData/PlanItApp-gkehojshtcbfvhersqwajfujohau/SourcePackages/checkouts/firebase-ios-sdk
    /usr/bin/touch -c /Users/aleks/Library/Developer/Xcode/DerivedData/PlanItApp-gkehojshtcbfvhersqwajfujohau/Build/Products/Debug-iphonesimulator/Firebase_FirebaseCoreExtension.bundle

PrecompileModule /Users/aleks/Library/Developer/Xcode/DerivedData/PlanItApp-gkehojshtcbfvhersqwajfujohau/Build/Intermediates.noindex/ExplicitPrecompiledModules/_stdlib-EBO2HV7B0K73C6M5FF9R8ST58.scan
    cd /Users/aleks/Desktop/PlanItApp/PlanItApp.xcodeproj
    builtin-precompileModule /Users/aleks/Library/Developer/Xcode/DerivedData/PlanItApp-gkehojshtcbfvhersqwajfujohau/Build/Intermediates.noindex/ExplicitPrecompiledModules/_stdlib-EBO2HV7B0K73C6M5FF9R8ST58.scan

Touch /Users/aleks/Library/Developer/Xcode/DerivedData/PlanItApp-gkehojshtcbfvhersqwajfujohau/Build/Products/Debug-iphonesimulator/Firebase_FirebaseCore.bundle (in target 'Firebase_FirebaseCore' from project 'Firebase')
    cd /Users/aleks/Library/Developer/Xcode/DerivedData/PlanItApp-gkehojshtcbfvhersqwajfujohau/SourcePackages/checkouts/firebase-ios-sdk
    /usr/bin/touch -c /Users/aleks/Library/Developer/Xcode/DerivedData/PlanItApp-gkehojshtcbfvhersqwajfujohau/Build/Products/Debug-iphonesimulator/Firebase_FirebaseCore.bundle

Touch /Users/aleks/Library/Developer/Xcode/DerivedData/PlanItApp-gkehojshtcbfvhersqwajfujohau/Build/Products/Debug-iphonesimulator/Firebase_FirebaseAuth.bundle (in target 'Firebase_FirebaseAuth' from project 'Firebase')
    cd /Users/aleks/Library/Developer/Xcode/DerivedData/PlanItApp-gkehojshtcbfvhersqwajfujohau/SourcePackages/checkouts/firebase-ios-sdk
    /usr/bin/touch -c /Users/aleks/Library/Developer/Xcode/DerivedData/PlanItApp-gkehojshtcbfvhersqwajfujohau/Build/Products/Debug-iphonesimulator/Firebase_FirebaseAuth.bundle

Touch /Users/aleks/Library/Developer/Xcode/DerivedData/PlanItApp-gkehojshtcbfvhersqwajfujohau/Build/Products/Debug-iphonesimulator/AppAuth_AppAuthCore.bundle (in target 'AppAuth_AppAuthCore' from project 'AppAuth')
    cd /Users/aleks/Library/Developer/Xcode/DerivedData/PlanItApp-gkehojshtcbfvhersqwajfujohau/SourcePackages/checkouts/AppAuth-iOS
    /usr/bin/touch -c /Users/aleks/Library/Developer/Xcode/DerivedData/PlanItApp-gkehojshtcbfvhersqwajfujohau/Build/Products/Debug-iphonesimulator/AppAuth_AppAuthCore.bundle

Ld /Users/aleks/Library/Developer/Xcode/DerivedData/PlanItApp-gkehojshtcbfvhersqwajfujohau/Build/Products/Debug-iphonesimulator/FirebaseAuthInternal.o normal (in target 'FirebaseAuthInternal' from project 'Firebase')
    cd /Users/aleks/Library/Developer/Xcode/DerivedData/PlanItApp-gkehojshtcbfvhersqwajfujohau/SourcePackages/checkouts/firebase-ios-sdk
    /Applications/Xcode.app/Contents/Developer/Toolchains/XcodeDefault.xctoolchain/usr/bin/clang -Xlinker -reproducible -target arm64-apple-ios12.0-simulator -r -isysroot /Applications/Xcode.app/Contents/Developer/Platforms/iPhoneSimulator.platform/Developer/SDKs/iPhoneSimulator18.5.sdk -O0 -w -L/Users/aleks/Library/Developer/Xcode/DerivedData/PlanItApp-gkehojshtcbfvhersqwajfujohau/Build/Intermediates.noindex/EagerLinkingTBDs/Debug-iphonesimulator -L/Users/aleks/Library/Developer/Xcode/DerivedData/PlanItApp-gkehojshtcbfvhersqwajfujohau/Build/Products/Debug-iphonesimulator -L/Applications/Xcode.app/Contents/Developer/Platforms/iPhoneSimulator.platform/Developer/usr/lib -F/Users/aleks/Library/Developer/Xcode/DerivedData/PlanItApp-gkehojshtcbfvhersqwajfujohau/Build/Intermediates.noindex/EagerLinkingTBDs/Debug-iphonesimulator -F/Users/aleks/Library/Developer/Xcode/DerivedData/PlanItApp-gkehojshtcbfvhersqwajfujohau/Build/Products/Debug-iphonesimulator/PackageFrameworks -F/Users/aleks/Library/Developer/Xcode/DerivedData/PlanItApp-gkehojshtcbfvhersqwajfujohau/Build/Products/Debug-iphonesimulator -iframework /Applications/Xcode.app/Contents/Developer/Platforms/iPhoneSimulator.platform/Developer/Library/Frameworks -iframework /Applications/Xcode.app/Contents/Developer/Platforms/iPhoneSimulator.platform/Developer/SDKs/iPhoneSimulator18.5.sdk/Developer/Library/Frameworks -filelist /Users/aleks/Library/Developer/Xcode/DerivedData/PlanItApp-gkehojshtcbfvhersqwajfujohau/Build/Intermediates.noindex/Firebase.build/Debug-iphonesimulator/FirebaseAuthInternal.build/Objects-normal/arm64/FirebaseAuthInternal.LinkFileList -nostdlib -Xlinker -object_path_lto -Xlinker /Users/aleks/Library/Developer/Xcode/DerivedData/PlanItApp-gkehojshtcbfvhersqwajfujohau/Build/Intermediates.noindex/Firebase.build/Debug-iphonesimulator/FirebaseAuthInternal.build/Objects-normal/arm64/FirebaseAuthInternal_lto.o -rdynamic -Xlinker -no_deduplicate -Xlinker -objc_abi_version -Xlinker 2 -Xlinker -debug_variant -Xlinker -dependency_info -Xlinker /Users/aleks/Library/Developer/Xcode/DerivedData/PlanItApp-gkehojshtcbfvhersqwajfujohau/Build/Intermediates.noindex/Firebase.build/Debug-iphonesimulator/FirebaseAuthInternal.build/Objects-normal/arm64/FirebaseAuthInternal_dependency_info.dat -fobjc-arc -fobjc-link-runtime -o /Users/aleks/Library/Developer/Xcode/DerivedData/PlanItApp-gkehojshtcbfvhersqwajfujohau/Build/Products/Debug-iphonesimulator/FirebaseAuthInternal.o

PrecompileModule /Users/aleks/Library/Developer/Xcode/DerivedData/PlanItApp-gkehojshtcbfvhersqwajfujohau/Build/Intermediates.noindex/ExplicitPrecompiledModules/unistd-4NWOT7E8FU7G6UIP67MD4DGG.scan
    cd /Users/aleks/Desktop/PlanItApp/PlanItApp.xcodeproj
    builtin-precompileModule /Users/aleks/Library/Developer/Xcode/DerivedData/PlanItApp-gkehojshtcbfvhersqwajfujohau/Build/Intermediates.noindex/ExplicitPrecompiledModules/unistd-4NWOT7E8FU7G6UIP67MD4DGG.scan

ScanDependencies /Users/aleks/Library/Developer/Xcode/DerivedData/PlanItApp-gkehojshtcbfvhersqwajfujohau/Build/Intermediates.noindex/gRPC.build/Debug-iphonesimulator/grpcppWrapper.build/Objects-normal/arm64/resource_bundle_accessor.o /Users/aleks/Library/Developer/Xcode/DerivedData/PlanItApp-gkehojshtcbfvhersqwajfujohau/Build/Intermediates.noindex/gRPC.build/Debug-iphonesimulator/grpcppWrapper.build/DerivedSources/resource_bundle_accessor.m normal arm64 objective-c com.apple.compilers.llvm.clang.1_0.compiler (in target 'grpcppWrapper' from project 'gRPC')
    cd /Users/aleks/Desktop/PlanItApp/PlanItApp.xcodeproj
    
    Using response file: /Users/aleks/Library/Developer/Xcode/DerivedData/PlanItApp-gkehojshtcbfvhersqwajfujohau/Build/Intermediates.noindex/gRPC.build/Debug-iphonesimulator/grpcppWrapper.build/Objects-normal/arm64/e6072d4f65d7061329687fe24e3d63a7-common-args.resp
    
    builtin-ScanDependencies -o /Users/aleks/Library/Developer/Xcode/DerivedData/PlanItApp-gkehojshtcbfvhersqwajfujohau/Build/Intermediates.noindex/gRPC.build/Debug-iphonesimulator/grpcppWrapper.build/Objects-normal/arm64/resource_bundle_accessor.o.scan -- /Applications/Xcode.app/Contents/Developer/Toolchains/XcodeDefault.xctoolchain/usr/bin/clang -x objective-c -ivfsstatcache /Users/aleks/Library/Developer/Xcode/DerivedData/SDKStatCaches.noindex/iphonesimulator18.5-22F76-d5fc8ad4295d2ef488fb7d0f804ce0c4.sdkstatcache -fmessage-length\=0 -fdiagnostics-show-note-include-stack -fmacro-backtrace-limit\=0 -fno-color-diagnostics -fmodules-prune-interval\=86400 -fmodules-prune-after\=345600 -fbuild-session-file\=/Users/aleks/Library/Developer/Xcode/DerivedData/ModuleCache.noindex/Session.modulevalidation -fmodules-validate-once-per-build-session -Wnon-modular-include-in-framework-module -Werror\=non-modular-include-in-framework-module -Wno-trigraphs -Wno-missing-field-initializers -Wno-missing-prototypes -Wno-return-type -Wno-implicit-atomic-properties -Wno-objc-interface-ivars -Wno-arc-repeated-use-of-weak -Wno-missing-braces -Wparentheses -Wswitch -Wno-unused-function -Wno-unused-label -Wno-unused-parameter -Wno-unused-variable -Wunused-value -Wno-empty-body -Wno-uninitialized -Wno-unknown-pragmas -w -Wno-shadow -Wno-four-char-constants -Wno-conversion -Wno-constant-conversion -Wno-int-conversion -Wno-bool-conversion -Wno-enum-conversion -Wno-float-conversion -Wno-non-literal-null-conversion -Wno-objc-literal-conversion -Wshorten-64-to-32 -Wpointer-sign -Wno-newline-eof -Wno-selector -Wno-strict-selector-match -Wno-undeclared-selector -Wno-deprecated-implementations -Wno-implicit-fallthrough -fstrict-aliasing -Wprotocol -Wdeprecated-declarations -Wno-sign-conversion -Wno-infinite-recursion -Wno-comma -Wno-block-capture-autoreleasing -Wno-strict-prototypes -Wno-semicolon-before-method-body -index-store-path /Users/aleks/Library/Developer/Xcode/DerivedData/PlanItApp-gkehojshtcbfvhersqwajfujohau/Index.noindex/DataStore @/Users/aleks/Library/Developer/Xcode/DerivedData/PlanItApp-gkehojshtcbfvhersqwajfujohau/Build/Intermediates.noindex/gRPC.build/Debug-iphonesimulator/grpcppWrapper.build/Objects-normal/arm64/e6072d4f65d7061329687fe24e3d63a7-common-args.resp -include /Users/aleks/Library/Developer/Xcode/DerivedData/PlanItApp-gkehojshtcbfvhersqwajfujohau/Build/Intermediates.noindex/gRPC.build/Debug-iphonesimulator/grpcppWrapper.build/DerivedSources/resource_bundle_accessor.h -MMD -MT dependencies -MF /Users/aleks/Library/Developer/Xcode/DerivedData/PlanItApp-gkehojshtcbfvhersqwajfujohau/Build/Intermediates.noindex/gRPC.build/Debug-iphonesimulator/grpcppWrapper.build/Objects-normal/arm64/resource_bundle_accessor.d --serialize-diagnostics /Users/aleks/Library/Developer/Xcode/DerivedData/PlanItApp-gkehojshtcbfvhersqwajfujohau/Build/Intermediates.noindex/gRPC.build/Debug-iphonesimulator/grpcppWrapper.build/Objects-normal/arm64/resource_bundle_accessor.dia -c /Users/aleks/Library/Developer/Xcode/DerivedData/PlanItApp-gkehojshtcbfvhersqwajfujohau/Build/Intermediates.noindex/gRPC.build/Debug-iphonesimulator/grpcppWrapper.build/DerivedSources/resource_bundle_accessor.m -o /Users/aleks/Library/Developer/Xcode/DerivedData/PlanItApp-gkehojshtcbfvhersqwajfujohau/Build/Intermediates.noindex/gRPC.build/Debug-iphonesimulator/grpcppWrapper.build/Objects-normal/arm64/resource_bundle_accessor.o -index-unit-output-path /gRPC.build/Debug-iphonesimulator/grpcppWrapper.build/Objects-normal/arm64/resource_bundle_accessor.o

ScanDependencies /Users/aleks/Library/Developer/Xcode/DerivedData/PlanItApp-gkehojshtcbfvhersqwajfujohau/Build/Intermediates.noindex/gRPC.build/Debug-iphonesimulator/grpcppWrapper.build/Objects-normal/arm64/empty.o /Users/aleks/Library/Developer/Xcode/DerivedData/PlanItApp-gkehojshtcbfvhersqwajfujohau/SourcePackages/checkouts/grpc-binary/grpcpp-Wrapper/empty.m normal arm64 objective-c com.apple.compilers.llvm.clang.1_0.compiler (in target 'grpcppWrapper' from project 'gRPC')
    cd /Users/aleks/Desktop/PlanItApp/PlanItApp.xcodeproj
    
    Using response file: /Users/aleks/Library/Developer/Xcode/DerivedData/PlanItApp-gkehojshtcbfvhersqwajfujohau/Build/Intermediates.noindex/gRPC.build/Debug-iphonesimulator/grpcppWrapper.build/Objects-normal/arm64/e6072d4f65d7061329687fe24e3d63a7-common-args.resp
    
    builtin-ScanDependencies -o /Users/aleks/Library/Developer/Xcode/DerivedData/PlanItApp-gkehojshtcbfvhersqwajfujohau/Build/Intermediates.noindex/gRPC.build/Debug-iphonesimulator/grpcppWrapper.build/Objects-normal/arm64/empty.o.scan -- /Applications/Xcode.app/Contents/Developer/Toolchains/XcodeDefault.xctoolchain/usr/bin/clang -x objective-c -ivfsstatcache /Users/aleks/Library/Developer/Xcode/DerivedData/SDKStatCaches.noindex/iphonesimulator18.5-22F76-d5fc8ad4295d2ef488fb7d0f804ce0c4.sdkstatcache -fmessage-length\=0 -fdiagnostics-show-note-include-stack -fmacro-backtrace-limit\=0 -fno-color-diagnostics -fmodules-prune-interval\=86400 -fmodules-prune-after\=345600 -fbuild-session-file\=/Users/aleks/Library/Developer/Xcode/DerivedData/ModuleCache.noindex/Session.modulevalidation -fmodules-validate-once-per-build-session -Wnon-modular-include-in-framework-module -Werror\=non-modular-include-in-framework-module -Wno-trigraphs -Wno-missing-field-initializers -Wno-missing-prototypes -Wno-return-type -Wno-implicit-atomic-properties -Wno-objc-interface-ivars -Wno-arc-repeated-use-of-weak -Wno-missing-braces -Wparentheses -Wswitch -Wno-unused-function -Wno-unused-label -Wno-unused-parameter -Wno-unused-variable -Wunused-value -Wno-empty-body -Wno-uninitialized -Wno-unknown-pragmas -w -Wno-shadow -Wno-four-char-constants -Wno-conversion -Wno-constant-conversion -Wno-int-conversion -Wno-bool-conversion -Wno-enum-conversion -Wno-float-conversion -Wno-non-literal-null-conversion -Wno-objc-literal-conversion -Wshorten-64-to-32 -Wpointer-sign -Wno-newline-eof -Wno-selector -Wno-strict-selector-match -Wno-undeclared-selector -Wno-deprecated-implementations -Wno-implicit-fallthrough -fstrict-aliasing -Wprotocol -Wdeprecated-declarations -Wno-sign-conversion -Wno-infinite-recursion -Wno-comma -Wno-block-capture-autoreleasing -Wno-strict-prototypes -Wno-semicolon-before-method-body -index-store-path /Users/aleks/Library/Developer/Xcode/DerivedData/PlanItApp-gkehojshtcbfvhersqwajfujohau/Index.noindex/DataStore @/Users/aleks/Library/Developer/Xcode/DerivedData/PlanItApp-gkehojshtcbfvhersqwajfujohau/Build/Intermediates.noindex/gRPC.build/Debug-iphonesimulator/grpcppWrapper.build/Objects-normal/arm64/e6072d4f65d7061329687fe24e3d63a7-common-args.resp -include /Users/aleks/Library/Developer/Xcode/DerivedData/PlanItApp-gkehojshtcbfvhersqwajfujohau/Build/Intermediates.noindex/gRPC.build/Debug-iphonesimulator/grpcppWrapper.build/DerivedSources/resource_bundle_accessor.h -MMD -MT dependencies -MF /Users/aleks/Library/Developer/Xcode/DerivedData/PlanItApp-gkehojshtcbfvhersqwajfujohau/Build/Intermediates.noindex/gRPC.build/Debug-iphonesimulator/grpcppWrapper.build/Objects-normal/arm64/empty.d --serialize-diagnostics /Users/aleks/Library/Developer/Xcode/DerivedData/PlanItApp-gkehojshtcbfvhersqwajfujohau/Build/Intermediates.noindex/gRPC.build/Debug-iphonesimulator/grpcppWrapper.build/Objects-normal/arm64/empty.dia -c /Users/aleks/Library/Developer/Xcode/DerivedData/PlanItApp-gkehojshtcbfvhersqwajfujohau/SourcePackages/checkouts/grpc-binary/grpcpp-Wrapper/empty.m -o /Users/aleks/Library/Developer/Xcode/DerivedData/PlanItApp-gkehojshtcbfvhersqwajfujohau/Build/Intermediates.noindex/gRPC.build/Debug-iphonesimulator/grpcppWrapper.build/Objects-normal/arm64/empty.o -index-unit-output-path /gRPC.build/Debug-iphonesimulator/grpcppWrapper.build/Objects-normal/arm64/empty.o

ScanDependencies /Users/aleks/Library/Developer/Xcode/DerivedData/PlanItApp-gkehojshtcbfvhersqwajfujohau/Build/Intermediates.noindex/gRPC.build/Debug-iphonesimulator/grpcWrapper.build/Objects-normal/arm64/resource_bundle_accessor.o /Users/aleks/Library/Developer/Xcode/DerivedData/PlanItApp-gkehojshtcbfvhersqwajfujohau/Build/Intermediates.noindex/gRPC.build/Debug-iphonesimulator/grpcWrapper.build/DerivedSources/resource_bundle_accessor.m normal arm64 objective-c com.apple.compilers.llvm.clang.1_0.compiler (in target 'grpcWrapper' from project 'gRPC')
    cd /Users/aleks/Desktop/PlanItApp/PlanItApp.xcodeproj
    
    Using response file: /Users/aleks/Library/Developer/Xcode/DerivedData/PlanItApp-gkehojshtcbfvhersqwajfujohau/Build/Intermediates.noindex/gRPC.build/Debug-iphonesimulator/grpcWrapper.build/Objects-normal/arm64/e6072d4f65d7061329687fe24e3d63a7-common-args.resp
    
    builtin-ScanDependencies -o /Users/aleks/Library/Developer/Xcode/DerivedData/PlanItApp-gkehojshtcbfvhersqwajfujohau/Build/Intermediates.noindex/gRPC.build/Debug-iphonesimulator/grpcWrapper.build/Objects-normal/arm64/resource_bundle_accessor.o.scan -- /Applications/Xcode.app/Contents/Developer/Toolchains/XcodeDefault.xctoolchain/usr/bin/clang -x objective-c -ivfsstatcache /Users/aleks/Library/Developer/Xcode/DerivedData/SDKStatCaches.noindex/iphonesimulator18.5-22F76-d5fc8ad4295d2ef488fb7d0f804ce0c4.sdkstatcache -fmessage-length\=0 -fdiagnostics-show-note-include-stack -fmacro-backtrace-limit\=0 -fno-color-diagnostics -fmodules-prune-interval\=86400 -fmodules-prune-after\=345600 -fbuild-session-file\=/Users/aleks/Library/Developer/Xcode/DerivedData/ModuleCache.noindex/Session.modulevalidation -fmodules-validate-once-per-build-session -Wnon-modular-include-in-framework-module -Werror\=non-modular-include-in-framework-module -Wno-trigraphs -Wno-missing-field-initializers -Wno-missing-prototypes -Wno-return-type -Wno-implicit-atomic-properties -Wno-objc-interface-ivars -Wno-arc-repeated-use-of-weak -Wno-missing-braces -Wparentheses -Wswitch -Wno-unused-function -Wno-unused-label -Wno-unused-parameter -Wno-unused-variable -Wunused-value -Wno-empty-body -Wno-uninitialized -Wno-unknown-pragmas -w -Wno-shadow -Wno-four-char-constants -Wno-conversion -Wno-constant-conversion -Wno-int-conversion -Wno-bool-conversion -Wno-enum-conversion -Wno-float-conversion -Wno-non-literal-null-conversion -Wno-objc-literal-conversion -Wshorten-64-to-32 -Wpointer-sign -Wno-newline-eof -Wno-selector -Wno-strict-selector-match -Wno-undeclared-selector -Wno-deprecated-implementations -Wno-implicit-fallthrough -fstrict-aliasing -Wprotocol -Wdeprecated-declarations -Wno-sign-conversion -Wno-infinite-recursion -Wno-comma -Wno-block-capture-autoreleasing -Wno-strict-prototypes -Wno-semicolon-before-method-body -index-store-path /Users/aleks/Library/Developer/Xcode/DerivedData/PlanItApp-gkehojshtcbfvhersqwajfujohau/Index.noindex/DataStore @/Users/aleks/Library/Developer/Xcode/DerivedData/PlanItApp-gkehojshtcbfvhersqwajfujohau/Build/Intermediates.noindex/gRPC.build/Debug-iphonesimulator/grpcWrapper.build/Objects-normal/arm64/e6072d4f65d7061329687fe24e3d63a7-common-args.resp -include /Users/aleks/Library/Developer/Xcode/DerivedData/PlanItApp-gkehojshtcbfvhersqwajfujohau/Build/Intermediates.noindex/gRPC.build/Debug-iphonesimulator/grpcWrapper.build/DerivedSources/resource_bundle_accessor.h -MMD -MT dependencies -MF /Users/aleks/Library/Developer/Xcode/DerivedData/PlanItApp-gkehojshtcbfvhersqwajfujohau/Build/Intermediates.noindex/gRPC.build/Debug-iphonesimulator/grpcWrapper.build/Objects-normal/arm64/resource_bundle_accessor.d --serialize-diagnostics /Users/aleks/Library/Developer/Xcode/DerivedData/PlanItApp-gkehojshtcbfvhersqwajfujohau/Build/Intermediates.noindex/gRPC.build/Debug-iphonesimulator/grpcWrapper.build/Objects-normal/arm64/resource_bundle_accessor.dia -c /Users/aleks/Library/Developer/Xcode/DerivedData/PlanItApp-gkehojshtcbfvhersqwajfujohau/Build/Intermediates.noindex/gRPC.build/Debug-iphonesimulator/grpcWrapper.build/DerivedSources/resource_bundle_accessor.m -o /Users/aleks/Library/Developer/Xcode/DerivedData/PlanItApp-gkehojshtcbfvhersqwajfujohau/Build/Intermediates.noindex/gRPC.build/Debug-iphonesimulator/grpcWrapper.build/Objects-normal/arm64/resource_bundle_accessor.o -index-unit-output-path /gRPC.build/Debug-iphonesimulator/grpcWrapper.build/Objects-normal/arm64/resource_bundle_accessor.o

PrecompileModule /Users/aleks/Library/Developer/Xcode/DerivedData/PlanItApp-gkehojshtcbfvhersqwajfujohau/Build/Intermediates.noindex/ExplicitPrecompiledModules/Darwin-VE01GJS83LRYXJZNABJN8VHZ.scan
    cd /Users/aleks/Desktop/PlanItApp/PlanItApp.xcodeproj
    builtin-precompileModule /Users/aleks/Library/Developer/Xcode/DerivedData/PlanItApp-gkehojshtcbfvhersqwajfujohau/Build/Intermediates.noindex/ExplicitPrecompiledModules/Darwin-VE01GJS83LRYXJZNABJN8VHZ.scan

ScanDependencies /Users/aleks/Library/Developer/Xcode/DerivedData/PlanItApp-gkehojshtcbfvhersqwajfujohau/Build/Intermediates.noindex/gRPC.build/Debug-iphonesimulator/grpcWrapper.build/Objects-normal/arm64/empty.o /Users/aleks/Library/Developer/Xcode/DerivedData/PlanItApp-gkehojshtcbfvhersqwajfujohau/SourcePackages/checkouts/grpc-binary/grpc-Wrapper/empty.m normal arm64 objective-c com.apple.compilers.llvm.clang.1_0.compiler (in target 'grpcWrapper' from project 'gRPC')
    cd /Users/aleks/Desktop/PlanItApp/PlanItApp.xcodeproj
    
    Using response file: /Users/aleks/Library/Developer/Xcode/DerivedData/PlanItApp-gkehojshtcbfvhersqwajfujohau/Build/Intermediates.noindex/gRPC.build/Debug-iphonesimulator/grpcWrapper.build/Objects-normal/arm64/e6072d4f65d7061329687fe24e3d63a7-common-args.resp
    
    builtin-ScanDependencies -o /Users/aleks/Library/Developer/Xcode/DerivedData/PlanItApp-gkehojshtcbfvhersqwajfujohau/Build/Intermediates.noindex/gRPC.build/Debug-iphonesimulator/grpcWrapper.build/Objects-normal/arm64/empty.o.scan -- /Applications/Xcode.app/Contents/Developer/Toolchains/XcodeDefault.xctoolchain/usr/bin/clang -x objective-c -ivfsstatcache /Users/aleks/Library/Developer/Xcode/DerivedData/SDKStatCaches.noindex/iphonesimulator18.5-22F76-d5fc8ad4295d2ef488fb7d0f804ce0c4.sdkstatcache -fmessage-length\=0 -fdiagnostics-show-note-include-stack -fmacro-backtrace-limit\=0 -fno-color-diagnostics -fmodules-prune-interval\=86400 -fmodules-prune-after\=345600 -fbuild-session-file\=/Users/aleks/Library/Developer/Xcode/DerivedData/ModuleCache.noindex/Session.modulevalidation -fmodules-validate-once-per-build-session -Wnon-modular-include-in-framework-module -Werror\=non-modular-include-in-framework-module -Wno-trigraphs -Wno-missing-field-initializers -Wno-missing-prototypes -Wno-return-type -Wno-implicit-atomic-properties -Wno-objc-interface-ivars -Wno-arc-repeated-use-of-weak -Wno-missing-braces -Wparentheses -Wswitch -Wno-unused-function -Wno-unused-label -Wno-unused-parameter -Wno-unused-variable -Wunused-value -Wno-empty-body -Wno-uninitialized -Wno-unknown-pragmas -w -Wno-shadow -Wno-four-char-constants -Wno-conversion -Wno-constant-conversion -Wno-int-conversion -Wno-bool-conversion -Wno-enum-conversion -Wno-float-conversion -Wno-non-literal-null-conversion -Wno-objc-literal-conversion -Wshorten-64-to-32 -Wpointer-sign -Wno-newline-eof -Wno-selector -Wno-strict-selector-match -Wno-undeclared-selector -Wno-deprecated-implementations -Wno-implicit-fallthrough -fstrict-aliasing -Wprotocol -Wdeprecated-declarations -Wno-sign-conversion -Wno-infinite-recursion -Wno-comma -Wno-block-capture-autoreleasing -Wno-strict-prototypes -Wno-semicolon-before-method-body -index-store-path /Users/aleks/Library/Developer/Xcode/DerivedData/PlanItApp-gkehojshtcbfvhersqwajfujohau/Index.noindex/DataStore @/Users/aleks/Library/Developer/Xcode/DerivedData/PlanItApp-gkehojshtcbfvhersqwajfujohau/Build/Intermediates.noindex/gRPC.build/Debug-iphonesimulator/grpcWrapper.build/Objects-normal/arm64/e6072d4f65d7061329687fe24e3d63a7-common-args.resp -include /Users/aleks/Library/Developer/Xcode/DerivedData/PlanItApp-gkehojshtcbfvhersqwajfujohau/Build/Intermediates.noindex/gRPC.build/Debug-iphonesimulator/grpcWrapper.build/DerivedSources/resource_bundle_accessor.h -MMD -MT dependencies -MF /Users/aleks/Library/Developer/Xcode/DerivedData/PlanItApp-gkehojshtcbfvhersqwajfujohau/Build/Intermediates.noindex/gRPC.build/Debug-iphonesimulator/grpcWrapper.build/Objects-normal/arm64/empty.d --serialize-diagnostics /Users/aleks/Library/Developer/Xcode/DerivedData/PlanItApp-gkehojshtcbfvhersqwajfujohau/Build/Intermediates.noindex/gRPC.build/Debug-iphonesimulator/grpcWrapper.build/Objects-normal/arm64/empty.dia -c /Users/aleks/Library/Developer/Xcode/DerivedData/PlanItApp-gkehojshtcbfvhersqwajfujohau/SourcePackages/checkouts/grpc-binary/grpc-Wrapper/empty.m -o /Users/aleks/Library/Developer/Xcode/DerivedData/PlanItApp-gkehojshtcbfvhersqwajfujohau/Build/Intermediates.noindex/gRPC.build/Debug-iphonesimulator/grpcWrapper.build/Objects-normal/arm64/empty.o -index-unit-output-path /gRPC.build/Debug-iphonesimulator/grpcWrapper.build/Objects-normal/arm64/empty.o

Touch /Users/aleks/Library/Developer/Xcode/DerivedData/PlanItApp-gkehojshtcbfvhersqwajfujohau/Build/Products/Debug-iphonesimulator/AppAuth_AppAuth.bundle (in target 'AppAuth_AppAuth' from project 'AppAuth')
    cd /Users/aleks/Library/Developer/Xcode/DerivedData/PlanItApp-gkehojshtcbfvhersqwajfujohau/SourcePackages/checkouts/AppAuth-iOS
    /usr/bin/touch -c /Users/aleks/Library/Developer/Xcode/DerivedData/PlanItApp-gkehojshtcbfvhersqwajfujohau/Build/Products/Debug-iphonesimulator/AppAuth_AppAuth.bundle

CompileC /Users/aleks/Library/Developer/Xcode/DerivedData/PlanItApp-gkehojshtcbfvhersqwajfujohau/Build/Intermediates.noindex/gRPC.build/Debug-iphonesimulator/grpcppWrapper.build/Objects-normal/arm64/resource_bundle_accessor.o /Users/aleks/Library/Developer/Xcode/DerivedData/PlanItApp-gkehojshtcbfvhersqwajfujohau/Build/Intermediates.noindex/gRPC.build/Debug-iphonesimulator/grpcppWrapper.build/DerivedSources/resource_bundle_accessor.m normal arm64 objective-c com.apple.compilers.llvm.clang.1_0.compiler (in target 'grpcppWrapper' from project 'gRPC')
    cd /Users/aleks/Desktop/PlanItApp/PlanItApp.xcodeproj
    
    Using response file: /Users/aleks/Library/Developer/Xcode/DerivedData/PlanItApp-gkehojshtcbfvhersqwajfujohau/Build/Intermediates.noindex/gRPC.build/Debug-iphonesimulator/grpcppWrapper.build/Objects-normal/arm64/e6072d4f65d7061329687fe24e3d63a7-common-args.resp
    
    /Applications/Xcode.app/Contents/Developer/Toolchains/XcodeDefault.xctoolchain/usr/bin/clang -x objective-c -ivfsstatcache /Users/aleks/Library/Developer/Xcode/DerivedData/SDKStatCaches.noindex/iphonesimulator18.5-22F76-d5fc8ad4295d2ef488fb7d0f804ce0c4.sdkstatcache -fmessage-length\=0 -fdiagnostics-show-note-include-stack -fmacro-backtrace-limit\=0 -fno-color-diagnostics -fmodules-prune-interval\=86400 -fmodules-prune-after\=345600 -fbuild-session-file\=/Users/aleks/Library/Developer/Xcode/DerivedData/ModuleCache.noindex/Session.modulevalidation -fmodules-validate-once-per-build-session -Wnon-modular-include-in-framework-module -Werror\=non-modular-include-in-framework-module -Wno-trigraphs -Wno-missing-field-initializers -Wno-missing-prototypes -Wno-return-type -Wno-implicit-atomic-properties -Wno-objc-interface-ivars -Wno-arc-repeated-use-of-weak -Wno-missing-braces -Wparentheses -Wswitch -Wno-unused-function -Wno-unused-label -Wno-unused-parameter -Wno-unused-variable -Wunused-value -Wno-empty-body -Wno-uninitialized -Wno-unknown-pragmas -w -Wno-shadow -Wno-four-char-constants -Wno-conversion -Wno-constant-conversion -Wno-int-conversion -Wno-bool-conversion -Wno-enum-conversion -Wno-float-conversion -Wno-non-literal-null-conversion -Wno-objc-literal-conversion -Wshorten-64-to-32 -Wpointer-sign -Wno-newline-eof -Wno-selector -Wno-strict-selector-match -Wno-undeclared-selector -Wno-deprecated-implementations -Wno-implicit-fallthrough -fstrict-aliasing -Wprotocol -Wdeprecated-declarations -Wno-sign-conversion -Wno-infinite-recursion -Wno-comma -Wno-block-capture-autoreleasing -Wno-strict-prototypes -Wno-semicolon-before-method-body -index-store-path /Users/aleks/Library/Developer/Xcode/DerivedData/PlanItApp-gkehojshtcbfvhersqwajfujohau/Index.noindex/DataStore @/Users/aleks/Library/Developer/Xcode/DerivedData/PlanItApp-gkehojshtcbfvhersqwajfujohau/Build/Intermediates.noindex/gRPC.build/Debug-iphonesimulator/grpcppWrapper.build/Objects-normal/arm64/e6072d4f65d7061329687fe24e3d63a7-common-args.resp -include /Users/aleks/Library/Developer/Xcode/DerivedData/PlanItApp-gkehojshtcbfvhersqwajfujohau/Build/Intermediates.noindex/gRPC.build/Debug-iphonesimulator/grpcppWrapper.build/DerivedSources/resource_bundle_accessor.h -MMD -MT dependencies -MF /Users/aleks/Library/Developer/Xcode/DerivedData/PlanItApp-gkehojshtcbfvhersqwajfujohau/Build/Intermediates.noindex/gRPC.build/Debug-iphonesimulator/grpcppWrapper.build/Objects-normal/arm64/resource_bundle_accessor.d --serialize-diagnostics /Users/aleks/Library/Developer/Xcode/DerivedData/PlanItApp-gkehojshtcbfvhersqwajfujohau/Build/Intermediates.noindex/gRPC.build/Debug-iphonesimulator/grpcppWrapper.build/Objects-normal/arm64/resource_bundle_accessor.dia -c /Users/aleks/Library/Developer/Xcode/DerivedData/PlanItApp-gkehojshtcbfvhersqwajfujohau/Build/Intermediates.noindex/gRPC.build/Debug-iphonesimulator/grpcppWrapper.build/DerivedSources/resource_bundle_accessor.m -o /Users/aleks/Library/Developer/Xcode/DerivedData/PlanItApp-gkehojshtcbfvhersqwajfujohau/Build/Intermediates.noindex/gRPC.build/Debug-iphonesimulator/grpcppWrapper.build/Objects-normal/arm64/resource_bundle_accessor.o -index-unit-output-path /gRPC.build/Debug-iphonesimulator/grpcppWrapper.build/Objects-normal/arm64/resource_bundle_accessor.o

Ld /Users/aleks/Library/Developer/Xcode/DerivedData/PlanItApp-gkehojshtcbfvhersqwajfujohau/Build/Products/Debug-iphonesimulator/GoogleUtilities-Environment.o normal (in target 'GoogleUtilities-Environment' from project 'GoogleUtilities')
    cd /Users/aleks/Library/Developer/Xcode/DerivedData/PlanItApp-gkehojshtcbfvhersqwajfujohau/SourcePackages/checkouts/GoogleUtilities
    /Applications/Xcode.app/Contents/Developer/Toolchains/XcodeDefault.xctoolchain/usr/bin/clang -Xlinker -reproducible -target arm64-apple-ios12.0-simulator -r -isysroot /Applications/Xcode.app/Contents/Developer/Platforms/iPhoneSimulator.platform/Developer/SDKs/iPhoneSimulator18.5.sdk -O0 -w -L/Users/aleks/Library/Developer/Xcode/DerivedData/PlanItApp-gkehojshtcbfvhersqwajfujohau/Build/Intermediates.noindex/EagerLinkingTBDs/Debug-iphonesimulator -L/Users/aleks/Library/Developer/Xcode/DerivedData/PlanItApp-gkehojshtcbfvhersqwajfujohau/Build/Products/Debug-iphonesimulator -L/Applications/Xcode.app/Contents/Developer/Platforms/iPhoneSimulator.platform/Developer/usr/lib -F/Users/aleks/Library/Developer/Xcode/DerivedData/PlanItApp-gkehojshtcbfvhersqwajfujohau/Build/Intermediates.noindex/EagerLinkingTBDs/Debug-iphonesimulator -F/Users/aleks/Library/Developer/Xcode/DerivedData/PlanItApp-gkehojshtcbfvhersqwajfujohau/Build/Products/Debug-iphonesimulator/PackageFrameworks -F/Users/aleks/Library/Developer/Xcode/DerivedData/PlanItApp-gkehojshtcbfvhersqwajfujohau/Build/Products/Debug-iphonesimulator -iframework /Applications/Xcode.app/Contents/Developer/Platforms/iPhoneSimulator.platform/Developer/Library/Frameworks -iframework /Applications/Xcode.app/Contents/Developer/Platforms/iPhoneSimulator.platform/Developer/SDKs/iPhoneSimulator18.5.sdk/Developer/Library/Frameworks -filelist /Users/aleks/Library/Developer/Xcode/DerivedData/PlanItApp-gkehojshtcbfvhersqwajfujohau/Build/Intermediates.noindex/GoogleUtilities.build/Debug-iphonesimulator/GoogleUtilities-Environment.build/Objects-normal/arm64/GoogleUtilities-Environment.LinkFileList -nostdlib -Xlinker -object_path_lto -Xlinker /Users/aleks/Library/Developer/Xcode/DerivedData/PlanItApp-gkehojshtcbfvhersqwajfujohau/Build/Intermediates.noindex/GoogleUtilities.build/Debug-iphonesimulator/GoogleUtilities-Environment.build/Objects-normal/arm64/GoogleUtilities-Environment_lto.o -rdynamic -Xlinker -no_deduplicate -Xlinker -objc_abi_version -Xlinker 2 -Xlinker -debug_variant -Xlinker -dependency_info -Xlinker /Users/aleks/Library/Developer/Xcode/DerivedData/PlanItApp-gkehojshtcbfvhersqwajfujohau/Build/Intermediates.noindex/GoogleUtilities.build/Debug-iphonesimulator/GoogleUtilities-Environment.build/Objects-normal/arm64/GoogleUtilities-Environment_dependency_info.dat -fobjc-arc -fobjc-link-runtime -o /Users/aleks/Library/Developer/Xcode/DerivedData/PlanItApp-gkehojshtcbfvhersqwajfujohau/Build/Products/Debug-iphonesimulator/GoogleUtilities-Environment.o

Ld /Users/aleks/Library/Developer/Xcode/DerivedData/PlanItApp-gkehojshtcbfvhersqwajfujohau/Build/Products/Debug-iphonesimulator/GTMSessionFetcherCore.o normal (in target 'GTMSessionFetcherCore' from project 'GTMSessionFetcher')
    cd /Users/aleks/Library/Developer/Xcode/DerivedData/PlanItApp-gkehojshtcbfvhersqwajfujohau/SourcePackages/checkouts/gtm-session-fetcher
    /Applications/Xcode.app/Contents/Developer/Toolchains/XcodeDefault.xctoolchain/usr/bin/clang -Xlinker -reproducible -target arm64-apple-ios12.0-simulator -r -isysroot /Applications/Xcode.app/Contents/Developer/Platforms/iPhoneSimulator.platform/Developer/SDKs/iPhoneSimulator18.5.sdk -O0 -w -L/Users/aleks/Library/Developer/Xcode/DerivedData/PlanItApp-gkehojshtcbfvhersqwajfujohau/Build/Intermediates.noindex/EagerLinkingTBDs/Debug-iphonesimulator -L/Users/aleks/Library/Developer/Xcode/DerivedData/PlanItApp-gkehojshtcbfvhersqwajfujohau/Build/Products/Debug-iphonesimulator -L/Applications/Xcode.app/Contents/Developer/Platforms/iPhoneSimulator.platform/Developer/usr/lib -F/Users/aleks/Library/Developer/Xcode/DerivedData/PlanItApp-gkehojshtcbfvhersqwajfujohau/Build/Intermediates.noindex/EagerLinkingTBDs/Debug-iphonesimulator -F/Users/aleks/Library/Developer/Xcode/DerivedData/PlanItApp-gkehojshtcbfvhersqwajfujohau/Build/Products/Debug-iphonesimulator -iframework /Applications/Xcode.app/Contents/Developer/Platforms/iPhoneSimulator.platform/Developer/Library/Frameworks -iframework /Applications/Xcode.app/Contents/Developer/Platforms/iPhoneSimulator.platform/Developer/SDKs/iPhoneSimulator18.5.sdk/Developer/Library/Frameworks -filelist /Users/aleks/Library/Developer/Xcode/DerivedData/PlanItApp-gkehojshtcbfvhersqwajfujohau/Build/Intermediates.noindex/GTMSessionFetcher.build/Debug-iphonesimulator/GTMSessionFetcherCore.build/Objects-normal/arm64/GTMSessionFetcherCore.LinkFileList -nostdlib -Xlinker -object_path_lto -Xlinker /Users/aleks/Library/Developer/Xcode/DerivedData/PlanItApp-gkehojshtcbfvhersqwajfujohau/Build/Intermediates.noindex/GTMSessionFetcher.build/Debug-iphonesimulator/GTMSessionFetcherCore.build/Objects-normal/arm64/GTMSessionFetcherCore_lto.o -rdynamic -Xlinker -no_deduplicate -Xlinker -objc_abi_version -Xlinker 2 -Xlinker -debug_variant -Xlinker -dependency_info -Xlinker /Users/aleks/Library/Developer/Xcode/DerivedData/PlanItApp-gkehojshtcbfvhersqwajfujohau/Build/Intermediates.noindex/GTMSessionFetcher.build/Debug-iphonesimulator/GTMSessionFetcherCore.build/Objects-normal/arm64/GTMSessionFetcherCore_dependency_info.dat -fobjc-arc -fobjc-link-runtime -o /Users/aleks/Library/Developer/Xcode/DerivedData/PlanItApp-gkehojshtcbfvhersqwajfujohau/Build/Products/Debug-iphonesimulator/GTMSessionFetcherCore.o

SwiftDriver FirebaseFirestore normal arm64 com.apple.xcode.tools.swift.compiler (in target 'FirebaseFirestore' from project 'Firebase')
    cd /Users/aleks/Desktop/PlanItApp/PlanItApp.xcodeproj
    builtin-SwiftDriver -- /Applications/Xcode.app/Contents/Developer/Toolchains/XcodeDefault.xctoolchain/usr/bin/swiftc -module-name FirebaseFirestore -Onone -enforce-exclusivity\=checked @/Users/aleks/Library/Developer/Xcode/DerivedData/PlanItApp-gkehojshtcbfvhersqwajfujohau/Build/Intermediates.noindex/Firebase.build/Debug-iphonesimulator/FirebaseFirestore.build/Objects-normal/arm64/FirebaseFirestore.SwiftFileList -DSWIFT_PACKAGE -DDEBUG -Xcc -fmodule-map-file\=/Users/aleks/Library/Developer/Xcode/DerivedData/PlanItApp-gkehojshtcbfvhersqwajfujohau/Build/Intermediates.noindex/GeneratedModuleMaps-iphonesimulator/GoogleUtilities-NSData.modulemap -Xcc -fmodule-map-file\=/Users/aleks/Library/Developer/Xcode/DerivedData/PlanItApp-gkehojshtcbfvhersqwajfujohau/Build/Intermediates.noindex/GeneratedModuleMaps-iphonesimulator/GoogleUtilities-Environment.modulemap -Xcc -fmodule-map-file\=/Users/aleks/Library/Developer/Xcode/DerivedData/PlanItApp-gkehojshtcbfvhersqwajfujohau/Build/Intermediates.noindex/GeneratedModuleMaps-iphonesimulator/third-party-IsAppEncrypted.modulemap -Xcc -fmodule-map-file\=/Users/aleks/Library/Developer/Xcode/DerivedData/PlanItApp-gkehojshtcbfvhersqwajfujohau/Build/Intermediates.noindex/GeneratedModuleMaps-iphonesimulator/GoogleUtilities-Logger.modulemap -Xcc -fmodule-map-file\=/Users/aleks/Library/Developer/Xcode/DerivedData/PlanItApp-gkehojshtcbfvhersqwajfujohau/Build/Intermediates.noindex/GeneratedModuleMaps-iphonesimulator/abslWrapper.modulemap -Xcc -fmodule-map-file\=/Users/aleks/Library/Developer/Xcode/DerivedData/PlanItApp-gkehojshtcbfvhersqwajfujohau/Build/Intermediates.noindex/GeneratedModuleMaps-iphonesimulator/opensslWrapper.modulemap -Xcc -fmodule-map-file\=/Users/aleks/Library/Developer/Xcode/DerivedData/PlanItApp-gkehojshtcbfvhersqwajfujohau/Build/Intermediates.noindex/GeneratedModuleMaps-iphonesimulator/grpcWrapper.modulemap -Xcc -fmodule-map-file\=/Users/aleks/Library/Developer/Xcode/DerivedData/PlanItApp-gkehojshtcbfvhersqwajfujohau/Build/Intermediates.noindex/GeneratedModuleMaps-iphonesimulator/grpcppWrapper.modulemap -Xcc -fmodule-map-file\=/Users/aleks/Library/Developer/Xcode/DerivedData/PlanItApp-gkehojshtcbfvhersqwajfujohau/Build/Intermediates.noindex/GeneratedModuleMaps-iphonesimulator/nanopb.modulemap -Xcc -fmodule-map-file\=/Users/aleks/Library/Developer/Xcode/DerivedData/PlanItApp-gkehojshtcbfvhersqwajfujohau/Build/Intermediates.noindex/GeneratedModuleMaps-iphonesimulator/leveldb.modulemap -Xcc -fmodule-map-file\=/Users/aleks/Library/Developer/Xcode/DerivedData/PlanItApp-gkehojshtcbfvhersqwajfujohau/Build/Intermediates.noindex/GeneratedModuleMaps-iphonesimulator/FirebaseCoreExtension.modulemap -Xcc -fmodule-map-file\=/Users/aleks/Library/Developer/Xcode/DerivedData/PlanItApp-gkehojshtcbfvhersqwajfujohau/Build/Intermediates.noindex/GeneratedModuleMaps-iphonesimulator/FirebaseCore.modulemap -Xcc -fmodule-map-file\=/Users/aleks/Library/Developer/Xcode/DerivedData/PlanItApp-gkehojshtcbfvhersqwajfujohau/Build/Intermediates.noindex/GeneratedModuleMaps-iphonesimulator/FirebaseAppCheckInterop.modulemap -Xcc -fmodule-map-file\=/Users/aleks/Library/Developer/Xcode/DerivedData/PlanItApp-gkehojshtcbfvhersqwajfujohau/Build/Intermediates.noindex/GeneratedModuleMaps-iphonesimulator/FirebaseFirestoreInternalWrapper.modulemap -DXcode -plugin-path /Applications/Xcode.app/Contents/Developer/Toolchains/XcodeDefault.xctoolchain/usr/lib/swift/host/plugins/testing -enable-experimental-feature DebugDescriptionMacro -sdk /Applications/Xcode.app/Contents/Developer/Platforms/iPhoneSimulator.platform/Developer/SDKs/iPhoneSimulator18.5.sdk -target arm64-apple-ios12.0-simulator -g -module-cache-path /Users/aleks/Library/Developer/Xcode/DerivedData/ModuleCache.noindex -Xfrontend -serialize-debugging-options -profile-coverage-mapping -profile-generate -enable-testing -suppress-warnings -index-store-path /Users/aleks/Library/Developer/Xcode/DerivedData/PlanItApp-gkehojshtcbfvhersqwajfujohau/Index.noindex/DataStore -swift-version 5 -I /Users/aleks/Library/Developer/Xcode/DerivedData/PlanItApp-gkehojshtcbfvhersqwajfujohau/Build/Products/Debug-iphonesimulator -I /Applications/Xcode.app/Contents/Developer/Platforms/iPhoneSimulator.platform/Developer/usr/lib -F /Users/aleks/Library/Developer/Xcode/DerivedData/PlanItApp-gkehojshtcbfvhersqwajfujohau/Build/Products/Debug-iphonesimulator/PackageFrameworks -F /Users/aleks/Library/Developer/Xcode/DerivedData/PlanItApp-gkehojshtcbfvhersqwajfujohau/Build/Products/Debug-iphonesimulator/PackageFrameworks -F /Users/aleks/Library/Developer/Xcode/DerivedData/PlanItApp-gkehojshtcbfvhersqwajfujohau/Build/Products/Debug-iphonesimulator/PackageFrameworks -F /Users/aleks/Library/Developer/Xcode/DerivedData/PlanItApp-gkehojshtcbfvhersqwajfujohau/Build/Products/Debug-iphonesimulator/PackageFrameworks -F /Users/aleks/Library/Developer/Xcode/DerivedData/PlanItApp-gkehojshtcbfvhersqwajfujohau/Build/Products/Debug-iphonesimulator/PackageFrameworks -F /Users/aleks/Library/Developer/Xcode/DerivedData/PlanItApp-gkehojshtcbfvhersqwajfujohau/Build/Products/Debug-iphonesimulator/PackageFrameworks -F /Users/aleks/Library/Developer/Xcode/DerivedData/PlanItApp-gkehojshtcbfvhersqwajfujohau/Build/Products/Debug-iphonesimulator/PackageFrameworks -F /Users/aleks/Library/Developer/Xcode/DerivedData/PlanItApp-gkehojshtcbfvhersqwajfujohau/Build/Products/Debug-iphonesimulator/PackageFrameworks -F /Users/aleks/Library/Developer/Xcode/DerivedData/PlanItApp-gkehojshtcbfvhersqwajfujohau/Build/Products/Debug-iphonesimulator/PackageFrameworks -F /Users/aleks/Library/Developer/Xcode/DerivedData/PlanItApp-gkehojshtcbfvhersqwajfujohau/Build/Products/Debug-iphonesimulator/PackageFrameworks -F /Users/aleks/Library/Developer/Xcode/DerivedData/PlanItApp-gkehojshtcbfvhersqwajfujohau/Build/Products/Debug-iphonesimulator/PackageFrameworks -F /Users/aleks/Library/Developer/Xcode/DerivedData/PlanItApp-gkehojshtcbfvhersqwajfujohau/Build/Products/Debug-iphonesimulator/PackageFrameworks -F /Users/aleks/Library/Developer/Xcode/DerivedData/PlanItApp-gkehojshtcbfvhersqwajfujohau/Build/Products/Debug-iphonesimulator/PackageFrameworks -F /Users/aleks/Library/Developer/Xcode/DerivedData/PlanItApp-gkehojshtcbfvhersqwajfujohau/Build/Products/Debug-iphonesimulator/PackageFrameworks -F /Users/aleks/Library/Developer/Xcode/DerivedData/PlanItApp-gkehojshtcbfvhersqwajfujohau/Build/Products/Debug-iphonesimulator/PackageFrameworks -F /Users/aleks/Library/Developer/Xcode/DerivedData/PlanItApp-gkehojshtcbfvhersqwajfujohau/Build/Products/Debug-iphonesimulator/PackageFrameworks -F /Users/aleks/Library/Developer/Xcode/DerivedData/PlanItApp-gkehojshtcbfvhersqwajfujohau/Build/Products/Debug-iphonesimulator/PackageFrameworks -F /Users/aleks/Library/Developer/Xcode/DerivedData/PlanItApp-gkehojshtcbfvhersqwajfujohau/Build/Products/Debug-iphonesimulator -F /Applications/Xcode.app/Contents/Developer/Platforms/iPhoneSimulator.platform/Developer/Library/Frameworks -F /Applications/Xcode.app/Contents/Developer/Platforms/iPhoneSimulator.platform/Developer/SDKs/iPhoneSimulator18.5.sdk/Developer/Library/Frameworks -c -j10 -enable-batch-mode -incremental -Xcc -ivfsstatcache -Xcc /Users/aleks/Library/Developer/Xcode/DerivedData/SDKStatCaches.noindex/iphonesimulator18.5-22F76-d5fc8ad4295d2ef488fb7d0f804ce0c4.sdkstatcache -output-file-map /Users/aleks/Library/Developer/Xcode/DerivedData/PlanItApp-gkehojshtcbfvhersqwajfujohau/Build/Intermediates.noindex/Firebase.build/Debug-iphonesimulator/FirebaseFirestore.build/Objects-normal/arm64/FirebaseFirestore-OutputFileMap.json -use-frontend-parseable-output -save-temps -no-color-diagnostics -serialize-diagnostics -emit-dependencies -emit-module -emit-module-path /Users/aleks/Library/Developer/Xcode/DerivedData/PlanItApp-gkehojshtcbfvhersqwajfujohau/Build/Intermediates.noindex/Firebase.build/Debug-iphonesimulator/FirebaseFirestore.build/Objects-normal/arm64/FirebaseFirestore.swiftmodule -validate-clang-modules-once -clang-build-session-file /Users/aleks/Library/Developer/Xcode/DerivedData/ModuleCache.noindex/Session.modulevalidation -package-name firebase_ios_sdk -Xcc -I/Users/aleks/Library/Developer/Xcode/DerivedData/PlanItApp-gkehojshtcbfvhersqwajfujohau/Build/Intermediates.noindex/Firebase.build/Debug-iphonesimulator/FirebaseFirestore.build/swift-overrides.hmap -emit-const-values -Xfrontend -const-gather-protocols-file -Xfrontend /Users/aleks/Library/Developer/Xcode/DerivedData/PlanItApp-gkehojshtcbfvhersqwajfujohau/Build/Intermediates.noindex/Firebase.build/Debug-iphonesimulator/FirebaseFirestore.build/Objects-normal/arm64/FirebaseFirestore_const_extract_protocols.json -Xcc -I/Users/aleks/Library/Developer/Xcode/DerivedData/PlanItApp-gkehojshtcbfvhersqwajfujohau/SourcePackages/checkouts/GoogleUtilities/GoogleUtilities/NSData+zlib/Public -Xcc -I/Users/aleks/Library/Developer/Xcode/DerivedData/PlanItApp-gkehojshtcbfvhersqwajfujohau/SourcePackages/checkouts/GoogleUtilities/GoogleUtilities/Environment/Public -Xcc -I/Users/aleks/Library/Developer/Xcode/DerivedData/PlanItApp-gkehojshtcbfvhersqwajfujohau/SourcePackages/checkouts/GoogleUtilities/third_party/IsAppEncrypted/Public -Xcc -I/Users/aleks/Library/Developer/Xcode/DerivedData/PlanItApp-gkehojshtcbfvhersqwajfujohau/SourcePackages/checkouts/GoogleUtilities/GoogleUtilities/Logger/Public -Xcc -I/Users/aleks/Library/Developer/Xcode/DerivedData/PlanItApp-gkehojshtcbfvhersqwajfujohau/SourcePackages/checkouts/abseil-cpp-binary/absl-Wrapper/include -Xcc -I/Users/aleks/Library/Developer/Xcode/DerivedData/PlanItApp-gkehojshtcbfvhersqwajfujohau/SourcePackages/checkouts/grpc-binary/openssl-grpc-Wrapper/include -Xcc -I/Users/aleks/Library/Developer/Xcode/DerivedData/PlanItApp-gkehojshtcbfvhersqwajfujohau/SourcePackages/checkouts/grpc-binary/grpc-Wrapper/include -Xcc -I/Users/aleks/Library/Developer/Xcode/DerivedData/PlanItApp-gkehojshtcbfvhersqwajfujohau/SourcePackages/checkouts/grpc-binary/grpcpp-Wrapper/include -Xcc -I/Users/aleks/Library/Developer/Xcode/DerivedData/PlanItApp-gkehojshtcbfvhersqwajfujohau/SourcePackages/checkouts/nanopb/spm_headers -Xcc -I/Users/aleks/Library/Developer/Xcode/DerivedData/PlanItApp-gkehojshtcbfvhersqwajfujohau/SourcePackages/checkouts/leveldb/include -Xcc -I/Users/aleks/Library/Developer/Xcode/DerivedData/PlanItApp-gkehojshtcbfvhersqwajfujohau/SourcePackages/checkouts/firebase-ios-sdk/FirebaseCore/Extension -Xcc -I/Users/aleks/Library/Developer/Xcode/DerivedData/PlanItApp-gkehojshtcbfvhersqwajfujohau/SourcePackages/checkouts/firebase-ios-sdk/FirebaseCore/Sources/Public -Xcc -I/Users/aleks/Library/Developer/Xcode/DerivedData/PlanItApp-gkehojshtcbfvhersqwajfujohau/SourcePackages/checkouts/firebase-ios-sdk/CoreOnly/Sources -Xcc -I/Users/aleks/Library/Developer/Xcode/DerivedData/PlanItApp-gkehojshtcbfvhersqwajfujohau/SourcePackages/checkouts/firebase-ios-sdk/FirebaseAppCheck/Interop/Public -Xcc -I/Users/aleks/Library/Developer/Xcode/DerivedData/PlanItApp-gkehojshtcbfvhersqwajfujohau/SourcePackages/checkouts/firebase-ios-sdk/FirebaseFirestoreInternal -Xcc -I/Users/aleks/Library/Developer/Xcode/DerivedData/PlanItApp-gkehojshtcbfvhersqwajfujohau/Build/Products/Debug-iphonesimulator/include -Xcc -I/Users/aleks/Library/Developer/Xcode/DerivedData/PlanItApp-gkehojshtcbfvhersqwajfujohau/Build/Intermediates.noindex/Firebase.build/Debug-iphonesimulator/FirebaseFirestore.build/DerivedSources-normal/arm64 -Xcc -I/Users/aleks/Library/Developer/Xcode/DerivedData/PlanItApp-gkehojshtcbfvhersqwajfujohau/Build/Intermediates.noindex/Firebase.build/Debug-iphonesimulator/FirebaseFirestore.build/DerivedSources/arm64 -Xcc -I/Users/aleks/Library/Developer/Xcode/DerivedData/PlanItApp-gkehojshtcbfvhersqwajfujohau/Build/Intermediates.noindex/Firebase.build/Debug-iphonesimulator/FirebaseFirestore.build/DerivedSources -Xcc -DSWIFT_PACKAGE -Xcc -DDEBUG\=1 -emit-objc-header -emit-objc-header-path /Users/aleks/Library/Developer/Xcode/DerivedData/PlanItApp-gkehojshtcbfvhersqwajfujohau/Build/Intermediates.noindex/Firebase.build/Debug-iphonesimulator/FirebaseFirestore.build/Objects-normal/arm64/FirebaseFirestore-Swift.h -working-directory /Users/aleks/Desktop/PlanItApp/PlanItApp.xcodeproj -experimental-emit-module-separately -disable-cmo

Ld /Users/aleks/Library/Developer/Xcode/DerivedData/PlanItApp-gkehojshtcbfvhersqwajfujohau/Build/Products/Debug-iphonesimulator/FirebaseCoreExtension.o normal (in target 'FirebaseCoreExtension' from project 'Firebase')
    cd /Users/aleks/Library/Developer/Xcode/DerivedData/PlanItApp-gkehojshtcbfvhersqwajfujohau/SourcePackages/checkouts/firebase-ios-sdk
    /Applications/Xcode.app/Contents/Developer/Toolchains/XcodeDefault.xctoolchain/usr/bin/clang -Xlinker -reproducible -target arm64-apple-ios12.0-simulator -r -isysroot /Applications/Xcode.app/Contents/Developer/Platforms/iPhoneSimulator.platform/Developer/SDKs/iPhoneSimulator18.5.sdk -O0 -w -L/Users/aleks/Library/Developer/Xcode/DerivedData/PlanItApp-gkehojshtcbfvhersqwajfujohau/Build/Intermediates.noindex/EagerLinkingTBDs/Debug-iphonesimulator -L/Users/aleks/Library/Developer/Xcode/DerivedData/PlanItApp-gkehojshtcbfvhersqwajfujohau/Build/Products/Debug-iphonesimulator -L/Applications/Xcode.app/Contents/Developer/Platforms/iPhoneSimulator.platform/Developer/usr/lib -F/Users/aleks/Library/Developer/Xcode/DerivedData/PlanItApp-gkehojshtcbfvhersqwajfujohau/Build/Intermediates.noindex/EagerLinkingTBDs/Debug-iphonesimulator -F/Users/aleks/Library/Developer/Xcode/DerivedData/PlanItApp-gkehojshtcbfvhersqwajfujohau/Build/Products/Debug-iphonesimulator -iframework /Applications/Xcode.app/Contents/Developer/Platforms/iPhoneSimulator.platform/Developer/Library/Frameworks -iframework /Applications/Xcode.app/Contents/Developer/Platforms/iPhoneSimulator.platform/Developer/SDKs/iPhoneSimulator18.5.sdk/Developer/Library/Frameworks -filelist /Users/aleks/Library/Developer/Xcode/DerivedData/PlanItApp-gkehojshtcbfvhersqwajfujohau/Build/Intermediates.noindex/Firebase.build/Debug-iphonesimulator/FirebaseCoreExtension.build/Objects-normal/arm64/FirebaseCoreExtension.LinkFileList -nostdlib -Xlinker -object_path_lto -Xlinker /Users/aleks/Library/Developer/Xcode/DerivedData/PlanItApp-gkehojshtcbfvhersqwajfujohau/Build/Intermediates.noindex/Firebase.build/Debug-iphonesimulator/FirebaseCoreExtension.build/Objects-normal/arm64/FirebaseCoreExtension_lto.o -rdynamic -Xlinker -no_deduplicate -Xlinker -objc_abi_version -Xlinker 2 -Xlinker -debug_variant -Xlinker -dependency_info -Xlinker /Users/aleks/Library/Developer/Xcode/DerivedData/PlanItApp-gkehojshtcbfvhersqwajfujohau/Build/Intermediates.noindex/Firebase.build/Debug-iphonesimulator/FirebaseCoreExtension.build/Objects-normal/arm64/FirebaseCoreExtension_dependency_info.dat -fobjc-arc -fobjc-link-runtime -o /Users/aleks/Library/Developer/Xcode/DerivedData/PlanItApp-gkehojshtcbfvhersqwajfujohau/Build/Products/Debug-iphonesimulator/FirebaseCoreExtension.o

CompileC /Users/aleks/Library/Developer/Xcode/DerivedData/PlanItApp-gkehojshtcbfvhersqwajfujohau/Build/Intermediates.noindex/gRPC.build/Debug-iphonesimulator/grpcppWrapper.build/Objects-normal/arm64/empty.o /Users/aleks/Library/Developer/Xcode/DerivedData/PlanItApp-gkehojshtcbfvhersqwajfujohau/SourcePackages/checkouts/grpc-binary/grpcpp-Wrapper/empty.m normal arm64 objective-c com.apple.compilers.llvm.clang.1_0.compiler (in target 'grpcppWrapper' from project 'gRPC')
    cd /Users/aleks/Desktop/PlanItApp/PlanItApp.xcodeproj
    
    Using response file: /Users/aleks/Library/Developer/Xcode/DerivedData/PlanItApp-gkehojshtcbfvhersqwajfujohau/Build/Intermediates.noindex/gRPC.build/Debug-iphonesimulator/grpcppWrapper.build/Objects-normal/arm64/e6072d4f65d7061329687fe24e3d63a7-common-args.resp
    
    /Applications/Xcode.app/Contents/Developer/Toolchains/XcodeDefault.xctoolchain/usr/bin/clang -x objective-c -ivfsstatcache /Users/aleks/Library/Developer/Xcode/DerivedData/SDKStatCaches.noindex/iphonesimulator18.5-22F76-d5fc8ad4295d2ef488fb7d0f804ce0c4.sdkstatcache -fmessage-length\=0 -fdiagnostics-show-note-include-stack -fmacro-backtrace-limit\=0 -fno-color-diagnostics -fmodules-prune-interval\=86400 -fmodules-prune-after\=345600 -fbuild-session-file\=/Users/aleks/Library/Developer/Xcode/DerivedData/ModuleCache.noindex/Session.modulevalidation -fmodules-validate-once-per-build-session -Wnon-modular-include-in-framework-module -Werror\=non-modular-include-in-framework-module -Wno-trigraphs -Wno-missing-field-initializers -Wno-missing-prototypes -Wno-return-type -Wno-implicit-atomic-properties -Wno-objc-interface-ivars -Wno-arc-repeated-use-of-weak -Wno-missing-braces -Wparentheses -Wswitch -Wno-unused-function -Wno-unused-label -Wno-unused-parameter -Wno-unused-variable -Wunused-value -Wno-empty-body -Wno-uninitialized -Wno-unknown-pragmas -w -Wno-shadow -Wno-four-char-constants -Wno-conversion -Wno-constant-conversion -Wno-int-conversion -Wno-bool-conversion -Wno-enum-conversion -Wno-float-conversion -Wno-non-literal-null-conversion -Wno-objc-literal-conversion -Wshorten-64-to-32 -Wpointer-sign -Wno-newline-eof -Wno-selector -Wno-strict-selector-match -Wno-undeclared-selector -Wno-deprecated-implementations -Wno-implicit-fallthrough -fstrict-aliasing -Wprotocol -Wdeprecated-declarations -Wno-sign-conversion -Wno-infinite-recursion -Wno-comma -Wno-block-capture-autoreleasing -Wno-strict-prototypes -Wno-semicolon-before-method-body -index-store-path /Users/aleks/Library/Developer/Xcode/DerivedData/PlanItApp-gkehojshtcbfvhersqwajfujohau/Index.noindex/DataStore @/Users/aleks/Library/Developer/Xcode/DerivedData/PlanItApp-gkehojshtcbfvhersqwajfujohau/Build/Intermediates.noindex/gRPC.build/Debug-iphonesimulator/grpcppWrapper.build/Objects-normal/arm64/e6072d4f65d7061329687fe24e3d63a7-common-args.resp -include /Users/aleks/Library/Developer/Xcode/DerivedData/PlanItApp-gkehojshtcbfvhersqwajfujohau/Build/Intermediates.noindex/gRPC.build/Debug-iphonesimulator/grpcppWrapper.build/DerivedSources/resource_bundle_accessor.h -MMD -MT dependencies -MF /Users/aleks/Library/Developer/Xcode/DerivedData/PlanItApp-gkehojshtcbfvhersqwajfujohau/Build/Intermediates.noindex/gRPC.build/Debug-iphonesimulator/grpcppWrapper.build/Objects-normal/arm64/empty.d --serialize-diagnostics /Users/aleks/Library/Developer/Xcode/DerivedData/PlanItApp-gkehojshtcbfvhersqwajfujohau/Build/Intermediates.noindex/gRPC.build/Debug-iphonesimulator/grpcppWrapper.build/Objects-normal/arm64/empty.dia -c /Users/aleks/Library/Developer/Xcode/DerivedData/PlanItApp-gkehojshtcbfvhersqwajfujohau/SourcePackages/checkouts/grpc-binary/grpcpp-Wrapper/empty.m -o /Users/aleks/Library/Developer/Xcode/DerivedData/PlanItApp-gkehojshtcbfvhersqwajfujohau/Build/Intermediates.noindex/gRPC.build/Debug-iphonesimulator/grpcppWrapper.build/Objects-normal/arm64/empty.o -index-unit-output-path /gRPC.build/Debug-iphonesimulator/grpcppWrapper.build/Objects-normal/arm64/empty.o

SwiftEmitModule normal arm64 Emitting\ module\ for\ FirebaseFirestore (in target 'FirebaseFirestore' from project 'Firebase')

EmitSwiftModule normal arm64 (in target 'FirebaseFirestore' from project 'Firebase')
    cd /Users/aleks/Desktop/PlanItApp/PlanItApp.xcodeproj
    

CompileC /Users/aleks/Library/Developer/Xcode/DerivedData/PlanItApp-gkehojshtcbfvhersqwajfujohau/Build/Intermediates.noindex/gRPC.build/Debug-iphonesimulator/grpcWrapper.build/Objects-normal/arm64/resource_bundle_accessor.o /Users/aleks/Library/Developer/Xcode/DerivedData/PlanItApp-gkehojshtcbfvhersqwajfujohau/Build/Intermediates.noindex/gRPC.build/Debug-iphonesimulator/grpcWrapper.build/DerivedSources/resource_bundle_accessor.m normal arm64 objective-c com.apple.compilers.llvm.clang.1_0.compiler (in target 'grpcWrapper' from project 'gRPC')
    cd /Users/aleks/Desktop/PlanItApp/PlanItApp.xcodeproj
    
    Using response file: /Users/aleks/Library/Developer/Xcode/DerivedData/PlanItApp-gkehojshtcbfvhersqwajfujohau/Build/Intermediates.noindex/gRPC.build/Debug-iphonesimulator/grpcWrapper.build/Objects-normal/arm64/e6072d4f65d7061329687fe24e3d63a7-common-args.resp
    
    /Applications/Xcode.app/Contents/Developer/Toolchains/XcodeDefault.xctoolchain/usr/bin/clang -x objective-c -ivfsstatcache /Users/aleks/Library/Developer/Xcode/DerivedData/SDKStatCaches.noindex/iphonesimulator18.5-22F76-d5fc8ad4295d2ef488fb7d0f804ce0c4.sdkstatcache -fmessage-length\=0 -fdiagnostics-show-note-include-stack -fmacro-backtrace-limit\=0 -fno-color-diagnostics -fmodules-prune-interval\=86400 -fmodules-prune-after\=345600 -fbuild-session-file\=/Users/aleks/Library/Developer/Xcode/DerivedData/ModuleCache.noindex/Session.modulevalidation -fmodules-validate-once-per-build-session -Wnon-modular-include-in-framework-module -Werror\=non-modular-include-in-framework-module -Wno-trigraphs -Wno-missing-field-initializers -Wno-missing-prototypes -Wno-return-type -Wno-implicit-atomic-properties -Wno-objc-interface-ivars -Wno-arc-repeated-use-of-weak -Wno-missing-braces -Wparentheses -Wswitch -Wno-unused-function -Wno-unused-label -Wno-unused-parameter -Wno-unused-variable -Wunused-value -Wno-empty-body -Wno-uninitialized -Wno-unknown-pragmas -w -Wno-shadow -Wno-four-char-constants -Wno-conversion -Wno-constant-conversion -Wno-int-conversion -Wno-bool-conversion -Wno-enum-conversion -Wno-float-conversion -Wno-non-literal-null-conversion -Wno-objc-literal-conversion -Wshorten-64-to-32 -Wpointer-sign -Wno-newline-eof -Wno-selector -Wno-strict-selector-match -Wno-undeclared-selector -Wno-deprecated-implementations -Wno-implicit-fallthrough -fstrict-aliasing -Wprotocol -Wdeprecated-declarations -Wno-sign-conversion -Wno-infinite-recursion -Wno-comma -Wno-block-capture-autoreleasing -Wno-strict-prototypes -Wno-semicolon-before-method-body -index-store-path /Users/aleks/Library/Developer/Xcode/DerivedData/PlanItApp-gkehojshtcbfvhersqwajfujohau/Index.noindex/DataStore @/Users/aleks/Library/Developer/Xcode/DerivedData/PlanItApp-gkehojshtcbfvhersqwajfujohau/Build/Intermediates.noindex/gRPC.build/Debug-iphonesimulator/grpcWrapper.build/Objects-normal/arm64/e6072d4f65d7061329687fe24e3d63a7-common-args.resp -include /Users/aleks/Library/Developer/Xcode/DerivedData/PlanItApp-gkehojshtcbfvhersqwajfujohau/Build/Intermediates.noindex/gRPC.build/Debug-iphonesimulator/grpcWrapper.build/DerivedSources/resource_bundle_accessor.h -MMD -MT dependencies -MF /Users/aleks/Library/Developer/Xcode/DerivedData/PlanItApp-gkehojshtcbfvhersqwajfujohau/Build/Intermediates.noindex/gRPC.build/Debug-iphonesimulator/grpcWrapper.build/Objects-normal/arm64/resource_bundle_accessor.d --serialize-diagnostics /Users/aleks/Library/Developer/Xcode/DerivedData/PlanItApp-gkehojshtcbfvhersqwajfujohau/Build/Intermediates.noindex/gRPC.build/Debug-iphonesimulator/grpcWrapper.build/Objects-normal/arm64/resource_bundle_accessor.dia -c /Users/aleks/Library/Developer/Xcode/DerivedData/PlanItApp-gkehojshtcbfvhersqwajfujohau/Build/Intermediates.noindex/gRPC.build/Debug-iphonesimulator/grpcWrapper.build/DerivedSources/resource_bundle_accessor.m -o /Users/aleks/Library/Developer/Xcode/DerivedData/PlanItApp-gkehojshtcbfvhersqwajfujohau/Build/Intermediates.noindex/gRPC.build/Debug-iphonesimulator/grpcWrapper.build/Objects-normal/arm64/resource_bundle_accessor.o -index-unit-output-path /gRPC.build/Debug-iphonesimulator/grpcWrapper.build/Objects-normal/arm64/resource_bundle_accessor.o

CompileC /Users/aleks/Library/Developer/Xcode/DerivedData/PlanItApp-gkehojshtcbfvhersqwajfujohau/Build/Intermediates.noindex/gRPC.build/Debug-iphonesimulator/grpcWrapper.build/Objects-normal/arm64/empty.o /Users/aleks/Library/Developer/Xcode/DerivedData/PlanItApp-gkehojshtcbfvhersqwajfujohau/SourcePackages/checkouts/grpc-binary/grpc-Wrapper/empty.m normal arm64 objective-c com.apple.compilers.llvm.clang.1_0.compiler (in target 'grpcWrapper' from project 'gRPC')
    cd /Users/aleks/Desktop/PlanItApp/PlanItApp.xcodeproj
    
    Using response file: /Users/aleks/Library/Developer/Xcode/DerivedData/PlanItApp-gkehojshtcbfvhersqwajfujohau/Build/Intermediates.noindex/gRPC.build/Debug-iphonesimulator/grpcWrapper.build/Objects-normal/arm64/e6072d4f65d7061329687fe24e3d63a7-common-args.resp
    
    /Applications/Xcode.app/Contents/Developer/Toolchains/XcodeDefault.xctoolchain/usr/bin/clang -x objective-c -ivfsstatcache /Users/aleks/Library/Developer/Xcode/DerivedData/SDKStatCaches.noindex/iphonesimulator18.5-22F76-d5fc8ad4295d2ef488fb7d0f804ce0c4.sdkstatcache -fmessage-length\=0 -fdiagnostics-show-note-include-stack -fmacro-backtrace-limit\=0 -fno-color-diagnostics -fmodules-prune-interval\=86400 -fmodules-prune-after\=345600 -fbuild-session-file\=/Users/aleks/Library/Developer/Xcode/DerivedData/ModuleCache.noindex/Session.modulevalidation -fmodules-validate-once-per-build-session -Wnon-modular-include-in-framework-module -Werror\=non-modular-include-in-framework-module -Wno-trigraphs -Wno-missing-field-initializers -Wno-missing-prototypes -Wno-return-type -Wno-implicit-atomic-properties -Wno-objc-interface-ivars -Wno-arc-repeated-use-of-weak -Wno-missing-braces -Wparentheses -Wswitch -Wno-unused-function -Wno-unused-label -Wno-unused-parameter -Wno-unused-variable -Wunused-value -Wno-empty-body -Wno-uninitialized -Wno-unknown-pragmas -w -Wno-shadow -Wno-four-char-constants -Wno-conversion -Wno-constant-conversion -Wno-int-conversion -Wno-bool-conversion -Wno-enum-conversion -Wno-float-conversion -Wno-non-literal-null-conversion -Wno-objc-literal-conversion -Wshorten-64-to-32 -Wpointer-sign -Wno-newline-eof -Wno-selector -Wno-strict-selector-match -Wno-undeclared-selector -Wno-deprecated-implementations -Wno-implicit-fallthrough -fstrict-aliasing -Wprotocol -Wdeprecated-declarations -Wno-sign-conversion -Wno-infinite-recursion -Wno-comma -Wno-block-capture-autoreleasing -Wno-strict-prototypes -Wno-semicolon-before-method-body -index-store-path /Users/aleks/Library/Developer/Xcode/DerivedData/PlanItApp-gkehojshtcbfvhersqwajfujohau/Index.noindex/DataStore @/Users/aleks/Library/Developer/Xcode/DerivedData/PlanItApp-gkehojshtcbfvhersqwajfujohau/Build/Intermediates.noindex/gRPC.build/Debug-iphonesimulator/grpcWrapper.build/Objects-normal/arm64/e6072d4f65d7061329687fe24e3d63a7-common-args.resp -include /Users/aleks/Library/Developer/Xcode/DerivedData/PlanItApp-gkehojshtcbfvhersqwajfujohau/Build/Intermediates.noindex/gRPC.build/Debug-iphonesimulator/grpcWrapper.build/DerivedSources/resource_bundle_accessor.h -MMD -MT dependencies -MF /Users/aleks/Library/Developer/Xcode/DerivedData/PlanItApp-gkehojshtcbfvhersqwajfujohau/Build/Intermediates.noindex/gRPC.build/Debug-iphonesimulator/grpcWrapper.build/Objects-normal/arm64/empty.d --serialize-diagnostics /Users/aleks/Library/Developer/Xcode/DerivedData/PlanItApp-gkehojshtcbfvhersqwajfujohau/Build/Intermediates.noindex/gRPC.build/Debug-iphonesimulator/grpcWrapper.build/Objects-normal/arm64/empty.dia -c /Users/aleks/Library/Developer/Xcode/DerivedData/PlanItApp-gkehojshtcbfvhersqwajfujohau/SourcePackages/checkouts/grpc-binary/grpc-Wrapper/empty.m -o /Users/aleks/Library/Developer/Xcode/DerivedData/PlanItApp-gkehojshtcbfvhersqwajfujohau/Build/Intermediates.noindex/gRPC.build/Debug-iphonesimulator/grpcWrapper.build/Objects-normal/arm64/empty.o -index-unit-output-path /gRPC.build/Debug-iphonesimulator/grpcWrapper.build/Objects-normal/arm64/empty.o

ScanDependencies /Users/aleks/Library/Developer/Xcode/DerivedData/PlanItApp-gkehojshtcbfvhersqwajfujohau/Build/Intermediates.noindex/GoogleSignIn.build/Debug-iphonesimulator/GoogleSignIn.build/Objects-normal/arm64/resource_bundle_accessor.o /Users/aleks/Library/Developer/Xcode/DerivedData/PlanItApp-gkehojshtcbfvhersqwajfujohau/Build/Intermediates.noindex/GoogleSignIn.build/Debug-iphonesimulator/GoogleSignIn.build/DerivedSources/resource_bundle_accessor.m normal arm64 objective-c com.apple.compilers.llvm.clang.1_0.compiler (in target 'GoogleSignIn' from project 'GoogleSignIn')
    cd /Users/aleks/Desktop/PlanItApp/PlanItApp.xcodeproj
    
    Using response file: /Users/aleks/Library/Developer/Xcode/DerivedData/PlanItApp-gkehojshtcbfvhersqwajfujohau/Build/Intermediates.noindex/GoogleSignIn.build/Debug-iphonesimulator/GoogleSignIn.build/Objects-normal/arm64/e6072d4f65d7061329687fe24e3d63a7-common-args.resp
    
    builtin-ScanDependencies -o /Users/aleks/Library/Developer/Xcode/DerivedData/PlanItApp-gkehojshtcbfvhersqwajfujohau/Build/Intermediates.noindex/GoogleSignIn.build/Debug-iphonesimulator/GoogleSignIn.build/Objects-normal/arm64/resource_bundle_accessor.o.scan -- /Applications/Xcode.app/Contents/Developer/Toolchains/XcodeDefault.xctoolchain/usr/bin/clang -x objective-c -ivfsstatcache /Users/aleks/Library/Developer/Xcode/DerivedData/SDKStatCaches.noindex/iphonesimulator18.5-22F76-d5fc8ad4295d2ef488fb7d0f804ce0c4.sdkstatcache -fmessage-length\=0 -fdiagnostics-show-note-include-stack -fmacro-backtrace-limit\=0 -fno-color-diagnostics -fmodules-prune-interval\=86400 -fmodules-prune-after\=345600 -fbuild-session-file\=/Users/aleks/Library/Developer/Xcode/DerivedData/ModuleCache.noindex/Session.modulevalidation -fmodules-validate-once-per-build-session -Wnon-modular-include-in-framework-module -Werror\=non-modular-include-in-framework-module -Wno-trigraphs -Wno-missing-field-initializers -Wno-missing-prototypes -Wno-return-type -Wno-implicit-atomic-properties -Wno-objc-interface-ivars -Wno-arc-repeated-use-of-weak -Wno-missing-braces -Wparentheses -Wswitch -Wno-unused-function -Wno-unused-label -Wno-unused-parameter -Wno-unused-variable -Wunused-value -Wno-empty-body -Wno-uninitialized -Wno-unknown-pragmas -w -Wno-shadow -Wno-four-char-constants -Wno-conversion -Wno-constant-conversion -Wno-int-conversion -Wno-bool-conversion -Wno-enum-conversion -Wno-float-conversion -Wno-non-literal-null-conversion -Wno-objc-literal-conversion -Wshorten-64-to-32 -Wpointer-sign -Wno-newline-eof -Wno-selector -Wno-strict-selector-match -Wno-undeclared-selector -Wno-deprecated-implementations -Wno-implicit-fallthrough -fstrict-aliasing -Wprotocol -Wdeprecated-declarations -Wno-sign-conversion -Wno-infinite-recursion -Wno-comma -Wno-block-capture-autoreleasing -Wno-strict-prototypes -Wno-semicolon-before-method-body -index-store-path /Users/aleks/Library/Developer/Xcode/DerivedData/PlanItApp-gkehojshtcbfvhersqwajfujohau/Index.noindex/DataStore @/Users/aleks/Library/Developer/Xcode/DerivedData/PlanItApp-gkehojshtcbfvhersqwajfujohau/Build/Intermediates.noindex/GoogleSignIn.build/Debug-iphonesimulator/GoogleSignIn.build/Objects-normal/arm64/e6072d4f65d7061329687fe24e3d63a7-common-args.resp -include /Users/aleks/Library/Developer/Xcode/DerivedData/PlanItApp-gkehojshtcbfvhersqwajfujohau/Build/Intermediates.noindex/GoogleSignIn.build/Debug-iphonesimulator/GoogleSignIn.build/DerivedSources/resource_bundle_accessor.h -MMD -MT dependencies -MF /Users/aleks/Library/Developer/Xcode/DerivedData/PlanItApp-gkehojshtcbfvhersqwajfujohau/Build/Intermediates.noindex/GoogleSignIn.build/Debug-iphonesimulator/GoogleSignIn.build/Objects-normal/arm64/resource_bundle_accessor.d --serialize-diagnostics /Users/aleks/Library/Developer/Xcode/DerivedData/PlanItApp-gkehojshtcbfvhersqwajfujohau/Build/Intermediates.noindex/GoogleSignIn.build/Debug-iphonesimulator/GoogleSignIn.build/Objects-normal/arm64/resource_bundle_accessor.dia -c /Users/aleks/Library/Developer/Xcode/DerivedData/PlanItApp-gkehojshtcbfvhersqwajfujohau/Build/Intermediates.noindex/GoogleSignIn.build/Debug-iphonesimulator/GoogleSignIn.build/DerivedSources/resource_bundle_accessor.m -o /Users/aleks/Library/Developer/Xcode/DerivedData/PlanItApp-gkehojshtcbfvhersqwajfujohau/Build/Intermediates.noindex/GoogleSignIn.build/Debug-iphonesimulator/GoogleSignIn.build/Objects-normal/arm64/resource_bundle_accessor.o -index-unit-output-path /GoogleSignIn.build/Debug-iphonesimulator/GoogleSignIn.build/Objects-normal/arm64/resource_bundle_accessor.o

ScanDependencies /Users/aleks/Library/Developer/Xcode/DerivedData/PlanItApp-gkehojshtcbfvhersqwajfujohau/Build/Intermediates.noindex/GoogleSignIn.build/Debug-iphonesimulator/GoogleSignIn.build/Objects-normal/arm64/NSBundle+GID3PAdditions.o /Users/aleks/Library/Developer/Xcode/DerivedData/PlanItApp-gkehojshtcbfvhersqwajfujohau/SourcePackages/checkouts/GoogleSignIn-iOS/GoogleSignIn/Sources/NSBundle+GID3PAdditions.m normal arm64 objective-c com.apple.compilers.llvm.clang.1_0.compiler (in target 'GoogleSignIn' from project 'GoogleSignIn')
    cd /Users/aleks/Desktop/PlanItApp/PlanItApp.xcodeproj
    
    Using response file: /Users/aleks/Library/Developer/Xcode/DerivedData/PlanItApp-gkehojshtcbfvhersqwajfujohau/Build/Intermediates.noindex/GoogleSignIn.build/Debug-iphonesimulator/GoogleSignIn.build/Objects-normal/arm64/e6072d4f65d7061329687fe24e3d63a7-common-args.resp
    
    builtin-ScanDependencies -o /Users/aleks/Library/Developer/Xcode/DerivedData/PlanItApp-gkehojshtcbfvhersqwajfujohau/Build/Intermediates.noindex/GoogleSignIn.build/Debug-iphonesimulator/GoogleSignIn.build/Objects-normal/arm64/NSBundle+GID3PAdditions.o.scan -- /Applications/Xcode.app/Contents/Developer/Toolchains/XcodeDefault.xctoolchain/usr/bin/clang -x objective-c -ivfsstatcache /Users/aleks/Library/Developer/Xcode/DerivedData/SDKStatCaches.noindex/iphonesimulator18.5-22F76-d5fc8ad4295d2ef488fb7d0f804ce0c4.sdkstatcache -fmessage-length\=0 -fdiagnostics-show-note-include-stack -fmacro-backtrace-limit\=0 -fno-color-diagnostics -fmodules-prune-interval\=86400 -fmodules-prune-after\=345600 -fbuild-session-file\=/Users/aleks/Library/Developer/Xcode/DerivedData/ModuleCache.noindex/Session.modulevalidation -fmodules-validate-once-per-build-session -Wnon-modular-include-in-framework-module -Werror\=non-modular-include-in-framework-module -Wno-trigraphs -Wno-missing-field-initializers -Wno-missing-prototypes -Wno-return-type -Wno-implicit-atomic-properties -Wno-objc-interface-ivars -Wno-arc-repeated-use-of-weak -Wno-missing-braces -Wparentheses -Wswitch -Wno-unused-function -Wno-unused-label -Wno-unused-parameter -Wno-unused-variable -Wunused-value -Wno-empty-body -Wno-uninitialized -Wno-unknown-pragmas -w -Wno-shadow -Wno-four-char-constants -Wno-conversion -Wno-constant-conversion -Wno-int-conversion -Wno-bool-conversion -Wno-enum-conversion -Wno-float-conversion -Wno-non-literal-null-conversion -Wno-objc-literal-conversion -Wshorten-64-to-32 -Wpointer-sign -Wno-newline-eof -Wno-selector -Wno-strict-selector-match -Wno-undeclared-selector -Wno-deprecated-implementations -Wno-implicit-fallthrough -fstrict-aliasing -Wprotocol -Wdeprecated-declarations -Wno-sign-conversion -Wno-infinite-recursion -Wno-comma -Wno-block-capture-autoreleasing -Wno-strict-prototypes -Wno-semicolon-before-method-body -index-store-path /Users/aleks/Library/Developer/Xcode/DerivedData/PlanItApp-gkehojshtcbfvhersqwajfujohau/Index.noindex/DataStore @/Users/aleks/Library/Developer/Xcode/DerivedData/PlanItApp-gkehojshtcbfvhersqwajfujohau/Build/Intermediates.noindex/GoogleSignIn.build/Debug-iphonesimulator/GoogleSignIn.build/Objects-normal/arm64/e6072d4f65d7061329687fe24e3d63a7-common-args.resp -include /Users/aleks/Library/Developer/Xcode/DerivedData/PlanItApp-gkehojshtcbfvhersqwajfujohau/Build/Intermediates.noindex/GoogleSignIn.build/Debug-iphonesimulator/GoogleSignIn.build/DerivedSources/resource_bundle_accessor.h -MMD -MT dependencies -MF /Users/aleks/Library/Developer/Xcode/DerivedData/PlanItApp-gkehojshtcbfvhersqwajfujohau/Build/Intermediates.noindex/GoogleSignIn.build/Debug-iphonesimulator/GoogleSignIn.build/Objects-normal/arm64/NSBundle+GID3PAdditions.d --serialize-diagnostics /Users/aleks/Library/Developer/Xcode/DerivedData/PlanItApp-gkehojshtcbfvhersqwajfujohau/Build/Intermediates.noindex/GoogleSignIn.build/Debug-iphonesimulator/GoogleSignIn.build/Objects-normal/arm64/NSBundle+GID3PAdditions.dia -c /Users/aleks/Library/Developer/Xcode/DerivedData/PlanItApp-gkehojshtcbfvhersqwajfujohau/SourcePackages/checkouts/GoogleSignIn-iOS/GoogleSignIn/Sources/NSBundle+GID3PAdditions.m -o /Users/aleks/Library/Developer/Xcode/DerivedData/PlanItApp-gkehojshtcbfvhersqwajfujohau/Build/Intermediates.noindex/GoogleSignIn.build/Debug-iphonesimulator/GoogleSignIn.build/Objects-normal/arm64/NSBundle+GID3PAdditions.o -index-unit-output-path /GoogleSignIn.build/Debug-iphonesimulator/GoogleSignIn.build/Objects-normal/arm64/NSBundle+GID3PAdditions.o

ScanDependencies /Users/aleks/Library/Developer/Xcode/DerivedData/PlanItApp-gkehojshtcbfvhersqwajfujohau/Build/Intermediates.noindex/GoogleSignIn.build/Debug-iphonesimulator/GoogleSignIn.build/Objects-normal/arm64/GIDToken.o /Users/aleks/Library/Developer/Xcode/DerivedData/PlanItApp-gkehojshtcbfvhersqwajfujohau/SourcePackages/checkouts/GoogleSignIn-iOS/GoogleSignIn/Sources/GIDToken.m normal arm64 objective-c com.apple.compilers.llvm.clang.1_0.compiler (in target 'GoogleSignIn' from project 'GoogleSignIn')
    cd /Users/aleks/Desktop/PlanItApp/PlanItApp.xcodeproj
    
    Using response file: /Users/aleks/Library/Developer/Xcode/DerivedData/PlanItApp-gkehojshtcbfvhersqwajfujohau/Build/Intermediates.noindex/GoogleSignIn.build/Debug-iphonesimulator/GoogleSignIn.build/Objects-normal/arm64/e6072d4f65d7061329687fe24e3d63a7-common-args.resp
    
    builtin-ScanDependencies -o /Users/aleks/Library/Developer/Xcode/DerivedData/PlanItApp-gkehojshtcbfvhersqwajfujohau/Build/Intermediates.noindex/GoogleSignIn.build/Debug-iphonesimulator/GoogleSignIn.build/Objects-normal/arm64/GIDToken.o.scan -- /Applications/Xcode.app/Contents/Developer/Toolchains/XcodeDefault.xctoolchain/usr/bin/clang -x objective-c -ivfsstatcache /Users/aleks/Library/Developer/Xcode/DerivedData/SDKStatCaches.noindex/iphonesimulator18.5-22F76-d5fc8ad4295d2ef488fb7d0f804ce0c4.sdkstatcache -fmessage-length\=0 -fdiagnostics-show-note-include-stack -fmacro-backtrace-limit\=0 -fno-color-diagnostics -fmodules-prune-interval\=86400 -fmodules-prune-after\=345600 -fbuild-session-file\=/Users/aleks/Library/Developer/Xcode/DerivedData/ModuleCache.noindex/Session.modulevalidation -fmodules-validate-once-per-build-session -Wnon-modular-include-in-framework-module -Werror\=non-modular-include-in-framework-module -Wno-trigraphs -Wno-missing-field-initializers -Wno-missing-prototypes -Wno-return-type -Wno-implicit-atomic-properties -Wno-objc-interface-ivars -Wno-arc-repeated-use-of-weak -Wno-missing-braces -Wparentheses -Wswitch -Wno-unused-function -Wno-unused-label -Wno-unused-parameter -Wno-unused-variable -Wunused-value -Wno-empty-body -Wno-uninitialized -Wno-unknown-pragmas -w -Wno-shadow -Wno-four-char-constants -Wno-conversion -Wno-constant-conversion -Wno-int-conversion -Wno-bool-conversion -Wno-enum-conversion -Wno-float-conversion -Wno-non-literal-null-conversion -Wno-objc-literal-conversion -Wshorten-64-to-32 -Wpointer-sign -Wno-newline-eof -Wno-selector -Wno-strict-selector-match -Wno-undeclared-selector -Wno-deprecated-implementations -Wno-implicit-fallthrough -fstrict-aliasing -Wprotocol -Wdeprecated-declarations -Wno-sign-conversion -Wno-infinite-recursion -Wno-comma -Wno-block-capture-autoreleasing -Wno-strict-prototypes -Wno-semicolon-before-method-body -index-store-path /Users/aleks/Library/Developer/Xcode/DerivedData/PlanItApp-gkehojshtcbfvhersqwajfujohau/Index.noindex/DataStore @/Users/aleks/Library/Developer/Xcode/DerivedData/PlanItApp-gkehojshtcbfvhersqwajfujohau/Build/Intermediates.noindex/GoogleSignIn.build/Debug-iphonesimulator/GoogleSignIn.build/Objects-normal/arm64/e6072d4f65d7061329687fe24e3d63a7-common-args.resp -include /Users/aleks/Library/Developer/Xcode/DerivedData/PlanItApp-gkehojshtcbfvhersqwajfujohau/Build/Intermediates.noindex/GoogleSignIn.build/Debug-iphonesimulator/GoogleSignIn.build/DerivedSources/resource_bundle_accessor.h -MMD -MT dependencies -MF /Users/aleks/Library/Developer/Xcode/DerivedData/PlanItApp-gkehojshtcbfvhersqwajfujohau/Build/Intermediates.noindex/GoogleSignIn.build/Debug-iphonesimulator/GoogleSignIn.build/Objects-normal/arm64/GIDToken.d --serialize-diagnostics /Users/aleks/Library/Developer/Xcode/DerivedData/PlanItApp-gkehojshtcbfvhersqwajfujohau/Build/Intermediates.noindex/GoogleSignIn.build/Debug-iphonesimulator/GoogleSignIn.build/Objects-normal/arm64/GIDToken.dia -c /Users/aleks/Library/Developer/Xcode/DerivedData/PlanItApp-gkehojshtcbfvhersqwajfujohau/SourcePackages/checkouts/GoogleSignIn-iOS/GoogleSignIn/Sources/GIDToken.m -o /Users/aleks/Library/Developer/Xcode/DerivedData/PlanItApp-gkehojshtcbfvhersqwajfujohau/Build/Intermediates.noindex/GoogleSignIn.build/Debug-iphonesimulator/GoogleSignIn.build/Objects-normal/arm64/GIDToken.o -index-unit-output-path /GoogleSignIn.build/Debug-iphonesimulator/GoogleSignIn.build/Objects-normal/arm64/GIDToken.o

Ld /Users/aleks/Library/Developer/Xcode/DerivedData/PlanItApp-gkehojshtcbfvhersqwajfujohau/Build/Products/Debug-iphonesimulator/grpcWrapper.o normal (in target 'grpcWrapper' from project 'gRPC')
    cd /Users/aleks/Library/Developer/Xcode/DerivedData/PlanItApp-gkehojshtcbfvhersqwajfujohau/SourcePackages/checkouts/grpc-binary
    /Applications/Xcode.app/Contents/Developer/Toolchains/XcodeDefault.xctoolchain/usr/bin/clang -Xlinker -reproducible -target arm64-apple-ios12.0-simulator -r -isysroot /Applications/Xcode.app/Contents/Developer/Platforms/iPhoneSimulator.platform/Developer/SDKs/iPhoneSimulator18.5.sdk -O0 -w -L/Users/aleks/Library/Developer/Xcode/DerivedData/PlanItApp-gkehojshtcbfvhersqwajfujohau/Build/Intermediates.noindex/EagerLinkingTBDs/Debug-iphonesimulator -L/Users/aleks/Library/Developer/Xcode/DerivedData/PlanItApp-gkehojshtcbfvhersqwajfujohau/Build/Products/Debug-iphonesimulator -L/Applications/Xcode.app/Contents/Developer/Platforms/iPhoneSimulator.platform/Developer/usr/lib -F/Users/aleks/Library/Developer/Xcode/DerivedData/PlanItApp-gkehojshtcbfvhersqwajfujohau/Build/Intermediates.noindex/EagerLinkingTBDs/Debug-iphonesimulator -F/Users/aleks/Library/Developer/Xcode/DerivedData/PlanItApp-gkehojshtcbfvhersqwajfujohau/Build/Products/Debug-iphonesimulator -iframework /Applications/Xcode.app/Contents/Developer/Platforms/iPhoneSimulator.platform/Developer/Library/Frameworks -iframework /Applications/Xcode.app/Contents/Developer/Platforms/iPhoneSimulator.platform/Developer/SDKs/iPhoneSimulator18.5.sdk/Developer/Library/Frameworks -filelist /Users/aleks/Library/Developer/Xcode/DerivedData/PlanItApp-gkehojshtcbfvhersqwajfujohau/Build/Intermediates.noindex/gRPC.build/Debug-iphonesimulator/grpcWrapper.build/Objects-normal/arm64/grpcWrapper.LinkFileList -nostdlib -Xlinker -object_path_lto -Xlinker /Users/aleks/Library/Developer/Xcode/DerivedData/PlanItApp-gkehojshtcbfvhersqwajfujohau/Build/Intermediates.noindex/gRPC.build/Debug-iphonesimulator/grpcWrapper.build/Objects-normal/arm64/grpcWrapper_lto.o -rdynamic -Xlinker -no_deduplicate -Xlinker -objc_abi_version -Xlinker 2 -Xlinker -debug_variant -Xlinker -dependency_info -Xlinker /Users/aleks/Library/Developer/Xcode/DerivedData/PlanItApp-gkehojshtcbfvhersqwajfujohau/Build/Intermediates.noindex/gRPC.build/Debug-iphonesimulator/grpcWrapper.build/Objects-normal/arm64/grpcWrapper_dependency_info.dat -fobjc-arc -fobjc-link-runtime -o /Users/aleks/Library/Developer/Xcode/DerivedData/PlanItApp-gkehojshtcbfvhersqwajfujohau/Build/Products/Debug-iphonesimulator/grpcWrapper.o

SwiftDriverJobDiscovery normal arm64 Compiling RevokeTokenRequest.swift, RevokeTokenResponse.swift, SecureTokenRequest.swift, SecureTokenResponse.swift, SendVerificationTokenRequest.swift, SendVerificationTokenResponse.swift, SetAccountInfoRequest.swift, SetAccountInfoResponse.swift, SignInWithGameCenterRequest.swift, SignInWithGameCenterResponse.swift, SignUpNewUserRequest.swift, SignUpNewUserResponse.swift, VerifyAssertionRequest.swift, VerifyAssertionResponse.swift (in target 'FirebaseAuth' from project 'Firebase')

ScanDependencies /Users/aleks/Library/Developer/Xcode/DerivedData/PlanItApp-gkehojshtcbfvhersqwajfujohau/Build/Intermediates.noindex/GoogleSignIn.build/Debug-iphonesimulator/GoogleSignIn.build/Objects-normal/arm64/GIDTimedLoader.o /Users/aleks/Library/Developer/Xcode/DerivedData/PlanItApp-gkehojshtcbfvhersqwajfujohau/SourcePackages/checkouts/GoogleSignIn-iOS/GoogleSignIn/Sources/GIDTimedLoader/GIDTimedLoader.m normal arm64 objective-c com.apple.compilers.llvm.clang.1_0.compiler (in target 'GoogleSignIn' from project 'GoogleSignIn')
    cd /Users/aleks/Desktop/PlanItApp/PlanItApp.xcodeproj
    
    Using response file: /Users/aleks/Library/Developer/Xcode/DerivedData/PlanItApp-gkehojshtcbfvhersqwajfujohau/Build/Intermediates.noindex/GoogleSignIn.build/Debug-iphonesimulator/GoogleSignIn.build/Objects-normal/arm64/e6072d4f65d7061329687fe24e3d63a7-common-args.resp
    
    builtin-ScanDependencies -o /Users/aleks/Library/Developer/Xcode/DerivedData/PlanItApp-gkehojshtcbfvhersqwajfujohau/Build/Intermediates.noindex/GoogleSignIn.build/Debug-iphonesimulator/GoogleSignIn.build/Objects-normal/arm64/GIDTimedLoader.o.scan -- /Applications/Xcode.app/Contents/Developer/Toolchains/XcodeDefault.xctoolchain/usr/bin/clang -x objective-c -ivfsstatcache /Users/aleks/Library/Developer/Xcode/DerivedData/SDKStatCaches.noindex/iphonesimulator18.5-22F76-d5fc8ad4295d2ef488fb7d0f804ce0c4.sdkstatcache -fmessage-length\=0 -fdiagnostics-show-note-include-stack -fmacro-backtrace-limit\=0 -fno-color-diagnostics -fmodules-prune-interval\=86400 -fmodules-prune-after\=345600 -fbuild-session-file\=/Users/aleks/Library/Developer/Xcode/DerivedData/ModuleCache.noindex/Session.modulevalidation -fmodules-validate-once-per-build-session -Wnon-modular-include-in-framework-module -Werror\=non-modular-include-in-framework-module -Wno-trigraphs -Wno-missing-field-initializers -Wno-missing-prototypes -Wno-return-type -Wno-implicit-atomic-properties -Wno-objc-interface-ivars -Wno-arc-repeated-use-of-weak -Wno-missing-braces -Wparentheses -Wswitch -Wno-unused-function -Wno-unused-label -Wno-unused-parameter -Wno-unused-variable -Wunused-value -Wno-empty-body -Wno-uninitialized -Wno-unknown-pragmas -w -Wno-shadow -Wno-four-char-constants -Wno-conversion -Wno-constant-conversion -Wno-int-conversion -Wno-bool-conversion -Wno-enum-conversion -Wno-float-conversion -Wno-non-literal-null-conversion -Wno-objc-literal-conversion -Wshorten-64-to-32 -Wpointer-sign -Wno-newline-eof -Wno-selector -Wno-strict-selector-match -Wno-undeclared-selector -Wno-deprecated-implementations -Wno-implicit-fallthrough -fstrict-aliasing -Wprotocol -Wdeprecated-declarations -Wno-sign-conversion -Wno-infinite-recursion -Wno-comma -Wno-block-capture-autoreleasing -Wno-strict-prototypes -Wno-semicolon-before-method-body -index-store-path /Users/aleks/Library/Developer/Xcode/DerivedData/PlanItApp-gkehojshtcbfvhersqwajfujohau/Index.noindex/DataStore @/Users/aleks/Library/Developer/Xcode/DerivedData/PlanItApp-gkehojshtcbfvhersqwajfujohau/Build/Intermediates.noindex/GoogleSignIn.build/Debug-iphonesimulator/GoogleSignIn.build/Objects-normal/arm64/e6072d4f65d7061329687fe24e3d63a7-common-args.resp -include /Users/aleks/Library/Developer/Xcode/DerivedData/PlanItApp-gkehojshtcbfvhersqwajfujohau/Build/Intermediates.noindex/GoogleSignIn.build/Debug-iphonesimulator/GoogleSignIn.build/DerivedSources/resource_bundle_accessor.h -MMD -MT dependencies -MF /Users/aleks/Library/Developer/Xcode/DerivedData/PlanItApp-gkehojshtcbfvhersqwajfujohau/Build/Intermediates.noindex/GoogleSignIn.build/Debug-iphonesimulator/GoogleSignIn.build/Objects-normal/arm64/GIDTimedLoader.d --serialize-diagnostics /Users/aleks/Library/Developer/Xcode/DerivedData/PlanItApp-gkehojshtcbfvhersqwajfujohau/Build/Intermediates.noindex/GoogleSignIn.build/Debug-iphonesimulator/GoogleSignIn.build/Objects-normal/arm64/GIDTimedLoader.dia -c /Users/aleks/Library/Developer/Xcode/DerivedData/PlanItApp-gkehojshtcbfvhersqwajfujohau/SourcePackages/checkouts/GoogleSignIn-iOS/GoogleSignIn/Sources/GIDTimedLoader/GIDTimedLoader.m -o /Users/aleks/Library/Developer/Xcode/DerivedData/PlanItApp-gkehojshtcbfvhersqwajfujohau/Build/Intermediates.noindex/GoogleSignIn.build/Debug-iphonesimulator/GoogleSignIn.build/Objects-normal/arm64/GIDTimedLoader.o -index-unit-output-path /GoogleSignIn.build/Debug-iphonesimulator/GoogleSignIn.build/Objects-normal/arm64/GIDTimedLoader.o

ScanDependencies /Users/aleks/Library/Developer/Xcode/DerivedData/PlanItApp-gkehojshtcbfvhersqwajfujohau/Build/Intermediates.noindex/GoogleSignIn.build/Debug-iphonesimulator/GoogleSignIn.build/Objects-normal/arm64/GIDSignInStrings.o /Users/aleks/Library/Developer/Xcode/DerivedData/PlanItApp-gkehojshtcbfvhersqwajfujohau/SourcePackages/checkouts/GoogleSignIn-iOS/GoogleSignIn/Sources/GIDSignInStrings.m normal arm64 objective-c com.apple.compilers.llvm.clang.1_0.compiler (in target 'GoogleSignIn' from project 'GoogleSignIn')
    cd /Users/aleks/Desktop/PlanItApp/PlanItApp.xcodeproj
    
    Using response file: /Users/aleks/Library/Developer/Xcode/DerivedData/PlanItApp-gkehojshtcbfvhersqwajfujohau/Build/Intermediates.noindex/GoogleSignIn.build/Debug-iphonesimulator/GoogleSignIn.build/Objects-normal/arm64/e6072d4f65d7061329687fe24e3d63a7-common-args.resp
    
    builtin-ScanDependencies -o /Users/aleks/Library/Developer/Xcode/DerivedData/PlanItApp-gkehojshtcbfvhersqwajfujohau/Build/Intermediates.noindex/GoogleSignIn.build/Debug-iphonesimulator/GoogleSignIn.build/Objects-normal/arm64/GIDSignInStrings.o.scan -- /Applications/Xcode.app/Contents/Developer/Toolchains/XcodeDefault.xctoolchain/usr/bin/clang -x objective-c -ivfsstatcache /Users/aleks/Library/Developer/Xcode/DerivedData/SDKStatCaches.noindex/iphonesimulator18.5-22F76-d5fc8ad4295d2ef488fb7d0f804ce0c4.sdkstatcache -fmessage-length\=0 -fdiagnostics-show-note-include-stack -fmacro-backtrace-limit\=0 -fno-color-diagnostics -fmodules-prune-interval\=86400 -fmodules-prune-after\=345600 -fbuild-session-file\=/Users/aleks/Library/Developer/Xcode/DerivedData/ModuleCache.noindex/Session.modulevalidation -fmodules-validate-once-per-build-session -Wnon-modular-include-in-framework-module -Werror\=non-modular-include-in-framework-module -Wno-trigraphs -Wno-missing-field-initializers -Wno-missing-prototypes -Wno-return-type -Wno-implicit-atomic-properties -Wno-objc-interface-ivars -Wno-arc-repeated-use-of-weak -Wno-missing-braces -Wparentheses -Wswitch -Wno-unused-function -Wno-unused-label -Wno-unused-parameter -Wno-unused-variable -Wunused-value -Wno-empty-body -Wno-uninitialized -Wno-unknown-pragmas -w -Wno-shadow -Wno-four-char-constants -Wno-conversion -Wno-constant-conversion -Wno-int-conversion -Wno-bool-conversion -Wno-enum-conversion -Wno-float-conversion -Wno-non-literal-null-conversion -Wno-objc-literal-conversion -Wshorten-64-to-32 -Wpointer-sign -Wno-newline-eof -Wno-selector -Wno-strict-selector-match -Wno-undeclared-selector -Wno-deprecated-implementations -Wno-implicit-fallthrough -fstrict-aliasing -Wprotocol -Wdeprecated-declarations -Wno-sign-conversion -Wno-infinite-recursion -Wno-comma -Wno-block-capture-autoreleasing -Wno-strict-prototypes -Wno-semicolon-before-method-body -index-store-path /Users/aleks/Library/Developer/Xcode/DerivedData/PlanItApp-gkehojshtcbfvhersqwajfujohau/Index.noindex/DataStore @/Users/aleks/Library/Developer/Xcode/DerivedData/PlanItApp-gkehojshtcbfvhersqwajfujohau/Build/Intermediates.noindex/GoogleSignIn.build/Debug-iphonesimulator/GoogleSignIn.build/Objects-normal/arm64/e6072d4f65d7061329687fe24e3d63a7-common-args.resp -include /Users/aleks/Library/Developer/Xcode/DerivedData/PlanItApp-gkehojshtcbfvhersqwajfujohau/Build/Intermediates.noindex/GoogleSignIn.build/Debug-iphonesimulator/GoogleSignIn.build/DerivedSources/resource_bundle_accessor.h -MMD -MT dependencies -MF /Users/aleks/Library/Developer/Xcode/DerivedData/PlanItApp-gkehojshtcbfvhersqwajfujohau/Build/Intermediates.noindex/GoogleSignIn.build/Debug-iphonesimulator/GoogleSignIn.build/Objects-normal/arm64/GIDSignInStrings.d --serialize-diagnostics /Users/aleks/Library/Developer/Xcode/DerivedData/PlanItApp-gkehojshtcbfvhersqwajfujohau/Build/Intermediates.noindex/GoogleSignIn.build/Debug-iphonesimulator/GoogleSignIn.build/Objects-normal/arm64/GIDSignInStrings.dia -c /Users/aleks/Library/Developer/Xcode/DerivedData/PlanItApp-gkehojshtcbfvhersqwajfujohau/SourcePackages/checkouts/GoogleSignIn-iOS/GoogleSignIn/Sources/GIDSignInStrings.m -o /Users/aleks/Library/Developer/Xcode/DerivedData/PlanItApp-gkehojshtcbfvhersqwajfujohau/Build/Intermediates.noindex/GoogleSignIn.build/Debug-iphonesimulator/GoogleSignIn.build/Objects-normal/arm64/GIDSignInStrings.o -index-unit-output-path /GoogleSignIn.build/Debug-iphonesimulator/GoogleSignIn.build/Objects-normal/arm64/GIDSignInStrings.o

ScanDependencies /Users/aleks/Library/Developer/Xcode/DerivedData/PlanItApp-gkehojshtcbfvhersqwajfujohau/Build/Intermediates.noindex/GoogleSignIn.build/Debug-iphonesimulator/GoogleSignIn.build/Objects-normal/arm64/GIDSignInResult.o /Users/aleks/Library/Developer/Xcode/DerivedData/PlanItApp-gkehojshtcbfvhersqwajfujohau/SourcePackages/checkouts/GoogleSignIn-iOS/GoogleSignIn/Sources/GIDSignInResult.m normal arm64 objective-c com.apple.compilers.llvm.clang.1_0.compiler (in target 'GoogleSignIn' from project 'GoogleSignIn')
    cd /Users/aleks/Desktop/PlanItApp/PlanItApp.xcodeproj
    
    Using response file: /Users/aleks/Library/Developer/Xcode/DerivedData/PlanItApp-gkehojshtcbfvhersqwajfujohau/Build/Intermediates.noindex/GoogleSignIn.build/Debug-iphonesimulator/GoogleSignIn.build/Objects-normal/arm64/e6072d4f65d7061329687fe24e3d63a7-common-args.resp
    
    builtin-ScanDependencies -o /Users/aleks/Library/Developer/Xcode/DerivedData/PlanItApp-gkehojshtcbfvhersqwajfujohau/Build/Intermediates.noindex/GoogleSignIn.build/Debug-iphonesimulator/GoogleSignIn.build/Objects-normal/arm64/GIDSignInResult.o.scan -- /Applications/Xcode.app/Contents/Developer/Toolchains/XcodeDefault.xctoolchain/usr/bin/clang -x objective-c -ivfsstatcache /Users/aleks/Library/Developer/Xcode/DerivedData/SDKStatCaches.noindex/iphonesimulator18.5-22F76-d5fc8ad4295d2ef488fb7d0f804ce0c4.sdkstatcache -fmessage-length\=0 -fdiagnostics-show-note-include-stack -fmacro-backtrace-limit\=0 -fno-color-diagnostics -fmodules-prune-interval\=86400 -fmodules-prune-after\=345600 -fbuild-session-file\=/Users/aleks/Library/Developer/Xcode/DerivedData/ModuleCache.noindex/Session.modulevalidation -fmodules-validate-once-per-build-session -Wnon-modular-include-in-framework-module -Werror\=non-modular-include-in-framework-module -Wno-trigraphs -Wno-missing-field-initializers -Wno-missing-prototypes -Wno-return-type -Wno-implicit-atomic-properties -Wno-objc-interface-ivars -Wno-arc-repeated-use-of-weak -Wno-missing-braces -Wparentheses -Wswitch -Wno-unused-function -Wno-unused-label -Wno-unused-parameter -Wno-unused-variable -Wunused-value -Wno-empty-body -Wno-uninitialized -Wno-unknown-pragmas -w -Wno-shadow -Wno-four-char-constants -Wno-conversion -Wno-constant-conversion -Wno-int-conversion -Wno-bool-conversion -Wno-enum-conversion -Wno-float-conversion -Wno-non-literal-null-conversion -Wno-objc-literal-conversion -Wshorten-64-to-32 -Wpointer-sign -Wno-newline-eof -Wno-selector -Wno-strict-selector-match -Wno-undeclared-selector -Wno-deprecated-implementations -Wno-implicit-fallthrough -fstrict-aliasing -Wprotocol -Wdeprecated-declarations -Wno-sign-conversion -Wno-infinite-recursion -Wno-comma -Wno-block-capture-autoreleasing -Wno-strict-prototypes -Wno-semicolon-before-method-body -index-store-path /Users/aleks/Library/Developer/Xcode/DerivedData/PlanItApp-gkehojshtcbfvhersqwajfujohau/Index.noindex/DataStore @/Users/aleks/Library/Developer/Xcode/DerivedData/PlanItApp-gkehojshtcbfvhersqwajfujohau/Build/Intermediates.noindex/GoogleSignIn.build/Debug-iphonesimulator/GoogleSignIn.build/Objects-normal/arm64/e6072d4f65d7061329687fe24e3d63a7-common-args.resp -include /Users/aleks/Library/Developer/Xcode/DerivedData/PlanItApp-gkehojshtcbfvhersqwajfujohau/Build/Intermediates.noindex/GoogleSignIn.build/Debug-iphonesimulator/GoogleSignIn.build/DerivedSources/resource_bundle_accessor.h -MMD -MT dependencies -MF /Users/aleks/Library/Developer/Xcode/DerivedData/PlanItApp-gkehojshtcbfvhersqwajfujohau/Build/Intermediates.noindex/GoogleSignIn.build/Debug-iphonesimulator/GoogleSignIn.build/Objects-normal/arm64/GIDSignInResult.d --serialize-diagnostics /Users/aleks/Library/Developer/Xcode/DerivedData/PlanItApp-gkehojshtcbfvhersqwajfujohau/Build/Intermediates.noindex/GoogleSignIn.build/Debug-iphonesimulator/GoogleSignIn.build/Objects-normal/arm64/GIDSignInResult.dia -c /Users/aleks/Library/Developer/Xcode/DerivedData/PlanItApp-gkehojshtcbfvhersqwajfujohau/SourcePackages/checkouts/GoogleSignIn-iOS/GoogleSignIn/Sources/GIDSignInResult.m -o /Users/aleks/Library/Developer/Xcode/DerivedData/PlanItApp-gkehojshtcbfvhersqwajfujohau/Build/Intermediates.noindex/GoogleSignIn.build/Debug-iphonesimulator/GoogleSignIn.build/Objects-normal/arm64/GIDSignInResult.o -index-unit-output-path /GoogleSignIn.build/Debug-iphonesimulator/GoogleSignIn.build/Objects-normal/arm64/GIDSignInResult.o

ScanDependencies /Users/aleks/Library/Developer/Xcode/DerivedData/PlanItApp-gkehojshtcbfvhersqwajfujohau/Build/Intermediates.noindex/GoogleSignIn.build/Debug-iphonesimulator/GoogleSignIn.build/Objects-normal/arm64/GIDSignInPreferences.o /Users/aleks/Library/Developer/Xcode/DerivedData/PlanItApp-gkehojshtcbfvhersqwajfujohau/SourcePackages/checkouts/GoogleSignIn-iOS/GoogleSignIn/Sources/GIDSignInPreferences.m normal arm64 objective-c com.apple.compilers.llvm.clang.1_0.compiler (in target 'GoogleSignIn' from project 'GoogleSignIn')
    cd /Users/aleks/Desktop/PlanItApp/PlanItApp.xcodeproj
    
    Using response file: /Users/aleks/Library/Developer/Xcode/DerivedData/PlanItApp-gkehojshtcbfvhersqwajfujohau/Build/Intermediates.noindex/GoogleSignIn.build/Debug-iphonesimulator/GoogleSignIn.build/Objects-normal/arm64/e6072d4f65d7061329687fe24e3d63a7-common-args.resp
    
    builtin-ScanDependencies -o /Users/aleks/Library/Developer/Xcode/DerivedData/PlanItApp-gkehojshtcbfvhersqwajfujohau/Build/Intermediates.noindex/GoogleSignIn.build/Debug-iphonesimulator/GoogleSignIn.build/Objects-normal/arm64/GIDSignInPreferences.o.scan -- /Applications/Xcode.app/Contents/Developer/Toolchains/XcodeDefault.xctoolchain/usr/bin/clang -x objective-c -ivfsstatcache /Users/aleks/Library/Developer/Xcode/DerivedData/SDKStatCaches.noindex/iphonesimulator18.5-22F76-d5fc8ad4295d2ef488fb7d0f804ce0c4.sdkstatcache -fmessage-length\=0 -fdiagnostics-show-note-include-stack -fmacro-backtrace-limit\=0 -fno-color-diagnostics -fmodules-prune-interval\=86400 -fmodules-prune-after\=345600 -fbuild-session-file\=/Users/aleks/Library/Developer/Xcode/DerivedData/ModuleCache.noindex/Session.modulevalidation -fmodules-validate-once-per-build-session -Wnon-modular-include-in-framework-module -Werror\=non-modular-include-in-framework-module -Wno-trigraphs -Wno-missing-field-initializers -Wno-missing-prototypes -Wno-return-type -Wno-implicit-atomic-properties -Wno-objc-interface-ivars -Wno-arc-repeated-use-of-weak -Wno-missing-braces -Wparentheses -Wswitch -Wno-unused-function -Wno-unused-label -Wno-unused-parameter -Wno-unused-variable -Wunused-value -Wno-empty-body -Wno-uninitialized -Wno-unknown-pragmas -w -Wno-shadow -Wno-four-char-constants -Wno-conversion -Wno-constant-conversion -Wno-int-conversion -Wno-bool-conversion -Wno-enum-conversion -Wno-float-conversion -Wno-non-literal-null-conversion -Wno-objc-literal-conversion -Wshorten-64-to-32 -Wpointer-sign -Wno-newline-eof -Wno-selector -Wno-strict-selector-match -Wno-undeclared-selector -Wno-deprecated-implementations -Wno-implicit-fallthrough -fstrict-aliasing -Wprotocol -Wdeprecated-declarations -Wno-sign-conversion -Wno-infinite-recursion -Wno-comma -Wno-block-capture-autoreleasing -Wno-strict-prototypes -Wno-semicolon-before-method-body -index-store-path /Users/aleks/Library/Developer/Xcode/DerivedData/PlanItApp-gkehojshtcbfvhersqwajfujohau/Index.noindex/DataStore @/Users/aleks/Library/Developer/Xcode/DerivedData/PlanItApp-gkehojshtcbfvhersqwajfujohau/Build/Intermediates.noindex/GoogleSignIn.build/Debug-iphonesimulator/GoogleSignIn.build/Objects-normal/arm64/e6072d4f65d7061329687fe24e3d63a7-common-args.resp -include /Users/aleks/Library/Developer/Xcode/DerivedData/PlanItApp-gkehojshtcbfvhersqwajfujohau/Build/Intermediates.noindex/GoogleSignIn.build/Debug-iphonesimulator/GoogleSignIn.build/DerivedSources/resource_bundle_accessor.h -MMD -MT dependencies -MF /Users/aleks/Library/Developer/Xcode/DerivedData/PlanItApp-gkehojshtcbfvhersqwajfujohau/Build/Intermediates.noindex/GoogleSignIn.build/Debug-iphonesimulator/GoogleSignIn.build/Objects-normal/arm64/GIDSignInPreferences.d --serialize-diagnostics /Users/aleks/Library/Developer/Xcode/DerivedData/PlanItApp-gkehojshtcbfvhersqwajfujohau/Build/Intermediates.noindex/GoogleSignIn.build/Debug-iphonesimulator/GoogleSignIn.build/Objects-normal/arm64/GIDSignInPreferences.dia -c /Users/aleks/Library/Developer/Xcode/DerivedData/PlanItApp-gkehojshtcbfvhersqwajfujohau/SourcePackages/checkouts/GoogleSignIn-iOS/GoogleSignIn/Sources/GIDSignInPreferences.m -o /Users/aleks/Library/Developer/Xcode/DerivedData/PlanItApp-gkehojshtcbfvhersqwajfujohau/Build/Intermediates.noindex/GoogleSignIn.build/Debug-iphonesimulator/GoogleSignIn.build/Objects-normal/arm64/GIDSignInPreferences.o -index-unit-output-path /GoogleSignIn.build/Debug-iphonesimulator/GoogleSignIn.build/Objects-normal/arm64/GIDSignInPreferences.o

PrecompileModule /Users/aleks/Library/Developer/Xcode/DerivedData/PlanItApp-gkehojshtcbfvhersqwajfujohau/Build/Intermediates.noindex/ExplicitPrecompiledModules/_float-472RVJDKQQ4DGD6O2DLPQ5WZ.scan
    cd /Users/aleks/Desktop/PlanItApp/PlanItApp.xcodeproj
    builtin-precompileModule /Users/aleks/Library/Developer/Xcode/DerivedData/PlanItApp-gkehojshtcbfvhersqwajfujohau/Build/Intermediates.noindex/ExplicitPrecompiledModules/_float-472RVJDKQQ4DGD6O2DLPQ5WZ.scan

PrecompileModule /Users/aleks/Library/Developer/Xcode/DerivedData/PlanItApp-gkehojshtcbfvhersqwajfujohau/Build/Intermediates.noindex/ExplicitPrecompiledModules/ptrauth-6LC43AMYM7UD1C48P68D6GW01.scan
    cd /Users/aleks/Desktop/PlanItApp/PlanItApp.xcodeproj
    builtin-precompileModule /Users/aleks/Library/Developer/Xcode/DerivedData/PlanItApp-gkehojshtcbfvhersqwajfujohau/Build/Intermediates.noindex/ExplicitPrecompiledModules/ptrauth-6LC43AMYM7UD1C48P68D6GW01.scan

PrecompileModule /Users/aleks/Library/Developer/Xcode/DerivedData/PlanItApp-gkehojshtcbfvhersqwajfujohau/Build/Intermediates.noindex/ExplicitPrecompiledModules/ptrcheck-2UXMK8FCL75BJRGXG32CB1X11.scan
    cd /Users/aleks/Desktop/PlanItApp/PlanItApp.xcodeproj
    builtin-precompileModule /Users/aleks/Library/Developer/Xcode/DerivedData/PlanItApp-gkehojshtcbfvhersqwajfujohau/Build/Intermediates.noindex/ExplicitPrecompiledModules/ptrcheck-2UXMK8FCL75BJRGXG32CB1X11.scan

PrecompileModule /Users/aleks/Library/Developer/Xcode/DerivedData/PlanItApp-gkehojshtcbfvhersqwajfujohau/Build/Intermediates.noindex/ExplicitPrecompiledModules/_Builtin_stdbool-7XTT1FJRQE9YGAWV1XQ14AESS.scan
    cd /Users/aleks/Desktop/PlanItApp/PlanItApp.xcodeproj
    builtin-precompileModule /Users/aleks/Library/Developer/Xcode/DerivedData/PlanItApp-gkehojshtcbfvhersqwajfujohau/Build/Intermediates.noindex/ExplicitPrecompiledModules/_Builtin_stdbool-7XTT1FJRQE9YGAWV1XQ14AESS.scan

PrecompileModule /Users/aleks/Library/Developer/Xcode/DerivedData/PlanItApp-gkehojshtcbfvhersqwajfujohau/Build/Intermediates.noindex/ExplicitPrecompiledModules/TargetConditionals-2XQS4Z869P5FSNJ6VM8GTPINZ.scan
    cd /Users/aleks/Desktop/PlanItApp/PlanItApp.xcodeproj
    builtin-precompileModule /Users/aleks/Library/Developer/Xcode/DerivedData/PlanItApp-gkehojshtcbfvhersqwajfujohau/Build/Intermediates.noindex/ExplicitPrecompiledModules/TargetConditionals-2XQS4Z869P5FSNJ6VM8GTPINZ.scan

PrecompileModule /Users/aleks/Library/Developer/Xcode/DerivedData/PlanItApp-gkehojshtcbfvhersqwajfujohau/Build/Intermediates.noindex/ExplicitPrecompiledModules/ObjectiveC-BA9Y17TIU36USJJY9L801KYFB.scan
    cd /Users/aleks/Desktop/PlanItApp/PlanItApp.xcodeproj
    builtin-precompileModule /Users/aleks/Library/Developer/Xcode/DerivedData/PlanItApp-gkehojshtcbfvhersqwajfujohau/Build/Intermediates.noindex/ExplicitPrecompiledModules/ObjectiveC-BA9Y17TIU36USJJY9L801KYFB.scan

PrecompileModule /Users/aleks/Library/Developer/Xcode/DerivedData/PlanItApp-gkehojshtcbfvhersqwajfujohau/Build/Intermediates.noindex/ExplicitPrecompiledModules/_Builtin_stdarg-783HT4IFXQDOLIUI2WQNWHKR7.scan
    cd /Users/aleks/Desktop/PlanItApp/PlanItApp.xcodeproj
    builtin-precompileModule /Users/aleks/Library/Developer/Xcode/DerivedData/PlanItApp-gkehojshtcbfvhersqwajfujohau/Build/Intermediates.noindex/ExplicitPrecompiledModules/_Builtin_stdarg-783HT4IFXQDOLIUI2WQNWHKR7.scan

PrecompileModule /Users/aleks/Library/Developer/Xcode/DerivedData/PlanItApp-gkehojshtcbfvhersqwajfujohau/Build/Intermediates.noindex/ExplicitPrecompiledModules/_Builtin_iso646-4VYS8DYM5EWQ0NDXTWQMP4OCH.scan
    cd /Users/aleks/Desktop/PlanItApp/PlanItApp.xcodeproj
    builtin-precompileModule /Users/aleks/Library/Developer/Xcode/DerivedData/PlanItApp-gkehojshtcbfvhersqwajfujohau/Build/Intermediates.noindex/ExplicitPrecompiledModules/_Builtin_iso646-4VYS8DYM5EWQ0NDXTWQMP4OCH.scan

PrecompileModule /Users/aleks/Library/Developer/Xcode/DerivedData/PlanItApp-gkehojshtcbfvhersqwajfujohau/Build/Intermediates.noindex/ExplicitPrecompiledModules/os_availability_internal-57136JN9QZHZS43229PDMVUH0.scan
    cd /Users/aleks/Desktop/PlanItApp/PlanItApp.xcodeproj
    builtin-precompileModule /Users/aleks/Library/Developer/Xcode/DerivedData/PlanItApp-gkehojshtcbfvhersqwajfujohau/Build/Intermediates.noindex/ExplicitPrecompiledModules/os_availability_internal-57136JN9QZHZS43229PDMVUH0.scan

PrecompileModule /Users/aleks/Library/Developer/Xcode/DerivedData/PlanItApp-gkehojshtcbfvhersqwajfujohau/Build/Intermediates.noindex/ExplicitPrecompiledModules/_fenv-DJSE2VY39DP10W0D8SKHCXY9C.scan
    cd /Users/aleks/Desktop/PlanItApp/PlanItApp.xcodeproj
    builtin-precompileModule /Users/aleks/Library/Developer/Xcode/DerivedData/PlanItApp-gkehojshtcbfvhersqwajfujohau/Build/Intermediates.noindex/ExplicitPrecompiledModules/_fenv-DJSE2VY39DP10W0D8SKHCXY9C.scan

PrecompileModule /Users/aleks/Library/Developer/Xcode/DerivedData/PlanItApp-gkehojshtcbfvhersqwajfujohau/Build/Intermediates.noindex/ExplicitPrecompiledModules/_Builtin_float-8TEJZZ8UV7K22KVNEWSJKE0SE.scan
    cd /Users/aleks/Desktop/PlanItApp/PlanItApp.xcodeproj
    builtin-precompileModule /Users/aleks/Library/Developer/Xcode/DerivedData/PlanItApp-gkehojshtcbfvhersqwajfujohau/Build/Intermediates.noindex/ExplicitPrecompiledModules/_Builtin_float-8TEJZZ8UV7K22KVNEWSJKE0SE.scan

PrecompileModule /Users/aleks/Library/Developer/Xcode/DerivedData/PlanItApp-gkehojshtcbfvhersqwajfujohau/Build/Intermediates.noindex/ExplicitPrecompiledModules/_Builtin_stddef-AGDL428KJIEEUPAKM926NHJVE.scan
    cd /Users/aleks/Desktop/PlanItApp/PlanItApp.xcodeproj
    builtin-precompileModule /Users/aleks/Library/Developer/Xcode/DerivedData/PlanItApp-gkehojshtcbfvhersqwajfujohau/Build/Intermediates.noindex/ExplicitPrecompiledModules/_Builtin_stddef-AGDL428KJIEEUPAKM926NHJVE.scan

ScanDependencies /Users/aleks/Library/Developer/Xcode/DerivedData/PlanItApp-gkehojshtcbfvhersqwajfujohau/Build/Intermediates.noindex/GoogleSignIn.build/Debug-iphonesimulator/GoogleSignIn.build/Objects-normal/arm64/GIDSignInInternalOptions.o /Users/aleks/Library/Developer/Xcode/DerivedData/PlanItApp-gkehojshtcbfvhersqwajfujohau/SourcePackages/checkouts/GoogleSignIn-iOS/GoogleSignIn/Sources/GIDSignInInternalOptions.m normal arm64 objective-c com.apple.compilers.llvm.clang.1_0.compiler (in target 'GoogleSignIn' from project 'GoogleSignIn')
    cd /Users/aleks/Desktop/PlanItApp/PlanItApp.xcodeproj
    
    Using response file: /Users/aleks/Library/Developer/Xcode/DerivedData/PlanItApp-gkehojshtcbfvhersqwajfujohau/Build/Intermediates.noindex/GoogleSignIn.build/Debug-iphonesimulator/GoogleSignIn.build/Objects-normal/arm64/e6072d4f65d7061329687fe24e3d63a7-common-args.resp
    
    builtin-ScanDependencies -o /Users/aleks/Library/Developer/Xcode/DerivedData/PlanItApp-gkehojshtcbfvhersqwajfujohau/Build/Intermediates.noindex/GoogleSignIn.build/Debug-iphonesimulator/GoogleSignIn.build/Objects-normal/arm64/GIDSignInInternalOptions.o.scan -- /Applications/Xcode.app/Contents/Developer/Toolchains/XcodeDefault.xctoolchain/usr/bin/clang -x objective-c -ivfsstatcache /Users/aleks/Library/Developer/Xcode/DerivedData/SDKStatCaches.noindex/iphonesimulator18.5-22F76-d5fc8ad4295d2ef488fb7d0f804ce0c4.sdkstatcache -fmessage-length\=0 -fdiagnostics-show-note-include-stack -fmacro-backtrace-limit\=0 -fno-color-diagnostics -fmodules-prune-interval\=86400 -fmodules-prune-after\=345600 -fbuild-session-file\=/Users/aleks/Library/Developer/Xcode/DerivedData/ModuleCache.noindex/Session.modulevalidation -fmodules-validate-once-per-build-session -Wnon-modular-include-in-framework-module -Werror\=non-modular-include-in-framework-module -Wno-trigraphs -Wno-missing-field-initializers -Wno-missing-prototypes -Wno-return-type -Wno-implicit-atomic-properties -Wno-objc-interface-ivars -Wno-arc-repeated-use-of-weak -Wno-missing-braces -Wparentheses -Wswitch -Wno-unused-function -Wno-unused-label -Wno-unused-parameter -Wno-unused-variable -Wunused-value -Wno-empty-body -Wno-uninitialized -Wno-unknown-pragmas -w -Wno-shadow -Wno-four-char-constants -Wno-conversion -Wno-constant-conversion -Wno-int-conversion -Wno-bool-conversion -Wno-enum-conversion -Wno-float-conversion -Wno-non-literal-null-conversion -Wno-objc-literal-conversion -Wshorten-64-to-32 -Wpointer-sign -Wno-newline-eof -Wno-selector -Wno-strict-selector-match -Wno-undeclared-selector -Wno-deprecated-implementations -Wno-implicit-fallthrough -fstrict-aliasing -Wprotocol -Wdeprecated-declarations -Wno-sign-conversion -Wno-infinite-recursion -Wno-comma -Wno-block-capture-autoreleasing -Wno-strict-prototypes -Wno-semicolon-before-method-body -index-store-path /Users/aleks/Library/Developer/Xcode/DerivedData/PlanItApp-gkehojshtcbfvhersqwajfujohau/Index.noindex/DataStore @/Users/aleks/Library/Developer/Xcode/DerivedData/PlanItApp-gkehojshtcbfvhersqwajfujohau/Build/Intermediates.noindex/GoogleSignIn.build/Debug-iphonesimulator/GoogleSignIn.build/Objects-normal/arm64/e6072d4f65d7061329687fe24e3d63a7-common-args.resp -include /Users/aleks/Library/Developer/Xcode/DerivedData/PlanItApp-gkehojshtcbfvhersqwajfujohau/Build/Intermediates.noindex/GoogleSignIn.build/Debug-iphonesimulator/GoogleSignIn.build/DerivedSources/resource_bundle_accessor.h -MMD -MT dependencies -MF /Users/aleks/Library/Developer/Xcode/DerivedData/PlanItApp-gkehojshtcbfvhersqwajfujohau/Build/Intermediates.noindex/GoogleSignIn.build/Debug-iphonesimulator/GoogleSignIn.build/Objects-normal/arm64/GIDSignInInternalOptions.d --serialize-diagnostics /Users/aleks/Library/Developer/Xcode/DerivedData/PlanItApp-gkehojshtcbfvhersqwajfujohau/Build/Intermediates.noindex/GoogleSignIn.build/Debug-iphonesimulator/GoogleSignIn.build/Objects-normal/arm64/GIDSignInInternalOptions.dia -c /Users/aleks/Library/Developer/Xcode/DerivedData/PlanItApp-gkehojshtcbfvhersqwajfujohau/SourcePackages/checkouts/GoogleSignIn-iOS/GoogleSignIn/Sources/GIDSignInInternalOptions.m -o /Users/aleks/Library/Developer/Xcode/DerivedData/PlanItApp-gkehojshtcbfvhersqwajfujohau/Build/Intermediates.noindex/GoogleSignIn.build/Debug-iphonesimulator/GoogleSignIn.build/Objects-normal/arm64/GIDSignInInternalOptions.o -index-unit-output-path /GoogleSignIn.build/Debug-iphonesimulator/GoogleSignIn.build/Objects-normal/arm64/GIDSignInInternalOptions.o

ScanDependencies /Users/aleks/Library/Developer/Xcode/DerivedData/PlanItApp-gkehojshtcbfvhersqwajfujohau/Build/Intermediates.noindex/GoogleSignIn.build/Debug-iphonesimulator/GoogleSignIn.build/Objects-normal/arm64/GIDSignInCallbackSchemes.o /Users/aleks/Library/Developer/Xcode/DerivedData/PlanItApp-gkehojshtcbfvhersqwajfujohau/SourcePackages/checkouts/GoogleSignIn-iOS/GoogleSignIn/Sources/GIDSignInCallbackSchemes.m normal arm64 objective-c com.apple.compilers.llvm.clang.1_0.compiler (in target 'GoogleSignIn' from project 'GoogleSignIn')
    cd /Users/aleks/Desktop/PlanItApp/PlanItApp.xcodeproj
    
    Using response file: /Users/aleks/Library/Developer/Xcode/DerivedData/PlanItApp-gkehojshtcbfvhersqwajfujohau/Build/Intermediates.noindex/GoogleSignIn.build/Debug-iphonesimulator/GoogleSignIn.build/Objects-normal/arm64/e6072d4f65d7061329687fe24e3d63a7-common-args.resp
    
    builtin-ScanDependencies -o /Users/aleks/Library/Developer/Xcode/DerivedData/PlanItApp-gkehojshtcbfvhersqwajfujohau/Build/Intermediates.noindex/GoogleSignIn.build/Debug-iphonesimulator/GoogleSignIn.build/Objects-normal/arm64/GIDSignInCallbackSchemes.o.scan -- /Applications/Xcode.app/Contents/Developer/Toolchains/XcodeDefault.xctoolchain/usr/bin/clang -x objective-c -ivfsstatcache /Users/aleks/Library/Developer/Xcode/DerivedData/SDKStatCaches.noindex/iphonesimulator18.5-22F76-d5fc8ad4295d2ef488fb7d0f804ce0c4.sdkstatcache -fmessage-length\=0 -fdiagnostics-show-note-include-stack -fmacro-backtrace-limit\=0 -fno-color-diagnostics -fmodules-prune-interval\=86400 -fmodules-prune-after\=345600 -fbuild-session-file\=/Users/aleks/Library/Developer/Xcode/DerivedData/ModuleCache.noindex/Session.modulevalidation -fmodules-validate-once-per-build-session -Wnon-modular-include-in-framework-module -Werror\=non-modular-include-in-framework-module -Wno-trigraphs -Wno-missing-field-initializers -Wno-missing-prototypes -Wno-return-type -Wno-implicit-atomic-properties -Wno-objc-interface-ivars -Wno-arc-repeated-use-of-weak -Wno-missing-braces -Wparentheses -Wswitch -Wno-unused-function -Wno-unused-label -Wno-unused-parameter -Wno-unused-variable -Wunused-value -Wno-empty-body -Wno-uninitialized -Wno-unknown-pragmas -w -Wno-shadow -Wno-four-char-constants -Wno-conversion -Wno-constant-conversion -Wno-int-conversion -Wno-bool-conversion -Wno-enum-conversion -Wno-float-conversion -Wno-non-literal-null-conversion -Wno-objc-literal-conversion -Wshorten-64-to-32 -Wpointer-sign -Wno-newline-eof -Wno-selector -Wno-strict-selector-match -Wno-undeclared-selector -Wno-deprecated-implementations -Wno-implicit-fallthrough -fstrict-aliasing -Wprotocol -Wdeprecated-declarations -Wno-sign-conversion -Wno-infinite-recursion -Wno-comma -Wno-block-capture-autoreleasing -Wno-strict-prototypes -Wno-semicolon-before-method-body -index-store-path /Users/aleks/Library/Developer/Xcode/DerivedData/PlanItApp-gkehojshtcbfvhersqwajfujohau/Index.noindex/DataStore @/Users/aleks/Library/Developer/Xcode/DerivedData/PlanItApp-gkehojshtcbfvhersqwajfujohau/Build/Intermediates.noindex/GoogleSignIn.build/Debug-iphonesimulator/GoogleSignIn.build/Objects-normal/arm64/e6072d4f65d7061329687fe24e3d63a7-common-args.resp -include /Users/aleks/Library/Developer/Xcode/DerivedData/PlanItApp-gkehojshtcbfvhersqwajfujohau/Build/Intermediates.noindex/GoogleSignIn.build/Debug-iphonesimulator/GoogleSignIn.build/DerivedSources/resource_bundle_accessor.h -MMD -MT dependencies -MF /Users/aleks/Library/Developer/Xcode/DerivedData/PlanItApp-gkehojshtcbfvhersqwajfujohau/Build/Intermediates.noindex/GoogleSignIn.build/Debug-iphonesimulator/GoogleSignIn.build/Objects-normal/arm64/GIDSignInCallbackSchemes.d --serialize-diagnostics /Users/aleks/Library/Developer/Xcode/DerivedData/PlanItApp-gkehojshtcbfvhersqwajfujohau/Build/Intermediates.noindex/GoogleSignIn.build/Debug-iphonesimulator/GoogleSignIn.build/Objects-normal/arm64/GIDSignInCallbackSchemes.dia -c /Users/aleks/Library/Developer/Xcode/DerivedData/PlanItApp-gkehojshtcbfvhersqwajfujohau/SourcePackages/checkouts/GoogleSignIn-iOS/GoogleSignIn/Sources/GIDSignInCallbackSchemes.m -o /Users/aleks/Library/Developer/Xcode/DerivedData/PlanItApp-gkehojshtcbfvhersqwajfujohau/Build/Intermediates.noindex/GoogleSignIn.build/Debug-iphonesimulator/GoogleSignIn.build/Objects-normal/arm64/GIDSignInCallbackSchemes.o -index-unit-output-path /GoogleSignIn.build/Debug-iphonesimulator/GoogleSignIn.build/Objects-normal/arm64/GIDSignInCallbackSchemes.o

ScanDependencies /Users/aleks/Library/Developer/Xcode/DerivedData/PlanItApp-gkehojshtcbfvhersqwajfujohau/Build/Intermediates.noindex/GoogleSignIn.build/Debug-iphonesimulator/GoogleSignIn.build/Objects-normal/arm64/GIDSignInButton.o /Users/aleks/Library/Developer/Xcode/DerivedData/PlanItApp-gkehojshtcbfvhersqwajfujohau/SourcePackages/checkouts/GoogleSignIn-iOS/GoogleSignIn/Sources/GIDSignInButton.m normal arm64 objective-c com.apple.compilers.llvm.clang.1_0.compiler (in target 'GoogleSignIn' from project 'GoogleSignIn')
    cd /Users/aleks/Desktop/PlanItApp/PlanItApp.xcodeproj
    
    Using response file: /Users/aleks/Library/Developer/Xcode/DerivedData/PlanItApp-gkehojshtcbfvhersqwajfujohau/Build/Intermediates.noindex/GoogleSignIn.build/Debug-iphonesimulator/GoogleSignIn.build/Objects-normal/arm64/e6072d4f65d7061329687fe24e3d63a7-common-args.resp
    
    builtin-ScanDependencies -o /Users/aleks/Library/Developer/Xcode/DerivedData/PlanItApp-gkehojshtcbfvhersqwajfujohau/Build/Intermediates.noindex/GoogleSignIn.build/Debug-iphonesimulator/GoogleSignIn.build/Objects-normal/arm64/GIDSignInButton.o.scan -- /Applications/Xcode.app/Contents/Developer/Toolchains/XcodeDefault.xctoolchain/usr/bin/clang -x objective-c -ivfsstatcache /Users/aleks/Library/Developer/Xcode/DerivedData/SDKStatCaches.noindex/iphonesimulator18.5-22F76-d5fc8ad4295d2ef488fb7d0f804ce0c4.sdkstatcache -fmessage-length\=0 -fdiagnostics-show-note-include-stack -fmacro-backtrace-limit\=0 -fno-color-diagnostics -fmodules-prune-interval\=86400 -fmodules-prune-after\=345600 -fbuild-session-file\=/Users/aleks/Library/Developer/Xcode/DerivedData/ModuleCache.noindex/Session.modulevalidation -fmodules-validate-once-per-build-session -Wnon-modular-include-in-framework-module -Werror\=non-modular-include-in-framework-module -Wno-trigraphs -Wno-missing-field-initializers -Wno-missing-prototypes -Wno-return-type -Wno-implicit-atomic-properties -Wno-objc-interface-ivars -Wno-arc-repeated-use-of-weak -Wno-missing-braces -Wparentheses -Wswitch -Wno-unused-function -Wno-unused-label -Wno-unused-parameter -Wno-unused-variable -Wunused-value -Wno-empty-body -Wno-uninitialized -Wno-unknown-pragmas -w -Wno-shadow -Wno-four-char-constants -Wno-conversion -Wno-constant-conversion -Wno-int-conversion -Wno-bool-conversion -Wno-enum-conversion -Wno-float-conversion -Wno-non-literal-null-conversion -Wno-objc-literal-conversion -Wshorten-64-to-32 -Wpointer-sign -Wno-newline-eof -Wno-selector -Wno-strict-selector-match -Wno-undeclared-selector -Wno-deprecated-implementations -Wno-implicit-fallthrough -fstrict-aliasing -Wprotocol -Wdeprecated-declarations -Wno-sign-conversion -Wno-infinite-recursion -Wno-comma -Wno-block-capture-autoreleasing -Wno-strict-prototypes -Wno-semicolon-before-method-body -index-store-path /Users/aleks/Library/Developer/Xcode/DerivedData/PlanItApp-gkehojshtcbfvhersqwajfujohau/Index.noindex/DataStore @/Users/aleks/Library/Developer/Xcode/DerivedData/PlanItApp-gkehojshtcbfvhersqwajfujohau/Build/Intermediates.noindex/GoogleSignIn.build/Debug-iphonesimulator/GoogleSignIn.build/Objects-normal/arm64/e6072d4f65d7061329687fe24e3d63a7-common-args.resp -include /Users/aleks/Library/Developer/Xcode/DerivedData/PlanItApp-gkehojshtcbfvhersqwajfujohau/Build/Intermediates.noindex/GoogleSignIn.build/Debug-iphonesimulator/GoogleSignIn.build/DerivedSources/resource_bundle_accessor.h -MMD -MT dependencies -MF /Users/aleks/Library/Developer/Xcode/DerivedData/PlanItApp-gkehojshtcbfvhersqwajfujohau/Build/Intermediates.noindex/GoogleSignIn.build/Debug-iphonesimulator/GoogleSignIn.build/Objects-normal/arm64/GIDSignInButton.d --serialize-diagnostics /Users/aleks/Library/Developer/Xcode/DerivedData/PlanItApp-gkehojshtcbfvhersqwajfujohau/Build/Intermediates.noindex/GoogleSignIn.build/Debug-iphonesimulator/GoogleSignIn.build/Objects-normal/arm64/GIDSignInButton.dia -c /Users/aleks/Library/Developer/Xcode/DerivedData/PlanItApp-gkehojshtcbfvhersqwajfujohau/SourcePackages/checkouts/GoogleSignIn-iOS/GoogleSignIn/Sources/GIDSignInButton.m -o /Users/aleks/Library/Developer/Xcode/DerivedData/PlanItApp-gkehojshtcbfvhersqwajfujohau/Build/Intermediates.noindex/GoogleSignIn.build/Debug-iphonesimulator/GoogleSignIn.build/Objects-normal/arm64/GIDSignInButton.o -index-unit-output-path /GoogleSignIn.build/Debug-iphonesimulator/GoogleSignIn.build/Objects-normal/arm64/GIDSignInButton.o

PrecompileModule /Users/aleks/Library/Developer/Xcode/DerivedData/PlanItApp-gkehojshtcbfvhersqwajfujohau/Build/Intermediates.noindex/ExplicitPrecompiledModules/os_availability-8IT0P0LCLZWEXGQGTMT9S8Z1Y.scan
    cd /Users/aleks/Desktop/PlanItApp/PlanItApp.xcodeproj
    builtin-precompileModule /Users/aleks/Library/Developer/Xcode/DerivedData/PlanItApp-gkehojshtcbfvhersqwajfujohau/Build/Intermediates.noindex/ExplicitPrecompiledModules/os_availability-8IT0P0LCLZWEXGQGTMT9S8Z1Y.scan

PrecompileModule /Users/aleks/Library/Developer/Xcode/DerivedData/PlanItApp-gkehojshtcbfvhersqwajfujohau/Build/Intermediates.noindex/ExplicitPrecompiledModules/os_object-8OC13UQ4XLTIHV56SSS4VFGBB.scan
    cd /Users/aleks/Desktop/PlanItApp/PlanItApp.xcodeproj
    builtin-precompileModule /Users/aleks/Library/Developer/Xcode/DerivedData/PlanItApp-gkehojshtcbfvhersqwajfujohau/Build/Intermediates.noindex/ExplicitPrecompiledModules/os_object-8OC13UQ4XLTIHV56SSS4VFGBB.scan

ScanDependencies /Users/aleks/Library/Developer/Xcode/DerivedData/PlanItApp-gkehojshtcbfvhersqwajfujohau/Build/Intermediates.noindex/GoogleSignIn.build/Debug-iphonesimulator/GoogleSignIn.build/Objects-normal/arm64/GIDSignIn.o /Users/aleks/Library/Developer/Xcode/DerivedData/PlanItApp-gkehojshtcbfvhersqwajfujohau/SourcePackages/checkouts/GoogleSignIn-iOS/GoogleSignIn/Sources/GIDSignIn.m normal arm64 objective-c com.apple.compilers.llvm.clang.1_0.compiler (in target 'GoogleSignIn' from project 'GoogleSignIn')
    cd /Users/aleks/Desktop/PlanItApp/PlanItApp.xcodeproj
    
    Using response file: /Users/aleks/Library/Developer/Xcode/DerivedData/PlanItApp-gkehojshtcbfvhersqwajfujohau/Build/Intermediates.noindex/GoogleSignIn.build/Debug-iphonesimulator/GoogleSignIn.build/Objects-normal/arm64/e6072d4f65d7061329687fe24e3d63a7-common-args.resp
    
    builtin-ScanDependencies -o /Users/aleks/Library/Developer/Xcode/DerivedData/PlanItApp-gkehojshtcbfvhersqwajfujohau/Build/Intermediates.noindex/GoogleSignIn.build/Debug-iphonesimulator/GoogleSignIn.build/Objects-normal/arm64/GIDSignIn.o.scan -- /Applications/Xcode.app/Contents/Developer/Toolchains/XcodeDefault.xctoolchain/usr/bin/clang -x objective-c -ivfsstatcache /Users/aleks/Library/Developer/Xcode/DerivedData/SDKStatCaches.noindex/iphonesimulator18.5-22F76-d5fc8ad4295d2ef488fb7d0f804ce0c4.sdkstatcache -fmessage-length\=0 -fdiagnostics-show-note-include-stack -fmacro-backtrace-limit\=0 -fno-color-diagnostics -fmodules-prune-interval\=86400 -fmodules-prune-after\=345600 -fbuild-session-file\=/Users/aleks/Library/Developer/Xcode/DerivedData/ModuleCache.noindex/Session.modulevalidation -fmodules-validate-once-per-build-session -Wnon-modular-include-in-framework-module -Werror\=non-modular-include-in-framework-module -Wno-trigraphs -Wno-missing-field-initializers -Wno-missing-prototypes -Wno-return-type -Wno-implicit-atomic-properties -Wno-objc-interface-ivars -Wno-arc-repeated-use-of-weak -Wno-missing-braces -Wparentheses -Wswitch -Wno-unused-function -Wno-unused-label -Wno-unused-parameter -Wno-unused-variable -Wunused-value -Wno-empty-body -Wno-uninitialized -Wno-unknown-pragmas -w -Wno-shadow -Wno-four-char-constants -Wno-conversion -Wno-constant-conversion -Wno-int-conversion -Wno-bool-conversion -Wno-enum-conversion -Wno-float-conversion -Wno-non-literal-null-conversion -Wno-objc-literal-conversion -Wshorten-64-to-32 -Wpointer-sign -Wno-newline-eof -Wno-selector -Wno-strict-selector-match -Wno-undeclared-selector -Wno-deprecated-implementations -Wno-implicit-fallthrough -fstrict-aliasing -Wprotocol -Wdeprecated-declarations -Wno-sign-conversion -Wno-infinite-recursion -Wno-comma -Wno-block-capture-autoreleasing -Wno-strict-prototypes -Wno-semicolon-before-method-body -index-store-path /Users/aleks/Library/Developer/Xcode/DerivedData/PlanItApp-gkehojshtcbfvhersqwajfujohau/Index.noindex/DataStore @/Users/aleks/Library/Developer/Xcode/DerivedData/PlanItApp-gkehojshtcbfvhersqwajfujohau/Build/Intermediates.noindex/GoogleSignIn.build/Debug-iphonesimulator/GoogleSignIn.build/Objects-normal/arm64/e6072d4f65d7061329687fe24e3d63a7-common-args.resp -include /Users/aleks/Library/Developer/Xcode/DerivedData/PlanItApp-gkehojshtcbfvhersqwajfujohau/Build/Intermediates.noindex/GoogleSignIn.build/Debug-iphonesimulator/GoogleSignIn.build/DerivedSources/resource_bundle_accessor.h -MMD -MT dependencies -MF /Users/aleks/Library/Developer/Xcode/DerivedData/PlanItApp-gkehojshtcbfvhersqwajfujohau/Build/Intermediates.noindex/GoogleSignIn.build/Debug-iphonesimulator/GoogleSignIn.build/Objects-normal/arm64/GIDSignIn.d --serialize-diagnostics /Users/aleks/Library/Developer/Xcode/DerivedData/PlanItApp-gkehojshtcbfvhersqwajfujohau/Build/Intermediates.noindex/GoogleSignIn.build/Debug-iphonesimulator/GoogleSignIn.build/Objects-normal/arm64/GIDSignIn.dia -c /Users/aleks/Library/Developer/Xcode/DerivedData/PlanItApp-gkehojshtcbfvhersqwajfujohau/SourcePackages/checkouts/GoogleSignIn-iOS/GoogleSignIn/Sources/GIDSignIn.m -o /Users/aleks/Library/Developer/Xcode/DerivedData/PlanItApp-gkehojshtcbfvhersqwajfujohau/Build/Intermediates.noindex/GoogleSignIn.build/Debug-iphonesimulator/GoogleSignIn.build/Objects-normal/arm64/GIDSignIn.o -index-unit-output-path /GoogleSignIn.build/Debug-iphonesimulator/GoogleSignIn.build/Objects-normal/arm64/GIDSignIn.o

PrecompileModule /Users/aleks/Library/Developer/Xcode/DerivedData/PlanItApp-gkehojshtcbfvhersqwajfujohau/Build/Intermediates.noindex/ExplicitPrecompiledModules/AvailabilityMacros-DUA70Z07HTUYN8W7SSB7H2RHK.scan
    cd /Users/aleks/Desktop/PlanItApp/PlanItApp.xcodeproj
    builtin-precompileModule /Users/aleks/Library/Developer/Xcode/DerivedData/PlanItApp-gkehojshtcbfvhersqwajfujohau/Build/Intermediates.noindex/ExplicitPrecompiledModules/AvailabilityMacros-DUA70Z07HTUYN8W7SSB7H2RHK.scan

PrecompileModule /Users/aleks/Library/Developer/Xcode/DerivedData/PlanItApp-gkehojshtcbfvhersqwajfujohau/Build/Intermediates.noindex/ExplicitPrecompiledModules/DarwinFoundation-58VX3MCQ457SRFNYGXCQ8T8KB.scan
    cd /Users/aleks/Desktop/PlanItApp/PlanItApp.xcodeproj
    builtin-precompileModule /Users/aleks/Library/Developer/Xcode/DerivedData/PlanItApp-gkehojshtcbfvhersqwajfujohau/Build/Intermediates.noindex/ExplicitPrecompiledModules/DarwinFoundation-58VX3MCQ457SRFNYGXCQ8T8KB.scan

ScanDependencies /Users/aleks/Library/Developer/Xcode/DerivedData/PlanItApp-gkehojshtcbfvhersqwajfujohau/Build/Intermediates.noindex/GoogleSignIn.build/Debug-iphonesimulator/GoogleSignIn.build/Objects-normal/arm64/GIDScopes.o /Users/aleks/Library/Developer/Xcode/DerivedData/PlanItApp-gkehojshtcbfvhersqwajfujohau/SourcePackages/checkouts/GoogleSignIn-iOS/GoogleSignIn/Sources/GIDScopes.m normal arm64 objective-c com.apple.compilers.llvm.clang.1_0.compiler (in target 'GoogleSignIn' from project 'GoogleSignIn')
    cd /Users/aleks/Desktop/PlanItApp/PlanItApp.xcodeproj
    
    Using response file: /Users/aleks/Library/Developer/Xcode/DerivedData/PlanItApp-gkehojshtcbfvhersqwajfujohau/Build/Intermediates.noindex/GoogleSignIn.build/Debug-iphonesimulator/GoogleSignIn.build/Objects-normal/arm64/e6072d4f65d7061329687fe24e3d63a7-common-args.resp
    
    builtin-ScanDependencies -o /Users/aleks/Library/Developer/Xcode/DerivedData/PlanItApp-gkehojshtcbfvhersqwajfujohau/Build/Intermediates.noindex/GoogleSignIn.build/Debug-iphonesimulator/GoogleSignIn.build/Objects-normal/arm64/GIDScopes.o.scan -- /Applications/Xcode.app/Contents/Developer/Toolchains/XcodeDefault.xctoolchain/usr/bin/clang -x objective-c -ivfsstatcache /Users/aleks/Library/Developer/Xcode/DerivedData/SDKStatCaches.noindex/iphonesimulator18.5-22F76-d5fc8ad4295d2ef488fb7d0f804ce0c4.sdkstatcache -fmessage-length\=0 -fdiagnostics-show-note-include-stack -fmacro-backtrace-limit\=0 -fno-color-diagnostics -fmodules-prune-interval\=86400 -fmodules-prune-after\=345600 -fbuild-session-file\=/Users/aleks/Library/Developer/Xcode/DerivedData/ModuleCache.noindex/Session.modulevalidation -fmodules-validate-once-per-build-session -Wnon-modular-include-in-framework-module -Werror\=non-modular-include-in-framework-module -Wno-trigraphs -Wno-missing-field-initializers -Wno-missing-prototypes -Wno-return-type -Wno-implicit-atomic-properties -Wno-objc-interface-ivars -Wno-arc-repeated-use-of-weak -Wno-missing-braces -Wparentheses -Wswitch -Wno-unused-function -Wno-unused-label -Wno-unused-parameter -Wno-unused-variable -Wunused-value -Wno-empty-body -Wno-uninitialized -Wno-unknown-pragmas -w -Wno-shadow -Wno-four-char-constants -Wno-conversion -Wno-constant-conversion -Wno-int-conversion -Wno-bool-conversion -Wno-enum-conversion -Wno-float-conversion -Wno-non-literal-null-conversion -Wno-objc-literal-conversion -Wshorten-64-to-32 -Wpointer-sign -Wno-newline-eof -Wno-selector -Wno-strict-selector-match -Wno-undeclared-selector -Wno-deprecated-implementations -Wno-implicit-fallthrough -fstrict-aliasing -Wprotocol -Wdeprecated-declarations -Wno-sign-conversion -Wno-infinite-recursion -Wno-comma -Wno-block-capture-autoreleasing -Wno-strict-prototypes -Wno-semicolon-before-method-body -index-store-path /Users/aleks/Library/Developer/Xcode/DerivedData/PlanItApp-gkehojshtcbfvhersqwajfujohau/Index.noindex/DataStore @/Users/aleks/Library/Developer/Xcode/DerivedData/PlanItApp-gkehojshtcbfvhersqwajfujohau/Build/Intermediates.noindex/GoogleSignIn.build/Debug-iphonesimulator/GoogleSignIn.build/Objects-normal/arm64/e6072d4f65d7061329687fe24e3d63a7-common-args.resp -include /Users/aleks/Library/Developer/Xcode/DerivedData/PlanItApp-gkehojshtcbfvhersqwajfujohau/Build/Intermediates.noindex/GoogleSignIn.build/Debug-iphonesimulator/GoogleSignIn.build/DerivedSources/resource_bundle_accessor.h -MMD -MT dependencies -MF /Users/aleks/Library/Developer/Xcode/DerivedData/PlanItApp-gkehojshtcbfvhersqwajfujohau/Build/Intermediates.noindex/GoogleSignIn.build/Debug-iphonesimulator/GoogleSignIn.build/Objects-normal/arm64/GIDScopes.d --serialize-diagnostics /Users/aleks/Library/Developer/Xcode/DerivedData/PlanItApp-gkehojshtcbfvhersqwajfujohau/Build/Intermediates.noindex/GoogleSignIn.build/Debug-iphonesimulator/GoogleSignIn.build/Objects-normal/arm64/GIDScopes.dia -c /Users/aleks/Library/Developer/Xcode/DerivedData/PlanItApp-gkehojshtcbfvhersqwajfujohau/SourcePackages/checkouts/GoogleSignIn-iOS/GoogleSignIn/Sources/GIDScopes.m -o /Users/aleks/Library/Developer/Xcode/DerivedData/PlanItApp-gkehojshtcbfvhersqwajfujohau/Build/Intermediates.noindex/GoogleSignIn.build/Debug-iphonesimulator/GoogleSignIn.build/Objects-normal/arm64/GIDScopes.o -index-unit-output-path /GoogleSignIn.build/Debug-iphonesimulator/GoogleSignIn.build/Objects-normal/arm64/GIDScopes.o

PrecompileModule /Users/aleks/Library/Developer/Xcode/DerivedData/PlanItApp-gkehojshtcbfvhersqwajfujohau/Build/Intermediates.noindex/ExplicitPrecompiledModules/os_workgroup-9D0Q9TGL4FNRM0XFHU25I41G8.scan
    cd /Users/aleks/Desktop/PlanItApp/PlanItApp.xcodeproj
    builtin-precompileModule /Users/aleks/Library/Developer/Xcode/DerivedData/PlanItApp-gkehojshtcbfvhersqwajfujohau/Build/Intermediates.noindex/ExplicitPrecompiledModules/os_workgroup-9D0Q9TGL4FNRM0XFHU25I41G8.scan

ScanDependencies /Users/aleks/Library/Developer/Xcode/DerivedData/PlanItApp-gkehojshtcbfvhersqwajfujohau/Build/Intermediates.noindex/GoogleSignIn.build/Debug-iphonesimulator/GoogleSignIn.build/Objects-normal/arm64/GIDProfileData.o /Users/aleks/Library/Developer/Xcode/DerivedData/PlanItApp-gkehojshtcbfvhersqwajfujohau/SourcePackages/checkouts/GoogleSignIn-iOS/GoogleSignIn/Sources/GIDProfileData.m normal arm64 objective-c com.apple.compilers.llvm.clang.1_0.compiler (in target 'GoogleSignIn' from project 'GoogleSignIn')
    cd /Users/aleks/Desktop/PlanItApp/PlanItApp.xcodeproj
    
    Using response file: /Users/aleks/Library/Developer/Xcode/DerivedData/PlanItApp-gkehojshtcbfvhersqwajfujohau/Build/Intermediates.noindex/GoogleSignIn.build/Debug-iphonesimulator/GoogleSignIn.build/Objects-normal/arm64/e6072d4f65d7061329687fe24e3d63a7-common-args.resp
    
    builtin-ScanDependencies -o /Users/aleks/Library/Developer/Xcode/DerivedData/PlanItApp-gkehojshtcbfvhersqwajfujohau/Build/Intermediates.noindex/GoogleSignIn.build/Debug-iphonesimulator/GoogleSignIn.build/Objects-normal/arm64/GIDProfileData.o.scan -- /Applications/Xcode.app/Contents/Developer/Toolchains/XcodeDefault.xctoolchain/usr/bin/clang -x objective-c -ivfsstatcache /Users/aleks/Library/Developer/Xcode/DerivedData/SDKStatCaches.noindex/iphonesimulator18.5-22F76-d5fc8ad4295d2ef488fb7d0f804ce0c4.sdkstatcache -fmessage-length\=0 -fdiagnostics-show-note-include-stack -fmacro-backtrace-limit\=0 -fno-color-diagnostics -fmodules-prune-interval\=86400 -fmodules-prune-after\=345600 -fbuild-session-file\=/Users/aleks/Library/Developer/Xcode/DerivedData/ModuleCache.noindex/Session.modulevalidation -fmodules-validate-once-per-build-session -Wnon-modular-include-in-framework-module -Werror\=non-modular-include-in-framework-module -Wno-trigraphs -Wno-missing-field-initializers -Wno-missing-prototypes -Wno-return-type -Wno-implicit-atomic-properties -Wno-objc-interface-ivars -Wno-arc-repeated-use-of-weak -Wno-missing-braces -Wparentheses -Wswitch -Wno-unused-function -Wno-unused-label -Wno-unused-parameter -Wno-unused-variable -Wunused-value -Wno-empty-body -Wno-uninitialized -Wno-unknown-pragmas -w -Wno-shadow -Wno-four-char-constants -Wno-conversion -Wno-constant-conversion -Wno-int-conversion -Wno-bool-conversion -Wno-enum-conversion -Wno-float-conversion -Wno-non-literal-null-conversion -Wno-objc-literal-conversion -Wshorten-64-to-32 -Wpointer-sign -Wno-newline-eof -Wno-selector -Wno-strict-selector-match -Wno-undeclared-selector -Wno-deprecated-implementations -Wno-implicit-fallthrough -fstrict-aliasing -Wprotocol -Wdeprecated-declarations -Wno-sign-conversion -Wno-infinite-recursion -Wno-comma -Wno-block-capture-autoreleasing -Wno-strict-prototypes -Wno-semicolon-before-method-body -index-store-path /Users/aleks/Library/Developer/Xcode/DerivedData/PlanItApp-gkehojshtcbfvhersqwajfujohau/Index.noindex/DataStore @/Users/aleks/Library/Developer/Xcode/DerivedData/PlanItApp-gkehojshtcbfvhersqwajfujohau/Build/Intermediates.noindex/GoogleSignIn.build/Debug-iphonesimulator/GoogleSignIn.build/Objects-normal/arm64/e6072d4f65d7061329687fe24e3d63a7-common-args.resp -include /Users/aleks/Library/Developer/Xcode/DerivedData/PlanItApp-gkehojshtcbfvhersqwajfujohau/Build/Intermediates.noindex/GoogleSignIn.build/Debug-iphonesimulator/GoogleSignIn.build/DerivedSources/resource_bundle_accessor.h -MMD -MT dependencies -MF /Users/aleks/Library/Developer/Xcode/DerivedData/PlanItApp-gkehojshtcbfvhersqwajfujohau/Build/Intermediates.noindex/GoogleSignIn.build/Debug-iphonesimulator/GoogleSignIn.build/Objects-normal/arm64/GIDProfileData.d --serialize-diagnostics /Users/aleks/Library/Developer/Xcode/DerivedData/PlanItApp-gkehojshtcbfvhersqwajfujohau/Build/Intermediates.noindex/GoogleSignIn.build/Debug-iphonesimulator/GoogleSignIn.build/Objects-normal/arm64/GIDProfileData.dia -c /Users/aleks/Library/Developer/Xcode/DerivedData/PlanItApp-gkehojshtcbfvhersqwajfujohau/SourcePackages/checkouts/GoogleSignIn-iOS/GoogleSignIn/Sources/GIDProfileData.m -o /Users/aleks/Library/Developer/Xcode/DerivedData/PlanItApp-gkehojshtcbfvhersqwajfujohau/Build/Intermediates.noindex/GoogleSignIn.build/Debug-iphonesimulator/GoogleSignIn.build/Objects-normal/arm64/GIDProfileData.o -index-unit-output-path /GoogleSignIn.build/Debug-iphonesimulator/GoogleSignIn.build/Objects-normal/arm64/GIDProfileData.o

ScanDependencies /Users/aleks/Library/Developer/Xcode/DerivedData/PlanItApp-gkehojshtcbfvhersqwajfujohau/Build/Intermediates.noindex/GoogleSignIn.build/Debug-iphonesimulator/GoogleSignIn.build/Objects-normal/arm64/GIDMDMPasscodeState.o /Users/aleks/Library/Developer/Xcode/DerivedData/PlanItApp-gkehojshtcbfvhersqwajfujohau/SourcePackages/checkouts/GoogleSignIn-iOS/GoogleSignIn/Sources/GIDMDMPasscodeState.m normal arm64 objective-c com.apple.compilers.llvm.clang.1_0.compiler (in target 'GoogleSignIn' from project 'GoogleSignIn')
    cd /Users/aleks/Desktop/PlanItApp/PlanItApp.xcodeproj
    
    Using response file: /Users/aleks/Library/Developer/Xcode/DerivedData/PlanItApp-gkehojshtcbfvhersqwajfujohau/Build/Intermediates.noindex/GoogleSignIn.build/Debug-iphonesimulator/GoogleSignIn.build/Objects-normal/arm64/e6072d4f65d7061329687fe24e3d63a7-common-args.resp
    
    builtin-ScanDependencies -o /Users/aleks/Library/Developer/Xcode/DerivedData/PlanItApp-gkehojshtcbfvhersqwajfujohau/Build/Intermediates.noindex/GoogleSignIn.build/Debug-iphonesimulator/GoogleSignIn.build/Objects-normal/arm64/GIDMDMPasscodeState.o.scan -- /Applications/Xcode.app/Contents/Developer/Toolchains/XcodeDefault.xctoolchain/usr/bin/clang -x objective-c -ivfsstatcache /Users/aleks/Library/Developer/Xcode/DerivedData/SDKStatCaches.noindex/iphonesimulator18.5-22F76-d5fc8ad4295d2ef488fb7d0f804ce0c4.sdkstatcache -fmessage-length\=0 -fdiagnostics-show-note-include-stack -fmacro-backtrace-limit\=0 -fno-color-diagnostics -fmodules-prune-interval\=86400 -fmodules-prune-after\=345600 -fbuild-session-file\=/Users/aleks/Library/Developer/Xcode/DerivedData/ModuleCache.noindex/Session.modulevalidation -fmodules-validate-once-per-build-session -Wnon-modular-include-in-framework-module -Werror\=non-modular-include-in-framework-module -Wno-trigraphs -Wno-missing-field-initializers -Wno-missing-prototypes -Wno-return-type -Wno-implicit-atomic-properties -Wno-objc-interface-ivars -Wno-arc-repeated-use-of-weak -Wno-missing-braces -Wparentheses -Wswitch -Wno-unused-function -Wno-unused-label -Wno-unused-parameter -Wno-unused-variable -Wunused-value -Wno-empty-body -Wno-uninitialized -Wno-unknown-pragmas -w -Wno-shadow -Wno-four-char-constants -Wno-conversion -Wno-constant-conversion -Wno-int-conversion -Wno-bool-conversion -Wno-enum-conversion -Wno-float-conversion -Wno-non-literal-null-conversion -Wno-objc-literal-conversion -Wshorten-64-to-32 -Wpointer-sign -Wno-newline-eof -Wno-selector -Wno-strict-selector-match -Wno-undeclared-selector -Wno-deprecated-implementations -Wno-implicit-fallthrough -fstrict-aliasing -Wprotocol -Wdeprecated-declarations -Wno-sign-conversion -Wno-infinite-recursion -Wno-comma -Wno-block-capture-autoreleasing -Wno-strict-prototypes -Wno-semicolon-before-method-body -index-store-path /Users/aleks/Library/Developer/Xcode/DerivedData/PlanItApp-gkehojshtcbfvhersqwajfujohau/Index.noindex/DataStore @/Users/aleks/Library/Developer/Xcode/DerivedData/PlanItApp-gkehojshtcbfvhersqwajfujohau/Build/Intermediates.noindex/GoogleSignIn.build/Debug-iphonesimulator/GoogleSignIn.build/Objects-normal/arm64/e6072d4f65d7061329687fe24e3d63a7-common-args.resp -include /Users/aleks/Library/Developer/Xcode/DerivedData/PlanItApp-gkehojshtcbfvhersqwajfujohau/Build/Intermediates.noindex/GoogleSignIn.build/Debug-iphonesimulator/GoogleSignIn.build/DerivedSources/resource_bundle_accessor.h -MMD -MT dependencies -MF /Users/aleks/Library/Developer/Xcode/DerivedData/PlanItApp-gkehojshtcbfvhersqwajfujohau/Build/Intermediates.noindex/GoogleSignIn.build/Debug-iphonesimulator/GoogleSignIn.build/Objects-normal/arm64/GIDMDMPasscodeState.d --serialize-diagnostics /Users/aleks/Library/Developer/Xcode/DerivedData/PlanItApp-gkehojshtcbfvhersqwajfujohau/Build/Intermediates.noindex/GoogleSignIn.build/Debug-iphonesimulator/GoogleSignIn.build/Objects-normal/arm64/GIDMDMPasscodeState.dia -c /Users/aleks/Library/Developer/Xcode/DerivedData/PlanItApp-gkehojshtcbfvhersqwajfujohau/SourcePackages/checkouts/GoogleSignIn-iOS/GoogleSignIn/Sources/GIDMDMPasscodeState.m -o /Users/aleks/Library/Developer/Xcode/DerivedData/PlanItApp-gkehojshtcbfvhersqwajfujohau/Build/Intermediates.noindex/GoogleSignIn.build/Debug-iphonesimulator/GoogleSignIn.build/Objects-normal/arm64/GIDMDMPasscodeState.o -index-unit-output-path /GoogleSignIn.build/Debug-iphonesimulator/GoogleSignIn.build/Objects-normal/arm64/GIDMDMPasscodeState.o

PrecompileModule /Users/aleks/Library/Developer/Xcode/DerivedData/PlanItApp-gkehojshtcbfvhersqwajfujohau/Build/Intermediates.noindex/ExplicitPrecompiledModules/_sys_select-9DBC3B8WZUWRNLE1INLPBG9N1.scan
    cd /Users/aleks/Desktop/PlanItApp/PlanItApp.xcodeproj
    builtin-precompileModule /Users/aleks/Library/Developer/Xcode/DerivedData/PlanItApp-gkehojshtcbfvhersqwajfujohau/Build/Intermediates.noindex/ExplicitPrecompiledModules/_sys_select-9DBC3B8WZUWRNLE1INLPBG9N1.scan

PrecompileModule /Users/aleks/Library/Developer/Xcode/DerivedData/PlanItApp-gkehojshtcbfvhersqwajfujohau/Build/Intermediates.noindex/ExplicitPrecompiledModules/_math-706F0REO7GJUNVY2H26JQPSM2.scan
    cd /Users/aleks/Desktop/PlanItApp/PlanItApp.xcodeproj
    builtin-precompileModule /Users/aleks/Library/Developer/Xcode/DerivedData/PlanItApp-gkehojshtcbfvhersqwajfujohau/Build/Intermediates.noindex/ExplicitPrecompiledModules/_math-706F0REO7GJUNVY2H26JQPSM2.scan

PrecompileModule /Users/aleks/Library/Developer/Xcode/DerivedData/PlanItApp-gkehojshtcbfvhersqwajfujohau/Build/Intermediates.noindex/ExplicitPrecompiledModules/sys_time-25DYGM5T61SCP6VJC3MNCJ3IU.scan
    cd /Users/aleks/Desktop/PlanItApp/PlanItApp.xcodeproj
    builtin-precompileModule /Users/aleks/Library/Developer/Xcode/DerivedData/PlanItApp-gkehojshtcbfvhersqwajfujohau/Build/Intermediates.noindex/ExplicitPrecompiledModules/sys_time-25DYGM5T61SCP6VJC3MNCJ3IU.scan

PrecompileModule /Users/aleks/Library/Developer/Xcode/DerivedData/PlanItApp-gkehojshtcbfvhersqwajfujohau/Build/Intermediates.noindex/ExplicitPrecompiledModules/_errno-BV0APUVIZFHJ9L2FVB4IER0R6.scan
    cd /Users/aleks/Desktop/PlanItApp/PlanItApp.xcodeproj
    builtin-precompileModule /Users/aleks/Library/Developer/Xcode/DerivedData/PlanItApp-gkehojshtcbfvhersqwajfujohau/Build/Intermediates.noindex/ExplicitPrecompiledModules/_errno-BV0APUVIZFHJ9L2FVB4IER0R6.scan

PrecompileModule /Users/aleks/Library/Developer/Xcode/DerivedData/PlanItApp-gkehojshtcbfvhersqwajfujohau/Build/Intermediates.noindex/ExplicitPrecompiledModules/_stdint-50RYUZCT82NGOQ9DRJACUQHZ9.scan
    cd /Users/aleks/Desktop/PlanItApp/PlanItApp.xcodeproj
    builtin-precompileModule /Users/aleks/Library/Developer/Xcode/DerivedData/PlanItApp-gkehojshtcbfvhersqwajfujohau/Build/Intermediates.noindex/ExplicitPrecompiledModules/_stdint-50RYUZCT82NGOQ9DRJACUQHZ9.scan

PrecompileModule /Users/aleks/Library/Developer/Xcode/DerivedData/PlanItApp-gkehojshtcbfvhersqwajfujohau/Build/Intermediates.noindex/ExplicitPrecompiledModules/Dispatch-3BVF2KEW640Z6NATTZA61OFEO.scan
    cd /Users/aleks/Desktop/PlanItApp/PlanItApp.xcodeproj
    builtin-precompileModule /Users/aleks/Library/Developer/Xcode/DerivedData/PlanItApp-gkehojshtcbfvhersqwajfujohau/Build/Intermediates.noindex/ExplicitPrecompiledModules/Dispatch-3BVF2KEW640Z6NATTZA61OFEO.scan

PrecompileModule /Users/aleks/Library/Developer/Xcode/DerivedData/PlanItApp-gkehojshtcbfvhersqwajfujohau/Build/Intermediates.noindex/ExplicitPrecompiledModules/mach-4DWUZ7ULUBEZ745TIRS5SP4OA.scan
    cd /Users/aleks/Desktop/PlanItApp/PlanItApp.xcodeproj
    builtin-precompileModule /Users/aleks/Library/Developer/Xcode/DerivedData/PlanItApp-gkehojshtcbfvhersqwajfujohau/Build/Intermediates.noindex/ExplicitPrecompiledModules/mach-4DWUZ7ULUBEZ745TIRS5SP4OA.scan

PrecompileModule /Users/aleks/Library/Developer/Xcode/DerivedData/PlanItApp-gkehojshtcbfvhersqwajfujohau/Build/Intermediates.noindex/ExplicitPrecompiledModules/_complex-EK3GATHSH2VCY01BJ435CGD9G.scan
    cd /Users/aleks/Desktop/PlanItApp/PlanItApp.xcodeproj
    builtin-precompileModule /Users/aleks/Library/Developer/Xcode/DerivedData/PlanItApp-gkehojshtcbfvhersqwajfujohau/Build/Intermediates.noindex/ExplicitPrecompiledModules/_complex-EK3GATHSH2VCY01BJ435CGD9G.scan

PrecompileModule /Users/aleks/Library/Developer/Xcode/DerivedData/PlanItApp-gkehojshtcbfvhersqwajfujohau/Build/Intermediates.noindex/ExplicitPrecompiledModules/_setjmp-4ZN4STTHNOT0ZFIERE0GRGV0Z.scan
    cd /Users/aleks/Desktop/PlanItApp/PlanItApp.xcodeproj
    builtin-precompileModule /Users/aleks/Library/Developer/Xcode/DerivedData/PlanItApp-gkehojshtcbfvhersqwajfujohau/Build/Intermediates.noindex/ExplicitPrecompiledModules/_setjmp-4ZN4STTHNOT0ZFIERE0GRGV0Z.scan

PrecompileModule /Users/aleks/Library/Developer/Xcode/DerivedData/PlanItApp-gkehojshtcbfvhersqwajfujohau/Build/Intermediates.noindex/ExplicitPrecompiledModules/_useconds_t-E8D69OW01SVBDOM9748PHQ70P.scan
    cd /Users/aleks/Desktop/PlanItApp/PlanItApp.xcodeproj
    builtin-precompileModule /Users/aleks/Library/Developer/Xcode/DerivedData/PlanItApp-gkehojshtcbfvhersqwajfujohau/Build/Intermediates.noindex/ExplicitPrecompiledModules/_useconds_t-E8D69OW01SVBDOM9748PHQ70P.scan

PrecompileModule /Users/aleks/Library/Developer/Xcode/DerivedData/PlanItApp-gkehojshtcbfvhersqwajfujohau/Build/Intermediates.noindex/ExplicitPrecompiledModules/_locale-1UR20TOIUYSP6QPJJ7T79OGLT.scan
    cd /Users/aleks/Desktop/PlanItApp/PlanItApp.xcodeproj
    builtin-precompileModule /Users/aleks/Library/Developer/Xcode/DerivedData/PlanItApp-gkehojshtcbfvhersqwajfujohau/Build/Intermediates.noindex/ExplicitPrecompiledModules/_locale-1UR20TOIUYSP6QPJJ7T79OGLT.scan

PrecompileModule /Users/aleks/Library/Developer/Xcode/DerivedData/PlanItApp-gkehojshtcbfvhersqwajfujohau/Build/Intermediates.noindex/ExplicitPrecompiledModules/_Builtin_stdint-2EDMT4K8DX0C6VT70UFVF3MIS.scan
    cd /Users/aleks/Desktop/PlanItApp/PlanItApp.xcodeproj
    builtin-precompileModule /Users/aleks/Library/Developer/Xcode/DerivedData/PlanItApp-gkehojshtcbfvhersqwajfujohau/Build/Intermediates.noindex/ExplicitPrecompiledModules/_Builtin_stdint-2EDMT4K8DX0C6VT70UFVF3MIS.scan

PrecompileModule /Users/aleks/Library/Developer/Xcode/DerivedData/PlanItApp-gkehojshtcbfvhersqwajfujohau/Build/Intermediates.noindex/ExplicitPrecompiledModules/_tgmath-AMR1I9MDI8JRSR08TVHZ5QWDM.scan
    cd /Users/aleks/Desktop/PlanItApp/PlanItApp.xcodeproj
    builtin-precompileModule /Users/aleks/Library/Developer/Xcode/DerivedData/PlanItApp-gkehojshtcbfvhersqwajfujohau/Build/Intermediates.noindex/ExplicitPrecompiledModules/_tgmath-AMR1I9MDI8JRSR08TVHZ5QWDM.scan

PrecompileModule /Users/aleks/Library/Developer/Xcode/DerivedData/PlanItApp-gkehojshtcbfvhersqwajfujohau/Build/Intermediates.noindex/ExplicitPrecompiledModules/CoreFoundation-7LDRFH09BNL0VRY5ITXGERW5Z.scan
    cd /Users/aleks/Desktop/PlanItApp/PlanItApp.xcodeproj
    builtin-precompileModule /Users/aleks/Library/Developer/Xcode/DerivedData/PlanItApp-gkehojshtcbfvhersqwajfujohau/Build/Intermediates.noindex/ExplicitPrecompiledModules/CoreFoundation-7LDRFH09BNL0VRY5ITXGERW5Z.scan

PrecompileModule /Users/aleks/Library/Developer/Xcode/DerivedData/PlanItApp-gkehojshtcbfvhersqwajfujohau/Build/Intermediates.noindex/ExplicitPrecompiledModules/uuid-4DK5L7TGEAU0BM384RVV01ABN.scan
    cd /Users/aleks/Desktop/PlanItApp/PlanItApp.xcodeproj
    builtin-precompileModule /Users/aleks/Library/Developer/Xcode/DerivedData/PlanItApp-gkehojshtcbfvhersqwajfujohau/Build/Intermediates.noindex/ExplicitPrecompiledModules/uuid-4DK5L7TGEAU0BM384RVV01ABN.scan

PrecompileModule /Users/aleks/Library/Developer/Xcode/DerivedData/PlanItApp-gkehojshtcbfvhersqwajfujohau/Build/Intermediates.noindex/ExplicitPrecompiledModules/_assert-630EPS3OYXBEDPK3O63J8ARDY.scan
    cd /Users/aleks/Desktop/PlanItApp/PlanItApp.xcodeproj
    builtin-precompileModule /Users/aleks/Library/Developer/Xcode/DerivedData/PlanItApp-gkehojshtcbfvhersqwajfujohau/Build/Intermediates.noindex/ExplicitPrecompiledModules/_assert-630EPS3OYXBEDPK3O63J8ARDY.scan

PrecompileModule /Users/aleks/Library/Developer/Xcode/DerivedData/PlanItApp-gkehojshtcbfvhersqwajfujohau/Build/Intermediates.noindex/ExplicitPrecompiledModules/_inttypes-98RFCHB0YMHZ793M4PXQZC90L.scan
    cd /Users/aleks/Desktop/PlanItApp/PlanItApp.xcodeproj
    builtin-precompileModule /Users/aleks/Library/Developer/Xcode/DerivedData/PlanItApp-gkehojshtcbfvhersqwajfujohau/Build/Intermediates.noindex/ExplicitPrecompiledModules/_inttypes-98RFCHB0YMHZ793M4PXQZC90L.scan

PrecompileModule /Users/aleks/Library/Developer/Xcode/DerivedData/PlanItApp-gkehojshtcbfvhersqwajfujohau/Build/Intermediates.noindex/ExplicitPrecompiledModules/xlocale-BSK0E25NU7BGXDQRE0P8FXW2D.scan
    cd /Users/aleks/Desktop/PlanItApp/PlanItApp.xcodeproj
    builtin-precompileModule /Users/aleks/Library/Developer/Xcode/DerivedData/PlanItApp-gkehojshtcbfvhersqwajfujohau/Build/Intermediates.noindex/ExplicitPrecompiledModules/xlocale-BSK0E25NU7BGXDQRE0P8FXW2D.scan

PrecompileModule /Users/aleks/Library/Developer/Xcode/DerivedData/PlanItApp-gkehojshtcbfvhersqwajfujohau/Build/Intermediates.noindex/ExplicitPrecompiledModules/_Builtin_stdatomic-A3JFNJ0GRBN13AFGOAL16G4U6.scan
    cd /Users/aleks/Desktop/PlanItApp/PlanItApp.xcodeproj
    builtin-precompileModule /Users/aleks/Library/Developer/Xcode/DerivedData/PlanItApp-gkehojshtcbfvhersqwajfujohau/Build/Intermediates.noindex/ExplicitPrecompiledModules/_Builtin_stdatomic-A3JFNJ0GRBN13AFGOAL16G4U6.scan

PrecompileModule /Users/aleks/Library/Developer/Xcode/DerivedData/PlanItApp-gkehojshtcbfvhersqwajfujohau/Build/Intermediates.noindex/ExplicitPrecompiledModules/_Builtin_tgmath-2A5AC9C226G9T0BP2LJWIA8NZ.scan
    cd /Users/aleks/Desktop/PlanItApp/PlanItApp.xcodeproj
    builtin-precompileModule /Users/aleks/Library/Developer/Xcode/DerivedData/PlanItApp-gkehojshtcbfvhersqwajfujohau/Build/Intermediates.noindex/ExplicitPrecompiledModules/_Builtin_tgmath-2A5AC9C226G9T0BP2LJWIA8NZ.scan

PrecompileModule /Users/aleks/Library/Developer/Xcode/DerivedData/PlanItApp-gkehojshtcbfvhersqwajfujohau/Build/Intermediates.noindex/ExplicitPrecompiledModules/netinet_in-52CHWWAGDQRR6L0NXAOTDQPZU.scan
    cd /Users/aleks/Desktop/PlanItApp/PlanItApp.xcodeproj
    builtin-precompileModule /Users/aleks/Library/Developer/Xcode/DerivedData/PlanItApp-gkehojshtcbfvhersqwajfujohau/Build/Intermediates.noindex/ExplicitPrecompiledModules/netinet_in-52CHWWAGDQRR6L0NXAOTDQPZU.scan

PrecompileModule /Users/aleks/Library/Developer/Xcode/DerivedData/PlanItApp-gkehojshtcbfvhersqwajfujohau/Build/Intermediates.noindex/ExplicitPrecompiledModules/runetype-BHO9PHE6W1TYEKQEFRXR42QT3.scan
    cd /Users/aleks/Desktop/PlanItApp/PlanItApp.xcodeproj
    builtin-precompileModule /Users/aleks/Library/Developer/Xcode/DerivedData/PlanItApp-gkehojshtcbfvhersqwajfujohau/Build/Intermediates.noindex/ExplicitPrecompiledModules/runetype-BHO9PHE6W1TYEKQEFRXR42QT3.scan

PrecompileModule /Users/aleks/Library/Developer/Xcode/DerivedData/PlanItApp-gkehojshtcbfvhersqwajfujohau/Build/Intermediates.noindex/ExplicitPrecompiledModules/_Builtin_inttypes-BDMNQ69LNFQPA87R962OOBBM8.scan
    cd /Users/aleks/Desktop/PlanItApp/PlanItApp.xcodeproj
    builtin-precompileModule /Users/aleks/Library/Developer/Xcode/DerivedData/PlanItApp-gkehojshtcbfvhersqwajfujohau/Build/Intermediates.noindex/ExplicitPrecompiledModules/_Builtin_inttypes-BDMNQ69LNFQPA87R962OOBBM8.scan

PrecompileModule /Users/aleks/Library/Developer/Xcode/DerivedData/PlanItApp-gkehojshtcbfvhersqwajfujohau/Build/Intermediates.noindex/ExplicitPrecompiledModules/_limits-1G4NWN1MYL7MQ4SAVVUMASQQX.scan
    cd /Users/aleks/Desktop/PlanItApp/PlanItApp.xcodeproj
    builtin-precompileModule /Users/aleks/Library/Developer/Xcode/DerivedData/PlanItApp-gkehojshtcbfvhersqwajfujohau/Build/Intermediates.noindex/ExplicitPrecompiledModules/_limits-1G4NWN1MYL7MQ4SAVVUMASQQX.scan

PrecompileModule /Users/aleks/Library/Developer/Xcode/DerivedData/PlanItApp-gkehojshtcbfvhersqwajfujohau/Build/Intermediates.noindex/ExplicitPrecompiledModules/alloca-91FAFG0KE9FLF7TQVXJYDMADW.scan
    cd /Users/aleks/Desktop/PlanItApp/PlanItApp.xcodeproj
    builtin-precompileModule /Users/aleks/Library/Developer/Xcode/DerivedData/PlanItApp-gkehojshtcbfvhersqwajfujohau/Build/Intermediates.noindex/ExplicitPrecompiledModules/alloca-91FAFG0KE9FLF7TQVXJYDMADW.scan

SwiftDriverJobDiscovery normal arm64 Emitting module for FirebaseFirestore (in target 'FirebaseFirestore' from project 'Firebase')

SwiftDriver\ Compilation\ Requirements FirebaseFirestore normal arm64 com.apple.xcode.tools.swift.compiler (in target 'FirebaseFirestore' from project 'Firebase')
    cd /Users/aleks/Desktop/PlanItApp/PlanItApp.xcodeproj
    builtin-Swift-Compilation-Requirements -- /Applications/Xcode.app/Contents/Developer/Toolchains/XcodeDefault.xctoolchain/usr/bin/swiftc -module-name FirebaseFirestore -Onone -enforce-exclusivity\=checked @/Users/aleks/Library/Developer/Xcode/DerivedData/PlanItApp-gkehojshtcbfvhersqwajfujohau/Build/Intermediates.noindex/Firebase.build/Debug-iphonesimulator/FirebaseFirestore.build/Objects-normal/arm64/FirebaseFirestore.SwiftFileList -DSWIFT_PACKAGE -DDEBUG -Xcc -fmodule-map-file\=/Users/aleks/Library/Developer/Xcode/DerivedData/PlanItApp-gkehojshtcbfvhersqwajfujohau/Build/Intermediates.noindex/GeneratedModuleMaps-iphonesimulator/GoogleUtilities-NSData.modulemap -Xcc -fmodule-map-file\=/Users/aleks/Library/Developer/Xcode/DerivedData/PlanItApp-gkehojshtcbfvhersqwajfujohau/Build/Intermediates.noindex/GeneratedModuleMaps-iphonesimulator/GoogleUtilities-Environment.modulemap -Xcc -fmodule-map-file\=/Users/aleks/Library/Developer/Xcode/DerivedData/PlanItApp-gkehojshtcbfvhersqwajfujohau/Build/Intermediates.noindex/GeneratedModuleMaps-iphonesimulator/third-party-IsAppEncrypted.modulemap -Xcc -fmodule-map-file\=/Users/aleks/Library/Developer/Xcode/DerivedData/PlanItApp-gkehojshtcbfvhersqwajfujohau/Build/Intermediates.noindex/GeneratedModuleMaps-iphonesimulator/GoogleUtilities-Logger.modulemap -Xcc -fmodule-map-file\=/Users/aleks/Library/Developer/Xcode/DerivedData/PlanItApp-gkehojshtcbfvhersqwajfujohau/Build/Intermediates.noindex/GeneratedModuleMaps-iphonesimulator/abslWrapper.modulemap -Xcc -fmodule-map-file\=/Users/aleks/Library/Developer/Xcode/DerivedData/PlanItApp-gkehojshtcbfvhersqwajfujohau/Build/Intermediates.noindex/GeneratedModuleMaps-iphonesimulator/opensslWrapper.modulemap -Xcc -fmodule-map-file\=/Users/aleks/Library/Developer/Xcode/DerivedData/PlanItApp-gkehojshtcbfvhersqwajfujohau/Build/Intermediates.noindex/GeneratedModuleMaps-iphonesimulator/grpcWrapper.modulemap -Xcc -fmodule-map-file\=/Users/aleks/Library/Developer/Xcode/DerivedData/PlanItApp-gkehojshtcbfvhersqwajfujohau/Build/Intermediates.noindex/GeneratedModuleMaps-iphonesimulator/grpcppWrapper.modulemap -Xcc -fmodule-map-file\=/Users/aleks/Library/Developer/Xcode/DerivedData/PlanItApp-gkehojshtcbfvhersqwajfujohau/Build/Intermediates.noindex/GeneratedModuleMaps-iphonesimulator/nanopb.modulemap -Xcc -fmodule-map-file\=/Users/aleks/Library/Developer/Xcode/DerivedData/PlanItApp-gkehojshtcbfvhersqwajfujohau/Build/Intermediates.noindex/GeneratedModuleMaps-iphonesimulator/leveldb.modulemap -Xcc -fmodule-map-file\=/Users/aleks/Library/Developer/Xcode/DerivedData/PlanItApp-gkehojshtcbfvhersqwajfujohau/Build/Intermediates.noindex/GeneratedModuleMaps-iphonesimulator/FirebaseCoreExtension.modulemap -Xcc -fmodule-map-file\=/Users/aleks/Library/Developer/Xcode/DerivedData/PlanItApp-gkehojshtcbfvhersqwajfujohau/Build/Intermediates.noindex/GeneratedModuleMaps-iphonesimulator/FirebaseCore.modulemap -Xcc -fmodule-map-file\=/Users/aleks/Library/Developer/Xcode/DerivedData/PlanItApp-gkehojshtcbfvhersqwajfujohau/Build/Intermediates.noindex/GeneratedModuleMaps-iphonesimulator/FirebaseAppCheckInterop.modulemap -Xcc -fmodule-map-file\=/Users/aleks/Library/Developer/Xcode/DerivedData/PlanItApp-gkehojshtcbfvhersqwajfujohau/Build/Intermediates.noindex/GeneratedModuleMaps-iphonesimulator/FirebaseFirestoreInternalWrapper.modulemap -DXcode -plugin-path /Applications/Xcode.app/Contents/Developer/Toolchains/XcodeDefault.xctoolchain/usr/lib/swift/host/plugins/testing -enable-experimental-feature DebugDescriptionMacro -sdk /Applications/Xcode.app/Contents/Developer/Platforms/iPhoneSimulator.platform/Developer/SDKs/iPhoneSimulator18.5.sdk -target arm64-apple-ios12.0-simulator -g -module-cache-path /Users/aleks/Library/Developer/Xcode/DerivedData/ModuleCache.noindex -Xfrontend -serialize-debugging-options -profile-coverage-mapping -profile-generate -enable-testing -suppress-warnings -index-store-path /Users/aleks/Library/Developer/Xcode/DerivedData/PlanItApp-gkehojshtcbfvhersqwajfujohau/Index.noindex/DataStore -swift-version 5 -I /Users/aleks/Library/Developer/Xcode/DerivedData/PlanItApp-gkehojshtcbfvhersqwajfujohau/Build/Products/Debug-iphonesimulator -I /Applications/Xcode.app/Contents/Developer/Platforms/iPhoneSimulator.platform/Developer/usr/lib -F /Users/aleks/Library/Developer/Xcode/DerivedData/PlanItApp-gkehojshtcbfvhersqwajfujohau/Build/Products/Debug-iphonesimulator/PackageFrameworks -F /Users/aleks/Library/Developer/Xcode/DerivedData/PlanItApp-gkehojshtcbfvhersqwajfujohau/Build/Products/Debug-iphonesimulator/PackageFrameworks -F /Users/aleks/Library/Developer/Xcode/DerivedData/PlanItApp-gkehojshtcbfvhersqwajfujohau/Build/Products/Debug-iphonesimulator/PackageFrameworks -F /Users/aleks/Library/Developer/Xcode/DerivedData/PlanItApp-gkehojshtcbfvhersqwajfujohau/Build/Products/Debug-iphonesimulator/PackageFrameworks -F /Users/aleks/Library/Developer/Xcode/DerivedData/PlanItApp-gkehojshtcbfvhersqwajfujohau/Build/Products/Debug-iphonesimulator/PackageFrameworks -F /Users/aleks/Library/Developer/Xcode/DerivedData/PlanItApp-gkehojshtcbfvhersqwajfujohau/Build/Products/Debug-iphonesimulator/PackageFrameworks -F /Users/aleks/Library/Developer/Xcode/DerivedData/PlanItApp-gkehojshtcbfvhersqwajfujohau/Build/Products/Debug-iphonesimulator/PackageFrameworks -F /Users/aleks/Library/Developer/Xcode/DerivedData/PlanItApp-gkehojshtcbfvhersqwajfujohau/Build/Products/Debug-iphonesimulator/PackageFrameworks -F /Users/aleks/Library/Developer/Xcode/DerivedData/PlanItApp-gkehojshtcbfvhersqwajfujohau/Build/Products/Debug-iphonesimulator/PackageFrameworks -F /Users/aleks/Library/Developer/Xcode/DerivedData/PlanItApp-gkehojshtcbfvhersqwajfujohau/Build/Products/Debug-iphonesimulator/PackageFrameworks -F /Users/aleks/Library/Developer/Xcode/DerivedData/PlanItApp-gkehojshtcbfvhersqwajfujohau/Build/Products/Debug-iphonesimulator/PackageFrameworks -F /Users/aleks/Library/Developer/Xcode/DerivedData/PlanItApp-gkehojshtcbfvhersqwajfujohau/Build/Products/Debug-iphonesimulator/PackageFrameworks -F /Users/aleks/Library/Developer/Xcode/DerivedData/PlanItApp-gkehojshtcbfvhersqwajfujohau/Build/Products/Debug-iphonesimulator/PackageFrameworks -F /Users/aleks/Library/Developer/Xcode/DerivedData/PlanItApp-gkehojshtcbfvhersqwajfujohau/Build/Products/Debug-iphonesimulator/PackageFrameworks -F /Users/aleks/Library/Developer/Xcode/DerivedData/PlanItApp-gkehojshtcbfvhersqwajfujohau/Build/Products/Debug-iphonesimulator/PackageFrameworks -F /Users/aleks/Library/Developer/Xcode/DerivedData/PlanItApp-gkehojshtcbfvhersqwajfujohau/Build/Products/Debug-iphonesimulator/PackageFrameworks -F /Users/aleks/Library/Developer/Xcode/DerivedData/PlanItApp-gkehojshtcbfvhersqwajfujohau/Build/Products/Debug-iphonesimulator/PackageFrameworks -F /Users/aleks/Library/Developer/Xcode/DerivedData/PlanItApp-gkehojshtcbfvhersqwajfujohau/Build/Products/Debug-iphonesimulator -F /Applications/Xcode.app/Contents/Developer/Platforms/iPhoneSimulator.platform/Developer/Library/Frameworks -F /Applications/Xcode.app/Contents/Developer/Platforms/iPhoneSimulator.platform/Developer/SDKs/iPhoneSimulator18.5.sdk/Developer/Library/Frameworks -c -j10 -enable-batch-mode -incremental -Xcc -ivfsstatcache -Xcc /Users/aleks/Library/Developer/Xcode/DerivedData/SDKStatCaches.noindex/iphonesimulator18.5-22F76-d5fc8ad4295d2ef488fb7d0f804ce0c4.sdkstatcache -output-file-map /Users/aleks/Library/Developer/Xcode/DerivedData/PlanItApp-gkehojshtcbfvhersqwajfujohau/Build/Intermediates.noindex/Firebase.build/Debug-iphonesimulator/FirebaseFirestore.build/Objects-normal/arm64/FirebaseFirestore-OutputFileMap.json -use-frontend-parseable-output -save-temps -no-color-diagnostics -serialize-diagnostics -emit-dependencies -emit-module -emit-module-path /Users/aleks/Library/Developer/Xcode/DerivedData/PlanItApp-gkehojshtcbfvhersqwajfujohau/Build/Intermediates.noindex/Firebase.build/Debug-iphonesimulator/FirebaseFirestore.build/Objects-normal/arm64/FirebaseFirestore.swiftmodule -validate-clang-modules-once -clang-build-session-file /Users/aleks/Library/Developer/Xcode/DerivedData/ModuleCache.noindex/Session.modulevalidation -package-name firebase_ios_sdk -Xcc -I/Users/aleks/Library/Developer/Xcode/DerivedData/PlanItApp-gkehojshtcbfvhersqwajfujohau/Build/Intermediates.noindex/Firebase.build/Debug-iphonesimulator/FirebaseFirestore.build/swift-overrides.hmap -emit-const-values -Xfrontend -const-gather-protocols-file -Xfrontend /Users/aleks/Library/Developer/Xcode/DerivedData/PlanItApp-gkehojshtcbfvhersqwajfujohau/Build/Intermediates.noindex/Firebase.build/Debug-iphonesimulator/FirebaseFirestore.build/Objects-normal/arm64/FirebaseFirestore_const_extract_protocols.json -Xcc -I/Users/aleks/Library/Developer/Xcode/DerivedData/PlanItApp-gkehojshtcbfvhersqwajfujohau/SourcePackages/checkouts/GoogleUtilities/GoogleUtilities/NSData+zlib/Public -Xcc -I/Users/aleks/Library/Developer/Xcode/DerivedData/PlanItApp-gkehojshtcbfvhersqwajfujohau/SourcePackages/checkouts/GoogleUtilities/GoogleUtilities/Environment/Public -Xcc -I/Users/aleks/Library/Developer/Xcode/DerivedData/PlanItApp-gkehojshtcbfvhersqwajfujohau/SourcePackages/checkouts/GoogleUtilities/third_party/IsAppEncrypted/Public -Xcc -I/Users/aleks/Library/Developer/Xcode/DerivedData/PlanItApp-gkehojshtcbfvhersqwajfujohau/SourcePackages/checkouts/GoogleUtilities/GoogleUtilities/Logger/Public -Xcc -I/Users/aleks/Library/Developer/Xcode/DerivedData/PlanItApp-gkehojshtcbfvhersqwajfujohau/SourcePackages/checkouts/abseil-cpp-binary/absl-Wrapper/include -Xcc -I/Users/aleks/Library/Developer/Xcode/DerivedData/PlanItApp-gkehojshtcbfvhersqwajfujohau/SourcePackages/checkouts/grpc-binary/openssl-grpc-Wrapper/include -Xcc -I/Users/aleks/Library/Developer/Xcode/DerivedData/PlanItApp-gkehojshtcbfvhersqwajfujohau/SourcePackages/checkouts/grpc-binary/grpc-Wrapper/include -Xcc -I/Users/aleks/Library/Developer/Xcode/DerivedData/PlanItApp-gkehojshtcbfvhersqwajfujohau/SourcePackages/checkouts/grpc-binary/grpcpp-Wrapper/include -Xcc -I/Users/aleks/Library/Developer/Xcode/DerivedData/PlanItApp-gkehojshtcbfvhersqwajfujohau/SourcePackages/checkouts/nanopb/spm_headers -Xcc -I/Users/aleks/Library/Developer/Xcode/DerivedData/PlanItApp-gkehojshtcbfvhersqwajfujohau/SourcePackages/checkouts/leveldb/include -Xcc -I/Users/aleks/Library/Developer/Xcode/DerivedData/PlanItApp-gkehojshtcbfvhersqwajfujohau/SourcePackages/checkouts/firebase-ios-sdk/FirebaseCore/Extension -Xcc -I/Users/aleks/Library/Developer/Xcode/DerivedData/PlanItApp-gkehojshtcbfvhersqwajfujohau/SourcePackages/checkouts/firebase-ios-sdk/FirebaseCore/Sources/Public -Xcc -I/Users/aleks/Library/Developer/Xcode/DerivedData/PlanItApp-gkehojshtcbfvhersqwajfujohau/SourcePackages/checkouts/firebase-ios-sdk/CoreOnly/Sources -Xcc -I/Users/aleks/Library/Developer/Xcode/DerivedData/PlanItApp-gkehojshtcbfvhersqwajfujohau/SourcePackages/checkouts/firebase-ios-sdk/FirebaseAppCheck/Interop/Public -Xcc -I/Users/aleks/Library/Developer/Xcode/DerivedData/PlanItApp-gkehojshtcbfvhersqwajfujohau/SourcePackages/checkouts/firebase-ios-sdk/FirebaseFirestoreInternal -Xcc -I/Users/aleks/Library/Developer/Xcode/DerivedData/PlanItApp-gkehojshtcbfvhersqwajfujohau/Build/Products/Debug-iphonesimulator/include -Xcc -I/Users/aleks/Library/Developer/Xcode/DerivedData/PlanItApp-gkehojshtcbfvhersqwajfujohau/Build/Intermediates.noindex/Firebase.build/Debug-iphonesimulator/FirebaseFirestore.build/DerivedSources-normal/arm64 -Xcc -I/Users/aleks/Library/Developer/Xcode/DerivedData/PlanItApp-gkehojshtcbfvhersqwajfujohau/Build/Intermediates.noindex/Firebase.build/Debug-iphonesimulator/FirebaseFirestore.build/DerivedSources/arm64 -Xcc -I/Users/aleks/Library/Developer/Xcode/DerivedData/PlanItApp-gkehojshtcbfvhersqwajfujohau/Build/Intermediates.noindex/Firebase.build/Debug-iphonesimulator/FirebaseFirestore.build/DerivedSources -Xcc -DSWIFT_PACKAGE -Xcc -DDEBUG\=1 -emit-objc-header -emit-objc-header-path /Users/aleks/Library/Developer/Xcode/DerivedData/PlanItApp-gkehojshtcbfvhersqwajfujohau/Build/Intermediates.noindex/Firebase.build/Debug-iphonesimulator/FirebaseFirestore.build/Objects-normal/arm64/FirebaseFirestore-Swift.h -working-directory /Users/aleks/Desktop/PlanItApp/PlanItApp.xcodeproj -experimental-emit-module-separately -disable-cmo

PrecompileModule /Users/aleks/Library/Developer/Xcode/DerivedData/PlanItApp-gkehojshtcbfvhersqwajfujohau/Build/Intermediates.noindex/ExplicitPrecompiledModules/sys_types-F4RDPRT1AGPKRQ9W51FOYMB42.scan
    cd /Users/aleks/Desktop/PlanItApp/PlanItApp.xcodeproj
    builtin-precompileModule /Users/aleks/Library/Developer/Xcode/DerivedData/PlanItApp-gkehojshtcbfvhersqwajfujohau/Build/Intermediates.noindex/ExplicitPrecompiledModules/sys_types-F4RDPRT1AGPKRQ9W51FOYMB42.scan

SwiftMergeGeneratedHeaders /Users/aleks/Library/Developer/Xcode/DerivedData/PlanItApp-gkehojshtcbfvhersqwajfujohau/Build/Intermediates.noindex/GeneratedModuleMaps-iphonesimulator/FirebaseFirestore-Swift.h /Users/aleks/Library/Developer/Xcode/DerivedData/PlanItApp-gkehojshtcbfvhersqwajfujohau/Build/Intermediates.noindex/Firebase.build/Debug-iphonesimulator/FirebaseFirestore.build/Objects-normal/arm64/FirebaseFirestore-Swift.h (in target 'FirebaseFirestore' from project 'Firebase')
    cd /Users/aleks/Library/Developer/Xcode/DerivedData/PlanItApp-gkehojshtcbfvhersqwajfujohau/SourcePackages/checkouts/firebase-ios-sdk
    builtin-swiftHeaderTool -arch arm64 /Users/aleks/Library/Developer/Xcode/DerivedData/PlanItApp-gkehojshtcbfvhersqwajfujohau/Build/Intermediates.noindex/Firebase.build/Debug-iphonesimulator/FirebaseFirestore.build/Objects-normal/arm64/FirebaseFirestore-Swift.h -o /Users/aleks/Library/Developer/Xcode/DerivedData/PlanItApp-gkehojshtcbfvhersqwajfujohau/Build/Intermediates.noindex/GeneratedModuleMaps-iphonesimulator/FirebaseFirestore-Swift.h

Copy /Users/aleks/Library/Developer/Xcode/DerivedData/PlanItApp-gkehojshtcbfvhersqwajfujohau/Build/Products/Debug-iphonesimulator/FirebaseFirestore.swiftmodule/arm64-apple-ios-simulator.swiftmodule /Users/aleks/Library/Developer/Xcode/DerivedData/PlanItApp-gkehojshtcbfvhersqwajfujohau/Build/Intermediates.noindex/Firebase.build/Debug-iphonesimulator/FirebaseFirestore.build/Objects-normal/arm64/FirebaseFirestore.swiftmodule (in target 'FirebaseFirestore' from project 'Firebase')
    cd /Users/aleks/Library/Developer/Xcode/DerivedData/PlanItApp-gkehojshtcbfvhersqwajfujohau/SourcePackages/checkouts/firebase-ios-sdk
    builtin-copy -exclude .DS_Store -exclude CVS -exclude .svn -exclude .git -exclude .hg -resolve-src-symlinks -rename /Users/aleks/Library/Developer/Xcode/DerivedData/PlanItApp-gkehojshtcbfvhersqwajfujohau/Build/Intermediates.noindex/Firebase.build/Debug-iphonesimulator/FirebaseFirestore.build/Objects-normal/arm64/FirebaseFirestore.swiftmodule /Users/aleks/Library/Developer/Xcode/DerivedData/PlanItApp-gkehojshtcbfvhersqwajfujohau/Build/Products/Debug-iphonesimulator/FirebaseFirestore.swiftmodule/arm64-apple-ios-simulator.swiftmodule

Copy /Users/aleks/Library/Developer/Xcode/DerivedData/PlanItApp-gkehojshtcbfvhersqwajfujohau/Build/Products/Debug-iphonesimulator/FirebaseFirestore.swiftmodule/arm64-apple-ios-simulator.swiftdoc /Users/aleks/Library/Developer/Xcode/DerivedData/PlanItApp-gkehojshtcbfvhersqwajfujohau/Build/Intermediates.noindex/Firebase.build/Debug-iphonesimulator/FirebaseFirestore.build/Objects-normal/arm64/FirebaseFirestore.swiftdoc (in target 'FirebaseFirestore' from project 'Firebase')
    cd /Users/aleks/Library/Developer/Xcode/DerivedData/PlanItApp-gkehojshtcbfvhersqwajfujohau/SourcePackages/checkouts/firebase-ios-sdk
    builtin-copy -exclude .DS_Store -exclude CVS -exclude .svn -exclude .git -exclude .hg -resolve-src-symlinks -rename /Users/aleks/Library/Developer/Xcode/DerivedData/PlanItApp-gkehojshtcbfvhersqwajfujohau/Build/Intermediates.noindex/Firebase.build/Debug-iphonesimulator/FirebaseFirestore.build/Objects-normal/arm64/FirebaseFirestore.swiftdoc /Users/aleks/Library/Developer/Xcode/DerivedData/PlanItApp-gkehojshtcbfvhersqwajfujohau/Build/Products/Debug-iphonesimulator/FirebaseFirestore.swiftmodule/arm64-apple-ios-simulator.swiftdoc

Copy /Users/aleks/Library/Developer/Xcode/DerivedData/PlanItApp-gkehojshtcbfvhersqwajfujohau/Build/Products/Debug-iphonesimulator/FirebaseFirestore.swiftmodule/arm64-apple-ios-simulator.abi.json /Users/aleks/Library/Developer/Xcode/DerivedData/PlanItApp-gkehojshtcbfvhersqwajfujohau/Build/Intermediates.noindex/Firebase.build/Debug-iphonesimulator/FirebaseFirestore.build/Objects-normal/arm64/FirebaseFirestore.abi.json (in target 'FirebaseFirestore' from project 'Firebase')
    cd /Users/aleks/Library/Developer/Xcode/DerivedData/PlanItApp-gkehojshtcbfvhersqwajfujohau/SourcePackages/checkouts/firebase-ios-sdk
    builtin-copy -exclude .DS_Store -exclude CVS -exclude .svn -exclude .git -exclude .hg -resolve-src-symlinks -rename /Users/aleks/Library/Developer/Xcode/DerivedData/PlanItApp-gkehojshtcbfvhersqwajfujohau/Build/Intermediates.noindex/Firebase.build/Debug-iphonesimulator/FirebaseFirestore.build/Objects-normal/arm64/FirebaseFirestore.abi.json /Users/aleks/Library/Developer/Xcode/DerivedData/PlanItApp-gkehojshtcbfvhersqwajfujohau/Build/Products/Debug-iphonesimulator/FirebaseFirestore.swiftmodule/arm64-apple-ios-simulator.abi.json

Copy /Users/aleks/Library/Developer/Xcode/DerivedData/PlanItApp-gkehojshtcbfvhersqwajfujohau/Build/Products/Debug-iphonesimulator/FirebaseFirestore.swiftmodule/Project/arm64-apple-ios-simulator.swiftsourceinfo /Users/aleks/Library/Developer/Xcode/DerivedData/PlanItApp-gkehojshtcbfvhersqwajfujohau/Build/Intermediates.noindex/Firebase.build/Debug-iphonesimulator/FirebaseFirestore.build/Objects-normal/arm64/FirebaseFirestore.swiftsourceinfo (in target 'FirebaseFirestore' from project 'Firebase')
    cd /Users/aleks/Library/Developer/Xcode/DerivedData/PlanItApp-gkehojshtcbfvhersqwajfujohau/SourcePackages/checkouts/firebase-ios-sdk
    builtin-copy -exclude .DS_Store -exclude CVS -exclude .svn -exclude .git -exclude .hg -resolve-src-symlinks -rename /Users/aleks/Library/Developer/Xcode/DerivedData/PlanItApp-gkehojshtcbfvhersqwajfujohau/Build/Intermediates.noindex/Firebase.build/Debug-iphonesimulator/FirebaseFirestore.build/Objects-normal/arm64/FirebaseFirestore.swiftsourceinfo /Users/aleks/Library/Developer/Xcode/DerivedData/PlanItApp-gkehojshtcbfvhersqwajfujohau/Build/Products/Debug-iphonesimulator/FirebaseFirestore.swiftmodule/Project/arm64-apple-ios-simulator.swiftsourceinfo

PrecompileModule /Users/aleks/Library/Developer/Xcode/DerivedData/PlanItApp-gkehojshtcbfvhersqwajfujohau/Build/Intermediates.noindex/ExplicitPrecompiledModules/_ctype-B3QOCBC1CHIEJ7HXDEZQLT4TO.scan
    cd /Users/aleks/Desktop/PlanItApp/PlanItApp.xcodeproj
    builtin-precompileModule /Users/aleks/Library/Developer/Xcode/DerivedData/PlanItApp-gkehojshtcbfvhersqwajfujohau/Build/Intermediates.noindex/ExplicitPrecompiledModules/_ctype-B3QOCBC1CHIEJ7HXDEZQLT4TO.scan

PrecompileModule /Users/aleks/Library/Developer/Xcode/DerivedData/PlanItApp-gkehojshtcbfvhersqwajfujohau/Build/Intermediates.noindex/ExplicitPrecompiledModules/CoreGraphics-AAD1P509AO05R7VB6YA2YP354.scan
    cd /Users/aleks/Desktop/PlanItApp/PlanItApp.xcodeproj
    builtin-precompileModule /Users/aleks/Library/Developer/Xcode/DerivedData/PlanItApp-gkehojshtcbfvhersqwajfujohau/Build/Intermediates.noindex/ExplicitPrecompiledModules/CoreGraphics-AAD1P509AO05R7VB6YA2YP354.scan

PrecompileModule /Users/aleks/Library/Developer/Xcode/DerivedData/PlanItApp-gkehojshtcbfvhersqwajfujohau/Build/Intermediates.noindex/ExplicitPrecompiledModules/Security-3GIOKZWBG0S59KASQTVJHU5BP.scan
    cd /Users/aleks/Desktop/PlanItApp/PlanItApp.xcodeproj
    builtin-precompileModule /Users/aleks/Library/Developer/Xcode/DerivedData/PlanItApp-gkehojshtcbfvhersqwajfujohau/Build/Intermediates.noindex/ExplicitPrecompiledModules/Security-3GIOKZWBG0S59KASQTVJHU5BP.scan

PrecompileModule /Users/aleks/Library/Developer/Xcode/DerivedData/PlanItApp-gkehojshtcbfvhersqwajfujohau/Build/Intermediates.noindex/ExplicitPrecompiledModules/CFNetwork-DP9CK5296NJDH4465U4V2DSES.scan
    cd /Users/aleks/Desktop/PlanItApp/PlanItApp.xcodeproj
    builtin-precompileModule /Users/aleks/Library/Developer/Xcode/DerivedData/PlanItApp-gkehojshtcbfvhersqwajfujohau/Build/Intermediates.noindex/ExplicitPrecompiledModules/CFNetwork-DP9CK5296NJDH4465U4V2DSES.scan

PrecompileModule /Users/aleks/Library/Developer/Xcode/DerivedData/PlanItApp-gkehojshtcbfvhersqwajfujohau/Build/Intermediates.noindex/ExplicitPrecompiledModules/_strings-B7HMDR573TYMPIUIES0ULHR8W.scan
    cd /Users/aleks/Desktop/PlanItApp/PlanItApp.xcodeproj
    builtin-precompileModule /Users/aleks/Library/Developer/Xcode/DerivedData/PlanItApp-gkehojshtcbfvhersqwajfujohau/Build/Intermediates.noindex/ExplicitPrecompiledModules/_strings-B7HMDR573TYMPIUIES0ULHR8W.scan

PrecompileModule /Users/aleks/Library/Developer/Xcode/DerivedData/PlanItApp-gkehojshtcbfvhersqwajfujohau/Build/Intermediates.noindex/ExplicitPrecompiledModules/_Builtin_limits-AJAV7ZFHQQD8Q7LT3RSQO4HP7.scan
    cd /Users/aleks/Desktop/PlanItApp/PlanItApp.xcodeproj
    builtin-precompileModule /Users/aleks/Library/Developer/Xcode/DerivedData/PlanItApp-gkehojshtcbfvhersqwajfujohau/Build/Intermediates.noindex/ExplicitPrecompiledModules/_Builtin_limits-AJAV7ZFHQQD8Q7LT3RSQO4HP7.scan

PrecompileModule /Users/aleks/Library/Developer/Xcode/DerivedData/PlanItApp-gkehojshtcbfvhersqwajfujohau/Build/Intermediates.noindex/ExplicitPrecompiledModules/_time-UM2EC6LKXN28XU5NRNOH7RLU.scan
    cd /Users/aleks/Desktop/PlanItApp/PlanItApp.xcodeproj
    builtin-precompileModule /Users/aleks/Library/Developer/Xcode/DerivedData/PlanItApp-gkehojshtcbfvhersqwajfujohau/Build/Intermediates.noindex/ExplicitPrecompiledModules/_time-UM2EC6LKXN28XU5NRNOH7RLU.scan

PrecompileModule /Users/aleks/Library/Developer/Xcode/DerivedData/PlanItApp-gkehojshtcbfvhersqwajfujohau/Build/Intermediates.noindex/ExplicitPrecompiledModules/sys_resource-EJ059FHVWS5IGQ68ODO2Z3B2N.scan
    cd /Users/aleks/Desktop/PlanItApp/PlanItApp.xcodeproj
    builtin-precompileModule /Users/aleks/Library/Developer/Xcode/DerivedData/PlanItApp-gkehojshtcbfvhersqwajfujohau/Build/Intermediates.noindex/ExplicitPrecompiledModules/sys_resource-EJ059FHVWS5IGQ68ODO2Z3B2N.scan

PrecompileModule /Users/aleks/Library/Developer/Xcode/DerivedData/PlanItApp-gkehojshtcbfvhersqwajfujohau/Build/Intermediates.noindex/ExplicitPrecompiledModules/nl_types-ARBHAW9AAT6GUIJ0AR74CJQUD.scan
    cd /Users/aleks/Desktop/PlanItApp/PlanItApp.xcodeproj
    builtin-precompileModule /Users/aleks/Library/Developer/Xcode/DerivedData/PlanItApp-gkehojshtcbfvhersqwajfujohau/Build/Intermediates.noindex/ExplicitPrecompiledModules/nl_types-ARBHAW9AAT6GUIJ0AR74CJQUD.scan

PrecompileModule /Users/aleks/Library/Developer/Xcode/DerivedData/PlanItApp-gkehojshtcbfvhersqwajfujohau/Build/Intermediates.noindex/ExplicitPrecompiledModules/_signal-HCMBCFUVM4YAA73EPBQVNO3N.scan
    cd /Users/aleks/Desktop/PlanItApp/PlanItApp.xcodeproj
    builtin-precompileModule /Users/aleks/Library/Developer/Xcode/DerivedData/PlanItApp-gkehojshtcbfvhersqwajfujohau/Build/Intermediates.noindex/ExplicitPrecompiledModules/_signal-HCMBCFUVM4YAA73EPBQVNO3N.scan

PrecompileModule /Users/aleks/Library/Developer/Xcode/DerivedData/PlanItApp-gkehojshtcbfvhersqwajfujohau/Build/Intermediates.noindex/ExplicitPrecompiledModules/__wctype-BYWCM27MAPM9DRHG3A2RUO1H0.scan
    cd /Users/aleks/Desktop/PlanItApp/PlanItApp.xcodeproj
    builtin-precompileModule /Users/aleks/Library/Developer/Xcode/DerivedData/PlanItApp-gkehojshtcbfvhersqwajfujohau/Build/Intermediates.noindex/ExplicitPrecompiledModules/__wctype-BYWCM27MAPM9DRHG3A2RUO1H0.scan

PrecompileModule /Users/aleks/Library/Developer/Xcode/DerivedData/PlanItApp-gkehojshtcbfvhersqwajfujohau/Build/Intermediates.noindex/ExplicitPrecompiledModules/_string-8SD66FWF8N2SPBEOX4BL90JUA.scan
    cd /Users/aleks/Desktop/PlanItApp/PlanItApp.xcodeproj
    builtin-precompileModule /Users/aleks/Library/Developer/Xcode/DerivedData/PlanItApp-gkehojshtcbfvhersqwajfujohau/Build/Intermediates.noindex/ExplicitPrecompiledModules/_string-8SD66FWF8N2SPBEOX4BL90JUA.scan

PrecompileModule /Users/aleks/Library/Developer/Xcode/DerivedData/PlanItApp-gkehojshtcbfvhersqwajfujohau/Build/Intermediates.noindex/ExplicitPrecompiledModules/ImageIO-A9OQUPCZLA5MZ1SBT8WDY3K6T.scan
    cd /Users/aleks/Desktop/PlanItApp/PlanItApp.xcodeproj
    builtin-precompileModule /Users/aleks/Library/Developer/Xcode/DerivedData/PlanItApp-gkehojshtcbfvhersqwajfujohau/Build/Intermediates.noindex/ExplicitPrecompiledModules/ImageIO-A9OQUPCZLA5MZ1SBT8WDY3K6T.scan

PrecompileModule /Users/aleks/Library/Developer/Xcode/DerivedData/PlanItApp-gkehojshtcbfvhersqwajfujohau/Build/Intermediates.noindex/ExplicitPrecompiledModules/gethostuuid-19A1ZXF13KEFN31HQ5N3V7SIY.scan
    cd /Users/aleks/Desktop/PlanItApp/PlanItApp.xcodeproj
    builtin-precompileModule /Users/aleks/Library/Developer/Xcode/DerivedData/PlanItApp-gkehojshtcbfvhersqwajfujohau/Build/Intermediates.noindex/ExplicitPrecompiledModules/gethostuuid-19A1ZXF13KEFN31HQ5N3V7SIY.scan

PrecompileModule /Users/aleks/Library/Developer/Xcode/DerivedData/PlanItApp-gkehojshtcbfvhersqwajfujohau/Build/Intermediates.noindex/ExplicitPrecompiledModules/_stdio-2KTN1TN2REL9SM8EFY4ONI15H.scan
    cd /Users/aleks/Desktop/PlanItApp/PlanItApp.xcodeproj
    builtin-precompileModule /Users/aleks/Library/Developer/Xcode/DerivedData/PlanItApp-gkehojshtcbfvhersqwajfujohau/Build/Intermediates.noindex/ExplicitPrecompiledModules/_stdio-2KTN1TN2REL9SM8EFY4ONI15H.scan

PrecompileModule /Users/aleks/Library/Developer/Xcode/DerivedData/PlanItApp-gkehojshtcbfvhersqwajfujohau/Build/Intermediates.noindex/ExplicitPrecompiledModules/_wctype-7IJK3LOEVAFR9QIAT7U68G74F.scan
    cd /Users/aleks/Desktop/PlanItApp/PlanItApp.xcodeproj
    builtin-precompileModule /Users/aleks/Library/Developer/Xcode/DerivedData/PlanItApp-gkehojshtcbfvhersqwajfujohau/Build/Intermediates.noindex/ExplicitPrecompiledModules/_wctype-7IJK3LOEVAFR9QIAT7U68G74F.scan

PrecompileModule /Users/aleks/Library/Developer/Xcode/DerivedData/PlanItApp-gkehojshtcbfvhersqwajfujohau/Build/Intermediates.noindex/ExplicitPrecompiledModules/CoreText-89IWLQO5R9P1847DTSZ0WWLFP.scan
    cd /Users/aleks/Desktop/PlanItApp/PlanItApp.xcodeproj
    builtin-precompileModule /Users/aleks/Library/Developer/Xcode/DerivedData/PlanItApp-gkehojshtcbfvhersqwajfujohau/Build/Intermediates.noindex/ExplicitPrecompiledModules/CoreText-89IWLQO5R9P1847DTSZ0WWLFP.scan

PrecompileModule /Users/aleks/Library/Developer/Xcode/DerivedData/PlanItApp-gkehojshtcbfvhersqwajfujohau/Build/Intermediates.noindex/ExplicitPrecompiledModules/XPC-DJ3CURRSU6Q5O20S1SGKHEY08.scan
    cd /Users/aleks/Desktop/PlanItApp/PlanItApp.xcodeproj
    builtin-precompileModule /Users/aleks/Library/Developer/Xcode/DerivedData/PlanItApp-gkehojshtcbfvhersqwajfujohau/Build/Intermediates.noindex/ExplicitPrecompiledModules/XPC-DJ3CURRSU6Q5O20S1SGKHEY08.scan

PrecompileModule /Users/aleks/Library/Developer/Xcode/DerivedData/PlanItApp-gkehojshtcbfvhersqwajfujohau/Build/Intermediates.noindex/ExplicitPrecompiledModules/pthread-5EZVW9TSQT2KTF5O6540JGAJO.scan
    cd /Users/aleks/Desktop/PlanItApp/PlanItApp.xcodeproj
    builtin-precompileModule /Users/aleks/Library/Developer/Xcode/DerivedData/PlanItApp-gkehojshtcbfvhersqwajfujohau/Build/Intermediates.noindex/ExplicitPrecompiledModules/pthread-5EZVW9TSQT2KTF5O6540JGAJO.scan

PrecompileModule /Users/aleks/Library/Developer/Xcode/DerivedData/PlanItApp-gkehojshtcbfvhersqwajfujohau/Build/Intermediates.noindex/ExplicitPrecompiledModules/sys_select-4U1C6JL6WX0TBC09ZLUGVG3L2.scan
    cd /Users/aleks/Desktop/PlanItApp/PlanItApp.xcodeproj
    builtin-precompileModule /Users/aleks/Library/Developer/Xcode/DerivedData/PlanItApp-gkehojshtcbfvhersqwajfujohau/Build/Intermediates.noindex/ExplicitPrecompiledModules/sys_select-4U1C6JL6WX0TBC09ZLUGVG3L2.scan

PrecompileModule /Users/aleks/Library/Developer/Xcode/DerivedData/PlanItApp-gkehojshtcbfvhersqwajfujohau/Build/Intermediates.noindex/ExplicitPrecompiledModules/sys_wait-4UBMSEU7M8A215AY7C4IUJYQ4.scan
    cd /Users/aleks/Desktop/PlanItApp/PlanItApp.xcodeproj
    builtin-precompileModule /Users/aleks/Library/Developer/Xcode/DerivedData/PlanItApp-gkehojshtcbfvhersqwajfujohau/Build/Intermediates.noindex/ExplicitPrecompiledModules/sys_wait-4UBMSEU7M8A215AY7C4IUJYQ4.scan

PrecompileModule /Users/aleks/Library/Developer/Xcode/DerivedData/PlanItApp-gkehojshtcbfvhersqwajfujohau/Build/Intermediates.noindex/ExplicitPrecompiledModules/_wchar-7BBNRC7XV1O5CGDWZ1L1440WZ.scan
    cd /Users/aleks/Desktop/PlanItApp/PlanItApp.xcodeproj
    builtin-precompileModule /Users/aleks/Library/Developer/Xcode/DerivedData/PlanItApp-gkehojshtcbfvhersqwajfujohau/Build/Intermediates.noindex/ExplicitPrecompiledModules/_wchar-7BBNRC7XV1O5CGDWZ1L1440WZ.scan

ScanDependencies /Users/aleks/Library/Developer/Xcode/DerivedData/PlanItApp-gkehojshtcbfvhersqwajfujohau/Build/Intermediates.noindex/GoogleSignIn.build/Debug-iphonesimulator/GoogleSignIn.build/Objects-normal/arm64/GIDMDMPasscodeCache.o /Users/aleks/Library/Developer/Xcode/DerivedData/PlanItApp-gkehojshtcbfvhersqwajfujohau/SourcePackages/checkouts/GoogleSignIn-iOS/GoogleSignIn/Sources/GIDMDMPasscodeCache.m normal arm64 objective-c com.apple.compilers.llvm.clang.1_0.compiler (in target 'GoogleSignIn' from project 'GoogleSignIn')
    cd /Users/aleks/Desktop/PlanItApp/PlanItApp.xcodeproj
    
    Using response file: /Users/aleks/Library/Developer/Xcode/DerivedData/PlanItApp-gkehojshtcbfvhersqwajfujohau/Build/Intermediates.noindex/GoogleSignIn.build/Debug-iphonesimulator/GoogleSignIn.build/Objects-normal/arm64/e6072d4f65d7061329687fe24e3d63a7-common-args.resp
    
    builtin-ScanDependencies -o /Users/aleks/Library/Developer/Xcode/DerivedData/PlanItApp-gkehojshtcbfvhersqwajfujohau/Build/Intermediates.noindex/GoogleSignIn.build/Debug-iphonesimulator/GoogleSignIn.build/Objects-normal/arm64/GIDMDMPasscodeCache.o.scan -- /Applications/Xcode.app/Contents/Developer/Toolchains/XcodeDefault.xctoolchain/usr/bin/clang -x objective-c -ivfsstatcache /Users/aleks/Library/Developer/Xcode/DerivedData/SDKStatCaches.noindex/iphonesimulator18.5-22F76-d5fc8ad4295d2ef488fb7d0f804ce0c4.sdkstatcache -fmessage-length\=0 -fdiagnostics-show-note-include-stack -fmacro-backtrace-limit\=0 -fno-color-diagnostics -fmodules-prune-interval\=86400 -fmodules-prune-after\=345600 -fbuild-session-file\=/Users/aleks/Library/Developer/Xcode/DerivedData/ModuleCache.noindex/Session.modulevalidation -fmodules-validate-once-per-build-session -Wnon-modular-include-in-framework-module -Werror\=non-modular-include-in-framework-module -Wno-trigraphs -Wno-missing-field-initializers -Wno-missing-prototypes -Wno-return-type -Wno-implicit-atomic-properties -Wno-objc-interface-ivars -Wno-arc-repeated-use-of-weak -Wno-missing-braces -Wparentheses -Wswitch -Wno-unused-function -Wno-unused-label -Wno-unused-parameter -Wno-unused-variable -Wunused-value -Wno-empty-body -Wno-uninitialized -Wno-unknown-pragmas -w -Wno-shadow -Wno-four-char-constants -Wno-conversion -Wno-constant-conversion -Wno-int-conversion -Wno-bool-conversion -Wno-enum-conversion -Wno-float-conversion -Wno-non-literal-null-conversion -Wno-objc-literal-conversion -Wshorten-64-to-32 -Wpointer-sign -Wno-newline-eof -Wno-selector -Wno-strict-selector-match -Wno-undeclared-selector -Wno-deprecated-implementations -Wno-implicit-fallthrough -fstrict-aliasing -Wprotocol -Wdeprecated-declarations -Wno-sign-conversion -Wno-infinite-recursion -Wno-comma -Wno-block-capture-autoreleasing -Wno-strict-prototypes -Wno-semicolon-before-method-body -index-store-path /Users/aleks/Library/Developer/Xcode/DerivedData/PlanItApp-gkehojshtcbfvhersqwajfujohau/Index.noindex/DataStore @/Users/aleks/Library/Developer/Xcode/DerivedData/PlanItApp-gkehojshtcbfvhersqwajfujohau/Build/Intermediates.noindex/GoogleSignIn.build/Debug-iphonesimulator/GoogleSignIn.build/Objects-normal/arm64/e6072d4f65d7061329687fe24e3d63a7-common-args.resp -include /Users/aleks/Library/Developer/Xcode/DerivedData/PlanItApp-gkehojshtcbfvhersqwajfujohau/Build/Intermediates.noindex/GoogleSignIn.build/Debug-iphonesimulator/GoogleSignIn.build/DerivedSources/resource_bundle_accessor.h -MMD -MT dependencies -MF /Users/aleks/Library/Developer/Xcode/DerivedData/PlanItApp-gkehojshtcbfvhersqwajfujohau/Build/Intermediates.noindex/GoogleSignIn.build/Debug-iphonesimulator/GoogleSignIn.build/Objects-normal/arm64/GIDMDMPasscodeCache.d --serialize-diagnostics /Users/aleks/Library/Developer/Xcode/DerivedData/PlanItApp-gkehojshtcbfvhersqwajfujohau/Build/Intermediates.noindex/GoogleSignIn.build/Debug-iphonesimulator/GoogleSignIn.build/Objects-normal/arm64/GIDMDMPasscodeCache.dia -c /Users/aleks/Library/Developer/Xcode/DerivedData/PlanItApp-gkehojshtcbfvhersqwajfujohau/SourcePackages/checkouts/GoogleSignIn-iOS/GoogleSignIn/Sources/GIDMDMPasscodeCache.m -o /Users/aleks/Library/Developer/Xcode/DerivedData/PlanItApp-gkehojshtcbfvhersqwajfujohau/Build/Intermediates.noindex/GoogleSignIn.build/Debug-iphonesimulator/GoogleSignIn.build/Objects-normal/arm64/GIDMDMPasscodeCache.o -index-unit-output-path /GoogleSignIn.build/Debug-iphonesimulator/GoogleSignIn.build/Objects-normal/arm64/GIDMDMPasscodeCache.o

PrecompileModule /Users/aleks/Library/Developer/Xcode/DerivedData/PlanItApp-gkehojshtcbfvhersqwajfujohau/Build/Intermediates.noindex/ExplicitPrecompiledModules/unistd-5OD0B4KTWTK8XHDGIG1LFS6Y.scan
    cd /Users/aleks/Desktop/PlanItApp/PlanItApp.xcodeproj
    builtin-precompileModule /Users/aleks/Library/Developer/Xcode/DerivedData/PlanItApp-gkehojshtcbfvhersqwajfujohau/Build/Intermediates.noindex/ExplicitPrecompiledModules/unistd-5OD0B4KTWTK8XHDGIG1LFS6Y.scan

PrecompileModule /Users/aleks/Library/Developer/Xcode/DerivedData/PlanItApp-gkehojshtcbfvhersqwajfujohau/Build/Intermediates.noindex/ExplicitPrecompiledModules/_stdlib-DISXSRL4GB4S17ZEA5CJ0J8VI.scan
    cd /Users/aleks/Desktop/PlanItApp/PlanItApp.xcodeproj
    builtin-precompileModule /Users/aleks/Library/Developer/Xcode/DerivedData/PlanItApp-gkehojshtcbfvhersqwajfujohau/Build/Intermediates.noindex/ExplicitPrecompiledModules/_stdlib-DISXSRL4GB4S17ZEA5CJ0J8VI.scan

PrecompileModule /Users/aleks/Library/Developer/Xcode/DerivedData/PlanItApp-gkehojshtcbfvhersqwajfujohau/Build/Intermediates.noindex/ExplicitPrecompiledModules/Foundation-690075OCVNM36PHHYRULD4OM6.scan
    cd /Users/aleks/Desktop/PlanItApp/PlanItApp.xcodeproj
    builtin-precompileModule /Users/aleks/Library/Developer/Xcode/DerivedData/PlanItApp-gkehojshtcbfvhersqwajfujohau/Build/Intermediates.noindex/ExplicitPrecompiledModules/Foundation-690075OCVNM36PHHYRULD4OM6.scan

ScanDependencies /Users/aleks/Library/Developer/Xcode/DerivedData/PlanItApp-gkehojshtcbfvhersqwajfujohau/Build/Intermediates.noindex/GoogleSignIn.build/Debug-iphonesimulator/GoogleSignIn.build/Objects-normal/arm64/GIDGoogleUser.o /Users/aleks/Library/Developer/Xcode/DerivedData/PlanItApp-gkehojshtcbfvhersqwajfujohau/SourcePackages/checkouts/GoogleSignIn-iOS/GoogleSignIn/Sources/GIDGoogleUser.m normal arm64 objective-c com.apple.compilers.llvm.clang.1_0.compiler (in target 'GoogleSignIn' from project 'GoogleSignIn')
    cd /Users/aleks/Desktop/PlanItApp/PlanItApp.xcodeproj
    
    Using response file: /Users/aleks/Library/Developer/Xcode/DerivedData/PlanItApp-gkehojshtcbfvhersqwajfujohau/Build/Intermediates.noindex/GoogleSignIn.build/Debug-iphonesimulator/GoogleSignIn.build/Objects-normal/arm64/e6072d4f65d7061329687fe24e3d63a7-common-args.resp
    
    builtin-ScanDependencies -o /Users/aleks/Library/Developer/Xcode/DerivedData/PlanItApp-gkehojshtcbfvhersqwajfujohau/Build/Intermediates.noindex/GoogleSignIn.build/Debug-iphonesimulator/GoogleSignIn.build/Objects-normal/arm64/GIDGoogleUser.o.scan -- /Applications/Xcode.app/Contents/Developer/Toolchains/XcodeDefault.xctoolchain/usr/bin/clang -x objective-c -ivfsstatcache /Users/aleks/Library/Developer/Xcode/DerivedData/SDKStatCaches.noindex/iphonesimulator18.5-22F76-d5fc8ad4295d2ef488fb7d0f804ce0c4.sdkstatcache -fmessage-length\=0 -fdiagnostics-show-note-include-stack -fmacro-backtrace-limit\=0 -fno-color-diagnostics -fmodules-prune-interval\=86400 -fmodules-prune-after\=345600 -fbuild-session-file\=/Users/aleks/Library/Developer/Xcode/DerivedData/ModuleCache.noindex/Session.modulevalidation -fmodules-validate-once-per-build-session -Wnon-modular-include-in-framework-module -Werror\=non-modular-include-in-framework-module -Wno-trigraphs -Wno-missing-field-initializers -Wno-missing-prototypes -Wno-return-type -Wno-implicit-atomic-properties -Wno-objc-interface-ivars -Wno-arc-repeated-use-of-weak -Wno-missing-braces -Wparentheses -Wswitch -Wno-unused-function -Wno-unused-label -Wno-unused-parameter -Wno-unused-variable -Wunused-value -Wno-empty-body -Wno-uninitialized -Wno-unknown-pragmas -w -Wno-shadow -Wno-four-char-constants -Wno-conversion -Wno-constant-conversion -Wno-int-conversion -Wno-bool-conversion -Wno-enum-conversion -Wno-float-conversion -Wno-non-literal-null-conversion -Wno-objc-literal-conversion -Wshorten-64-to-32 -Wpointer-sign -Wno-newline-eof -Wno-selector -Wno-strict-selector-match -Wno-undeclared-selector -Wno-deprecated-implementations -Wno-implicit-fallthrough -fstrict-aliasing -Wprotocol -Wdeprecated-declarations -Wno-sign-conversion -Wno-infinite-recursion -Wno-comma -Wno-block-capture-autoreleasing -Wno-strict-prototypes -Wno-semicolon-before-method-body -index-store-path /Users/aleks/Library/Developer/Xcode/DerivedData/PlanItApp-gkehojshtcbfvhersqwajfujohau/Index.noindex/DataStore @/Users/aleks/Library/Developer/Xcode/DerivedData/PlanItApp-gkehojshtcbfvhersqwajfujohau/Build/Intermediates.noindex/GoogleSignIn.build/Debug-iphonesimulator/GoogleSignIn.build/Objects-normal/arm64/e6072d4f65d7061329687fe24e3d63a7-common-args.resp -include /Users/aleks/Library/Developer/Xcode/DerivedData/PlanItApp-gkehojshtcbfvhersqwajfujohau/Build/Intermediates.noindex/GoogleSignIn.build/Debug-iphonesimulator/GoogleSignIn.build/DerivedSources/resource_bundle_accessor.h -MMD -MT dependencies -MF /Users/aleks/Library/Developer/Xcode/DerivedData/PlanItApp-gkehojshtcbfvhersqwajfujohau/Build/Intermediates.noindex/GoogleSignIn.build/Debug-iphonesimulator/GoogleSignIn.build/Objects-normal/arm64/GIDGoogleUser.d --serialize-diagnostics /Users/aleks/Library/Developer/Xcode/DerivedData/PlanItApp-gkehojshtcbfvhersqwajfujohau/Build/Intermediates.noindex/GoogleSignIn.build/Debug-iphonesimulator/GoogleSignIn.build/Objects-normal/arm64/GIDGoogleUser.dia -c /Users/aleks/Library/Developer/Xcode/DerivedData/PlanItApp-gkehojshtcbfvhersqwajfujohau/SourcePackages/checkouts/GoogleSignIn-iOS/GoogleSignIn/Sources/GIDGoogleUser.m -o /Users/aleks/Library/Developer/Xcode/DerivedData/PlanItApp-gkehojshtcbfvhersqwajfujohau/Build/Intermediates.noindex/GoogleSignIn.build/Debug-iphonesimulator/GoogleSignIn.build/Objects-normal/arm64/GIDGoogleUser.o -index-unit-output-path /GoogleSignIn.build/Debug-iphonesimulator/GoogleSignIn.build/Objects-normal/arm64/GIDGoogleUser.o

ScanDependencies /Users/aleks/Library/Developer/Xcode/DerivedData/PlanItApp-gkehojshtcbfvhersqwajfujohau/Build/Intermediates.noindex/GoogleSignIn.build/Debug-iphonesimulator/GoogleSignIn.build/Objects-normal/arm64/GIDEMMSupport.o /Users/aleks/Library/Developer/Xcode/DerivedData/PlanItApp-gkehojshtcbfvhersqwajfujohau/SourcePackages/checkouts/GoogleSignIn-iOS/GoogleSignIn/Sources/GIDEMMSupport.m normal arm64 objective-c com.apple.compilers.llvm.clang.1_0.compiler (in target 'GoogleSignIn' from project 'GoogleSignIn')
    cd /Users/aleks/Desktop/PlanItApp/PlanItApp.xcodeproj
    
    Using response file: /Users/aleks/Library/Developer/Xcode/DerivedData/PlanItApp-gkehojshtcbfvhersqwajfujohau/Build/Intermediates.noindex/GoogleSignIn.build/Debug-iphonesimulator/GoogleSignIn.build/Objects-normal/arm64/e6072d4f65d7061329687fe24e3d63a7-common-args.resp
    
    builtin-ScanDependencies -o /Users/aleks/Library/Developer/Xcode/DerivedData/PlanItApp-gkehojshtcbfvhersqwajfujohau/Build/Intermediates.noindex/GoogleSignIn.build/Debug-iphonesimulator/GoogleSignIn.build/Objects-normal/arm64/GIDEMMSupport.o.scan -- /Applications/Xcode.app/Contents/Developer/Toolchains/XcodeDefault.xctoolchain/usr/bin/clang -x objective-c -ivfsstatcache /Users/aleks/Library/Developer/Xcode/DerivedData/SDKStatCaches.noindex/iphonesimulator18.5-22F76-d5fc8ad4295d2ef488fb7d0f804ce0c4.sdkstatcache -fmessage-length\=0 -fdiagnostics-show-note-include-stack -fmacro-backtrace-limit\=0 -fno-color-diagnostics -fmodules-prune-interval\=86400 -fmodules-prune-after\=345600 -fbuild-session-file\=/Users/aleks/Library/Developer/Xcode/DerivedData/ModuleCache.noindex/Session.modulevalidation -fmodules-validate-once-per-build-session -Wnon-modular-include-in-framework-module -Werror\=non-modular-include-in-framework-module -Wno-trigraphs -Wno-missing-field-initializers -Wno-missing-prototypes -Wno-return-type -Wno-implicit-atomic-properties -Wno-objc-interface-ivars -Wno-arc-repeated-use-of-weak -Wno-missing-braces -Wparentheses -Wswitch -Wno-unused-function -Wno-unused-label -Wno-unused-parameter -Wno-unused-variable -Wunused-value -Wno-empty-body -Wno-uninitialized -Wno-unknown-pragmas -w -Wno-shadow -Wno-four-char-constants -Wno-conversion -Wno-constant-conversion -Wno-int-conversion -Wno-bool-conversion -Wno-enum-conversion -Wno-float-conversion -Wno-non-literal-null-conversion -Wno-objc-literal-conversion -Wshorten-64-to-32 -Wpointer-sign -Wno-newline-eof -Wno-selector -Wno-strict-selector-match -Wno-undeclared-selector -Wno-deprecated-implementations -Wno-implicit-fallthrough -fstrict-aliasing -Wprotocol -Wdeprecated-declarations -Wno-sign-conversion -Wno-infinite-recursion -Wno-comma -Wno-block-capture-autoreleasing -Wno-strict-prototypes -Wno-semicolon-before-method-body -index-store-path /Users/aleks/Library/Developer/Xcode/DerivedData/PlanItApp-gkehojshtcbfvhersqwajfujohau/Index.noindex/DataStore @/Users/aleks/Library/Developer/Xcode/DerivedData/PlanItApp-gkehojshtcbfvhersqwajfujohau/Build/Intermediates.noindex/GoogleSignIn.build/Debug-iphonesimulator/GoogleSignIn.build/Objects-normal/arm64/e6072d4f65d7061329687fe24e3d63a7-common-args.resp -include /Users/aleks/Library/Developer/Xcode/DerivedData/PlanItApp-gkehojshtcbfvhersqwajfujohau/Build/Intermediates.noindex/GoogleSignIn.build/Debug-iphonesimulator/GoogleSignIn.build/DerivedSources/resource_bundle_accessor.h -MMD -MT dependencies -MF /Users/aleks/Library/Developer/Xcode/DerivedData/PlanItApp-gkehojshtcbfvhersqwajfujohau/Build/Intermediates.noindex/GoogleSignIn.build/Debug-iphonesimulator/GoogleSignIn.build/Objects-normal/arm64/GIDEMMSupport.d --serialize-diagnostics /Users/aleks/Library/Developer/Xcode/DerivedData/PlanItApp-gkehojshtcbfvhersqwajfujohau/Build/Intermediates.noindex/GoogleSignIn.build/Debug-iphonesimulator/GoogleSignIn.build/Objects-normal/arm64/GIDEMMSupport.dia -c /Users/aleks/Library/Developer/Xcode/DerivedData/PlanItApp-gkehojshtcbfvhersqwajfujohau/SourcePackages/checkouts/GoogleSignIn-iOS/GoogleSignIn/Sources/GIDEMMSupport.m -o /Users/aleks/Library/Developer/Xcode/DerivedData/PlanItApp-gkehojshtcbfvhersqwajfujohau/Build/Intermediates.noindex/GoogleSignIn.build/Debug-iphonesimulator/GoogleSignIn.build/Objects-normal/arm64/GIDEMMSupport.o -index-unit-output-path /GoogleSignIn.build/Debug-iphonesimulator/GoogleSignIn.build/Objects-normal/arm64/GIDEMMSupport.o

ScanDependencies /Users/aleks/Library/Developer/Xcode/DerivedData/PlanItApp-gkehojshtcbfvhersqwajfujohau/Build/Intermediates.noindex/GoogleSignIn.build/Debug-iphonesimulator/GoogleSignIn.build/Objects-normal/arm64/GIDEMMErrorHandler.o /Users/aleks/Library/Developer/Xcode/DerivedData/PlanItApp-gkehojshtcbfvhersqwajfujohau/SourcePackages/checkouts/GoogleSignIn-iOS/GoogleSignIn/Sources/GIDEMMErrorHandler.m normal arm64 objective-c com.apple.compilers.llvm.clang.1_0.compiler (in target 'GoogleSignIn' from project 'GoogleSignIn')
    cd /Users/aleks/Desktop/PlanItApp/PlanItApp.xcodeproj
    
    Using response file: /Users/aleks/Library/Developer/Xcode/DerivedData/PlanItApp-gkehojshtcbfvhersqwajfujohau/Build/Intermediates.noindex/GoogleSignIn.build/Debug-iphonesimulator/GoogleSignIn.build/Objects-normal/arm64/e6072d4f65d7061329687fe24e3d63a7-common-args.resp
    
    builtin-ScanDependencies -o /Users/aleks/Library/Developer/Xcode/DerivedData/PlanItApp-gkehojshtcbfvhersqwajfujohau/Build/Intermediates.noindex/GoogleSignIn.build/Debug-iphonesimulator/GoogleSignIn.build/Objects-normal/arm64/GIDEMMErrorHandler.o.scan -- /Applications/Xcode.app/Contents/Developer/Toolchains/XcodeDefault.xctoolchain/usr/bin/clang -x objective-c -ivfsstatcache /Users/aleks/Library/Developer/Xcode/DerivedData/SDKStatCaches.noindex/iphonesimulator18.5-22F76-d5fc8ad4295d2ef488fb7d0f804ce0c4.sdkstatcache -fmessage-length\=0 -fdiagnostics-show-note-include-stack -fmacro-backtrace-limit\=0 -fno-color-diagnostics -fmodules-prune-interval\=86400 -fmodules-prune-after\=345600 -fbuild-session-file\=/Users/aleks/Library/Developer/Xcode/DerivedData/ModuleCache.noindex/Session.modulevalidation -fmodules-validate-once-per-build-session -Wnon-modular-include-in-framework-module -Werror\=non-modular-include-in-framework-module -Wno-trigraphs -Wno-missing-field-initializers -Wno-missing-prototypes -Wno-return-type -Wno-implicit-atomic-properties -Wno-objc-interface-ivars -Wno-arc-repeated-use-of-weak -Wno-missing-braces -Wparentheses -Wswitch -Wno-unused-function -Wno-unused-label -Wno-unused-parameter -Wno-unused-variable -Wunused-value -Wno-empty-body -Wno-uninitialized -Wno-unknown-pragmas -w -Wno-shadow -Wno-four-char-constants -Wno-conversion -Wno-constant-conversion -Wno-int-conversion -Wno-bool-conversion -Wno-enum-conversion -Wno-float-conversion -Wno-non-literal-null-conversion -Wno-objc-literal-conversion -Wshorten-64-to-32 -Wpointer-sign -Wno-newline-eof -Wno-selector -Wno-strict-selector-match -Wno-undeclared-selector -Wno-deprecated-implementations -Wno-implicit-fallthrough -fstrict-aliasing -Wprotocol -Wdeprecated-declarations -Wno-sign-conversion -Wno-infinite-recursion -Wno-comma -Wno-block-capture-autoreleasing -Wno-strict-prototypes -Wno-semicolon-before-method-body -index-store-path /Users/aleks/Library/Developer/Xcode/DerivedData/PlanItApp-gkehojshtcbfvhersqwajfujohau/Index.noindex/DataStore @/Users/aleks/Library/Developer/Xcode/DerivedData/PlanItApp-gkehojshtcbfvhersqwajfujohau/Build/Intermediates.noindex/GoogleSignIn.build/Debug-iphonesimulator/GoogleSignIn.build/Objects-normal/arm64/e6072d4f65d7061329687fe24e3d63a7-common-args.resp -include /Users/aleks/Library/Developer/Xcode/DerivedData/PlanItApp-gkehojshtcbfvhersqwajfujohau/Build/Intermediates.noindex/GoogleSignIn.build/Debug-iphonesimulator/GoogleSignIn.build/DerivedSources/resource_bundle_accessor.h -MMD -MT dependencies -MF /Users/aleks/Library/Developer/Xcode/DerivedData/PlanItApp-gkehojshtcbfvhersqwajfujohau/Build/Intermediates.noindex/GoogleSignIn.build/Debug-iphonesimulator/GoogleSignIn.build/Objects-normal/arm64/GIDEMMErrorHandler.d --serialize-diagnostics /Users/aleks/Library/Developer/Xcode/DerivedData/PlanItApp-gkehojshtcbfvhersqwajfujohau/Build/Intermediates.noindex/GoogleSignIn.build/Debug-iphonesimulator/GoogleSignIn.build/Objects-normal/arm64/GIDEMMErrorHandler.dia -c /Users/aleks/Library/Developer/Xcode/DerivedData/PlanItApp-gkehojshtcbfvhersqwajfujohau/SourcePackages/checkouts/GoogleSignIn-iOS/GoogleSignIn/Sources/GIDEMMErrorHandler.m -o /Users/aleks/Library/Developer/Xcode/DerivedData/PlanItApp-gkehojshtcbfvhersqwajfujohau/Build/Intermediates.noindex/GoogleSignIn.build/Debug-iphonesimulator/GoogleSignIn.build/Objects-normal/arm64/GIDEMMErrorHandler.o -index-unit-output-path /GoogleSignIn.build/Debug-iphonesimulator/GoogleSignIn.build/Objects-normal/arm64/GIDEMMErrorHandler.o

ScanDependencies /Users/aleks/Library/Developer/Xcode/DerivedData/PlanItApp-gkehojshtcbfvhersqwajfujohau/Build/Intermediates.noindex/GoogleSignIn.build/Debug-iphonesimulator/GoogleSignIn.build/Objects-normal/arm64/GIDConfiguration.o /Users/aleks/Library/Developer/Xcode/DerivedData/PlanItApp-gkehojshtcbfvhersqwajfujohau/SourcePackages/checkouts/GoogleSignIn-iOS/GoogleSignIn/Sources/GIDConfiguration.m normal arm64 objective-c com.apple.compilers.llvm.clang.1_0.compiler (in target 'GoogleSignIn' from project 'GoogleSignIn')
    cd /Users/aleks/Desktop/PlanItApp/PlanItApp.xcodeproj
    
    Using response file: /Users/aleks/Library/Developer/Xcode/DerivedData/PlanItApp-gkehojshtcbfvhersqwajfujohau/Build/Intermediates.noindex/GoogleSignIn.build/Debug-iphonesimulator/GoogleSignIn.build/Objects-normal/arm64/e6072d4f65d7061329687fe24e3d63a7-common-args.resp
    
    builtin-ScanDependencies -o /Users/aleks/Library/Developer/Xcode/DerivedData/PlanItApp-gkehojshtcbfvhersqwajfujohau/Build/Intermediates.noindex/GoogleSignIn.build/Debug-iphonesimulator/GoogleSignIn.build/Objects-normal/arm64/GIDConfiguration.o.scan -- /Applications/Xcode.app/Contents/Developer/Toolchains/XcodeDefault.xctoolchain/usr/bin/clang -x objective-c -ivfsstatcache /Users/aleks/Library/Developer/Xcode/DerivedData/SDKStatCaches.noindex/iphonesimulator18.5-22F76-d5fc8ad4295d2ef488fb7d0f804ce0c4.sdkstatcache -fmessage-length\=0 -fdiagnostics-show-note-include-stack -fmacro-backtrace-limit\=0 -fno-color-diagnostics -fmodules-prune-interval\=86400 -fmodules-prune-after\=345600 -fbuild-session-file\=/Users/aleks/Library/Developer/Xcode/DerivedData/ModuleCache.noindex/Session.modulevalidation -fmodules-validate-once-per-build-session -Wnon-modular-include-in-framework-module -Werror\=non-modular-include-in-framework-module -Wno-trigraphs -Wno-missing-field-initializers -Wno-missing-prototypes -Wno-return-type -Wno-implicit-atomic-properties -Wno-objc-interface-ivars -Wno-arc-repeated-use-of-weak -Wno-missing-braces -Wparentheses -Wswitch -Wno-unused-function -Wno-unused-label -Wno-unused-parameter -Wno-unused-variable -Wunused-value -Wno-empty-body -Wno-uninitialized -Wno-unknown-pragmas -w -Wno-shadow -Wno-four-char-constants -Wno-conversion -Wno-constant-conversion -Wno-int-conversion -Wno-bool-conversion -Wno-enum-conversion -Wno-float-conversion -Wno-non-literal-null-conversion -Wno-objc-literal-conversion -Wshorten-64-to-32 -Wpointer-sign -Wno-newline-eof -Wno-selector -Wno-strict-selector-match -Wno-undeclared-selector -Wno-deprecated-implementations -Wno-implicit-fallthrough -fstrict-aliasing -Wprotocol -Wdeprecated-declarations -Wno-sign-conversion -Wno-infinite-recursion -Wno-comma -Wno-block-capture-autoreleasing -Wno-strict-prototypes -Wno-semicolon-before-method-body -index-store-path /Users/aleks/Library/Developer/Xcode/DerivedData/PlanItApp-gkehojshtcbfvhersqwajfujohau/Index.noindex/DataStore @/Users/aleks/Library/Developer/Xcode/DerivedData/PlanItApp-gkehojshtcbfvhersqwajfujohau/Build/Intermediates.noindex/GoogleSignIn.build/Debug-iphonesimulator/GoogleSignIn.build/Objects-normal/arm64/e6072d4f65d7061329687fe24e3d63a7-common-args.resp -include /Users/aleks/Library/Developer/Xcode/DerivedData/PlanItApp-gkehojshtcbfvhersqwajfujohau/Build/Intermediates.noindex/GoogleSignIn.build/Debug-iphonesimulator/GoogleSignIn.build/DerivedSources/resource_bundle_accessor.h -MMD -MT dependencies -MF /Users/aleks/Library/Developer/Xcode/DerivedData/PlanItApp-gkehojshtcbfvhersqwajfujohau/Build/Intermediates.noindex/GoogleSignIn.build/Debug-iphonesimulator/GoogleSignIn.build/Objects-normal/arm64/GIDConfiguration.d --serialize-diagnostics /Users/aleks/Library/Developer/Xcode/DerivedData/PlanItApp-gkehojshtcbfvhersqwajfujohau/Build/Intermediates.noindex/GoogleSignIn.build/Debug-iphonesimulator/GoogleSignIn.build/Objects-normal/arm64/GIDConfiguration.dia -c /Users/aleks/Library/Developer/Xcode/DerivedData/PlanItApp-gkehojshtcbfvhersqwajfujohau/SourcePackages/checkouts/GoogleSignIn-iOS/GoogleSignIn/Sources/GIDConfiguration.m -o /Users/aleks/Library/Developer/Xcode/DerivedData/PlanItApp-gkehojshtcbfvhersqwajfujohau/Build/Intermediates.noindex/GoogleSignIn.build/Debug-iphonesimulator/GoogleSignIn.build/Objects-normal/arm64/GIDConfiguration.o -index-unit-output-path /GoogleSignIn.build/Debug-iphonesimulator/GoogleSignIn.build/Objects-normal/arm64/GIDConfiguration.o

PrecompileModule /Users/aleks/Library/Developer/Xcode/DerivedData/PlanItApp-gkehojshtcbfvhersqwajfujohau/Build/Intermediates.noindex/ExplicitPrecompiledModules/Darwin-A8HHARWLMPMCU90ZN2HBKIEKN.scan
    cd /Users/aleks/Desktop/PlanItApp/PlanItApp.xcodeproj
    builtin-precompileModule /Users/aleks/Library/Developer/Xcode/DerivedData/PlanItApp-gkehojshtcbfvhersqwajfujohau/Build/Intermediates.noindex/ExplicitPrecompiledModules/Darwin-A8HHARWLMPMCU90ZN2HBKIEKN.scan

ScanDependencies /Users/aleks/Library/Developer/Xcode/DerivedData/PlanItApp-gkehojshtcbfvhersqwajfujohau/Build/Intermediates.noindex/GoogleSignIn.build/Debug-iphonesimulator/GoogleSignIn.build/Objects-normal/arm64/GIDCallbackQueue.o /Users/aleks/Library/Developer/Xcode/DerivedData/PlanItApp-gkehojshtcbfvhersqwajfujohau/SourcePackages/checkouts/GoogleSignIn-iOS/GoogleSignIn/Sources/GIDCallbackQueue.m normal arm64 objective-c com.apple.compilers.llvm.clang.1_0.compiler (in target 'GoogleSignIn' from project 'GoogleSignIn')
    cd /Users/aleks/Desktop/PlanItApp/PlanItApp.xcodeproj
    
    Using response file: /Users/aleks/Library/Developer/Xcode/DerivedData/PlanItApp-gkehojshtcbfvhersqwajfujohau/Build/Intermediates.noindex/GoogleSignIn.build/Debug-iphonesimulator/GoogleSignIn.build/Objects-normal/arm64/e6072d4f65d7061329687fe24e3d63a7-common-args.resp
    
    builtin-ScanDependencies -o /Users/aleks/Library/Developer/Xcode/DerivedData/PlanItApp-gkehojshtcbfvhersqwajfujohau/Build/Intermediates.noindex/GoogleSignIn.build/Debug-iphonesimulator/GoogleSignIn.build/Objects-normal/arm64/GIDCallbackQueue.o.scan -- /Applications/Xcode.app/Contents/Developer/Toolchains/XcodeDefault.xctoolchain/usr/bin/clang -x objective-c -ivfsstatcache /Users/aleks/Library/Developer/Xcode/DerivedData/SDKStatCaches.noindex/iphonesimulator18.5-22F76-d5fc8ad4295d2ef488fb7d0f804ce0c4.sdkstatcache -fmessage-length\=0 -fdiagnostics-show-note-include-stack -fmacro-backtrace-limit\=0 -fno-color-diagnostics -fmodules-prune-interval\=86400 -fmodules-prune-after\=345600 -fbuild-session-file\=/Users/aleks/Library/Developer/Xcode/DerivedData/ModuleCache.noindex/Session.modulevalidation -fmodules-validate-once-per-build-session -Wnon-modular-include-in-framework-module -Werror\=non-modular-include-in-framework-module -Wno-trigraphs -Wno-missing-field-initializers -Wno-missing-prototypes -Wno-return-type -Wno-implicit-atomic-properties -Wno-objc-interface-ivars -Wno-arc-repeated-use-of-weak -Wno-missing-braces -Wparentheses -Wswitch -Wno-unused-function -Wno-unused-label -Wno-unused-parameter -Wno-unused-variable -Wunused-value -Wno-empty-body -Wno-uninitialized -Wno-unknown-pragmas -w -Wno-shadow -Wno-four-char-constants -Wno-conversion -Wno-constant-conversion -Wno-int-conversion -Wno-bool-conversion -Wno-enum-conversion -Wno-float-conversion -Wno-non-literal-null-conversion -Wno-objc-literal-conversion -Wshorten-64-to-32 -Wpointer-sign -Wno-newline-eof -Wno-selector -Wno-strict-selector-match -Wno-undeclared-selector -Wno-deprecated-implementations -Wno-implicit-fallthrough -fstrict-aliasing -Wprotocol -Wdeprecated-declarations -Wno-sign-conversion -Wno-infinite-recursion -Wno-comma -Wno-block-capture-autoreleasing -Wno-strict-prototypes -Wno-semicolon-before-method-body -index-store-path /Users/aleks/Library/Developer/Xcode/DerivedData/PlanItApp-gkehojshtcbfvhersqwajfujohau/Index.noindex/DataStore @/Users/aleks/Library/Developer/Xcode/DerivedData/PlanItApp-gkehojshtcbfvhersqwajfujohau/Build/Intermediates.noindex/GoogleSignIn.build/Debug-iphonesimulator/GoogleSignIn.build/Objects-normal/arm64/e6072d4f65d7061329687fe24e3d63a7-common-args.resp -include /Users/aleks/Library/Developer/Xcode/DerivedData/PlanItApp-gkehojshtcbfvhersqwajfujohau/Build/Intermediates.noindex/GoogleSignIn.build/Debug-iphonesimulator/GoogleSignIn.build/DerivedSources/resource_bundle_accessor.h -MMD -MT dependencies -MF /Users/aleks/Library/Developer/Xcode/DerivedData/PlanItApp-gkehojshtcbfvhersqwajfujohau/Build/Intermediates.noindex/GoogleSignIn.build/Debug-iphonesimulator/GoogleSignIn.build/Objects-normal/arm64/GIDCallbackQueue.d --serialize-diagnostics /Users/aleks/Library/Developer/Xcode/DerivedData/PlanItApp-gkehojshtcbfvhersqwajfujohau/Build/Intermediates.noindex/GoogleSignIn.build/Debug-iphonesimulator/GoogleSignIn.build/Objects-normal/arm64/GIDCallbackQueue.dia -c /Users/aleks/Library/Developer/Xcode/DerivedData/PlanItApp-gkehojshtcbfvhersqwajfujohau/SourcePackages/checkouts/GoogleSignIn-iOS/GoogleSignIn/Sources/GIDCallbackQueue.m -o /Users/aleks/Library/Developer/Xcode/DerivedData/PlanItApp-gkehojshtcbfvhersqwajfujohau/Build/Intermediates.noindex/GoogleSignIn.build/Debug-iphonesimulator/GoogleSignIn.build/Objects-normal/arm64/GIDCallbackQueue.o -index-unit-output-path /GoogleSignIn.build/Debug-iphonesimulator/GoogleSignIn.build/Objects-normal/arm64/GIDCallbackQueue.o

ScanDependencies /Users/aleks/Library/Developer/Xcode/DerivedData/PlanItApp-gkehojshtcbfvhersqwajfujohau/Build/Intermediates.noindex/GoogleSignIn.build/Debug-iphonesimulator/GoogleSignIn.build/Objects-normal/arm64/GIDAuthentication.o /Users/aleks/Library/Developer/Xcode/DerivedData/PlanItApp-gkehojshtcbfvhersqwajfujohau/SourcePackages/checkouts/GoogleSignIn-iOS/GoogleSignIn/Sources/GIDAuthentication.m normal arm64 objective-c com.apple.compilers.llvm.clang.1_0.compiler (in target 'GoogleSignIn' from project 'GoogleSignIn')
    cd /Users/aleks/Desktop/PlanItApp/PlanItApp.xcodeproj
    
    Using response file: /Users/aleks/Library/Developer/Xcode/DerivedData/PlanItApp-gkehojshtcbfvhersqwajfujohau/Build/Intermediates.noindex/GoogleSignIn.build/Debug-iphonesimulator/GoogleSignIn.build/Objects-normal/arm64/e6072d4f65d7061329687fe24e3d63a7-common-args.resp
    
    builtin-ScanDependencies -o /Users/aleks/Library/Developer/Xcode/DerivedData/PlanItApp-gkehojshtcbfvhersqwajfujohau/Build/Intermediates.noindex/GoogleSignIn.build/Debug-iphonesimulator/GoogleSignIn.build/Objects-normal/arm64/GIDAuthentication.o.scan -- /Applications/Xcode.app/Contents/Developer/Toolchains/XcodeDefault.xctoolchain/usr/bin/clang -x objective-c -ivfsstatcache /Users/aleks/Library/Developer/Xcode/DerivedData/SDKStatCaches.noindex/iphonesimulator18.5-22F76-d5fc8ad4295d2ef488fb7d0f804ce0c4.sdkstatcache -fmessage-length\=0 -fdiagnostics-show-note-include-stack -fmacro-backtrace-limit\=0 -fno-color-diagnostics -fmodules-prune-interval\=86400 -fmodules-prune-after\=345600 -fbuild-session-file\=/Users/aleks/Library/Developer/Xcode/DerivedData/ModuleCache.noindex/Session.modulevalidation -fmodules-validate-once-per-build-session -Wnon-modular-include-in-framework-module -Werror\=non-modular-include-in-framework-module -Wno-trigraphs -Wno-missing-field-initializers -Wno-missing-prototypes -Wno-return-type -Wno-implicit-atomic-properties -Wno-objc-interface-ivars -Wno-arc-repeated-use-of-weak -Wno-missing-braces -Wparentheses -Wswitch -Wno-unused-function -Wno-unused-label -Wno-unused-parameter -Wno-unused-variable -Wunused-value -Wno-empty-body -Wno-uninitialized -Wno-unknown-pragmas -w -Wno-shadow -Wno-four-char-constants -Wno-conversion -Wno-constant-conversion -Wno-int-conversion -Wno-bool-conversion -Wno-enum-conversion -Wno-float-conversion -Wno-non-literal-null-conversion -Wno-objc-literal-conversion -Wshorten-64-to-32 -Wpointer-sign -Wno-newline-eof -Wno-selector -Wno-strict-selector-match -Wno-undeclared-selector -Wno-deprecated-implementations -Wno-implicit-fallthrough -fstrict-aliasing -Wprotocol -Wdeprecated-declarations -Wno-sign-conversion -Wno-infinite-recursion -Wno-comma -Wno-block-capture-autoreleasing -Wno-strict-prototypes -Wno-semicolon-before-method-body -index-store-path /Users/aleks/Library/Developer/Xcode/DerivedData/PlanItApp-gkehojshtcbfvhersqwajfujohau/Index.noindex/DataStore @/Users/aleks/Library/Developer/Xcode/DerivedData/PlanItApp-gkehojshtcbfvhersqwajfujohau/Build/Intermediates.noindex/GoogleSignIn.build/Debug-iphonesimulator/GoogleSignIn.build/Objects-normal/arm64/e6072d4f65d7061329687fe24e3d63a7-common-args.resp -include /Users/aleks/Library/Developer/Xcode/DerivedData/PlanItApp-gkehojshtcbfvhersqwajfujohau/Build/Intermediates.noindex/GoogleSignIn.build/Debug-iphonesimulator/GoogleSignIn.build/DerivedSources/resource_bundle_accessor.h -MMD -MT dependencies -MF /Users/aleks/Library/Developer/Xcode/DerivedData/PlanItApp-gkehojshtcbfvhersqwajfujohau/Build/Intermediates.noindex/GoogleSignIn.build/Debug-iphonesimulator/GoogleSignIn.build/Objects-normal/arm64/GIDAuthentication.d --serialize-diagnostics /Users/aleks/Library/Developer/Xcode/DerivedData/PlanItApp-gkehojshtcbfvhersqwajfujohau/Build/Intermediates.noindex/GoogleSignIn.build/Debug-iphonesimulator/GoogleSignIn.build/Objects-normal/arm64/GIDAuthentication.dia -c /Users/aleks/Library/Developer/Xcode/DerivedData/PlanItApp-gkehojshtcbfvhersqwajfujohau/SourcePackages/checkouts/GoogleSignIn-iOS/GoogleSignIn/Sources/GIDAuthentication.m -o /Users/aleks/Library/Developer/Xcode/DerivedData/PlanItApp-gkehojshtcbfvhersqwajfujohau/Build/Intermediates.noindex/GoogleSignIn.build/Debug-iphonesimulator/GoogleSignIn.build/Objects-normal/arm64/GIDAuthentication.o -index-unit-output-path /GoogleSignIn.build/Debug-iphonesimulator/GoogleSignIn.build/Objects-normal/arm64/GIDAuthentication.o

ScanDependencies /Users/aleks/Library/Developer/Xcode/DerivedData/PlanItApp-gkehojshtcbfvhersqwajfujohau/Build/Intermediates.noindex/GoogleSignIn.build/Debug-iphonesimulator/GoogleSignIn.build/Objects-normal/arm64/GIDAuthStateMigration.o /Users/aleks/Library/Developer/Xcode/DerivedData/PlanItApp-gkehojshtcbfvhersqwajfujohau/SourcePackages/checkouts/GoogleSignIn-iOS/GoogleSignIn/Sources/GIDAuthStateMigration.m normal arm64 objective-c com.apple.compilers.llvm.clang.1_0.compiler (in target 'GoogleSignIn' from project 'GoogleSignIn')
    cd /Users/aleks/Desktop/PlanItApp/PlanItApp.xcodeproj
    
    Using response file: /Users/aleks/Library/Developer/Xcode/DerivedData/PlanItApp-gkehojshtcbfvhersqwajfujohau/Build/Intermediates.noindex/GoogleSignIn.build/Debug-iphonesimulator/GoogleSignIn.build/Objects-normal/arm64/e6072d4f65d7061329687fe24e3d63a7-common-args.resp
    
    builtin-ScanDependencies -o /Users/aleks/Library/Developer/Xcode/DerivedData/PlanItApp-gkehojshtcbfvhersqwajfujohau/Build/Intermediates.noindex/GoogleSignIn.build/Debug-iphonesimulator/GoogleSignIn.build/Objects-normal/arm64/GIDAuthStateMigration.o.scan -- /Applications/Xcode.app/Contents/Developer/Toolchains/XcodeDefault.xctoolchain/usr/bin/clang -x objective-c -ivfsstatcache /Users/aleks/Library/Developer/Xcode/DerivedData/SDKStatCaches.noindex/iphonesimulator18.5-22F76-d5fc8ad4295d2ef488fb7d0f804ce0c4.sdkstatcache -fmessage-length\=0 -fdiagnostics-show-note-include-stack -fmacro-backtrace-limit\=0 -fno-color-diagnostics -fmodules-prune-interval\=86400 -fmodules-prune-after\=345600 -fbuild-session-file\=/Users/aleks/Library/Developer/Xcode/DerivedData/ModuleCache.noindex/Session.modulevalidation -fmodules-validate-once-per-build-session -Wnon-modular-include-in-framework-module -Werror\=non-modular-include-in-framework-module -Wno-trigraphs -Wno-missing-field-initializers -Wno-missing-prototypes -Wno-return-type -Wno-implicit-atomic-properties -Wno-objc-interface-ivars -Wno-arc-repeated-use-of-weak -Wno-missing-braces -Wparentheses -Wswitch -Wno-unused-function -Wno-unused-label -Wno-unused-parameter -Wno-unused-variable -Wunused-value -Wno-empty-body -Wno-uninitialized -Wno-unknown-pragmas -w -Wno-shadow -Wno-four-char-constants -Wno-conversion -Wno-constant-conversion -Wno-int-conversion -Wno-bool-conversion -Wno-enum-conversion -Wno-float-conversion -Wno-non-literal-null-conversion -Wno-objc-literal-conversion -Wshorten-64-to-32 -Wpointer-sign -Wno-newline-eof -Wno-selector -Wno-strict-selector-match -Wno-undeclared-selector -Wno-deprecated-implementations -Wno-implicit-fallthrough -fstrict-aliasing -Wprotocol -Wdeprecated-declarations -Wno-sign-conversion -Wno-infinite-recursion -Wno-comma -Wno-block-capture-autoreleasing -Wno-strict-prototypes -Wno-semicolon-before-method-body -index-store-path /Users/aleks/Library/Developer/Xcode/DerivedData/PlanItApp-gkehojshtcbfvhersqwajfujohau/Index.noindex/DataStore @/Users/aleks/Library/Developer/Xcode/DerivedData/PlanItApp-gkehojshtcbfvhersqwajfujohau/Build/Intermediates.noindex/GoogleSignIn.build/Debug-iphonesimulator/GoogleSignIn.build/Objects-normal/arm64/e6072d4f65d7061329687fe24e3d63a7-common-args.resp -include /Users/aleks/Library/Developer/Xcode/DerivedData/PlanItApp-gkehojshtcbfvhersqwajfujohau/Build/Intermediates.noindex/GoogleSignIn.build/Debug-iphonesimulator/GoogleSignIn.build/DerivedSources/resource_bundle_accessor.h -MMD -MT dependencies -MF /Users/aleks/Library/Developer/Xcode/DerivedData/PlanItApp-gkehojshtcbfvhersqwajfujohau/Build/Intermediates.noindex/GoogleSignIn.build/Debug-iphonesimulator/GoogleSignIn.build/Objects-normal/arm64/GIDAuthStateMigration.d --serialize-diagnostics /Users/aleks/Library/Developer/Xcode/DerivedData/PlanItApp-gkehojshtcbfvhersqwajfujohau/Build/Intermediates.noindex/GoogleSignIn.build/Debug-iphonesimulator/GoogleSignIn.build/Objects-normal/arm64/GIDAuthStateMigration.dia -c /Users/aleks/Library/Developer/Xcode/DerivedData/PlanItApp-gkehojshtcbfvhersqwajfujohau/SourcePackages/checkouts/GoogleSignIn-iOS/GoogleSignIn/Sources/GIDAuthStateMigration.m -o /Users/aleks/Library/Developer/Xcode/DerivedData/PlanItApp-gkehojshtcbfvhersqwajfujohau/Build/Intermediates.noindex/GoogleSignIn.build/Debug-iphonesimulator/GoogleSignIn.build/Objects-normal/arm64/GIDAuthStateMigration.o -index-unit-output-path /GoogleSignIn.build/Debug-iphonesimulator/GoogleSignIn.build/Objects-normal/arm64/GIDAuthStateMigration.o

SwiftDriverJobDiscovery normal arm64 Compiling UserProfileUpdate.swift, AuthCondition.swift, AuthDefaultUIDelegate.swift, AuthErrorUtils.swift, AuthErrors.swift, AuthInternalErrors.swift, AuthLog.swift, AuthRecaptchaVerifier.swift, AuthUIDelegate.swift, AuthURLPresenter.swift, AuthWebUtils.swift, AuthWebView.swift, AuthWebViewController.swift (in target 'FirebaseAuth' from project 'Firebase')

ScanDependencies /Users/aleks/Library/Developer/Xcode/DerivedData/PlanItApp-gkehojshtcbfvhersqwajfujohau/Build/Intermediates.noindex/GoogleSignIn.build/Debug-iphonesimulator/GoogleSignIn.build/Objects-normal/arm64/GIDAppCheckProviderFake.o /Users/aleks/Library/Developer/Xcode/DerivedData/PlanItApp-gkehojshtcbfvhersqwajfujohau/SourcePackages/checkouts/GoogleSignIn-iOS/GoogleSignIn/Sources/GIDAppCheck/Implementations/Fake/GIDAppCheckProviderFake.m normal arm64 objective-c com.apple.compilers.llvm.clang.1_0.compiler (in target 'GoogleSignIn' from project 'GoogleSignIn')
    cd /Users/aleks/Desktop/PlanItApp/PlanItApp.xcodeproj
    
    Using response file: /Users/aleks/Library/Developer/Xcode/DerivedData/PlanItApp-gkehojshtcbfvhersqwajfujohau/Build/Intermediates.noindex/GoogleSignIn.build/Debug-iphonesimulator/GoogleSignIn.build/Objects-normal/arm64/e6072d4f65d7061329687fe24e3d63a7-common-args.resp
    
    builtin-ScanDependencies -o /Users/aleks/Library/Developer/Xcode/DerivedData/PlanItApp-gkehojshtcbfvhersqwajfujohau/Build/Intermediates.noindex/GoogleSignIn.build/Debug-iphonesimulator/GoogleSignIn.build/Objects-normal/arm64/GIDAppCheckProviderFake.o.scan -- /Applications/Xcode.app/Contents/Developer/Toolchains/XcodeDefault.xctoolchain/usr/bin/clang -x objective-c -ivfsstatcache /Users/aleks/Library/Developer/Xcode/DerivedData/SDKStatCaches.noindex/iphonesimulator18.5-22F76-d5fc8ad4295d2ef488fb7d0f804ce0c4.sdkstatcache -fmessage-length\=0 -fdiagnostics-show-note-include-stack -fmacro-backtrace-limit\=0 -fno-color-diagnostics -fmodules-prune-interval\=86400 -fmodules-prune-after\=345600 -fbuild-session-file\=/Users/aleks/Library/Developer/Xcode/DerivedData/ModuleCache.noindex/Session.modulevalidation -fmodules-validate-once-per-build-session -Wnon-modular-include-in-framework-module -Werror\=non-modular-include-in-framework-module -Wno-trigraphs -Wno-missing-field-initializers -Wno-missing-prototypes -Wno-return-type -Wno-implicit-atomic-properties -Wno-objc-interface-ivars -Wno-arc-repeated-use-of-weak -Wno-missing-braces -Wparentheses -Wswitch -Wno-unused-function -Wno-unused-label -Wno-unused-parameter -Wno-unused-variable -Wunused-value -Wno-empty-body -Wno-uninitialized -Wno-unknown-pragmas -w -Wno-shadow -Wno-four-char-constants -Wno-conversion -Wno-constant-conversion -Wno-int-conversion -Wno-bool-conversion -Wno-enum-conversion -Wno-float-conversion -Wno-non-literal-null-conversion -Wno-objc-literal-conversion -Wshorten-64-to-32 -Wpointer-sign -Wno-newline-eof -Wno-selector -Wno-strict-selector-match -Wno-undeclared-selector -Wno-deprecated-implementations -Wno-implicit-fallthrough -fstrict-aliasing -Wprotocol -Wdeprecated-declarations -Wno-sign-conversion -Wno-infinite-recursion -Wno-comma -Wno-block-capture-autoreleasing -Wno-strict-prototypes -Wno-semicolon-before-method-body -index-store-path /Users/aleks/Library/Developer/Xcode/DerivedData/PlanItApp-gkehojshtcbfvhersqwajfujohau/Index.noindex/DataStore @/Users/aleks/Library/Developer/Xcode/DerivedData/PlanItApp-gkehojshtcbfvhersqwajfujohau/Build/Intermediates.noindex/GoogleSignIn.build/Debug-iphonesimulator/GoogleSignIn.build/Objects-normal/arm64/e6072d4f65d7061329687fe24e3d63a7-common-args.resp -include /Users/aleks/Library/Developer/Xcode/DerivedData/PlanItApp-gkehojshtcbfvhersqwajfujohau/Build/Intermediates.noindex/GoogleSignIn.build/Debug-iphonesimulator/GoogleSignIn.build/DerivedSources/resource_bundle_accessor.h -MMD -MT dependencies -MF /Users/aleks/Library/Developer/Xcode/DerivedData/PlanItApp-gkehojshtcbfvhersqwajfujohau/Build/Intermediates.noindex/GoogleSignIn.build/Debug-iphonesimulator/GoogleSignIn.build/Objects-normal/arm64/GIDAppCheckProviderFake.d --serialize-diagnostics /Users/aleks/Library/Developer/Xcode/DerivedData/PlanItApp-gkehojshtcbfvhersqwajfujohau/Build/Intermediates.noindex/GoogleSignIn.build/Debug-iphonesimulator/GoogleSignIn.build/Objects-normal/arm64/GIDAppCheckProviderFake.dia -c /Users/aleks/Library/Developer/Xcode/DerivedData/PlanItApp-gkehojshtcbfvhersqwajfujohau/SourcePackages/checkouts/GoogleSignIn-iOS/GoogleSignIn/Sources/GIDAppCheck/Implementations/Fake/GIDAppCheckProviderFake.m -o /Users/aleks/Library/Developer/Xcode/DerivedData/PlanItApp-gkehojshtcbfvhersqwajfujohau/Build/Intermediates.noindex/GoogleSignIn.build/Debug-iphonesimulator/GoogleSignIn.build/Objects-normal/arm64/GIDAppCheckProviderFake.o -index-unit-output-path /GoogleSignIn.build/Debug-iphonesimulator/GoogleSignIn.build/Objects-normal/arm64/GIDAppCheckProviderFake.o

ScanDependencies /Users/aleks/Library/Developer/Xcode/DerivedData/PlanItApp-gkehojshtcbfvhersqwajfujohau/Build/Intermediates.noindex/GoogleSignIn.build/Debug-iphonesimulator/GoogleSignIn.build/Objects-normal/arm64/GIDAppCheck.o /Users/aleks/Library/Developer/Xcode/DerivedData/PlanItApp-gkehojshtcbfvhersqwajfujohau/SourcePackages/checkouts/GoogleSignIn-iOS/GoogleSignIn/Sources/GIDAppCheck/Implementations/GIDAppCheck.m normal arm64 objective-c com.apple.compilers.llvm.clang.1_0.compiler (in target 'GoogleSignIn' from project 'GoogleSignIn')
    cd /Users/aleks/Desktop/PlanItApp/PlanItApp.xcodeproj
    
    Using response file: /Users/aleks/Library/Developer/Xcode/DerivedData/PlanItApp-gkehojshtcbfvhersqwajfujohau/Build/Intermediates.noindex/GoogleSignIn.build/Debug-iphonesimulator/GoogleSignIn.build/Objects-normal/arm64/e6072d4f65d7061329687fe24e3d63a7-common-args.resp
    
    builtin-ScanDependencies -o /Users/aleks/Library/Developer/Xcode/DerivedData/PlanItApp-gkehojshtcbfvhersqwajfujohau/Build/Intermediates.noindex/GoogleSignIn.build/Debug-iphonesimulator/GoogleSignIn.build/Objects-normal/arm64/GIDAppCheck.o.scan -- /Applications/Xcode.app/Contents/Developer/Toolchains/XcodeDefault.xctoolchain/usr/bin/clang -x objective-c -ivfsstatcache /Users/aleks/Library/Developer/Xcode/DerivedData/SDKStatCaches.noindex/iphonesimulator18.5-22F76-d5fc8ad4295d2ef488fb7d0f804ce0c4.sdkstatcache -fmessage-length\=0 -fdiagnostics-show-note-include-stack -fmacro-backtrace-limit\=0 -fno-color-diagnostics -fmodules-prune-interval\=86400 -fmodules-prune-after\=345600 -fbuild-session-file\=/Users/aleks/Library/Developer/Xcode/DerivedData/ModuleCache.noindex/Session.modulevalidation -fmodules-validate-once-per-build-session -Wnon-modular-include-in-framework-module -Werror\=non-modular-include-in-framework-module -Wno-trigraphs -Wno-missing-field-initializers -Wno-missing-prototypes -Wno-return-type -Wno-implicit-atomic-properties -Wno-objc-interface-ivars -Wno-arc-repeated-use-of-weak -Wno-missing-braces -Wparentheses -Wswitch -Wno-unused-function -Wno-unused-label -Wno-unused-parameter -Wno-unused-variable -Wunused-value -Wno-empty-body -Wno-uninitialized -Wno-unknown-pragmas -w -Wno-shadow -Wno-four-char-constants -Wno-conversion -Wno-constant-conversion -Wno-int-conversion -Wno-bool-conversion -Wno-enum-conversion -Wno-float-conversion -Wno-non-literal-null-conversion -Wno-objc-literal-conversion -Wshorten-64-to-32 -Wpointer-sign -Wno-newline-eof -Wno-selector -Wno-strict-selector-match -Wno-undeclared-selector -Wno-deprecated-implementations -Wno-implicit-fallthrough -fstrict-aliasing -Wprotocol -Wdeprecated-declarations -Wno-sign-conversion -Wno-infinite-recursion -Wno-comma -Wno-block-capture-autoreleasing -Wno-strict-prototypes -Wno-semicolon-before-method-body -index-store-path /Users/aleks/Library/Developer/Xcode/DerivedData/PlanItApp-gkehojshtcbfvhersqwajfujohau/Index.noindex/DataStore @/Users/aleks/Library/Developer/Xcode/DerivedData/PlanItApp-gkehojshtcbfvhersqwajfujohau/Build/Intermediates.noindex/GoogleSignIn.build/Debug-iphonesimulator/GoogleSignIn.build/Objects-normal/arm64/e6072d4f65d7061329687fe24e3d63a7-common-args.resp -include /Users/aleks/Library/Developer/Xcode/DerivedData/PlanItApp-gkehojshtcbfvhersqwajfujohau/Build/Intermediates.noindex/GoogleSignIn.build/Debug-iphonesimulator/GoogleSignIn.build/DerivedSources/resource_bundle_accessor.h -MMD -MT dependencies -MF /Users/aleks/Library/Developer/Xcode/DerivedData/PlanItApp-gkehojshtcbfvhersqwajfujohau/Build/Intermediates.noindex/GoogleSignIn.build/Debug-iphonesimulator/GoogleSignIn.build/Objects-normal/arm64/GIDAppCheck.d --serialize-diagnostics /Users/aleks/Library/Developer/Xcode/DerivedData/PlanItApp-gkehojshtcbfvhersqwajfujohau/Build/Intermediates.noindex/GoogleSignIn.build/Debug-iphonesimulator/GoogleSignIn.build/Objects-normal/arm64/GIDAppCheck.dia -c /Users/aleks/Library/Developer/Xcode/DerivedData/PlanItApp-gkehojshtcbfvhersqwajfujohau/SourcePackages/checkouts/GoogleSignIn-iOS/GoogleSignIn/Sources/GIDAppCheck/Implementations/GIDAppCheck.m -o /Users/aleks/Library/Developer/Xcode/DerivedData/PlanItApp-gkehojshtcbfvhersqwajfujohau/Build/Intermediates.noindex/GoogleSignIn.build/Debug-iphonesimulator/GoogleSignIn.build/Objects-normal/arm64/GIDAppCheck.o -index-unit-output-path /GoogleSignIn.build/Debug-iphonesimulator/GoogleSignIn.build/Objects-normal/arm64/GIDAppCheck.o

ScanDependencies /Users/aleks/Library/Developer/Xcode/DerivedData/PlanItApp-gkehojshtcbfvhersqwajfujohau/Build/Intermediates.noindex/GoogleSignIn.build/Debug-iphonesimulator/GoogleSignIn.build/Objects-normal/arm64/GIDActivityIndicatorViewController.o /Users/aleks/Library/Developer/Xcode/DerivedData/PlanItApp-gkehojshtcbfvhersqwajfujohau/SourcePackages/checkouts/GoogleSignIn-iOS/GoogleSignIn/Sources/GIDAppCheck/UI/GIDActivityIndicatorViewController.m normal arm64 objective-c com.apple.compilers.llvm.clang.1_0.compiler (in target 'GoogleSignIn' from project 'GoogleSignIn')
    cd /Users/aleks/Desktop/PlanItApp/PlanItApp.xcodeproj
    
    Using response file: /Users/aleks/Library/Developer/Xcode/DerivedData/PlanItApp-gkehojshtcbfvhersqwajfujohau/Build/Intermediates.noindex/GoogleSignIn.build/Debug-iphonesimulator/GoogleSignIn.build/Objects-normal/arm64/e6072d4f65d7061329687fe24e3d63a7-common-args.resp
    
    builtin-ScanDependencies -o /Users/aleks/Library/Developer/Xcode/DerivedData/PlanItApp-gkehojshtcbfvhersqwajfujohau/Build/Intermediates.noindex/GoogleSignIn.build/Debug-iphonesimulator/GoogleSignIn.build/Objects-normal/arm64/GIDActivityIndicatorViewController.o.scan -- /Applications/Xcode.app/Contents/Developer/Toolchains/XcodeDefault.xctoolchain/usr/bin/clang -x objective-c -ivfsstatcache /Users/aleks/Library/Developer/Xcode/DerivedData/SDKStatCaches.noindex/iphonesimulator18.5-22F76-d5fc8ad4295d2ef488fb7d0f804ce0c4.sdkstatcache -fmessage-length\=0 -fdiagnostics-show-note-include-stack -fmacro-backtrace-limit\=0 -fno-color-diagnostics -fmodules-prune-interval\=86400 -fmodules-prune-after\=345600 -fbuild-session-file\=/Users/aleks/Library/Developer/Xcode/DerivedData/ModuleCache.noindex/Session.modulevalidation -fmodules-validate-once-per-build-session -Wnon-modular-include-in-framework-module -Werror\=non-modular-include-in-framework-module -Wno-trigraphs -Wno-missing-field-initializers -Wno-missing-prototypes -Wno-return-type -Wno-implicit-atomic-properties -Wno-objc-interface-ivars -Wno-arc-repeated-use-of-weak -Wno-missing-braces -Wparentheses -Wswitch -Wno-unused-function -Wno-unused-label -Wno-unused-parameter -Wno-unused-variable -Wunused-value -Wno-empty-body -Wno-uninitialized -Wno-unknown-pragmas -w -Wno-shadow -Wno-four-char-constants -Wno-conversion -Wno-constant-conversion -Wno-int-conversion -Wno-bool-conversion -Wno-enum-conversion -Wno-float-conversion -Wno-non-literal-null-conversion -Wno-objc-literal-conversion -Wshorten-64-to-32 -Wpointer-sign -Wno-newline-eof -Wno-selector -Wno-strict-selector-match -Wno-undeclared-selector -Wno-deprecated-implementations -Wno-implicit-fallthrough -fstrict-aliasing -Wprotocol -Wdeprecated-declarations -Wno-sign-conversion -Wno-infinite-recursion -Wno-comma -Wno-block-capture-autoreleasing -Wno-strict-prototypes -Wno-semicolon-before-method-body -index-store-path /Users/aleks/Library/Developer/Xcode/DerivedData/PlanItApp-gkehojshtcbfvhersqwajfujohau/Index.noindex/DataStore @/Users/aleks/Library/Developer/Xcode/DerivedData/PlanItApp-gkehojshtcbfvhersqwajfujohau/Build/Intermediates.noindex/GoogleSignIn.build/Debug-iphonesimulator/GoogleSignIn.build/Objects-normal/arm64/e6072d4f65d7061329687fe24e3d63a7-common-args.resp -include /Users/aleks/Library/Developer/Xcode/DerivedData/PlanItApp-gkehojshtcbfvhersqwajfujohau/Build/Intermediates.noindex/GoogleSignIn.build/Debug-iphonesimulator/GoogleSignIn.build/DerivedSources/resource_bundle_accessor.h -MMD -MT dependencies -MF /Users/aleks/Library/Developer/Xcode/DerivedData/PlanItApp-gkehojshtcbfvhersqwajfujohau/Build/Intermediates.noindex/GoogleSignIn.build/Debug-iphonesimulator/GoogleSignIn.build/Objects-normal/arm64/GIDActivityIndicatorViewController.d --serialize-diagnostics /Users/aleks/Library/Developer/Xcode/DerivedData/PlanItApp-gkehojshtcbfvhersqwajfujohau/Build/Intermediates.noindex/GoogleSignIn.build/Debug-iphonesimulator/GoogleSignIn.build/Objects-normal/arm64/GIDActivityIndicatorViewController.dia -c /Users/aleks/Library/Developer/Xcode/DerivedData/PlanItApp-gkehojshtcbfvhersqwajfujohau/SourcePackages/checkouts/GoogleSignIn-iOS/GoogleSignIn/Sources/GIDAppCheck/UI/GIDActivityIndicatorViewController.m -o /Users/aleks/Library/Developer/Xcode/DerivedData/PlanItApp-gkehojshtcbfvhersqwajfujohau/Build/Intermediates.noindex/GoogleSignIn.build/Debug-iphonesimulator/GoogleSignIn.build/Objects-normal/arm64/GIDActivityIndicatorViewController.o -index-unit-output-path /GoogleSignIn.build/Debug-iphonesimulator/GoogleSignIn.build/Objects-normal/arm64/GIDActivityIndicatorViewController.o

SwiftCompile normal arm64 Compiling\ resource_bundle_accessor.swift,\ CollectionReference+AsyncAwait.swift,\ Firestore+AsyncAwait.swift /Users/aleks/Library/Developer/Xcode/DerivedData/PlanItApp-gkehojshtcbfvhersqwajfujohau/Build/Intermediates.noindex/Firebase.build/Debug-iphonesimulator/FirebaseFirestore.build/DerivedSources/resource_bundle_accessor.swift /Users/aleks/Library/Developer/Xcode/DerivedData/PlanItApp-gkehojshtcbfvhersqwajfujohau/SourcePackages/checkouts/firebase-ios-sdk/Firestore/Swift/Source/AsyncAwait/CollectionReference+AsyncAwait.swift /Users/aleks/Library/Developer/Xcode/DerivedData/PlanItApp-gkehojshtcbfvhersqwajfujohau/SourcePackages/checkouts/firebase-ios-sdk/Firestore/Swift/Source/AsyncAwait/Firestore+AsyncAwait.swift (in target 'FirebaseFirestore' from project 'Firebase')

SwiftCompile normal arm64 /Users/aleks/Library/Developer/Xcode/DerivedData/PlanItApp-gkehojshtcbfvhersqwajfujohau/Build/Intermediates.noindex/Firebase.build/Debug-iphonesimulator/FirebaseFirestore.build/DerivedSources/resource_bundle_accessor.swift (in target 'FirebaseFirestore' from project 'Firebase')
    cd /Users/aleks/Desktop/PlanItApp/PlanItApp.xcodeproj
    

SwiftCompile normal arm64 /Users/aleks/Library/Developer/Xcode/DerivedData/PlanItApp-gkehojshtcbfvhersqwajfujohau/SourcePackages/checkouts/firebase-ios-sdk/Firestore/Swift/Source/AsyncAwait/CollectionReference+AsyncAwait.swift (in target 'FirebaseFirestore' from project 'Firebase')
    cd /Users/aleks/Desktop/PlanItApp/PlanItApp.xcodeproj
    

SwiftCompile normal arm64 /Users/aleks/Library/Developer/Xcode/DerivedData/PlanItApp-gkehojshtcbfvhersqwajfujohau/SourcePackages/checkouts/firebase-ios-sdk/Firestore/Swift/Source/AsyncAwait/Firestore+AsyncAwait.swift (in target 'FirebaseFirestore' from project 'Firebase')
    cd /Users/aleks/Desktop/PlanItApp/PlanItApp.xcodeproj
    

SwiftCompile normal arm64 Compiling\ CodableErrors.swift,\ CodablePassThroughTypes.swift,\ CollectionReference+WriteEncodable.swift /Users/aleks/Library/Developer/Xcode/DerivedData/PlanItApp-gkehojshtcbfvhersqwajfujohau/SourcePackages/checkouts/firebase-ios-sdk/Firestore/Swift/Source/Codable/CodableErrors.swift /Users/aleks/Library/Developer/Xcode/DerivedData/PlanItApp-gkehojshtcbfvhersqwajfujohau/SourcePackages/checkouts/firebase-ios-sdk/Firestore/Swift/Source/Codable/CodablePassThroughTypes.swift /Users/aleks/Library/Developer/Xcode/DerivedData/PlanItApp-gkehojshtcbfvhersqwajfujohau/SourcePackages/checkouts/firebase-ios-sdk/Firestore/Swift/Source/Codable/CollectionReference+WriteEncodable.swift (in target 'FirebaseFirestore' from project 'Firebase')

SwiftCompile normal arm64 /Users/aleks/Library/Developer/Xcode/DerivedData/PlanItApp-gkehojshtcbfvhersqwajfujohau/SourcePackages/checkouts/firebase-ios-sdk/Firestore/Swift/Source/Codable/CodableErrors.swift (in target 'FirebaseFirestore' from project 'Firebase')
    cd /Users/aleks/Desktop/PlanItApp/PlanItApp.xcodeproj
    

SwiftCompile normal arm64 /Users/aleks/Library/Developer/Xcode/DerivedData/PlanItApp-gkehojshtcbfvhersqwajfujohau/SourcePackages/checkouts/firebase-ios-sdk/Firestore/Swift/Source/Codable/CodablePassThroughTypes.swift (in target 'FirebaseFirestore' from project 'Firebase')
    cd /Users/aleks/Desktop/PlanItApp/PlanItApp.xcodeproj
    

SwiftCompile normal arm64 /Users/aleks/Library/Developer/Xcode/DerivedData/PlanItApp-gkehojshtcbfvhersqwajfujohau/SourcePackages/checkouts/firebase-ios-sdk/Firestore/Swift/Source/Codable/CollectionReference+WriteEncodable.swift (in target 'FirebaseFirestore' from project 'Firebase')
    cd /Users/aleks/Desktop/PlanItApp/PlanItApp.xcodeproj
    

SwiftCompile normal arm64 Compiling\ TimestampEncodingStrategy.swift,\ Transaction+WriteEncodable.swift,\ VectorValue+Codable.swift /Users/aleks/Library/Developer/Xcode/DerivedData/PlanItApp-gkehojshtcbfvhersqwajfujohau/SourcePackages/checkouts/firebase-ios-sdk/Firestore/Swift/Source/Codable/TimestampEncodingStrategy.swift /Users/aleks/Library/Developer/Xcode/DerivedData/PlanItApp-gkehojshtcbfvhersqwajfujohau/SourcePackages/checkouts/firebase-ios-sdk/Firestore/Swift/Source/Codable/Transaction+WriteEncodable.swift /Users/aleks/Library/Developer/Xcode/DerivedData/PlanItApp-gkehojshtcbfvhersqwajfujohau/SourcePackages/checkouts/firebase-ios-sdk/Firestore/Swift/Source/Codable/VectorValue+Codable.swift (in target 'FirebaseFirestore' from project 'Firebase')

SwiftCompile normal arm64 /Users/aleks/Library/Developer/Xcode/DerivedData/PlanItApp-gkehojshtcbfvhersqwajfujohau/SourcePackages/checkouts/firebase-ios-sdk/Firestore/Swift/Source/Codable/TimestampEncodingStrategy.swift (in target 'FirebaseFirestore' from project 'Firebase')
    cd /Users/aleks/Desktop/PlanItApp/PlanItApp.xcodeproj
    

SwiftCompile normal arm64 /Users/aleks/Library/Developer/Xcode/DerivedData/PlanItApp-gkehojshtcbfvhersqwajfujohau/SourcePackages/checkouts/firebase-ios-sdk/Firestore/Swift/Source/Codable/Transaction+WriteEncodable.swift (in target 'FirebaseFirestore' from project 'Firebase')
    cd /Users/aleks/Desktop/PlanItApp/PlanItApp.xcodeproj
    

SwiftCompile normal arm64 /Users/aleks/Library/Developer/Xcode/DerivedData/PlanItApp-gkehojshtcbfvhersqwajfujohau/SourcePackages/checkouts/firebase-ios-sdk/Firestore/Swift/Source/Codable/VectorValue+Codable.swift (in target 'FirebaseFirestore' from project 'Firebase')
    cd /Users/aleks/Desktop/PlanItApp/PlanItApp.xcodeproj
    

SwiftCompile normal arm64 Compiling\ WriteBatch+WriteEncodable.swift,\ FirestoreQuery.swift,\ FirestoreQueryObservable.swift /Users/aleks/Library/Developer/Xcode/DerivedData/PlanItApp-gkehojshtcbfvhersqwajfujohau/SourcePackages/checkouts/firebase-ios-sdk/Firestore/Swift/Source/Codable/WriteBatch+WriteEncodable.swift /Users/aleks/Library/Developer/Xcode/DerivedData/PlanItApp-gkehojshtcbfvhersqwajfujohau/SourcePackages/checkouts/firebase-ios-sdk/Firestore/Swift/Source/PropertyWrapper/FirestoreQuery.swift /Users/aleks/Library/Developer/Xcode/DerivedData/PlanItApp-gkehojshtcbfvhersqwajfujohau/SourcePackages/checkouts/firebase-ios-sdk/Firestore/Swift/Source/PropertyWrapper/FirestoreQueryObservable.swift (in target 'FirebaseFirestore' from project 'Firebase')

SwiftCompile normal arm64 /Users/aleks/Library/Developer/Xcode/DerivedData/PlanItApp-gkehojshtcbfvhersqwajfujohau/SourcePackages/checkouts/firebase-ios-sdk/Firestore/Swift/Source/Codable/WriteBatch+WriteEncodable.swift (in target 'FirebaseFirestore' from project 'Firebase')
    cd /Users/aleks/Desktop/PlanItApp/PlanItApp.xcodeproj
    

SwiftCompile normal arm64 /Users/aleks/Library/Developer/Xcode/DerivedData/PlanItApp-gkehojshtcbfvhersqwajfujohau/SourcePackages/checkouts/firebase-ios-sdk/Firestore/Swift/Source/PropertyWrapper/FirestoreQuery.swift (in target 'FirebaseFirestore' from project 'Firebase')
    cd /Users/aleks/Desktop/PlanItApp/PlanItApp.xcodeproj
    

SwiftCompile normal arm64 /Users/aleks/Library/Developer/Xcode/DerivedData/PlanItApp-gkehojshtcbfvhersqwajfujohau/SourcePackages/checkouts/firebase-ios-sdk/Firestore/Swift/Source/PropertyWrapper/FirestoreQueryObservable.swift (in target 'FirebaseFirestore' from project 'Firebase')
    cd /Users/aleks/Desktop/PlanItApp/PlanItApp.xcodeproj
    

SwiftCompile normal arm64 Compiling\ DocumentReference+WriteEncodable.swift,\ DocumentSnapshot+ReadDecodable.swift,\ EncoderDecoder.swift /Users/aleks/Library/Developer/Xcode/DerivedData/PlanItApp-gkehojshtcbfvhersqwajfujohau/SourcePackages/checkouts/firebase-ios-sdk/Firestore/Swift/Source/Codable/DocumentReference+WriteEncodable.swift /Users/aleks/Library/Developer/Xcode/DerivedData/PlanItApp-gkehojshtcbfvhersqwajfujohau/SourcePackages/checkouts/firebase-ios-sdk/Firestore/Swift/Source/Codable/DocumentSnapshot+ReadDecodable.swift /Users/aleks/Library/Developer/Xcode/DerivedData/PlanItApp-gkehojshtcbfvhersqwajfujohau/SourcePackages/checkouts/firebase-ios-sdk/Firestore/Swift/Source/Codable/EncoderDecoder.swift (in target 'FirebaseFirestore' from project 'Firebase')

SwiftCompile normal arm64 /Users/aleks/Library/Developer/Xcode/DerivedData/PlanItApp-gkehojshtcbfvhersqwajfujohau/SourcePackages/checkouts/firebase-ios-sdk/Firestore/Swift/Source/Codable/DocumentReference+WriteEncodable.swift (in target 'FirebaseFirestore' from project 'Firebase')
    cd /Users/aleks/Desktop/PlanItApp/PlanItApp.xcodeproj
    

SwiftCompile normal arm64 /Users/aleks/Library/Developer/Xcode/DerivedData/PlanItApp-gkehojshtcbfvhersqwajfujohau/SourcePackages/checkouts/firebase-ios-sdk/Firestore/Swift/Source/Codable/DocumentSnapshot+ReadDecodable.swift (in target 'FirebaseFirestore' from project 'Firebase')
    cd /Users/aleks/Desktop/PlanItApp/PlanItApp.xcodeproj
    

SwiftCompile normal arm64 /Users/aleks/Library/Developer/Xcode/DerivedData/PlanItApp-gkehojshtcbfvhersqwajfujohau/SourcePackages/checkouts/firebase-ios-sdk/Firestore/Swift/Source/Codable/EncoderDecoder.swift (in target 'FirebaseFirestore' from project 'Firebase')
    cd /Users/aleks/Desktop/PlanItApp/PlanItApp.xcodeproj
    

SwiftCompile normal arm64 Compiling\ VectorValue+Swift.swift,\ SwiftHeaderWorkaround.swift /Users/aleks/Library/Developer/Xcode/DerivedData/PlanItApp-gkehojshtcbfvhersqwajfujohau/SourcePackages/checkouts/firebase-ios-sdk/Firestore/Swift/Source/SwiftAPI/VectorValue+Swift.swift /Users/aleks/Library/Developer/Xcode/DerivedData/PlanItApp-gkehojshtcbfvhersqwajfujohau/SourcePackages/checkouts/firebase-ios-sdk/Firestore/Swift/Source/SwiftHeaderWorkaround.swift (in target 'FirebaseFirestore' from project 'Firebase')

SwiftCompile normal arm64 /Users/aleks/Library/Developer/Xcode/DerivedData/PlanItApp-gkehojshtcbfvhersqwajfujohau/SourcePackages/checkouts/firebase-ios-sdk/Firestore/Swift/Source/SwiftAPI/VectorValue+Swift.swift (in target 'FirebaseFirestore' from project 'Firebase')
    cd /Users/aleks/Desktop/PlanItApp/PlanItApp.xcodeproj
    

SwiftCompile normal arm64 /Users/aleks/Library/Developer/Xcode/DerivedData/PlanItApp-gkehojshtcbfvhersqwajfujohau/SourcePackages/checkouts/firebase-ios-sdk/Firestore/Swift/Source/SwiftHeaderWorkaround.swift (in target 'FirebaseFirestore' from project 'Firebase')
    cd /Users/aleks/Desktop/PlanItApp/PlanItApp.xcodeproj
    

CompileC /Users/aleks/Library/Developer/Xcode/DerivedData/PlanItApp-gkehojshtcbfvhersqwajfujohau/Build/Intermediates.noindex/Firebase.build/Debug-iphonesimulator/FirebaseCore.build/Objects-normal/arm64/resource_bundle_accessor.o /Users/aleks/Library/Developer/Xcode/DerivedData/PlanItApp-gkehojshtcbfvhersqwajfujohau/Build/Intermediates.noindex/Firebase.build/Debug-iphonesimulator/FirebaseCore.build/DerivedSources/resource_bundle_accessor.m normal arm64 objective-c com.apple.compilers.llvm.clang.1_0.compiler (in target 'FirebaseCore' from project 'Firebase')
    cd /Users/aleks/Desktop/PlanItApp/PlanItApp.xcodeproj
    
    Using response file: /Users/aleks/Library/Developer/Xcode/DerivedData/PlanItApp-gkehojshtcbfvhersqwajfujohau/Build/Intermediates.noindex/Firebase.build/Debug-iphonesimulator/FirebaseCore.build/Objects-normal/arm64/e6072d4f65d7061329687fe24e3d63a7-common-args.resp
    
    /Applications/Xcode.app/Contents/Developer/Toolchains/XcodeDefault.xctoolchain/usr/bin/clang -x objective-c -ivfsstatcache /Users/aleks/Library/Developer/Xcode/DerivedData/SDKStatCaches.noindex/iphonesimulator18.5-22F76-d5fc8ad4295d2ef488fb7d0f804ce0c4.sdkstatcache -fmessage-length\=0 -fdiagnostics-show-note-include-stack -fmacro-backtrace-limit\=0 -fno-color-diagnostics -fmodules-prune-interval\=86400 -fmodules-prune-after\=345600 -fbuild-session-file\=/Users/aleks/Library/Developer/Xcode/DerivedData/ModuleCache.noindex/Session.modulevalidation -fmodules-validate-once-per-build-session -Wnon-modular-include-in-framework-module -Werror\=non-modular-include-in-framework-module -Wno-trigraphs -Wno-missing-field-initializers -Wno-missing-prototypes -Wno-return-type -Wno-implicit-atomic-properties -Wno-objc-interface-ivars -Wno-arc-repeated-use-of-weak -Wno-missing-braces -Wparentheses -Wswitch -Wno-unused-function -Wno-unused-label -Wno-unused-parameter -Wno-unused-variable -Wunused-value -Wno-empty-body -Wno-uninitialized -Wno-unknown-pragmas -w -Wno-shadow -Wno-four-char-constants -Wno-conversion -Wno-constant-conversion -Wno-int-conversion -Wno-bool-conversion -Wno-enum-conversion -Wno-float-conversion -Wno-non-literal-null-conversion -Wno-objc-literal-conversion -Wshorten-64-to-32 -Wpointer-sign -Wno-newline-eof -Wno-selector -Wno-strict-selector-match -Wno-undeclared-selector -Wno-deprecated-implementations -Wno-implicit-fallthrough -fstrict-aliasing -Wprotocol -Wdeprecated-declarations -Wno-sign-conversion -Wno-infinite-recursion -Wno-comma -Wno-block-capture-autoreleasing -Wno-strict-prototypes -Wno-semicolon-before-method-body -index-store-path /Users/aleks/Library/Developer/Xcode/DerivedData/PlanItApp-gkehojshtcbfvhersqwajfujohau/Index.noindex/DataStore @/Users/aleks/Library/Developer/Xcode/DerivedData/PlanItApp-gkehojshtcbfvhersqwajfujohau/Build/Intermediates.noindex/Firebase.build/Debug-iphonesimulator/FirebaseCore.build/Objects-normal/arm64/e6072d4f65d7061329687fe24e3d63a7-common-args.resp -include /Users/aleks/Library/Developer/Xcode/DerivedData/PlanItApp-gkehojshtcbfvhersqwajfujohau/Build/Intermediates.noindex/Firebase.build/Debug-iphonesimulator/FirebaseCore.build/DerivedSources/resource_bundle_accessor.h -MMD -MT dependencies -MF /Users/aleks/Library/Developer/Xcode/DerivedData/PlanItApp-gkehojshtcbfvhersqwajfujohau/Build/Intermediates.noindex/Firebase.build/Debug-iphonesimulator/FirebaseCore.build/Objects-normal/arm64/resource_bundle_accessor.d --serialize-diagnostics /Users/aleks/Library/Developer/Xcode/DerivedData/PlanItApp-gkehojshtcbfvhersqwajfujohau/Build/Intermediates.noindex/Firebase.build/Debug-iphonesimulator/FirebaseCore.build/Objects-normal/arm64/resource_bundle_accessor.dia -c /Users/aleks/Library/Developer/Xcode/DerivedData/PlanItApp-gkehojshtcbfvhersqwajfujohau/Build/Intermediates.noindex/Firebase.build/Debug-iphonesimulator/FirebaseCore.build/DerivedSources/resource_bundle_accessor.m -o /Users/aleks/Library/Developer/Xcode/DerivedData/PlanItApp-gkehojshtcbfvhersqwajfujohau/Build/Intermediates.noindex/Firebase.build/Debug-iphonesimulator/FirebaseCore.build/Objects-normal/arm64/resource_bundle_accessor.o -index-unit-output-path /Firebase.build/Debug-iphonesimulator/FirebaseCore.build/Objects-normal/arm64/resource_bundle_accessor.o

CompileC /Users/aleks/Library/Developer/Xcode/DerivedData/PlanItApp-gkehojshtcbfvhersqwajfujohau/Build/Intermediates.noindex/Firebase.build/Debug-iphonesimulator/FirebaseCore.build/Objects-normal/arm64/FIRVersion.o /Users/aleks/Library/Developer/Xcode/DerivedData/PlanItApp-gkehojshtcbfvhersqwajfujohau/SourcePackages/checkouts/firebase-ios-sdk/FirebaseCore/Sources/FIRVersion.m normal arm64 objective-c com.apple.compilers.llvm.clang.1_0.compiler (in target 'FirebaseCore' from project 'Firebase')
    cd /Users/aleks/Desktop/PlanItApp/PlanItApp.xcodeproj
    
    Using response file: /Users/aleks/Library/Developer/Xcode/DerivedData/PlanItApp-gkehojshtcbfvhersqwajfujohau/Build/Intermediates.noindex/Firebase.build/Debug-iphonesimulator/FirebaseCore.build/Objects-normal/arm64/e6072d4f65d7061329687fe24e3d63a7-common-args.resp
    
    /Applications/Xcode.app/Contents/Developer/Toolchains/XcodeDefault.xctoolchain/usr/bin/clang -x objective-c -ivfsstatcache /Users/aleks/Library/Developer/Xcode/DerivedData/SDKStatCaches.noindex/iphonesimulator18.5-22F76-d5fc8ad4295d2ef488fb7d0f804ce0c4.sdkstatcache -fmessage-length\=0 -fdiagnostics-show-note-include-stack -fmacro-backtrace-limit\=0 -fno-color-diagnostics -fmodules-prune-interval\=86400 -fmodules-prune-after\=345600 -fbuild-session-file\=/Users/aleks/Library/Developer/Xcode/DerivedData/ModuleCache.noindex/Session.modulevalidation -fmodules-validate-once-per-build-session -Wnon-modular-include-in-framework-module -Werror\=non-modular-include-in-framework-module -Wno-trigraphs -Wno-missing-field-initializers -Wno-missing-prototypes -Wno-return-type -Wno-implicit-atomic-properties -Wno-objc-interface-ivars -Wno-arc-repeated-use-of-weak -Wno-missing-braces -Wparentheses -Wswitch -Wno-unused-function -Wno-unused-label -Wno-unused-parameter -Wno-unused-variable -Wunused-value -Wno-empty-body -Wno-uninitialized -Wno-unknown-pragmas -w -Wno-shadow -Wno-four-char-constants -Wno-conversion -Wno-constant-conversion -Wno-int-conversion -Wno-bool-conversion -Wno-enum-conversion -Wno-float-conversion -Wno-non-literal-null-conversion -Wno-objc-literal-conversion -Wshorten-64-to-32 -Wpointer-sign -Wno-newline-eof -Wno-selector -Wno-strict-selector-match -Wno-undeclared-selector -Wno-deprecated-implementations -Wno-implicit-fallthrough -fstrict-aliasing -Wprotocol -Wdeprecated-declarations -Wno-sign-conversion -Wno-infinite-recursion -Wno-comma -Wno-block-capture-autoreleasing -Wno-strict-prototypes -Wno-semicolon-before-method-body -index-store-path /Users/aleks/Library/Developer/Xcode/DerivedData/PlanItApp-gkehojshtcbfvhersqwajfujohau/Index.noindex/DataStore @/Users/aleks/Library/Developer/Xcode/DerivedData/PlanItApp-gkehojshtcbfvhersqwajfujohau/Build/Intermediates.noindex/Firebase.build/Debug-iphonesimulator/FirebaseCore.build/Objects-normal/arm64/e6072d4f65d7061329687fe24e3d63a7-common-args.resp -include /Users/aleks/Library/Developer/Xcode/DerivedData/PlanItApp-gkehojshtcbfvhersqwajfujohau/Build/Intermediates.noindex/Firebase.build/Debug-iphonesimulator/FirebaseCore.build/DerivedSources/resource_bundle_accessor.h -MMD -MT dependencies -MF /Users/aleks/Library/Developer/Xcode/DerivedData/PlanItApp-gkehojshtcbfvhersqwajfujohau/Build/Intermediates.noindex/Firebase.build/Debug-iphonesimulator/FirebaseCore.build/Objects-normal/arm64/FIRVersion.d --serialize-diagnostics /Users/aleks/Library/Developer/Xcode/DerivedData/PlanItApp-gkehojshtcbfvhersqwajfujohau/Build/Intermediates.noindex/Firebase.build/Debug-iphonesimulator/FirebaseCore.build/Objects-normal/arm64/FIRVersion.dia -c /Users/aleks/Library/Developer/Xcode/DerivedData/PlanItApp-gkehojshtcbfvhersqwajfujohau/SourcePackages/checkouts/firebase-ios-sdk/FirebaseCore/Sources/FIRVersion.m -o /Users/aleks/Library/Developer/Xcode/DerivedData/PlanItApp-gkehojshtcbfvhersqwajfujohau/Build/Intermediates.noindex/Firebase.build/Debug-iphonesimulator/FirebaseCore.build/Objects-normal/arm64/FIRVersion.o -index-unit-output-path /Firebase.build/Debug-iphonesimulator/FirebaseCore.build/Objects-normal/arm64/FIRVersion.o

CompileC /Users/aleks/Library/Developer/Xcode/DerivedData/PlanItApp-gkehojshtcbfvhersqwajfujohau/Build/Intermediates.noindex/Firebase.build/Debug-iphonesimulator/FirebaseCore.build/Objects-normal/arm64/FIRTimestamp.o /Users/aleks/Library/Developer/Xcode/DerivedData/PlanItApp-gkehojshtcbfvhersqwajfujohau/SourcePackages/checkouts/firebase-ios-sdk/FirebaseCore/Sources/FIRTimestamp.m normal arm64 objective-c com.apple.compilers.llvm.clang.1_0.compiler (in target 'FirebaseCore' from project 'Firebase')
    cd /Users/aleks/Desktop/PlanItApp/PlanItApp.xcodeproj
    
    Using response file: /Users/aleks/Library/Developer/Xcode/DerivedData/PlanItApp-gkehojshtcbfvhersqwajfujohau/Build/Intermediates.noindex/Firebase.build/Debug-iphonesimulator/FirebaseCore.build/Objects-normal/arm64/e6072d4f65d7061329687fe24e3d63a7-common-args.resp
    
    /Applications/Xcode.app/Contents/Developer/Toolchains/XcodeDefault.xctoolchain/usr/bin/clang -x objective-c -ivfsstatcache /Users/aleks/Library/Developer/Xcode/DerivedData/SDKStatCaches.noindex/iphonesimulator18.5-22F76-d5fc8ad4295d2ef488fb7d0f804ce0c4.sdkstatcache -fmessage-length\=0 -fdiagnostics-show-note-include-stack -fmacro-backtrace-limit\=0 -fno-color-diagnostics -fmodules-prune-interval\=86400 -fmodules-prune-after\=345600 -fbuild-session-file\=/Users/aleks/Library/Developer/Xcode/DerivedData/ModuleCache.noindex/Session.modulevalidation -fmodules-validate-once-per-build-session -Wnon-modular-include-in-framework-module -Werror\=non-modular-include-in-framework-module -Wno-trigraphs -Wno-missing-field-initializers -Wno-missing-prototypes -Wno-return-type -Wno-implicit-atomic-properties -Wno-objc-interface-ivars -Wno-arc-repeated-use-of-weak -Wno-missing-braces -Wparentheses -Wswitch -Wno-unused-function -Wno-unused-label -Wno-unused-parameter -Wno-unused-variable -Wunused-value -Wno-empty-body -Wno-uninitialized -Wno-unknown-pragmas -w -Wno-shadow -Wno-four-char-constants -Wno-conversion -Wno-constant-conversion -Wno-int-conversion -Wno-bool-conversion -Wno-enum-conversion -Wno-float-conversion -Wno-non-literal-null-conversion -Wno-objc-literal-conversion -Wshorten-64-to-32 -Wpointer-sign -Wno-newline-eof -Wno-selector -Wno-strict-selector-match -Wno-undeclared-selector -Wno-deprecated-implementations -Wno-implicit-fallthrough -fstrict-aliasing -Wprotocol -Wdeprecated-declarations -Wno-sign-conversion -Wno-infinite-recursion -Wno-comma -Wno-block-capture-autoreleasing -Wno-strict-prototypes -Wno-semicolon-before-method-body -index-store-path /Users/aleks/Library/Developer/Xcode/DerivedData/PlanItApp-gkehojshtcbfvhersqwajfujohau/Index.noindex/DataStore @/Users/aleks/Library/Developer/Xcode/DerivedData/PlanItApp-gkehojshtcbfvhersqwajfujohau/Build/Intermediates.noindex/Firebase.build/Debug-iphonesimulator/FirebaseCore.build/Objects-normal/arm64/e6072d4f65d7061329687fe24e3d63a7-common-args.resp -include /Users/aleks/Library/Developer/Xcode/DerivedData/PlanItApp-gkehojshtcbfvhersqwajfujohau/Build/Intermediates.noindex/Firebase.build/Debug-iphonesimulator/FirebaseCore.build/DerivedSources/resource_bundle_accessor.h -MMD -MT dependencies -MF /Users/aleks/Library/Developer/Xcode/DerivedData/PlanItApp-gkehojshtcbfvhersqwajfujohau/Build/Intermediates.noindex/Firebase.build/Debug-iphonesimulator/FirebaseCore.build/Objects-normal/arm64/FIRTimestamp.d --serialize-diagnostics /Users/aleks/Library/Developer/Xcode/DerivedData/PlanItApp-gkehojshtcbfvhersqwajfujohau/Build/Intermediates.noindex/Firebase.build/Debug-iphonesimulator/FirebaseCore.build/Objects-normal/arm64/FIRTimestamp.dia -c /Users/aleks/Library/Developer/Xcode/DerivedData/PlanItApp-gkehojshtcbfvhersqwajfujohau/SourcePackages/checkouts/firebase-ios-sdk/FirebaseCore/Sources/FIRTimestamp.m -o /Users/aleks/Library/Developer/Xcode/DerivedData/PlanItApp-gkehojshtcbfvhersqwajfujohau/Build/Intermediates.noindex/Firebase.build/Debug-iphonesimulator/FirebaseCore.build/Objects-normal/arm64/FIRTimestamp.o -index-unit-output-path /Firebase.build/Debug-iphonesimulator/FirebaseCore.build/Objects-normal/arm64/FIRTimestamp.o

SwiftDriverJobDiscovery normal arm64 Compiling AuthProviderID.swift, EmailAuthProvider.swift, FacebookAuthProvider.swift, FederatedAuthProvider.swift, GameCenterAuthProvider.swift, GitHubAuthProvider.swift, GoogleAuthProvider.swift, OAuthCredential.swift, OAuthProvider.swift, PhoneAuthCredential.swift, PhoneAuthProvider.swift, TwitterAuthProvider.swift, AuthBackend.swift, AuthBackendRPCIssuer.swift (in target 'FirebaseAuth' from project 'Firebase')

CompileC /Users/aleks/Library/Developer/Xcode/DerivedData/PlanItApp-gkehojshtcbfvhersqwajfujohau/Build/Intermediates.noindex/Firebase.build/Debug-iphonesimulator/FirebaseCore.build/Objects-normal/arm64/FIROptions.o /Users/aleks/Library/Developer/Xcode/DerivedData/PlanItApp-gkehojshtcbfvhersqwajfujohau/SourcePackages/checkouts/firebase-ios-sdk/FirebaseCore/Sources/FIROptions.m normal arm64 objective-c com.apple.compilers.llvm.clang.1_0.compiler (in target 'FirebaseCore' from project 'Firebase')
    cd /Users/aleks/Desktop/PlanItApp/PlanItApp.xcodeproj
    
    Using response file: /Users/aleks/Library/Developer/Xcode/DerivedData/PlanItApp-gkehojshtcbfvhersqwajfujohau/Build/Intermediates.noindex/Firebase.build/Debug-iphonesimulator/FirebaseCore.build/Objects-normal/arm64/e6072d4f65d7061329687fe24e3d63a7-common-args.resp
    
    /Applications/Xcode.app/Contents/Developer/Toolchains/XcodeDefault.xctoolchain/usr/bin/clang -x objective-c -ivfsstatcache /Users/aleks/Library/Developer/Xcode/DerivedData/SDKStatCaches.noindex/iphonesimulator18.5-22F76-d5fc8ad4295d2ef488fb7d0f804ce0c4.sdkstatcache -fmessage-length\=0 -fdiagnostics-show-note-include-stack -fmacro-backtrace-limit\=0 -fno-color-diagnostics -fmodules-prune-interval\=86400 -fmodules-prune-after\=345600 -fbuild-session-file\=/Users/aleks/Library/Developer/Xcode/DerivedData/ModuleCache.noindex/Session.modulevalidation -fmodules-validate-once-per-build-session -Wnon-modular-include-in-framework-module -Werror\=non-modular-include-in-framework-module -Wno-trigraphs -Wno-missing-field-initializers -Wno-missing-prototypes -Wno-return-type -Wno-implicit-atomic-properties -Wno-objc-interface-ivars -Wno-arc-repeated-use-of-weak -Wno-missing-braces -Wparentheses -Wswitch -Wno-unused-function -Wno-unused-label -Wno-unused-parameter -Wno-unused-variable -Wunused-value -Wno-empty-body -Wno-uninitialized -Wno-unknown-pragmas -w -Wno-shadow -Wno-four-char-constants -Wno-conversion -Wno-constant-conversion -Wno-int-conversion -Wno-bool-conversion -Wno-enum-conversion -Wno-float-conversion -Wno-non-literal-null-conversion -Wno-objc-literal-conversion -Wshorten-64-to-32 -Wpointer-sign -Wno-newline-eof -Wno-selector -Wno-strict-selector-match -Wno-undeclared-selector -Wno-deprecated-implementations -Wno-implicit-fallthrough -fstrict-aliasing -Wprotocol -Wdeprecated-declarations -Wno-sign-conversion -Wno-infinite-recursion -Wno-comma -Wno-block-capture-autoreleasing -Wno-strict-prototypes -Wno-semicolon-before-method-body -index-store-path /Users/aleks/Library/Developer/Xcode/DerivedData/PlanItApp-gkehojshtcbfvhersqwajfujohau/Index.noindex/DataStore @/Users/aleks/Library/Developer/Xcode/DerivedData/PlanItApp-gkehojshtcbfvhersqwajfujohau/Build/Intermediates.noindex/Firebase.build/Debug-iphonesimulator/FirebaseCore.build/Objects-normal/arm64/e6072d4f65d7061329687fe24e3d63a7-common-args.resp -include /Users/aleks/Library/Developer/Xcode/DerivedData/PlanItApp-gkehojshtcbfvhersqwajfujohau/Build/Intermediates.noindex/Firebase.build/Debug-iphonesimulator/FirebaseCore.build/DerivedSources/resource_bundle_accessor.h -MMD -MT dependencies -MF /Users/aleks/Library/Developer/Xcode/DerivedData/PlanItApp-gkehojshtcbfvhersqwajfujohau/Build/Intermediates.noindex/Firebase.build/Debug-iphonesimulator/FirebaseCore.build/Objects-normal/arm64/FIROptions.d --serialize-diagnostics /Users/aleks/Library/Developer/Xcode/DerivedData/PlanItApp-gkehojshtcbfvhersqwajfujohau/Build/Intermediates.noindex/Firebase.build/Debug-iphonesimulator/FirebaseCore.build/Objects-normal/arm64/FIROptions.dia -c /Users/aleks/Library/Developer/Xcode/DerivedData/PlanItApp-gkehojshtcbfvhersqwajfujohau/SourcePackages/checkouts/firebase-ios-sdk/FirebaseCore/Sources/FIROptions.m -o /Users/aleks/Library/Developer/Xcode/DerivedData/PlanItApp-gkehojshtcbfvhersqwajfujohau/Build/Intermediates.noindex/Firebase.build/Debug-iphonesimulator/FirebaseCore.build/Objects-normal/arm64/FIROptions.o -index-unit-output-path /Firebase.build/Debug-iphonesimulator/FirebaseCore.build/Objects-normal/arm64/FIROptions.o

CompileC /Users/aleks/Library/Developer/Xcode/DerivedData/PlanItApp-gkehojshtcbfvhersqwajfujohau/Build/Intermediates.noindex/Firebase.build/Debug-iphonesimulator/FirebaseCore.build/Objects-normal/arm64/FIRConfiguration.o /Users/aleks/Library/Developer/Xcode/DerivedData/PlanItApp-gkehojshtcbfvhersqwajfujohau/SourcePackages/checkouts/firebase-ios-sdk/FirebaseCore/Sources/FIRConfiguration.m normal arm64 objective-c com.apple.compilers.llvm.clang.1_0.compiler (in target 'FirebaseCore' from project 'Firebase')
    cd /Users/aleks/Desktop/PlanItApp/PlanItApp.xcodeproj
    
    Using response file: /Users/aleks/Library/Developer/Xcode/DerivedData/PlanItApp-gkehojshtcbfvhersqwajfujohau/Build/Intermediates.noindex/Firebase.build/Debug-iphonesimulator/FirebaseCore.build/Objects-normal/arm64/e6072d4f65d7061329687fe24e3d63a7-common-args.resp
    
    /Applications/Xcode.app/Contents/Developer/Toolchains/XcodeDefault.xctoolchain/usr/bin/clang -x objective-c -ivfsstatcache /Users/aleks/Library/Developer/Xcode/DerivedData/SDKStatCaches.noindex/iphonesimulator18.5-22F76-d5fc8ad4295d2ef488fb7d0f804ce0c4.sdkstatcache -fmessage-length\=0 -fdiagnostics-show-note-include-stack -fmacro-backtrace-limit\=0 -fno-color-diagnostics -fmodules-prune-interval\=86400 -fmodules-prune-after\=345600 -fbuild-session-file\=/Users/aleks/Library/Developer/Xcode/DerivedData/ModuleCache.noindex/Session.modulevalidation -fmodules-validate-once-per-build-session -Wnon-modular-include-in-framework-module -Werror\=non-modular-include-in-framework-module -Wno-trigraphs -Wno-missing-field-initializers -Wno-missing-prototypes -Wno-return-type -Wno-implicit-atomic-properties -Wno-objc-interface-ivars -Wno-arc-repeated-use-of-weak -Wno-missing-braces -Wparentheses -Wswitch -Wno-unused-function -Wno-unused-label -Wno-unused-parameter -Wno-unused-variable -Wunused-value -Wno-empty-body -Wno-uninitialized -Wno-unknown-pragmas -w -Wno-shadow -Wno-four-char-constants -Wno-conversion -Wno-constant-conversion -Wno-int-conversion -Wno-bool-conversion -Wno-enum-conversion -Wno-float-conversion -Wno-non-literal-null-conversion -Wno-objc-literal-conversion -Wshorten-64-to-32 -Wpointer-sign -Wno-newline-eof -Wno-selector -Wno-strict-selector-match -Wno-undeclared-selector -Wno-deprecated-implementations -Wno-implicit-fallthrough -fstrict-aliasing -Wprotocol -Wdeprecated-declarations -Wno-sign-conversion -Wno-infinite-recursion -Wno-comma -Wno-block-capture-autoreleasing -Wno-strict-prototypes -Wno-semicolon-before-method-body -index-store-path /Users/aleks/Library/Developer/Xcode/DerivedData/PlanItApp-gkehojshtcbfvhersqwajfujohau/Index.noindex/DataStore @/Users/aleks/Library/Developer/Xcode/DerivedData/PlanItApp-gkehojshtcbfvhersqwajfujohau/Build/Intermediates.noindex/Firebase.build/Debug-iphonesimulator/FirebaseCore.build/Objects-normal/arm64/e6072d4f65d7061329687fe24e3d63a7-common-args.resp -include /Users/aleks/Library/Developer/Xcode/DerivedData/PlanItApp-gkehojshtcbfvhersqwajfujohau/Build/Intermediates.noindex/Firebase.build/Debug-iphonesimulator/FirebaseCore.build/DerivedSources/resource_bundle_accessor.h -MMD -MT dependencies -MF /Users/aleks/Library/Developer/Xcode/DerivedData/PlanItApp-gkehojshtcbfvhersqwajfujohau/Build/Intermediates.noindex/Firebase.build/Debug-iphonesimulator/FirebaseCore.build/Objects-normal/arm64/FIRConfiguration.d --serialize-diagnostics /Users/aleks/Library/Developer/Xcode/DerivedData/PlanItApp-gkehojshtcbfvhersqwajfujohau/Build/Intermediates.noindex/Firebase.build/Debug-iphonesimulator/FirebaseCore.build/Objects-normal/arm64/FIRConfiguration.dia -c /Users/aleks/Library/Developer/Xcode/DerivedData/PlanItApp-gkehojshtcbfvhersqwajfujohau/SourcePackages/checkouts/firebase-ios-sdk/FirebaseCore/Sources/FIRConfiguration.m -o /Users/aleks/Library/Developer/Xcode/DerivedData/PlanItApp-gkehojshtcbfvhersqwajfujohau/Build/Intermediates.noindex/Firebase.build/Debug-iphonesimulator/FirebaseCore.build/Objects-normal/arm64/FIRConfiguration.o -index-unit-output-path /Firebase.build/Debug-iphonesimulator/FirebaseCore.build/Objects-normal/arm64/FIRConfiguration.o

SwiftDriverJobDiscovery normal arm64 Compiling CodableErrors.swift, CodablePassThroughTypes.swift, CollectionReference+WriteEncodable.swift (in target 'FirebaseFirestore' from project 'Firebase')

CompileC /Users/aleks/Library/Developer/Xcode/DerivedData/PlanItApp-gkehojshtcbfvhersqwajfujohau/Build/Intermediates.noindex/Firebase.build/Debug-iphonesimulator/FirebaseCore.build/Objects-normal/arm64/FIRComponentType.o /Users/aleks/Library/Developer/Xcode/DerivedData/PlanItApp-gkehojshtcbfvhersqwajfujohau/SourcePackages/checkouts/firebase-ios-sdk/FirebaseCore/Sources/FIRComponentType.m normal arm64 objective-c com.apple.compilers.llvm.clang.1_0.compiler (in target 'FirebaseCore' from project 'Firebase')
    cd /Users/aleks/Desktop/PlanItApp/PlanItApp.xcodeproj
    
    Using response file: /Users/aleks/Library/Developer/Xcode/DerivedData/PlanItApp-gkehojshtcbfvhersqwajfujohau/Build/Intermediates.noindex/Firebase.build/Debug-iphonesimulator/FirebaseCore.build/Objects-normal/arm64/e6072d4f65d7061329687fe24e3d63a7-common-args.resp
    
    /Applications/Xcode.app/Contents/Developer/Toolchains/XcodeDefault.xctoolchain/usr/bin/clang -x objective-c -ivfsstatcache /Users/aleks/Library/Developer/Xcode/DerivedData/SDKStatCaches.noindex/iphonesimulator18.5-22F76-d5fc8ad4295d2ef488fb7d0f804ce0c4.sdkstatcache -fmessage-length\=0 -fdiagnostics-show-note-include-stack -fmacro-backtrace-limit\=0 -fno-color-diagnostics -fmodules-prune-interval\=86400 -fmodules-prune-after\=345600 -fbuild-session-file\=/Users/aleks/Library/Developer/Xcode/DerivedData/ModuleCache.noindex/Session.modulevalidation -fmodules-validate-once-per-build-session -Wnon-modular-include-in-framework-module -Werror\=non-modular-include-in-framework-module -Wno-trigraphs -Wno-missing-field-initializers -Wno-missing-prototypes -Wno-return-type -Wno-implicit-atomic-properties -Wno-objc-interface-ivars -Wno-arc-repeated-use-of-weak -Wno-missing-braces -Wparentheses -Wswitch -Wno-unused-function -Wno-unused-label -Wno-unused-parameter -Wno-unused-variable -Wunused-value -Wno-empty-body -Wno-uninitialized -Wno-unknown-pragmas -w -Wno-shadow -Wno-four-char-constants -Wno-conversion -Wno-constant-conversion -Wno-int-conversion -Wno-bool-conversion -Wno-enum-conversion -Wno-float-conversion -Wno-non-literal-null-conversion -Wno-objc-literal-conversion -Wshorten-64-to-32 -Wpointer-sign -Wno-newline-eof -Wno-selector -Wno-strict-selector-match -Wno-undeclared-selector -Wno-deprecated-implementations -Wno-implicit-fallthrough -fstrict-aliasing -Wprotocol -Wdeprecated-declarations -Wno-sign-conversion -Wno-infinite-recursion -Wno-comma -Wno-block-capture-autoreleasing -Wno-strict-prototypes -Wno-semicolon-before-method-body -index-store-path /Users/aleks/Library/Developer/Xcode/DerivedData/PlanItApp-gkehojshtcbfvhersqwajfujohau/Index.noindex/DataStore @/Users/aleks/Library/Developer/Xcode/DerivedData/PlanItApp-gkehojshtcbfvhersqwajfujohau/Build/Intermediates.noindex/Firebase.build/Debug-iphonesimulator/FirebaseCore.build/Objects-normal/arm64/e6072d4f65d7061329687fe24e3d63a7-common-args.resp -include /Users/aleks/Library/Developer/Xcode/DerivedData/PlanItApp-gkehojshtcbfvhersqwajfujohau/Build/Intermediates.noindex/Firebase.build/Debug-iphonesimulator/FirebaseCore.build/DerivedSources/resource_bundle_accessor.h -MMD -MT dependencies -MF /Users/aleks/Library/Developer/Xcode/DerivedData/PlanItApp-gkehojshtcbfvhersqwajfujohau/Build/Intermediates.noindex/Firebase.build/Debug-iphonesimulator/FirebaseCore.build/Objects-normal/arm64/FIRComponentType.d --serialize-diagnostics /Users/aleks/Library/Developer/Xcode/DerivedData/PlanItApp-gkehojshtcbfvhersqwajfujohau/Build/Intermediates.noindex/Firebase.build/Debug-iphonesimulator/FirebaseCore.build/Objects-normal/arm64/FIRComponentType.dia -c /Users/aleks/Library/Developer/Xcode/DerivedData/PlanItApp-gkehojshtcbfvhersqwajfujohau/SourcePackages/checkouts/firebase-ios-sdk/FirebaseCore/Sources/FIRComponentType.m -o /Users/aleks/Library/Developer/Xcode/DerivedData/PlanItApp-gkehojshtcbfvhersqwajfujohau/Build/Intermediates.noindex/Firebase.build/Debug-iphonesimulator/FirebaseCore.build/Objects-normal/arm64/FIRComponentType.o -index-unit-output-path /Firebase.build/Debug-iphonesimulator/FirebaseCore.build/Objects-normal/arm64/FIRComponentType.o

CompileC /Users/aleks/Library/Developer/Xcode/DerivedData/PlanItApp-gkehojshtcbfvhersqwajfujohau/Build/Intermediates.noindex/Firebase.build/Debug-iphonesimulator/FirebaseCore.build/Objects-normal/arm64/FIRComponentContainer.o /Users/aleks/Library/Developer/Xcode/DerivedData/PlanItApp-gkehojshtcbfvhersqwajfujohau/SourcePackages/checkouts/firebase-ios-sdk/FirebaseCore/Sources/FIRComponentContainer.m normal arm64 objective-c com.apple.compilers.llvm.clang.1_0.compiler (in target 'FirebaseCore' from project 'Firebase')
    cd /Users/aleks/Desktop/PlanItApp/PlanItApp.xcodeproj
    
    Using response file: /Users/aleks/Library/Developer/Xcode/DerivedData/PlanItApp-gkehojshtcbfvhersqwajfujohau/Build/Intermediates.noindex/Firebase.build/Debug-iphonesimulator/FirebaseCore.build/Objects-normal/arm64/e6072d4f65d7061329687fe24e3d63a7-common-args.resp
    
    /Applications/Xcode.app/Contents/Developer/Toolchains/XcodeDefault.xctoolchain/usr/bin/clang -x objective-c -ivfsstatcache /Users/aleks/Library/Developer/Xcode/DerivedData/SDKStatCaches.noindex/iphonesimulator18.5-22F76-d5fc8ad4295d2ef488fb7d0f804ce0c4.sdkstatcache -fmessage-length\=0 -fdiagnostics-show-note-include-stack -fmacro-backtrace-limit\=0 -fno-color-diagnostics -fmodules-prune-interval\=86400 -fmodules-prune-after\=345600 -fbuild-session-file\=/Users/aleks/Library/Developer/Xcode/DerivedData/ModuleCache.noindex/Session.modulevalidation -fmodules-validate-once-per-build-session -Wnon-modular-include-in-framework-module -Werror\=non-modular-include-in-framework-module -Wno-trigraphs -Wno-missing-field-initializers -Wno-missing-prototypes -Wno-return-type -Wno-implicit-atomic-properties -Wno-objc-interface-ivars -Wno-arc-repeated-use-of-weak -Wno-missing-braces -Wparentheses -Wswitch -Wno-unused-function -Wno-unused-label -Wno-unused-parameter -Wno-unused-variable -Wunused-value -Wno-empty-body -Wno-uninitialized -Wno-unknown-pragmas -w -Wno-shadow -Wno-four-char-constants -Wno-conversion -Wno-constant-conversion -Wno-int-conversion -Wno-bool-conversion -Wno-enum-conversion -Wno-float-conversion -Wno-non-literal-null-conversion -Wno-objc-literal-conversion -Wshorten-64-to-32 -Wpointer-sign -Wno-newline-eof -Wno-selector -Wno-strict-selector-match -Wno-undeclared-selector -Wno-deprecated-implementations -Wno-implicit-fallthrough -fstrict-aliasing -Wprotocol -Wdeprecated-declarations -Wno-sign-conversion -Wno-infinite-recursion -Wno-comma -Wno-block-capture-autoreleasing -Wno-strict-prototypes -Wno-semicolon-before-method-body -index-store-path /Users/aleks/Library/Developer/Xcode/DerivedData/PlanItApp-gkehojshtcbfvhersqwajfujohau/Index.noindex/DataStore @/Users/aleks/Library/Developer/Xcode/DerivedData/PlanItApp-gkehojshtcbfvhersqwajfujohau/Build/Intermediates.noindex/Firebase.build/Debug-iphonesimulator/FirebaseCore.build/Objects-normal/arm64/e6072d4f65d7061329687fe24e3d63a7-common-args.resp -include /Users/aleks/Library/Developer/Xcode/DerivedData/PlanItApp-gkehojshtcbfvhersqwajfujohau/Build/Intermediates.noindex/Firebase.build/Debug-iphonesimulator/FirebaseCore.build/DerivedSources/resource_bundle_accessor.h -MMD -MT dependencies -MF /Users/aleks/Library/Developer/Xcode/DerivedData/PlanItApp-gkehojshtcbfvhersqwajfujohau/Build/Intermediates.noindex/Firebase.build/Debug-iphonesimulator/FirebaseCore.build/Objects-normal/arm64/FIRComponentContainer.d --serialize-diagnostics /Users/aleks/Library/Developer/Xcode/DerivedData/PlanItApp-gkehojshtcbfvhersqwajfujohau/Build/Intermediates.noindex/Firebase.build/Debug-iphonesimulator/FirebaseCore.build/Objects-normal/arm64/FIRComponentContainer.dia -c /Users/aleks/Library/Developer/Xcode/DerivedData/PlanItApp-gkehojshtcbfvhersqwajfujohau/SourcePackages/checkouts/firebase-ios-sdk/FirebaseCore/Sources/FIRComponentContainer.m -o /Users/aleks/Library/Developer/Xcode/DerivedData/PlanItApp-gkehojshtcbfvhersqwajfujohau/Build/Intermediates.noindex/Firebase.build/Debug-iphonesimulator/FirebaseCore.build/Objects-normal/arm64/FIRComponentContainer.o -index-unit-output-path /Firebase.build/Debug-iphonesimulator/FirebaseCore.build/Objects-normal/arm64/FIRComponentContainer.o

CompileC /Users/aleks/Library/Developer/Xcode/DerivedData/PlanItApp-gkehojshtcbfvhersqwajfujohau/Build/Intermediates.noindex/Firebase.build/Debug-iphonesimulator/FirebaseCore.build/Objects-normal/arm64/FIRComponent.o /Users/aleks/Library/Developer/Xcode/DerivedData/PlanItApp-gkehojshtcbfvhersqwajfujohau/SourcePackages/checkouts/firebase-ios-sdk/FirebaseCore/Sources/FIRComponent.m normal arm64 objective-c com.apple.compilers.llvm.clang.1_0.compiler (in target 'FirebaseCore' from project 'Firebase')
    cd /Users/aleks/Desktop/PlanItApp/PlanItApp.xcodeproj
    
    Using response file: /Users/aleks/Library/Developer/Xcode/DerivedData/PlanItApp-gkehojshtcbfvhersqwajfujohau/Build/Intermediates.noindex/Firebase.build/Debug-iphonesimulator/FirebaseCore.build/Objects-normal/arm64/e6072d4f65d7061329687fe24e3d63a7-common-args.resp
    
    /Applications/Xcode.app/Contents/Developer/Toolchains/XcodeDefault.xctoolchain/usr/bin/clang -x objective-c -ivfsstatcache /Users/aleks/Library/Developer/Xcode/DerivedData/SDKStatCaches.noindex/iphonesimulator18.5-22F76-d5fc8ad4295d2ef488fb7d0f804ce0c4.sdkstatcache -fmessage-length\=0 -fdiagnostics-show-note-include-stack -fmacro-backtrace-limit\=0 -fno-color-diagnostics -fmodules-prune-interval\=86400 -fmodules-prune-after\=345600 -fbuild-session-file\=/Users/aleks/Library/Developer/Xcode/DerivedData/ModuleCache.noindex/Session.modulevalidation -fmodules-validate-once-per-build-session -Wnon-modular-include-in-framework-module -Werror\=non-modular-include-in-framework-module -Wno-trigraphs -Wno-missing-field-initializers -Wno-missing-prototypes -Wno-return-type -Wno-implicit-atomic-properties -Wno-objc-interface-ivars -Wno-arc-repeated-use-of-weak -Wno-missing-braces -Wparentheses -Wswitch -Wno-unused-function -Wno-unused-label -Wno-unused-parameter -Wno-unused-variable -Wunused-value -Wno-empty-body -Wno-uninitialized -Wno-unknown-pragmas -w -Wno-shadow -Wno-four-char-constants -Wno-conversion -Wno-constant-conversion -Wno-int-conversion -Wno-bool-conversion -Wno-enum-conversion -Wno-float-conversion -Wno-non-literal-null-conversion -Wno-objc-literal-conversion -Wshorten-64-to-32 -Wpointer-sign -Wno-newline-eof -Wno-selector -Wno-strict-selector-match -Wno-undeclared-selector -Wno-deprecated-implementations -Wno-implicit-fallthrough -fstrict-aliasing -Wprotocol -Wdeprecated-declarations -Wno-sign-conversion -Wno-infinite-recursion -Wno-comma -Wno-block-capture-autoreleasing -Wno-strict-prototypes -Wno-semicolon-before-method-body -index-store-path /Users/aleks/Library/Developer/Xcode/DerivedData/PlanItApp-gkehojshtcbfvhersqwajfujohau/Index.noindex/DataStore @/Users/aleks/Library/Developer/Xcode/DerivedData/PlanItApp-gkehojshtcbfvhersqwajfujohau/Build/Intermediates.noindex/Firebase.build/Debug-iphonesimulator/FirebaseCore.build/Objects-normal/arm64/e6072d4f65d7061329687fe24e3d63a7-common-args.resp -include /Users/aleks/Library/Developer/Xcode/DerivedData/PlanItApp-gkehojshtcbfvhersqwajfujohau/Build/Intermediates.noindex/Firebase.build/Debug-iphonesimulator/FirebaseCore.build/DerivedSources/resource_bundle_accessor.h -MMD -MT dependencies -MF /Users/aleks/Library/Developer/Xcode/DerivedData/PlanItApp-gkehojshtcbfvhersqwajfujohau/Build/Intermediates.noindex/Firebase.build/Debug-iphonesimulator/FirebaseCore.build/Objects-normal/arm64/FIRComponent.d --serialize-diagnostics /Users/aleks/Library/Developer/Xcode/DerivedData/PlanItApp-gkehojshtcbfvhersqwajfujohau/Build/Intermediates.noindex/Firebase.build/Debug-iphonesimulator/FirebaseCore.build/Objects-normal/arm64/FIRComponent.dia -c /Users/aleks/Library/Developer/Xcode/DerivedData/PlanItApp-gkehojshtcbfvhersqwajfujohau/SourcePackages/checkouts/firebase-ios-sdk/FirebaseCore/Sources/FIRComponent.m -o /Users/aleks/Library/Developer/Xcode/DerivedData/PlanItApp-gkehojshtcbfvhersqwajfujohau/Build/Intermediates.noindex/Firebase.build/Debug-iphonesimulator/FirebaseCore.build/Objects-normal/arm64/FIRComponent.o -index-unit-output-path /Firebase.build/Debug-iphonesimulator/FirebaseCore.build/Objects-normal/arm64/FIRComponent.o

CompileC /Users/aleks/Library/Developer/Xcode/DerivedData/PlanItApp-gkehojshtcbfvhersqwajfujohau/Build/Intermediates.noindex/Firebase.build/Debug-iphonesimulator/FirebaseCore.build/Objects-normal/arm64/FIRAnalyticsConfiguration.o /Users/aleks/Library/Developer/Xcode/DerivedData/PlanItApp-gkehojshtcbfvhersqwajfujohau/SourcePackages/checkouts/firebase-ios-sdk/FirebaseCore/Sources/FIRAnalyticsConfiguration.m normal arm64 objective-c com.apple.compilers.llvm.clang.1_0.compiler (in target 'FirebaseCore' from project 'Firebase')
    cd /Users/aleks/Desktop/PlanItApp/PlanItApp.xcodeproj
    
    Using response file: /Users/aleks/Library/Developer/Xcode/DerivedData/PlanItApp-gkehojshtcbfvhersqwajfujohau/Build/Intermediates.noindex/Firebase.build/Debug-iphonesimulator/FirebaseCore.build/Objects-normal/arm64/e6072d4f65d7061329687fe24e3d63a7-common-args.resp
    
    /Applications/Xcode.app/Contents/Developer/Toolchains/XcodeDefault.xctoolchain/usr/bin/clang -x objective-c -ivfsstatcache /Users/aleks/Library/Developer/Xcode/DerivedData/SDKStatCaches.noindex/iphonesimulator18.5-22F76-d5fc8ad4295d2ef488fb7d0f804ce0c4.sdkstatcache -fmessage-length\=0 -fdiagnostics-show-note-include-stack -fmacro-backtrace-limit\=0 -fno-color-diagnostics -fmodules-prune-interval\=86400 -fmodules-prune-after\=345600 -fbuild-session-file\=/Users/aleks/Library/Developer/Xcode/DerivedData/ModuleCache.noindex/Session.modulevalidation -fmodules-validate-once-per-build-session -Wnon-modular-include-in-framework-module -Werror\=non-modular-include-in-framework-module -Wno-trigraphs -Wno-missing-field-initializers -Wno-missing-prototypes -Wno-return-type -Wno-implicit-atomic-properties -Wno-objc-interface-ivars -Wno-arc-repeated-use-of-weak -Wno-missing-braces -Wparentheses -Wswitch -Wno-unused-function -Wno-unused-label -Wno-unused-parameter -Wno-unused-variable -Wunused-value -Wno-empty-body -Wno-uninitialized -Wno-unknown-pragmas -w -Wno-shadow -Wno-four-char-constants -Wno-conversion -Wno-constant-conversion -Wno-int-conversion -Wno-bool-conversion -Wno-enum-conversion -Wno-float-conversion -Wno-non-literal-null-conversion -Wno-objc-literal-conversion -Wshorten-64-to-32 -Wpointer-sign -Wno-newline-eof -Wno-selector -Wno-strict-selector-match -Wno-undeclared-selector -Wno-deprecated-implementations -Wno-implicit-fallthrough -fstrict-aliasing -Wprotocol -Wdeprecated-declarations -Wno-sign-conversion -Wno-infinite-recursion -Wno-comma -Wno-block-capture-autoreleasing -Wno-strict-prototypes -Wno-semicolon-before-method-body -index-store-path /Users/aleks/Library/Developer/Xcode/DerivedData/PlanItApp-gkehojshtcbfvhersqwajfujohau/Index.noindex/DataStore @/Users/aleks/Library/Developer/Xcode/DerivedData/PlanItApp-gkehojshtcbfvhersqwajfujohau/Build/Intermediates.noindex/Firebase.build/Debug-iphonesimulator/FirebaseCore.build/Objects-normal/arm64/e6072d4f65d7061329687fe24e3d63a7-common-args.resp -include /Users/aleks/Library/Developer/Xcode/DerivedData/PlanItApp-gkehojshtcbfvhersqwajfujohau/Build/Intermediates.noindex/Firebase.build/Debug-iphonesimulator/FirebaseCore.build/DerivedSources/resource_bundle_accessor.h -MMD -MT dependencies -MF /Users/aleks/Library/Developer/Xcode/DerivedData/PlanItApp-gkehojshtcbfvhersqwajfujohau/Build/Intermediates.noindex/Firebase.build/Debug-iphonesimulator/FirebaseCore.build/Objects-normal/arm64/FIRAnalyticsConfiguration.d --serialize-diagnostics /Users/aleks/Library/Developer/Xcode/DerivedData/PlanItApp-gkehojshtcbfvhersqwajfujohau/Build/Intermediates.noindex/Firebase.build/Debug-iphonesimulator/FirebaseCore.build/Objects-normal/arm64/FIRAnalyticsConfiguration.dia -c /Users/aleks/Library/Developer/Xcode/DerivedData/PlanItApp-gkehojshtcbfvhersqwajfujohau/SourcePackages/checkouts/firebase-ios-sdk/FirebaseCore/Sources/FIRAnalyticsConfiguration.m -o /Users/aleks/Library/Developer/Xcode/DerivedData/PlanItApp-gkehojshtcbfvhersqwajfujohau/Build/Intermediates.noindex/Firebase.build/Debug-iphonesimulator/FirebaseCore.build/Objects-normal/arm64/FIRAnalyticsConfiguration.o -index-unit-output-path /Firebase.build/Debug-iphonesimulator/FirebaseCore.build/Objects-normal/arm64/FIRAnalyticsConfiguration.o

PrecompileModule /Users/aleks/Library/Developer/Xcode/DerivedData/PlanItApp-gkehojshtcbfvhersqwajfujohau/Build/Intermediates.noindex/ExplicitPrecompiledModules/GoogleUtilities_Logger-7C9236KEDQHALOH399G7K3EYJ.scan
    cd /Users/aleks/Desktop/PlanItApp/PlanItApp.xcodeproj
    builtin-precompileModule /Users/aleks/Library/Developer/Xcode/DerivedData/PlanItApp-gkehojshtcbfvhersqwajfujohau/Build/Intermediates.noindex/ExplicitPrecompiledModules/GoogleUtilities_Logger-7C9236KEDQHALOH399G7K3EYJ.scan

PrecompileModule /Users/aleks/Library/Developer/Xcode/DerivedData/PlanItApp-gkehojshtcbfvhersqwajfujohau/Build/Intermediates.noindex/ExplicitPrecompiledModules/FileProvider-38YHXBP0ZMP91ZDY9D07IPIYG.scan
    cd /Users/aleks/Desktop/PlanItApp/PlanItApp.xcodeproj
    builtin-precompileModule /Users/aleks/Library/Developer/Xcode/DerivedData/PlanItApp-gkehojshtcbfvhersqwajfujohau/Build/Intermediates.noindex/ExplicitPrecompiledModules/FileProvider-38YHXBP0ZMP91ZDY9D07IPIYG.scan

SwiftDriverJobDiscovery normal arm64 Compiling TimestampEncodingStrategy.swift, Transaction+WriteEncodable.swift, VectorValue+Codable.swift (in target 'FirebaseFirestore' from project 'Firebase')

PrecompileModule /Users/aleks/Library/Developer/Xcode/DerivedData/PlanItApp-gkehojshtcbfvhersqwajfujohau/Build/Intermediates.noindex/ExplicitPrecompiledModules/GoogleUtilities_Environment-B03WKGRHSPAIEKRQ8BQKZDYUL.scan
    cd /Users/aleks/Desktop/PlanItApp/PlanItApp.xcodeproj
    builtin-precompileModule /Users/aleks/Library/Developer/Xcode/DerivedData/PlanItApp-gkehojshtcbfvhersqwajfujohau/Build/Intermediates.noindex/ExplicitPrecompiledModules/GoogleUtilities_Environment-B03WKGRHSPAIEKRQ8BQKZDYUL.scan

PrecompileModule /Users/aleks/Library/Developer/Xcode/DerivedData/PlanItApp-gkehojshtcbfvhersqwajfujohau/Build/Intermediates.noindex/ExplicitPrecompiledModules/OpenGLES-BN4PEG9YJ7U45S5QKW6H8OLCA.scan
    cd /Users/aleks/Desktop/PlanItApp/PlanItApp.xcodeproj
    builtin-precompileModule /Users/aleks/Library/Developer/Xcode/DerivedData/PlanItApp-gkehojshtcbfvhersqwajfujohau/Build/Intermediates.noindex/ExplicitPrecompiledModules/OpenGLES-BN4PEG9YJ7U45S5QKW6H8OLCA.scan

PrecompileModule /Users/aleks/Library/Developer/Xcode/DerivedData/PlanItApp-gkehojshtcbfvhersqwajfujohau/Build/Intermediates.noindex/ExplicitPrecompiledModules/IOSurface-7JRAQVKPMTJYB24ZNV64VODJ7.scan
    cd /Users/aleks/Desktop/PlanItApp/PlanItApp.xcodeproj
    builtin-precompileModule /Users/aleks/Library/Developer/Xcode/DerivedData/PlanItApp-gkehojshtcbfvhersqwajfujohau/Build/Intermediates.noindex/ExplicitPrecompiledModules/IOSurface-7JRAQVKPMTJYB24ZNV64VODJ7.scan

PrecompileModule /Users/aleks/Library/Developer/Xcode/DerivedData/PlanItApp-gkehojshtcbfvhersqwajfujohau/Build/Intermediates.noindex/ExplicitPrecompiledModules/ObjectiveC-DWFB5ET1V32ELVQDVH1E42X81.scan
    cd /Users/aleks/Desktop/PlanItApp/PlanItApp.xcodeproj
    builtin-precompileModule /Users/aleks/Library/Developer/Xcode/DerivedData/PlanItApp-gkehojshtcbfvhersqwajfujohau/Build/Intermediates.noindex/ExplicitPrecompiledModules/ObjectiveC-DWFB5ET1V32ELVQDVH1E42X81.scan

SwiftDriverJobDiscovery normal arm64 Compiling DocumentReference+WriteEncodable.swift, DocumentSnapshot+ReadDecodable.swift, EncoderDecoder.swift (in target 'FirebaseFirestore' from project 'Firebase')

PrecompileModule /Users/aleks/Library/Developer/Xcode/DerivedData/PlanItApp-gkehojshtcbfvhersqwajfujohau/Build/Intermediates.noindex/ExplicitPrecompiledModules/Symbols-BXBL8QJNHTDVOBGHXLMNO6CXV.scan
    cd /Users/aleks/Desktop/PlanItApp/PlanItApp.xcodeproj
    builtin-precompileModule /Users/aleks/Library/Developer/Xcode/DerivedData/PlanItApp-gkehojshtcbfvhersqwajfujohau/Build/Intermediates.noindex/ExplicitPrecompiledModules/Symbols-BXBL8QJNHTDVOBGHXLMNO6CXV.scan

PrecompileModule /Users/aleks/Library/Developer/Xcode/DerivedData/PlanItApp-gkehojshtcbfvhersqwajfujohau/Build/Intermediates.noindex/ExplicitPrecompiledModules/UserNotifications-9GT0IP6FBZL4XE6UNLRD1PR1O.scan
    cd /Users/aleks/Desktop/PlanItApp/PlanItApp.xcodeproj
    builtin-precompileModule /Users/aleks/Library/Developer/Xcode/DerivedData/PlanItApp-gkehojshtcbfvhersqwajfujohau/Build/Intermediates.noindex/ExplicitPrecompiledModules/UserNotifications-9GT0IP6FBZL4XE6UNLRD1PR1O.scan

CompileC /Users/aleks/Library/Developer/Xcode/DerivedData/PlanItApp-gkehojshtcbfvhersqwajfujohau/Build/Intermediates.noindex/Firebase.build/Debug-iphonesimulator/FirebaseCore.build/Objects-normal/arm64/FIRLogger.o /Users/aleks/Library/Developer/Xcode/DerivedData/PlanItApp-gkehojshtcbfvhersqwajfujohau/SourcePackages/checkouts/firebase-ios-sdk/FirebaseCore/Sources/FIRLogger.m normal arm64 objective-c com.apple.compilers.llvm.clang.1_0.compiler (in target 'FirebaseCore' from project 'Firebase')
    cd /Users/aleks/Desktop/PlanItApp/PlanItApp.xcodeproj
    
    Using response file: /Users/aleks/Library/Developer/Xcode/DerivedData/PlanItApp-gkehojshtcbfvhersqwajfujohau/Build/Intermediates.noindex/Firebase.build/Debug-iphonesimulator/FirebaseCore.build/Objects-normal/arm64/e6072d4f65d7061329687fe24e3d63a7-common-args.resp
    
    /Applications/Xcode.app/Contents/Developer/Toolchains/XcodeDefault.xctoolchain/usr/bin/clang -x objective-c -ivfsstatcache /Users/aleks/Library/Developer/Xcode/DerivedData/SDKStatCaches.noindex/iphonesimulator18.5-22F76-d5fc8ad4295d2ef488fb7d0f804ce0c4.sdkstatcache -fmessage-length\=0 -fdiagnostics-show-note-include-stack -fmacro-backtrace-limit\=0 -fno-color-diagnostics -fmodules-prune-interval\=86400 -fmodules-prune-after\=345600 -fbuild-session-file\=/Users/aleks/Library/Developer/Xcode/DerivedData/ModuleCache.noindex/Session.modulevalidation -fmodules-validate-once-per-build-session -Wnon-modular-include-in-framework-module -Werror\=non-modular-include-in-framework-module -Wno-trigraphs -Wno-missing-field-initializers -Wno-missing-prototypes -Wno-return-type -Wno-implicit-atomic-properties -Wno-objc-interface-ivars -Wno-arc-repeated-use-of-weak -Wno-missing-braces -Wparentheses -Wswitch -Wno-unused-function -Wno-unused-label -Wno-unused-parameter -Wno-unused-variable -Wunused-value -Wno-empty-body -Wno-uninitialized -Wno-unknown-pragmas -w -Wno-shadow -Wno-four-char-constants -Wno-conversion -Wno-constant-conversion -Wno-int-conversion -Wno-bool-conversion -Wno-enum-conversion -Wno-float-conversion -Wno-non-literal-null-conversion -Wno-objc-literal-conversion -Wshorten-64-to-32 -Wpointer-sign -Wno-newline-eof -Wno-selector -Wno-strict-selector-match -Wno-undeclared-selector -Wno-deprecated-implementations -Wno-implicit-fallthrough -fstrict-aliasing -Wprotocol -Wdeprecated-declarations -Wno-sign-conversion -Wno-infinite-recursion -Wno-comma -Wno-block-capture-autoreleasing -Wno-strict-prototypes -Wno-semicolon-before-method-body -index-store-path /Users/aleks/Library/Developer/Xcode/DerivedData/PlanItApp-gkehojshtcbfvhersqwajfujohau/Index.noindex/DataStore @/Users/aleks/Library/Developer/Xcode/DerivedData/PlanItApp-gkehojshtcbfvhersqwajfujohau/Build/Intermediates.noindex/Firebase.build/Debug-iphonesimulator/FirebaseCore.build/Objects-normal/arm64/e6072d4f65d7061329687fe24e3d63a7-common-args.resp -include /Users/aleks/Library/Developer/Xcode/DerivedData/PlanItApp-gkehojshtcbfvhersqwajfujohau/Build/Intermediates.noindex/Firebase.build/Debug-iphonesimulator/FirebaseCore.build/DerivedSources/resource_bundle_accessor.h -MMD -MT dependencies -MF /Users/aleks/Library/Developer/Xcode/DerivedData/PlanItApp-gkehojshtcbfvhersqwajfujohau/Build/Intermediates.noindex/Firebase.build/Debug-iphonesimulator/FirebaseCore.build/Objects-normal/arm64/FIRLogger.d --serialize-diagnostics /Users/aleks/Library/Developer/Xcode/DerivedData/PlanItApp-gkehojshtcbfvhersqwajfujohau/Build/Intermediates.noindex/Firebase.build/Debug-iphonesimulator/FirebaseCore.build/Objects-normal/arm64/FIRLogger.dia -c /Users/aleks/Library/Developer/Xcode/DerivedData/PlanItApp-gkehojshtcbfvhersqwajfujohau/SourcePackages/checkouts/firebase-ios-sdk/FirebaseCore/Sources/FIRLogger.m -o /Users/aleks/Library/Developer/Xcode/DerivedData/PlanItApp-gkehojshtcbfvhersqwajfujohau/Build/Intermediates.noindex/Firebase.build/Debug-iphonesimulator/FirebaseCore.build/Objects-normal/arm64/FIRLogger.o -index-unit-output-path /Firebase.build/Debug-iphonesimulator/FirebaseCore.build/Objects-normal/arm64/FIRLogger.o

SwiftDriverJobDiscovery normal arm64 Compiling resource_bundle_accessor.swift, CollectionReference+AsyncAwait.swift, Firestore+AsyncAwait.swift (in target 'FirebaseFirestore' from project 'Firebase')

CompileC /Users/aleks/Library/Developer/Xcode/DerivedData/PlanItApp-gkehojshtcbfvhersqwajfujohau/Build/Intermediates.noindex/Firebase.build/Debug-iphonesimulator/FirebaseCore.build/Objects-normal/arm64/FIRFirebaseUserAgent.o /Users/aleks/Library/Developer/Xcode/DerivedData/PlanItApp-gkehojshtcbfvhersqwajfujohau/SourcePackages/checkouts/firebase-ios-sdk/FirebaseCore/Sources/FIRFirebaseUserAgent.m normal arm64 objective-c com.apple.compilers.llvm.clang.1_0.compiler (in target 'FirebaseCore' from project 'Firebase')
    cd /Users/aleks/Desktop/PlanItApp/PlanItApp.xcodeproj
    
    Using response file: /Users/aleks/Library/Developer/Xcode/DerivedData/PlanItApp-gkehojshtcbfvhersqwajfujohau/Build/Intermediates.noindex/Firebase.build/Debug-iphonesimulator/FirebaseCore.build/Objects-normal/arm64/e6072d4f65d7061329687fe24e3d63a7-common-args.resp
    
    /Applications/Xcode.app/Contents/Developer/Toolchains/XcodeDefault.xctoolchain/usr/bin/clang -x objective-c -ivfsstatcache /Users/aleks/Library/Developer/Xcode/DerivedData/SDKStatCaches.noindex/iphonesimulator18.5-22F76-d5fc8ad4295d2ef488fb7d0f804ce0c4.sdkstatcache -fmessage-length\=0 -fdiagnostics-show-note-include-stack -fmacro-backtrace-limit\=0 -fno-color-diagnostics -fmodules-prune-interval\=86400 -fmodules-prune-after\=345600 -fbuild-session-file\=/Users/aleks/Library/Developer/Xcode/DerivedData/ModuleCache.noindex/Session.modulevalidation -fmodules-validate-once-per-build-session -Wnon-modular-include-in-framework-module -Werror\=non-modular-include-in-framework-module -Wno-trigraphs -Wno-missing-field-initializers -Wno-missing-prototypes -Wno-return-type -Wno-implicit-atomic-properties -Wno-objc-interface-ivars -Wno-arc-repeated-use-of-weak -Wno-missing-braces -Wparentheses -Wswitch -Wno-unused-function -Wno-unused-label -Wno-unused-parameter -Wno-unused-variable -Wunused-value -Wno-empty-body -Wno-uninitialized -Wno-unknown-pragmas -w -Wno-shadow -Wno-four-char-constants -Wno-conversion -Wno-constant-conversion -Wno-int-conversion -Wno-bool-conversion -Wno-enum-conversion -Wno-float-conversion -Wno-non-literal-null-conversion -Wno-objc-literal-conversion -Wshorten-64-to-32 -Wpointer-sign -Wno-newline-eof -Wno-selector -Wno-strict-selector-match -Wno-undeclared-selector -Wno-deprecated-implementations -Wno-implicit-fallthrough -fstrict-aliasing -Wprotocol -Wdeprecated-declarations -Wno-sign-conversion -Wno-infinite-recursion -Wno-comma -Wno-block-capture-autoreleasing -Wno-strict-prototypes -Wno-semicolon-before-method-body -index-store-path /Users/aleks/Library/Developer/Xcode/DerivedData/PlanItApp-gkehojshtcbfvhersqwajfujohau/Index.noindex/DataStore @/Users/aleks/Library/Developer/Xcode/DerivedData/PlanItApp-gkehojshtcbfvhersqwajfujohau/Build/Intermediates.noindex/Firebase.build/Debug-iphonesimulator/FirebaseCore.build/Objects-normal/arm64/e6072d4f65d7061329687fe24e3d63a7-common-args.resp -include /Users/aleks/Library/Developer/Xcode/DerivedData/PlanItApp-gkehojshtcbfvhersqwajfujohau/Build/Intermediates.noindex/Firebase.build/Debug-iphonesimulator/FirebaseCore.build/DerivedSources/resource_bundle_accessor.h -MMD -MT dependencies -MF /Users/aleks/Library/Developer/Xcode/DerivedData/PlanItApp-gkehojshtcbfvhersqwajfujohau/Build/Intermediates.noindex/Firebase.build/Debug-iphonesimulator/FirebaseCore.build/Objects-normal/arm64/FIRFirebaseUserAgent.d --serialize-diagnostics /Users/aleks/Library/Developer/Xcode/DerivedData/PlanItApp-gkehojshtcbfvhersqwajfujohau/Build/Intermediates.noindex/Firebase.build/Debug-iphonesimulator/FirebaseCore.build/Objects-normal/arm64/FIRFirebaseUserAgent.dia -c /Users/aleks/Library/Developer/Xcode/DerivedData/PlanItApp-gkehojshtcbfvhersqwajfujohau/SourcePackages/checkouts/firebase-ios-sdk/FirebaseCore/Sources/FIRFirebaseUserAgent.m -o /Users/aleks/Library/Developer/Xcode/DerivedData/PlanItApp-gkehojshtcbfvhersqwajfujohau/Build/Intermediates.noindex/Firebase.build/Debug-iphonesimulator/FirebaseCore.build/Objects-normal/arm64/FIRFirebaseUserAgent.o -index-unit-output-path /Firebase.build/Debug-iphonesimulator/FirebaseCore.build/Objects-normal/arm64/FIRFirebaseUserAgent.o

SwiftDriverJobDiscovery normal arm64 Compiling VectorValue+Swift.swift, SwiftHeaderWorkaround.swift (in target 'FirebaseFirestore' from project 'Firebase')

CompileC /Users/aleks/Library/Developer/Xcode/DerivedData/PlanItApp-gkehojshtcbfvhersqwajfujohau/Build/Intermediates.noindex/Firebase.build/Debug-iphonesimulator/FirebaseCore.build/Objects-normal/arm64/FIRBundleUtil.o /Users/aleks/Library/Developer/Xcode/DerivedData/PlanItApp-gkehojshtcbfvhersqwajfujohau/SourcePackages/checkouts/firebase-ios-sdk/FirebaseCore/Sources/FIRBundleUtil.m normal arm64 objective-c com.apple.compilers.llvm.clang.1_0.compiler (in target 'FirebaseCore' from project 'Firebase')
    cd /Users/aleks/Desktop/PlanItApp/PlanItApp.xcodeproj
    
    Using response file: /Users/aleks/Library/Developer/Xcode/DerivedData/PlanItApp-gkehojshtcbfvhersqwajfujohau/Build/Intermediates.noindex/Firebase.build/Debug-iphonesimulator/FirebaseCore.build/Objects-normal/arm64/e6072d4f65d7061329687fe24e3d63a7-common-args.resp
    
    /Applications/Xcode.app/Contents/Developer/Toolchains/XcodeDefault.xctoolchain/usr/bin/clang -x objective-c -ivfsstatcache /Users/aleks/Library/Developer/Xcode/DerivedData/SDKStatCaches.noindex/iphonesimulator18.5-22F76-d5fc8ad4295d2ef488fb7d0f804ce0c4.sdkstatcache -fmessage-length\=0 -fdiagnostics-show-note-include-stack -fmacro-backtrace-limit\=0 -fno-color-diagnostics -fmodules-prune-interval\=86400 -fmodules-prune-after\=345600 -fbuild-session-file\=/Users/aleks/Library/Developer/Xcode/DerivedData/ModuleCache.noindex/Session.modulevalidation -fmodules-validate-once-per-build-session -Wnon-modular-include-in-framework-module -Werror\=non-modular-include-in-framework-module -Wno-trigraphs -Wno-missing-field-initializers -Wno-missing-prototypes -Wno-return-type -Wno-implicit-atomic-properties -Wno-objc-interface-ivars -Wno-arc-repeated-use-of-weak -Wno-missing-braces -Wparentheses -Wswitch -Wno-unused-function -Wno-unused-label -Wno-unused-parameter -Wno-unused-variable -Wunused-value -Wno-empty-body -Wno-uninitialized -Wno-unknown-pragmas -w -Wno-shadow -Wno-four-char-constants -Wno-conversion -Wno-constant-conversion -Wno-int-conversion -Wno-bool-conversion -Wno-enum-conversion -Wno-float-conversion -Wno-non-literal-null-conversion -Wno-objc-literal-conversion -Wshorten-64-to-32 -Wpointer-sign -Wno-newline-eof -Wno-selector -Wno-strict-selector-match -Wno-undeclared-selector -Wno-deprecated-implementations -Wno-implicit-fallthrough -fstrict-aliasing -Wprotocol -Wdeprecated-declarations -Wno-sign-conversion -Wno-infinite-recursion -Wno-comma -Wno-block-capture-autoreleasing -Wno-strict-prototypes -Wno-semicolon-before-method-body -index-store-path /Users/aleks/Library/Developer/Xcode/DerivedData/PlanItApp-gkehojshtcbfvhersqwajfujohau/Index.noindex/DataStore @/Users/aleks/Library/Developer/Xcode/DerivedData/PlanItApp-gkehojshtcbfvhersqwajfujohau/Build/Intermediates.noindex/Firebase.build/Debug-iphonesimulator/FirebaseCore.build/Objects-normal/arm64/e6072d4f65d7061329687fe24e3d63a7-common-args.resp -include /Users/aleks/Library/Developer/Xcode/DerivedData/PlanItApp-gkehojshtcbfvhersqwajfujohau/Build/Intermediates.noindex/Firebase.build/Debug-iphonesimulator/FirebaseCore.build/DerivedSources/resource_bundle_accessor.h -MMD -MT dependencies -MF /Users/aleks/Library/Developer/Xcode/DerivedData/PlanItApp-gkehojshtcbfvhersqwajfujohau/Build/Intermediates.noindex/Firebase.build/Debug-iphonesimulator/FirebaseCore.build/Objects-normal/arm64/FIRBundleUtil.d --serialize-diagnostics /Users/aleks/Library/Developer/Xcode/DerivedData/PlanItApp-gkehojshtcbfvhersqwajfujohau/Build/Intermediates.noindex/Firebase.build/Debug-iphonesimulator/FirebaseCore.build/Objects-normal/arm64/FIRBundleUtil.dia -c /Users/aleks/Library/Developer/Xcode/DerivedData/PlanItApp-gkehojshtcbfvhersqwajfujohau/SourcePackages/checkouts/firebase-ios-sdk/FirebaseCore/Sources/FIRBundleUtil.m -o /Users/aleks/Library/Developer/Xcode/DerivedData/PlanItApp-gkehojshtcbfvhersqwajfujohau/Build/Intermediates.noindex/Firebase.build/Debug-iphonesimulator/FirebaseCore.build/Objects-normal/arm64/FIRBundleUtil.o -index-unit-output-path /Firebase.build/Debug-iphonesimulator/FirebaseCore.build/Objects-normal/arm64/FIRBundleUtil.o

PrecompileModule /Users/aleks/Library/Developer/Xcode/DerivedData/PlanItApp-gkehojshtcbfvhersqwajfujohau/Build/Intermediates.noindex/ExplicitPrecompiledModules/FirebaseCoreInternal-231K2CVJ43P1ZGHUYZ306DZ38.scan
    cd /Users/aleks/Desktop/PlanItApp/PlanItApp.xcodeproj
    builtin-precompileModule /Users/aleks/Library/Developer/Xcode/DerivedData/PlanItApp-gkehojshtcbfvhersqwajfujohau/Build/Intermediates.noindex/ExplicitPrecompiledModules/FirebaseCoreInternal-231K2CVJ43P1ZGHUYZ306DZ38.scan

SwiftCompile normal arm64 Compiling\ ServerTimestamp.swift,\ Timestamp+Codable.swift,\ TimestampDecodingStrategy.swift /Users/aleks/Library/Developer/Xcode/DerivedData/PlanItApp-gkehojshtcbfvhersqwajfujohau/SourcePackages/checkouts/firebase-ios-sdk/Firestore/Swift/Source/Codable/ServerTimestamp.swift /Users/aleks/Library/Developer/Xcode/DerivedData/PlanItApp-gkehojshtcbfvhersqwajfujohau/SourcePackages/checkouts/firebase-ios-sdk/Firestore/Swift/Source/Codable/Timestamp+Codable.swift /Users/aleks/Library/Developer/Xcode/DerivedData/PlanItApp-gkehojshtcbfvhersqwajfujohau/SourcePackages/checkouts/firebase-ios-sdk/Firestore/Swift/Source/Codable/TimestampDecodingStrategy.swift (in target 'FirebaseFirestore' from project 'Firebase')

SwiftCompile normal arm64 /Users/aleks/Library/Developer/Xcode/DerivedData/PlanItApp-gkehojshtcbfvhersqwajfujohau/SourcePackages/checkouts/firebase-ios-sdk/Firestore/Swift/Source/Codable/ServerTimestamp.swift (in target 'FirebaseFirestore' from project 'Firebase')
    cd /Users/aleks/Desktop/PlanItApp/PlanItApp.xcodeproj
    

SwiftCompile normal arm64 /Users/aleks/Library/Developer/Xcode/DerivedData/PlanItApp-gkehojshtcbfvhersqwajfujohau/SourcePackages/checkouts/firebase-ios-sdk/Firestore/Swift/Source/Codable/Timestamp+Codable.swift (in target 'FirebaseFirestore' from project 'Firebase')
    cd /Users/aleks/Desktop/PlanItApp/PlanItApp.xcodeproj
    

SwiftCompile normal arm64 /Users/aleks/Library/Developer/Xcode/DerivedData/PlanItApp-gkehojshtcbfvhersqwajfujohau/SourcePackages/checkouts/firebase-ios-sdk/Firestore/Swift/Source/Codable/TimestampDecodingStrategy.swift (in target 'FirebaseFirestore' from project 'Firebase')
    cd /Users/aleks/Desktop/PlanItApp/PlanItApp.xcodeproj
    

SwiftCompile normal arm64 Compiling\ QueryPredicate.swift,\ FieldValue+Swift.swift /Users/aleks/Library/Developer/Xcode/DerivedData/PlanItApp-gkehojshtcbfvhersqwajfujohau/SourcePackages/checkouts/firebase-ios-sdk/Firestore/Swift/Source/PropertyWrapper/QueryPredicate.swift /Users/aleks/Library/Developer/Xcode/DerivedData/PlanItApp-gkehojshtcbfvhersqwajfujohau/SourcePackages/checkouts/firebase-ios-sdk/Firestore/Swift/Source/SwiftAPI/FieldValue+Swift.swift (in target 'FirebaseFirestore' from project 'Firebase')

SwiftCompile normal arm64 /Users/aleks/Library/Developer/Xcode/DerivedData/PlanItApp-gkehojshtcbfvhersqwajfujohau/SourcePackages/checkouts/firebase-ios-sdk/Firestore/Swift/Source/PropertyWrapper/QueryPredicate.swift (in target 'FirebaseFirestore' from project 'Firebase')
    cd /Users/aleks/Desktop/PlanItApp/PlanItApp.xcodeproj
    

SwiftCompile normal arm64 /Users/aleks/Library/Developer/Xcode/DerivedData/PlanItApp-gkehojshtcbfvhersqwajfujohau/SourcePackages/checkouts/firebase-ios-sdk/Firestore/Swift/Source/SwiftAPI/FieldValue+Swift.swift (in target 'FirebaseFirestore' from project 'Firebase')
    cd /Users/aleks/Desktop/PlanItApp/PlanItApp.xcodeproj
    

PrecompileModule /Users/aleks/Library/Developer/Xcode/DerivedData/PlanItApp-gkehojshtcbfvhersqwajfujohau/Build/Intermediates.noindex/ExplicitPrecompiledModules/os_object-CFC0LGE7D3PUZUYLPG7B76ZBN.scan
    cd /Users/aleks/Desktop/PlanItApp/PlanItApp.xcodeproj
    builtin-precompileModule /Users/aleks/Library/Developer/Xcode/DerivedData/PlanItApp-gkehojshtcbfvhersqwajfujohau/Build/Intermediates.noindex/ExplicitPrecompiledModules/os_object-CFC0LGE7D3PUZUYLPG7B76ZBN.scan

PrecompileModule /Users/aleks/Library/Developer/Xcode/DerivedData/PlanItApp-gkehojshtcbfvhersqwajfujohau/Build/Intermediates.noindex/ExplicitPrecompiledModules/Metal-ACGP68CP34VG6PMEJIHGSRFZ7.scan
    cd /Users/aleks/Desktop/PlanItApp/PlanItApp.xcodeproj
    builtin-precompileModule /Users/aleks/Library/Developer/Xcode/DerivedData/PlanItApp-gkehojshtcbfvhersqwajfujohau/Build/Intermediates.noindex/ExplicitPrecompiledModules/Metal-ACGP68CP34VG6PMEJIHGSRFZ7.scan

SwiftCompile normal arm64 Compiling\ ExplicitNull.swift,\ FieldValue+Encodable.swift,\ GeoPoint+Codable.swift /Users/aleks/Library/Developer/Xcode/DerivedData/PlanItApp-gkehojshtcbfvhersqwajfujohau/SourcePackages/checkouts/firebase-ios-sdk/Firestore/Swift/Source/Codable/ExplicitNull.swift /Users/aleks/Library/Developer/Xcode/DerivedData/PlanItApp-gkehojshtcbfvhersqwajfujohau/SourcePackages/checkouts/firebase-ios-sdk/Firestore/Swift/Source/Codable/FieldValue+Encodable.swift /Users/aleks/Library/Developer/Xcode/DerivedData/PlanItApp-gkehojshtcbfvhersqwajfujohau/SourcePackages/checkouts/firebase-ios-sdk/Firestore/Swift/Source/Codable/GeoPoint+Codable.swift (in target 'FirebaseFirestore' from project 'Firebase')

SwiftCompile normal arm64 /Users/aleks/Library/Developer/Xcode/DerivedData/PlanItApp-gkehojshtcbfvhersqwajfujohau/SourcePackages/checkouts/firebase-ios-sdk/Firestore/Swift/Source/Codable/ExplicitNull.swift (in target 'FirebaseFirestore' from project 'Firebase')
    cd /Users/aleks/Desktop/PlanItApp/PlanItApp.xcodeproj
    

SwiftCompile normal arm64 /Users/aleks/Library/Developer/Xcode/DerivedData/PlanItApp-gkehojshtcbfvhersqwajfujohau/SourcePackages/checkouts/firebase-ios-sdk/Firestore/Swift/Source/Codable/FieldValue+Encodable.swift (in target 'FirebaseFirestore' from project 'Firebase')
    cd /Users/aleks/Desktop/PlanItApp/PlanItApp.xcodeproj
    

SwiftCompile normal arm64 /Users/aleks/Library/Developer/Xcode/DerivedData/PlanItApp-gkehojshtcbfvhersqwajfujohau/SourcePackages/checkouts/firebase-ios-sdk/Firestore/Swift/Source/Codable/GeoPoint+Codable.swift (in target 'FirebaseFirestore' from project 'Firebase')
    cd /Users/aleks/Desktop/PlanItApp/PlanItApp.xcodeproj
    

SwiftCompile normal arm64 Compiling\ DocumentID.swift,\ DocumentReference+Codable.swift,\ DocumentReference+ReadDecodable.swift /Users/aleks/Library/Developer/Xcode/DerivedData/PlanItApp-gkehojshtcbfvhersqwajfujohau/SourcePackages/checkouts/firebase-ios-sdk/Firestore/Swift/Source/Codable/DocumentID.swift /Users/aleks/Library/Developer/Xcode/DerivedData/PlanItApp-gkehojshtcbfvhersqwajfujohau/SourcePackages/checkouts/firebase-ios-sdk/Firestore/Swift/Source/Codable/DocumentReference+Codable.swift /Users/aleks/Library/Developer/Xcode/DerivedData/PlanItApp-gkehojshtcbfvhersqwajfujohau/SourcePackages/checkouts/firebase-ios-sdk/Firestore/Swift/Source/Codable/DocumentReference+ReadDecodable.swift (in target 'FirebaseFirestore' from project 'Firebase')

SwiftCompile normal arm64 /Users/aleks/Library/Developer/Xcode/DerivedData/PlanItApp-gkehojshtcbfvhersqwajfujohau/SourcePackages/checkouts/firebase-ios-sdk/Firestore/Swift/Source/Codable/DocumentID.swift (in target 'FirebaseFirestore' from project 'Firebase')
    cd /Users/aleks/Desktop/PlanItApp/PlanItApp.xcodeproj
    

SwiftCompile normal arm64 /Users/aleks/Library/Developer/Xcode/DerivedData/PlanItApp-gkehojshtcbfvhersqwajfujohau/SourcePackages/checkouts/firebase-ios-sdk/Firestore/Swift/Source/Codable/DocumentReference+Codable.swift (in target 'FirebaseFirestore' from project 'Firebase')
    cd /Users/aleks/Desktop/PlanItApp/PlanItApp.xcodeproj
    

SwiftCompile normal arm64 /Users/aleks/Library/Developer/Xcode/DerivedData/PlanItApp-gkehojshtcbfvhersqwajfujohau/SourcePackages/checkouts/firebase-ios-sdk/Firestore/Swift/Source/Codable/DocumentReference+ReadDecodable.swift (in target 'FirebaseFirestore' from project 'Firebase')
    cd /Users/aleks/Desktop/PlanItApp/PlanItApp.xcodeproj
    

PrecompileModule /Users/aleks/Library/Developer/Xcode/DerivedData/PlanItApp-gkehojshtcbfvhersqwajfujohau/Build/Intermediates.noindex/ExplicitPrecompiledModules/os_workgroup-9F2O3ZSJ6UZ6ZVNX8DK9GJ4E4.scan
    cd /Users/aleks/Desktop/PlanItApp/PlanItApp.xcodeproj
    builtin-precompileModule /Users/aleks/Library/Developer/Xcode/DerivedData/PlanItApp-gkehojshtcbfvhersqwajfujohau/Build/Intermediates.noindex/ExplicitPrecompiledModules/os_workgroup-9F2O3ZSJ6UZ6ZVNX8DK9GJ4E4.scan

CompileC /Users/aleks/Library/Developer/Xcode/DerivedData/PlanItApp-gkehojshtcbfvhersqwajfujohau/Build/Intermediates.noindex/Firebase.build/Debug-iphonesimulator/FirebaseCore.build/Objects-normal/arm64/FIRHeartbeatLogger.o /Users/aleks/Library/Developer/Xcode/DerivedData/PlanItApp-gkehojshtcbfvhersqwajfujohau/SourcePackages/checkouts/firebase-ios-sdk/FirebaseCore/Sources/FIRHeartbeatLogger.m normal arm64 objective-c com.apple.compilers.llvm.clang.1_0.compiler (in target 'FirebaseCore' from project 'Firebase')
    cd /Users/aleks/Desktop/PlanItApp/PlanItApp.xcodeproj
    
    Using response file: /Users/aleks/Library/Developer/Xcode/DerivedData/PlanItApp-gkehojshtcbfvhersqwajfujohau/Build/Intermediates.noindex/Firebase.build/Debug-iphonesimulator/FirebaseCore.build/Objects-normal/arm64/e6072d4f65d7061329687fe24e3d63a7-common-args.resp
    
    /Applications/Xcode.app/Contents/Developer/Toolchains/XcodeDefault.xctoolchain/usr/bin/clang -x objective-c -ivfsstatcache /Users/aleks/Library/Developer/Xcode/DerivedData/SDKStatCaches.noindex/iphonesimulator18.5-22F76-d5fc8ad4295d2ef488fb7d0f804ce0c4.sdkstatcache -fmessage-length\=0 -fdiagnostics-show-note-include-stack -fmacro-backtrace-limit\=0 -fno-color-diagnostics -fmodules-prune-interval\=86400 -fmodules-prune-after\=345600 -fbuild-session-file\=/Users/aleks/Library/Developer/Xcode/DerivedData/ModuleCache.noindex/Session.modulevalidation -fmodules-validate-once-per-build-session -Wnon-modular-include-in-framework-module -Werror\=non-modular-include-in-framework-module -Wno-trigraphs -Wno-missing-field-initializers -Wno-missing-prototypes -Wno-return-type -Wno-implicit-atomic-properties -Wno-objc-interface-ivars -Wno-arc-repeated-use-of-weak -Wno-missing-braces -Wparentheses -Wswitch -Wno-unused-function -Wno-unused-label -Wno-unused-parameter -Wno-unused-variable -Wunused-value -Wno-empty-body -Wno-uninitialized -Wno-unknown-pragmas -w -Wno-shadow -Wno-four-char-constants -Wno-conversion -Wno-constant-conversion -Wno-int-conversion -Wno-bool-conversion -Wno-enum-conversion -Wno-float-conversion -Wno-non-literal-null-conversion -Wno-objc-literal-conversion -Wshorten-64-to-32 -Wpointer-sign -Wno-newline-eof -Wno-selector -Wno-strict-selector-match -Wno-undeclared-selector -Wno-deprecated-implementations -Wno-implicit-fallthrough -fstrict-aliasing -Wprotocol -Wdeprecated-declarations -Wno-sign-conversion -Wno-infinite-recursion -Wno-comma -Wno-block-capture-autoreleasing -Wno-strict-prototypes -Wno-semicolon-before-method-body -index-store-path /Users/aleks/Library/Developer/Xcode/DerivedData/PlanItApp-gkehojshtcbfvhersqwajfujohau/Index.noindex/DataStore @/Users/aleks/Library/Developer/Xcode/DerivedData/PlanItApp-gkehojshtcbfvhersqwajfujohau/Build/Intermediates.noindex/Firebase.build/Debug-iphonesimulator/FirebaseCore.build/Objects-normal/arm64/e6072d4f65d7061329687fe24e3d63a7-common-args.resp -include /Users/aleks/Library/Developer/Xcode/DerivedData/PlanItApp-gkehojshtcbfvhersqwajfujohau/Build/Intermediates.noindex/Firebase.build/Debug-iphonesimulator/FirebaseCore.build/DerivedSources/resource_bundle_accessor.h -MMD -MT dependencies -MF /Users/aleks/Library/Developer/Xcode/DerivedData/PlanItApp-gkehojshtcbfvhersqwajfujohau/Build/Intermediates.noindex/Firebase.build/Debug-iphonesimulator/FirebaseCore.build/Objects-normal/arm64/FIRHeartbeatLogger.d --serialize-diagnostics /Users/aleks/Library/Developer/Xcode/DerivedData/PlanItApp-gkehojshtcbfvhersqwajfujohau/Build/Intermediates.noindex/Firebase.build/Debug-iphonesimulator/FirebaseCore.build/Objects-normal/arm64/FIRHeartbeatLogger.dia -c /Users/aleks/Library/Developer/Xcode/DerivedData/PlanItApp-gkehojshtcbfvhersqwajfujohau/SourcePackages/checkouts/firebase-ios-sdk/FirebaseCore/Sources/FIRHeartbeatLogger.m -o /Users/aleks/Library/Developer/Xcode/DerivedData/PlanItApp-gkehojshtcbfvhersqwajfujohau/Build/Intermediates.noindex/Firebase.build/Debug-iphonesimulator/FirebaseCore.build/Objects-normal/arm64/FIRHeartbeatLogger.o -index-unit-output-path /Firebase.build/Debug-iphonesimulator/FirebaseCore.build/Objects-normal/arm64/FIRHeartbeatLogger.o

PrecompileModule /Users/aleks/Library/Developer/Xcode/DerivedData/PlanItApp-gkehojshtcbfvhersqwajfujohau/Build/Intermediates.noindex/ExplicitPrecompiledModules/Dispatch-38M2Q7MN5AIDBKLU4Y9DK5VJU.scan
    cd /Users/aleks/Desktop/PlanItApp/PlanItApp.xcodeproj
    builtin-precompileModule /Users/aleks/Library/Developer/Xcode/DerivedData/PlanItApp-gkehojshtcbfvhersqwajfujohau/Build/Intermediates.noindex/ExplicitPrecompiledModules/Dispatch-38M2Q7MN5AIDBKLU4Y9DK5VJU.scan

SwiftDriverJobDiscovery normal arm64 Compiling AuthAPNSTokenManager.swift, AuthAPNSTokenType.swift, AuthAppCredential.swift, AuthAppCredentialManager.swift, AuthNotificationManager.swift, AuthStoredUserManager.swift, SecureTokenService.swift, AdditionalUserInfo.swift, User.swift, UserInfo.swift, UserInfoImpl.swift, UserMetadata.swift, UserProfileChangeRequest.swift (in target 'FirebaseAuth' from project 'Firebase')

Ld /Users/aleks/Library/Developer/Xcode/DerivedData/PlanItApp-gkehojshtcbfvhersqwajfujohau/Build/Products/Debug-iphonesimulator/AppAuthCore.o normal (in target 'AppAuthCore' from project 'AppAuth')
    cd /Users/aleks/Library/Developer/Xcode/DerivedData/PlanItApp-gkehojshtcbfvhersqwajfujohau/SourcePackages/checkouts/AppAuth-iOS
    /Applications/Xcode.app/Contents/Developer/Toolchains/XcodeDefault.xctoolchain/usr/bin/clang -Xlinker -reproducible -target arm64-apple-ios12.0-simulator -r -isysroot /Applications/Xcode.app/Contents/Developer/Platforms/iPhoneSimulator.platform/Developer/SDKs/iPhoneSimulator18.5.sdk -O0 -w -L/Users/aleks/Library/Developer/Xcode/DerivedData/PlanItApp-gkehojshtcbfvhersqwajfujohau/Build/Intermediates.noindex/EagerLinkingTBDs/Debug-iphonesimulator -L/Users/aleks/Library/Developer/Xcode/DerivedData/PlanItApp-gkehojshtcbfvhersqwajfujohau/Build/Products/Debug-iphonesimulator -L/Applications/Xcode.app/Contents/Developer/Platforms/iPhoneSimulator.platform/Developer/usr/lib -F/Users/aleks/Library/Developer/Xcode/DerivedData/PlanItApp-gkehojshtcbfvhersqwajfujohau/Build/Intermediates.noindex/EagerLinkingTBDs/Debug-iphonesimulator -F/Users/aleks/Library/Developer/Xcode/DerivedData/PlanItApp-gkehojshtcbfvhersqwajfujohau/Build/Products/Debug-iphonesimulator -iframework /Applications/Xcode.app/Contents/Developer/Platforms/iPhoneSimulator.platform/Developer/Library/Frameworks -iframework /Applications/Xcode.app/Contents/Developer/Platforms/iPhoneSimulator.platform/Developer/SDKs/iPhoneSimulator18.5.sdk/Developer/Library/Frameworks -filelist /Users/aleks/Library/Developer/Xcode/DerivedData/PlanItApp-gkehojshtcbfvhersqwajfujohau/Build/Intermediates.noindex/AppAuth.build/Debug-iphonesimulator/AppAuthCore.build/Objects-normal/arm64/AppAuthCore.LinkFileList -nostdlib -Xlinker -object_path_lto -Xlinker /Users/aleks/Library/Developer/Xcode/DerivedData/PlanItApp-gkehojshtcbfvhersqwajfujohau/Build/Intermediates.noindex/AppAuth.build/Debug-iphonesimulator/AppAuthCore.build/Objects-normal/arm64/AppAuthCore_lto.o -rdynamic -Xlinker -no_deduplicate -Xlinker -objc_abi_version -Xlinker 2 -Xlinker -debug_variant -Xlinker -dependency_info -Xlinker /Users/aleks/Library/Developer/Xcode/DerivedData/PlanItApp-gkehojshtcbfvhersqwajfujohau/Build/Intermediates.noindex/AppAuth.build/Debug-iphonesimulator/AppAuthCore.build/Objects-normal/arm64/AppAuthCore_dependency_info.dat -fobjc-arc -fobjc-link-runtime -o /Users/aleks/Library/Developer/Xcode/DerivedData/PlanItApp-gkehojshtcbfvhersqwajfujohau/Build/Products/Debug-iphonesimulator/AppAuthCore.o

ProcessProductPackaging "" /Users/aleks/Library/Developer/Xcode/DerivedData/PlanItApp-gkehojshtcbfvhersqwajfujohau/Build/Intermediates.noindex/PlanItApp.build/Debug-iphonesimulator/PlanItApp.build/PlanItApp.app-Simulated.xcent (in target 'PlanItApp' from project 'PlanItApp')
    cd /Users/aleks/Desktop/PlanItApp
    
    Entitlements:
    
    {
    "application-identifier" = "H7FW4FH8XY.com.dimkin.PlanItApp";
}
    
    builtin-productPackagingUtility -entitlements -format xml -o /Users/aleks/Library/Developer/Xcode/DerivedData/PlanItApp-gkehojshtcbfvhersqwajfujohau/Build/Intermediates.noindex/PlanItApp.build/Debug-iphonesimulator/PlanItApp.build/PlanItApp.app-Simulated.xcent

RegisterExecutionPolicyException /Users/aleks/Library/Developer/Xcode/DerivedData/PlanItApp-gkehojshtcbfvhersqwajfujohau/Build/Products/Debug-iphonesimulator/opensslWrapper.o (in target 'opensslWrapper' from project 'gRPC')
    cd /Users/aleks/Library/Developer/Xcode/DerivedData/PlanItApp-gkehojshtcbfvhersqwajfujohau/SourcePackages/checkouts/grpc-binary
    builtin-RegisterExecutionPolicyException /Users/aleks/Library/Developer/Xcode/DerivedData/PlanItApp-gkehojshtcbfvhersqwajfujohau/Build/Products/Debug-iphonesimulator/opensslWrapper.o

RegisterExecutionPolicyException /Users/aleks/Library/Developer/Xcode/DerivedData/PlanItApp-gkehojshtcbfvhersqwajfujohau/Build/Products/Debug-iphonesimulator/nanopb.o (in target 'nanopb' from project 'nanopb')
    cd /Users/aleks/Library/Developer/Xcode/DerivedData/PlanItApp-gkehojshtcbfvhersqwajfujohau/SourcePackages/checkouts/nanopb
    builtin-RegisterExecutionPolicyException /Users/aleks/Library/Developer/Xcode/DerivedData/PlanItApp-gkehojshtcbfvhersqwajfujohau/Build/Products/Debug-iphonesimulator/nanopb.o

PrecompileModule /Users/aleks/Library/Developer/Xcode/DerivedData/PlanItApp-gkehojshtcbfvhersqwajfujohau/Build/Intermediates.noindex/ExplicitPrecompiledModules/CoreFoundation-7DTP3AXVGJG2XSQ9MIZUBE1Y5.scan
    cd /Users/aleks/Desktop/PlanItApp/PlanItApp.xcodeproj
    builtin-precompileModule /Users/aleks/Library/Developer/Xcode/DerivedData/PlanItApp-gkehojshtcbfvhersqwajfujohau/Build/Intermediates.noindex/ExplicitPrecompiledModules/CoreFoundation-7DTP3AXVGJG2XSQ9MIZUBE1Y5.scan

PrecompileModule /Users/aleks/Library/Developer/Xcode/DerivedData/PlanItApp-gkehojshtcbfvhersqwajfujohau/Build/Intermediates.noindex/ExplicitPrecompiledModules/XPC-7F2MC606HPYLDHNMKF0OV5LNH.scan
    cd /Users/aleks/Desktop/PlanItApp/PlanItApp.xcodeproj
    builtin-precompileModule /Users/aleks/Library/Developer/Xcode/DerivedData/PlanItApp-gkehojshtcbfvhersqwajfujohau/Build/Intermediates.noindex/ExplicitPrecompiledModules/XPC-7F2MC606HPYLDHNMKF0OV5LNH.scan

RegisterExecutionPolicyException /Users/aleks/Library/Developer/Xcode/DerivedData/PlanItApp-gkehojshtcbfvhersqwajfujohau/Build/Products/Debug-iphonesimulator/leveldb.o (in target 'leveldb' from project 'leveldb')
    cd /Users/aleks/Library/Developer/Xcode/DerivedData/PlanItApp-gkehojshtcbfvhersqwajfujohau/SourcePackages/checkouts/leveldb
    builtin-RegisterExecutionPolicyException /Users/aleks/Library/Developer/Xcode/DerivedData/PlanItApp-gkehojshtcbfvhersqwajfujohau/Build/Products/Debug-iphonesimulator/leveldb.o

SwiftDriverJobDiscovery normal arm64 Compiling WriteBatch+WriteEncodable.swift, FirestoreQuery.swift, FirestoreQueryObservable.swift (in target 'FirebaseFirestore' from project 'Firebase')

RegisterExecutionPolicyException /Users/aleks/Library/Developer/Xcode/DerivedData/PlanItApp-gkehojshtcbfvhersqwajfujohau/Build/Products/Debug-iphonesimulator/abslWrapper.o (in target 'abslWrapper' from project 'abseil')
    cd /Users/aleks/Library/Developer/Xcode/DerivedData/PlanItApp-gkehojshtcbfvhersqwajfujohau/SourcePackages/checkouts/abseil-cpp-binary
    builtin-RegisterExecutionPolicyException /Users/aleks/Library/Developer/Xcode/DerivedData/PlanItApp-gkehojshtcbfvhersqwajfujohau/Build/Products/Debug-iphonesimulator/abslWrapper.o

ProcessProductPackagingDER /Users/aleks/Library/Developer/Xcode/DerivedData/PlanItApp-gkehojshtcbfvhersqwajfujohau/Build/Intermediates.noindex/PlanItApp.build/Debug-iphonesimulator/PlanItApp.build/PlanItApp.app-Simulated.xcent /Users/aleks/Library/Developer/Xcode/DerivedData/PlanItApp-gkehojshtcbfvhersqwajfujohau/Build/Intermediates.noindex/PlanItApp.build/Debug-iphonesimulator/PlanItApp.build/PlanItApp.app-Simulated.xcent.der (in target 'PlanItApp' from project 'PlanItApp')
    cd /Users/aleks/Desktop/PlanItApp
    /usr/bin/derq query -f xml -i /Users/aleks/Library/Developer/Xcode/DerivedData/PlanItApp-gkehojshtcbfvhersqwajfujohau/Build/Intermediates.noindex/PlanItApp.build/Debug-iphonesimulator/PlanItApp.build/PlanItApp.app-Simulated.xcent -o /Users/aleks/Library/Developer/Xcode/DerivedData/PlanItApp-gkehojshtcbfvhersqwajfujohau/Build/Intermediates.noindex/PlanItApp.build/Debug-iphonesimulator/PlanItApp.build/PlanItApp.app-Simulated.xcent.der --raw

RegisterExecutionPolicyException /Users/aleks/Library/Developer/Xcode/DerivedData/PlanItApp-gkehojshtcbfvhersqwajfujohau/Build/Products/Debug-iphonesimulator/FirebaseSharedSwift.o (in target 'FirebaseSharedSwift' from project 'Firebase')
    cd /Users/aleks/Library/Developer/Xcode/DerivedData/PlanItApp-gkehojshtcbfvhersqwajfujohau/SourcePackages/checkouts/firebase-ios-sdk
    builtin-RegisterExecutionPolicyException /Users/aleks/Library/Developer/Xcode/DerivedData/PlanItApp-gkehojshtcbfvhersqwajfujohau/Build/Products/Debug-iphonesimulator/FirebaseSharedSwift.o

PrecompileModule /Users/aleks/Library/Developer/Xcode/DerivedData/PlanItApp-gkehojshtcbfvhersqwajfujohau/Build/Intermediates.noindex/ExplicitPrecompiledModules/CoreVideo-9H87KGCQPR1KGWZF5G150ZY9Q.scan
    cd /Users/aleks/Desktop/PlanItApp/PlanItApp.xcodeproj
    builtin-precompileModule /Users/aleks/Library/Developer/Xcode/DerivedData/PlanItApp-gkehojshtcbfvhersqwajfujohau/Build/Intermediates.noindex/ExplicitPrecompiledModules/CoreVideo-9H87KGCQPR1KGWZF5G150ZY9Q.scan

RegisterExecutionPolicyException /Users/aleks/Library/Developer/Xcode/DerivedData/PlanItApp-gkehojshtcbfvhersqwajfujohau/Build/Products/Debug-iphonesimulator/FirebaseFirestoreInternalWrapper.o (in target 'FirebaseFirestoreInternalWrapper' from project 'Firebase')
    cd /Users/aleks/Library/Developer/Xcode/DerivedData/PlanItApp-gkehojshtcbfvhersqwajfujohau/SourcePackages/checkouts/firebase-ios-sdk
    builtin-RegisterExecutionPolicyException /Users/aleks/Library/Developer/Xcode/DerivedData/PlanItApp-gkehojshtcbfvhersqwajfujohau/Build/Products/Debug-iphonesimulator/FirebaseFirestoreInternalWrapper.o

ScanDependencies /Users/aleks/Library/Developer/Xcode/DerivedData/PlanItApp-gkehojshtcbfvhersqwajfujohau/Build/Intermediates.noindex/Firebase.build/Debug-iphonesimulator/FirebaseFirestoreTarget.build/Objects-normal/arm64/dummy.o /Users/aleks/Library/Developer/Xcode/DerivedData/PlanItApp-gkehojshtcbfvhersqwajfujohau/SourcePackages/checkouts/firebase-ios-sdk/SwiftPM-PlatformExclude/FirebaseFirestoreWrap/dummy.m normal arm64 objective-c com.apple.compilers.llvm.clang.1_0.compiler (in target 'FirebaseFirestoreTarget' from project 'Firebase')
    cd /Users/aleks/Desktop/PlanItApp/PlanItApp.xcodeproj
    
    Using response file: /Users/aleks/Library/Developer/Xcode/DerivedData/PlanItApp-gkehojshtcbfvhersqwajfujohau/Build/Intermediates.noindex/Firebase.build/Debug-iphonesimulator/FirebaseFirestoreTarget.build/Objects-normal/arm64/e6072d4f65d7061329687fe24e3d63a7-common-args.resp
    
    builtin-ScanDependencies -o /Users/aleks/Library/Developer/Xcode/DerivedData/PlanItApp-gkehojshtcbfvhersqwajfujohau/Build/Intermediates.noindex/Firebase.build/Debug-iphonesimulator/FirebaseFirestoreTarget.build/Objects-normal/arm64/dummy.o.scan -- /Applications/Xcode.app/Contents/Developer/Toolchains/XcodeDefault.xctoolchain/usr/bin/clang -x objective-c -ivfsstatcache /Users/aleks/Library/Developer/Xcode/DerivedData/SDKStatCaches.noindex/iphonesimulator18.5-22F76-d5fc8ad4295d2ef488fb7d0f804ce0c4.sdkstatcache -fmessage-length\=0 -fdiagnostics-show-note-include-stack -fmacro-backtrace-limit\=0 -fno-color-diagnostics -fmodules-prune-interval\=86400 -fmodules-prune-after\=345600 -fbuild-session-file\=/Users/aleks/Library/Developer/Xcode/DerivedData/ModuleCache.noindex/Session.modulevalidation -fmodules-validate-once-per-build-session -Wnon-modular-include-in-framework-module -Werror\=non-modular-include-in-framework-module -Wno-trigraphs -Wno-missing-field-initializers -Wno-missing-prototypes -Wno-return-type -Wno-implicit-atomic-properties -Wno-objc-interface-ivars -Wno-arc-repeated-use-of-weak -Wno-missing-braces -Wparentheses -Wswitch -Wno-unused-function -Wno-unused-label -Wno-unused-parameter -Wno-unused-variable -Wunused-value -Wno-empty-body -Wno-uninitialized -Wno-unknown-pragmas -w -Wno-shadow -Wno-four-char-constants -Wno-conversion -Wno-constant-conversion -Wno-int-conversion -Wno-bool-conversion -Wno-enum-conversion -Wno-float-conversion -Wno-non-literal-null-conversion -Wno-objc-literal-conversion -Wshorten-64-to-32 -Wpointer-sign -Wno-newline-eof -Wno-selector -Wno-strict-selector-match -Wno-undeclared-selector -Wno-deprecated-implementations -Wno-implicit-fallthrough -fstrict-aliasing -Wprotocol -Wdeprecated-declarations -Wno-sign-conversion -Wno-infinite-recursion -Wno-comma -Wno-block-capture-autoreleasing -Wno-strict-prototypes -Wno-semicolon-before-method-body -index-store-path /Users/aleks/Library/Developer/Xcode/DerivedData/PlanItApp-gkehojshtcbfvhersqwajfujohau/Index.noindex/DataStore @/Users/aleks/Library/Developer/Xcode/DerivedData/PlanItApp-gkehojshtcbfvhersqwajfujohau/Build/Intermediates.noindex/Firebase.build/Debug-iphonesimulator/FirebaseFirestoreTarget.build/Objects-normal/arm64/e6072d4f65d7061329687fe24e3d63a7-common-args.resp -MMD -MT dependencies -MF /Users/aleks/Library/Developer/Xcode/DerivedData/PlanItApp-gkehojshtcbfvhersqwajfujohau/Build/Intermediates.noindex/Firebase.build/Debug-iphonesimulator/FirebaseFirestoreTarget.build/Objects-normal/arm64/dummy.d --serialize-diagnostics /Users/aleks/Library/Developer/Xcode/DerivedData/PlanItApp-gkehojshtcbfvhersqwajfujohau/Build/Intermediates.noindex/Firebase.build/Debug-iphonesimulator/FirebaseFirestoreTarget.build/Objects-normal/arm64/dummy.dia -c /Users/aleks/Library/Developer/Xcode/DerivedData/PlanItApp-gkehojshtcbfvhersqwajfujohau/SourcePackages/checkouts/firebase-ios-sdk/SwiftPM-PlatformExclude/FirebaseFirestoreWrap/dummy.m -o /Users/aleks/Library/Developer/Xcode/DerivedData/PlanItApp-gkehojshtcbfvhersqwajfujohau/Build/Intermediates.noindex/Firebase.build/Debug-iphonesimulator/FirebaseFirestoreTarget.build/Objects-normal/arm64/dummy.o -index-unit-output-path /Firebase.build/Debug-iphonesimulator/FirebaseFirestoreTarget.build/Objects-normal/arm64/dummy.o

PrecompileModule /Users/aleks/Library/Developer/Xcode/DerivedData/PlanItApp-gkehojshtcbfvhersqwajfujohau/Build/Intermediates.noindex/ExplicitPrecompiledModules/TargetConditionals-2KTCWBDHQV96G7EYD2YITB1A3.scan
    cd /Users/aleks/Desktop/PlanItApp/PlanItApp.xcodeproj
    builtin-precompileModule /Users/aleks/Library/Developer/Xcode/DerivedData/PlanItApp-gkehojshtcbfvhersqwajfujohau/Build/Intermediates.noindex/ExplicitPrecompiledModules/TargetConditionals-2KTCWBDHQV96G7EYD2YITB1A3.scan

RegisterExecutionPolicyException /Users/aleks/Library/Developer/Xcode/DerivedData/PlanItApp-gkehojshtcbfvhersqwajfujohau/Build/Products/Debug-iphonesimulator/GoogleUtilities-NSData.o (in target 'GoogleUtilities-NSData' from project 'GoogleUtilities')
    cd /Users/aleks/Library/Developer/Xcode/DerivedData/PlanItApp-gkehojshtcbfvhersqwajfujohau/SourcePackages/checkouts/GoogleUtilities
    builtin-RegisterExecutionPolicyException /Users/aleks/Library/Developer/Xcode/DerivedData/PlanItApp-gkehojshtcbfvhersqwajfujohau/Build/Products/Debug-iphonesimulator/GoogleUtilities-NSData.o

RegisterExecutionPolicyException /Users/aleks/Library/Developer/Xcode/DerivedData/PlanItApp-gkehojshtcbfvhersqwajfujohau/Build/Products/Debug-iphonesimulator/FBLPromises.o (in target 'FBLPromises' from project 'Promises')
    cd /Users/aleks/Library/Developer/Xcode/DerivedData/PlanItApp-gkehojshtcbfvhersqwajfujohau/SourcePackages/checkouts/promises
    builtin-RegisterExecutionPolicyException /Users/aleks/Library/Developer/Xcode/DerivedData/PlanItApp-gkehojshtcbfvhersqwajfujohau/Build/Products/Debug-iphonesimulator/FBLPromises.o

RegisterExecutionPolicyException /Users/aleks/Library/Developer/Xcode/DerivedData/PlanItApp-gkehojshtcbfvhersqwajfujohau/Build/Products/Debug-iphonesimulator/grpcWrapper.o (in target 'grpcWrapper' from project 'gRPC')
    cd /Users/aleks/Library/Developer/Xcode/DerivedData/PlanItApp-gkehojshtcbfvhersqwajfujohau/SourcePackages/checkouts/grpc-binary
    builtin-RegisterExecutionPolicyException /Users/aleks/Library/Developer/Xcode/DerivedData/PlanItApp-gkehojshtcbfvhersqwajfujohau/Build/Products/Debug-iphonesimulator/grpcWrapper.o

MkDir /Users/aleks/Library/Developer/Xcode/DerivedData/PlanItApp-gkehojshtcbfvhersqwajfujohau/Build/Intermediates.noindex/PlanItApp.build/Debug-iphonesimulator/PlanItApp.build/assetcatalog_output/unthinned (in target 'PlanItApp' from project 'PlanItApp')
    cd /Users/aleks/Desktop/PlanItApp
    /bin/mkdir -p /Users/aleks/Library/Developer/Xcode/DerivedData/PlanItApp-gkehojshtcbfvhersqwajfujohau/Build/Intermediates.noindex/PlanItApp.build/Debug-iphonesimulator/PlanItApp.build/assetcatalog_output/unthinned

MkDir /Users/aleks/Library/Developer/Xcode/DerivedData/PlanItApp-gkehojshtcbfvhersqwajfujohau/Build/Intermediates.noindex/PlanItApp.build/Debug-iphonesimulator/PlanItApp.build/assetcatalog_output/thinned (in target 'PlanItApp' from project 'PlanItApp')
    cd /Users/aleks/Desktop/PlanItApp
    /bin/mkdir -p /Users/aleks/Library/Developer/Xcode/DerivedData/PlanItApp-gkehojshtcbfvhersqwajfujohau/Build/Intermediates.noindex/PlanItApp.build/Debug-iphonesimulator/PlanItApp.build/assetcatalog_output/thinned

GenerateAssetSymbols /Users/aleks/Desktop/PlanItApp/PlanItApp/Assets.xcassets (in target 'PlanItApp' from project 'PlanItApp')
    cd /Users/aleks/Desktop/PlanItApp
    /Applications/Xcode.app/Contents/Developer/usr/bin/actool /Users/aleks/Desktop/PlanItApp/PlanItApp/Assets.xcassets --compile /Users/aleks/Library/Developer/Xcode/DerivedData/PlanItApp-gkehojshtcbfvhersqwajfujohau/Build/Products/Debug-iphonesimulator/PlanItApp.app --output-format human-readable-text --notices --warnings --export-dependency-info /Users/aleks/Library/Developer/Xcode/DerivedData/PlanItApp-gkehojshtcbfvhersqwajfujohau/Build/Intermediates.noindex/PlanItApp.build/Debug-iphonesimulator/PlanItApp.build/assetcatalog_dependencies --output-partial-info-plist /Users/aleks/Library/Developer/Xcode/DerivedData/PlanItApp-gkehojshtcbfvhersqwajfujohau/Build/Intermediates.noindex/PlanItApp.build/Debug-iphonesimulator/PlanItApp.build/assetcatalog_generated_info.plist --app-icon AppIcon --accent-color AccentColor --compress-pngs --enable-on-demand-resources YES --development-region en --target-device iphone --target-device ipad --minimum-deployment-target 17.0 --platform iphonesimulator --bundle-identifier com.dimkin.PlanItApp --generate-swift-asset-symbols /Users/aleks/Library/Developer/Xcode/DerivedData/PlanItApp-gkehojshtcbfvhersqwajfujohau/Build/Intermediates.noindex/PlanItApp.build/Debug-iphonesimulator/PlanItApp.build/DerivedSources/GeneratedAssetSymbols.swift --generate-objc-asset-symbols /Users/aleks/Library/Developer/Xcode/DerivedData/PlanItApp-gkehojshtcbfvhersqwajfujohau/Build/Intermediates.noindex/PlanItApp.build/Debug-iphonesimulator/PlanItApp.build/DerivedSources/GeneratedAssetSymbols.h --generate-asset-symbol-index /Users/aleks/Library/Developer/Xcode/DerivedData/PlanItApp-gkehojshtcbfvhersqwajfujohau/Build/Intermediates.noindex/PlanItApp.build/Debug-iphonesimulator/PlanItApp.build/DerivedSources/GeneratedAssetSymbols-Index.plist
/* com.apple.actool.compilation-results */
/Users/aleks/Library/Developer/Xcode/DerivedData/PlanItApp-gkehojshtcbfvhersqwajfujohau/Build/Intermediates.noindex/PlanItApp.build/Debug-iphonesimulator/PlanItApp.build/DerivedSources/GeneratedAssetSymbols-Index.plist
/Users/aleks/Library/Developer/Xcode/DerivedData/PlanItApp-gkehojshtcbfvhersqwajfujohau/Build/Intermediates.noindex/PlanItApp.build/Debug-iphonesimulator/PlanItApp.build/DerivedSources/GeneratedAssetSymbols.h
/Users/aleks/Library/Developer/Xcode/DerivedData/PlanItApp-gkehojshtcbfvhersqwajfujohau/Build/Intermediates.noindex/PlanItApp.build/Debug-iphonesimulator/PlanItApp.build/DerivedSources/GeneratedAssetSymbols.swift


DataModelCompile /Users/aleks/Library/Developer/Xcode/DerivedData/PlanItApp-gkehojshtcbfvhersqwajfujohau/Build/Products/Debug-iphonesimulator/PlanItApp.app/ /Users/aleks/Desktop/PlanItApp/PlanItApp/PlanIt.xcdatamodeld (in target 'PlanItApp' from project 'PlanItApp')
    cd /Users/aleks/Desktop/PlanItApp
    /Applications/Xcode.app/Contents/Developer/usr/bin/momc --sdkroot /Applications/Xcode.app/Contents/Developer/Platforms/iPhoneSimulator.platform/Developer/SDKs/iPhoneSimulator18.5.sdk --iphonesimulator-deployment-target 17.0 --module PlanItApp /Users/aleks/Desktop/PlanItApp/PlanItApp/PlanIt.xcdatamodeld /Users/aleks/Library/Developer/Xcode/DerivedData/PlanItApp-gkehojshtcbfvhersqwajfujohau/Build/Products/Debug-iphonesimulator/PlanItApp.app/
PlanIt.xcdatamodel: note: Model PlanIt version checksum: VNIRJOjhqmU35OF02buOyYQnU/0ToUzUMpGW5jvR3Ic=

CompileC /Users/aleks/Library/Developer/Xcode/DerivedData/PlanItApp-gkehojshtcbfvhersqwajfujohau/Build/Intermediates.noindex/Firebase.build/Debug-iphonesimulator/FirebaseFirestoreTarget.build/Objects-normal/arm64/dummy.o /Users/aleks/Library/Developer/Xcode/DerivedData/PlanItApp-gkehojshtcbfvhersqwajfujohau/SourcePackages/checkouts/firebase-ios-sdk/SwiftPM-PlatformExclude/FirebaseFirestoreWrap/dummy.m normal arm64 objective-c com.apple.compilers.llvm.clang.1_0.compiler (in target 'FirebaseFirestoreTarget' from project 'Firebase')
    cd /Users/aleks/Desktop/PlanItApp/PlanItApp.xcodeproj
    
    Using response file: /Users/aleks/Library/Developer/Xcode/DerivedData/PlanItApp-gkehojshtcbfvhersqwajfujohau/Build/Intermediates.noindex/Firebase.build/Debug-iphonesimulator/FirebaseFirestoreTarget.build/Objects-normal/arm64/e6072d4f65d7061329687fe24e3d63a7-common-args.resp
    
    /Applications/Xcode.app/Contents/Developer/Toolchains/XcodeDefault.xctoolchain/usr/bin/clang -x objective-c -ivfsstatcache /Users/aleks/Library/Developer/Xcode/DerivedData/SDKStatCaches.noindex/iphonesimulator18.5-22F76-d5fc8ad4295d2ef488fb7d0f804ce0c4.sdkstatcache -fmessage-length\=0 -fdiagnostics-show-note-include-stack -fmacro-backtrace-limit\=0 -fno-color-diagnostics -fmodules-prune-interval\=86400 -fmodules-prune-after\=345600 -fbuild-session-file\=/Users/aleks/Library/Developer/Xcode/DerivedData/ModuleCache.noindex/Session.modulevalidation -fmodules-validate-once-per-build-session -Wnon-modular-include-in-framework-module -Werror\=non-modular-include-in-framework-module -Wno-trigraphs -Wno-missing-field-initializers -Wno-missing-prototypes -Wno-return-type -Wno-implicit-atomic-properties -Wno-objc-interface-ivars -Wno-arc-repeated-use-of-weak -Wno-missing-braces -Wparentheses -Wswitch -Wno-unused-function -Wno-unused-label -Wno-unused-parameter -Wno-unused-variable -Wunused-value -Wno-empty-body -Wno-uninitialized -Wno-unknown-pragmas -w -Wno-shadow -Wno-four-char-constants -Wno-conversion -Wno-constant-conversion -Wno-int-conversion -Wno-bool-conversion -Wno-enum-conversion -Wno-float-conversion -Wno-non-literal-null-conversion -Wno-objc-literal-conversion -Wshorten-64-to-32 -Wpointer-sign -Wno-newline-eof -Wno-selector -Wno-strict-selector-match -Wno-undeclared-selector -Wno-deprecated-implementations -Wno-implicit-fallthrough -fstrict-aliasing -Wprotocol -Wdeprecated-declarations -Wno-sign-conversion -Wno-infinite-recursion -Wno-comma -Wno-block-capture-autoreleasing -Wno-strict-prototypes -Wno-semicolon-before-method-body -index-store-path /Users/aleks/Library/Developer/Xcode/DerivedData/PlanItApp-gkehojshtcbfvhersqwajfujohau/Index.noindex/DataStore @/Users/aleks/Library/Developer/Xcode/DerivedData/PlanItApp-gkehojshtcbfvhersqwajfujohau/Build/Intermediates.noindex/Firebase.build/Debug-iphonesimulator/FirebaseFirestoreTarget.build/Objects-normal/arm64/e6072d4f65d7061329687fe24e3d63a7-common-args.resp -MMD -MT dependencies -MF /Users/aleks/Library/Developer/Xcode/DerivedData/PlanItApp-gkehojshtcbfvhersqwajfujohau/Build/Intermediates.noindex/Firebase.build/Debug-iphonesimulator/FirebaseFirestoreTarget.build/Objects-normal/arm64/dummy.d --serialize-diagnostics /Users/aleks/Library/Developer/Xcode/DerivedData/PlanItApp-gkehojshtcbfvhersqwajfujohau/Build/Intermediates.noindex/Firebase.build/Debug-iphonesimulator/FirebaseFirestoreTarget.build/Objects-normal/arm64/dummy.dia -c /Users/aleks/Library/Developer/Xcode/DerivedData/PlanItApp-gkehojshtcbfvhersqwajfujohau/SourcePackages/checkouts/firebase-ios-sdk/SwiftPM-PlatformExclude/FirebaseFirestoreWrap/dummy.m -o /Users/aleks/Library/Developer/Xcode/DerivedData/PlanItApp-gkehojshtcbfvhersqwajfujohau/Build/Intermediates.noindex/Firebase.build/Debug-iphonesimulator/FirebaseFirestoreTarget.build/Objects-normal/arm64/dummy.o -index-unit-output-path /Firebase.build/Debug-iphonesimulator/FirebaseFirestoreTarget.build/Objects-normal/arm64/dummy.o

DataModelCodegen /Users/aleks/Desktop/PlanItApp/PlanItApp/PlanIt.xcdatamodeld (in target 'PlanItApp' from project 'PlanItApp')
    cd /Users/aleks/Desktop/PlanItApp
    /Applications/Xcode.app/Contents/Developer/usr/bin/momc --action generate --swift-version 5.0 --sdkroot /Applications/Xcode.app/Contents/Developer/Platforms/iPhoneSimulator.platform/Developer/SDKs/iPhoneSimulator18.5.sdk --iphonesimulator-deployment-target 17.0 --module PlanItApp /Users/aleks/Desktop/PlanItApp/PlanItApp/PlanIt.xcdatamodeld /Users/aleks/Library/Developer/Xcode/DerivedData/PlanItApp-gkehojshtcbfvhersqwajfujohau/Build/Intermediates.noindex/PlanItApp.build/Debug-iphonesimulator/PlanItApp.build/DerivedSources/CoreDataGenerated/PlanIt

CompileAssetCatalogVariant thinned /Users/aleks/Library/Developer/Xcode/DerivedData/PlanItApp-gkehojshtcbfvhersqwajfujohau/Build/Products/Debug-iphonesimulator/PlanItApp.app /Users/aleks/Desktop/PlanItApp/PlanItApp/Assets.xcassets (in target 'PlanItApp' from project 'PlanItApp')
    cd /Users/aleks/Desktop/PlanItApp
    /Applications/Xcode.app/Contents/Developer/usr/bin/actool /Users/aleks/Desktop/PlanItApp/PlanItApp/Assets.xcassets --compile /Users/aleks/Library/Developer/Xcode/DerivedData/PlanItApp-gkehojshtcbfvhersqwajfujohau/Build/Intermediates.noindex/PlanItApp.build/Debug-iphonesimulator/PlanItApp.build/assetcatalog_output/thinned --output-format human-readable-text --notices --warnings --export-dependency-info /Users/aleks/Library/Developer/Xcode/DerivedData/PlanItApp-gkehojshtcbfvhersqwajfujohau/Build/Intermediates.noindex/PlanItApp.build/Debug-iphonesimulator/PlanItApp.build/assetcatalog_dependencies_thinned --output-partial-info-plist /Users/aleks/Library/Developer/Xcode/DerivedData/PlanItApp-gkehojshtcbfvhersqwajfujohau/Build/Intermediates.noindex/PlanItApp.build/Debug-iphonesimulator/PlanItApp.build/assetcatalog_generated_info.plist_thinned --app-icon AppIcon --accent-color AccentColor --compress-pngs --enable-on-demand-resources YES --filter-for-thinning-device-configuration iPhone17,3 --filter-for-device-os-version 18.5 --development-region en --target-device iphone --target-device ipad --minimum-deployment-target 17.0 --platform iphonesimulator
/* com.apple.actool.compilation-results */
/Users/aleks/Library/Developer/Xcode/DerivedData/PlanItApp-gkehojshtcbfvhersqwajfujohau/Build/Intermediates.noindex/PlanItApp.build/Debug-iphonesimulator/PlanItApp.build/assetcatalog_generated_info.plist_thinned


PrecompileModule /Users/aleks/Library/Developer/Xcode/DerivedData/PlanItApp-gkehojshtcbfvhersqwajfujohau/Build/Intermediates.noindex/ExplicitPrecompiledModules/CoreGraphics-B6NDPTT7VRS8VYQU1C9ET6TCW.scan
    cd /Users/aleks/Desktop/PlanItApp/PlanItApp.xcodeproj
    builtin-precompileModule /Users/aleks/Library/Developer/Xcode/DerivedData/PlanItApp-gkehojshtcbfvhersqwajfujohau/Build/Intermediates.noindex/ExplicitPrecompiledModules/CoreGraphics-B6NDPTT7VRS8VYQU1C9ET6TCW.scan

PrecompileModule /Users/aleks/Library/Developer/Xcode/DerivedData/PlanItApp-gkehojshtcbfvhersqwajfujohau/Build/Intermediates.noindex/ExplicitPrecompiledModules/CoreAudioTypes-W8F4N4CRW945H2GWWDOKG24A.scan
    cd /Users/aleks/Desktop/PlanItApp/PlanItApp.xcodeproj
    builtin-precompileModule /Users/aleks/Library/Developer/Xcode/DerivedData/PlanItApp-gkehojshtcbfvhersqwajfujohau/Build/Intermediates.noindex/ExplicitPrecompiledModules/CoreAudioTypes-W8F4N4CRW945H2GWWDOKG24A.scan

PrecompileModule /Users/aleks/Library/Developer/Xcode/DerivedData/PlanItApp-gkehojshtcbfvhersqwajfujohau/Build/Intermediates.noindex/ExplicitPrecompiledModules/QuartzCore-6A1BYR9F0AIWPXO2N1QSXFL7T.scan
    cd /Users/aleks/Desktop/PlanItApp/PlanItApp.xcodeproj
    builtin-precompileModule /Users/aleks/Library/Developer/Xcode/DerivedData/PlanItApp-gkehojshtcbfvhersqwajfujohau/Build/Intermediates.noindex/ExplicitPrecompiledModules/QuartzCore-6A1BYR9F0AIWPXO2N1QSXFL7T.scan

PrecompileModule /Users/aleks/Library/Developer/Xcode/DerivedData/PlanItApp-gkehojshtcbfvhersqwajfujohau/Build/Intermediates.noindex/ExplicitPrecompiledModules/Security-1K29IJO4SD7OXV50G3K99S72X.scan
    cd /Users/aleks/Desktop/PlanItApp/PlanItApp.xcodeproj
    builtin-precompileModule /Users/aleks/Library/Developer/Xcode/DerivedData/PlanItApp-gkehojshtcbfvhersqwajfujohau/Build/Intermediates.noindex/ExplicitPrecompiledModules/Security-1K29IJO4SD7OXV50G3K99S72X.scan

SwiftDriverJobDiscovery normal arm64 Compiling QueryPredicate.swift, FieldValue+Swift.swift (in target 'FirebaseFirestore' from project 'Firebase')

PrecompileModule /Users/aleks/Library/Developer/Xcode/DerivedData/PlanItApp-gkehojshtcbfvhersqwajfujohau/Build/Intermediates.noindex/ExplicitPrecompiledModules/CFNetwork-74JAEY8QQEIF408ISZJBC0SED.scan
    cd /Users/aleks/Desktop/PlanItApp/PlanItApp.xcodeproj
    builtin-precompileModule /Users/aleks/Library/Developer/Xcode/DerivedData/PlanItApp-gkehojshtcbfvhersqwajfujohau/Build/Intermediates.noindex/ExplicitPrecompiledModules/CFNetwork-74JAEY8QQEIF408ISZJBC0SED.scan

PrecompileModule /Users/aleks/Library/Developer/Xcode/DerivedData/PlanItApp-gkehojshtcbfvhersqwajfujohau/Build/Intermediates.noindex/ExplicitPrecompiledModules/CoreAudio-3QULGUD68B0BZGQWMQGKZE17Y.scan
    cd /Users/aleks/Desktop/PlanItApp/PlanItApp.xcodeproj
    builtin-precompileModule /Users/aleks/Library/Developer/Xcode/DerivedData/PlanItApp-gkehojshtcbfvhersqwajfujohau/Build/Intermediates.noindex/ExplicitPrecompiledModules/CoreAudio-3QULGUD68B0BZGQWMQGKZE17Y.scan

PrecompileModule /Users/aleks/Library/Developer/Xcode/DerivedData/PlanItApp-gkehojshtcbfvhersqwajfujohau/Build/Intermediates.noindex/ExplicitPrecompiledModules/ImageIO-7R1CJR53J3DH6NZ30N8I852FK.scan
    cd /Users/aleks/Desktop/PlanItApp/PlanItApp.xcodeproj
    builtin-precompileModule /Users/aleks/Library/Developer/Xcode/DerivedData/PlanItApp-gkehojshtcbfvhersqwajfujohau/Build/Intermediates.noindex/ExplicitPrecompiledModules/ImageIO-7R1CJR53J3DH6NZ30N8I852FK.scan

PrecompileModule /Users/aleks/Library/Developer/Xcode/DerivedData/PlanItApp-gkehojshtcbfvhersqwajfujohau/Build/Intermediates.noindex/ExplicitPrecompiledModules/CoreText-AG291JBZCHK1NW28K70XR4ZI6.scan
    cd /Users/aleks/Desktop/PlanItApp/PlanItApp.xcodeproj
    builtin-precompileModule /Users/aleks/Library/Developer/Xcode/DerivedData/PlanItApp-gkehojshtcbfvhersqwajfujohau/Build/Intermediates.noindex/ExplicitPrecompiledModules/CoreText-AG291JBZCHK1NW28K70XR4ZI6.scan

PrecompileModule /Users/aleks/Library/Developer/Xcode/DerivedData/PlanItApp-gkehojshtcbfvhersqwajfujohau/Build/Intermediates.noindex/ExplicitPrecompiledModules/CoreImage-1DKD8U687XPAJQXCE5RT9UV02.scan
    cd /Users/aleks/Desktop/PlanItApp/PlanItApp.xcodeproj
    builtin-precompileModule /Users/aleks/Library/Developer/Xcode/DerivedData/PlanItApp-gkehojshtcbfvhersqwajfujohau/Build/Intermediates.noindex/ExplicitPrecompiledModules/CoreImage-1DKD8U687XPAJQXCE5RT9UV02.scan

LinkAssetCatalog /Users/aleks/Desktop/PlanItApp/PlanItApp/Assets.xcassets (in target 'PlanItApp' from project 'PlanItApp')
    cd /Users/aleks/Desktop/PlanItApp
    builtin-linkAssetCatalog --thinned /Users/aleks/Library/Developer/Xcode/DerivedData/PlanItApp-gkehojshtcbfvhersqwajfujohau/Build/Intermediates.noindex/PlanItApp.build/Debug-iphonesimulator/PlanItApp.build/assetcatalog_output/thinned --thinned-dependencies /Users/aleks/Library/Developer/Xcode/DerivedData/PlanItApp-gkehojshtcbfvhersqwajfujohau/Build/Intermediates.noindex/PlanItApp.build/Debug-iphonesimulator/PlanItApp.build/assetcatalog_dependencies_thinned --thinned-info-plist-content /Users/aleks/Library/Developer/Xcode/DerivedData/PlanItApp-gkehojshtcbfvhersqwajfujohau/Build/Intermediates.noindex/PlanItApp.build/Debug-iphonesimulator/PlanItApp.build/assetcatalog_generated_info.plist_thinned --unthinned /Users/aleks/Library/Developer/Xcode/DerivedData/PlanItApp-gkehojshtcbfvhersqwajfujohau/Build/Intermediates.noindex/PlanItApp.build/Debug-iphonesimulator/PlanItApp.build/assetcatalog_output/unthinned --unthinned-dependencies /Users/aleks/Library/Developer/Xcode/DerivedData/PlanItApp-gkehojshtcbfvhersqwajfujohau/Build/Intermediates.noindex/PlanItApp.build/Debug-iphonesimulator/PlanItApp.build/assetcatalog_dependencies_unthinned --unthinned-info-plist-content /Users/aleks/Library/Developer/Xcode/DerivedData/PlanItApp-gkehojshtcbfvhersqwajfujohau/Build/Intermediates.noindex/PlanItApp.build/Debug-iphonesimulator/PlanItApp.build/assetcatalog_generated_info.plist_unthinned --output /Users/aleks/Library/Developer/Xcode/DerivedData/PlanItApp-gkehojshtcbfvhersqwajfujohau/Build/Products/Debug-iphonesimulator/PlanItApp.app --plist-output /Users/aleks/Library/Developer/Xcode/DerivedData/PlanItApp-gkehojshtcbfvhersqwajfujohau/Build/Intermediates.noindex/PlanItApp.build/Debug-iphonesimulator/PlanItApp.build/assetcatalog_generated_info.plist

SwiftDriverJobDiscovery normal arm64 Compiling ExplicitNull.swift, FieldValue+Encodable.swift, GeoPoint+Codable.swift (in target 'FirebaseFirestore' from project 'Firebase')

RegisterExecutionPolicyException /Users/aleks/Library/Developer/Xcode/DerivedData/PlanItApp-gkehojshtcbfvhersqwajfujohau/Build/Products/Debug-iphonesimulator/GoogleUtilities-Environment.o (in target 'GoogleUtilities-Environment' from project 'GoogleUtilities')
    cd /Users/aleks/Library/Developer/Xcode/DerivedData/PlanItApp-gkehojshtcbfvhersqwajfujohau/SourcePackages/checkouts/GoogleUtilities
    builtin-RegisterExecutionPolicyException /Users/aleks/Library/Developer/Xcode/DerivedData/PlanItApp-gkehojshtcbfvhersqwajfujohau/Build/Products/Debug-iphonesimulator/GoogleUtilities-Environment.o

RegisterExecutionPolicyException /Users/aleks/Library/Developer/Xcode/DerivedData/PlanItApp-gkehojshtcbfvhersqwajfujohau/Build/Products/Debug-iphonesimulator/GTMSessionFetcherCore.o (in target 'GTMSessionFetcherCore' from project 'GTMSessionFetcher')
    cd /Users/aleks/Library/Developer/Xcode/DerivedData/PlanItApp-gkehojshtcbfvhersqwajfujohau/SourcePackages/checkouts/gtm-session-fetcher
    builtin-RegisterExecutionPolicyException /Users/aleks/Library/Developer/Xcode/DerivedData/PlanItApp-gkehojshtcbfvhersqwajfujohau/Build/Products/Debug-iphonesimulator/GTMSessionFetcherCore.o

PrecompileModule /Users/aleks/Library/Developer/Xcode/DerivedData/PlanItApp-gkehojshtcbfvhersqwajfujohau/Build/Intermediates.noindex/ExplicitPrecompiledModules/Foundation-ES8R81MSFWY7M3RNPUPR4P568.scan
    cd /Users/aleks/Desktop/PlanItApp/PlanItApp.xcodeproj
    builtin-precompileModule /Users/aleks/Library/Developer/Xcode/DerivedData/PlanItApp-gkehojshtcbfvhersqwajfujohau/Build/Intermediates.noindex/ExplicitPrecompiledModules/Foundation-ES8R81MSFWY7M3RNPUPR4P568.scan

RegisterExecutionPolicyException /Users/aleks/Library/Developer/Xcode/DerivedData/PlanItApp-gkehojshtcbfvhersqwajfujohau/Build/Products/Debug-iphonesimulator/FirebaseAuthInternal.o (in target 'FirebaseAuthInternal' from project 'Firebase')
    cd /Users/aleks/Library/Developer/Xcode/DerivedData/PlanItApp-gkehojshtcbfvhersqwajfujohau/SourcePackages/checkouts/firebase-ios-sdk
    builtin-RegisterExecutionPolicyException /Users/aleks/Library/Developer/Xcode/DerivedData/PlanItApp-gkehojshtcbfvhersqwajfujohau/Build/Products/Debug-iphonesimulator/FirebaseAuthInternal.o

RegisterExecutionPolicyException /Users/aleks/Library/Developer/Xcode/DerivedData/PlanItApp-gkehojshtcbfvhersqwajfujohau/Build/Products/Debug-iphonesimulator/FirebaseCoreExtension.o (in target 'FirebaseCoreExtension' from project 'Firebase')
    cd /Users/aleks/Library/Developer/Xcode/DerivedData/PlanItApp-gkehojshtcbfvhersqwajfujohau/SourcePackages/checkouts/firebase-ios-sdk
    builtin-RegisterExecutionPolicyException /Users/aleks/Library/Developer/Xcode/DerivedData/PlanItApp-gkehojshtcbfvhersqwajfujohau/Build/Products/Debug-iphonesimulator/FirebaseCoreExtension.o

Ld /Users/aleks/Library/Developer/Xcode/DerivedData/PlanItApp-gkehojshtcbfvhersqwajfujohau/Build/Products/Debug-iphonesimulator/grpcppWrapper.o normal (in target 'grpcppWrapper' from project 'gRPC')
    cd /Users/aleks/Library/Developer/Xcode/DerivedData/PlanItApp-gkehojshtcbfvhersqwajfujohau/SourcePackages/checkouts/grpc-binary
    /Applications/Xcode.app/Contents/Developer/Toolchains/XcodeDefault.xctoolchain/usr/bin/clang -Xlinker -reproducible -target arm64-apple-ios12.0-simulator -r -isysroot /Applications/Xcode.app/Contents/Developer/Platforms/iPhoneSimulator.platform/Developer/SDKs/iPhoneSimulator18.5.sdk -O0 -w -L/Users/aleks/Library/Developer/Xcode/DerivedData/PlanItApp-gkehojshtcbfvhersqwajfujohau/Build/Intermediates.noindex/EagerLinkingTBDs/Debug-iphonesimulator -L/Users/aleks/Library/Developer/Xcode/DerivedData/PlanItApp-gkehojshtcbfvhersqwajfujohau/Build/Products/Debug-iphonesimulator -L/Applications/Xcode.app/Contents/Developer/Platforms/iPhoneSimulator.platform/Developer/usr/lib -F/Users/aleks/Library/Developer/Xcode/DerivedData/PlanItApp-gkehojshtcbfvhersqwajfujohau/Build/Intermediates.noindex/EagerLinkingTBDs/Debug-iphonesimulator -F/Users/aleks/Library/Developer/Xcode/DerivedData/PlanItApp-gkehojshtcbfvhersqwajfujohau/Build/Products/Debug-iphonesimulator/PackageFrameworks -F/Users/aleks/Library/Developer/Xcode/DerivedData/PlanItApp-gkehojshtcbfvhersqwajfujohau/Build/Products/Debug-iphonesimulator/PackageFrameworks -F/Users/aleks/Library/Developer/Xcode/DerivedData/PlanItApp-gkehojshtcbfvhersqwajfujohau/Build/Products/Debug-iphonesimulator/PackageFrameworks -F/Users/aleks/Library/Developer/Xcode/DerivedData/PlanItApp-gkehojshtcbfvhersqwajfujohau/Build/Products/Debug-iphonesimulator -iframework /Applications/Xcode.app/Contents/Developer/Platforms/iPhoneSimulator.platform/Developer/Library/Frameworks -iframework /Applications/Xcode.app/Contents/Developer/Platforms/iPhoneSimulator.platform/Developer/SDKs/iPhoneSimulator18.5.sdk/Developer/Library/Frameworks -filelist /Users/aleks/Library/Developer/Xcode/DerivedData/PlanItApp-gkehojshtcbfvhersqwajfujohau/Build/Intermediates.noindex/gRPC.build/Debug-iphonesimulator/grpcppWrapper.build/Objects-normal/arm64/grpcppWrapper.LinkFileList -nostdlib -Xlinker -object_path_lto -Xlinker /Users/aleks/Library/Developer/Xcode/DerivedData/PlanItApp-gkehojshtcbfvhersqwajfujohau/Build/Intermediates.noindex/gRPC.build/Debug-iphonesimulator/grpcppWrapper.build/Objects-normal/arm64/grpcppWrapper_lto.o -rdynamic -Xlinker -no_deduplicate -Xlinker -objc_abi_version -Xlinker 2 -Xlinker -debug_variant -Xlinker -dependency_info -Xlinker /Users/aleks/Library/Developer/Xcode/DerivedData/PlanItApp-gkehojshtcbfvhersqwajfujohau/Build/Intermediates.noindex/gRPC.build/Debug-iphonesimulator/grpcppWrapper.build/Objects-normal/arm64/grpcppWrapper_dependency_info.dat -fobjc-arc -fobjc-link-runtime -o /Users/aleks/Library/Developer/Xcode/DerivedData/PlanItApp-gkehojshtcbfvhersqwajfujohau/Build/Products/Debug-iphonesimulator/grpcppWrapper.o

Ld /Users/aleks/Library/Developer/Xcode/DerivedData/PlanItApp-gkehojshtcbfvhersqwajfujohau/Build/Products/Debug-iphonesimulator/GoogleUtilities-Logger.o normal (in target 'GoogleUtilities-Logger' from project 'GoogleUtilities')
    cd /Users/aleks/Library/Developer/Xcode/DerivedData/PlanItApp-gkehojshtcbfvhersqwajfujohau/SourcePackages/checkouts/GoogleUtilities
    /Applications/Xcode.app/Contents/Developer/Toolchains/XcodeDefault.xctoolchain/usr/bin/clang -Xlinker -reproducible -target arm64-apple-ios12.0-simulator -r -isysroot /Applications/Xcode.app/Contents/Developer/Platforms/iPhoneSimulator.platform/Developer/SDKs/iPhoneSimulator18.5.sdk -O0 -w -L/Users/aleks/Library/Developer/Xcode/DerivedData/PlanItApp-gkehojshtcbfvhersqwajfujohau/Build/Intermediates.noindex/EagerLinkingTBDs/Debug-iphonesimulator -L/Users/aleks/Library/Developer/Xcode/DerivedData/PlanItApp-gkehojshtcbfvhersqwajfujohau/Build/Products/Debug-iphonesimulator -L/Applications/Xcode.app/Contents/Developer/Platforms/iPhoneSimulator.platform/Developer/usr/lib -F/Users/aleks/Library/Developer/Xcode/DerivedData/PlanItApp-gkehojshtcbfvhersqwajfujohau/Build/Intermediates.noindex/EagerLinkingTBDs/Debug-iphonesimulator -F/Users/aleks/Library/Developer/Xcode/DerivedData/PlanItApp-gkehojshtcbfvhersqwajfujohau/Build/Products/Debug-iphonesimulator/PackageFrameworks -F/Users/aleks/Library/Developer/Xcode/DerivedData/PlanItApp-gkehojshtcbfvhersqwajfujohau/Build/Products/Debug-iphonesimulator/PackageFrameworks -F/Users/aleks/Library/Developer/Xcode/DerivedData/PlanItApp-gkehojshtcbfvhersqwajfujohau/Build/Products/Debug-iphonesimulator -iframework /Applications/Xcode.app/Contents/Developer/Platforms/iPhoneSimulator.platform/Developer/Library/Frameworks -iframework /Applications/Xcode.app/Contents/Developer/Platforms/iPhoneSimulator.platform/Developer/SDKs/iPhoneSimulator18.5.sdk/Developer/Library/Frameworks -filelist /Users/aleks/Library/Developer/Xcode/DerivedData/PlanItApp-gkehojshtcbfvhersqwajfujohau/Build/Intermediates.noindex/GoogleUtilities.build/Debug-iphonesimulator/GoogleUtilities-Logger.build/Objects-normal/arm64/GoogleUtilities-Logger.LinkFileList -nostdlib -Xlinker -object_path_lto -Xlinker /Users/aleks/Library/Developer/Xcode/DerivedData/PlanItApp-gkehojshtcbfvhersqwajfujohau/Build/Intermediates.noindex/GoogleUtilities.build/Debug-iphonesimulator/GoogleUtilities-Logger.build/Objects-normal/arm64/GoogleUtilities-Logger_lto.o -rdynamic -Xlinker -no_deduplicate -Xlinker -objc_abi_version -Xlinker 2 -Xlinker -debug_variant -Xlinker -dependency_info -Xlinker /Users/aleks/Library/Developer/Xcode/DerivedData/PlanItApp-gkehojshtcbfvhersqwajfujohau/Build/Intermediates.noindex/GoogleUtilities.build/Debug-iphonesimulator/GoogleUtilities-Logger.build/Objects-normal/arm64/GoogleUtilities-Logger_dependency_info.dat -fobjc-arc -fobjc-link-runtime -o /Users/aleks/Library/Developer/Xcode/DerivedData/PlanItApp-gkehojshtcbfvhersqwajfujohau/Build/Products/Debug-iphonesimulator/GoogleUtilities-Logger.o

RegisterExecutionPolicyException /Users/aleks/Library/Developer/Xcode/DerivedData/PlanItApp-gkehojshtcbfvhersqwajfujohau/Build/Products/Debug-iphonesimulator/AppAuthCore.o (in target 'AppAuthCore' from project 'AppAuth')
    cd /Users/aleks/Library/Developer/Xcode/DerivedData/PlanItApp-gkehojshtcbfvhersqwajfujohau/SourcePackages/checkouts/AppAuth-iOS
    builtin-RegisterExecutionPolicyException /Users/aleks/Library/Developer/Xcode/DerivedData/PlanItApp-gkehojshtcbfvhersqwajfujohau/Build/Products/Debug-iphonesimulator/AppAuthCore.o

SwiftDriverJobDiscovery normal arm64 Compiling DocumentID.swift, DocumentReference+Codable.swift, DocumentReference+ReadDecodable.swift (in target 'FirebaseFirestore' from project 'Firebase')

Ld /Users/aleks/Library/Developer/Xcode/DerivedData/PlanItApp-gkehojshtcbfvhersqwajfujohau/Build/Products/Debug-iphonesimulator/FirebaseCoreInternal.o normal (in target 'FirebaseCoreInternal' from project 'Firebase')
    cd /Users/aleks/Library/Developer/Xcode/DerivedData/PlanItApp-gkehojshtcbfvhersqwajfujohau/SourcePackages/checkouts/firebase-ios-sdk
    /Applications/Xcode.app/Contents/Developer/Toolchains/XcodeDefault.xctoolchain/usr/bin/clang -Xlinker -reproducible -target arm64-apple-ios12.0-simulator -r -isysroot /Applications/Xcode.app/Contents/Developer/Platforms/iPhoneSimulator.platform/Developer/SDKs/iPhoneSimulator18.5.sdk -O0 -w -L/Users/aleks/Library/Developer/Xcode/DerivedData/PlanItApp-gkehojshtcbfvhersqwajfujohau/Build/Intermediates.noindex/EagerLinkingTBDs/Debug-iphonesimulator -L/Users/aleks/Library/Developer/Xcode/DerivedData/PlanItApp-gkehojshtcbfvhersqwajfujohau/Build/Products/Debug-iphonesimulator -L/Applications/Xcode.app/Contents/Developer/Platforms/iPhoneSimulator.platform/Developer/usr/lib -F/Users/aleks/Library/Developer/Xcode/DerivedData/PlanItApp-gkehojshtcbfvhersqwajfujohau/Build/Intermediates.noindex/EagerLinkingTBDs/Debug-iphonesimulator -F/Users/aleks/Library/Developer/Xcode/DerivedData/PlanItApp-gkehojshtcbfvhersqwajfujohau/Build/Products/Debug-iphonesimulator/PackageFrameworks -F/Users/aleks/Library/Developer/Xcode/DerivedData/PlanItApp-gkehojshtcbfvhersqwajfujohau/Build/Products/Debug-iphonesimulator -iframework /Applications/Xcode.app/Contents/Developer/Platforms/iPhoneSimulator.platform/Developer/Library/Frameworks -iframework /Applications/Xcode.app/Contents/Developer/Platforms/iPhoneSimulator.platform/Developer/SDKs/iPhoneSimulator18.5.sdk/Developer/Library/Frameworks -filelist /Users/aleks/Library/Developer/Xcode/DerivedData/PlanItApp-gkehojshtcbfvhersqwajfujohau/Build/Intermediates.noindex/Firebase.build/Debug-iphonesimulator/FirebaseCoreInternal.build/Objects-normal/arm64/FirebaseCoreInternal.LinkFileList -nostdlib -Xlinker -object_path_lto -Xlinker /Users/aleks/Library/Developer/Xcode/DerivedData/PlanItApp-gkehojshtcbfvhersqwajfujohau/Build/Intermediates.noindex/Firebase.build/Debug-iphonesimulator/FirebaseCoreInternal.build/Objects-normal/arm64/FirebaseCoreInternal_lto.o -rdynamic -Xlinker -no_deduplicate -Xlinker -objc_abi_version -Xlinker 2 -Xlinker -debug_variant -Xlinker -dependency_info -Xlinker /Users/aleks/Library/Developer/Xcode/DerivedData/PlanItApp-gkehojshtcbfvhersqwajfujohau/Build/Intermediates.noindex/Firebase.build/Debug-iphonesimulator/FirebaseCoreInternal.build/Objects-normal/arm64/FirebaseCoreInternal_dependency_info.dat -fobjc-link-runtime -L/Applications/Xcode.app/Contents/Developer/Toolchains/XcodeDefault.xctoolchain/usr/lib/swift/iphonesimulator -L/usr/lib/swift -Xlinker -add_ast_path -Xlinker /Users/aleks/Library/Developer/Xcode/DerivedData/PlanItApp-gkehojshtcbfvhersqwajfujohau/Build/Intermediates.noindex/Firebase.build/Debug-iphonesimulator/FirebaseCoreInternal.build/Objects-normal/arm64/FirebaseCoreInternal.swiftmodule -o /Users/aleks/Library/Developer/Xcode/DerivedData/PlanItApp-gkehojshtcbfvhersqwajfujohau/Build/Products/Debug-iphonesimulator/FirebaseCoreInternal.o

Ld /Users/aleks/Library/Developer/Xcode/DerivedData/PlanItApp-gkehojshtcbfvhersqwajfujohau/Build/Products/Debug-iphonesimulator/AppAuth.o normal (in target 'AppAuth' from project 'AppAuth')
    cd /Users/aleks/Library/Developer/Xcode/DerivedData/PlanItApp-gkehojshtcbfvhersqwajfujohau/SourcePackages/checkouts/AppAuth-iOS
    /Applications/Xcode.app/Contents/Developer/Toolchains/XcodeDefault.xctoolchain/usr/bin/clang -Xlinker -reproducible -target arm64-apple-ios12.0-simulator -r -isysroot /Applications/Xcode.app/Contents/Developer/Platforms/iPhoneSimulator.platform/Developer/SDKs/iPhoneSimulator18.5.sdk -O0 -w -L/Users/aleks/Library/Developer/Xcode/DerivedData/PlanItApp-gkehojshtcbfvhersqwajfujohau/Build/Intermediates.noindex/EagerLinkingTBDs/Debug-iphonesimulator -L/Users/aleks/Library/Developer/Xcode/DerivedData/PlanItApp-gkehojshtcbfvhersqwajfujohau/Build/Products/Debug-iphonesimulator -L/Applications/Xcode.app/Contents/Developer/Platforms/iPhoneSimulator.platform/Developer/usr/lib -F/Users/aleks/Library/Developer/Xcode/DerivedData/PlanItApp-gkehojshtcbfvhersqwajfujohau/Build/Intermediates.noindex/EagerLinkingTBDs/Debug-iphonesimulator -F/Users/aleks/Library/Developer/Xcode/DerivedData/PlanItApp-gkehojshtcbfvhersqwajfujohau/Build/Products/Debug-iphonesimulator/PackageFrameworks -F/Users/aleks/Library/Developer/Xcode/DerivedData/PlanItApp-gkehojshtcbfvhersqwajfujohau/Build/Products/Debug-iphonesimulator -iframework /Applications/Xcode.app/Contents/Developer/Platforms/iPhoneSimulator.platform/Developer/Library/Frameworks -iframework /Applications/Xcode.app/Contents/Developer/Platforms/iPhoneSimulator.platform/Developer/SDKs/iPhoneSimulator18.5.sdk/Developer/Library/Frameworks -filelist /Users/aleks/Library/Developer/Xcode/DerivedData/PlanItApp-gkehojshtcbfvhersqwajfujohau/Build/Intermediates.noindex/AppAuth.build/Debug-iphonesimulator/AppAuth.build/Objects-normal/arm64/AppAuth.LinkFileList -nostdlib -Xlinker -object_path_lto -Xlinker /Users/aleks/Library/Developer/Xcode/DerivedData/PlanItApp-gkehojshtcbfvhersqwajfujohau/Build/Intermediates.noindex/AppAuth.build/Debug-iphonesimulator/AppAuth.build/Objects-normal/arm64/AppAuth_lto.o -rdynamic -Xlinker -no_deduplicate -Xlinker -objc_abi_version -Xlinker 2 -Xlinker -debug_variant -Xlinker -dependency_info -Xlinker /Users/aleks/Library/Developer/Xcode/DerivedData/PlanItApp-gkehojshtcbfvhersqwajfujohau/Build/Intermediates.noindex/AppAuth.build/Debug-iphonesimulator/AppAuth.build/Objects-normal/arm64/AppAuth_dependency_info.dat -fobjc-arc -fobjc-link-runtime -o /Users/aleks/Library/Developer/Xcode/DerivedData/PlanItApp-gkehojshtcbfvhersqwajfujohau/Build/Products/Debug-iphonesimulator/AppAuth.o

SwiftDriverJobDiscovery normal arm64 Compiling ServerTimestamp.swift, Timestamp+Codable.swift, TimestampDecodingStrategy.swift (in target 'FirebaseFirestore' from project 'Firebase')

SwiftDriver\ Compilation FirebaseFirestore normal arm64 com.apple.xcode.tools.swift.compiler (in target 'FirebaseFirestore' from project 'Firebase')
    cd /Users/aleks/Desktop/PlanItApp/PlanItApp.xcodeproj
    builtin-Swift-Compilation -- /Applications/Xcode.app/Contents/Developer/Toolchains/XcodeDefault.xctoolchain/usr/bin/swiftc -module-name FirebaseFirestore -Onone -enforce-exclusivity\=checked @/Users/aleks/Library/Developer/Xcode/DerivedData/PlanItApp-gkehojshtcbfvhersqwajfujohau/Build/Intermediates.noindex/Firebase.build/Debug-iphonesimulator/FirebaseFirestore.build/Objects-normal/arm64/FirebaseFirestore.SwiftFileList -DSWIFT_PACKAGE -DDEBUG -Xcc -fmodule-map-file\=/Users/aleks/Library/Developer/Xcode/DerivedData/PlanItApp-gkehojshtcbfvhersqwajfujohau/Build/Intermediates.noindex/GeneratedModuleMaps-iphonesimulator/GoogleUtilities-NSData.modulemap -Xcc -fmodule-map-file\=/Users/aleks/Library/Developer/Xcode/DerivedData/PlanItApp-gkehojshtcbfvhersqwajfujohau/Build/Intermediates.noindex/GeneratedModuleMaps-iphonesimulator/GoogleUtilities-Environment.modulemap -Xcc -fmodule-map-file\=/Users/aleks/Library/Developer/Xcode/DerivedData/PlanItApp-gkehojshtcbfvhersqwajfujohau/Build/Intermediates.noindex/GeneratedModuleMaps-iphonesimulator/third-party-IsAppEncrypted.modulemap -Xcc -fmodule-map-file\=/Users/aleks/Library/Developer/Xcode/DerivedData/PlanItApp-gkehojshtcbfvhersqwajfujohau/Build/Intermediates.noindex/GeneratedModuleMaps-iphonesimulator/GoogleUtilities-Logger.modulemap -Xcc -fmodule-map-file\=/Users/aleks/Library/Developer/Xcode/DerivedData/PlanItApp-gkehojshtcbfvhersqwajfujohau/Build/Intermediates.noindex/GeneratedModuleMaps-iphonesimulator/abslWrapper.modulemap -Xcc -fmodule-map-file\=/Users/aleks/Library/Developer/Xcode/DerivedData/PlanItApp-gkehojshtcbfvhersqwajfujohau/Build/Intermediates.noindex/GeneratedModuleMaps-iphonesimulator/opensslWrapper.modulemap -Xcc -fmodule-map-file\=/Users/aleks/Library/Developer/Xcode/DerivedData/PlanItApp-gkehojshtcbfvhersqwajfujohau/Build/Intermediates.noindex/GeneratedModuleMaps-iphonesimulator/grpcWrapper.modulemap -Xcc -fmodule-map-file\=/Users/aleks/Library/Developer/Xcode/DerivedData/PlanItApp-gkehojshtcbfvhersqwajfujohau/Build/Intermediates.noindex/GeneratedModuleMaps-iphonesimulator/grpcppWrapper.modulemap -Xcc -fmodule-map-file\=/Users/aleks/Library/Developer/Xcode/DerivedData/PlanItApp-gkehojshtcbfvhersqwajfujohau/Build/Intermediates.noindex/GeneratedModuleMaps-iphonesimulator/nanopb.modulemap -Xcc -fmodule-map-file\=/Users/aleks/Library/Developer/Xcode/DerivedData/PlanItApp-gkehojshtcbfvhersqwajfujohau/Build/Intermediates.noindex/GeneratedModuleMaps-iphonesimulator/leveldb.modulemap -Xcc -fmodule-map-file\=/Users/aleks/Library/Developer/Xcode/DerivedData/PlanItApp-gkehojshtcbfvhersqwajfujohau/Build/Intermediates.noindex/GeneratedModuleMaps-iphonesimulator/FirebaseCoreExtension.modulemap -Xcc -fmodule-map-file\=/Users/aleks/Library/Developer/Xcode/DerivedData/PlanItApp-gkehojshtcbfvhersqwajfujohau/Build/Intermediates.noindex/GeneratedModuleMaps-iphonesimulator/FirebaseCore.modulemap -Xcc -fmodule-map-file\=/Users/aleks/Library/Developer/Xcode/DerivedData/PlanItApp-gkehojshtcbfvhersqwajfujohau/Build/Intermediates.noindex/GeneratedModuleMaps-iphonesimulator/FirebaseAppCheckInterop.modulemap -Xcc -fmodule-map-file\=/Users/aleks/Library/Developer/Xcode/DerivedData/PlanItApp-gkehojshtcbfvhersqwajfujohau/Build/Intermediates.noindex/GeneratedModuleMaps-iphonesimulator/FirebaseFirestoreInternalWrapper.modulemap -DXcode -plugin-path /Applications/Xcode.app/Contents/Developer/Toolchains/XcodeDefault.xctoolchain/usr/lib/swift/host/plugins/testing -enable-experimental-feature DebugDescriptionMacro -sdk /Applications/Xcode.app/Contents/Developer/Platforms/iPhoneSimulator.platform/Developer/SDKs/iPhoneSimulator18.5.sdk -target arm64-apple-ios12.0-simulator -g -module-cache-path /Users/aleks/Library/Developer/Xcode/DerivedData/ModuleCache.noindex -Xfrontend -serialize-debugging-options -profile-coverage-mapping -profile-generate -enable-testing -suppress-warnings -index-store-path /Users/aleks/Library/Developer/Xcode/DerivedData/PlanItApp-gkehojshtcbfvhersqwajfujohau/Index.noindex/DataStore -swift-version 5 -I /Users/aleks/Library/Developer/Xcode/DerivedData/PlanItApp-gkehojshtcbfvhersqwajfujohau/Build/Products/Debug-iphonesimulator -I /Applications/Xcode.app/Contents/Developer/Platforms/iPhoneSimulator.platform/Developer/usr/lib -F /Users/aleks/Library/Developer/Xcode/DerivedData/PlanItApp-gkehojshtcbfvhersqwajfujohau/Build/Products/Debug-iphonesimulator/PackageFrameworks -F /Users/aleks/Library/Developer/Xcode/DerivedData/PlanItApp-gkehojshtcbfvhersqwajfujohau/Build/Products/Debug-iphonesimulator/PackageFrameworks -F /Users/aleks/Library/Developer/Xcode/DerivedData/PlanItApp-gkehojshtcbfvhersqwajfujohau/Build/Products/Debug-iphonesimulator/PackageFrameworks -F /Users/aleks/Library/Developer/Xcode/DerivedData/PlanItApp-gkehojshtcbfvhersqwajfujohau/Build/Products/Debug-iphonesimulator/PackageFrameworks -F /Users/aleks/Library/Developer/Xcode/DerivedData/PlanItApp-gkehojshtcbfvhersqwajfujohau/Build/Products/Debug-iphonesimulator/PackageFrameworks -F /Users/aleks/Library/Developer/Xcode/DerivedData/PlanItApp-gkehojshtcbfvhersqwajfujohau/Build/Products/Debug-iphonesimulator/PackageFrameworks -F /Users/aleks/Library/Developer/Xcode/DerivedData/PlanItApp-gkehojshtcbfvhersqwajfujohau/Build/Products/Debug-iphonesimulator/PackageFrameworks -F /Users/aleks/Library/Developer/Xcode/DerivedData/PlanItApp-gkehojshtcbfvhersqwajfujohau/Build/Products/Debug-iphonesimulator/PackageFrameworks -F /Users/aleks/Library/Developer/Xcode/DerivedData/PlanItApp-gkehojshtcbfvhersqwajfujohau/Build/Products/Debug-iphonesimulator/PackageFrameworks -F /Users/aleks/Library/Developer/Xcode/DerivedData/PlanItApp-gkehojshtcbfvhersqwajfujohau/Build/Products/Debug-iphonesimulator/PackageFrameworks -F /Users/aleks/Library/Developer/Xcode/DerivedData/PlanItApp-gkehojshtcbfvhersqwajfujohau/Build/Products/Debug-iphonesimulator/PackageFrameworks -F /Users/aleks/Library/Developer/Xcode/DerivedData/PlanItApp-gkehojshtcbfvhersqwajfujohau/Build/Products/Debug-iphonesimulator/PackageFrameworks -F /Users/aleks/Library/Developer/Xcode/DerivedData/PlanItApp-gkehojshtcbfvhersqwajfujohau/Build/Products/Debug-iphonesimulator/PackageFrameworks -F /Users/aleks/Library/Developer/Xcode/DerivedData/PlanItApp-gkehojshtcbfvhersqwajfujohau/Build/Products/Debug-iphonesimulator/PackageFrameworks -F /Users/aleks/Library/Developer/Xcode/DerivedData/PlanItApp-gkehojshtcbfvhersqwajfujohau/Build/Products/Debug-iphonesimulator/PackageFrameworks -F /Users/aleks/Library/Developer/Xcode/DerivedData/PlanItApp-gkehojshtcbfvhersqwajfujohau/Build/Products/Debug-iphonesimulator/PackageFrameworks -F /Users/aleks/Library/Developer/Xcode/DerivedData/PlanItApp-gkehojshtcbfvhersqwajfujohau/Build/Products/Debug-iphonesimulator/PackageFrameworks -F /Users/aleks/Library/Developer/Xcode/DerivedData/PlanItApp-gkehojshtcbfvhersqwajfujohau/Build/Products/Debug-iphonesimulator -F /Applications/Xcode.app/Contents/Developer/Platforms/iPhoneSimulator.platform/Developer/Library/Frameworks -F /Applications/Xcode.app/Contents/Developer/Platforms/iPhoneSimulator.platform/Developer/SDKs/iPhoneSimulator18.5.sdk/Developer/Library/Frameworks -c -j10 -enable-batch-mode -incremental -Xcc -ivfsstatcache -Xcc /Users/aleks/Library/Developer/Xcode/DerivedData/SDKStatCaches.noindex/iphonesimulator18.5-22F76-d5fc8ad4295d2ef488fb7d0f804ce0c4.sdkstatcache -output-file-map /Users/aleks/Library/Developer/Xcode/DerivedData/PlanItApp-gkehojshtcbfvhersqwajfujohau/Build/Intermediates.noindex/Firebase.build/Debug-iphonesimulator/FirebaseFirestore.build/Objects-normal/arm64/FirebaseFirestore-OutputFileMap.json -use-frontend-parseable-output -save-temps -no-color-diagnostics -serialize-diagnostics -emit-dependencies -emit-module -emit-module-path /Users/aleks/Library/Developer/Xcode/DerivedData/PlanItApp-gkehojshtcbfvhersqwajfujohau/Build/Intermediates.noindex/Firebase.build/Debug-iphonesimulator/FirebaseFirestore.build/Objects-normal/arm64/FirebaseFirestore.swiftmodule -validate-clang-modules-once -clang-build-session-file /Users/aleks/Library/Developer/Xcode/DerivedData/ModuleCache.noindex/Session.modulevalidation -package-name firebase_ios_sdk -Xcc -I/Users/aleks/Library/Developer/Xcode/DerivedData/PlanItApp-gkehojshtcbfvhersqwajfujohau/Build/Intermediates.noindex/Firebase.build/Debug-iphonesimulator/FirebaseFirestore.build/swift-overrides.hmap -emit-const-values -Xfrontend -const-gather-protocols-file -Xfrontend /Users/aleks/Library/Developer/Xcode/DerivedData/PlanItApp-gkehojshtcbfvhersqwajfujohau/Build/Intermediates.noindex/Firebase.build/Debug-iphonesimulator/FirebaseFirestore.build/Objects-normal/arm64/FirebaseFirestore_const_extract_protocols.json -Xcc -I/Users/aleks/Library/Developer/Xcode/DerivedData/PlanItApp-gkehojshtcbfvhersqwajfujohau/SourcePackages/checkouts/GoogleUtilities/GoogleUtilities/NSData+zlib/Public -Xcc -I/Users/aleks/Library/Developer/Xcode/DerivedData/PlanItApp-gkehojshtcbfvhersqwajfujohau/SourcePackages/checkouts/GoogleUtilities/GoogleUtilities/Environment/Public -Xcc -I/Users/aleks/Library/Developer/Xcode/DerivedData/PlanItApp-gkehojshtcbfvhersqwajfujohau/SourcePackages/checkouts/GoogleUtilities/third_party/IsAppEncrypted/Public -Xcc -I/Users/aleks/Library/Developer/Xcode/DerivedData/PlanItApp-gkehojshtcbfvhersqwajfujohau/SourcePackages/checkouts/GoogleUtilities/GoogleUtilities/Logger/Public -Xcc -I/Users/aleks/Library/Developer/Xcode/DerivedData/PlanItApp-gkehojshtcbfvhersqwajfujohau/SourcePackages/checkouts/abseil-cpp-binary/absl-Wrapper/include -Xcc -I/Users/aleks/Library/Developer/Xcode/DerivedData/PlanItApp-gkehojshtcbfvhersqwajfujohau/SourcePackages/checkouts/grpc-binary/openssl-grpc-Wrapper/include -Xcc -I/Users/aleks/Library/Developer/Xcode/DerivedData/PlanItApp-gkehojshtcbfvhersqwajfujohau/SourcePackages/checkouts/grpc-binary/grpc-Wrapper/include -Xcc -I/Users/aleks/Library/Developer/Xcode/DerivedData/PlanItApp-gkehojshtcbfvhersqwajfujohau/SourcePackages/checkouts/grpc-binary/grpcpp-Wrapper/include -Xcc -I/Users/aleks/Library/Developer/Xcode/DerivedData/PlanItApp-gkehojshtcbfvhersqwajfujohau/SourcePackages/checkouts/nanopb/spm_headers -Xcc -I/Users/aleks/Library/Developer/Xcode/DerivedData/PlanItApp-gkehojshtcbfvhersqwajfujohau/SourcePackages/checkouts/leveldb/include -Xcc -I/Users/aleks/Library/Developer/Xcode/DerivedData/PlanItApp-gkehojshtcbfvhersqwajfujohau/SourcePackages/checkouts/firebase-ios-sdk/FirebaseCore/Extension -Xcc -I/Users/aleks/Library/Developer/Xcode/DerivedData/PlanItApp-gkehojshtcbfvhersqwajfujohau/SourcePackages/checkouts/firebase-ios-sdk/FirebaseCore/Sources/Public -Xcc -I/Users/aleks/Library/Developer/Xcode/DerivedData/PlanItApp-gkehojshtcbfvhersqwajfujohau/SourcePackages/checkouts/firebase-ios-sdk/CoreOnly/Sources -Xcc -I/Users/aleks/Library/Developer/Xcode/DerivedData/PlanItApp-gkehojshtcbfvhersqwajfujohau/SourcePackages/checkouts/firebase-ios-sdk/FirebaseAppCheck/Interop/Public -Xcc -I/Users/aleks/Library/Developer/Xcode/DerivedData/PlanItApp-gkehojshtcbfvhersqwajfujohau/SourcePackages/checkouts/firebase-ios-sdk/FirebaseFirestoreInternal -Xcc -I/Users/aleks/Library/Developer/Xcode/DerivedData/PlanItApp-gkehojshtcbfvhersqwajfujohau/Build/Products/Debug-iphonesimulator/include -Xcc -I/Users/aleks/Library/Developer/Xcode/DerivedData/PlanItApp-gkehojshtcbfvhersqwajfujohau/Build/Intermediates.noindex/Firebase.build/Debug-iphonesimulator/FirebaseFirestore.build/DerivedSources-normal/arm64 -Xcc -I/Users/aleks/Library/Developer/Xcode/DerivedData/PlanItApp-gkehojshtcbfvhersqwajfujohau/Build/Intermediates.noindex/Firebase.build/Debug-iphonesimulator/FirebaseFirestore.build/DerivedSources/arm64 -Xcc -I/Users/aleks/Library/Developer/Xcode/DerivedData/PlanItApp-gkehojshtcbfvhersqwajfujohau/Build/Intermediates.noindex/Firebase.build/Debug-iphonesimulator/FirebaseFirestore.build/DerivedSources -Xcc -DSWIFT_PACKAGE -Xcc -DDEBUG\=1 -emit-objc-header -emit-objc-header-path /Users/aleks/Library/Developer/Xcode/DerivedData/PlanItApp-gkehojshtcbfvhersqwajfujohau/Build/Intermediates.noindex/Firebase.build/Debug-iphonesimulator/FirebaseFirestore.build/Objects-normal/arm64/FirebaseFirestore-Swift.h -working-directory /Users/aleks/Desktop/PlanItApp/PlanItApp.xcodeproj -experimental-emit-module-separately -disable-cmo

Ld /Users/aleks/Library/Developer/Xcode/DerivedData/PlanItApp-gkehojshtcbfvhersqwajfujohau/Build/Products/Debug-iphonesimulator/GTMAppAuth.o normal (in target 'GTMAppAuth' from project 'GTMAppAuth')
    cd /Users/aleks/Library/Developer/Xcode/DerivedData/PlanItApp-gkehojshtcbfvhersqwajfujohau/SourcePackages/checkouts/GTMAppAuth
    /Applications/Xcode.app/Contents/Developer/Toolchains/XcodeDefault.xctoolchain/usr/bin/clang -Xlinker -reproducible -target arm64-apple-ios12.0-simulator -r -isysroot /Applications/Xcode.app/Contents/Developer/Platforms/iPhoneSimulator.platform/Developer/SDKs/iPhoneSimulator18.5.sdk -O0 -w -L/Users/aleks/Library/Developer/Xcode/DerivedData/PlanItApp-gkehojshtcbfvhersqwajfujohau/Build/Intermediates.noindex/EagerLinkingTBDs/Debug-iphonesimulator -L/Users/aleks/Library/Developer/Xcode/DerivedData/PlanItApp-gkehojshtcbfvhersqwajfujohau/Build/Products/Debug-iphonesimulator -L/Applications/Xcode.app/Contents/Developer/Platforms/iPhoneSimulator.platform/Developer/usr/lib -F/Users/aleks/Library/Developer/Xcode/DerivedData/PlanItApp-gkehojshtcbfvhersqwajfujohau/Build/Intermediates.noindex/EagerLinkingTBDs/Debug-iphonesimulator -F/Users/aleks/Library/Developer/Xcode/DerivedData/PlanItApp-gkehojshtcbfvhersqwajfujohau/Build/Products/Debug-iphonesimulator/PackageFrameworks -F/Users/aleks/Library/Developer/Xcode/DerivedData/PlanItApp-gkehojshtcbfvhersqwajfujohau/Build/Products/Debug-iphonesimulator/PackageFrameworks -F/Users/aleks/Library/Developer/Xcode/DerivedData/PlanItApp-gkehojshtcbfvhersqwajfujohau/Build/Products/Debug-iphonesimulator -iframework /Applications/Xcode.app/Contents/Developer/Platforms/iPhoneSimulator.platform/Developer/Library/Frameworks -iframework /Applications/Xcode.app/Contents/Developer/Platforms/iPhoneSimulator.platform/Developer/SDKs/iPhoneSimulator18.5.sdk/Developer/Library/Frameworks -filelist /Users/aleks/Library/Developer/Xcode/DerivedData/PlanItApp-gkehojshtcbfvhersqwajfujohau/Build/Intermediates.noindex/GTMAppAuth.build/Debug-iphonesimulator/GTMAppAuth.build/Objects-normal/arm64/GTMAppAuth.LinkFileList -nostdlib -Xlinker -object_path_lto -Xlinker /Users/aleks/Library/Developer/Xcode/DerivedData/PlanItApp-gkehojshtcbfvhersqwajfujohau/Build/Intermediates.noindex/GTMAppAuth.build/Debug-iphonesimulator/GTMAppAuth.build/Objects-normal/arm64/GTMAppAuth_lto.o -rdynamic -Xlinker -no_deduplicate -Xlinker -objc_abi_version -Xlinker 2 -Xlinker -debug_variant -Xlinker -dependency_info -Xlinker /Users/aleks/Library/Developer/Xcode/DerivedData/PlanItApp-gkehojshtcbfvhersqwajfujohau/Build/Intermediates.noindex/GTMAppAuth.build/Debug-iphonesimulator/GTMAppAuth.build/Objects-normal/arm64/GTMAppAuth_dependency_info.dat -fobjc-link-runtime -L/Applications/Xcode.app/Contents/Developer/Toolchains/XcodeDefault.xctoolchain/usr/lib/swift/iphonesimulator -L/usr/lib/swift -Xlinker -add_ast_path -Xlinker /Users/aleks/Library/Developer/Xcode/DerivedData/PlanItApp-gkehojshtcbfvhersqwajfujohau/Build/Intermediates.noindex/GTMAppAuth.build/Debug-iphonesimulator/GTMAppAuth.build/Objects-normal/arm64/GTMAppAuth.swiftmodule -o /Users/aleks/Library/Developer/Xcode/DerivedData/PlanItApp-gkehojshtcbfvhersqwajfujohau/Build/Products/Debug-iphonesimulator/GTMAppAuth.o

PrecompileModule /Users/aleks/Library/Developer/Xcode/DerivedData/PlanItApp-gkehojshtcbfvhersqwajfujohau/Build/Intermediates.noindex/ExplicitPrecompiledModules/UIKit-6B93H7KJ9VI52GR4WJBTAJF16.scan
    cd /Users/aleks/Desktop/PlanItApp/PlanItApp.xcodeproj
    builtin-precompileModule /Users/aleks/Library/Developer/Xcode/DerivedData/PlanItApp-gkehojshtcbfvhersqwajfujohau/Build/Intermediates.noindex/ExplicitPrecompiledModules/UIKit-6B93H7KJ9VI52GR4WJBTAJF16.scan

RegisterExecutionPolicyException /Users/aleks/Library/Developer/Xcode/DerivedData/PlanItApp-gkehojshtcbfvhersqwajfujohau/Build/Products/Debug-iphonesimulator/grpcppWrapper.o (in target 'grpcppWrapper' from project 'gRPC')
    cd /Users/aleks/Library/Developer/Xcode/DerivedData/PlanItApp-gkehojshtcbfvhersqwajfujohau/SourcePackages/checkouts/grpc-binary
    builtin-RegisterExecutionPolicyException /Users/aleks/Library/Developer/Xcode/DerivedData/PlanItApp-gkehojshtcbfvhersqwajfujohau/Build/Products/Debug-iphonesimulator/grpcppWrapper.o

RegisterExecutionPolicyException /Users/aleks/Library/Developer/Xcode/DerivedData/PlanItApp-gkehojshtcbfvhersqwajfujohau/Build/Products/Debug-iphonesimulator/GoogleUtilities-Logger.o (in target 'GoogleUtilities-Logger' from project 'GoogleUtilities')
    cd /Users/aleks/Library/Developer/Xcode/DerivedData/PlanItApp-gkehojshtcbfvhersqwajfujohau/SourcePackages/checkouts/GoogleUtilities
    builtin-RegisterExecutionPolicyException /Users/aleks/Library/Developer/Xcode/DerivedData/PlanItApp-gkehojshtcbfvhersqwajfujohau/Build/Products/Debug-iphonesimulator/GoogleUtilities-Logger.o

ExtractAppIntentsMetadata (in target 'FirebaseCoreInternal' from project 'Firebase')
    cd /Users/aleks/Library/Developer/Xcode/DerivedData/PlanItApp-gkehojshtcbfvhersqwajfujohau/SourcePackages/checkouts/firebase-ios-sdk
    /Applications/Xcode.app/Contents/Developer/Toolchains/XcodeDefault.xctoolchain/usr/bin/appintentsmetadataprocessor --toolchain-dir /Applications/Xcode.app/Contents/Developer/Toolchains/XcodeDefault.xctoolchain --module-name FirebaseCoreInternal --sdk-root /Applications/Xcode.app/Contents/Developer/Platforms/iPhoneSimulator.platform/Developer/SDKs/iPhoneSimulator18.5.sdk --xcode-version 16F6 --platform-family iOS --deployment-target 12.0 --bundle-identifier firebase-ios-sdk.FirebaseCoreInternal --output /Users/aleks/Library/Developer/Xcode/DerivedData/PlanItApp-gkehojshtcbfvhersqwajfujohau/Build/Products/Debug-iphonesimulator/FirebaseCoreInternal.appintents --target-triple arm64-apple-ios12.0-simulator --binary-file /Users/aleks/Library/Developer/Xcode/DerivedData/PlanItApp-gkehojshtcbfvhersqwajfujohau/Build/Products/Debug-iphonesimulator/FirebaseCoreInternal.o --dependency-file /Users/aleks/Library/Developer/Xcode/DerivedData/PlanItApp-gkehojshtcbfvhersqwajfujohau/Build/Intermediates.noindex/Firebase.build/Debug-iphonesimulator/FirebaseCoreInternal.build/Objects-normal/arm64/FirebaseCoreInternal_dependency_info.dat --stringsdata-file /Users/aleks/Library/Developer/Xcode/DerivedData/PlanItApp-gkehojshtcbfvhersqwajfujohau/Build/Intermediates.noindex/Firebase.build/Debug-iphonesimulator/FirebaseCoreInternal.build/Objects-normal/arm64/ExtractedAppShortcutsMetadata.stringsdata --source-file-list /Users/aleks/Library/Developer/Xcode/DerivedData/PlanItApp-gkehojshtcbfvhersqwajfujohau/Build/Intermediates.noindex/Firebase.build/Debug-iphonesimulator/FirebaseCoreInternal.build/Objects-normal/arm64/FirebaseCoreInternal.SwiftFileList --metadata-file-list /Users/aleks/Library/Developer/Xcode/DerivedData/PlanItApp-gkehojshtcbfvhersqwajfujohau/Build/Intermediates.noindex/Firebase.build/Debug-iphonesimulator/FirebaseCoreInternal.build/FirebaseCoreInternal.DependencyMetadataFileList --static-metadata-file-list /Users/aleks/Library/Developer/Xcode/DerivedData/PlanItApp-gkehojshtcbfvhersqwajfujohau/Build/Intermediates.noindex/Firebase.build/Debug-iphonesimulator/FirebaseCoreInternal.build/FirebaseCoreInternal.DependencyStaticMetadataFileList --swift-const-vals-list /Users/aleks/Library/Developer/Xcode/DerivedData/PlanItApp-gkehojshtcbfvhersqwajfujohau/Build/Intermediates.noindex/Firebase.build/Debug-iphonesimulator/FirebaseCoreInternal.build/Objects-normal/arm64/FirebaseCoreInternal.SwiftConstValuesFileList --force --compile-time-extraction --deployment-aware-processing --validate-assistant-intents --no-app-shortcuts-localization
2025-06-27 19:17:30.047 appintentsmetadataprocessor[92145:2768260] Starting appintentsmetadataprocessor export
2025-06-27 19:17:30.101 appintentsmetadataprocessor[92145:2768260] Extracted no relevant App Intents symbols, skipping writing output

Ld /Users/aleks/Library/Developer/Xcode/DerivedData/PlanItApp-gkehojshtcbfvhersqwajfujohau/Build/Products/Debug-iphonesimulator/GoogleUtilities-Reachability.o normal (in target 'GoogleUtilities-Reachability' from project 'GoogleUtilities')
    cd /Users/aleks/Library/Developer/Xcode/DerivedData/PlanItApp-gkehojshtcbfvhersqwajfujohau/SourcePackages/checkouts/GoogleUtilities
    /Applications/Xcode.app/Contents/Developer/Toolchains/XcodeDefault.xctoolchain/usr/bin/clang -Xlinker -reproducible -target arm64-apple-ios12.0-simulator -r -isysroot /Applications/Xcode.app/Contents/Developer/Platforms/iPhoneSimulator.platform/Developer/SDKs/iPhoneSimulator18.5.sdk -O0 -w -L/Users/aleks/Library/Developer/Xcode/DerivedData/PlanItApp-gkehojshtcbfvhersqwajfujohau/Build/Intermediates.noindex/EagerLinkingTBDs/Debug-iphonesimulator -L/Users/aleks/Library/Developer/Xcode/DerivedData/PlanItApp-gkehojshtcbfvhersqwajfujohau/Build/Products/Debug-iphonesimulator -L/Applications/Xcode.app/Contents/Developer/Platforms/iPhoneSimulator.platform/Developer/usr/lib -F/Users/aleks/Library/Developer/Xcode/DerivedData/PlanItApp-gkehojshtcbfvhersqwajfujohau/Build/Intermediates.noindex/EagerLinkingTBDs/Debug-iphonesimulator -F/Users/aleks/Library/Developer/Xcode/DerivedData/PlanItApp-gkehojshtcbfvhersqwajfujohau/Build/Products/Debug-iphonesimulator/PackageFrameworks -F/Users/aleks/Library/Developer/Xcode/DerivedData/PlanItApp-gkehojshtcbfvhersqwajfujohau/Build/Products/Debug-iphonesimulator/PackageFrameworks -F/Users/aleks/Library/Developer/Xcode/DerivedData/PlanItApp-gkehojshtcbfvhersqwajfujohau/Build/Products/Debug-iphonesimulator/PackageFrameworks -F/Users/aleks/Library/Developer/Xcode/DerivedData/PlanItApp-gkehojshtcbfvhersqwajfujohau/Build/Products/Debug-iphonesimulator -iframework /Applications/Xcode.app/Contents/Developer/Platforms/iPhoneSimulator.platform/Developer/Library/Frameworks -iframework /Applications/Xcode.app/Contents/Developer/Platforms/iPhoneSimulator.platform/Developer/SDKs/iPhoneSimulator18.5.sdk/Developer/Library/Frameworks -filelist /Users/aleks/Library/Developer/Xcode/DerivedData/PlanItApp-gkehojshtcbfvhersqwajfujohau/Build/Intermediates.noindex/GoogleUtilities.build/Debug-iphonesimulator/GoogleUtilities-Reachability.build/Objects-normal/arm64/GoogleUtilities-Reachability.LinkFileList -nostdlib -Xlinker -object_path_lto -Xlinker /Users/aleks/Library/Developer/Xcode/DerivedData/PlanItApp-gkehojshtcbfvhersqwajfujohau/Build/Intermediates.noindex/GoogleUtilities.build/Debug-iphonesimulator/GoogleUtilities-Reachability.build/Objects-normal/arm64/GoogleUtilities-Reachability_lto.o -rdynamic -Xlinker -no_deduplicate -Xlinker -objc_abi_version -Xlinker 2 -Xlinker -debug_variant -Xlinker -dependency_info -Xlinker /Users/aleks/Library/Developer/Xcode/DerivedData/PlanItApp-gkehojshtcbfvhersqwajfujohau/Build/Intermediates.noindex/GoogleUtilities.build/Debug-iphonesimulator/GoogleUtilities-Reachability.build/Objects-normal/arm64/GoogleUtilities-Reachability_dependency_info.dat -fobjc-arc -fobjc-link-runtime -o /Users/aleks/Library/Developer/Xcode/DerivedData/PlanItApp-gkehojshtcbfvhersqwajfujohau/Build/Products/Debug-iphonesimulator/GoogleUtilities-Reachability.o

Ld /Users/aleks/Library/Developer/Xcode/DerivedData/PlanItApp-gkehojshtcbfvhersqwajfujohau/Build/Products/Debug-iphonesimulator/GoogleUtilities-UserDefaults.o normal (in target 'GoogleUtilities-UserDefaults' from project 'GoogleUtilities')
    cd /Users/aleks/Library/Developer/Xcode/DerivedData/PlanItApp-gkehojshtcbfvhersqwajfujohau/SourcePackages/checkouts/GoogleUtilities
    /Applications/Xcode.app/Contents/Developer/Toolchains/XcodeDefault.xctoolchain/usr/bin/clang -Xlinker -reproducible -target arm64-apple-ios12.0-simulator -r -isysroot /Applications/Xcode.app/Contents/Developer/Platforms/iPhoneSimulator.platform/Developer/SDKs/iPhoneSimulator18.5.sdk -O0 -w -L/Users/aleks/Library/Developer/Xcode/DerivedData/PlanItApp-gkehojshtcbfvhersqwajfujohau/Build/Intermediates.noindex/EagerLinkingTBDs/Debug-iphonesimulator -L/Users/aleks/Library/Developer/Xcode/DerivedData/PlanItApp-gkehojshtcbfvhersqwajfujohau/Build/Products/Debug-iphonesimulator -L/Applications/Xcode.app/Contents/Developer/Platforms/iPhoneSimulator.platform/Developer/usr/lib -F/Users/aleks/Library/Developer/Xcode/DerivedData/PlanItApp-gkehojshtcbfvhersqwajfujohau/Build/Intermediates.noindex/EagerLinkingTBDs/Debug-iphonesimulator -F/Users/aleks/Library/Developer/Xcode/DerivedData/PlanItApp-gkehojshtcbfvhersqwajfujohau/Build/Products/Debug-iphonesimulator/PackageFrameworks -F/Users/aleks/Library/Developer/Xcode/DerivedData/PlanItApp-gkehojshtcbfvhersqwajfujohau/Build/Products/Debug-iphonesimulator/PackageFrameworks -F/Users/aleks/Library/Developer/Xcode/DerivedData/PlanItApp-gkehojshtcbfvhersqwajfujohau/Build/Products/Debug-iphonesimulator/PackageFrameworks -F/Users/aleks/Library/Developer/Xcode/DerivedData/PlanItApp-gkehojshtcbfvhersqwajfujohau/Build/Products/Debug-iphonesimulator -iframework /Applications/Xcode.app/Contents/Developer/Platforms/iPhoneSimulator.platform/Developer/Library/Frameworks -iframework /Applications/Xcode.app/Contents/Developer/Platforms/iPhoneSimulator.platform/Developer/SDKs/iPhoneSimulator18.5.sdk/Developer/Library/Frameworks -filelist /Users/aleks/Library/Developer/Xcode/DerivedData/PlanItApp-gkehojshtcbfvhersqwajfujohau/Build/Intermediates.noindex/GoogleUtilities.build/Debug-iphonesimulator/GoogleUtilities-UserDefaults.build/Objects-normal/arm64/GoogleUtilities-UserDefaults.LinkFileList -nostdlib -Xlinker -object_path_lto -Xlinker /Users/aleks/Library/Developer/Xcode/DerivedData/PlanItApp-gkehojshtcbfvhersqwajfujohau/Build/Intermediates.noindex/GoogleUtilities.build/Debug-iphonesimulator/GoogleUtilities-UserDefaults.build/Objects-normal/arm64/GoogleUtilities-UserDefaults_lto.o -rdynamic -Xlinker -no_deduplicate -Xlinker -objc_abi_version -Xlinker 2 -Xlinker -debug_variant -Xlinker -dependency_info -Xlinker /Users/aleks/Library/Developer/Xcode/DerivedData/PlanItApp-gkehojshtcbfvhersqwajfujohau/Build/Intermediates.noindex/GoogleUtilities.build/Debug-iphonesimulator/GoogleUtilities-UserDefaults.build/Objects-normal/arm64/GoogleUtilities-UserDefaults_dependency_info.dat -fobjc-arc -fobjc-link-runtime -o /Users/aleks/Library/Developer/Xcode/DerivedData/PlanItApp-gkehojshtcbfvhersqwajfujohau/Build/Products/Debug-iphonesimulator/GoogleUtilities-UserDefaults.o

RegisterExecutionPolicyException /Users/aleks/Library/Developer/Xcode/DerivedData/PlanItApp-gkehojshtcbfvhersqwajfujohau/Build/Products/Debug-iphonesimulator/AppAuth.o (in target 'AppAuth' from project 'AppAuth')
    cd /Users/aleks/Library/Developer/Xcode/DerivedData/PlanItApp-gkehojshtcbfvhersqwajfujohau/SourcePackages/checkouts/AppAuth-iOS
    builtin-RegisterExecutionPolicyException /Users/aleks/Library/Developer/Xcode/DerivedData/PlanItApp-gkehojshtcbfvhersqwajfujohau/Build/Products/Debug-iphonesimulator/AppAuth.o

ExtractAppIntentsMetadata (in target 'GTMAppAuth' from project 'GTMAppAuth')
    cd /Users/aleks/Library/Developer/Xcode/DerivedData/PlanItApp-gkehojshtcbfvhersqwajfujohau/SourcePackages/checkouts/GTMAppAuth
    /Applications/Xcode.app/Contents/Developer/Toolchains/XcodeDefault.xctoolchain/usr/bin/appintentsmetadataprocessor --toolchain-dir /Applications/Xcode.app/Contents/Developer/Toolchains/XcodeDefault.xctoolchain --module-name GTMAppAuth --sdk-root /Applications/Xcode.app/Contents/Developer/Platforms/iPhoneSimulator.platform/Developer/SDKs/iPhoneSimulator18.5.sdk --xcode-version 16F6 --platform-family iOS --deployment-target 12.0 --bundle-identifier gtmappauth.GTMAppAuth --output /Users/aleks/Library/Developer/Xcode/DerivedData/PlanItApp-gkehojshtcbfvhersqwajfujohau/Build/Products/Debug-iphonesimulator/GTMAppAuth.appintents --target-triple arm64-apple-ios12.0-simulator --binary-file /Users/aleks/Library/Developer/Xcode/DerivedData/PlanItApp-gkehojshtcbfvhersqwajfujohau/Build/Products/Debug-iphonesimulator/GTMAppAuth.o --dependency-file /Users/aleks/Library/Developer/Xcode/DerivedData/PlanItApp-gkehojshtcbfvhersqwajfujohau/Build/Intermediates.noindex/GTMAppAuth.build/Debug-iphonesimulator/GTMAppAuth.build/Objects-normal/arm64/GTMAppAuth_dependency_info.dat --stringsdata-file /Users/aleks/Library/Developer/Xcode/DerivedData/PlanItApp-gkehojshtcbfvhersqwajfujohau/Build/Intermediates.noindex/GTMAppAuth.build/Debug-iphonesimulator/GTMAppAuth.build/Objects-normal/arm64/ExtractedAppShortcutsMetadata.stringsdata --source-file-list /Users/aleks/Library/Developer/Xcode/DerivedData/PlanItApp-gkehojshtcbfvhersqwajfujohau/Build/Intermediates.noindex/GTMAppAuth.build/Debug-iphonesimulator/GTMAppAuth.build/Objects-normal/arm64/GTMAppAuth.SwiftFileList --metadata-file-list /Users/aleks/Library/Developer/Xcode/DerivedData/PlanItApp-gkehojshtcbfvhersqwajfujohau/Build/Intermediates.noindex/GTMAppAuth.build/Debug-iphonesimulator/GTMAppAuth.build/GTMAppAuth.DependencyMetadataFileList --static-metadata-file-list /Users/aleks/Library/Developer/Xcode/DerivedData/PlanItApp-gkehojshtcbfvhersqwajfujohau/Build/Intermediates.noindex/GTMAppAuth.build/Debug-iphonesimulator/GTMAppAuth.build/GTMAppAuth.DependencyStaticMetadataFileList --swift-const-vals-list /Users/aleks/Library/Developer/Xcode/DerivedData/PlanItApp-gkehojshtcbfvhersqwajfujohau/Build/Intermediates.noindex/GTMAppAuth.build/Debug-iphonesimulator/GTMAppAuth.build/Objects-normal/arm64/GTMAppAuth.SwiftConstValuesFileList --force --compile-time-extraction --deployment-aware-processing --validate-assistant-intents --no-app-shortcuts-localization
2025-06-27 19:17:30.075 appintentsmetadataprocessor[92150:2768297] Starting appintentsmetadataprocessor export
2025-06-27 19:17:30.124 appintentsmetadataprocessor[92150:2768297] Extracted no relevant App Intents symbols, skipping writing output

RegisterExecutionPolicyException /Users/aleks/Library/Developer/Xcode/DerivedData/PlanItApp-gkehojshtcbfvhersqwajfujohau/Build/Products/Debug-iphonesimulator/GoogleUtilities-UserDefaults.o (in target 'GoogleUtilities-UserDefaults' from project 'GoogleUtilities')
    cd /Users/aleks/Library/Developer/Xcode/DerivedData/PlanItApp-gkehojshtcbfvhersqwajfujohau/SourcePackages/checkouts/GoogleUtilities
    builtin-RegisterExecutionPolicyException /Users/aleks/Library/Developer/Xcode/DerivedData/PlanItApp-gkehojshtcbfvhersqwajfujohau/Build/Products/Debug-iphonesimulator/GoogleUtilities-UserDefaults.o

RegisterExecutionPolicyException /Users/aleks/Library/Developer/Xcode/DerivedData/PlanItApp-gkehojshtcbfvhersqwajfujohau/Build/Products/Debug-iphonesimulator/GoogleUtilities-Reachability.o (in target 'GoogleUtilities-Reachability' from project 'GoogleUtilities')
    cd /Users/aleks/Library/Developer/Xcode/DerivedData/PlanItApp-gkehojshtcbfvhersqwajfujohau/SourcePackages/checkouts/GoogleUtilities
    builtin-RegisterExecutionPolicyException /Users/aleks/Library/Developer/Xcode/DerivedData/PlanItApp-gkehojshtcbfvhersqwajfujohau/Build/Products/Debug-iphonesimulator/GoogleUtilities-Reachability.o

Ld /Users/aleks/Library/Developer/Xcode/DerivedData/PlanItApp-gkehojshtcbfvhersqwajfujohau/Build/Products/Debug-iphonesimulator/AppCheckCore.o normal (in target 'AppCheckCore' from project 'AppCheck')
    cd /Users/aleks/Library/Developer/Xcode/DerivedData/PlanItApp-gkehojshtcbfvhersqwajfujohau/SourcePackages/checkouts/app-check
    /Applications/Xcode.app/Contents/Developer/Toolchains/XcodeDefault.xctoolchain/usr/bin/clang -Xlinker -reproducible -target arm64-apple-ios12.0-simulator -r -isysroot /Applications/Xcode.app/Contents/Developer/Platforms/iPhoneSimulator.platform/Developer/SDKs/iPhoneSimulator18.5.sdk -O0 -w -L/Users/aleks/Library/Developer/Xcode/DerivedData/PlanItApp-gkehojshtcbfvhersqwajfujohau/Build/Intermediates.noindex/EagerLinkingTBDs/Debug-iphonesimulator -L/Users/aleks/Library/Developer/Xcode/DerivedData/PlanItApp-gkehojshtcbfvhersqwajfujohau/Build/Products/Debug-iphonesimulator -L/Applications/Xcode.app/Contents/Developer/Platforms/iPhoneSimulator.platform/Developer/usr/lib -F/Users/aleks/Library/Developer/Xcode/DerivedData/PlanItApp-gkehojshtcbfvhersqwajfujohau/Build/Intermediates.noindex/EagerLinkingTBDs/Debug-iphonesimulator -F/Users/aleks/Library/Developer/Xcode/DerivedData/PlanItApp-gkehojshtcbfvhersqwajfujohau/Build/Products/Debug-iphonesimulator/PackageFrameworks -F/Users/aleks/Library/Developer/Xcode/DerivedData/PlanItApp-gkehojshtcbfvhersqwajfujohau/Build/Products/Debug-iphonesimulator/PackageFrameworks -F/Users/aleks/Library/Developer/Xcode/DerivedData/PlanItApp-gkehojshtcbfvhersqwajfujohau/Build/Products/Debug-iphonesimulator/PackageFrameworks -F/Users/aleks/Library/Developer/Xcode/DerivedData/PlanItApp-gkehojshtcbfvhersqwajfujohau/Build/Products/Debug-iphonesimulator/PackageFrameworks -F/Users/aleks/Library/Developer/Xcode/DerivedData/PlanItApp-gkehojshtcbfvhersqwajfujohau/Build/Products/Debug-iphonesimulator/PackageFrameworks -F/Users/aleks/Library/Developer/Xcode/DerivedData/PlanItApp-gkehojshtcbfvhersqwajfujohau/Build/Products/Debug-iphonesimulator -iframework /Applications/Xcode.app/Contents/Developer/Platforms/iPhoneSimulator.platform/Developer/Library/Frameworks -iframework /Applications/Xcode.app/Contents/Developer/Platforms/iPhoneSimulator.platform/Developer/SDKs/iPhoneSimulator18.5.sdk/Developer/Library/Frameworks -filelist /Users/aleks/Library/Developer/Xcode/DerivedData/PlanItApp-gkehojshtcbfvhersqwajfujohau/Build/Intermediates.noindex/AppCheck.build/Debug-iphonesimulator/AppCheckCore.build/Objects-normal/arm64/AppCheckCore.LinkFileList -nostdlib -Xlinker -object_path_lto -Xlinker /Users/aleks/Library/Developer/Xcode/DerivedData/PlanItApp-gkehojshtcbfvhersqwajfujohau/Build/Intermediates.noindex/AppCheck.build/Debug-iphonesimulator/AppCheckCore.build/Objects-normal/arm64/AppCheckCore_lto.o -rdynamic -Xlinker -no_deduplicate -Xlinker -objc_abi_version -Xlinker 2 -Xlinker -debug_variant -Xlinker -dependency_info -Xlinker /Users/aleks/Library/Developer/Xcode/DerivedData/PlanItApp-gkehojshtcbfvhersqwajfujohau/Build/Intermediates.noindex/AppCheck.build/Debug-iphonesimulator/AppCheckCore.build/Objects-normal/arm64/AppCheckCore_dependency_info.dat -fobjc-arc -fobjc-link-runtime -o /Users/aleks/Library/Developer/Xcode/DerivedData/PlanItApp-gkehojshtcbfvhersqwajfujohau/Build/Products/Debug-iphonesimulator/AppCheckCore.o

Ld /Users/aleks/Library/Developer/Xcode/DerivedData/PlanItApp-gkehojshtcbfvhersqwajfujohau/Build/Products/Debug-iphonesimulator/GoogleUtilities-Network.o normal (in target 'GoogleUtilities-Network' from project 'GoogleUtilities')
    cd /Users/aleks/Library/Developer/Xcode/DerivedData/PlanItApp-gkehojshtcbfvhersqwajfujohau/SourcePackages/checkouts/GoogleUtilities
    /Applications/Xcode.app/Contents/Developer/Toolchains/XcodeDefault.xctoolchain/usr/bin/clang -Xlinker -reproducible -target arm64-apple-ios12.0-simulator -r -isysroot /Applications/Xcode.app/Contents/Developer/Platforms/iPhoneSimulator.platform/Developer/SDKs/iPhoneSimulator18.5.sdk -O0 -w -L/Users/aleks/Library/Developer/Xcode/DerivedData/PlanItApp-gkehojshtcbfvhersqwajfujohau/Build/Intermediates.noindex/EagerLinkingTBDs/Debug-iphonesimulator -L/Users/aleks/Library/Developer/Xcode/DerivedData/PlanItApp-gkehojshtcbfvhersqwajfujohau/Build/Products/Debug-iphonesimulator -L/Applications/Xcode.app/Contents/Developer/Platforms/iPhoneSimulator.platform/Developer/usr/lib -F/Users/aleks/Library/Developer/Xcode/DerivedData/PlanItApp-gkehojshtcbfvhersqwajfujohau/Build/Intermediates.noindex/EagerLinkingTBDs/Debug-iphonesimulator -F/Users/aleks/Library/Developer/Xcode/DerivedData/PlanItApp-gkehojshtcbfvhersqwajfujohau/Build/Products/Debug-iphonesimulator/PackageFrameworks -F/Users/aleks/Library/Developer/Xcode/DerivedData/PlanItApp-gkehojshtcbfvhersqwajfujohau/Build/Products/Debug-iphonesimulator/PackageFrameworks -F/Users/aleks/Library/Developer/Xcode/DerivedData/PlanItApp-gkehojshtcbfvhersqwajfujohau/Build/Products/Debug-iphonesimulator/PackageFrameworks -F/Users/aleks/Library/Developer/Xcode/DerivedData/PlanItApp-gkehojshtcbfvhersqwajfujohau/Build/Products/Debug-iphonesimulator/PackageFrameworks -F/Users/aleks/Library/Developer/Xcode/DerivedData/PlanItApp-gkehojshtcbfvhersqwajfujohau/Build/Products/Debug-iphonesimulator/PackageFrameworks -F/Users/aleks/Library/Developer/Xcode/DerivedData/PlanItApp-gkehojshtcbfvhersqwajfujohau/Build/Products/Debug-iphonesimulator -iframework /Applications/Xcode.app/Contents/Developer/Platforms/iPhoneSimulator.platform/Developer/Library/Frameworks -iframework /Applications/Xcode.app/Contents/Developer/Platforms/iPhoneSimulator.platform/Developer/SDKs/iPhoneSimulator18.5.sdk/Developer/Library/Frameworks -filelist /Users/aleks/Library/Developer/Xcode/DerivedData/PlanItApp-gkehojshtcbfvhersqwajfujohau/Build/Intermediates.noindex/GoogleUtilities.build/Debug-iphonesimulator/GoogleUtilities-Network.build/Objects-normal/arm64/GoogleUtilities-Network.LinkFileList -nostdlib -Xlinker -object_path_lto -Xlinker /Users/aleks/Library/Developer/Xcode/DerivedData/PlanItApp-gkehojshtcbfvhersqwajfujohau/Build/Intermediates.noindex/GoogleUtilities.build/Debug-iphonesimulator/GoogleUtilities-Network.build/Objects-normal/arm64/GoogleUtilities-Network_lto.o -rdynamic -Xlinker -no_deduplicate -Xlinker -objc_abi_version -Xlinker 2 -Xlinker -debug_variant -Xlinker -dependency_info -Xlinker /Users/aleks/Library/Developer/Xcode/DerivedData/PlanItApp-gkehojshtcbfvhersqwajfujohau/Build/Intermediates.noindex/GoogleUtilities.build/Debug-iphonesimulator/GoogleUtilities-Network.build/Objects-normal/arm64/GoogleUtilities-Network_dependency_info.dat -fobjc-arc -fobjc-link-runtime -o /Users/aleks/Library/Developer/Xcode/DerivedData/PlanItApp-gkehojshtcbfvhersqwajfujohau/Build/Products/Debug-iphonesimulator/GoogleUtilities-Network.o

RegisterExecutionPolicyException /Users/aleks/Library/Developer/Xcode/DerivedData/PlanItApp-gkehojshtcbfvhersqwajfujohau/Build/Products/Debug-iphonesimulator/FirebaseCoreInternal.o (in target 'FirebaseCoreInternal' from project 'Firebase')
    cd /Users/aleks/Library/Developer/Xcode/DerivedData/PlanItApp-gkehojshtcbfvhersqwajfujohau/SourcePackages/checkouts/firebase-ios-sdk
    builtin-RegisterExecutionPolicyException /Users/aleks/Library/Developer/Xcode/DerivedData/PlanItApp-gkehojshtcbfvhersqwajfujohau/Build/Products/Debug-iphonesimulator/FirebaseCoreInternal.o

RegisterExecutionPolicyException /Users/aleks/Library/Developer/Xcode/DerivedData/PlanItApp-gkehojshtcbfvhersqwajfujohau/Build/Products/Debug-iphonesimulator/AppCheckCore.o (in target 'AppCheckCore' from project 'AppCheck')
    cd /Users/aleks/Library/Developer/Xcode/DerivedData/PlanItApp-gkehojshtcbfvhersqwajfujohau/SourcePackages/checkouts/app-check
    builtin-RegisterExecutionPolicyException /Users/aleks/Library/Developer/Xcode/DerivedData/PlanItApp-gkehojshtcbfvhersqwajfujohau/Build/Products/Debug-iphonesimulator/AppCheckCore.o

RegisterExecutionPolicyException /Users/aleks/Library/Developer/Xcode/DerivedData/PlanItApp-gkehojshtcbfvhersqwajfujohau/Build/Products/Debug-iphonesimulator/GoogleUtilities-Network.o (in target 'GoogleUtilities-Network' from project 'GoogleUtilities')
    cd /Users/aleks/Library/Developer/Xcode/DerivedData/PlanItApp-gkehojshtcbfvhersqwajfujohau/SourcePackages/checkouts/GoogleUtilities
    builtin-RegisterExecutionPolicyException /Users/aleks/Library/Developer/Xcode/DerivedData/PlanItApp-gkehojshtcbfvhersqwajfujohau/Build/Products/Debug-iphonesimulator/GoogleUtilities-Network.o

RegisterExecutionPolicyException /Users/aleks/Library/Developer/Xcode/DerivedData/PlanItApp-gkehojshtcbfvhersqwajfujohau/Build/Products/Debug-iphonesimulator/GTMAppAuth.o (in target 'GTMAppAuth' from project 'GTMAppAuth')
    cd /Users/aleks/Library/Developer/Xcode/DerivedData/PlanItApp-gkehojshtcbfvhersqwajfujohau/SourcePackages/checkouts/GTMAppAuth
    builtin-RegisterExecutionPolicyException /Users/aleks/Library/Developer/Xcode/DerivedData/PlanItApp-gkehojshtcbfvhersqwajfujohau/Build/Products/Debug-iphonesimulator/GTMAppAuth.o

Ld /Users/aleks/Library/Developer/Xcode/DerivedData/PlanItApp-gkehojshtcbfvhersqwajfujohau/Build/Products/Debug-iphonesimulator/GoogleUtilities-AppDelegateSwizzler.o normal (in target 'GoogleUtilities-AppDelegateSwizzler' from project 'GoogleUtilities')
    cd /Users/aleks/Library/Developer/Xcode/DerivedData/PlanItApp-gkehojshtcbfvhersqwajfujohau/SourcePackages/checkouts/GoogleUtilities
    /Applications/Xcode.app/Contents/Developer/Toolchains/XcodeDefault.xctoolchain/usr/bin/clang -Xlinker -reproducible -target arm64-apple-ios12.0-simulator -r -isysroot /Applications/Xcode.app/Contents/Developer/Platforms/iPhoneSimulator.platform/Developer/SDKs/iPhoneSimulator18.5.sdk -O0 -w -L/Users/aleks/Library/Developer/Xcode/DerivedData/PlanItApp-gkehojshtcbfvhersqwajfujohau/Build/Intermediates.noindex/EagerLinkingTBDs/Debug-iphonesimulator -L/Users/aleks/Library/Developer/Xcode/DerivedData/PlanItApp-gkehojshtcbfvhersqwajfujohau/Build/Products/Debug-iphonesimulator -L/Applications/Xcode.app/Contents/Developer/Platforms/iPhoneSimulator.platform/Developer/usr/lib -F/Users/aleks/Library/Developer/Xcode/DerivedData/PlanItApp-gkehojshtcbfvhersqwajfujohau/Build/Intermediates.noindex/EagerLinkingTBDs/Debug-iphonesimulator -F/Users/aleks/Library/Developer/Xcode/DerivedData/PlanItApp-gkehojshtcbfvhersqwajfujohau/Build/Products/Debug-iphonesimulator/PackageFrameworks -F/Users/aleks/Library/Developer/Xcode/DerivedData/PlanItApp-gkehojshtcbfvhersqwajfujohau/Build/Products/Debug-iphonesimulator/PackageFrameworks -F/Users/aleks/Library/Developer/Xcode/DerivedData/PlanItApp-gkehojshtcbfvhersqwajfujohau/Build/Products/Debug-iphonesimulator/PackageFrameworks -F/Users/aleks/Library/Developer/Xcode/DerivedData/PlanItApp-gkehojshtcbfvhersqwajfujohau/Build/Products/Debug-iphonesimulator/PackageFrameworks -F/Users/aleks/Library/Developer/Xcode/DerivedData/PlanItApp-gkehojshtcbfvhersqwajfujohau/Build/Products/Debug-iphonesimulator/PackageFrameworks -F/Users/aleks/Library/Developer/Xcode/DerivedData/PlanItApp-gkehojshtcbfvhersqwajfujohau/Build/Products/Debug-iphonesimulator/PackageFrameworks -F/Users/aleks/Library/Developer/Xcode/DerivedData/PlanItApp-gkehojshtcbfvhersqwajfujohau/Build/Products/Debug-iphonesimulator -iframework /Applications/Xcode.app/Contents/Developer/Platforms/iPhoneSimulator.platform/Developer/Library/Frameworks -iframework /Applications/Xcode.app/Contents/Developer/Platforms/iPhoneSimulator.platform/Developer/SDKs/iPhoneSimulator18.5.sdk/Developer/Library/Frameworks -filelist /Users/aleks/Library/Developer/Xcode/DerivedData/PlanItApp-gkehojshtcbfvhersqwajfujohau/Build/Intermediates.noindex/GoogleUtilities.build/Debug-iphonesimulator/GoogleUtilities-AppDelegateSwizzler.build/Objects-normal/arm64/GoogleUtilities-AppDelegateSwizzler.LinkFileList -nostdlib -Xlinker -object_path_lto -Xlinker /Users/aleks/Library/Developer/Xcode/DerivedData/PlanItApp-gkehojshtcbfvhersqwajfujohau/Build/Intermediates.noindex/GoogleUtilities.build/Debug-iphonesimulator/GoogleUtilities-AppDelegateSwizzler.build/Objects-normal/arm64/GoogleUtilities-AppDelegateSwizzler_lto.o -rdynamic -Xlinker -no_deduplicate -Xlinker -objc_abi_version -Xlinker 2 -Xlinker -debug_variant -Xlinker -dependency_info -Xlinker /Users/aleks/Library/Developer/Xcode/DerivedData/PlanItApp-gkehojshtcbfvhersqwajfujohau/Build/Intermediates.noindex/GoogleUtilities.build/Debug-iphonesimulator/GoogleUtilities-AppDelegateSwizzler.build/Objects-normal/arm64/GoogleUtilities-AppDelegateSwizzler_dependency_info.dat -fobjc-arc -fobjc-link-runtime -o /Users/aleks/Library/Developer/Xcode/DerivedData/PlanItApp-gkehojshtcbfvhersqwajfujohau/Build/Products/Debug-iphonesimulator/GoogleUtilities-AppDelegateSwizzler.o

CompileC /Users/aleks/Library/Developer/Xcode/DerivedData/PlanItApp-gkehojshtcbfvhersqwajfujohau/Build/Intermediates.noindex/GoogleSignIn.build/Debug-iphonesimulator/GoogleSignIn.build/Objects-normal/arm64/resource_bundle_accessor.o /Users/aleks/Library/Developer/Xcode/DerivedData/PlanItApp-gkehojshtcbfvhersqwajfujohau/Build/Intermediates.noindex/GoogleSignIn.build/Debug-iphonesimulator/GoogleSignIn.build/DerivedSources/resource_bundle_accessor.m normal arm64 objective-c com.apple.compilers.llvm.clang.1_0.compiler (in target 'GoogleSignIn' from project 'GoogleSignIn')
    cd /Users/aleks/Desktop/PlanItApp/PlanItApp.xcodeproj
    
    Using response file: /Users/aleks/Library/Developer/Xcode/DerivedData/PlanItApp-gkehojshtcbfvhersqwajfujohau/Build/Intermediates.noindex/GoogleSignIn.build/Debug-iphonesimulator/GoogleSignIn.build/Objects-normal/arm64/e6072d4f65d7061329687fe24e3d63a7-common-args.resp
    
    /Applications/Xcode.app/Contents/Developer/Toolchains/XcodeDefault.xctoolchain/usr/bin/clang -x objective-c -ivfsstatcache /Users/aleks/Library/Developer/Xcode/DerivedData/SDKStatCaches.noindex/iphonesimulator18.5-22F76-d5fc8ad4295d2ef488fb7d0f804ce0c4.sdkstatcache -fmessage-length\=0 -fdiagnostics-show-note-include-stack -fmacro-backtrace-limit\=0 -fno-color-diagnostics -fmodules-prune-interval\=86400 -fmodules-prune-after\=345600 -fbuild-session-file\=/Users/aleks/Library/Developer/Xcode/DerivedData/ModuleCache.noindex/Session.modulevalidation -fmodules-validate-once-per-build-session -Wnon-modular-include-in-framework-module -Werror\=non-modular-include-in-framework-module -Wno-trigraphs -Wno-missing-field-initializers -Wno-missing-prototypes -Wno-return-type -Wno-implicit-atomic-properties -Wno-objc-interface-ivars -Wno-arc-repeated-use-of-weak -Wno-missing-braces -Wparentheses -Wswitch -Wno-unused-function -Wno-unused-label -Wno-unused-parameter -Wno-unused-variable -Wunused-value -Wno-empty-body -Wno-uninitialized -Wno-unknown-pragmas -w -Wno-shadow -Wno-four-char-constants -Wno-conversion -Wno-constant-conversion -Wno-int-conversion -Wno-bool-conversion -Wno-enum-conversion -Wno-float-conversion -Wno-non-literal-null-conversion -Wno-objc-literal-conversion -Wshorten-64-to-32 -Wpointer-sign -Wno-newline-eof -Wno-selector -Wno-strict-selector-match -Wno-undeclared-selector -Wno-deprecated-implementations -Wno-implicit-fallthrough -fstrict-aliasing -Wprotocol -Wdeprecated-declarations -Wno-sign-conversion -Wno-infinite-recursion -Wno-comma -Wno-block-capture-autoreleasing -Wno-strict-prototypes -Wno-semicolon-before-method-body -index-store-path /Users/aleks/Library/Developer/Xcode/DerivedData/PlanItApp-gkehojshtcbfvhersqwajfujohau/Index.noindex/DataStore @/Users/aleks/Library/Developer/Xcode/DerivedData/PlanItApp-gkehojshtcbfvhersqwajfujohau/Build/Intermediates.noindex/GoogleSignIn.build/Debug-iphonesimulator/GoogleSignIn.build/Objects-normal/arm64/e6072d4f65d7061329687fe24e3d63a7-common-args.resp -include /Users/aleks/Library/Developer/Xcode/DerivedData/PlanItApp-gkehojshtcbfvhersqwajfujohau/Build/Intermediates.noindex/GoogleSignIn.build/Debug-iphonesimulator/GoogleSignIn.build/DerivedSources/resource_bundle_accessor.h -MMD -MT dependencies -MF /Users/aleks/Library/Developer/Xcode/DerivedData/PlanItApp-gkehojshtcbfvhersqwajfujohau/Build/Intermediates.noindex/GoogleSignIn.build/Debug-iphonesimulator/GoogleSignIn.build/Objects-normal/arm64/resource_bundle_accessor.d --serialize-diagnostics /Users/aleks/Library/Developer/Xcode/DerivedData/PlanItApp-gkehojshtcbfvhersqwajfujohau/Build/Intermediates.noindex/GoogleSignIn.build/Debug-iphonesimulator/GoogleSignIn.build/Objects-normal/arm64/resource_bundle_accessor.dia -c /Users/aleks/Library/Developer/Xcode/DerivedData/PlanItApp-gkehojshtcbfvhersqwajfujohau/Build/Intermediates.noindex/GoogleSignIn.build/Debug-iphonesimulator/GoogleSignIn.build/DerivedSources/resource_bundle_accessor.m -o /Users/aleks/Library/Developer/Xcode/DerivedData/PlanItApp-gkehojshtcbfvhersqwajfujohau/Build/Intermediates.noindex/GoogleSignIn.build/Debug-iphonesimulator/GoogleSignIn.build/Objects-normal/arm64/resource_bundle_accessor.o -index-unit-output-path /GoogleSignIn.build/Debug-iphonesimulator/GoogleSignIn.build/Objects-normal/arm64/resource_bundle_accessor.o

CompileC /Users/aleks/Library/Developer/Xcode/DerivedData/PlanItApp-gkehojshtcbfvhersqwajfujohau/Build/Intermediates.noindex/GoogleSignIn.build/Debug-iphonesimulator/GoogleSignIn.build/Objects-normal/arm64/GIDToken.o /Users/aleks/Library/Developer/Xcode/DerivedData/PlanItApp-gkehojshtcbfvhersqwajfujohau/SourcePackages/checkouts/GoogleSignIn-iOS/GoogleSignIn/Sources/GIDToken.m normal arm64 objective-c com.apple.compilers.llvm.clang.1_0.compiler (in target 'GoogleSignIn' from project 'GoogleSignIn')
    cd /Users/aleks/Desktop/PlanItApp/PlanItApp.xcodeproj
    
    Using response file: /Users/aleks/Library/Developer/Xcode/DerivedData/PlanItApp-gkehojshtcbfvhersqwajfujohau/Build/Intermediates.noindex/GoogleSignIn.build/Debug-iphonesimulator/GoogleSignIn.build/Objects-normal/arm64/e6072d4f65d7061329687fe24e3d63a7-common-args.resp
    
    /Applications/Xcode.app/Contents/Developer/Toolchains/XcodeDefault.xctoolchain/usr/bin/clang -x objective-c -ivfsstatcache /Users/aleks/Library/Developer/Xcode/DerivedData/SDKStatCaches.noindex/iphonesimulator18.5-22F76-d5fc8ad4295d2ef488fb7d0f804ce0c4.sdkstatcache -fmessage-length\=0 -fdiagnostics-show-note-include-stack -fmacro-backtrace-limit\=0 -fno-color-diagnostics -fmodules-prune-interval\=86400 -fmodules-prune-after\=345600 -fbuild-session-file\=/Users/aleks/Library/Developer/Xcode/DerivedData/ModuleCache.noindex/Session.modulevalidation -fmodules-validate-once-per-build-session -Wnon-modular-include-in-framework-module -Werror\=non-modular-include-in-framework-module -Wno-trigraphs -Wno-missing-field-initializers -Wno-missing-prototypes -Wno-return-type -Wno-implicit-atomic-properties -Wno-objc-interface-ivars -Wno-arc-repeated-use-of-weak -Wno-missing-braces -Wparentheses -Wswitch -Wno-unused-function -Wno-unused-label -Wno-unused-parameter -Wno-unused-variable -Wunused-value -Wno-empty-body -Wno-uninitialized -Wno-unknown-pragmas -w -Wno-shadow -Wno-four-char-constants -Wno-conversion -Wno-constant-conversion -Wno-int-conversion -Wno-bool-conversion -Wno-enum-conversion -Wno-float-conversion -Wno-non-literal-null-conversion -Wno-objc-literal-conversion -Wshorten-64-to-32 -Wpointer-sign -Wno-newline-eof -Wno-selector -Wno-strict-selector-match -Wno-undeclared-selector -Wno-deprecated-implementations -Wno-implicit-fallthrough -fstrict-aliasing -Wprotocol -Wdeprecated-declarations -Wno-sign-conversion -Wno-infinite-recursion -Wno-comma -Wno-block-capture-autoreleasing -Wno-strict-prototypes -Wno-semicolon-before-method-body -index-store-path /Users/aleks/Library/Developer/Xcode/DerivedData/PlanItApp-gkehojshtcbfvhersqwajfujohau/Index.noindex/DataStore @/Users/aleks/Library/Developer/Xcode/DerivedData/PlanItApp-gkehojshtcbfvhersqwajfujohau/Build/Intermediates.noindex/GoogleSignIn.build/Debug-iphonesimulator/GoogleSignIn.build/Objects-normal/arm64/e6072d4f65d7061329687fe24e3d63a7-common-args.resp -include /Users/aleks/Library/Developer/Xcode/DerivedData/PlanItApp-gkehojshtcbfvhersqwajfujohau/Build/Intermediates.noindex/GoogleSignIn.build/Debug-iphonesimulator/GoogleSignIn.build/DerivedSources/resource_bundle_accessor.h -MMD -MT dependencies -MF /Users/aleks/Library/Developer/Xcode/DerivedData/PlanItApp-gkehojshtcbfvhersqwajfujohau/Build/Intermediates.noindex/GoogleSignIn.build/Debug-iphonesimulator/GoogleSignIn.build/Objects-normal/arm64/GIDToken.d --serialize-diagnostics /Users/aleks/Library/Developer/Xcode/DerivedData/PlanItApp-gkehojshtcbfvhersqwajfujohau/Build/Intermediates.noindex/GoogleSignIn.build/Debug-iphonesimulator/GoogleSignIn.build/Objects-normal/arm64/GIDToken.dia -c /Users/aleks/Library/Developer/Xcode/DerivedData/PlanItApp-gkehojshtcbfvhersqwajfujohau/SourcePackages/checkouts/GoogleSignIn-iOS/GoogleSignIn/Sources/GIDToken.m -o /Users/aleks/Library/Developer/Xcode/DerivedData/PlanItApp-gkehojshtcbfvhersqwajfujohau/Build/Intermediates.noindex/GoogleSignIn.build/Debug-iphonesimulator/GoogleSignIn.build/Objects-normal/arm64/GIDToken.o -index-unit-output-path /GoogleSignIn.build/Debug-iphonesimulator/GoogleSignIn.build/Objects-normal/arm64/GIDToken.o

CompileC /Users/aleks/Library/Developer/Xcode/DerivedData/PlanItApp-gkehojshtcbfvhersqwajfujohau/Build/Intermediates.noindex/GoogleSignIn.build/Debug-iphonesimulator/GoogleSignIn.build/Objects-normal/arm64/GIDSignInStrings.o /Users/aleks/Library/Developer/Xcode/DerivedData/PlanItApp-gkehojshtcbfvhersqwajfujohau/SourcePackages/checkouts/GoogleSignIn-iOS/GoogleSignIn/Sources/GIDSignInStrings.m normal arm64 objective-c com.apple.compilers.llvm.clang.1_0.compiler (in target 'GoogleSignIn' from project 'GoogleSignIn')
    cd /Users/aleks/Desktop/PlanItApp/PlanItApp.xcodeproj
    
    Using response file: /Users/aleks/Library/Developer/Xcode/DerivedData/PlanItApp-gkehojshtcbfvhersqwajfujohau/Build/Intermediates.noindex/GoogleSignIn.build/Debug-iphonesimulator/GoogleSignIn.build/Objects-normal/arm64/e6072d4f65d7061329687fe24e3d63a7-common-args.resp
    
    /Applications/Xcode.app/Contents/Developer/Toolchains/XcodeDefault.xctoolchain/usr/bin/clang -x objective-c -ivfsstatcache /Users/aleks/Library/Developer/Xcode/DerivedData/SDKStatCaches.noindex/iphonesimulator18.5-22F76-d5fc8ad4295d2ef488fb7d0f804ce0c4.sdkstatcache -fmessage-length\=0 -fdiagnostics-show-note-include-stack -fmacro-backtrace-limit\=0 -fno-color-diagnostics -fmodules-prune-interval\=86400 -fmodules-prune-after\=345600 -fbuild-session-file\=/Users/aleks/Library/Developer/Xcode/DerivedData/ModuleCache.noindex/Session.modulevalidation -fmodules-validate-once-per-build-session -Wnon-modular-include-in-framework-module -Werror\=non-modular-include-in-framework-module -Wno-trigraphs -Wno-missing-field-initializers -Wno-missing-prototypes -Wno-return-type -Wno-implicit-atomic-properties -Wno-objc-interface-ivars -Wno-arc-repeated-use-of-weak -Wno-missing-braces -Wparentheses -Wswitch -Wno-unused-function -Wno-unused-label -Wno-unused-parameter -Wno-unused-variable -Wunused-value -Wno-empty-body -Wno-uninitialized -Wno-unknown-pragmas -w -Wno-shadow -Wno-four-char-constants -Wno-conversion -Wno-constant-conversion -Wno-int-conversion -Wno-bool-conversion -Wno-enum-conversion -Wno-float-conversion -Wno-non-literal-null-conversion -Wno-objc-literal-conversion -Wshorten-64-to-32 -Wpointer-sign -Wno-newline-eof -Wno-selector -Wno-strict-selector-match -Wno-undeclared-selector -Wno-deprecated-implementations -Wno-implicit-fallthrough -fstrict-aliasing -Wprotocol -Wdeprecated-declarations -Wno-sign-conversion -Wno-infinite-recursion -Wno-comma -Wno-block-capture-autoreleasing -Wno-strict-prototypes -Wno-semicolon-before-method-body -index-store-path /Users/aleks/Library/Developer/Xcode/DerivedData/PlanItApp-gkehojshtcbfvhersqwajfujohau/Index.noindex/DataStore @/Users/aleks/Library/Developer/Xcode/DerivedData/PlanItApp-gkehojshtcbfvhersqwajfujohau/Build/Intermediates.noindex/GoogleSignIn.build/Debug-iphonesimulator/GoogleSignIn.build/Objects-normal/arm64/e6072d4f65d7061329687fe24e3d63a7-common-args.resp -include /Users/aleks/Library/Developer/Xcode/DerivedData/PlanItApp-gkehojshtcbfvhersqwajfujohau/Build/Intermediates.noindex/GoogleSignIn.build/Debug-iphonesimulator/GoogleSignIn.build/DerivedSources/resource_bundle_accessor.h -MMD -MT dependencies -MF /Users/aleks/Library/Developer/Xcode/DerivedData/PlanItApp-gkehojshtcbfvhersqwajfujohau/Build/Intermediates.noindex/GoogleSignIn.build/Debug-iphonesimulator/GoogleSignIn.build/Objects-normal/arm64/GIDSignInStrings.d --serialize-diagnostics /Users/aleks/Library/Developer/Xcode/DerivedData/PlanItApp-gkehojshtcbfvhersqwajfujohau/Build/Intermediates.noindex/GoogleSignIn.build/Debug-iphonesimulator/GoogleSignIn.build/Objects-normal/arm64/GIDSignInStrings.dia -c /Users/aleks/Library/Developer/Xcode/DerivedData/PlanItApp-gkehojshtcbfvhersqwajfujohau/SourcePackages/checkouts/GoogleSignIn-iOS/GoogleSignIn/Sources/GIDSignInStrings.m -o /Users/aleks/Library/Developer/Xcode/DerivedData/PlanItApp-gkehojshtcbfvhersqwajfujohau/Build/Intermediates.noindex/GoogleSignIn.build/Debug-iphonesimulator/GoogleSignIn.build/Objects-normal/arm64/GIDSignInStrings.o -index-unit-output-path /GoogleSignIn.build/Debug-iphonesimulator/GoogleSignIn.build/Objects-normal/arm64/GIDSignInStrings.o

CompileC /Users/aleks/Library/Developer/Xcode/DerivedData/PlanItApp-gkehojshtcbfvhersqwajfujohau/Build/Intermediates.noindex/GoogleSignIn.build/Debug-iphonesimulator/GoogleSignIn.build/Objects-normal/arm64/GIDSignInPreferences.o /Users/aleks/Library/Developer/Xcode/DerivedData/PlanItApp-gkehojshtcbfvhersqwajfujohau/SourcePackages/checkouts/GoogleSignIn-iOS/GoogleSignIn/Sources/GIDSignInPreferences.m normal arm64 objective-c com.apple.compilers.llvm.clang.1_0.compiler (in target 'GoogleSignIn' from project 'GoogleSignIn')
    cd /Users/aleks/Desktop/PlanItApp/PlanItApp.xcodeproj
    
    Using response file: /Users/aleks/Library/Developer/Xcode/DerivedData/PlanItApp-gkehojshtcbfvhersqwajfujohau/Build/Intermediates.noindex/GoogleSignIn.build/Debug-iphonesimulator/GoogleSignIn.build/Objects-normal/arm64/e6072d4f65d7061329687fe24e3d63a7-common-args.resp
    
    /Applications/Xcode.app/Contents/Developer/Toolchains/XcodeDefault.xctoolchain/usr/bin/clang -x objective-c -ivfsstatcache /Users/aleks/Library/Developer/Xcode/DerivedData/SDKStatCaches.noindex/iphonesimulator18.5-22F76-d5fc8ad4295d2ef488fb7d0f804ce0c4.sdkstatcache -fmessage-length\=0 -fdiagnostics-show-note-include-stack -fmacro-backtrace-limit\=0 -fno-color-diagnostics -fmodules-prune-interval\=86400 -fmodules-prune-after\=345600 -fbuild-session-file\=/Users/aleks/Library/Developer/Xcode/DerivedData/ModuleCache.noindex/Session.modulevalidation -fmodules-validate-once-per-build-session -Wnon-modular-include-in-framework-module -Werror\=non-modular-include-in-framework-module -Wno-trigraphs -Wno-missing-field-initializers -Wno-missing-prototypes -Wno-return-type -Wno-implicit-atomic-properties -Wno-objc-interface-ivars -Wno-arc-repeated-use-of-weak -Wno-missing-braces -Wparentheses -Wswitch -Wno-unused-function -Wno-unused-label -Wno-unused-parameter -Wno-unused-variable -Wunused-value -Wno-empty-body -Wno-uninitialized -Wno-unknown-pragmas -w -Wno-shadow -Wno-four-char-constants -Wno-conversion -Wno-constant-conversion -Wno-int-conversion -Wno-bool-conversion -Wno-enum-conversion -Wno-float-conversion -Wno-non-literal-null-conversion -Wno-objc-literal-conversion -Wshorten-64-to-32 -Wpointer-sign -Wno-newline-eof -Wno-selector -Wno-strict-selector-match -Wno-undeclared-selector -Wno-deprecated-implementations -Wno-implicit-fallthrough -fstrict-aliasing -Wprotocol -Wdeprecated-declarations -Wno-sign-conversion -Wno-infinite-recursion -Wno-comma -Wno-block-capture-autoreleasing -Wno-strict-prototypes -Wno-semicolon-before-method-body -index-store-path /Users/aleks/Library/Developer/Xcode/DerivedData/PlanItApp-gkehojshtcbfvhersqwajfujohau/Index.noindex/DataStore @/Users/aleks/Library/Developer/Xcode/DerivedData/PlanItApp-gkehojshtcbfvhersqwajfujohau/Build/Intermediates.noindex/GoogleSignIn.build/Debug-iphonesimulator/GoogleSignIn.build/Objects-normal/arm64/e6072d4f65d7061329687fe24e3d63a7-common-args.resp -include /Users/aleks/Library/Developer/Xcode/DerivedData/PlanItApp-gkehojshtcbfvhersqwajfujohau/Build/Intermediates.noindex/GoogleSignIn.build/Debug-iphonesimulator/GoogleSignIn.build/DerivedSources/resource_bundle_accessor.h -MMD -MT dependencies -MF /Users/aleks/Library/Developer/Xcode/DerivedData/PlanItApp-gkehojshtcbfvhersqwajfujohau/Build/Intermediates.noindex/GoogleSignIn.build/Debug-iphonesimulator/GoogleSignIn.build/Objects-normal/arm64/GIDSignInPreferences.d --serialize-diagnostics /Users/aleks/Library/Developer/Xcode/DerivedData/PlanItApp-gkehojshtcbfvhersqwajfujohau/Build/Intermediates.noindex/GoogleSignIn.build/Debug-iphonesimulator/GoogleSignIn.build/Objects-normal/arm64/GIDSignInPreferences.dia -c /Users/aleks/Library/Developer/Xcode/DerivedData/PlanItApp-gkehojshtcbfvhersqwajfujohau/SourcePackages/checkouts/GoogleSignIn-iOS/GoogleSignIn/Sources/GIDSignInPreferences.m -o /Users/aleks/Library/Developer/Xcode/DerivedData/PlanItApp-gkehojshtcbfvhersqwajfujohau/Build/Intermediates.noindex/GoogleSignIn.build/Debug-iphonesimulator/GoogleSignIn.build/Objects-normal/arm64/GIDSignInPreferences.o -index-unit-output-path /GoogleSignIn.build/Debug-iphonesimulator/GoogleSignIn.build/Objects-normal/arm64/GIDSignInPreferences.o

CompileC /Users/aleks/Library/Developer/Xcode/DerivedData/PlanItApp-gkehojshtcbfvhersqwajfujohau/Build/Intermediates.noindex/GoogleSignIn.build/Debug-iphonesimulator/GoogleSignIn.build/Objects-normal/arm64/GIDSignInCallbackSchemes.o /Users/aleks/Library/Developer/Xcode/DerivedData/PlanItApp-gkehojshtcbfvhersqwajfujohau/SourcePackages/checkouts/GoogleSignIn-iOS/GoogleSignIn/Sources/GIDSignInCallbackSchemes.m normal arm64 objective-c com.apple.compilers.llvm.clang.1_0.compiler (in target 'GoogleSignIn' from project 'GoogleSignIn')
    cd /Users/aleks/Desktop/PlanItApp/PlanItApp.xcodeproj
    
    Using response file: /Users/aleks/Library/Developer/Xcode/DerivedData/PlanItApp-gkehojshtcbfvhersqwajfujohau/Build/Intermediates.noindex/GoogleSignIn.build/Debug-iphonesimulator/GoogleSignIn.build/Objects-normal/arm64/e6072d4f65d7061329687fe24e3d63a7-common-args.resp
    
    /Applications/Xcode.app/Contents/Developer/Toolchains/XcodeDefault.xctoolchain/usr/bin/clang -x objective-c -ivfsstatcache /Users/aleks/Library/Developer/Xcode/DerivedData/SDKStatCaches.noindex/iphonesimulator18.5-22F76-d5fc8ad4295d2ef488fb7d0f804ce0c4.sdkstatcache -fmessage-length\=0 -fdiagnostics-show-note-include-stack -fmacro-backtrace-limit\=0 -fno-color-diagnostics -fmodules-prune-interval\=86400 -fmodules-prune-after\=345600 -fbuild-session-file\=/Users/aleks/Library/Developer/Xcode/DerivedData/ModuleCache.noindex/Session.modulevalidation -fmodules-validate-once-per-build-session -Wnon-modular-include-in-framework-module -Werror\=non-modular-include-in-framework-module -Wno-trigraphs -Wno-missing-field-initializers -Wno-missing-prototypes -Wno-return-type -Wno-implicit-atomic-properties -Wno-objc-interface-ivars -Wno-arc-repeated-use-of-weak -Wno-missing-braces -Wparentheses -Wswitch -Wno-unused-function -Wno-unused-label -Wno-unused-parameter -Wno-unused-variable -Wunused-value -Wno-empty-body -Wno-uninitialized -Wno-unknown-pragmas -w -Wno-shadow -Wno-four-char-constants -Wno-conversion -Wno-constant-conversion -Wno-int-conversion -Wno-bool-conversion -Wno-enum-conversion -Wno-float-conversion -Wno-non-literal-null-conversion -Wno-objc-literal-conversion -Wshorten-64-to-32 -Wpointer-sign -Wno-newline-eof -Wno-selector -Wno-strict-selector-match -Wno-undeclared-selector -Wno-deprecated-implementations -Wno-implicit-fallthrough -fstrict-aliasing -Wprotocol -Wdeprecated-declarations -Wno-sign-conversion -Wno-infinite-recursion -Wno-comma -Wno-block-capture-autoreleasing -Wno-strict-prototypes -Wno-semicolon-before-method-body -index-store-path /Users/aleks/Library/Developer/Xcode/DerivedData/PlanItApp-gkehojshtcbfvhersqwajfujohau/Index.noindex/DataStore @/Users/aleks/Library/Developer/Xcode/DerivedData/PlanItApp-gkehojshtcbfvhersqwajfujohau/Build/Intermediates.noindex/GoogleSignIn.build/Debug-iphonesimulator/GoogleSignIn.build/Objects-normal/arm64/e6072d4f65d7061329687fe24e3d63a7-common-args.resp -include /Users/aleks/Library/Developer/Xcode/DerivedData/PlanItApp-gkehojshtcbfvhersqwajfujohau/Build/Intermediates.noindex/GoogleSignIn.build/Debug-iphonesimulator/GoogleSignIn.build/DerivedSources/resource_bundle_accessor.h -MMD -MT dependencies -MF /Users/aleks/Library/Developer/Xcode/DerivedData/PlanItApp-gkehojshtcbfvhersqwajfujohau/Build/Intermediates.noindex/GoogleSignIn.build/Debug-iphonesimulator/GoogleSignIn.build/Objects-normal/arm64/GIDSignInCallbackSchemes.d --serialize-diagnostics /Users/aleks/Library/Developer/Xcode/DerivedData/PlanItApp-gkehojshtcbfvhersqwajfujohau/Build/Intermediates.noindex/GoogleSignIn.build/Debug-iphonesimulator/GoogleSignIn.build/Objects-normal/arm64/GIDSignInCallbackSchemes.dia -c /Users/aleks/Library/Developer/Xcode/DerivedData/PlanItApp-gkehojshtcbfvhersqwajfujohau/SourcePackages/checkouts/GoogleSignIn-iOS/GoogleSignIn/Sources/GIDSignInCallbackSchemes.m -o /Users/aleks/Library/Developer/Xcode/DerivedData/PlanItApp-gkehojshtcbfvhersqwajfujohau/Build/Intermediates.noindex/GoogleSignIn.build/Debug-iphonesimulator/GoogleSignIn.build/Objects-normal/arm64/GIDSignInCallbackSchemes.o -index-unit-output-path /GoogleSignIn.build/Debug-iphonesimulator/GoogleSignIn.build/Objects-normal/arm64/GIDSignInCallbackSchemes.o

CompileC /Users/aleks/Library/Developer/Xcode/DerivedData/PlanItApp-gkehojshtcbfvhersqwajfujohau/Build/Intermediates.noindex/GoogleSignIn.build/Debug-iphonesimulator/GoogleSignIn.build/Objects-normal/arm64/GIDScopes.o /Users/aleks/Library/Developer/Xcode/DerivedData/PlanItApp-gkehojshtcbfvhersqwajfujohau/SourcePackages/checkouts/GoogleSignIn-iOS/GoogleSignIn/Sources/GIDScopes.m normal arm64 objective-c com.apple.compilers.llvm.clang.1_0.compiler (in target 'GoogleSignIn' from project 'GoogleSignIn')
    cd /Users/aleks/Desktop/PlanItApp/PlanItApp.xcodeproj
    
    Using response file: /Users/aleks/Library/Developer/Xcode/DerivedData/PlanItApp-gkehojshtcbfvhersqwajfujohau/Build/Intermediates.noindex/GoogleSignIn.build/Debug-iphonesimulator/GoogleSignIn.build/Objects-normal/arm64/e6072d4f65d7061329687fe24e3d63a7-common-args.resp
    
    /Applications/Xcode.app/Contents/Developer/Toolchains/XcodeDefault.xctoolchain/usr/bin/clang -x objective-c -ivfsstatcache /Users/aleks/Library/Developer/Xcode/DerivedData/SDKStatCaches.noindex/iphonesimulator18.5-22F76-d5fc8ad4295d2ef488fb7d0f804ce0c4.sdkstatcache -fmessage-length\=0 -fdiagnostics-show-note-include-stack -fmacro-backtrace-limit\=0 -fno-color-diagnostics -fmodules-prune-interval\=86400 -fmodules-prune-after\=345600 -fbuild-session-file\=/Users/aleks/Library/Developer/Xcode/DerivedData/ModuleCache.noindex/Session.modulevalidation -fmodules-validate-once-per-build-session -Wnon-modular-include-in-framework-module -Werror\=non-modular-include-in-framework-module -Wno-trigraphs -Wno-missing-field-initializers -Wno-missing-prototypes -Wno-return-type -Wno-implicit-atomic-properties -Wno-objc-interface-ivars -Wno-arc-repeated-use-of-weak -Wno-missing-braces -Wparentheses -Wswitch -Wno-unused-function -Wno-unused-label -Wno-unused-parameter -Wno-unused-variable -Wunused-value -Wno-empty-body -Wno-uninitialized -Wno-unknown-pragmas -w -Wno-shadow -Wno-four-char-constants -Wno-conversion -Wno-constant-conversion -Wno-int-conversion -Wno-bool-conversion -Wno-enum-conversion -Wno-float-conversion -Wno-non-literal-null-conversion -Wno-objc-literal-conversion -Wshorten-64-to-32 -Wpointer-sign -Wno-newline-eof -Wno-selector -Wno-strict-selector-match -Wno-undeclared-selector -Wno-deprecated-implementations -Wno-implicit-fallthrough -fstrict-aliasing -Wprotocol -Wdeprecated-declarations -Wno-sign-conversion -Wno-infinite-recursion -Wno-comma -Wno-block-capture-autoreleasing -Wno-strict-prototypes -Wno-semicolon-before-method-body -index-store-path /Users/aleks/Library/Developer/Xcode/DerivedData/PlanItApp-gkehojshtcbfvhersqwajfujohau/Index.noindex/DataStore @/Users/aleks/Library/Developer/Xcode/DerivedData/PlanItApp-gkehojshtcbfvhersqwajfujohau/Build/Intermediates.noindex/GoogleSignIn.build/Debug-iphonesimulator/GoogleSignIn.build/Objects-normal/arm64/e6072d4f65d7061329687fe24e3d63a7-common-args.resp -include /Users/aleks/Library/Developer/Xcode/DerivedData/PlanItApp-gkehojshtcbfvhersqwajfujohau/Build/Intermediates.noindex/GoogleSignIn.build/Debug-iphonesimulator/GoogleSignIn.build/DerivedSources/resource_bundle_accessor.h -MMD -MT dependencies -MF /Users/aleks/Library/Developer/Xcode/DerivedData/PlanItApp-gkehojshtcbfvhersqwajfujohau/Build/Intermediates.noindex/GoogleSignIn.build/Debug-iphonesimulator/GoogleSignIn.build/Objects-normal/arm64/GIDScopes.d --serialize-diagnostics /Users/aleks/Library/Developer/Xcode/DerivedData/PlanItApp-gkehojshtcbfvhersqwajfujohau/Build/Intermediates.noindex/GoogleSignIn.build/Debug-iphonesimulator/GoogleSignIn.build/Objects-normal/arm64/GIDScopes.dia -c /Users/aleks/Library/Developer/Xcode/DerivedData/PlanItApp-gkehojshtcbfvhersqwajfujohau/SourcePackages/checkouts/GoogleSignIn-iOS/GoogleSignIn/Sources/GIDScopes.m -o /Users/aleks/Library/Developer/Xcode/DerivedData/PlanItApp-gkehojshtcbfvhersqwajfujohau/Build/Intermediates.noindex/GoogleSignIn.build/Debug-iphonesimulator/GoogleSignIn.build/Objects-normal/arm64/GIDScopes.o -index-unit-output-path /GoogleSignIn.build/Debug-iphonesimulator/GoogleSignIn.build/Objects-normal/arm64/GIDScopes.o

CompileC /Users/aleks/Library/Developer/Xcode/DerivedData/PlanItApp-gkehojshtcbfvhersqwajfujohau/Build/Intermediates.noindex/GoogleSignIn.build/Debug-iphonesimulator/GoogleSignIn.build/Objects-normal/arm64/GIDProfileData.o /Users/aleks/Library/Developer/Xcode/DerivedData/PlanItApp-gkehojshtcbfvhersqwajfujohau/SourcePackages/checkouts/GoogleSignIn-iOS/GoogleSignIn/Sources/GIDProfileData.m normal arm64 objective-c com.apple.compilers.llvm.clang.1_0.compiler (in target 'GoogleSignIn' from project 'GoogleSignIn')
    cd /Users/aleks/Desktop/PlanItApp/PlanItApp.xcodeproj
    
    Using response file: /Users/aleks/Library/Developer/Xcode/DerivedData/PlanItApp-gkehojshtcbfvhersqwajfujohau/Build/Intermediates.noindex/GoogleSignIn.build/Debug-iphonesimulator/GoogleSignIn.build/Objects-normal/arm64/e6072d4f65d7061329687fe24e3d63a7-common-args.resp
    
    /Applications/Xcode.app/Contents/Developer/Toolchains/XcodeDefault.xctoolchain/usr/bin/clang -x objective-c -ivfsstatcache /Users/aleks/Library/Developer/Xcode/DerivedData/SDKStatCaches.noindex/iphonesimulator18.5-22F76-d5fc8ad4295d2ef488fb7d0f804ce0c4.sdkstatcache -fmessage-length\=0 -fdiagnostics-show-note-include-stack -fmacro-backtrace-limit\=0 -fno-color-diagnostics -fmodules-prune-interval\=86400 -fmodules-prune-after\=345600 -fbuild-session-file\=/Users/aleks/Library/Developer/Xcode/DerivedData/ModuleCache.noindex/Session.modulevalidation -fmodules-validate-once-per-build-session -Wnon-modular-include-in-framework-module -Werror\=non-modular-include-in-framework-module -Wno-trigraphs -Wno-missing-field-initializers -Wno-missing-prototypes -Wno-return-type -Wno-implicit-atomic-properties -Wno-objc-interface-ivars -Wno-arc-repeated-use-of-weak -Wno-missing-braces -Wparentheses -Wswitch -Wno-unused-function -Wno-unused-label -Wno-unused-parameter -Wno-unused-variable -Wunused-value -Wno-empty-body -Wno-uninitialized -Wno-unknown-pragmas -w -Wno-shadow -Wno-four-char-constants -Wno-conversion -Wno-constant-conversion -Wno-int-conversion -Wno-bool-conversion -Wno-enum-conversion -Wno-float-conversion -Wno-non-literal-null-conversion -Wno-objc-literal-conversion -Wshorten-64-to-32 -Wpointer-sign -Wno-newline-eof -Wno-selector -Wno-strict-selector-match -Wno-undeclared-selector -Wno-deprecated-implementations -Wno-implicit-fallthrough -fstrict-aliasing -Wprotocol -Wdeprecated-declarations -Wno-sign-conversion -Wno-infinite-recursion -Wno-comma -Wno-block-capture-autoreleasing -Wno-strict-prototypes -Wno-semicolon-before-method-body -index-store-path /Users/aleks/Library/Developer/Xcode/DerivedData/PlanItApp-gkehojshtcbfvhersqwajfujohau/Index.noindex/DataStore @/Users/aleks/Library/Developer/Xcode/DerivedData/PlanItApp-gkehojshtcbfvhersqwajfujohau/Build/Intermediates.noindex/GoogleSignIn.build/Debug-iphonesimulator/GoogleSignIn.build/Objects-normal/arm64/e6072d4f65d7061329687fe24e3d63a7-common-args.resp -include /Users/aleks/Library/Developer/Xcode/DerivedData/PlanItApp-gkehojshtcbfvhersqwajfujohau/Build/Intermediates.noindex/GoogleSignIn.build/Debug-iphonesimulator/GoogleSignIn.build/DerivedSources/resource_bundle_accessor.h -MMD -MT dependencies -MF /Users/aleks/Library/Developer/Xcode/DerivedData/PlanItApp-gkehojshtcbfvhersqwajfujohau/Build/Intermediates.noindex/GoogleSignIn.build/Debug-iphonesimulator/GoogleSignIn.build/Objects-normal/arm64/GIDProfileData.d --serialize-diagnostics /Users/aleks/Library/Developer/Xcode/DerivedData/PlanItApp-gkehojshtcbfvhersqwajfujohau/Build/Intermediates.noindex/GoogleSignIn.build/Debug-iphonesimulator/GoogleSignIn.build/Objects-normal/arm64/GIDProfileData.dia -c /Users/aleks/Library/Developer/Xcode/DerivedData/PlanItApp-gkehojshtcbfvhersqwajfujohau/SourcePackages/checkouts/GoogleSignIn-iOS/GoogleSignIn/Sources/GIDProfileData.m -o /Users/aleks/Library/Developer/Xcode/DerivedData/PlanItApp-gkehojshtcbfvhersqwajfujohau/Build/Intermediates.noindex/GoogleSignIn.build/Debug-iphonesimulator/GoogleSignIn.build/Objects-normal/arm64/GIDProfileData.o -index-unit-output-path /GoogleSignIn.build/Debug-iphonesimulator/GoogleSignIn.build/Objects-normal/arm64/GIDProfileData.o

CompileC /Users/aleks/Library/Developer/Xcode/DerivedData/PlanItApp-gkehojshtcbfvhersqwajfujohau/Build/Intermediates.noindex/GoogleSignIn.build/Debug-iphonesimulator/GoogleSignIn.build/Objects-normal/arm64/GIDMDMPasscodeState.o /Users/aleks/Library/Developer/Xcode/DerivedData/PlanItApp-gkehojshtcbfvhersqwajfujohau/SourcePackages/checkouts/GoogleSignIn-iOS/GoogleSignIn/Sources/GIDMDMPasscodeState.m normal arm64 objective-c com.apple.compilers.llvm.clang.1_0.compiler (in target 'GoogleSignIn' from project 'GoogleSignIn')
    cd /Users/aleks/Desktop/PlanItApp/PlanItApp.xcodeproj
    
    Using response file: /Users/aleks/Library/Developer/Xcode/DerivedData/PlanItApp-gkehojshtcbfvhersqwajfujohau/Build/Intermediates.noindex/GoogleSignIn.build/Debug-iphonesimulator/GoogleSignIn.build/Objects-normal/arm64/e6072d4f65d7061329687fe24e3d63a7-common-args.resp
    
    /Applications/Xcode.app/Contents/Developer/Toolchains/XcodeDefault.xctoolchain/usr/bin/clang -x objective-c -ivfsstatcache /Users/aleks/Library/Developer/Xcode/DerivedData/SDKStatCaches.noindex/iphonesimulator18.5-22F76-d5fc8ad4295d2ef488fb7d0f804ce0c4.sdkstatcache -fmessage-length\=0 -fdiagnostics-show-note-include-stack -fmacro-backtrace-limit\=0 -fno-color-diagnostics -fmodules-prune-interval\=86400 -fmodules-prune-after\=345600 -fbuild-session-file\=/Users/aleks/Library/Developer/Xcode/DerivedData/ModuleCache.noindex/Session.modulevalidation -fmodules-validate-once-per-build-session -Wnon-modular-include-in-framework-module -Werror\=non-modular-include-in-framework-module -Wno-trigraphs -Wno-missing-field-initializers -Wno-missing-prototypes -Wno-return-type -Wno-implicit-atomic-properties -Wno-objc-interface-ivars -Wno-arc-repeated-use-of-weak -Wno-missing-braces -Wparentheses -Wswitch -Wno-unused-function -Wno-unused-label -Wno-unused-parameter -Wno-unused-variable -Wunused-value -Wno-empty-body -Wno-uninitialized -Wno-unknown-pragmas -w -Wno-shadow -Wno-four-char-constants -Wno-conversion -Wno-constant-conversion -Wno-int-conversion -Wno-bool-conversion -Wno-enum-conversion -Wno-float-conversion -Wno-non-literal-null-conversion -Wno-objc-literal-conversion -Wshorten-64-to-32 -Wpointer-sign -Wno-newline-eof -Wno-selector -Wno-strict-selector-match -Wno-undeclared-selector -Wno-deprecated-implementations -Wno-implicit-fallthrough -fstrict-aliasing -Wprotocol -Wdeprecated-declarations -Wno-sign-conversion -Wno-infinite-recursion -Wno-comma -Wno-block-capture-autoreleasing -Wno-strict-prototypes -Wno-semicolon-before-method-body -index-store-path /Users/aleks/Library/Developer/Xcode/DerivedData/PlanItApp-gkehojshtcbfvhersqwajfujohau/Index.noindex/DataStore @/Users/aleks/Library/Developer/Xcode/DerivedData/PlanItApp-gkehojshtcbfvhersqwajfujohau/Build/Intermediates.noindex/GoogleSignIn.build/Debug-iphonesimulator/GoogleSignIn.build/Objects-normal/arm64/e6072d4f65d7061329687fe24e3d63a7-common-args.resp -include /Users/aleks/Library/Developer/Xcode/DerivedData/PlanItApp-gkehojshtcbfvhersqwajfujohau/Build/Intermediates.noindex/GoogleSignIn.build/Debug-iphonesimulator/GoogleSignIn.build/DerivedSources/resource_bundle_accessor.h -MMD -MT dependencies -MF /Users/aleks/Library/Developer/Xcode/DerivedData/PlanItApp-gkehojshtcbfvhersqwajfujohau/Build/Intermediates.noindex/GoogleSignIn.build/Debug-iphonesimulator/GoogleSignIn.build/Objects-normal/arm64/GIDMDMPasscodeState.d --serialize-diagnostics /Users/aleks/Library/Developer/Xcode/DerivedData/PlanItApp-gkehojshtcbfvhersqwajfujohau/Build/Intermediates.noindex/GoogleSignIn.build/Debug-iphonesimulator/GoogleSignIn.build/Objects-normal/arm64/GIDMDMPasscodeState.dia -c /Users/aleks/Library/Developer/Xcode/DerivedData/PlanItApp-gkehojshtcbfvhersqwajfujohau/SourcePackages/checkouts/GoogleSignIn-iOS/GoogleSignIn/Sources/GIDMDMPasscodeState.m -o /Users/aleks/Library/Developer/Xcode/DerivedData/PlanItApp-gkehojshtcbfvhersqwajfujohau/Build/Intermediates.noindex/GoogleSignIn.build/Debug-iphonesimulator/GoogleSignIn.build/Objects-normal/arm64/GIDMDMPasscodeState.o -index-unit-output-path /GoogleSignIn.build/Debug-iphonesimulator/GoogleSignIn.build/Objects-normal/arm64/GIDMDMPasscodeState.o

CompileC /Users/aleks/Library/Developer/Xcode/DerivedData/PlanItApp-gkehojshtcbfvhersqwajfujohau/Build/Intermediates.noindex/GoogleSignIn.build/Debug-iphonesimulator/GoogleSignIn.build/Objects-normal/arm64/GIDConfiguration.o /Users/aleks/Library/Developer/Xcode/DerivedData/PlanItApp-gkehojshtcbfvhersqwajfujohau/SourcePackages/checkouts/GoogleSignIn-iOS/GoogleSignIn/Sources/GIDConfiguration.m normal arm64 objective-c com.apple.compilers.llvm.clang.1_0.compiler (in target 'GoogleSignIn' from project 'GoogleSignIn')
    cd /Users/aleks/Desktop/PlanItApp/PlanItApp.xcodeproj
    
    Using response file: /Users/aleks/Library/Developer/Xcode/DerivedData/PlanItApp-gkehojshtcbfvhersqwajfujohau/Build/Intermediates.noindex/GoogleSignIn.build/Debug-iphonesimulator/GoogleSignIn.build/Objects-normal/arm64/e6072d4f65d7061329687fe24e3d63a7-common-args.resp
    
    /Applications/Xcode.app/Contents/Developer/Toolchains/XcodeDefault.xctoolchain/usr/bin/clang -x objective-c -ivfsstatcache /Users/aleks/Library/Developer/Xcode/DerivedData/SDKStatCaches.noindex/iphonesimulator18.5-22F76-d5fc8ad4295d2ef488fb7d0f804ce0c4.sdkstatcache -fmessage-length\=0 -fdiagnostics-show-note-include-stack -fmacro-backtrace-limit\=0 -fno-color-diagnostics -fmodules-prune-interval\=86400 -fmodules-prune-after\=345600 -fbuild-session-file\=/Users/aleks/Library/Developer/Xcode/DerivedData/ModuleCache.noindex/Session.modulevalidation -fmodules-validate-once-per-build-session -Wnon-modular-include-in-framework-module -Werror\=non-modular-include-in-framework-module -Wno-trigraphs -Wno-missing-field-initializers -Wno-missing-prototypes -Wno-return-type -Wno-implicit-atomic-properties -Wno-objc-interface-ivars -Wno-arc-repeated-use-of-weak -Wno-missing-braces -Wparentheses -Wswitch -Wno-unused-function -Wno-unused-label -Wno-unused-parameter -Wno-unused-variable -Wunused-value -Wno-empty-body -Wno-uninitialized -Wno-unknown-pragmas -w -Wno-shadow -Wno-four-char-constants -Wno-conversion -Wno-constant-conversion -Wno-int-conversion -Wno-bool-conversion -Wno-enum-conversion -Wno-float-conversion -Wno-non-literal-null-conversion -Wno-objc-literal-conversion -Wshorten-64-to-32 -Wpointer-sign -Wno-newline-eof -Wno-selector -Wno-strict-selector-match -Wno-undeclared-selector -Wno-deprecated-implementations -Wno-implicit-fallthrough -fstrict-aliasing -Wprotocol -Wdeprecated-declarations -Wno-sign-conversion -Wno-infinite-recursion -Wno-comma -Wno-block-capture-autoreleasing -Wno-strict-prototypes -Wno-semicolon-before-method-body -index-store-path /Users/aleks/Library/Developer/Xcode/DerivedData/PlanItApp-gkehojshtcbfvhersqwajfujohau/Index.noindex/DataStore @/Users/aleks/Library/Developer/Xcode/DerivedData/PlanItApp-gkehojshtcbfvhersqwajfujohau/Build/Intermediates.noindex/GoogleSignIn.build/Debug-iphonesimulator/GoogleSignIn.build/Objects-normal/arm64/e6072d4f65d7061329687fe24e3d63a7-common-args.resp -include /Users/aleks/Library/Developer/Xcode/DerivedData/PlanItApp-gkehojshtcbfvhersqwajfujohau/Build/Intermediates.noindex/GoogleSignIn.build/Debug-iphonesimulator/GoogleSignIn.build/DerivedSources/resource_bundle_accessor.h -MMD -MT dependencies -MF /Users/aleks/Library/Developer/Xcode/DerivedData/PlanItApp-gkehojshtcbfvhersqwajfujohau/Build/Intermediates.noindex/GoogleSignIn.build/Debug-iphonesimulator/GoogleSignIn.build/Objects-normal/arm64/GIDConfiguration.d --serialize-diagnostics /Users/aleks/Library/Developer/Xcode/DerivedData/PlanItApp-gkehojshtcbfvhersqwajfujohau/Build/Intermediates.noindex/GoogleSignIn.build/Debug-iphonesimulator/GoogleSignIn.build/Objects-normal/arm64/GIDConfiguration.dia -c /Users/aleks/Library/Developer/Xcode/DerivedData/PlanItApp-gkehojshtcbfvhersqwajfujohau/SourcePackages/checkouts/GoogleSignIn-iOS/GoogleSignIn/Sources/GIDConfiguration.m -o /Users/aleks/Library/Developer/Xcode/DerivedData/PlanItApp-gkehojshtcbfvhersqwajfujohau/Build/Intermediates.noindex/GoogleSignIn.build/Debug-iphonesimulator/GoogleSignIn.build/Objects-normal/arm64/GIDConfiguration.o -index-unit-output-path /GoogleSignIn.build/Debug-iphonesimulator/GoogleSignIn.build/Objects-normal/arm64/GIDConfiguration.o

CompileC /Users/aleks/Library/Developer/Xcode/DerivedData/PlanItApp-gkehojshtcbfvhersqwajfujohau/Build/Intermediates.noindex/GoogleSignIn.build/Debug-iphonesimulator/GoogleSignIn.build/Objects-normal/arm64/GIDCallbackQueue.o /Users/aleks/Library/Developer/Xcode/DerivedData/PlanItApp-gkehojshtcbfvhersqwajfujohau/SourcePackages/checkouts/GoogleSignIn-iOS/GoogleSignIn/Sources/GIDCallbackQueue.m normal arm64 objective-c com.apple.compilers.llvm.clang.1_0.compiler (in target 'GoogleSignIn' from project 'GoogleSignIn')
    cd /Users/aleks/Desktop/PlanItApp/PlanItApp.xcodeproj
    
    Using response file: /Users/aleks/Library/Developer/Xcode/DerivedData/PlanItApp-gkehojshtcbfvhersqwajfujohau/Build/Intermediates.noindex/GoogleSignIn.build/Debug-iphonesimulator/GoogleSignIn.build/Objects-normal/arm64/e6072d4f65d7061329687fe24e3d63a7-common-args.resp
    
    /Applications/Xcode.app/Contents/Developer/Toolchains/XcodeDefault.xctoolchain/usr/bin/clang -x objective-c -ivfsstatcache /Users/aleks/Library/Developer/Xcode/DerivedData/SDKStatCaches.noindex/iphonesimulator18.5-22F76-d5fc8ad4295d2ef488fb7d0f804ce0c4.sdkstatcache -fmessage-length\=0 -fdiagnostics-show-note-include-stack -fmacro-backtrace-limit\=0 -fno-color-diagnostics -fmodules-prune-interval\=86400 -fmodules-prune-after\=345600 -fbuild-session-file\=/Users/aleks/Library/Developer/Xcode/DerivedData/ModuleCache.noindex/Session.modulevalidation -fmodules-validate-once-per-build-session -Wnon-modular-include-in-framework-module -Werror\=non-modular-include-in-framework-module -Wno-trigraphs -Wno-missing-field-initializers -Wno-missing-prototypes -Wno-return-type -Wno-implicit-atomic-properties -Wno-objc-interface-ivars -Wno-arc-repeated-use-of-weak -Wno-missing-braces -Wparentheses -Wswitch -Wno-unused-function -Wno-unused-label -Wno-unused-parameter -Wno-unused-variable -Wunused-value -Wno-empty-body -Wno-uninitialized -Wno-unknown-pragmas -w -Wno-shadow -Wno-four-char-constants -Wno-conversion -Wno-constant-conversion -Wno-int-conversion -Wno-bool-conversion -Wno-enum-conversion -Wno-float-conversion -Wno-non-literal-null-conversion -Wno-objc-literal-conversion -Wshorten-64-to-32 -Wpointer-sign -Wno-newline-eof -Wno-selector -Wno-strict-selector-match -Wno-undeclared-selector -Wno-deprecated-implementations -Wno-implicit-fallthrough -fstrict-aliasing -Wprotocol -Wdeprecated-declarations -Wno-sign-conversion -Wno-infinite-recursion -Wno-comma -Wno-block-capture-autoreleasing -Wno-strict-prototypes -Wno-semicolon-before-method-body -index-store-path /Users/aleks/Library/Developer/Xcode/DerivedData/PlanItApp-gkehojshtcbfvhersqwajfujohau/Index.noindex/DataStore @/Users/aleks/Library/Developer/Xcode/DerivedData/PlanItApp-gkehojshtcbfvhersqwajfujohau/Build/Intermediates.noindex/GoogleSignIn.build/Debug-iphonesimulator/GoogleSignIn.build/Objects-normal/arm64/e6072d4f65d7061329687fe24e3d63a7-common-args.resp -include /Users/aleks/Library/Developer/Xcode/DerivedData/PlanItApp-gkehojshtcbfvhersqwajfujohau/Build/Intermediates.noindex/GoogleSignIn.build/Debug-iphonesimulator/GoogleSignIn.build/DerivedSources/resource_bundle_accessor.h -MMD -MT dependencies -MF /Users/aleks/Library/Developer/Xcode/DerivedData/PlanItApp-gkehojshtcbfvhersqwajfujohau/Build/Intermediates.noindex/GoogleSignIn.build/Debug-iphonesimulator/GoogleSignIn.build/Objects-normal/arm64/GIDCallbackQueue.d --serialize-diagnostics /Users/aleks/Library/Developer/Xcode/DerivedData/PlanItApp-gkehojshtcbfvhersqwajfujohau/Build/Intermediates.noindex/GoogleSignIn.build/Debug-iphonesimulator/GoogleSignIn.build/Objects-normal/arm64/GIDCallbackQueue.dia -c /Users/aleks/Library/Developer/Xcode/DerivedData/PlanItApp-gkehojshtcbfvhersqwajfujohau/SourcePackages/checkouts/GoogleSignIn-iOS/GoogleSignIn/Sources/GIDCallbackQueue.m -o /Users/aleks/Library/Developer/Xcode/DerivedData/PlanItApp-gkehojshtcbfvhersqwajfujohau/Build/Intermediates.noindex/GoogleSignIn.build/Debug-iphonesimulator/GoogleSignIn.build/Objects-normal/arm64/GIDCallbackQueue.o -index-unit-output-path /GoogleSignIn.build/Debug-iphonesimulator/GoogleSignIn.build/Objects-normal/arm64/GIDCallbackQueue.o

PrecompileModule /Users/aleks/Library/Developer/Xcode/DerivedData/PlanItApp-gkehojshtcbfvhersqwajfujohau/Build/Intermediates.noindex/ExplicitPrecompiledModules/AppCheckCore-8GLUDP01CGSJ97R1M58B5G9MF.scan
    cd /Users/aleks/Desktop/PlanItApp/PlanItApp.xcodeproj
    builtin-precompileModule /Users/aleks/Library/Developer/Xcode/DerivedData/PlanItApp-gkehojshtcbfvhersqwajfujohau/Build/Intermediates.noindex/ExplicitPrecompiledModules/AppCheckCore-8GLUDP01CGSJ97R1M58B5G9MF.scan

PrecompileModule /Users/aleks/Library/Developer/Xcode/DerivedData/PlanItApp-gkehojshtcbfvhersqwajfujohau/Build/Intermediates.noindex/ExplicitPrecompiledModules/IOSurface-CCYCGPZI7STSIE8KNUU8LRV9P.scan
    cd /Users/aleks/Desktop/PlanItApp/PlanItApp.xcodeproj
    builtin-precompileModule /Users/aleks/Library/Developer/Xcode/DerivedData/PlanItApp-gkehojshtcbfvhersqwajfujohau/Build/Intermediates.noindex/ExplicitPrecompiledModules/IOSurface-CCYCGPZI7STSIE8KNUU8LRV9P.scan

PrecompileModule /Users/aleks/Library/Developer/Xcode/DerivedData/PlanItApp-gkehojshtcbfvhersqwajfujohau/Build/Intermediates.noindex/ExplicitPrecompiledModules/UserNotifications-252D8VQ3QV56WLZN2D3OY9RXR.scan
    cd /Users/aleks/Desktop/PlanItApp/PlanItApp.xcodeproj
    builtin-precompileModule /Users/aleks/Library/Developer/Xcode/DerivedData/PlanItApp-gkehojshtcbfvhersqwajfujohau/Build/Intermediates.noindex/ExplicitPrecompiledModules/UserNotifications-252D8VQ3QV56WLZN2D3OY9RXR.scan

PrecompileModule /Users/aleks/Library/Developer/Xcode/DerivedData/PlanItApp-gkehojshtcbfvhersqwajfujohau/Build/Intermediates.noindex/ExplicitPrecompiledModules/LocalAuthentication-CHNJXZMIWRHQDDI0TIGUY3LL.scan
    cd /Users/aleks/Desktop/PlanItApp/PlanItApp.xcodeproj
    builtin-precompileModule /Users/aleks/Library/Developer/Xcode/DerivedData/PlanItApp-gkehojshtcbfvhersqwajfujohau/Build/Intermediates.noindex/ExplicitPrecompiledModules/LocalAuthentication-CHNJXZMIWRHQDDI0TIGUY3LL.scan

PrecompileModule /Users/aleks/Library/Developer/Xcode/DerivedData/PlanItApp-gkehojshtcbfvhersqwajfujohau/Build/Intermediates.noindex/ExplicitPrecompiledModules/Symbols-9YWWW1PBZPG1SWNLQZ7TVUT6D.scan
    cd /Users/aleks/Desktop/PlanItApp/PlanItApp.xcodeproj
    builtin-precompileModule /Users/aleks/Library/Developer/Xcode/DerivedData/PlanItApp-gkehojshtcbfvhersqwajfujohau/Build/Intermediates.noindex/ExplicitPrecompiledModules/Symbols-9YWWW1PBZPG1SWNLQZ7TVUT6D.scan

PrecompileModule /Users/aleks/Library/Developer/Xcode/DerivedData/PlanItApp-gkehojshtcbfvhersqwajfujohau/Build/Intermediates.noindex/ExplicitPrecompiledModules/AppAuthCore-3CB48I15HTAUR2XITA15MRV61.scan
    cd /Users/aleks/Desktop/PlanItApp/PlanItApp.xcodeproj
    builtin-precompileModule /Users/aleks/Library/Developer/Xcode/DerivedData/PlanItApp-gkehojshtcbfvhersqwajfujohau/Build/Intermediates.noindex/ExplicitPrecompiledModules/AppAuthCore-3CB48I15HTAUR2XITA15MRV61.scan

PrecompileModule /Users/aleks/Library/Developer/Xcode/DerivedData/PlanItApp-gkehojshtcbfvhersqwajfujohau/Build/Intermediates.noindex/ExplicitPrecompiledModules/OpenGLES-8OVLWBXEH3P8ZCY10KKP05QP9.scan
    cd /Users/aleks/Desktop/PlanItApp/PlanItApp.xcodeproj
    builtin-precompileModule /Users/aleks/Library/Developer/Xcode/DerivedData/PlanItApp-gkehojshtcbfvhersqwajfujohau/Build/Intermediates.noindex/ExplicitPrecompiledModules/OpenGLES-8OVLWBXEH3P8ZCY10KKP05QP9.scan

PrecompileModule /Users/aleks/Library/Developer/Xcode/DerivedData/PlanItApp-gkehojshtcbfvhersqwajfujohau/Build/Intermediates.noindex/ExplicitPrecompiledModules/FileProvider-DP6UDAW2OOF3U49NBMMLR7NS.scan
    cd /Users/aleks/Desktop/PlanItApp/PlanItApp.xcodeproj
    builtin-precompileModule /Users/aleks/Library/Developer/Xcode/DerivedData/PlanItApp-gkehojshtcbfvhersqwajfujohau/Build/Intermediates.noindex/ExplicitPrecompiledModules/FileProvider-DP6UDAW2OOF3U49NBMMLR7NS.scan

CompileC /Users/aleks/Library/Developer/Xcode/DerivedData/PlanItApp-gkehojshtcbfvhersqwajfujohau/Build/Intermediates.noindex/GoogleSignIn.build/Debug-iphonesimulator/GoogleSignIn.build/Objects-normal/arm64/GIDAppCheckProviderFake.o /Users/aleks/Library/Developer/Xcode/DerivedData/PlanItApp-gkehojshtcbfvhersqwajfujohau/SourcePackages/checkouts/GoogleSignIn-iOS/GoogleSignIn/Sources/GIDAppCheck/Implementations/Fake/GIDAppCheckProviderFake.m normal arm64 objective-c com.apple.compilers.llvm.clang.1_0.compiler (in target 'GoogleSignIn' from project 'GoogleSignIn')
    cd /Users/aleks/Desktop/PlanItApp/PlanItApp.xcodeproj
    
    Using response file: /Users/aleks/Library/Developer/Xcode/DerivedData/PlanItApp-gkehojshtcbfvhersqwajfujohau/Build/Intermediates.noindex/GoogleSignIn.build/Debug-iphonesimulator/GoogleSignIn.build/Objects-normal/arm64/e6072d4f65d7061329687fe24e3d63a7-common-args.resp
    
    /Applications/Xcode.app/Contents/Developer/Toolchains/XcodeDefault.xctoolchain/usr/bin/clang -x objective-c -ivfsstatcache /Users/aleks/Library/Developer/Xcode/DerivedData/SDKStatCaches.noindex/iphonesimulator18.5-22F76-d5fc8ad4295d2ef488fb7d0f804ce0c4.sdkstatcache -fmessage-length\=0 -fdiagnostics-show-note-include-stack -fmacro-backtrace-limit\=0 -fno-color-diagnostics -fmodules-prune-interval\=86400 -fmodules-prune-after\=345600 -fbuild-session-file\=/Users/aleks/Library/Developer/Xcode/DerivedData/ModuleCache.noindex/Session.modulevalidation -fmodules-validate-once-per-build-session -Wnon-modular-include-in-framework-module -Werror\=non-modular-include-in-framework-module -Wno-trigraphs -Wno-missing-field-initializers -Wno-missing-prototypes -Wno-return-type -Wno-implicit-atomic-properties -Wno-objc-interface-ivars -Wno-arc-repeated-use-of-weak -Wno-missing-braces -Wparentheses -Wswitch -Wno-unused-function -Wno-unused-label -Wno-unused-parameter -Wno-unused-variable -Wunused-value -Wno-empty-body -Wno-uninitialized -Wno-unknown-pragmas -w -Wno-shadow -Wno-four-char-constants -Wno-conversion -Wno-constant-conversion -Wno-int-conversion -Wno-bool-conversion -Wno-enum-conversion -Wno-float-conversion -Wno-non-literal-null-conversion -Wno-objc-literal-conversion -Wshorten-64-to-32 -Wpointer-sign -Wno-newline-eof -Wno-selector -Wno-strict-selector-match -Wno-undeclared-selector -Wno-deprecated-implementations -Wno-implicit-fallthrough -fstrict-aliasing -Wprotocol -Wdeprecated-declarations -Wno-sign-conversion -Wno-infinite-recursion -Wno-comma -Wno-block-capture-autoreleasing -Wno-strict-prototypes -Wno-semicolon-before-method-body -index-store-path /Users/aleks/Library/Developer/Xcode/DerivedData/PlanItApp-gkehojshtcbfvhersqwajfujohau/Index.noindex/DataStore @/Users/aleks/Library/Developer/Xcode/DerivedData/PlanItApp-gkehojshtcbfvhersqwajfujohau/Build/Intermediates.noindex/GoogleSignIn.build/Debug-iphonesimulator/GoogleSignIn.build/Objects-normal/arm64/e6072d4f65d7061329687fe24e3d63a7-common-args.resp -include /Users/aleks/Library/Developer/Xcode/DerivedData/PlanItApp-gkehojshtcbfvhersqwajfujohau/Build/Intermediates.noindex/GoogleSignIn.build/Debug-iphonesimulator/GoogleSignIn.build/DerivedSources/resource_bundle_accessor.h -MMD -MT dependencies -MF /Users/aleks/Library/Developer/Xcode/DerivedData/PlanItApp-gkehojshtcbfvhersqwajfujohau/Build/Intermediates.noindex/GoogleSignIn.build/Debug-iphonesimulator/GoogleSignIn.build/Objects-normal/arm64/GIDAppCheckProviderFake.d --serialize-diagnostics /Users/aleks/Library/Developer/Xcode/DerivedData/PlanItApp-gkehojshtcbfvhersqwajfujohau/Build/Intermediates.noindex/GoogleSignIn.build/Debug-iphonesimulator/GoogleSignIn.build/Objects-normal/arm64/GIDAppCheckProviderFake.dia -c /Users/aleks/Library/Developer/Xcode/DerivedData/PlanItApp-gkehojshtcbfvhersqwajfujohau/SourcePackages/checkouts/GoogleSignIn-iOS/GoogleSignIn/Sources/GIDAppCheck/Implementations/Fake/GIDAppCheckProviderFake.m -o /Users/aleks/Library/Developer/Xcode/DerivedData/PlanItApp-gkehojshtcbfvhersqwajfujohau/Build/Intermediates.noindex/GoogleSignIn.build/Debug-iphonesimulator/GoogleSignIn.build/Objects-normal/arm64/GIDAppCheckProviderFake.o -index-unit-output-path /GoogleSignIn.build/Debug-iphonesimulator/GoogleSignIn.build/Objects-normal/arm64/GIDAppCheckProviderFake.o

PrecompileModule /Users/aleks/Library/Developer/Xcode/DerivedData/PlanItApp-gkehojshtcbfvhersqwajfujohau/Build/Intermediates.noindex/ExplicitPrecompiledModules/Metal-2I4FD4BXCOHLX4WJG7Q7FESEL.scan
    cd /Users/aleks/Desktop/PlanItApp/PlanItApp.xcodeproj
    builtin-precompileModule /Users/aleks/Library/Developer/Xcode/DerivedData/PlanItApp-gkehojshtcbfvhersqwajfujohau/Build/Intermediates.noindex/ExplicitPrecompiledModules/Metal-2I4FD4BXCOHLX4WJG7Q7FESEL.scan

RegisterExecutionPolicyException /Users/aleks/Library/Developer/Xcode/DerivedData/PlanItApp-gkehojshtcbfvhersqwajfujohau/Build/Products/Debug-iphonesimulator/GoogleUtilities-AppDelegateSwizzler.o (in target 'GoogleUtilities-AppDelegateSwizzler' from project 'GoogleUtilities')
    cd /Users/aleks/Library/Developer/Xcode/DerivedData/PlanItApp-gkehojshtcbfvhersqwajfujohau/SourcePackages/checkouts/GoogleUtilities
    builtin-RegisterExecutionPolicyException /Users/aleks/Library/Developer/Xcode/DerivedData/PlanItApp-gkehojshtcbfvhersqwajfujohau/Build/Products/Debug-iphonesimulator/GoogleUtilities-AppDelegateSwizzler.o

SwiftDriver PlanItApp normal arm64 com.apple.xcode.tools.swift.compiler (in target 'PlanItApp' from project 'PlanItApp')
    cd /Users/aleks/Desktop/PlanItApp
    builtin-SwiftDriver -- /Applications/Xcode.app/Contents/Developer/Toolchains/XcodeDefault.xctoolchain/usr/bin/swiftc -module-name PlanItApp -Onone -enforce-exclusivity\=checked @/Users/aleks/Library/Developer/Xcode/DerivedData/PlanItApp-gkehojshtcbfvhersqwajfujohau/Build/Intermediates.noindex/PlanItApp.build/Debug-iphonesimulator/PlanItApp.build/Objects-normal/arm64/PlanItApp.SwiftFileList -DDEBUG -Xcc -fmodule-map-file\=/Users/aleks/Library/Developer/Xcode/DerivedData/PlanItApp-gkehojshtcbfvhersqwajfujohau/Build/Intermediates.noindex/GeneratedModuleMaps-iphonesimulator/RecaptchaInterop.modulemap -Xcc -fmodule-map-file\=/Users/aleks/Library/Developer/Xcode/DerivedData/PlanItApp-gkehojshtcbfvhersqwajfujohau/Build/Intermediates.noindex/GeneratedModuleMaps-iphonesimulator/GoogleUtilities-Network.modulemap -Xcc -fmodule-map-file\=/Users/aleks/Library/Developer/Xcode/DerivedData/PlanItApp-gkehojshtcbfvhersqwajfujohau/Build/Intermediates.noindex/GeneratedModuleMaps-iphonesimulator/GoogleUtilities-Reachability.modulemap -Xcc -fmodule-map-file\=/Users/aleks/Library/Developer/Xcode/DerivedData/PlanItApp-gkehojshtcbfvhersqwajfujohau/Build/Intermediates.noindex/GeneratedModuleMaps-iphonesimulator/GoogleUtilities-AppDelegateSwizzler.modulemap -Xcc -fmodule-map-file\=/Users/aleks/Library/Developer/Xcode/DerivedData/PlanItApp-gkehojshtcbfvhersqwajfujohau/Build/Intermediates.noindex/GeneratedModuleMaps-iphonesimulator/FirebaseAuthInternal.modulemap -Xcc -fmodule-map-file\=/Users/aleks/Library/Developer/Xcode/DerivedData/PlanItApp-gkehojshtcbfvhersqwajfujohau/Build/Intermediates.noindex/GeneratedModuleMaps-iphonesimulator/FirebaseAuthInterop.modulemap -Xcc -fmodule-map-file\=/Users/aleks/Library/Developer/Xcode/DerivedData/PlanItApp-gkehojshtcbfvhersqwajfujohau/Build/Intermediates.noindex/GeneratedModuleMaps-iphonesimulator/GoogleUtilities-NSData.modulemap -Xcc -fmodule-map-file\=/Users/aleks/Library/Developer/Xcode/DerivedData/PlanItApp-gkehojshtcbfvhersqwajfujohau/Build/Intermediates.noindex/GeneratedModuleMaps-iphonesimulator/abslWrapper.modulemap -Xcc -fmodule-map-file\=/Users/aleks/Library/Developer/Xcode/DerivedData/PlanItApp-gkehojshtcbfvhersqwajfujohau/Build/Intermediates.noindex/GeneratedModuleMaps-iphonesimulator/opensslWrapper.modulemap -Xcc -fmodule-map-file\=/Users/aleks/Library/Developer/Xcode/DerivedData/PlanItApp-gkehojshtcbfvhersqwajfujohau/Build/Intermediates.noindex/GeneratedModuleMaps-iphonesimulator/grpcWrapper.modulemap -Xcc -fmodule-map-file\=/Users/aleks/Library/Developer/Xcode/DerivedData/PlanItApp-gkehojshtcbfvhersqwajfujohau/Build/Intermediates.noindex/GeneratedModuleMaps-iphonesimulator/grpcppWrapper.modulemap -Xcc -fmodule-map-file\=/Users/aleks/Library/Developer/Xcode/DerivedData/PlanItApp-gkehojshtcbfvhersqwajfujohau/Build/Intermediates.noindex/GeneratedModuleMaps-iphonesimulator/nanopb.modulemap -Xcc -fmodule-map-file\=/Users/aleks/Library/Developer/Xcode/DerivedData/PlanItApp-gkehojshtcbfvhersqwajfujohau/Build/Intermediates.noindex/GeneratedModuleMaps-iphonesimulator/leveldb.modulemap -Xcc -fmodule-map-file\=/Users/aleks/Library/Developer/Xcode/DerivedData/PlanItApp-gkehojshtcbfvhersqwajfujohau/Build/Intermediates.noindex/GeneratedModuleMaps-iphonesimulator/FirebaseCoreExtension.modulemap -Xcc -fmodule-map-file\=/Users/aleks/Library/Developer/Xcode/DerivedData/PlanItApp-gkehojshtcbfvhersqwajfujohau/Build/Intermediates.noindex/GeneratedModuleMaps-iphonesimulator/FirebaseCore.modulemap -Xcc -fmodule-map-file\=/Users/aleks/Library/Developer/Xcode/DerivedData/PlanItApp-gkehojshtcbfvhersqwajfujohau/Build/Intermediates.noindex/GeneratedModuleMaps-iphonesimulator/FirebaseAppCheckInterop.modulemap -Xcc -fmodule-map-file\=/Users/aleks/Library/Developer/Xcode/DerivedData/PlanItApp-gkehojshtcbfvhersqwajfujohau/Build/Intermediates.noindex/GeneratedModuleMaps-iphonesimulator/FirebaseFirestoreInternalWrapper.modulemap -Xcc -fmodule-map-file\=/Users/aleks/Library/Developer/Xcode/DerivedData/PlanItApp-gkehojshtcbfvhersqwajfujohau/Build/Intermediates.noindex/GeneratedModuleMaps-iphonesimulator/FirebaseFirestoreTarget.modulemap -Xcc -fmodule-map-file\=/Users/aleks/Library/Developer/Xcode/DerivedData/PlanItApp-gkehojshtcbfvhersqwajfujohau/Build/Intermediates.noindex/GeneratedModuleMaps-iphonesimulator/AppAuth.modulemap -Xcc -fmodule-map-file\=/Users/aleks/Library/Developer/Xcode/DerivedData/PlanItApp-gkehojshtcbfvhersqwajfujohau/Build/Intermediates.noindex/GeneratedModuleMaps-iphonesimulator/GoogleUtilities-Logger.modulemap -Xcc -fmodule-map-file\=/Users/aleks/Library/Developer/Xcode/DerivedData/PlanItApp-gkehojshtcbfvhersqwajfujohau/Build/Intermediates.noindex/GeneratedModuleMaps-iphonesimulator/GoogleUtilities-Environment.modulemap -Xcc -fmodule-map-file\=/Users/aleks/Library/Developer/Xcode/DerivedData/PlanItApp-gkehojshtcbfvhersqwajfujohau/Build/Intermediates.noindex/GeneratedModuleMaps-iphonesimulator/third-party-IsAppEncrypted.modulemap -Xcc -fmodule-map-file\=/Users/aleks/Library/Developer/Xcode/DerivedData/PlanItApp-gkehojshtcbfvhersqwajfujohau/Build/Intermediates.noindex/GeneratedModuleMaps-iphonesimulator/GoogleUtilities-UserDefaults.modulemap -Xcc -fmodule-map-file\=/Users/aleks/Library/Developer/Xcode/DerivedData/PlanItApp-gkehojshtcbfvhersqwajfujohau/Build/Intermediates.noindex/GeneratedModuleMaps-iphonesimulator/AppCheckCore.modulemap -Xcc -fmodule-map-file\=/Users/aleks/Library/Developer/Xcode/DerivedData/PlanItApp-gkehojshtcbfvhersqwajfujohau/Build/Intermediates.noindex/GeneratedModuleMaps-iphonesimulator/AppAuthCore.modulemap -Xcc -fmodule-map-file\=/Users/aleks/Library/Developer/Xcode/DerivedData/PlanItApp-gkehojshtcbfvhersqwajfujohau/Build/Intermediates.noindex/GeneratedModuleMaps-iphonesimulator/GTMSessionFetcherCore.modulemap -Xcc -fmodule-map-file\=/Users/aleks/Library/Developer/Xcode/DerivedData/PlanItApp-gkehojshtcbfvhersqwajfujohau/Build/Intermediates.noindex/GeneratedModuleMaps-iphonesimulator/GoogleSignIn.modulemap -enable-bare-slash-regex -enable-experimental-feature DebugDescriptionMacro -sdk /Applications/Xcode.app/Contents/Developer/Platforms/iPhoneSimulator.platform/Developer/SDKs/iPhoneSimulator18.5.sdk -target arm64-apple-ios17.0-simulator -g -module-cache-path /Users/aleks/Library/Developer/Xcode/DerivedData/ModuleCache.noindex -Xfrontend -serialize-debugging-options -profile-coverage-mapping -profile-generate -enable-testing -swift-version 5 -I /Users/aleks/Library/Developer/Xcode/DerivedData/PlanItApp-gkehojshtcbfvhersqwajfujohau/Build/Products/Debug-iphonesimulator -F /Users/aleks/Library/Developer/Xcode/DerivedData/PlanItApp-gkehojshtcbfvhersqwajfujohau/Build/Products/Debug-iphonesimulator/PackageFrameworks -F /Users/aleks/Library/Developer/Xcode/DerivedData/PlanItApp-gkehojshtcbfvhersqwajfujohau/Build/Products/Debug-iphonesimulator/PackageFrameworks -F /Users/aleks/Library/Developer/Xcode/DerivedData/PlanItApp-gkehojshtcbfvhersqwajfujohau/Build/Products/Debug-iphonesimulator/PackageFrameworks -F /Users/aleks/Library/Developer/Xcode/DerivedData/PlanItApp-gkehojshtcbfvhersqwajfujohau/Build/Products/Debug-iphonesimulator/PackageFrameworks -F /Users/aleks/Library/Developer/Xcode/DerivedData/PlanItApp-gkehojshtcbfvhersqwajfujohau/Build/Products/Debug-iphonesimulator/PackageFrameworks -F /Users/aleks/Library/Developer/Xcode/DerivedData/PlanItApp-gkehojshtcbfvhersqwajfujohau/Build/Products/Debug-iphonesimulator/PackageFrameworks -F /Users/aleks/Library/Developer/Xcode/DerivedData/PlanItApp-gkehojshtcbfvhersqwajfujohau/Build/Products/Debug-iphonesimulator/PackageFrameworks -F /Users/aleks/Library/Developer/Xcode/DerivedData/PlanItApp-gkehojshtcbfvhersqwajfujohau/Build/Products/Debug-iphonesimulator/PackageFrameworks -F /Users/aleks/Library/Developer/Xcode/DerivedData/PlanItApp-gkehojshtcbfvhersqwajfujohau/Build/Products/Debug-iphonesimulator/PackageFrameworks -F /Users/aleks/Library/Developer/Xcode/DerivedData/PlanItApp-gkehojshtcbfvhersqwajfujohau/Build/Products/Debug-iphonesimulator/PackageFrameworks -F /Users/aleks/Library/Developer/Xcode/DerivedData/PlanItApp-gkehojshtcbfvhersqwajfujohau/Build/Products/Debug-iphonesimulator/PackageFrameworks -F /Users/aleks/Library/Developer/Xcode/DerivedData/PlanItApp-gkehojshtcbfvhersqwajfujohau/Build/Products/Debug-iphonesimulator/PackageFrameworks -F /Users/aleks/Library/Developer/Xcode/DerivedData/PlanItApp-gkehojshtcbfvhersqwajfujohau/Build/Products/Debug-iphonesimulator/PackageFrameworks -F /Users/aleks/Library/Developer/Xcode/DerivedData/PlanItApp-gkehojshtcbfvhersqwajfujohau/Build/Products/Debug-iphonesimulator/PackageFrameworks -F /Users/aleks/Library/Developer/Xcode/DerivedData/PlanItApp-gkehojshtcbfvhersqwajfujohau/Build/Products/Debug-iphonesimulator/PackageFrameworks -F /Users/aleks/Library/Developer/Xcode/DerivedData/PlanItApp-gkehojshtcbfvhersqwajfujohau/Build/Products/Debug-iphonesimulator/PackageFrameworks -F /Users/aleks/Library/Developer/Xcode/DerivedData/PlanItApp-gkehojshtcbfvhersqwajfujohau/Build/Products/Debug-iphonesimulator/PackageFrameworks -F /Users/aleks/Library/Developer/Xcode/DerivedData/PlanItApp-gkehojshtcbfvhersqwajfujohau/Build/Products/Debug-iphonesimulator/PackageFrameworks -F /Users/aleks/Library/Developer/Xcode/DerivedData/PlanItApp-gkehojshtcbfvhersqwajfujohau/Build/Products/Debug-iphonesimulator/PackageFrameworks -F /Users/aleks/Library/Developer/Xcode/DerivedData/PlanItApp-gkehojshtcbfvhersqwajfujohau/Build/Products/Debug-iphonesimulator/PackageFrameworks -F /Users/aleks/Library/Developer/Xcode/DerivedData/PlanItApp-gkehojshtcbfvhersqwajfujohau/Build/Products/Debug-iphonesimulator/PackageFrameworks -F /Users/aleks/Library/Developer/Xcode/DerivedData/PlanItApp-gkehojshtcbfvhersqwajfujohau/Build/Products/Debug-iphonesimulator/PackageFrameworks -F /Users/aleks/Library/Developer/Xcode/DerivedData/PlanItApp-gkehojshtcbfvhersqwajfujohau/Build/Products/Debug-iphonesimulator/PackageFrameworks -F /Users/aleks/Library/Developer/Xcode/DerivedData/PlanItApp-gkehojshtcbfvhersqwajfujohau/Build/Products/Debug-iphonesimulator/PackageFrameworks -F /Users/aleks/Library/Developer/Xcode/DerivedData/PlanItApp-gkehojshtcbfvhersqwajfujohau/Build/Products/Debug-iphonesimulator/PackageFrameworks -F /Users/aleks/Library/Developer/Xcode/DerivedData/PlanItApp-gkehojshtcbfvhersqwajfujohau/Build/Products/Debug-iphonesimulator/PackageFrameworks -F /Users/aleks/Library/Developer/Xcode/DerivedData/PlanItApp-gkehojshtcbfvhersqwajfujohau/Build/Products/Debug-iphonesimulator/PackageFrameworks -F /Users/aleks/Library/Developer/Xcode/DerivedData/PlanItApp-gkehojshtcbfvhersqwajfujohau/Build/Products/Debug-iphonesimulator/PackageFrameworks -F /Users/aleks/Library/Developer/Xcode/DerivedData/PlanItApp-gkehojshtcbfvhersqwajfujohau/Build/Products/Debug-iphonesimulator/PackageFrameworks -F /Users/aleks/Library/Developer/Xcode/DerivedData/PlanItApp-gkehojshtcbfvhersqwajfujohau/Build/Products/Debug-iphonesimulator/PackageFrameworks -F /Users/aleks/Library/Developer/Xcode/DerivedData/PlanItApp-gkehojshtcbfvhersqwajfujohau/Build/Products/Debug-iphonesimulator/PackageFrameworks -F /Users/aleks/Library/Developer/Xcode/DerivedData/PlanItApp-gkehojshtcbfvhersqwajfujohau/Build/Products/Debug-iphonesimulator/PackageFrameworks -F /Users/aleks/Library/Developer/Xcode/DerivedData/PlanItApp-gkehojshtcbfvhersqwajfujohau/Build/Products/Debug-iphonesimulator/PackageFrameworks -F /Users/aleks/Library/Developer/Xcode/DerivedData/PlanItApp-gkehojshtcbfvhersqwajfujohau/Build/Products/Debug-iphonesimulator/PackageFrameworks -F /Users/aleks/Library/Developer/Xcode/DerivedData/PlanItApp-gkehojshtcbfvhersqwajfujohau/Build/Products/Debug-iphonesimulator -emit-localized-strings -emit-localized-strings-path /Users/aleks/Library/Developer/Xcode/DerivedData/PlanItApp-gkehojshtcbfvhersqwajfujohau/Build/Intermediates.noindex/PlanItApp.build/Debug-iphonesimulator/PlanItApp.build/Objects-normal/arm64 -c -j10 -enable-batch-mode -incremental -Xcc -ivfsstatcache -Xcc /Users/aleks/Library/Developer/Xcode/DerivedData/SDKStatCaches.noindex/iphonesimulator18.5-22F76-d5fc8ad4295d2ef488fb7d0f804ce0c4.sdkstatcache -output-file-map /Users/aleks/Library/Developer/Xcode/DerivedData/PlanItApp-gkehojshtcbfvhersqwajfujohau/Build/Intermediates.noindex/PlanItApp.build/Debug-iphonesimulator/PlanItApp.build/Objects-normal/arm64/PlanItApp-OutputFileMap.json -use-frontend-parseable-output -save-temps -no-color-diagnostics -serialize-diagnostics -emit-dependencies -emit-module -emit-module-path /Users/aleks/Library/Developer/Xcode/DerivedData/PlanItApp-gkehojshtcbfvhersqwajfujohau/Build/Intermediates.noindex/PlanItApp.build/Debug-iphonesimulator/PlanItApp.build/Objects-normal/arm64/PlanItApp.swiftmodule -validate-clang-modules-once -clang-build-session-file /Users/aleks/Library/Developer/Xcode/DerivedData/ModuleCache.noindex/Session.modulevalidation -Xcc -I/Users/aleks/Library/Developer/Xcode/DerivedData/PlanItApp-gkehojshtcbfvhersqwajfujohau/Build/Intermediates.noindex/PlanItApp.build/Debug-iphonesimulator/PlanItApp.build/swift-overrides.hmap -emit-const-values -Xfrontend -const-gather-protocols-file -Xfrontend /Users/aleks/Library/Developer/Xcode/DerivedData/PlanItApp-gkehojshtcbfvhersqwajfujohau/Build/Intermediates.noindex/PlanItApp.build/Debug-iphonesimulator/PlanItApp.build/Objects-normal/arm64/PlanItApp_const_extract_protocols.json -Xcc -iquote -Xcc /Users/aleks/Library/Developer/Xcode/DerivedData/PlanItApp-gkehojshtcbfvhersqwajfujohau/Build/Intermediates.noindex/PlanItApp.build/Debug-iphonesimulator/PlanItApp.build/PlanItApp-generated-files.hmap -Xcc -I/Users/aleks/Library/Developer/Xcode/DerivedData/PlanItApp-gkehojshtcbfvhersqwajfujohau/Build/Intermediates.noindex/PlanItApp.build/Debug-iphonesimulator/PlanItApp.build/PlanItApp-own-target-headers.hmap -Xcc -I/Users/aleks/Library/Developer/Xcode/DerivedData/PlanItApp-gkehojshtcbfvhersqwajfujohau/Build/Intermediates.noindex/PlanItApp.build/Debug-iphonesimulator/PlanItApp.build/PlanItApp-all-non-framework-target-headers.hmap -Xcc -ivfsoverlay -Xcc /Users/aleks/Library/Developer/Xcode/DerivedData/PlanItApp-gkehojshtcbfvhersqwajfujohau/Build/Intermediates.noindex/PlanItApp.build/Debug-iphonesimulator/PlanItApp-f8ebfe90b189d4827f3c1d7946f1573a-VFS-iphonesimulator/all-product-headers.yaml -Xcc -iquote -Xcc /Users/aleks/Library/Developer/Xcode/DerivedData/PlanItApp-gkehojshtcbfvhersqwajfujohau/Build/Intermediates.noindex/PlanItApp.build/Debug-iphonesimulator/PlanItApp.build/PlanItApp-project-headers.hmap -Xcc -I/Users/aleks/Library/Developer/Xcode/DerivedData/PlanItApp-gkehojshtcbfvhersqwajfujohau/SourcePackages/checkouts/interop-ios-for-google-sdks/RecaptchaEnterprise/RecaptchaInterop/Public -Xcc -I/Users/aleks/Library/Developer/Xcode/DerivedData/PlanItApp-gkehojshtcbfvhersqwajfujohau/SourcePackages/checkouts/GoogleUtilities/GoogleUtilities/Network/Public -Xcc -I/Users/aleks/Library/Developer/Xcode/DerivedData/PlanItApp-gkehojshtcbfvhersqwajfujohau/SourcePackages/checkouts/GoogleUtilities/GoogleUtilities/Reachability/Public -Xcc -I/Users/aleks/Library/Developer/Xcode/DerivedData/PlanItApp-gkehojshtcbfvhersqwajfujohau/SourcePackages/checkouts/GoogleUtilities/GoogleUtilities/AppDelegateSwizzler/Public -Xcc -I/Users/aleks/Library/Developer/Xcode/DerivedData/PlanItApp-gkehojshtcbfvhersqwajfujohau/SourcePackages/checkouts/firebase-ios-sdk/FirebaseAuth/Sources/Public -Xcc -I/Users/aleks/Library/Developer/Xcode/DerivedData/PlanItApp-gkehojshtcbfvhersqwajfujohau/SourcePackages/checkouts/firebase-ios-sdk/FirebaseAuth/Interop/Public -Xcc -I/Users/aleks/Library/Developer/Xcode/DerivedData/PlanItApp-gkehojshtcbfvhersqwajfujohau/SourcePackages/checkouts/GoogleUtilities/GoogleUtilities/NSData+zlib/Public -Xcc -I/Users/aleks/Library/Developer/Xcode/DerivedData/PlanItApp-gkehojshtcbfvhersqwajfujohau/SourcePackages/checkouts/abseil-cpp-binary/absl-Wrapper/include -Xcc -I/Users/aleks/Library/Developer/Xcode/DerivedData/PlanItApp-gkehojshtcbfvhersqwajfujohau/SourcePackages/checkouts/grpc-binary/openssl-grpc-Wrapper/include -Xcc -I/Users/aleks/Library/Developer/Xcode/DerivedData/PlanItApp-gkehojshtcbfvhersqwajfujohau/SourcePackages/checkouts/grpc-binary/grpc-Wrapper/include -Xcc -I/Users/aleks/Library/Developer/Xcode/DerivedData/PlanItApp-gkehojshtcbfvhersqwajfujohau/SourcePackages/checkouts/grpc-binary/grpcpp-Wrapper/include -Xcc -I/Users/aleks/Library/Developer/Xcode/DerivedData/PlanItApp-gkehojshtcbfvhersqwajfujohau/SourcePackages/checkouts/nanopb/spm_headers -Xcc -I/Users/aleks/Library/Developer/Xcode/DerivedData/PlanItApp-gkehojshtcbfvhersqwajfujohau/SourcePackages/checkouts/leveldb/include -Xcc -I/Users/aleks/Library/Developer/Xcode/DerivedData/PlanItApp-gkehojshtcbfvhersqwajfujohau/SourcePackages/checkouts/firebase-ios-sdk/FirebaseCore/Extension -Xcc -I/Users/aleks/Library/Developer/Xcode/DerivedData/PlanItApp-gkehojshtcbfvhersqwajfujohau/SourcePackages/checkouts/firebase-ios-sdk/FirebaseCore/Sources/Public -Xcc -I/Users/aleks/Library/Developer/Xcode/DerivedData/PlanItApp-gkehojshtcbfvhersqwajfujohau/SourcePackages/checkouts/firebase-ios-sdk/CoreOnly/Sources -Xcc -I/Users/aleks/Library/Developer/Xcode/DerivedData/PlanItApp-gkehojshtcbfvhersqwajfujohau/SourcePackages/checkouts/firebase-ios-sdk/FirebaseAppCheck/Interop/Public -Xcc -I/Users/aleks/Library/Developer/Xcode/DerivedData/PlanItApp-gkehojshtcbfvhersqwajfujohau/SourcePackages/checkouts/firebase-ios-sdk/FirebaseFirestoreInternal -Xcc -I/Users/aleks/Library/Developer/Xcode/DerivedData/PlanItApp-gkehojshtcbfvhersqwajfujohau/SourcePackages/checkouts/firebase-ios-sdk/SwiftPM-PlatformExclude/FirebaseFirestoreWrap/include -Xcc -I/Users/aleks/Library/Developer/Xcode/DerivedData/PlanItApp-gkehojshtcbfvhersqwajfujohau/SourcePackages/checkouts/AppAuth-iOS/Sources/AppAuth -Xcc -I/Users/aleks/Library/Developer/Xcode/DerivedData/PlanItApp-gkehojshtcbfvhersqwajfujohau/SourcePackages/checkouts/promises/Sources/FBLPromises/include -Xcc -I/Users/aleks/Library/Developer/Xcode/DerivedData/PlanItApp-gkehojshtcbfvhersqwajfujohau/SourcePackages/checkouts/GoogleUtilities/GoogleUtilities/Logger/Public -Xcc -I/Users/aleks/Library/Developer/Xcode/DerivedData/PlanItApp-gkehojshtcbfvhersqwajfujohau/SourcePackages/checkouts/GoogleUtilities/GoogleUtilities/Environment/Public -Xcc -I/Users/aleks/Library/Developer/Xcode/DerivedData/PlanItApp-gkehojshtcbfvhersqwajfujohau/SourcePackages/checkouts/GoogleUtilities/third_party/IsAppEncrypted/Public -Xcc -I/Users/aleks/Library/Developer/Xcode/DerivedData/PlanItApp-gkehojshtcbfvhersqwajfujohau/SourcePackages/checkouts/GoogleUtilities/GoogleUtilities/UserDefaults/Public -Xcc -I/Users/aleks/Library/Developer/Xcode/DerivedData/PlanItApp-gkehojshtcbfvhersqwajfujohau/SourcePackages/checkouts/app-check/AppCheckCore/Sources/Public -Xcc -I/Users/aleks/Library/Developer/Xcode/DerivedData/PlanItApp-gkehojshtcbfvhersqwajfujohau/SourcePackages/checkouts/AppAuth-iOS/Sources/AppAuthCore -Xcc -I/Users/aleks/Library/Developer/Xcode/DerivedData/PlanItApp-gkehojshtcbfvhersqwajfujohau/SourcePackages/checkouts/gtm-session-fetcher/Sources/Core/Public -Xcc -I/Users/aleks/Library/Developer/Xcode/DerivedData/PlanItApp-gkehojshtcbfvhersqwajfujohau/SourcePackages/checkouts/GoogleSignIn-iOS/GoogleSignIn/Sources/Public -Xcc -I/Users/aleks/Library/Developer/Xcode/DerivedData/PlanItApp-gkehojshtcbfvhersqwajfujohau/Build/Products/Debug-iphonesimulator/include -Xcc -I/Users/aleks/Library/Developer/Xcode/DerivedData/PlanItApp-gkehojshtcbfvhersqwajfujohau/Build/Intermediates.noindex/PlanItApp.build/Debug-iphonesimulator/PlanItApp.build/DerivedSources-normal/arm64 -Xcc -I/Users/aleks/Library/Developer/Xcode/DerivedData/PlanItApp-gkehojshtcbfvhersqwajfujohau/Build/Intermediates.noindex/PlanItApp.build/Debug-iphonesimulator/PlanItApp.build/DerivedSources/arm64 -Xcc -I/Users/aleks/Library/Developer/Xcode/DerivedData/PlanItApp-gkehojshtcbfvhersqwajfujohau/Build/Intermediates.noindex/PlanItApp.build/Debug-iphonesimulator/PlanItApp.build/DerivedSources -Xcc -DDEBUG\=1 -emit-objc-header -emit-objc-header-path /Users/aleks/Library/Developer/Xcode/DerivedData/PlanItApp-gkehojshtcbfvhersqwajfujohau/Build/Intermediates.noindex/PlanItApp.build/Debug-iphonesimulator/PlanItApp.build/Objects-normal/arm64/PlanItApp-Swift.h -working-directory /Users/aleks/Desktop/PlanItApp -experimental-emit-module-separately -disable-cmo

SwiftCompile normal arm64 Compiling\ MainView.swift,\ AddFriendView.swift,\ AllReviewsView.swift,\ GooglePlace+Conversion.swift,\ GooglePlaceExtensions.swift,\ ModernPlaceDetailView.swift,\ XPRingView.swift,\ PsychologicalComponents.swift,\ AuthenticationService.swift,\ FuturisticTabBar.swift,\ RevenueChartView.swift,\ StatCardView.swift /Users/aleks/Desktop/PlanItApp/PlanItApp/Views/MainView.swift /Users/aleks/Desktop/PlanItApp/PlanItApp/AddFriendView.swift /Users/aleks/Desktop/PlanItApp/PlanItApp/AllReviewsView.swift /Users/aleks/Desktop/PlanItApp/PlanItApp/GooglePlace+Conversion.swift /Users/aleks/Desktop/PlanItApp/PlanItApp/GooglePlaceExtensions.swift /Users/aleks/Desktop/PlanItApp/PlanItApp/ModernPlaceDetailView.swift /Users/aleks/Desktop/PlanItApp/PlanItApp/XPRingView.swift /Users/aleks/Desktop/PlanItApp/PlanItApp/Views/PsychologicalComponents.swift /Users/aleks/Desktop/PlanItApp/PlanItApp/AuthenticationService.swift /Users/aleks/Desktop/PlanItApp/PlanItApp/Components/FuturisticTabBar.swift /Users/aleks/Desktop/PlanItApp/PlanItApp/Components/RevenueChartView.swift /Users/aleks/Desktop/PlanItApp/PlanItApp/Components/StatCardView.swift (in target 'PlanItApp' from project 'PlanItApp')
SwiftCompile normal arm64 /Users/aleks/Desktop/PlanItApp/PlanItApp/Views/MainView.swift (in target 'PlanItApp' from project 'PlanItApp')
    cd /Users/aleks/Desktop/PlanItApp
    

SwiftCompile normal arm64 /Users/aleks/Desktop/PlanItApp/PlanItApp/AddFriendView.swift (in target 'PlanItApp' from project 'PlanItApp')
    cd /Users/aleks/Desktop/PlanItApp
    

SwiftCompile normal arm64 /Users/aleks/Desktop/PlanItApp/PlanItApp/AllReviewsView.swift (in target 'PlanItApp' from project 'PlanItApp')
    cd /Users/aleks/Desktop/PlanItApp
    

SwiftCompile normal arm64 /Users/aleks/Desktop/PlanItApp/PlanItApp/GooglePlace+Conversion.swift (in target 'PlanItApp' from project 'PlanItApp')
    cd /Users/aleks/Desktop/PlanItApp
    

SwiftCompile normal arm64 /Users/aleks/Desktop/PlanItApp/PlanItApp/GooglePlaceExtensions.swift (in target 'PlanItApp' from project 'PlanItApp')
    cd /Users/aleks/Desktop/PlanItApp
    

SwiftCompile normal arm64 /Users/aleks/Desktop/PlanItApp/PlanItApp/ModernPlaceDetailView.swift (in target 'PlanItApp' from project 'PlanItApp')
    cd /Users/aleks/Desktop/PlanItApp
    

SwiftCompile normal arm64 /Users/aleks/Desktop/PlanItApp/PlanItApp/XPRingView.swift (in target 'PlanItApp' from project 'PlanItApp')
    cd /Users/aleks/Desktop/PlanItApp
    

SwiftCompile normal arm64 /Users/aleks/Desktop/PlanItApp/PlanItApp/Views/PsychologicalComponents.swift (in target 'PlanItApp' from project 'PlanItApp')
    cd /Users/aleks/Desktop/PlanItApp
    

SwiftCompile normal arm64 /Users/aleks/Desktop/PlanItApp/PlanItApp/AuthenticationService.swift (in target 'PlanItApp' from project 'PlanItApp')
    cd /Users/aleks/Desktop/PlanItApp
    

SwiftCompile normal arm64 /Users/aleks/Desktop/PlanItApp/PlanItApp/Components/FuturisticTabBar.swift (in target 'PlanItApp' from project 'PlanItApp')
    cd /Users/aleks/Desktop/PlanItApp
    

SwiftCompile normal arm64 /Users/aleks/Desktop/PlanItApp/PlanItApp/Components/RevenueChartView.swift (in target 'PlanItApp' from project 'PlanItApp')
    cd /Users/aleks/Desktop/PlanItApp
    

SwiftCompile normal arm64 /Users/aleks/Desktop/PlanItApp/PlanItApp/Components/StatCardView.swift (in target 'PlanItApp' from project 'PlanItApp')
    cd /Users/aleks/Desktop/PlanItApp
    

SwiftCompile normal arm64 Compiling\ JSONContentView.swift,\ LanguageSelectionView.swift,\ LoadingScreen.swift,\ LocalizationManager.swift,\ LocationManager.swift,\ LocationPermissionStepView.swift,\ LocationSearchService.swift,\ LocationSelectorView.swift,\ LocationSettingsView.swift,\ LoginView.swift,\ MetricCardView.swift,\ MetricDetailSheetView.swift /Users/aleks/Desktop/PlanItApp/PlanItApp/JSONContentView.swift /Users/aleks/Desktop/PlanItApp/PlanItApp/LanguageSelectionView.swift /Users/aleks/Desktop/PlanItApp/PlanItApp/LoadingScreen.swift /Users/aleks/Desktop/PlanItApp/PlanItApp/LocalizationManager.swift /Users/aleks/Desktop/PlanItApp/PlanItApp/LocationManager.swift /Users/aleks/Desktop/PlanItApp/PlanItApp/LocationPermissionStepView.swift /Users/aleks/Desktop/PlanItApp/PlanItApp/LocationSearchService.swift /Users/aleks/Desktop/PlanItApp/PlanItApp/LocationSelectorView.swift /Users/aleks/Desktop/PlanItApp/PlanItApp/LocationSettingsView.swift /Users/aleks/Desktop/PlanItApp/PlanItApp/LoginView.swift /Users/aleks/Desktop/PlanItApp/PlanItApp/MetricCardView.swift /Users/aleks/Desktop/PlanItApp/PlanItApp/MetricDetailSheetView.swift (in target 'PlanItApp' from project 'PlanItApp')
SwiftCompile normal arm64 /Users/aleks/Desktop/PlanItApp/PlanItApp/JSONContentView.swift (in target 'PlanItApp' from project 'PlanItApp')
    cd /Users/aleks/Desktop/PlanItApp
    

SwiftCompile normal arm64 /Users/aleks/Desktop/PlanItApp/PlanItApp/LanguageSelectionView.swift (in target 'PlanItApp' from project 'PlanItApp')
    cd /Users/aleks/Desktop/PlanItApp
    

SwiftCompile normal arm64 /Users/aleks/Desktop/PlanItApp/PlanItApp/LoadingScreen.swift (in target 'PlanItApp' from project 'PlanItApp')
    cd /Users/aleks/Desktop/PlanItApp
    

SwiftCompile normal arm64 /Users/aleks/Desktop/PlanItApp/PlanItApp/LocalizationManager.swift (in target 'PlanItApp' from project 'PlanItApp')
    cd /Users/aleks/Desktop/PlanItApp
    

SwiftCompile normal arm64 /Users/aleks/Desktop/PlanItApp/PlanItApp/LocationManager.swift (in target 'PlanItApp' from project 'PlanItApp')
    cd /Users/aleks/Desktop/PlanItApp
    

SwiftCompile normal arm64 /Users/aleks/Desktop/PlanItApp/PlanItApp/LocationPermissionStepView.swift (in target 'PlanItApp' from project 'PlanItApp')
    cd /Users/aleks/Desktop/PlanItApp
    

SwiftCompile normal arm64 /Users/aleks/Desktop/PlanItApp/PlanItApp/LocationSearchService.swift (in target 'PlanItApp' from project 'PlanItApp')
    cd /Users/aleks/Desktop/PlanItApp
    

SwiftCompile normal arm64 /Users/aleks/Desktop/PlanItApp/PlanItApp/LocationSelectorView.swift (in target 'PlanItApp' from project 'PlanItApp')
    cd /Users/aleks/Desktop/PlanItApp
    

SwiftCompile normal arm64 /Users/aleks/Desktop/PlanItApp/PlanItApp/LocationSettingsView.swift (in target 'PlanItApp' from project 'PlanItApp')
    cd /Users/aleks/Desktop/PlanItApp
    

SwiftCompile normal arm64 /Users/aleks/Desktop/PlanItApp/PlanItApp/LoginView.swift (in target 'PlanItApp' from project 'PlanItApp')
    cd /Users/aleks/Desktop/PlanItApp
    

SwiftCompile normal arm64 /Users/aleks/Desktop/PlanItApp/PlanItApp/MetricCardView.swift (in target 'PlanItApp' from project 'PlanItApp')
    cd /Users/aleks/Desktop/PlanItApp
    

SwiftCompile normal arm64 /Users/aleks/Desktop/PlanItApp/PlanItApp/MetricDetailSheetView.swift (in target 'PlanItApp' from project 'PlanItApp')
    cd /Users/aleks/Desktop/PlanItApp
    

SwiftCompile normal arm64 Compiling\ MigrationUtility.swift,\ MissionDetailView.swift,\ CacheManager.swift,\ MissionManager.swift,\ MissionsView.swift,\ ModernMainScreen.swift,\ ModernMainTabView.swift,\ ModernPartyCard.swift,\ ModernPlaceCard.swift,\ OnboardingQuestionView.swift,\ OnboardingStatisticsView.swift,\ Palettes.swift /Users/aleks/Desktop/PlanItApp/PlanItApp/MigrationUtility.swift /Users/aleks/Desktop/PlanItApp/PlanItApp/MissionDetailView.swift /Users/aleks/Desktop/PlanItApp/PlanItApp/CacheManager.swift /Users/aleks/Desktop/PlanItApp/PlanItApp/MissionManager.swift /Users/aleks/Desktop/PlanItApp/PlanItApp/MissionsView.swift /Users/aleks/Desktop/PlanItApp/PlanItApp/ModernMainScreen.swift /Users/aleks/Desktop/PlanItApp/PlanItApp/ModernMainTabView.swift /Users/aleks/Desktop/PlanItApp/PlanItApp/ModernPartyCard.swift /Users/aleks/Desktop/PlanItApp/PlanItApp/ModernPlaceCard.swift /Users/aleks/Desktop/PlanItApp/PlanItApp/OnboardingQuestionView.swift /Users/aleks/Desktop/PlanItApp/PlanItApp/OnboardingStatisticsView.swift /Users/aleks/Desktop/PlanItApp/PlanItApp/Palettes.swift (in target 'PlanItApp' from project 'PlanItApp')

SwiftCompile normal arm64 /Users/aleks/Desktop/PlanItApp/PlanItApp/MigrationUtility.swift (in target 'PlanItApp' from project 'PlanItApp')
    cd /Users/aleks/Desktop/PlanItApp
    

SwiftCompile normal arm64 /Users/aleks/Desktop/PlanItApp/PlanItApp/MissionDetailView.swift (in target 'PlanItApp' from project 'PlanItApp')
    cd /Users/aleks/Desktop/PlanItApp
    

SwiftCompile normal arm64 /Users/aleks/Desktop/PlanItApp/PlanItApp/CacheManager.swift (in target 'PlanItApp' from project 'PlanItApp')
    cd /Users/aleks/Desktop/PlanItApp
    

SwiftCompile normal arm64 /Users/aleks/Desktop/PlanItApp/PlanItApp/MissionManager.swift (in target 'PlanItApp' from project 'PlanItApp')
    cd /Users/aleks/Desktop/PlanItApp
    

SwiftCompile normal arm64 /Users/aleks/Desktop/PlanItApp/PlanItApp/MissionsView.swift (in target 'PlanItApp' from project 'PlanItApp')
    cd /Users/aleks/Desktop/PlanItApp
    

SwiftCompile normal arm64 /Users/aleks/Desktop/PlanItApp/PlanItApp/ModernMainScreen.swift (in target 'PlanItApp' from project 'PlanItApp')
    cd /Users/aleks/Desktop/PlanItApp
    

SwiftCompile normal arm64 /Users/aleks/Desktop/PlanItApp/PlanItApp/ModernMainTabView.swift (in target 'PlanItApp' from project 'PlanItApp')
    cd /Users/aleks/Desktop/PlanItApp
    

SwiftCompile normal arm64 /Users/aleks/Desktop/PlanItApp/PlanItApp/ModernPartyCard.swift (in target 'PlanItApp' from project 'PlanItApp')
    cd /Users/aleks/Desktop/PlanItApp
    

SwiftCompile normal arm64 /Users/aleks/Desktop/PlanItApp/PlanItApp/ModernPlaceCard.swift (in target 'PlanItApp' from project 'PlanItApp')
    cd /Users/aleks/Desktop/PlanItApp
    

SwiftCompile normal arm64 /Users/aleks/Desktop/PlanItApp/PlanItApp/OnboardingQuestionView.swift (in target 'PlanItApp' from project 'PlanItApp')
    cd /Users/aleks/Desktop/PlanItApp
    

SwiftCompile normal arm64 /Users/aleks/Desktop/PlanItApp/PlanItApp/OnboardingStatisticsView.swift (in target 'PlanItApp' from project 'PlanItApp')
    cd /Users/aleks/Desktop/PlanItApp
    

SwiftCompile normal arm64 /Users/aleks/Desktop/PlanItApp/PlanItApp/Palettes.swift (in target 'PlanItApp' from project 'PlanItApp')
    cd /Users/aleks/Desktop/PlanItApp
    

SwiftCompile normal arm64 Compiling\ CategoryGridView.swift,\ ChartSectionView.swift,\ ChatManager.swift,\ ChatView.swift,\ AICategoryCard.swift,\ ContentView.swift,\ DataPrivacySettingsView.swift,\ DateFormatter+Extensions.swift,\ DeveloperScreenView.swift,\ GlassmorphicComponents.swift,\ PlanItApp.swift,\ PreferencesView.swift /Users/aleks/Desktop/PlanItApp/PlanItApp/CategoryGridView.swift /Users/aleks/Desktop/PlanItApp/PlanItApp/ChartSectionView.swift /Users/aleks/Desktop/PlanItApp/PlanItApp/ChatManager.swift /Users/aleks/Desktop/PlanItApp/PlanItApp/ChatView.swift /Users/aleks/Desktop/PlanItApp/PlanItApp/AICategoryCard.swift /Users/aleks/Desktop/PlanItApp/PlanItApp/ContentView.swift /Users/aleks/Desktop/PlanItApp/PlanItApp/DataPrivacySettingsView.swift /Users/aleks/Desktop/PlanItApp/PlanItApp/DateFormatter+Extensions.swift /Users/aleks/Desktop/PlanItApp/PlanItApp/DeveloperScreenView.swift /Users/aleks/Desktop/PlanItApp/PlanItApp/GlassmorphicComponents.swift /Users/aleks/Desktop/PlanItApp/PlanItApp/PlanItApp.swift /Users/aleks/Desktop/PlanItApp/PlanItApp/PreferencesView.swift (in target 'PlanItApp' from project 'PlanItApp')

SwiftCompile normal arm64 /Users/aleks/Desktop/PlanItApp/PlanItApp/CategoryGridView.swift (in target 'PlanItApp' from project 'PlanItApp')
    cd /Users/aleks/Desktop/PlanItApp
    

SwiftCompile normal arm64 /Users/aleks/Desktop/PlanItApp/PlanItApp/ChartSectionView.swift (in target 'PlanItApp' from project 'PlanItApp')
    cd /Users/aleks/Desktop/PlanItApp
    

SwiftCompile normal arm64 /Users/aleks/Desktop/PlanItApp/PlanItApp/ChatManager.swift (in target 'PlanItApp' from project 'PlanItApp')
    cd /Users/aleks/Desktop/PlanItApp
    

SwiftCompile normal arm64 /Users/aleks/Desktop/PlanItApp/PlanItApp/ChatView.swift (in target 'PlanItApp' from project 'PlanItApp')
    cd /Users/aleks/Desktop/PlanItApp
    

SwiftCompile normal arm64 /Users/aleks/Desktop/PlanItApp/PlanItApp/AICategoryCard.swift (in target 'PlanItApp' from project 'PlanItApp')
    cd /Users/aleks/Desktop/PlanItApp
    

SwiftCompile normal arm64 /Users/aleks/Desktop/PlanItApp/PlanItApp/ContentView.swift (in target 'PlanItApp' from project 'PlanItApp')
    cd /Users/aleks/Desktop/PlanItApp
    

SwiftCompile normal arm64 /Users/aleks/Desktop/PlanItApp/PlanItApp/DataPrivacySettingsView.swift (in target 'PlanItApp' from project 'PlanItApp')
    cd /Users/aleks/Desktop/PlanItApp
    

SwiftCompile normal arm64 /Users/aleks/Desktop/PlanItApp/PlanItApp/DateFormatter+Extensions.swift (in target 'PlanItApp' from project 'PlanItApp')
    cd /Users/aleks/Desktop/PlanItApp
    

SwiftCompile normal arm64 /Users/aleks/Desktop/PlanItApp/PlanItApp/DeveloperScreenView.swift (in target 'PlanItApp' from project 'PlanItApp')
    cd /Users/aleks/Desktop/PlanItApp
    

SwiftCompile normal arm64 /Users/aleks/Desktop/PlanItApp/PlanItApp/GlassmorphicComponents.swift (in target 'PlanItApp' from project 'PlanItApp')
    cd /Users/aleks/Desktop/PlanItApp
    

SwiftCompile normal arm64 /Users/aleks/Desktop/PlanItApp/PlanItApp/PlanItApp.swift (in target 'PlanItApp' from project 'PlanItApp')
    cd /Users/aleks/Desktop/PlanItApp
    

SwiftCompile normal arm64 /Users/aleks/Desktop/PlanItApp/PlanItApp/PreferencesView.swift (in target 'PlanItApp' from project 'PlanItApp')
    cd /Users/aleks/Desktop/PlanItApp
    

SwiftCompile normal arm64 Compiling\ PerformanceOptimizationService.swift,\ RecommendationEngine.swift,\ CategoryDetailView.swift,\ TraditionalCategoryButton.swift,\ NotificationManager.swift,\ NotificationSettingsView.swift,\ OnboardingDataView.swift,\ ReactionManager.swift,\ AppModels.swift,\ GooglePlacesService.swift,\ HostDashboardViews.swift,\ InAppNotificationView.swift /Users/aleks/Desktop/PlanItApp/PlanItApp/Services/PerformanceOptimizationService.swift /Users/aleks/Desktop/PlanItApp/PlanItApp/Services/RecommendationEngine.swift /Users/aleks/Desktop/PlanItApp/PlanItApp/CategoryDetailView.swift /Users/aleks/Desktop/PlanItApp/PlanItApp/TraditionalCategoryButton.swift /Users/aleks/Desktop/PlanItApp/PlanItApp/NotificationManager.swift /Users/aleks/Desktop/PlanItApp/PlanItApp/NotificationSettingsView.swift /Users/aleks/Desktop/PlanItApp/PlanItApp/OnboardingDataView.swift /Users/aleks/Desktop/PlanItApp/PlanItApp/Managers/ReactionManager.swift /Users/aleks/Desktop/PlanItApp/PlanItApp/AppModels.swift /Users/aleks/Desktop/PlanItApp/PlanItApp/GooglePlacesService.swift /Users/aleks/Desktop/PlanItApp/PlanItApp/HostDashboardViews.swift /Users/aleks/Desktop/PlanItApp/PlanItApp/InAppNotificationView.swift (in target 'PlanItApp' from project 'PlanItApp')

SwiftCompile normal arm64 /Users/aleks/Desktop/PlanItApp/PlanItApp/Services/PerformanceOptimizationService.swift (in target 'PlanItApp' from project 'PlanItApp')
    cd /Users/aleks/Desktop/PlanItApp
    

SwiftCompile normal arm64 /Users/aleks/Desktop/PlanItApp/PlanItApp/Services/RecommendationEngine.swift (in target 'PlanItApp' from project 'PlanItApp')
    cd /Users/aleks/Desktop/PlanItApp
    

SwiftCompile normal arm64 /Users/aleks/Desktop/PlanItApp/PlanItApp/CategoryDetailView.swift (in target 'PlanItApp' from project 'PlanItApp')
    cd /Users/aleks/Desktop/PlanItApp
    

SwiftCompile normal arm64 /Users/aleks/Desktop/PlanItApp/PlanItApp/TraditionalCategoryButton.swift (in target 'PlanItApp' from project 'PlanItApp')
    cd /Users/aleks/Desktop/PlanItApp
    

SwiftCompile normal arm64 /Users/aleks/Desktop/PlanItApp/PlanItApp/NotificationManager.swift (in target 'PlanItApp' from project 'PlanItApp')
    cd /Users/aleks/Desktop/PlanItApp
    

SwiftCompile normal arm64 /Users/aleks/Desktop/PlanItApp/PlanItApp/NotificationSettingsView.swift (in target 'PlanItApp' from project 'PlanItApp')
    cd /Users/aleks/Desktop/PlanItApp
    

SwiftCompile normal arm64 /Users/aleks/Desktop/PlanItApp/PlanItApp/OnboardingDataView.swift (in target 'PlanItApp' from project 'PlanItApp')
    cd /Users/aleks/Desktop/PlanItApp
    

SwiftCompile normal arm64 /Users/aleks/Desktop/PlanItApp/PlanItApp/Managers/ReactionManager.swift (in target 'PlanItApp' from project 'PlanItApp')
    cd /Users/aleks/Desktop/PlanItApp
    

SwiftCompile normal arm64 /Users/aleks/Desktop/PlanItApp/PlanItApp/AppModels.swift (in target 'PlanItApp' from project 'PlanItApp')
    cd /Users/aleks/Desktop/PlanItApp
    

SwiftCompile normal arm64 /Users/aleks/Desktop/PlanItApp/PlanItApp/GooglePlacesService.swift (in target 'PlanItApp' from project 'PlanItApp')
    cd /Users/aleks/Desktop/PlanItApp
    

SwiftCompile normal arm64 /Users/aleks/Desktop/PlanItApp/PlanItApp/HostDashboardViews.swift (in target 'PlanItApp' from project 'PlanItApp')
    cd /Users/aleks/Desktop/PlanItApp
    

SwiftCompile normal arm64 /Users/aleks/Desktop/PlanItApp/PlanItApp/InAppNotificationView.swift (in target 'PlanItApp' from project 'PlanItApp')
    cd /Users/aleks/Desktop/PlanItApp
    

SwiftCompile normal arm64 Compiling\ RecommendationManager.swift,\ RecommendationModels.swift,\ ReviewAggregatorService.swift,\ RSVPFormView.swift,\ SearchDebouncer.swift,\ SecuritySettingsView.swift,\ SimpleBehaviorManager.swift,\ ThemeManager.swift,\ TikTokMainTabView.swift,\ TikTokMatchingViews.swift,\ TimeframeDropdownView.swift,\ HostAnalyticsService.swift /Users/aleks/Desktop/PlanItApp/PlanItApp/RecommendationManager.swift /Users/aleks/Desktop/PlanItApp/PlanItApp/RecommendationModels.swift /Users/aleks/Desktop/PlanItApp/PlanItApp/ReviewAggregatorService.swift /Users/aleks/Desktop/PlanItApp/PlanItApp/RSVPFormView.swift /Users/aleks/Desktop/PlanItApp/PlanItApp/SearchDebouncer.swift /Users/aleks/Desktop/PlanItApp/PlanItApp/SecuritySettingsView.swift /Users/aleks/Desktop/PlanItApp/PlanItApp/SimpleBehaviorManager.swift /Users/aleks/Desktop/PlanItApp/PlanItApp/ThemeManager.swift /Users/aleks/Desktop/PlanItApp/PlanItApp/TikTokMainTabView.swift /Users/aleks/Desktop/PlanItApp/PlanItApp/TikTokMatchingViews.swift /Users/aleks/Desktop/PlanItApp/PlanItApp/TimeframeDropdownView.swift /Users/aleks/Desktop/PlanItApp/PlanItApp/Services/HostAnalyticsService.swift (in target 'PlanItApp' from project 'PlanItApp')

SwiftCompile normal arm64 /Users/aleks/Desktop/PlanItApp/PlanItApp/RecommendationManager.swift (in target 'PlanItApp' from project 'PlanItApp')
    cd /Users/aleks/Desktop/PlanItApp
    

SwiftCompile normal arm64 /Users/aleks/Desktop/PlanItApp/PlanItApp/RecommendationModels.swift (in target 'PlanItApp' from project 'PlanItApp')
    cd /Users/aleks/Desktop/PlanItApp
    

SwiftCompile normal arm64 /Users/aleks/Desktop/PlanItApp/PlanItApp/ReviewAggregatorService.swift (in target 'PlanItApp' from project 'PlanItApp')
    cd /Users/aleks/Desktop/PlanItApp
    

SwiftCompile normal arm64 /Users/aleks/Desktop/PlanItApp/PlanItApp/RSVPFormView.swift (in target 'PlanItApp' from project 'PlanItApp')
    cd /Users/aleks/Desktop/PlanItApp
    

SwiftCompile normal arm64 /Users/aleks/Desktop/PlanItApp/PlanItApp/SearchDebouncer.swift (in target 'PlanItApp' from project 'PlanItApp')
    cd /Users/aleks/Desktop/PlanItApp
    

SwiftCompile normal arm64 /Users/aleks/Desktop/PlanItApp/PlanItApp/SecuritySettingsView.swift (in target 'PlanItApp' from project 'PlanItApp')
    cd /Users/aleks/Desktop/PlanItApp
    

SwiftCompile normal arm64 /Users/aleks/Desktop/PlanItApp/PlanItApp/SimpleBehaviorManager.swift (in target 'PlanItApp' from project 'PlanItApp')
    cd /Users/aleks/Desktop/PlanItApp
    

SwiftCompile normal arm64 /Users/aleks/Desktop/PlanItApp/PlanItApp/ThemeManager.swift (in target 'PlanItApp' from project 'PlanItApp')
    cd /Users/aleks/Desktop/PlanItApp
    

SwiftCompile normal arm64 /Users/aleks/Desktop/PlanItApp/PlanItApp/TikTokMainTabView.swift (in target 'PlanItApp' from project 'PlanItApp')
    cd /Users/aleks/Desktop/PlanItApp
    

SwiftCompile normal arm64 /Users/aleks/Desktop/PlanItApp/PlanItApp/TikTokMatchingViews.swift (in target 'PlanItApp' from project 'PlanItApp')
    cd /Users/aleks/Desktop/PlanItApp
    

SwiftCompile normal arm64 /Users/aleks/Desktop/PlanItApp/PlanItApp/TimeframeDropdownView.swift (in target 'PlanItApp' from project 'PlanItApp')
    cd /Users/aleks/Desktop/PlanItApp
    

SwiftCompile normal arm64 /Users/aleks/Desktop/PlanItApp/PlanItApp/Services/HostAnalyticsService.swift (in target 'PlanItApp' from project 'PlanItApp')
    cd /Users/aleks/Desktop/PlanItApp
    

SwiftEmitModule normal arm64 Emitting\ module\ for\ PlanItApp (in target 'PlanItApp' from project 'PlanItApp')
Failed frontend command:
/Applications/Xcode.app/Contents/Developer/Toolchains/XcodeDefault.xctoolchain/usr/bin/swift-frontend -frontend -emit-module -experimental-skip-non-inlinable-function-bodies-without-types /Users/aleks/Desktop/PlanItApp/PlanItApp/Views/MainView.swift /Users/aleks/Desktop/PlanItApp/PlanItApp/AddFriendView.swift /Users/aleks/Desktop/PlanItApp/PlanItApp/AllReviewsView.swift /Users/aleks/Desktop/PlanItApp/PlanItApp/GooglePlace+Conversion.swift /Users/aleks/Desktop/PlanItApp/PlanItApp/GooglePlaceExtensions.swift /Users/aleks/Desktop/PlanItApp/PlanItApp/ModernPlaceDetailView.swift /Users/aleks/Desktop/PlanItApp/PlanItApp/XPRingView.swift /Users/aleks/Desktop/PlanItApp/PlanItApp/Views/PsychologicalComponents.swift /Users/aleks/Desktop/PlanItApp/PlanItApp/AuthenticationService.swift /Users/aleks/Desktop/PlanItApp/PlanItApp/Components/FuturisticTabBar.swift /Users/aleks/Desktop/PlanItApp/PlanItApp/Components/RevenueChartView.swift /Users/aleks/Desktop/PlanItApp/PlanItApp/Components/StatCardView.swift /Users/aleks/Desktop/PlanItApp/PlanItApp/CategoryGridView.swift /Users/aleks/Desktop/PlanItApp/PlanItApp/ChartSectionView.swift /Users/aleks/Desktop/PlanItApp/PlanItApp/ChatManager.swift /Users/aleks/Desktop/PlanItApp/PlanItApp/ChatView.swift /Users/aleks/Desktop/PlanItApp/PlanItApp/AICategoryCard.swift /Users/aleks/Desktop/PlanItApp/PlanItApp/ContentView.swift /Users/aleks/Desktop/PlanItApp/PlanItApp/DataPrivacySettingsView.swift /Users/aleks/Desktop/PlanItApp/PlanItApp/DateFormatter+Extensions.swift /Users/aleks/Desktop/PlanItApp/PlanItApp/DeveloperScreenView.swift /Users/aleks/Desktop/PlanItApp/PlanItApp/GlassmorphicComponents.swift /Users/aleks/Desktop/PlanItApp/PlanItApp/PlanItApp.swift /Users/aleks/Desktop/PlanItApp/PlanItApp/PreferencesView.swift /Users/aleks/Desktop/PlanItApp/PlanItApp/RecommendationManager.swift /Users/aleks/Desktop/PlanItApp/PlanItApp/RecommendationModels.swift /Users/aleks/Desktop/PlanItApp/PlanItApp/ReviewAggregatorService.swift /Users/aleks/Desktop/PlanItApp/PlanItApp/RSVPFormView.swift /Users/aleks/Desktop/PlanItApp/PlanItApp/SearchDebouncer.swift /Users/aleks/Desktop/PlanItApp/PlanItApp/SecuritySettingsView.swift /Users/aleks/Desktop/PlanItApp/PlanItApp/SimpleBehaviorManager.swift /Users/aleks/Desktop/PlanItApp/PlanItApp/ThemeManager.swift /Users/aleks/Desktop/PlanItApp/PlanItApp/TikTokMainTabView.swift /Users/aleks/Desktop/PlanItApp/PlanItApp/TikTokMatchingViews.swift /Users/aleks/Desktop/PlanItApp/PlanItApp/TimeframeDropdownView.swift /Users/aleks/Desktop/PlanItApp/PlanItApp/Services/HostAnalyticsService.swift /Users/aleks/Desktop/PlanItApp/PlanItApp/Services/PerformanceOptimizationService.swift /Users/aleks/Desktop/PlanItApp/PlanItApp/Services/RecommendationEngine.swift /Users/aleks/Desktop/PlanItApp/PlanItApp/CategoryDetailView.swift /Users/aleks/Desktop/PlanItApp/PlanItApp/TraditionalCategoryButton.swift /Users/aleks/Desktop/PlanItApp/PlanItApp/NotificationManager.swift /Users/aleks/Desktop/PlanItApp/PlanItApp/NotificationSettingsView.swift /Users/aleks/Desktop/PlanItApp/PlanItApp/OnboardingDataView.swift /Users/aleks/Desktop/PlanItApp/PlanItApp/Managers/ReactionManager.swift /Users/aleks/Desktop/PlanItApp/PlanItApp/AppModels.swift /Users/aleks/Desktop/PlanItApp/PlanItApp/GooglePlacesService.swift /Users/aleks/Desktop/PlanItApp/PlanItApp/HostDashboardViews.swift /Users/aleks/Desktop/PlanItApp/PlanItApp/InAppNotificationView.swift /Users/aleks/Desktop/PlanItApp/PlanItApp/JSONContentView.swift /Users/aleks/Desktop/PlanItApp/PlanItApp/LanguageSelectionView.swift /Users/aleks/Desktop/PlanItApp/PlanItApp/LoadingScreen.swift /Users/aleks/Desktop/PlanItApp/PlanItApp/LocalizationManager.swift /Users/aleks/Desktop/PlanItApp/PlanItApp/LocationManager.swift /Users/aleks/Desktop/PlanItApp/PlanItApp/LocationPermissionStepView.swift /Users/aleks/Desktop/PlanItApp/PlanItApp/LocationSearchService.swift /Users/aleks/Desktop/PlanItApp/PlanItApp/LocationSelectorView.swift /Users/aleks/Desktop/PlanItApp/PlanItApp/LocationSettingsView.swift /Users/aleks/Desktop/PlanItApp/PlanItApp/LoginView.swift /Users/aleks/Desktop/PlanItApp/PlanItApp/MetricCardView.swift /Users/aleks/Desktop/PlanItApp/PlanItApp/MetricDetailSheetView.swift /Users/aleks/Desktop/PlanItApp/PlanItApp/MigrationUtility.swift /Users/aleks/Desktop/PlanItApp/PlanItApp/MissionDetailView.swift /Users/aleks/Desktop/PlanItApp/PlanItApp/CacheManager.swift /Users/aleks/Desktop/PlanItApp/PlanItApp/MissionManager.swift /Users/aleks/Desktop/PlanItApp/PlanItApp/MissionsView.swift /Users/aleks/Desktop/PlanItApp/PlanItApp/ModernMainScreen.swift /Users/aleks/Desktop/PlanItApp/PlanItApp/ModernMainTabView.swift /Users/aleks/Desktop/PlanItApp/PlanItApp/ModernPartyCard.swift /Users/aleks/Desktop/PlanItApp/PlanItApp/ModernPlaceCard.swift /Users/aleks/Desktop/PlanItApp/PlanItApp/OnboardingQuestionView.swift /Users/aleks/Desktop/PlanItApp/PlanItApp/OnboardingStatisticsView.swift /Users/aleks/Desktop/PlanItApp/PlanItApp/Palettes.swift /Users/aleks/Desktop/PlanItApp/PlanItApp/PartiesView.swift /Users/aleks/Desktop/PlanItApp/PlanItApp/PartyCreationView.swift /Users/aleks/Desktop/PlanItApp/PlanItApp/PartyDetailView.swift /Users/aleks/Desktop/PlanItApp/PlanItApp/PartyManager.swift /Users/aleks/Desktop/PlanItApp/PlanItApp/Persistence.swift /Users/aleks/Desktop/PlanItApp/PlanItApp/PlaceDataService.swift /Users/aleks/Desktop/PlanItApp/PlanItApp/PlaceDetailView.swift /Users/aleks/Desktop/PlanItApp/PlanItApp/UpdatedProfileView.swift /Users/aleks/Desktop/PlanItApp/PlanItApp/MyRSVPsView.swift /Users/aleks/Desktop/PlanItApp/PlanItApp/Sheets/NewCustomersSheet.swift /Users/aleks/Desktop/PlanItApp/PlanItApp/Sheets/RevenueLogSheet.swift /Users/aleks/Desktop/PlanItApp/PlanItApp/UserFingerprintManager.swift /Users/aleks/Desktop/PlanItApp/PlanItApp/ModernUIComponents.swift /Users/aleks/Desktop/PlanItApp/PlanItApp/UserPartiesView.swift /Users/aleks/Desktop/PlanItApp/PlanItApp/DistanceCalculator.swift /Users/aleks/Desktop/PlanItApp/PlanItApp/DynamicCategoryManager.swift /Users/aleks/Desktop/PlanItApp/PlanItApp/EnhancedLeaderboardScreen.swift /Users/aleks/Desktop/PlanItApp/PlanItApp/EnhancedMissionCard.swift /Users/aleks/Desktop/PlanItApp/PlanItApp/EnhancedMissionDetailView.swift /Users/aleks/Desktop/PlanItApp/PlanItApp/EnhancedOnboardingView.swift /Users/aleks/Desktop/PlanItApp/PlanItApp/EventPlannerView.swift /Users/aleks/Desktop/PlanItApp/PlanItApp/FavoritesView.swift /Users/aleks/Desktop/PlanItApp/PlanItApp/FirebaseConfig.swift /Users/aleks/Desktop/PlanItApp/PlanItApp/FirestoreService.swift /Users/aleks/Desktop/PlanItApp/PlanItApp/FontConfiguration.swift /Users/aleks/Desktop/PlanItApp/PlanItApp/FriendsManager.swift /Users/aleks/Desktop/PlanItApp/PlanItApp/FriendsView.swift /Users/aleks/Desktop/PlanItApp/PlanItApp/UserTrackingService.swift /Users/aleks/Desktop/PlanItApp/PlanItApp/Sheets/RSVPLogSheet.swift /Users/aleks/Desktop/PlanItApp/PlanItApp/AdvancedSentimentService.swift /Users/aleks/Desktop/PlanItApp/PlanItApp/VisibilitySettingsView.swift /Users/aleks/Desktop/PlanItApp/PlanItApp/UI/Components/GlassComponents.swift /Users/aleks/Desktop/PlanItApp/PlanItApp/GeminiAIService.swift /Users/aleks/Desktop/PlanItApp/PlanItApp/Services/SmoothAnimationService.swift /Users/aleks/Desktop/PlanItApp/PlanItApp/WeatherService.swift /Users/aleks/Desktop/PlanItApp/PlanItApp/XPManager.swift /Users/aleks/Desktop/PlanItApp/PlanItApp/Sheets/ActiveEventsSheet.swift /Users/aleks/Desktop/PlanItApp/PlanItApp/Views/PsychologicalViews.swift /Users/aleks/Desktop/PlanItApp/PlanItApp/Models/TicketSale.swift /Users/aleks/Desktop/PlanItApp/PlanItApp/Models/UserFingerprint.swift /Users/aleks/Desktop/PlanItApp/PlanItApp/BusinessDashboardView.swift /Users/aleks/Desktop/PlanItApp/PlanItApp/CachedGooglePlacesPhotoView.swift /Users/aleks/Library/Developer/Xcode/DerivedData/PlanItApp-gkehojshtcbfvhersqwajfujohau/Build/Intermediates.noindex/PlanItApp.build/Debug-iphonesimulator/PlanItApp.build/DerivedSources/CoreDataGenerated/PlanIt/Item+CoreDataClass.swift /Users/aleks/Library/Developer/Xcode/DerivedData/PlanItApp-gkehojshtcbfvhersqwajfujohau/Build/Intermediates.noindex/PlanItApp.build/Debug-iphonesimulator/PlanItApp.build/DerivedSources/CoreDataGenerated/PlanIt/Item+CoreDataProperties.swift /Users/aleks/Library/Developer/Xcode/DerivedData/PlanItApp-gkehojshtcbfvhersqwajfujohau/Build/Intermediates.noindex/PlanItApp.build/Debug-iphonesimulator/PlanItApp.build/DerivedSources/CoreDataGenerated/PlanIt/PlanIt+CoreDataModel.swift /Users/aleks/Library/Developer/Xcode/DerivedData/PlanItApp-gkehojshtcbfvhersqwajfujohau/Build/Intermediates.noindex/PlanItApp.build/Debug-iphonesimulator/PlanItApp.build/DerivedSources/GeneratedAssetSymbols.swift -target arm64-apple-ios17.0-simulator -Xllvm -aarch64-use-tbi -enable-objc-interop -sdk /Applications/Xcode.app/Contents/Developer/Platforms/iPhoneSimulator.platform/Developer/SDKs/iPhoneSimulator18.5.sdk -I /Users/aleks/Library/Developer/Xcode/DerivedData/PlanItApp-gkehojshtcbfvhersqwajfujohau/Build/Products/Debug-iphonesimulator -F /Users/aleks/Library/Developer/Xcode/DerivedData/PlanItApp-gkehojshtcbfvhersqwajfujohau/Build/Products/Debug-iphonesimulator/PackageFrameworks -F /Users/aleks/Library/Developer/Xcode/DerivedData/PlanItApp-gkehojshtcbfvhersqwajfujohau/Build/Products/Debug-iphonesimulator/PackageFrameworks -F /Users/aleks/Library/Developer/Xcode/DerivedData/PlanItApp-gkehojshtcbfvhersqwajfujohau/Build/Products/Debug-iphonesimulator/PackageFrameworks -F /Users/aleks/Library/Developer/Xcode/DerivedData/PlanItApp-gkehojshtcbfvhersqwajfujohau/Build/Products/Debug-iphonesimulator/PackageFrameworks -F /Users/aleks/Library/Developer/Xcode/DerivedData/PlanItApp-gkehojshtcbfvhersqwajfujohau/Build/Products/Debug-iphonesimulator/PackageFrameworks -F /Users/aleks/Library/Developer/Xcode/DerivedData/PlanItApp-gkehojshtcbfvhersqwajfujohau/Build/Products/Debug-iphonesimulator/PackageFrameworks -F /Users/aleks/Library/Developer/Xcode/DerivedData/PlanItApp-gkehojshtcbfvhersqwajfujohau/Build/Products/Debug-iphonesimulator/PackageFrameworks -F /Users/aleks/Library/Developer/Xcode/DerivedData/PlanItApp-gkehojshtcbfvhersqwajfujohau/Build/Products/Debug-iphonesimulator/PackageFrameworks -F /Users/aleks/Library/Developer/Xcode/DerivedData/PlanItApp-gkehojshtcbfvhersqwajfujohau/Build/Products/Debug-iphonesimulator/PackageFrameworks -F /Users/aleks/Library/Developer/Xcode/DerivedData/PlanItApp-gkehojshtcbfvhersqwajfujohau/Build/Products/Debug-iphonesimulator/PackageFrameworks -F /Users/aleks/Library/Developer/Xcode/DerivedData/PlanItApp-gkehojshtcbfvhersqwajfujohau/Build/Products/Debug-iphonesimulator/PackageFrameworks -F /Users/aleks/Library/Developer/Xcode/DerivedData/PlanItApp-gkehojshtcbfvhersqwajfujohau/Build/Products/Debug-iphonesimulator/PackageFrameworks -F /Users/aleks/Library/Developer/Xcode/DerivedData/PlanItApp-gkehojshtcbfvhersqwajfujohau/Build/Products/Debug-iphonesimulator/PackageFrameworks -F /Users/aleks/Library/Developer/Xcode/DerivedData/PlanItApp-gkehojshtcbfvhersqwajfujohau/Build/Products/Debug-iphonesimulator/PackageFrameworks -F /Users/aleks/Library/Developer/Xcode/DerivedData/PlanItApp-gkehojshtcbfvhersqwajfujohau/Build/Products/Debug-iphonesimulator/PackageFrameworks -F /Users/aleks/Library/Developer/Xcode/DerivedData/PlanItApp-gkehojshtcbfvhersqwajfujohau/Build/Products/Debug-iphonesimulator/PackageFrameworks -F /Users/aleks/Library/Developer/Xcode/DerivedData/PlanItApp-gkehojshtcbfvhersqwajfujohau/Build/Products/Debug-iphonesimulator/PackageFrameworks -F /Users/aleks/Library/Developer/Xcode/DerivedData/PlanItApp-gkehojshtcbfvhersqwajfujohau/Build/Products/Debug-iphonesimulator/PackageFrameworks -F /Users/aleks/Library/Developer/Xcode/DerivedData/PlanItApp-gkehojshtcbfvhersqwajfujohau/Build/Products/Debug-iphonesimulator/PackageFrameworks -F /Users/aleks/Library/Developer/Xcode/DerivedData/PlanItApp-gkehojshtcbfvhersqwajfujohau/Build/Products/Debug-iphonesimulator/PackageFrameworks -F /Users/aleks/Library/Developer/Xcode/DerivedData/PlanItApp-gkehojshtcbfvhersqwajfujohau/Build/Products/Debug-iphonesimulator/PackageFrameworks -F /Users/aleks/Library/Developer/Xcode/DerivedData/PlanItApp-gkehojshtcbfvhersqwajfujohau/Build/Products/Debug-iphonesimulator/PackageFrameworks -F /Users/aleks/Library/Developer/Xcode/DerivedData/PlanItApp-gkehojshtcbfvhersqwajfujohau/Build/Products/Debug-iphonesimulator/PackageFrameworks -F /Users/aleks/Library/Developer/Xcode/DerivedData/PlanItApp-gkehojshtcbfvhersqwajfujohau/Build/Products/Debug-iphonesimulator/PackageFrameworks -F /Users/aleks/Library/Developer/Xcode/DerivedData/PlanItApp-gkehojshtcbfvhersqwajfujohau/Build/Products/Debug-iphonesimulator/PackageFrameworks -F /Users/aleks/Library/Developer/Xcode/DerivedData/PlanItApp-gkehojshtcbfvhersqwajfujohau/Build/Products/Debug-iphonesimulator/PackageFrameworks -F /Users/aleks/Library/Developer/Xcode/DerivedData/PlanItApp-gkehojshtcbfvhersqwajfujohau/Build/Products/Debug-iphonesimulator/PackageFrameworks -F /Users/aleks/Library/Developer/Xcode/DerivedData/PlanItApp-gkehojshtcbfvhersqwajfujohau/Build/Products/Debug-iphonesimulator/PackageFrameworks -F /Users/aleks/Library/Developer/Xcode/DerivedData/PlanItApp-gkehojshtcbfvhersqwajfujohau/Build/Products/Debug-iphonesimulator/PackageFrameworks -F /Users/aleks/Library/Developer/Xcode/DerivedData/PlanItApp-gkehojshtcbfvhersqwajfujohau/Build/Products/Debug-iphonesimulator/PackageFrameworks -F /Users/aleks/Library/Developer/Xcode/DerivedData/PlanItApp-gkehojshtcbfvhersqwajfujohau/Build/Products/Debug-iphonesimulator/PackageFrameworks -F /Users/aleks/Library/Developer/Xcode/DerivedData/PlanItApp-gkehojshtcbfvhersqwajfujohau/Build/Products/Debug-iphonesimulator/PackageFrameworks -F /Users/aleks/Library/Developer/Xcode/DerivedData/PlanItApp-gkehojshtcbfvhersqwajfujohau/Build/Products/Debug-iphonesimulator/PackageFrameworks -F /Users/aleks/Library/Developer/Xcode/DerivedData/PlanItApp-gkehojshtcbfvhersqwajfujohau/Build/Products/Debug-iphonesimulator/PackageFrameworks -F /Users/aleks/Library/Developer/Xcode/DerivedData/PlanItApp-gkehojshtcbfvhersqwajfujohau/Build/Products/Debug-iphonesimulator -no-color-diagnostics -enable-testing -g -debug-info-format\=dwarf -dwarf-version\=4 -module-cache-path /Users/aleks/Library/Developer/Xcode/DerivedData/ModuleCache.noindex -profile-generate -profile-coverage-mapping -swift-version 5 -enforce-exclusivity\=checked -Onone -D DEBUG -serialize-debugging-options -const-gather-protocols-file /Users/aleks/Library/Developer/Xcode/DerivedData/PlanItApp-gkehojshtcbfvhersqwajfujohau/Build/Intermediates.noindex/PlanItApp.build/Debug-iphonesimulator/PlanItApp.build/Objects-normal/arm64/PlanItApp_const_extract_protocols.json -enable-experimental-feature DebugDescriptionMacro -enable-bare-slash-regex -empty-abi-descriptor -validate-clang-modules-once -clang-build-session-file /Users/aleks/Library/Developer/Xcode/DerivedData/ModuleCache.noindex/Session.modulevalidation -Xcc -working-directory -Xcc /Users/aleks/Desktop/PlanItApp -resource-dir /Applications/Xcode.app/Contents/Developer/Toolchains/XcodeDefault.xctoolchain/usr/lib/swift -enable-anonymous-context-mangled-names -file-compilation-dir /Users/aleks/Desktop/PlanItApp -Xcc -fmodule-map-file\=/Users/aleks/Library/Developer/Xcode/DerivedData/PlanItApp-gkehojshtcbfvhersqwajfujohau/Build/Intermediates.noindex/GeneratedModuleMaps-iphonesimulator/RecaptchaInterop.modulemap -Xcc -fmodule-map-file\=/Users/aleks/Library/Developer/Xcode/DerivedData/PlanItApp-gkehojshtcbfvhersqwajfujohau/Build/Intermediates.noindex/GeneratedModuleMaps-iphonesimulator/GoogleUtilities-Network.modulemap -Xcc -fmodule-map-file\=/Users/aleks/Library/Developer/Xcode/DerivedData/PlanItApp-gkehojshtcbfvhersqwajfujohau/Build/Intermediates.noindex/GeneratedModuleMaps-iphonesimulator/GoogleUtilities-Reachability.modulemap -Xcc -fmodule-map-file\=/Users/aleks/Library/Developer/Xcode/DerivedData/PlanItApp-gkehojshtcbfvhersqwajfujohau/Build/Intermediates.noindex/GeneratedModuleMaps-iphonesimulator/GoogleUtilities-AppDelegateSwizzler.modulemap -Xcc -fmodule-map-file\=/Users/aleks/Library/Developer/Xcode/DerivedData/PlanItApp-gkehojshtcbfvhersqwajfujohau/Build/Intermediates.noindex/GeneratedModuleMaps-iphonesimulator/FirebaseAuthInternal.modulemap -Xcc -fmodule-map-file\=/Users/aleks/Library/Developer/Xcode/DerivedData/PlanItApp-gkehojshtcbfvhersqwajfujohau/Build/Intermediates.noindex/GeneratedModuleMaps-iphonesimulator/FirebaseAuthInterop.modulemap -Xcc -fmodule-map-file\=/Users/aleks/Library/Developer/Xcode/DerivedData/PlanItApp-gkehojshtcbfvhersqwajfujohau/Build/Intermediates.noindex/GeneratedModuleMaps-iphonesimulator/GoogleUtilities-NSData.modulemap -Xcc -fmodule-map-file\=/Users/aleks/Library/Developer/Xcode/DerivedData/PlanItApp-gkehojshtcbfvhersqwajfujohau/Build/Intermediates.noindex/GeneratedModuleMaps-iphonesimulator/abslWrapper.modulemap -Xcc -fmodule-map-file\=/Users/aleks/Library/Developer/Xcode/DerivedData/PlanItApp-gkehojshtcbfvhersqwajfujohau/Build/Intermediates.noindex/GeneratedModuleMaps-iphonesimulator/opensslWrapper.modulemap -Xcc -fmodule-map-file\=/Users/aleks/Library/Developer/Xcode/DerivedData/PlanItApp-gkehojshtcbfvhersqwajfujohau/Build/Intermediates.noindex/GeneratedModuleMaps-iphonesimulator/grpcWrapper.modulemap -Xcc -fmodule-map-file\=/Users/aleks/Library/Developer/Xcode/DerivedData/PlanItApp-gkehojshtcbfvhersqwajfujohau/Build/Intermediates.noindex/GeneratedModuleMaps-iphonesimulator/grpcppWrapper.modulemap -Xcc -fmodule-map-file\=/Users/aleks/Library/Developer/Xcode/DerivedData/PlanItApp-gkehojshtcbfvhersqwajfujohau/Build/Intermediates.noindex/GeneratedModuleMaps-iphonesimulator/nanopb.modulemap -Xcc -fmodule-map-file\=/Users/aleks/Library/Developer/Xcode/DerivedData/PlanItApp-gkehojshtcbfvhersqwajfujohau/Build/Intermediates.noindex/GeneratedModuleMaps-iphonesimulator/leveldb.modulemap -Xcc -fmodule-map-file\=/Users/aleks/Library/Developer/Xcode/DerivedData/PlanItApp-gkehojshtcbfvhersqwajfujohau/Build/Intermediates.noindex/GeneratedModuleMaps-iphonesimulator/FirebaseCoreExtension.modulemap -Xcc -fmodule-map-file\=/Users/aleks/Library/Developer/Xcode/DerivedData/PlanItApp-gkehojshtcbfvhersqwajfujohau/Build/Intermediates.noindex/GeneratedModuleMaps-iphonesimulator/FirebaseCore.modulemap -Xcc -fmodule-map-file\=/Users/aleks/Library/Developer/Xcode/DerivedData/PlanItApp-gkehojshtcbfvhersqwajfujohau/Build/Intermediates.noindex/GeneratedModuleMaps-iphonesimulator/FirebaseAppCheckInterop.modulemap -Xcc -fmodule-map-file\=/Users/aleks/Library/Developer/Xcode/DerivedData/PlanItApp-gkehojshtcbfvhersqwajfujohau/Build/Intermediates.noindex/GeneratedModuleMaps-iphonesimulator/FirebaseFirestoreInternalWrapper.modulemap -Xcc -fmodule-map-file\=/Users/aleks/Library/Developer/Xcode/DerivedData/PlanItApp-gkehojshtcbfvhersqwajfujohau/Build/Intermediates.noindex/GeneratedModuleMaps-iphonesimulator/FirebaseFirestoreTarget.modulemap -Xcc -fmodule-map-file\=/Users/aleks/Library/Developer/Xcode/DerivedData/PlanItApp-gkehojshtcbfvhersqwajfujohau/Build/Intermediates.noindex/GeneratedModuleMaps-iphonesimulator/AppAuth.modulemap -Xcc -fmodule-map-file\=/Users/aleks/Library/Developer/Xcode/DerivedData/PlanItApp-gkehojshtcbfvhersqwajfujohau/Build/Intermediates.noindex/GeneratedModuleMaps-iphonesimulator/GoogleUtilities-Logger.modulemap -Xcc -fmodule-map-file\=/Users/aleks/Library/Developer/Xcode/DerivedData/PlanItApp-gkehojshtcbfvhersqwajfujohau/Build/Intermediates.noindex/GeneratedModuleMaps-iphonesimulator/GoogleUtilities-Environment.modulemap -Xcc -fmodule-map-file\=/Users/aleks/Library/Developer/Xcode/DerivedData/PlanItApp-gkehojshtcbfvhersqwajfujohau/Build/Intermediates.noindex/GeneratedModuleMaps-iphonesimulator/third-party-IsAppEncrypted.modulemap -Xcc -fmodule-map-file\=/Users/aleks/Library/Developer/Xcode/DerivedData/PlanItApp-gkehojshtcbfvhersqwajfujohau/Build/Intermediates.noindex/GeneratedModuleMaps-iphonesimulator/GoogleUtilities-UserDefaults.modulemap -Xcc -fmodule-map-file\=/Users/aleks/Library/Developer/Xcode/DerivedData/PlanItApp-gkehojshtcbfvhersqwajfujohau/Build/Intermediates.noindex/GeneratedModuleMaps-iphonesimulator/AppCheckCore.modulemap -Xcc -fmodule-map-file\=/Users/aleks/Library/Developer/Xcode/DerivedData/PlanItApp-gkehojshtcbfvhersqwajfujohau/Build/Intermediates.noindex/GeneratedModuleMaps-iphonesimulator/AppAuthCore.modulemap -Xcc -fmodule-map-file\=/Users/aleks/Library/Developer/Xcode/DerivedData/PlanItApp-gkehojshtcbfvhersqwajfujohau/Build/Intermediates.noindex/GeneratedModuleMaps-iphonesimulator/GTMSessionFetcherCore.modulemap -Xcc -fmodule-map-file\=/Users/aleks/Library/Developer/Xcode/DerivedData/PlanItApp-gkehojshtcbfvhersqwajfujohau/Build/Intermediates.noindex/GeneratedModuleMaps-iphonesimulator/GoogleSignIn.modulemap -Xcc -ivfsstatcache -Xcc /Users/aleks/Library/Developer/Xcode/DerivedData/SDKStatCaches.noindex/iphonesimulator18.5-22F76-d5fc8ad4295d2ef488fb7d0f804ce0c4.sdkstatcache -Xcc -I/Users/aleks/Library/Developer/Xcode/DerivedData/PlanItApp-gkehojshtcbfvhersqwajfujohau/Build/Intermediates.noindex/PlanItApp.build/Debug-iphonesimulator/PlanItApp.build/swift-overrides.hmap -Xcc -iquote -Xcc /Users/aleks/Library/Developer/Xcode/DerivedData/PlanItApp-gkehojshtcbfvhersqwajfujohau/Build/Intermediates.noindex/PlanItApp.build/Debug-iphonesimulator/PlanItApp.build/PlanItApp-generated-files.hmap -Xcc -I/Users/aleks/Library/Developer/Xcode/DerivedData/PlanItApp-gkehojshtcbfvhersqwajfujohau/Build/Intermediates.noindex/PlanItApp.build/Debug-iphonesimulator/PlanItApp.build/PlanItApp-own-target-headers.hmap -Xcc -I/Users/aleks/Library/Developer/Xcode/DerivedData/PlanItApp-gkehojshtcbfvhersqwajfujohau/Build/Intermediates.noindex/PlanItApp.build/Debug-iphonesimulator/PlanItApp.build/PlanItApp-all-non-framework-target-headers.hmap -Xcc -ivfsoverlay -Xcc /Users/aleks/Library/Developer/Xcode/DerivedData/PlanItApp-gkehojshtcbfvhersqwajfujohau/Build/Intermediates.noindex/PlanItApp.build/Debug-iphonesimulator/PlanItApp-f8ebfe90b189d4827f3c1d7946f1573a-VFS-iphonesimulator/all-product-headers.yaml -Xcc -iquote -Xcc /Users/aleks/Library/Developer/Xcode/DerivedData/PlanItApp-gkehojshtcbfvhersqwajfujohau/Build/Intermediates.noindex/PlanItApp.build/Debug-iphonesimulator/PlanItApp.build/PlanItApp-project-headers.hmap -Xcc -I/Users/aleks/Library/Developer/Xcode/DerivedData/PlanItApp-gkehojshtcbfvhersqwajfujohau/SourcePackages/checkouts/interop-ios-for-google-sdks/RecaptchaEnterprise/RecaptchaInterop/Public -Xcc -I/Users/aleks/Library/Developer/Xcode/DerivedData/PlanItApp-gkehojshtcbfvhersqwajfujohau/SourcePackages/checkouts/GoogleUtilities/GoogleUtilities/Network/Public -Xcc -I/Users/aleks/Library/Developer/Xcode/DerivedData/PlanItApp-gkehojshtcbfvhersqwajfujohau/SourcePackages/checkouts/GoogleUtilities/GoogleUtilities/Reachability/Public -Xcc -I/Users/aleks/Library/Developer/Xcode/DerivedData/PlanItApp-gkehojshtcbfvhersqwajfujohau/SourcePackages/checkouts/GoogleUtilities/GoogleUtilities/AppDelegateSwizzler/Public -Xcc -I/Users/aleks/Library/Developer/Xcode/DerivedData/PlanItApp-gkehojshtcbfvhersqwajfujohau/SourcePackages/checkouts/firebase-ios-sdk/FirebaseAuth/Sources/Public -Xcc -I/Users/aleks/Library/Developer/Xcode/DerivedData/PlanItApp-gkehojshtcbfvhersqwajfujohau/SourcePackages/checkouts/firebase-ios-sdk/FirebaseAuth/Interop/Public -Xcc -I/Users/aleks/Library/Developer/Xcode/DerivedData/PlanItApp-gkehojshtcbfvhersqwajfujohau/SourcePackages/checkouts/GoogleUtilities/GoogleUtilities/NSData+zlib/Public -Xcc -I/Users/aleks/Library/Developer/Xcode/DerivedData/PlanItApp-gkehojshtcbfvhersqwajfujohau/SourcePackages/checkouts/abseil-cpp-binary/absl-Wrapper/include -Xcc -I/Users/aleks/Library/Developer/Xcode/DerivedData/PlanItApp-gkehojshtcbfvhersqwajfujohau/SourcePackages/checkouts/grpc-binary/openssl-grpc-Wrapper/include -Xcc -I/Users/aleks/Library/Developer/Xcode/DerivedData/PlanItApp-gkehojshtcbfvhersqwajfujohau/SourcePackages/checkouts/grpc-binary/grpc-Wrapper/include -Xcc -I/Users/aleks/Library/Developer/Xcode/DerivedData/PlanItApp-gkehojshtcbfvhersqwajfujohau/SourcePackages/checkouts/grpc-binary/grpcpp-Wrapper/include -Xcc -I/Users/aleks/Library/Developer/Xcode/DerivedData/PlanItApp-gkehojshtcbfvhersqwajfujohau/SourcePackages/checkouts/nanopb/spm_headers -Xcc -I/Users/aleks/Library/Developer/Xcode/DerivedData/PlanItApp-gkehojshtcbfvhersqwajfujohau/SourcePackages/checkouts/leveldb/include -Xcc -I/Users/aleks/Library/Developer/Xcode/DerivedData/PlanItApp-gkehojshtcbfvhersqwajfujohau/SourcePackages/checkouts/firebase-ios-sdk/FirebaseCore/Extension -Xcc -I/Users/aleks/Library/Developer/Xcode/DerivedData/PlanItApp-gkehojshtcbfvhersqwajfujohau/SourcePackages/checkouts/firebase-ios-sdk/FirebaseCore/Sources/Public -Xcc -I/Users/aleks/Library/Developer/Xcode/DerivedData/PlanItApp-gkehojshtcbfvhersqwajfujohau/SourcePackages/checkouts/firebase-ios-sdk/CoreOnly/Sources -Xcc -I/Users/aleks/Library/Developer/Xcode/DerivedData/PlanItApp-gkehojshtcbfvhersqwajfujohau/SourcePackages/checkouts/firebase-ios-sdk/FirebaseAppCheck/Interop/Public -Xcc -I/Users/aleks/Library/Developer/Xcode/DerivedData/PlanItApp-gkehojshtcbfvhersqwajfujohau/SourcePackages/checkouts/firebase-ios-sdk/FirebaseFirestoreInternal -Xcc -I/Users/aleks/Library/Developer/Xcode/DerivedData/PlanItApp-gkehojshtcbfvhersqwajfujohau/SourcePackages/checkouts/firebase-ios-sdk/SwiftPM-PlatformExclude/FirebaseFirestoreWrap/include -Xcc -I/Users/aleks/Library/Developer/Xcode/DerivedData/PlanItApp-gkehojshtcbfvhersqwajfujohau/SourcePackages/checkouts/AppAuth-iOS/Sources/AppAuth -Xcc -I/Users/aleks/Library/Developer/Xcode/DerivedData/PlanItApp-gkehojshtcbfvhersqwajfujohau/SourcePackages/checkouts/promises/Sources/FBLPromises/include -Xcc -I/Users/aleks/Library/Developer/Xcode/DerivedData/PlanItApp-gkehojshtcbfvhersqwajfujohau/SourcePackages/checkouts/GoogleUtilities/GoogleUtilities/Logger/Public -Xcc -I/Users/aleks/Library/Developer/Xcode/DerivedData/PlanItApp-gkehojshtcbfvhersqwajfujohau/SourcePackages/checkouts/GoogleUtilities/GoogleUtilities/Environment/Public -Xcc -I/Users/aleks/Library/Developer/Xcode/DerivedData/PlanItApp-gkehojshtcbfvhersqwajfujohau/SourcePackages/checkouts/GoogleUtilities/third_party/IsAppEncrypted/Public -Xcc -I/Users/aleks/Library/Developer/Xcode/DerivedData/PlanItApp-gkehojshtcbfvhersqwajfujohau/SourcePackages/checkouts/GoogleUtilities/GoogleUtilities/UserDefaults/Public -Xcc -I/Users/aleks/Library/Developer/Xcode/DerivedData/PlanItApp-gkehojshtcbfvhersqwajfujohau/SourcePackages/checkouts/app-check/AppCheckCore/Sources/Public -Xcc -I/Users/aleks/Library/Developer/Xcode/DerivedData/PlanItApp-gkehojshtcbfvhersqwajfujohau/SourcePackages/checkouts/AppAuth-iOS/Sources/AppAuthCore -Xcc -I/Users/aleks/Library/Developer/Xcode/DerivedData/PlanItApp-gkehojshtcbfvhersqwajfujohau/SourcePackages/checkouts/gtm-session-fetcher/Sources/Core/Public -Xcc -I/Users/aleks/Library/Developer/Xcode/DerivedData/PlanItApp-gkehojshtcbfvhersqwajfujohau/SourcePackages/checkouts/GoogleSignIn-iOS/GoogleSignIn/Sources/Public -Xcc -I/Users/aleks/Library/Developer/Xcode/DerivedData/PlanItApp-gkehojshtcbfvhersqwajfujohau/Build/Products/Debug-iphonesimulator/include -Xcc -I/Users/aleks/Library/Developer/Xcode/DerivedData/PlanItApp-gkehojshtcbfvhersqwajfujohau/Build/Intermediates.noindex/PlanItApp.build/Debug-iphonesimulator/PlanItApp.build/DerivedSources-normal/arm64 -Xcc -I/Users/aleks/Library/Developer/Xcode/DerivedData/PlanItApp-gkehojshtcbfvhersqwajfujohau/Build/Intermediates.noindex/PlanItApp.build/Debug-iphonesimulator/PlanItApp.build/DerivedSources/arm64 -Xcc -I/Users/aleks/Library/Developer/Xcode/DerivedData/PlanItApp-gkehojshtcbfvhersqwajfujohau/Build/Intermediates.noindex/PlanItApp.build/Debug-iphonesimulator/PlanItApp.build/DerivedSources -Xcc -DDEBUG\=1 -module-name PlanItApp -frontend-parseable-output -disable-clang-spi -target-sdk-version 18.5 -target-sdk-name iphonesimulator18.5 -external-plugin-path /Applications/Xcode.app/Contents/Developer/Platforms/iPhoneOS.platform/Developer/usr/lib/swift/host/plugins\#/Applications/Xcode.app/Contents/Developer/Platforms/iPhoneOS.platform/Developer/usr/bin/swift-plugin-server -external-plugin-path /Applications/Xcode.app/Contents/Developer/Platforms/iPhoneOS.platform/Developer/usr/local/lib/swift/host/plugins\#/Applications/Xcode.app/Contents/Developer/Platforms/iPhoneOS.platform/Developer/usr/bin/swift-plugin-server -in-process-plugin-server-path /Applications/Xcode.app/Contents/Developer/Toolchains/XcodeDefault.xctoolchain/usr/lib/swift/host/libSwiftInProcPluginServer.dylib -plugin-path /Applications/Xcode.app/Contents/Developer/Toolchains/XcodeDefault.xctoolchain/usr/lib/swift/host/plugins -plugin-path /Applications/Xcode.app/Contents/Developer/Toolchains/XcodeDefault.xctoolchain/usr/local/lib/swift/host/plugins -emit-module-doc-path /Users/aleks/Library/Developer/Xcode/DerivedData/PlanItApp-gkehojshtcbfvhersqwajfujohau/Build/Intermediates.noindex/PlanItApp.build/Debug-iphonesimulator/PlanItApp.build/Objects-normal/arm64/PlanItApp.swiftdoc -emit-module-source-info-path /Users/aleks/Library/Developer/Xcode/DerivedData/PlanItApp-gkehojshtcbfvhersqwajfujohau/Build/Intermediates.noindex/PlanItApp.build/Debug-iphonesimulator/PlanItApp.build/Objects-normal/arm64/PlanItApp.swiftsourceinfo -emit-objc-header-path /Users/aleks/Library/Developer/Xcode/DerivedData/PlanItApp-gkehojshtcbfvhersqwajfujohau/Build/Intermediates.noindex/PlanItApp.build/Debug-iphonesimulator/PlanItApp.build/Objects-normal/arm64/PlanItApp-Swift.h -serialize-diagnostics-path /Users/aleks/Library/Developer/Xcode/DerivedData/PlanItApp-gkehojshtcbfvhersqwajfujohau/Build/Intermediates.noindex/PlanItApp.build/Debug-iphonesimulator/PlanItApp.build/Objects-normal/arm64/PlanItApp-master-emit-module.dia -emit-dependencies-path /Users/aleks/Library/Developer/Xcode/DerivedData/PlanItApp-gkehojshtcbfvhersqwajfujohau/Build/Intermediates.noindex/PlanItApp.build/Debug-iphonesimulator/PlanItApp.build/Objects-normal/arm64/PlanItApp-master-emit-module.d -o /Users/aleks/Library/Developer/Xcode/DerivedData/PlanItApp-gkehojshtcbfvhersqwajfujohau/Build/Intermediates.noindex/PlanItApp.build/Debug-iphonesimulator/PlanItApp.build/Objects-normal/arm64/PlanItApp.swiftmodule -emit-abi-descriptor-path /Users/aleks/Library/Developer/Xcode/DerivedData/PlanItApp-gkehojshtcbfvhersqwajfujohau/Build/Intermediates.noindex/PlanItApp.build/Debug-iphonesimulator/PlanItApp.build/Objects-normal/arm64/PlanItApp.abi.json

EmitSwiftModule normal arm64 (in target 'PlanItApp' from project 'PlanItApp')
    cd /Users/aleks/Desktop/PlanItApp
    
/Users/aleks/Desktop/PlanItApp/PlanItApp/Components/RevenueChartView.swift:6:42: error: 'DailyMetricPoint' is not a member type of class 'PlanItApp.HostAnalyticsService'
    let chartData: [HostAnalyticsService.DailyMetricPoint]
                    ~~~~~~~~~~~~~~~~~~~~ ^
/Users/aleks/Desktop/PlanItApp/PlanItApp/Services/HostAnalyticsService.swift:11:7: note: 'HostAnalyticsService' declared here
class HostAnalyticsService: ObservableObject {
      ^
/Users/aleks/Desktop/PlanItApp/PlanItApp/Components/RevenueChartView.swift:25:53: error: 'DailyMetricPoint' is not a member type of class 'PlanItApp.HostAnalyticsService'
    private var filteredData: [HostAnalyticsService.DailyMetricPoint] {
                               ~~~~~~~~~~~~~~~~~~~~ ^
/Users/aleks/Desktop/PlanItApp/PlanItApp/Services/HostAnalyticsService.swift:11:7: note: 'HostAnalyticsService' declared here
class HostAnalyticsService: ObservableObject {
      ^
/Users/aleks/Desktop/PlanItApp/PlanItApp/HostDashboardViews.swift:120:64: error: 'Timeframe' is not a member type of class 'PlanItApp.HostAnalyticsService'
    @State private var selectedTimeframe: HostAnalyticsService.Timeframe = .thisWeek
                                          ~~~~~~~~~~~~~~~~~~~~ ^
/Users/aleks/Desktop/PlanItApp/PlanItApp/Services/HostAnalyticsService.swift:11:7: note: 'HostAnalyticsService' declared here
class HostAnalyticsService: ObservableObject {
      ^
/Users/aleks/Desktop/PlanItApp/PlanItApp/HostDashboardViews.swift:1438:64: error: 'Timeframe' is not a member type of class 'PlanItApp.HostAnalyticsService'
    @State private var selectedTimeframe: HostAnalyticsService.Timeframe = .thisWeek
                                          ~~~~~~~~~~~~~~~~~~~~ ^
/Users/aleks/Desktop/PlanItApp/PlanItApp/Services/HostAnalyticsService.swift:11:7: note: 'HostAnalyticsService' declared here
class HostAnalyticsService: ObservableObject {
      ^
/Users/aleks/Desktop/PlanItApp/PlanItApp/MetricCardView.swift:198:10: error: invalid redeclaration of 'shimmer()'
    func shimmer() -> some View {
         ^
/Users/aleks/Desktop/PlanItApp/PlanItApp/BusinessDashboardView.swift:506:10: note: 'shimmer()' previously declared here
    func shimmer() -> some View {
         ^
/Users/aleks/Desktop/PlanItApp/PlanItApp/BusinessDashboardView.swift:506:10: note: 'shimmer()' previously declared here
    func shimmer() -> some View {
         ^
/Users/aleks/Desktop/PlanItApp/PlanItApp/MetricCardView.swift:203:8: error: invalid redeclaration of 'ShimmerModifier'
struct ShimmerModifier: ViewModifier {
       ^
/Users/aleks/Desktop/PlanItApp/PlanItApp/BusinessDashboardView.swift:511:8: note: 'ShimmerModifier' previously declared here
struct ShimmerModifier: ViewModifier {
       ^
/Users/aleks/Desktop/PlanItApp/PlanItApp/BusinessDashboardView.swift:511:8: note: 'ShimmerModifier' previously declared here
struct ShimmerModifier: ViewModifier {
       ^
/Users/aleks/Desktop/PlanItApp/PlanItApp/UI/Components/GlassComponents.swift:96:55: error: 'DailyMetricPoint' is not a member type of class 'PlanItApp.HostAnalyticsService'
    @State private var selected: HostAnalyticsService.DailyMetricPoint?
                                 ~~~~~~~~~~~~~~~~~~~~ ^
/Users/aleks/Desktop/PlanItApp/PlanItApp/Services/HostAnalyticsService.swift:11:7: note: 'HostAnalyticsService' declared here
class HostAnalyticsService: ObservableObject {
      ^
/Users/aleks/Desktop/PlanItApp/PlanItApp/UI/Components/GlassComponents.swift:94:39: error: 'DailyMetricPoint' is not a member type of class 'PlanItApp.HostAnalyticsService'
    let points: [HostAnalyticsService.DailyMetricPoint]
                 ~~~~~~~~~~~~~~~~~~~~ ^
/Users/aleks/Desktop/PlanItApp/PlanItApp/Services/HostAnalyticsService.swift:11:7: note: 'HostAnalyticsService' declared here
class HostAnalyticsService: ObservableObject {
      ^
/Users/aleks/Desktop/PlanItApp/PlanItApp/UI/Components/GlassComponents.swift:98:40: error: 'DailyMetricPoint' is not a member type of class 'PlanItApp.HostAnalyticsService'
    init(points: [HostAnalyticsService.DailyMetricPoint], accent: Color = .green) {
                  ~~~~~~~~~~~~~~~~~~~~ ^
/Users/aleks/Desktop/PlanItApp/PlanItApp/Services/HostAnalyticsService.swift:11:7: note: 'HostAnalyticsService' declared here
class HostAnalyticsService: ObservableObject {
      ^

SwiftCompile normal arm64 Compiling\ FontConfiguration.swift,\ FriendsManager.swift,\ FriendsView.swift,\ UserTrackingService.swift,\ RSVPLogSheet.swift,\ AdvancedSentimentService.swift,\ VisibilitySettingsView.swift,\ GlassComponents.swift,\ GeminiAIService.swift,\ SmoothAnimationService.swift,\ WeatherService.swift /Users/aleks/Desktop/PlanItApp/PlanItApp/FontConfiguration.swift /Users/aleks/Desktop/PlanItApp/PlanItApp/FriendsManager.swift /Users/aleks/Desktop/PlanItApp/PlanItApp/FriendsView.swift /Users/aleks/Desktop/PlanItApp/PlanItApp/UserTrackingService.swift /Users/aleks/Desktop/PlanItApp/PlanItApp/Sheets/RSVPLogSheet.swift /Users/aleks/Desktop/PlanItApp/PlanItApp/AdvancedSentimentService.swift /Users/aleks/Desktop/PlanItApp/PlanItApp/VisibilitySettingsView.swift /Users/aleks/Desktop/PlanItApp/PlanItApp/UI/Components/GlassComponents.swift /Users/aleks/Desktop/PlanItApp/PlanItApp/GeminiAIService.swift /Users/aleks/Desktop/PlanItApp/PlanItApp/Services/SmoothAnimationService.swift /Users/aleks/Desktop/PlanItApp/PlanItApp/WeatherService.swift (in target 'PlanItApp' from project 'PlanItApp')

SwiftCompile normal arm64 /Users/aleks/Desktop/PlanItApp/PlanItApp/FontConfiguration.swift (in target 'PlanItApp' from project 'PlanItApp')
    cd /Users/aleks/Desktop/PlanItApp
    

SwiftCompile normal arm64 /Users/aleks/Desktop/PlanItApp/PlanItApp/FriendsManager.swift (in target 'PlanItApp' from project 'PlanItApp')
    cd /Users/aleks/Desktop/PlanItApp
    

SwiftCompile normal arm64 /Users/aleks/Desktop/PlanItApp/PlanItApp/FriendsView.swift (in target 'PlanItApp' from project 'PlanItApp')
    cd /Users/aleks/Desktop/PlanItApp
    

SwiftCompile normal arm64 /Users/aleks/Desktop/PlanItApp/PlanItApp/UserTrackingService.swift (in target 'PlanItApp' from project 'PlanItApp')
    cd /Users/aleks/Desktop/PlanItApp
    

SwiftCompile normal arm64 /Users/aleks/Desktop/PlanItApp/PlanItApp/Sheets/RSVPLogSheet.swift (in target 'PlanItApp' from project 'PlanItApp')
    cd /Users/aleks/Desktop/PlanItApp
    

SwiftCompile normal arm64 /Users/aleks/Desktop/PlanItApp/PlanItApp/AdvancedSentimentService.swift (in target 'PlanItApp' from project 'PlanItApp')
    cd /Users/aleks/Desktop/PlanItApp
    

SwiftCompile normal arm64 /Users/aleks/Desktop/PlanItApp/PlanItApp/VisibilitySettingsView.swift (in target 'PlanItApp' from project 'PlanItApp')
    cd /Users/aleks/Desktop/PlanItApp
    

SwiftCompile normal arm64 /Users/aleks/Desktop/PlanItApp/PlanItApp/UI/Components/GlassComponents.swift (in target 'PlanItApp' from project 'PlanItApp')
    cd /Users/aleks/Desktop/PlanItApp
    

SwiftCompile normal arm64 /Users/aleks/Desktop/PlanItApp/PlanItApp/GeminiAIService.swift (in target 'PlanItApp' from project 'PlanItApp')
    cd /Users/aleks/Desktop/PlanItApp
    

SwiftCompile normal arm64 /Users/aleks/Desktop/PlanItApp/PlanItApp/Services/SmoothAnimationService.swift (in target 'PlanItApp' from project 'PlanItApp')
    cd /Users/aleks/Desktop/PlanItApp
    

SwiftCompile normal arm64 /Users/aleks/Desktop/PlanItApp/PlanItApp/WeatherService.swift (in target 'PlanItApp' from project 'PlanItApp')
    cd /Users/aleks/Desktop/PlanItApp
    

PrecompileModule /Users/aleks/Library/Developer/Xcode/DerivedData/PlanItApp-gkehojshtcbfvhersqwajfujohau/Build/Intermediates.noindex/ExplicitPrecompiledModules/CoreVideo-6WQUQDJRU83WCQOUX7T443W8A.scan
    cd /Users/aleks/Desktop/PlanItApp/PlanItApp.xcodeproj
    builtin-precompileModule /Users/aleks/Library/Developer/Xcode/DerivedData/PlanItApp-gkehojshtcbfvhersqwajfujohau/Build/Intermediates.noindex/ExplicitPrecompiledModules/CoreVideo-6WQUQDJRU83WCQOUX7T443W8A.scan

CompileC /Users/aleks/Library/Developer/Xcode/DerivedData/PlanItApp-gkehojshtcbfvhersqwajfujohau/Build/Intermediates.noindex/Firebase.build/Debug-iphonesimulator/FirebaseCore.build/Objects-normal/arm64/FIRApp.o /Users/aleks/Library/Developer/Xcode/DerivedData/PlanItApp-gkehojshtcbfvhersqwajfujohau/SourcePackages/checkouts/firebase-ios-sdk/FirebaseCore/Sources/FIRApp.m normal arm64 objective-c com.apple.compilers.llvm.clang.1_0.compiler (in target 'FirebaseCore' from project 'Firebase')
    cd /Users/aleks/Desktop/PlanItApp/PlanItApp.xcodeproj
    
    Using response file: /Users/aleks/Library/Developer/Xcode/DerivedData/PlanItApp-gkehojshtcbfvhersqwajfujohau/Build/Intermediates.noindex/Firebase.build/Debug-iphonesimulator/FirebaseCore.build/Objects-normal/arm64/e6072d4f65d7061329687fe24e3d63a7-common-args.resp
    
    /Applications/Xcode.app/Contents/Developer/Toolchains/XcodeDefault.xctoolchain/usr/bin/clang -x objective-c -ivfsstatcache /Users/aleks/Library/Developer/Xcode/DerivedData/SDKStatCaches.noindex/iphonesimulator18.5-22F76-d5fc8ad4295d2ef488fb7d0f804ce0c4.sdkstatcache -fmessage-length\=0 -fdiagnostics-show-note-include-stack -fmacro-backtrace-limit\=0 -fno-color-diagnostics -fmodules-prune-interval\=86400 -fmodules-prune-after\=345600 -fbuild-session-file\=/Users/aleks/Library/Developer/Xcode/DerivedData/ModuleCache.noindex/Session.modulevalidation -fmodules-validate-once-per-build-session -Wnon-modular-include-in-framework-module -Werror\=non-modular-include-in-framework-module -Wno-trigraphs -Wno-missing-field-initializers -Wno-missing-prototypes -Wno-return-type -Wno-implicit-atomic-properties -Wno-objc-interface-ivars -Wno-arc-repeated-use-of-weak -Wno-missing-braces -Wparentheses -Wswitch -Wno-unused-function -Wno-unused-label -Wno-unused-parameter -Wno-unused-variable -Wunused-value -Wno-empty-body -Wno-uninitialized -Wno-unknown-pragmas -w -Wno-shadow -Wno-four-char-constants -Wno-conversion -Wno-constant-conversion -Wno-int-conversion -Wno-bool-conversion -Wno-enum-conversion -Wno-float-conversion -Wno-non-literal-null-conversion -Wno-objc-literal-conversion -Wshorten-64-to-32 -Wpointer-sign -Wno-newline-eof -Wno-selector -Wno-strict-selector-match -Wno-undeclared-selector -Wno-deprecated-implementations -Wno-implicit-fallthrough -fstrict-aliasing -Wprotocol -Wdeprecated-declarations -Wno-sign-conversion -Wno-infinite-recursion -Wno-comma -Wno-block-capture-autoreleasing -Wno-strict-prototypes -Wno-semicolon-before-method-body -index-store-path /Users/aleks/Library/Developer/Xcode/DerivedData/PlanItApp-gkehojshtcbfvhersqwajfujohau/Index.noindex/DataStore @/Users/aleks/Library/Developer/Xcode/DerivedData/PlanItApp-gkehojshtcbfvhersqwajfujohau/Build/Intermediates.noindex/Firebase.build/Debug-iphonesimulator/FirebaseCore.build/Objects-normal/arm64/e6072d4f65d7061329687fe24e3d63a7-common-args.resp -include /Users/aleks/Library/Developer/Xcode/DerivedData/PlanItApp-gkehojshtcbfvhersqwajfujohau/Build/Intermediates.noindex/Firebase.build/Debug-iphonesimulator/FirebaseCore.build/DerivedSources/resource_bundle_accessor.h -MMD -MT dependencies -MF /Users/aleks/Library/Developer/Xcode/DerivedData/PlanItApp-gkehojshtcbfvhersqwajfujohau/Build/Intermediates.noindex/Firebase.build/Debug-iphonesimulator/FirebaseCore.build/Objects-normal/arm64/FIRApp.d --serialize-diagnostics /Users/aleks/Library/Developer/Xcode/DerivedData/PlanItApp-gkehojshtcbfvhersqwajfujohau/Build/Intermediates.noindex/Firebase.build/Debug-iphonesimulator/FirebaseCore.build/Objects-normal/arm64/FIRApp.dia -c /Users/aleks/Library/Developer/Xcode/DerivedData/PlanItApp-gkehojshtcbfvhersqwajfujohau/SourcePackages/checkouts/firebase-ios-sdk/FirebaseCore/Sources/FIRApp.m -o /Users/aleks/Library/Developer/Xcode/DerivedData/PlanItApp-gkehojshtcbfvhersqwajfujohau/Build/Intermediates.noindex/Firebase.build/Debug-iphonesimulator/FirebaseCore.build/Objects-normal/arm64/FIRApp.o -index-unit-output-path /Firebase.build/Debug-iphonesimulator/FirebaseCore.build/Objects-normal/arm64/FIRApp.o

PrecompileModule /Users/aleks/Library/Developer/Xcode/DerivedData/PlanItApp-gkehojshtcbfvhersqwajfujohau/Build/Intermediates.noindex/ExplicitPrecompiledModules/CoreMedia-D3INZ3LCLCYW0Q4SFX4WYHO1I.scan
    cd /Users/aleks/Desktop/PlanItApp/PlanItApp.xcodeproj
    builtin-precompileModule /Users/aleks/Library/Developer/Xcode/DerivedData/PlanItApp-gkehojshtcbfvhersqwajfujohau/Build/Intermediates.noindex/ExplicitPrecompiledModules/CoreMedia-D3INZ3LCLCYW0Q4SFX4WYHO1I.scan

Ld /Users/aleks/Library/Developer/Xcode/DerivedData/PlanItApp-gkehojshtcbfvhersqwajfujohau/Build/Products/Debug-iphonesimulator/FirebaseCore.o normal (in target 'FirebaseCore' from project 'Firebase')
    cd /Users/aleks/Library/Developer/Xcode/DerivedData/PlanItApp-gkehojshtcbfvhersqwajfujohau/SourcePackages/checkouts/firebase-ios-sdk
    /Applications/Xcode.app/Contents/Developer/Toolchains/XcodeDefault.xctoolchain/usr/bin/clang -Xlinker -reproducible -target arm64-apple-ios12.0-simulator -r -isysroot /Applications/Xcode.app/Contents/Developer/Platforms/iPhoneSimulator.platform/Developer/SDKs/iPhoneSimulator18.5.sdk -O0 -w -L/Users/aleks/Library/Developer/Xcode/DerivedData/PlanItApp-gkehojshtcbfvhersqwajfujohau/Build/Intermediates.noindex/EagerLinkingTBDs/Debug-iphonesimulator -L/Users/aleks/Library/Developer/Xcode/DerivedData/PlanItApp-gkehojshtcbfvhersqwajfujohau/Build/Products/Debug-iphonesimulator -L/Applications/Xcode.app/Contents/Developer/Platforms/iPhoneSimulator.platform/Developer/usr/lib -F/Users/aleks/Library/Developer/Xcode/DerivedData/PlanItApp-gkehojshtcbfvhersqwajfujohau/Build/Intermediates.noindex/EagerLinkingTBDs/Debug-iphonesimulator -F/Users/aleks/Library/Developer/Xcode/DerivedData/PlanItApp-gkehojshtcbfvhersqwajfujohau/Build/Products/Debug-iphonesimulator/PackageFrameworks -F/Users/aleks/Library/Developer/Xcode/DerivedData/PlanItApp-gkehojshtcbfvhersqwajfujohau/Build/Products/Debug-iphonesimulator/PackageFrameworks -F/Users/aleks/Library/Developer/Xcode/DerivedData/PlanItApp-gkehojshtcbfvhersqwajfujohau/Build/Products/Debug-iphonesimulator/PackageFrameworks -F/Users/aleks/Library/Developer/Xcode/DerivedData/PlanItApp-gkehojshtcbfvhersqwajfujohau/Build/Products/Debug-iphonesimulator/PackageFrameworks -F/Users/aleks/Library/Developer/Xcode/DerivedData/PlanItApp-gkehojshtcbfvhersqwajfujohau/Build/Products/Debug-iphonesimulator/PackageFrameworks -F/Users/aleks/Library/Developer/Xcode/DerivedData/PlanItApp-gkehojshtcbfvhersqwajfujohau/Build/Products/Debug-iphonesimulator/PackageFrameworks -F/Users/aleks/Library/Developer/Xcode/DerivedData/PlanItApp-gkehojshtcbfvhersqwajfujohau/Build/Products/Debug-iphonesimulator -iframework /Applications/Xcode.app/Contents/Developer/Platforms/iPhoneSimulator.platform/Developer/Library/Frameworks -iframework /Applications/Xcode.app/Contents/Developer/Platforms/iPhoneSimulator.platform/Developer/SDKs/iPhoneSimulator18.5.sdk/Developer/Library/Frameworks -filelist /Users/aleks/Library/Developer/Xcode/DerivedData/PlanItApp-gkehojshtcbfvhersqwajfujohau/Build/Intermediates.noindex/Firebase.build/Debug-iphonesimulator/FirebaseCore.build/Objects-normal/arm64/FirebaseCore.LinkFileList -nostdlib -Xlinker -object_path_lto -Xlinker /Users/aleks/Library/Developer/Xcode/DerivedData/PlanItApp-gkehojshtcbfvhersqwajfujohau/Build/Intermediates.noindex/Firebase.build/Debug-iphonesimulator/FirebaseCore.build/Objects-normal/arm64/FirebaseCore_lto.o -rdynamic -Xlinker -no_deduplicate -Xlinker -objc_abi_version -Xlinker 2 -Xlinker -debug_variant -Xlinker -dependency_info -Xlinker /Users/aleks/Library/Developer/Xcode/DerivedData/PlanItApp-gkehojshtcbfvhersqwajfujohau/Build/Intermediates.noindex/Firebase.build/Debug-iphonesimulator/FirebaseCore.build/Objects-normal/arm64/FirebaseCore_dependency_info.dat -fobjc-arc -fobjc-link-runtime -o /Users/aleks/Library/Developer/Xcode/DerivedData/PlanItApp-gkehojshtcbfvhersqwajfujohau/Build/Products/Debug-iphonesimulator/FirebaseCore.o

PrecompileModule /Users/aleks/Library/Developer/Xcode/DerivedData/PlanItApp-gkehojshtcbfvhersqwajfujohau/Build/Intermediates.noindex/ExplicitPrecompiledModules/QuartzCore-9U4DWVKM9RF8TYQ6H6CBROU9R.scan
    cd /Users/aleks/Desktop/PlanItApp/PlanItApp.xcodeproj
    builtin-precompileModule /Users/aleks/Library/Developer/Xcode/DerivedData/PlanItApp-gkehojshtcbfvhersqwajfujohau/Build/Intermediates.noindex/ExplicitPrecompiledModules/QuartzCore-9U4DWVKM9RF8TYQ6H6CBROU9R.scan

SwiftDriverJobDiscovery normal arm64 Compiling resource_bundle_accessor.swift, ActionCodeInfo.swift, ActionCodeOperation.swift, ActionCodeSettings.swift, ActionCodeURL.swift, Auth.swift, AuthComponent.swift, AuthDataResult.swift, AuthDispatcher.swift, AuthGlobalWorkQueue.swift, AuthOperationType.swift, AuthSettings.swift, AuthTokenResult.swift, AuthCredential.swift (in target 'FirebaseAuth' from project 'Firebase')

PrecompileModule /Users/aleks/Library/Developer/Xcode/DerivedData/PlanItApp-gkehojshtcbfvhersqwajfujohau/Build/Intermediates.noindex/ExplicitPrecompiledModules/CoreImage-EQQJDRL3HAOU4YHJ3HFVJIA7M.scan
    cd /Users/aleks/Desktop/PlanItApp/PlanItApp.xcodeproj
    builtin-precompileModule /Users/aleks/Library/Developer/Xcode/DerivedData/PlanItApp-gkehojshtcbfvhersqwajfujohau/Build/Intermediates.noindex/ExplicitPrecompiledModules/CoreImage-EQQJDRL3HAOU4YHJ3HFVJIA7M.scan

SwiftCompile normal arm64 Compiling\ ModernUIComponents.swift,\ UserPartiesView.swift,\ DistanceCalculator.swift,\ DynamicCategoryManager.swift,\ EnhancedLeaderboardScreen.swift,\ EnhancedMissionCard.swift,\ EnhancedMissionDetailView.swift,\ EnhancedOnboardingView.swift,\ EventPlannerView.swift,\ FavoritesView.swift,\ FirebaseConfig.swift,\ FirestoreService.swift /Users/aleks/Desktop/PlanItApp/PlanItApp/ModernUIComponents.swift /Users/aleks/Desktop/PlanItApp/PlanItApp/UserPartiesView.swift /Users/aleks/Desktop/PlanItApp/PlanItApp/DistanceCalculator.swift /Users/aleks/Desktop/PlanItApp/PlanItApp/DynamicCategoryManager.swift /Users/aleks/Desktop/PlanItApp/PlanItApp/EnhancedLeaderboardScreen.swift /Users/aleks/Desktop/PlanItApp/PlanItApp/EnhancedMissionCard.swift /Users/aleks/Desktop/PlanItApp/PlanItApp/EnhancedMissionDetailView.swift /Users/aleks/Desktop/PlanItApp/PlanItApp/EnhancedOnboardingView.swift /Users/aleks/Desktop/PlanItApp/PlanItApp/EventPlannerView.swift /Users/aleks/Desktop/PlanItApp/PlanItApp/FavoritesView.swift /Users/aleks/Desktop/PlanItApp/PlanItApp/FirebaseConfig.swift /Users/aleks/Desktop/PlanItApp/PlanItApp/FirestoreService.swift (in target 'PlanItApp' from project 'PlanItApp')
SwiftCompile normal arm64 /Users/aleks/Desktop/PlanItApp/PlanItApp/ModernUIComponents.swift (in target 'PlanItApp' from project 'PlanItApp')
    cd /Users/aleks/Desktop/PlanItApp
    

SwiftCompile normal arm64 /Users/aleks/Desktop/PlanItApp/PlanItApp/UserPartiesView.swift (in target 'PlanItApp' from project 'PlanItApp')
    cd /Users/aleks/Desktop/PlanItApp
    

SwiftCompile normal arm64 /Users/aleks/Desktop/PlanItApp/PlanItApp/DistanceCalculator.swift (in target 'PlanItApp' from project 'PlanItApp')
    cd /Users/aleks/Desktop/PlanItApp
    

SwiftCompile normal arm64 /Users/aleks/Desktop/PlanItApp/PlanItApp/DynamicCategoryManager.swift (in target 'PlanItApp' from project 'PlanItApp')
    cd /Users/aleks/Desktop/PlanItApp
    

SwiftCompile normal arm64 /Users/aleks/Desktop/PlanItApp/PlanItApp/EnhancedLeaderboardScreen.swift (in target 'PlanItApp' from project 'PlanItApp')
    cd /Users/aleks/Desktop/PlanItApp
    

SwiftCompile normal arm64 /Users/aleks/Desktop/PlanItApp/PlanItApp/EnhancedMissionCard.swift (in target 'PlanItApp' from project 'PlanItApp')
    cd /Users/aleks/Desktop/PlanItApp
    

SwiftCompile normal arm64 /Users/aleks/Desktop/PlanItApp/PlanItApp/EnhancedMissionDetailView.swift (in target 'PlanItApp' from project 'PlanItApp')
    cd /Users/aleks/Desktop/PlanItApp
    

SwiftCompile normal arm64 /Users/aleks/Desktop/PlanItApp/PlanItApp/EnhancedOnboardingView.swift (in target 'PlanItApp' from project 'PlanItApp')
    cd /Users/aleks/Desktop/PlanItApp
    

SwiftCompile normal arm64 /Users/aleks/Desktop/PlanItApp/PlanItApp/EventPlannerView.swift (in target 'PlanItApp' from project 'PlanItApp')
    cd /Users/aleks/Desktop/PlanItApp
    

SwiftCompile normal arm64 /Users/aleks/Desktop/PlanItApp/PlanItApp/FavoritesView.swift (in target 'PlanItApp' from project 'PlanItApp')
    cd /Users/aleks/Desktop/PlanItApp
    

SwiftCompile normal arm64 /Users/aleks/Desktop/PlanItApp/PlanItApp/FirebaseConfig.swift (in target 'PlanItApp' from project 'PlanItApp')
    cd /Users/aleks/Desktop/PlanItApp
    

SwiftCompile normal arm64 /Users/aleks/Desktop/PlanItApp/PlanItApp/FirestoreService.swift (in target 'PlanItApp' from project 'PlanItApp')
    cd /Users/aleks/Desktop/PlanItApp
    

SwiftCompile normal arm64 Compiling\ PartiesView.swift,\ PartyCreationView.swift,\ PartyDetailView.swift,\ PartyManager.swift,\ Persistence.swift,\ PlaceDataService.swift,\ PlaceDetailView.swift,\ UpdatedProfileView.swift,\ MyRSVPsView.swift,\ NewCustomersSheet.swift,\ RevenueLogSheet.swift,\ UserFingerprintManager.swift /Users/aleks/Desktop/PlanItApp/PlanItApp/PartiesView.swift /Users/aleks/Desktop/PlanItApp/PlanItApp/PartyCreationView.swift /Users/aleks/Desktop/PlanItApp/PlanItApp/PartyDetailView.swift /Users/aleks/Desktop/PlanItApp/PlanItApp/PartyManager.swift /Users/aleks/Desktop/PlanItApp/PlanItApp/Persistence.swift /Users/aleks/Desktop/PlanItApp/PlanItApp/PlaceDataService.swift /Users/aleks/Desktop/PlanItApp/PlanItApp/PlaceDetailView.swift /Users/aleks/Desktop/PlanItApp/PlanItApp/UpdatedProfileView.swift /Users/aleks/Desktop/PlanItApp/PlanItApp/MyRSVPsView.swift /Users/aleks/Desktop/PlanItApp/PlanItApp/Sheets/NewCustomersSheet.swift /Users/aleks/Desktop/PlanItApp/PlanItApp/Sheets/RevenueLogSheet.swift /Users/aleks/Desktop/PlanItApp/PlanItApp/UserFingerprintManager.swift (in target 'PlanItApp' from project 'PlanItApp')

SwiftCompile normal arm64 /Users/aleks/Desktop/PlanItApp/PlanItApp/PartiesView.swift (in target 'PlanItApp' from project 'PlanItApp')
    cd /Users/aleks/Desktop/PlanItApp
    

SwiftCompile normal arm64 /Users/aleks/Desktop/PlanItApp/PlanItApp/PartyCreationView.swift (in target 'PlanItApp' from project 'PlanItApp')
    cd /Users/aleks/Desktop/PlanItApp
    

SwiftCompile normal arm64 /Users/aleks/Desktop/PlanItApp/PlanItApp/PartyDetailView.swift (in target 'PlanItApp' from project 'PlanItApp')
    cd /Users/aleks/Desktop/PlanItApp
    

SwiftCompile normal arm64 /Users/aleks/Desktop/PlanItApp/PlanItApp/PartyManager.swift (in target 'PlanItApp' from project 'PlanItApp')
    cd /Users/aleks/Desktop/PlanItApp
    

SwiftCompile normal arm64 /Users/aleks/Desktop/PlanItApp/PlanItApp/Persistence.swift (in target 'PlanItApp' from project 'PlanItApp')
    cd /Users/aleks/Desktop/PlanItApp
    

SwiftCompile normal arm64 /Users/aleks/Desktop/PlanItApp/PlanItApp/PlaceDataService.swift (in target 'PlanItApp' from project 'PlanItApp')
    cd /Users/aleks/Desktop/PlanItApp
    

SwiftCompile normal arm64 /Users/aleks/Desktop/PlanItApp/PlanItApp/PlaceDetailView.swift (in target 'PlanItApp' from project 'PlanItApp')
    cd /Users/aleks/Desktop/PlanItApp
    

SwiftCompile normal arm64 /Users/aleks/Desktop/PlanItApp/PlanItApp/UpdatedProfileView.swift (in target 'PlanItApp' from project 'PlanItApp')
    cd /Users/aleks/Desktop/PlanItApp
    

SwiftCompile normal arm64 /Users/aleks/Desktop/PlanItApp/PlanItApp/MyRSVPsView.swift (in target 'PlanItApp' from project 'PlanItApp')
    cd /Users/aleks/Desktop/PlanItApp
    

SwiftCompile normal arm64 /Users/aleks/Desktop/PlanItApp/PlanItApp/Sheets/NewCustomersSheet.swift (in target 'PlanItApp' from project 'PlanItApp')
    cd /Users/aleks/Desktop/PlanItApp
    

SwiftCompile normal arm64 /Users/aleks/Desktop/PlanItApp/PlanItApp/Sheets/RevenueLogSheet.swift (in target 'PlanItApp' from project 'PlanItApp')
    cd /Users/aleks/Desktop/PlanItApp
    

SwiftCompile normal arm64 /Users/aleks/Desktop/PlanItApp/PlanItApp/UserFingerprintManager.swift (in target 'PlanItApp' from project 'PlanItApp')
    cd /Users/aleks/Desktop/PlanItApp
    

PrecompileModule /Users/aleks/Library/Developer/Xcode/DerivedData/PlanItApp-gkehojshtcbfvhersqwajfujohau/Build/Intermediates.noindex/ExplicitPrecompiledModules/UIKit-3RLLST71Q4H9EQEL2N4O87YPL.scan
    cd /Users/aleks/Desktop/PlanItApp/PlanItApp.xcodeproj
    builtin-precompileModule /Users/aleks/Library/Developer/Xcode/DerivedData/PlanItApp-gkehojshtcbfvhersqwajfujohau/Build/Intermediates.noindex/ExplicitPrecompiledModules/UIKit-3RLLST71Q4H9EQEL2N4O87YPL.scan

** BUILD FAILED **


The following build commands failed:
	SwiftEmitModule normal arm64 Emitting\ module\ for\ PlanItApp (in target 'PlanItApp' from project 'PlanItApp')
	EmitSwiftModule normal arm64 (in target 'PlanItApp' from project 'PlanItApp')
	Building project PlanItApp with scheme PlanItApp
(3 failures)
